[2025-05-18T20:58:03.760+0300][8224][25168][info][gc,init] Initializing The Z Garbage Collector
[2025-05-18T20:58:03.760+0300][8224][25168][info][gc,init] Version: 21.0.6+8-LTS-188 (release)
[2025-05-18T20:58:03.760+0300][8224][25168][info][gc,init] Using legacy single-generation mode
[2025-05-18T20:58:03.760+0300][8224][25168][info][gc,init] NUMA Support: Disabled
[2025-05-18T20:58:03.760+0300][8224][25168][info][gc,init] CPUs: 8 total, 8 available
[2025-05-18T20:58:03.761+0300][8224][25168][info][gc,init] Memory: 16183M
[2025-05-18T20:58:03.761+0300][8224][25168][info][gc,init] Large Page Support: Disabled
[2025-05-18T20:58:03.761+0300][8224][25168][info][gc,init] GC Workers: 2 (dynamic)
[2025-05-18T20:58:03.761+0300][8224][25168][info][gc,init] Address Space Type: Contiguous/Unrestricted/Complete
[2025-05-18T20:58:03.761+0300][8224][25168][info][gc,init] Address Space Size: 196608M x 3 = 589824M
[2025-05-18T20:58:03.762+0300][8224][25168][info][gc,init] Min Capacity: 12288M
[2025-05-18T20:58:03.762+0300][8224][25168][info][gc,init] Initial Capacity: 12288M
[2025-05-18T20:58:03.762+0300][8224][25168][info][gc,init] Max Capacity: 12288M
[2025-05-18T20:58:03.762+0300][8224][25168][info][gc,init] Medium Page Size: 32M
[2025-05-18T20:58:03.762+0300][8224][25168][info][gc,init] Pre-touch: Disabled
[2025-05-18T20:58:03.762+0300][8224][25168][info][gc,init] Uncommit: Implicitly Disabled (-Xms equals -Xmx)
[2025-05-18T20:58:04.077+0300][8224][25168][info][gc,init] Runtime Workers: 5
[2025-05-18T20:58:04.078+0300][8224][25168][info][gc     ] Using The Z Garbage Collector
[2025-05-18T20:58:04.097+0300][8224][25168][info][gc,metaspace] CDS archive(s) mapped at: [0x0000019249000000-0x0000019249c90000-0x0000019249c90000), size 13172736, SharedBaseAddress: 0x0000019249000000, ArchiveRelocationMode: 1.
[2025-05-18T20:58:04.097+0300][8224][25168][info][gc,metaspace] Compressed class space mapped at: 0x000001924a000000-0x000001928a000000, reserved size: 1073741824
[2025-05-18T20:58:04.097+0300][8224][25168][info][gc,metaspace] Narrow klass base: 0x0000019249000000, Narrow klass shift: 0, Narrow klass range: 0x100000000
[2025-05-18T20:58:08.399+0300][8224][10156][info][gc,start    ] GC(0) Garbage Collection (System.gc())
[2025-05-18T20:58:08.399+0300][8224][10156][info][gc,task     ] GC(0) Using 2 workers
[2025-05-18T20:58:08.400+0300][8224][23060][info][gc,phases   ] GC(0) Pause Mark Start 0.007ms
[2025-05-18T20:58:08.423+0300][8224][10156][info][gc,phases   ] GC(0) Concurrent Mark 22.536ms
[2025-05-18T20:58:08.423+0300][8224][23060][info][gc,phases   ] GC(0) Pause Mark End 0.027ms
[2025-05-18T20:58:08.423+0300][8224][10156][info][gc,phases   ] GC(0) Concurrent Mark Free 0.001ms
[2025-05-18T20:58:08.427+0300][8224][10156][info][gc,phases   ] GC(0) Concurrent Process Non-Strong References 3.950ms
[2025-05-18T20:58:08.427+0300][8224][10156][info][gc,phases   ] GC(0) Concurrent Reset Relocation Set 0.000ms
[2025-05-18T20:58:08.432+0300][8224][10156][info][gc,phases   ] GC(0) Concurrent Select Relocation Set 5.181ms
[2025-05-18T20:58:08.433+0300][8224][23060][info][gc,phases   ] GC(0) Pause Relocate Start 0.339ms
[2025-05-18T20:58:08.438+0300][8224][10156][info][gc,phases   ] GC(0) Concurrent Relocate 5.216ms
[2025-05-18T20:58:08.438+0300][8224][10156][info][gc,load     ] GC(0) Load: 0.00/0.00/0.00
[2025-05-18T20:58:08.438+0300][8224][10156][info][gc,mmu      ] GC(0) MMU: 2ms/83.1%, 5ms/93.2%, 10ms/96.3%, 20ms/98.2%, 50ms/99.3%, 100ms/99.6%
[2025-05-18T20:58:08.438+0300][8224][10156][info][gc,marking  ] GC(0) Mark: 2 stripe(s), 1 proactive flush(es), 1 terminate flush(es), 0 completion(s), 0 continuation(s) 
[2025-05-18T20:58:08.438+0300][8224][10156][info][gc,marking  ] GC(0) Mark Stack Usage: 32M
[2025-05-18T20:58:08.438+0300][8224][10156][info][gc,nmethod  ] GC(0) NMethods: 2813 registered, 582 unregistered
[2025-05-18T20:58:08.438+0300][8224][10156][info][gc,metaspace] GC(0) Metaspace: 15M used, 15M committed, 1088M reserved
[2025-05-18T20:58:08.438+0300][8224][10156][info][gc,ref      ] GC(0) Soft: 3854 encountered, 0 discovered, 0 enqueued
[2025-05-18T20:58:08.438+0300][8224][10156][info][gc,ref      ] GC(0) Weak: 2628 encountered, 1129 discovered, 786 enqueued
[2025-05-18T20:58:08.438+0300][8224][10156][info][gc,ref      ] GC(0) Final: 3 encountered, 3 discovered, 0 enqueued
[2025-05-18T20:58:08.438+0300][8224][10156][info][gc,ref      ] GC(0) Phantom: 917 encountered, 841 discovered, 678 enqueued
[2025-05-18T20:58:08.438+0300][8224][10156][info][gc,reloc    ] GC(0) Small Pages: 96 / 192M, Empty: 0M, Relocated: 11M, In-Place: 0
[2025-05-18T20:58:08.438+0300][8224][10156][info][gc,reloc    ] GC(0) Medium Pages: 0 / 0M, Empty: 0M, Relocated: 0M, In-Place: 0
[2025-05-18T20:58:08.438+0300][8224][10156][info][gc,reloc    ] GC(0) Large Pages: 0 / 0M, Empty: 0M, Relocated: 0M, In-Place: 0
[2025-05-18T20:58:08.438+0300][8224][10156][info][gc,reloc    ] GC(0) Forwarding Usage: 4M
[2025-05-18T20:58:08.438+0300][8224][10156][info][gc,heap     ] GC(0) Min Capacity: 12288M(100%)
[2025-05-18T20:58:08.438+0300][8224][10156][info][gc,heap     ] GC(0) Max Capacity: 12288M(100%)
[2025-05-18T20:58:08.438+0300][8224][10156][info][gc,heap     ] GC(0) Soft Max Capacity: 12288M(100%)
[2025-05-18T20:58:08.438+0300][8224][10156][info][gc,heap     ] GC(0)                Mark Start          Mark End        Relocate Start      Relocate End           High               Low         
[2025-05-18T20:58:08.438+0300][8224][10156][info][gc,heap     ] GC(0)  Capacity:    12288M (100%)      12288M (100%)      12288M (100%)      12288M (100%)      12288M (100%)      12288M (100%)   
[2025-05-18T20:58:08.438+0300][8224][10156][info][gc,heap     ] GC(0)      Free:    12096M (98%)       12096M (98%)       12092M (98%)       12264M (100%)      12264M (100%)      12084M (98%)    
[2025-05-18T20:58:08.438+0300][8224][10156][info][gc,heap     ] GC(0)      Used:      192M (2%)          192M (2%)          196M (2%)           24M (0%)          204M (2%)           24M (0%)     
[2025-05-18T20:58:08.438+0300][8224][10156][info][gc,heap     ] GC(0)      Live:         -                11M (0%)           11M (0%)           11M (0%)             -                  -          
[2025-05-18T20:58:08.438+0300][8224][10156][info][gc,heap     ] GC(0) Allocated:         -                 0M (0%)            4M (0%)            9M (0%)             -                  -          
[2025-05-18T20:58:08.438+0300][8224][10156][info][gc,heap     ] GC(0)   Garbage:         -               180M (1%)          180M (1%)            2M (0%)             -                  -          
[2025-05-18T20:58:08.439+0300][8224][10156][info][gc,heap     ] GC(0) Reclaimed:         -                  -                 0M (0%)          177M (1%)             -                  -          
[2025-05-18T20:58:08.439+0300][8224][10156][info][gc          ] GC(0) Garbage Collection (System.gc()) 192M(2%)->24M(0%)
[2025-05-18T20:58:09.300+0300][8224][10156][info][gc,start    ] GC(1) Garbage Collection (Metadata GC Threshold)
[2025-05-18T20:58:09.301+0300][8224][10156][info][gc,task     ] GC(1) Using 2 workers
[2025-05-18T20:58:09.301+0300][8224][23060][info][gc,phases   ] GC(1) Pause Mark Start 0.008ms
[2025-05-18T20:58:09.352+0300][8224][10156][info][gc,phases   ] GC(1) Concurrent Mark 50.687ms
[2025-05-18T20:58:09.352+0300][8224][23060][info][gc,phases   ] GC(1) Pause Mark End 0.011ms
[2025-05-18T20:58:09.352+0300][8224][10156][info][gc,phases   ] GC(1) Concurrent Mark Free 0.001ms
[2025-05-18T20:58:09.357+0300][8224][10156][info][gc,phases   ] GC(1) Concurrent Process Non-Strong References 4.606ms
[2025-05-18T20:58:09.357+0300][8224][10156][info][gc,phases   ] GC(1) Concurrent Reset Relocation Set 0.004ms
[2025-05-18T20:58:09.359+0300][8224][10156][info][gc,phases   ] GC(1) Concurrent Select Relocation Set 2.272ms
[2025-05-18T20:58:09.359+0300][8224][23060][info][gc,phases   ] GC(1) Pause Relocate Start 0.007ms
[2025-05-18T20:58:09.361+0300][8224][10156][info][gc,phases   ] GC(1) Concurrent Relocate 1.973ms
[2025-05-18T20:58:09.361+0300][8224][10156][info][gc,load     ] GC(1) Load: 0.00/0.00/0.00
[2025-05-18T20:58:09.361+0300][8224][10156][info][gc,mmu      ] GC(1) MMU: 2ms/83.1%, 5ms/93.2%, 10ms/96.3%, 20ms/98.2%, 50ms/99.3%, 100ms/99.6%
[2025-05-18T20:58:09.361+0300][8224][10156][info][gc,marking  ] GC(1) Mark: 2 stripe(s), 2 proactive flush(es), 1 terminate flush(es), 0 completion(s), 0 continuation(s) 
[2025-05-18T20:58:09.361+0300][8224][10156][info][gc,marking  ] GC(1) Mark Stack Usage: 32M
[2025-05-18T20:58:09.361+0300][8224][10156][info][gc,nmethod  ] GC(1) NMethods: 3426 registered, 760 unregistered
[2025-05-18T20:58:09.361+0300][8224][10156][info][gc,metaspace] GC(1) Metaspace: 25M used, 26M committed, 1088M reserved
[2025-05-18T20:58:09.361+0300][8224][10156][info][gc,ref      ] GC(1) Soft: 4008 encountered, 0 discovered, 0 enqueued
[2025-05-18T20:58:09.361+0300][8224][10156][info][gc,ref      ] GC(1) Weak: 2348 encountered, 643 discovered, 166 enqueued
[2025-05-18T20:58:09.361+0300][8224][10156][info][gc,ref      ] GC(1) Final: 3 encountered, 1 discovered, 0 enqueued
[2025-05-18T20:58:09.361+0300][8224][10156][info][gc,ref      ] GC(1) Phantom: 332 encountered, 241 discovered, 61 enqueued
[2025-05-18T20:58:09.361+0300][8224][10156][info][gc,reloc    ] GC(1) Small Pages: 76 / 152M, Empty: 32M, Relocated: 4M, In-Place: 0
[2025-05-18T20:58:09.361+0300][8224][10156][info][gc,reloc    ] GC(1) Medium Pages: 1 / 32M, Empty: 0M, Relocated: 0M, In-Place: 0
[2025-05-18T20:58:09.361+0300][8224][10156][info][gc,reloc    ] GC(1) Large Pages: 0 / 0M, Empty: 0M, Relocated: 0M, In-Place: 0
[2025-05-18T20:58:09.361+0300][8224][10156][info][gc,reloc    ] GC(1) Forwarding Usage: 1M
[2025-05-18T20:58:09.361+0300][8224][10156][info][gc,heap     ] GC(1) Min Capacity: 12288M(100%)
[2025-05-18T20:58:09.361+0300][8224][10156][info][gc,heap     ] GC(1) Max Capacity: 12288M(100%)
[2025-05-18T20:58:09.361+0300][8224][10156][info][gc,heap     ] GC(1) Soft Max Capacity: 12288M(100%)
[2025-05-18T20:58:09.361+0300][8224][10156][info][gc,heap     ] GC(1)                Mark Start          Mark End        Relocate Start      Relocate End           High               Low         
[2025-05-18T20:58:09.361+0300][8224][10156][info][gc,heap     ] GC(1)  Capacity:    12288M (100%)      12288M (100%)      12288M (100%)      12288M (100%)      12288M (100%)      12288M (100%)   
[2025-05-18T20:58:09.361+0300][8224][10156][info][gc,heap     ] GC(1)      Free:    12104M (99%)       12098M (98%)       12128M (99%)       12226M (99%)       12226M (99%)       12096M (98%)    
[2025-05-18T20:58:09.362+0300][8224][10156][info][gc,heap     ] GC(1)      Used:      184M (1%)          190M (2%)          160M (1%)           62M (1%)          192M (2%)           62M (1%)     
[2025-05-18T20:58:09.362+0300][8224][10156][info][gc,heap     ] GC(1)      Live:         -                16M (0%)           16M (0%)           16M (0%)             -                  -          
[2025-05-18T20:58:09.362+0300][8224][10156][info][gc,heap     ] GC(1) Allocated:         -                 6M (0%)            8M (0%)            9M (0%)             -                  -          
[2025-05-18T20:58:09.362+0300][8224][10156][info][gc,heap     ] GC(1)   Garbage:         -               167M (1%)          135M (1%)           35M (0%)             -                  -          
[2025-05-18T20:58:09.362+0300][8224][10156][info][gc,heap     ] GC(1) Reclaimed:         -                  -                32M (0%)          131M (1%)             -                  -          
[2025-05-18T20:58:09.362+0300][8224][10156][info][gc          ] GC(1) Garbage Collection (Metadata GC Threshold) 184M(1%)->62M(1%)
[2025-05-18T20:58:14.110+0300][8224][1648 ][info][gc,stats    ] === Garbage Collection Statistics =======================================================================================================================
[2025-05-18T20:58:14.110+0300][8224][1648 ][info][gc,stats    ]                                                              Last 10s              Last 10m              Last 10h                Total
[2025-05-18T20:58:14.110+0300][8224][1648 ][info][gc,stats    ]                                                              Avg / Max             Avg / Max             Avg / Max             Avg / Max
[2025-05-18T20:58:14.110+0300][8224][1648 ][info][gc,stats    ]   Collector: Garbage Collection Cycle                     49.450 / 60.626       49.450 / 60.626       49.450 / 60.626       49.450 / 60.626      ms
[2025-05-18T20:58:14.110+0300][8224][1648 ][info][gc,stats    ]  Contention: Mark Segment Reset Contention                     0 / 0                 0 / 0                 0 / 0                 0 / 0           ops/s
[2025-05-18T20:58:14.110+0300][8224][1648 ][info][gc,stats    ]  Contention: Mark SeqNum Reset Contention                      0 / 0                 0 / 0                 0 / 0                 0 / 0           ops/s
[2025-05-18T20:58:14.110+0300][8224][1648 ][info][gc,stats    ]    Critical: Allocation Stall                                  0 / 0                 0 / 0                 0 / 0                 0 / 0           ops/s
[2025-05-18T20:58:14.110+0300][8224][1648 ][info][gc,stats    ]    Critical: Allocation Stall                              0.000 / 0.000         0.000 / 0.000         0.000 / 0.000         0.000 / 0.000       ms
[2025-05-18T20:58:14.110+0300][8224][1648 ][info][gc,stats    ]    Critical: GC Locker Stall                                   0 / 0                 0 / 0                 0 / 0                 0 / 0           ops/s
[2025-05-18T20:58:14.110+0300][8224][1648 ][info][gc,stats    ]    Critical: GC Locker Stall                               0.000 / 0.000         0.000 / 0.000         0.000 / 0.000         0.000 / 0.000       ms
[2025-05-18T20:58:14.110+0300][8224][1648 ][info][gc,stats    ]    Critical: Relocation Stall                                  0 / 0                 0 / 0                 0 / 0                 0 / 0           ops/s
[2025-05-18T20:58:14.110+0300][8224][1648 ][info][gc,stats    ]    Critical: Relocation Stall                              0.000 / 0.000         0.000 / 0.000         0.000 / 0.000         0.000 / 0.000       ms
[2025-05-18T20:58:14.110+0300][8224][1648 ][info][gc,stats    ]      Memory: Allocation Rate                                  64 / 192              64 / 192              64 / 192              64 / 192         MB/s
[2025-05-18T20:58:14.110+0300][8224][1648 ][info][gc,stats    ]      Memory: Defragment                                        0 / 0                 0 / 0                 0 / 0                 0 / 0           ops/s
[2025-05-18T20:58:14.110+0300][8224][1648 ][info][gc,stats    ]      Memory: Out Of Memory                                     0 / 0                 0 / 0                 0 / 0                 0 / 0           ops/s
[2025-05-18T20:58:14.110+0300][8224][1648 ][info][gc,stats    ]      Memory: Page Cache Flush                                  0 / 0                 0 / 0                 0 / 0                 0 / 0           MB/s
[2025-05-18T20:58:14.110+0300][8224][1648 ][info][gc,stats    ]      Memory: Page Cache Hit L1                                16 / 60               16 / 60               16 / 60               16 / 60          ops/s
[2025-05-18T20:58:14.110+0300][8224][1648 ][info][gc,stats    ]      Memory: Page Cache Hit L2                                 0 / 0                 0 / 0                 0 / 0                 0 / 0           ops/s
[2025-05-18T20:58:14.110+0300][8224][1648 ][info][gc,stats    ]      Memory: Page Cache Hit L3                                15 / 33               15 / 33               15 / 33               15 / 33          ops/s
[2025-05-18T20:58:14.110+0300][8224][1648 ][info][gc,stats    ]      Memory: Page Cache Miss                                   0 / 1                 0 / 1                 0 / 1                 0 / 1           ops/s
[2025-05-18T20:58:14.110+0300][8224][1648 ][info][gc,stats    ]      Memory: Uncommit                                          0 / 0                 0 / 0                 0 / 0                 0 / 0           MB/s
[2025-05-18T20:58:14.110+0300][8224][1648 ][info][gc,stats    ]      Memory: Undo Object Allocation Failed                     0 / 0                 0 / 0                 0 / 0                 0 / 0           ops/s
[2025-05-18T20:58:14.110+0300][8224][1648 ][info][gc,stats    ]      Memory: Undo Object Allocation Succeeded                  0 / 0                 0 / 0                 0 / 0                 0 / 0           ops/s
[2025-05-18T20:58:14.110+0300][8224][1648 ][info][gc,stats    ]      Memory: Undo Page Allocation                              0 / 0                 0 / 0                 0 / 0                 0 / 0           ops/s
[2025-05-18T20:58:14.110+0300][8224][1648 ][info][gc,stats    ]       Phase: Concurrent Mark                              36.611 / 50.687       36.611 / 50.687       36.611 / 50.687       36.611 / 50.687      ms
[2025-05-18T20:58:14.110+0300][8224][1648 ][info][gc,stats    ]       Phase: Concurrent Mark Continue                      0.000 / 0.000         0.000 / 0.000         0.000 / 0.000         0.000 / 0.000       ms
[2025-05-18T20:58:14.110+0300][8224][1648 ][info][gc,stats    ]       Phase: Concurrent Mark Free                          0.001 / 0.001         0.001 / 0.001         0.001 / 0.001         0.001 / 0.001       ms
[2025-05-18T20:58:14.110+0300][8224][1648 ][info][gc,stats    ]       Phase: Concurrent Process Non-Strong References      4.278 / 4.606         4.278 / 4.606         4.278 / 4.606         4.278 / 4.606       ms
[2025-05-18T20:58:14.110+0300][8224][1648 ][info][gc,stats    ]       Phase: Concurrent Relocate                           3.594 / 5.216         3.594 / 5.216         3.594 / 5.216         3.594 / 5.216       ms
[2025-05-18T20:58:14.110+0300][8224][1648 ][info][gc,stats    ]       Phase: Concurrent Reset Relocation Set               0.002 / 0.004         0.002 / 0.004         0.002 / 0.004         0.002 / 0.004       ms
[2025-05-18T20:58:14.110+0300][8224][1648 ][info][gc,stats    ]       Phase: Concurrent Select Relocation Set              3.726 / 5.181         3.726 / 5.181         3.726 / 5.181         3.726 / 5.181       ms
[2025-05-18T20:58:14.110+0300][8224][1648 ][info][gc,stats    ]       Phase: Pause Mark End                                0.019 / 0.027         0.019 / 0.027         0.019 / 0.027         0.019 / 0.027       ms
[2025-05-18T20:58:14.110+0300][8224][1648 ][info][gc,stats    ]       Phase: Pause Mark Start                              0.007 / 0.008         0.007 / 0.008         0.007 / 0.008         0.007 / 0.008       ms
[2025-05-18T20:58:14.110+0300][8224][1648 ][info][gc,stats    ]       Phase: Pause Relocate Start                          0.173 / 0.339         0.173 / 0.339         0.173 / 0.339         0.173 / 0.339       ms
[2025-05-18T20:58:14.110+0300][8224][1648 ][info][gc,stats    ]    Subphase: Concurrent Classes Purge                      0.444 / 0.602         0.444 / 0.602         0.444 / 0.602         0.444 / 0.602       ms
[2025-05-18T20:58:14.110+0300][8224][1648 ][info][gc,stats    ]    Subphase: Concurrent Classes Unlink                     2.562 / 2.813         2.562 / 2.813         2.562 / 2.813         2.562 / 2.813       ms
[2025-05-18T20:58:14.110+0300][8224][1648 ][info][gc,stats    ]    Subphase: Concurrent Mark                              27.141 / 39.705       27.141 / 39.705       27.141 / 39.705       27.141 / 39.705      ms
[2025-05-18T20:58:14.111+0300][8224][1648 ][info][gc,stats    ]    Subphase: Concurrent Mark Try Flush                     0.189 / 0.534         0.189 / 0.534         0.189 / 0.534         0.189 / 0.534       ms
[2025-05-18T20:58:14.111+0300][8224][1648 ][info][gc,stats    ]    Subphase: Concurrent Mark Try Terminate                 1.760 / 7.131         1.760 / 7.131         1.760 / 7.131         1.760 / 7.131       ms
[2025-05-18T20:58:14.111+0300][8224][1648 ][info][gc,stats    ]    Subphase: Concurrent References Enqueue                 0.004 / 0.004         0.004 / 0.004         0.004 / 0.004         0.004 / 0.004       ms
[2025-05-18T20:58:14.111+0300][8224][1648 ][info][gc,stats    ]    Subphase: Concurrent References Process                 0.216 / 0.308         0.216 / 0.308         0.216 / 0.308         0.216 / 0.308       ms
[2025-05-18T20:58:14.111+0300][8224][1648 ][info][gc,stats    ]    Subphase: Concurrent Roots ClassLoaderDataGraph         0.112 / 0.255         0.112 / 0.255         0.112 / 0.255         0.112 / 0.255       ms
[2025-05-18T20:58:14.111+0300][8224][1648 ][info][gc,stats    ]    Subphase: Concurrent Roots CodeCache                    0.000 / 0.000         0.000 / 0.000         0.000 / 0.000         0.000 / 0.000       ms
[2025-05-18T20:58:14.111+0300][8224][1648 ][info][gc,stats    ]    Subphase: Concurrent Roots JavaThreads                  6.741 / 10.813        6.741 / 10.813        6.741 / 10.813        6.741 / 10.813      ms
[2025-05-18T20:58:14.111+0300][8224][1648 ][info][gc,stats    ]    Subphase: Concurrent Roots OopStorageSet                0.044 / 0.053         0.044 / 0.053         0.044 / 0.053         0.044 / 0.053       ms
[2025-05-18T20:58:14.111+0300][8224][1648 ][info][gc,stats    ]    Subphase: Concurrent Weak Roots OopStorageSet           0.780 / 1.209         0.780 / 1.209         0.780 / 1.209         0.780 / 1.209       ms
[2025-05-18T20:58:14.111+0300][8224][1648 ][info][gc,stats    ]    Subphase: Pause Mark Try Complete                       0.000 / 0.000         0.000 / 0.000         0.000 / 0.000         0.000 / 0.000       ms
[2025-05-18T20:58:14.111+0300][8224][1648 ][info][gc,stats    ]      System: Java Threads                                     29 / 34               29 / 34               29 / 34               29 / 34          threads
[2025-05-18T20:58:14.111+0300][8224][1648 ][info][gc,stats    ] =========================================================================================================================================================
[2025-05-18T20:58:24.115+0300][8224][1648 ][info][gc,stats    ] === Garbage Collection Statistics =======================================================================================================================
[2025-05-18T20:58:24.115+0300][8224][1648 ][info][gc,stats    ]                                                              Last 10s              Last 10m              Last 10h                Total
[2025-05-18T20:58:24.115+0300][8224][1648 ][info][gc,stats    ]                                                              Avg / Max             Avg / Max             Avg / Max             Avg / Max
[2025-05-18T20:58:24.115+0300][8224][1648 ][info][gc,stats    ]   Collector: Garbage Collection Cycle                      0.000 / 0.000        49.450 / 60.626       49.450 / 60.626       49.450 / 60.626      ms
[2025-05-18T20:58:24.115+0300][8224][1648 ][info][gc,stats    ]  Contention: Mark Segment Reset Contention                     0 / 0                 0 / 0                 0 / 0                 0 / 0           ops/s
[2025-05-18T20:58:24.115+0300][8224][1648 ][info][gc,stats    ]  Contention: Mark SeqNum Reset Contention                      0 / 0                 0 / 0                 0 / 0                 0 / 0           ops/s
[2025-05-18T20:58:24.115+0300][8224][1648 ][info][gc,stats    ]    Critical: Allocation Stall                                  0 / 0                 0 / 0                 0 / 0                 0 / 0           ops/s
[2025-05-18T20:58:24.115+0300][8224][1648 ][info][gc,stats    ]    Critical: Allocation Stall                              0.000 / 0.000         0.000 / 0.000         0.000 / 0.000         0.000 / 0.000       ms
[2025-05-18T20:58:24.115+0300][8224][1648 ][info][gc,stats    ]    Critical: GC Locker Stall                                   0 / 0                 0 / 0                 0 / 0                 0 / 0           ops/s
[2025-05-18T20:58:24.115+0300][8224][1648 ][info][gc,stats    ]    Critical: GC Locker Stall                               0.000 / 0.000         0.000 / 0.000         0.000 / 0.000         0.000 / 0.000       ms
[2025-05-18T20:58:24.115+0300][8224][1648 ][info][gc,stats    ]    Critical: Relocation Stall                                  0 / 0                 0 / 0                 0 / 0                 0 / 0           ops/s
[2025-05-18T20:58:24.115+0300][8224][1648 ][info][gc,stats    ]    Critical: Relocation Stall                              0.000 / 0.000         0.000 / 0.000         0.000 / 0.000         0.000 / 0.000       ms
[2025-05-18T20:58:24.115+0300][8224][1648 ][info][gc,stats    ]      Memory: Allocation Rate                                  36 / 40               50 / 192              50 / 192              50 / 192         MB/s
[2025-05-18T20:58:24.115+0300][8224][1648 ][info][gc,stats    ]      Memory: Defragment                                        0 / 0                 0 / 0                 0 / 0                 0 / 0           ops/s
[2025-05-18T20:58:24.115+0300][8224][1648 ][info][gc,stats    ]      Memory: Out Of Memory                                     0 / 0                 0 / 0                 0 / 0                 0 / 0           ops/s
[2025-05-18T20:58:24.115+0300][8224][1648 ][info][gc,stats    ]      Memory: Page Cache Flush                                  0 / 0                 0 / 0                 0 / 0                 0 / 0           MB/s
[2025-05-18T20:58:24.115+0300][8224][1648 ][info][gc,stats    ]      Memory: Page Cache Hit L1                                 0 / 0                 8 / 60                8 / 60                8 / 60          ops/s
[2025-05-18T20:58:24.115+0300][8224][1648 ][info][gc,stats    ]      Memory: Page Cache Hit L2                                 0 / 0                 0 / 0                 0 / 0                 0 / 0           ops/s
[2025-05-18T20:58:24.115+0300][8224][1648 ][info][gc,stats    ]      Memory: Page Cache Hit L3                                18 / 20               16 / 33               16 / 33               16 / 33          ops/s
[2025-05-18T20:58:24.115+0300][8224][1648 ][info][gc,stats    ]      Memory: Page Cache Miss                                   0 / 0                 0 / 1                 0 / 1                 0 / 1           ops/s
[2025-05-18T20:58:24.115+0300][8224][1648 ][info][gc,stats    ]      Memory: Uncommit                                          0 / 0                 0 / 0                 0 / 0                 0 / 0           MB/s
[2025-05-18T20:58:24.115+0300][8224][1648 ][info][gc,stats    ]      Memory: Undo Object Allocation Failed                     0 / 0                 0 / 0                 0 / 0                 0 / 0           ops/s
[2025-05-18T20:58:24.115+0300][8224][1648 ][info][gc,stats    ]      Memory: Undo Object Allocation Succeeded                  0 / 0                 0 / 0                 0 / 0                 0 / 0           ops/s
[2025-05-18T20:58:24.115+0300][8224][1648 ][info][gc,stats    ]      Memory: Undo Page Allocation                              0 / 0                 0 / 0                 0 / 0                 0 / 0           ops/s
[2025-05-18T20:58:24.115+0300][8224][1648 ][info][gc,stats    ]       Phase: Concurrent Mark                               0.000 / 0.000        36.611 / 50.687       36.611 / 50.687       36.611 / 50.687      ms
[2025-05-18T20:58:24.115+0300][8224][1648 ][info][gc,stats    ]       Phase: Concurrent Mark Continue                      0.000 / 0.000         0.000 / 0.000         0.000 / 0.000         0.000 / 0.000       ms
[2025-05-18T20:58:24.115+0300][8224][1648 ][info][gc,stats    ]       Phase: Concurrent Mark Free                          0.000 / 0.000         0.001 / 0.001         0.001 / 0.001         0.001 / 0.001       ms
[2025-05-18T20:58:24.115+0300][8224][1648 ][info][gc,stats    ]       Phase: Concurrent Process Non-Strong References      0.000 / 0.000         4.278 / 4.606         4.278 / 4.606         4.278 / 4.606       ms
[2025-05-18T20:58:24.115+0300][8224][1648 ][info][gc,stats    ]       Phase: Concurrent Relocate                           0.000 / 0.000         3.594 / 5.216         3.594 / 5.216         3.594 / 5.216       ms
[2025-05-18T20:58:24.116+0300][8224][1648 ][info][gc,stats    ]       Phase: Concurrent Reset Relocation Set               0.000 / 0.000         0.002 / 0.004         0.002 / 0.004         0.002 / 0.004       ms
[2025-05-18T20:58:24.116+0300][8224][1648 ][info][gc,stats    ]       Phase: Concurrent Select Relocation Set              0.000 / 0.000         3.726 / 5.181         3.726 / 5.181         3.726 / 5.181       ms
[2025-05-18T20:58:24.116+0300][8224][1648 ][info][gc,stats    ]       Phase: Pause Mark End                                0.000 / 0.000         0.019 / 0.027         0.019 / 0.027         0.019 / 0.027       ms
[2025-05-18T20:58:24.116+0300][8224][1648 ][info][gc,stats    ]       Phase: Pause Mark Start                              0.000 / 0.000         0.007 / 0.008         0.007 / 0.008         0.007 / 0.008       ms
[2025-05-18T20:58:24.116+0300][8224][1648 ][info][gc,stats    ]       Phase: Pause Relocate Start                          0.000 / 0.000         0.173 / 0.339         0.173 / 0.339         0.173 / 0.339       ms
[2025-05-18T20:58:24.116+0300][8224][1648 ][info][gc,stats    ]    Subphase: Concurrent Classes Purge                      0.000 / 0.000         0.444 / 0.602         0.444 / 0.602         0.444 / 0.602       ms
[2025-05-18T20:58:24.116+0300][8224][1648 ][info][gc,stats    ]    Subphase: Concurrent Classes Unlink                     0.000 / 0.000         2.562 / 2.813         2.562 / 2.813         2.562 / 2.813       ms
[2025-05-18T20:58:24.116+0300][8224][1648 ][info][gc,stats    ]    Subphase: Concurrent Mark                               0.000 / 0.000        27.141 / 39.705       27.141 / 39.705       27.141 / 39.705      ms
[2025-05-18T20:58:24.116+0300][8224][1648 ][info][gc,stats    ]    Subphase: Concurrent Mark Try Flush                     0.000 / 0.000         0.189 / 0.534         0.189 / 0.534         0.189 / 0.534       ms
[2025-05-18T20:58:24.116+0300][8224][1648 ][info][gc,stats    ]    Subphase: Concurrent Mark Try Terminate                 0.000 / 0.000         1.760 / 7.131         1.760 / 7.131         1.760 / 7.131       ms
[2025-05-18T20:58:24.116+0300][8224][1648 ][info][gc,stats    ]    Subphase: Concurrent References Enqueue                 0.000 / 0.000         0.004 / 0.004         0.004 / 0.004         0.004 / 0.004       ms
[2025-05-18T20:58:24.116+0300][8224][1648 ][info][gc,stats    ]    Subphase: Concurrent References Process                 0.000 / 0.000         0.216 / 0.308         0.216 / 0.308         0.216 / 0.308       ms
[2025-05-18T20:58:24.116+0300][8224][1648 ][info][gc,stats    ]    Subphase: Concurrent Roots ClassLoaderDataGraph         0.000 / 0.000         0.112 / 0.255         0.112 / 0.255         0.112 / 0.255       ms
[2025-05-18T20:58:24.116+0300][8224][1648 ][info][gc,stats    ]    Subphase: Concurrent Roots CodeCache                    0.000 / 0.000         0.000 / 0.000         0.000 / 0.000         0.000 / 0.000       ms
[2025-05-18T20:58:24.116+0300][8224][1648 ][info][gc,stats    ]    Subphase: Concurrent Roots JavaThreads                  0.000 / 0.000         6.741 / 10.813        6.741 / 10.813        6.741 / 10.813      ms
[2025-05-18T20:58:24.116+0300][8224][1648 ][info][gc,stats    ]    Subphase: Concurrent Roots OopStorageSet                0.000 / 0.000         0.044 / 0.053         0.044 / 0.053         0.044 / 0.053       ms
[2025-05-18T20:58:24.116+0300][8224][1648 ][info][gc,stats    ]    Subphase: Concurrent Weak Roots OopStorageSet           0.000 / 0.000         0.780 / 1.209         0.780 / 1.209         0.780 / 1.209       ms
[2025-05-18T20:58:24.116+0300][8224][1648 ][info][gc,stats    ]    Subphase: Pause Mark Try Complete                       0.000 / 0.000         0.000 / 0.000         0.000 / 0.000         0.000 / 0.000       ms
[2025-05-18T20:58:24.116+0300][8224][1648 ][info][gc,stats    ]      System: Java Threads                                      0 / 0                29 / 34               29 / 34               29 / 34          threads
[2025-05-18T20:58:24.116+0300][8224][1648 ][info][gc,stats    ] =========================================================================================================================================================
[2025-05-18T20:58:34.114+0300][8224][1648 ][info][gc,stats    ] === Garbage Collection Statistics =======================================================================================================================
[2025-05-18T20:58:34.114+0300][8224][1648 ][info][gc,stats    ]                                                              Last 10s              Last 10m              Last 10h                Total
[2025-05-18T20:58:34.114+0300][8224][1648 ][info][gc,stats    ]                                                              Avg / Max             Avg / Max             Avg / Max             Avg / Max
[2025-05-18T20:58:34.114+0300][8224][1648 ][info][gc,stats    ]   Collector: Garbage Collection Cycle                      0.000 / 0.000        49.450 / 60.626       49.450 / 60.626       49.450 / 60.626      ms
[2025-05-18T20:58:34.114+0300][8224][1648 ][info][gc,stats    ]  Contention: Mark Segment Reset Contention                     0 / 0                 0 / 0                 0 / 0                 0 / 0           ops/s
[2025-05-18T20:58:34.114+0300][8224][1648 ][info][gc,stats    ]  Contention: Mark SeqNum Reset Contention                      0 / 0                 0 / 0                 0 / 0                 0 / 0           ops/s
[2025-05-18T20:58:34.114+0300][8224][1648 ][info][gc,stats    ]    Critical: Allocation Stall                                  0 / 0                 0 / 0                 0 / 0                 0 / 0           ops/s
[2025-05-18T20:58:34.114+0300][8224][1648 ][info][gc,stats    ]    Critical: Allocation Stall                              0.000 / 0.000         0.000 / 0.000         0.000 / 0.000         0.000 / 0.000       ms
[2025-05-18T20:58:34.115+0300][8224][1648 ][info][gc,stats    ]    Critical: GC Locker Stall                                   0 / 0                 0 / 0                 0 / 0                 0 / 0           ops/s
[2025-05-18T20:58:34.115+0300][8224][1648 ][info][gc,stats    ]    Critical: GC Locker Stall                               0.000 / 0.000         0.000 / 0.000         0.000 / 0.000         0.000 / 0.000       ms
[2025-05-18T20:58:34.115+0300][8224][1648 ][info][gc,stats    ]    Critical: Relocation Stall                                  0 / 0                 0 / 0                 0 / 0                 0 / 0           ops/s
[2025-05-18T20:58:34.115+0300][8224][1648 ][info][gc,stats    ]    Critical: Relocation Stall                              0.000 / 0.000         0.000 / 0.000         0.000 / 0.000         0.000 / 0.000       ms
[2025-05-18T20:58:34.115+0300][8224][1648 ][info][gc,stats    ]      Memory: Allocation Rate                                  34 / 38               45 / 192              45 / 192              45 / 192         MB/s
[2025-05-18T20:58:34.115+0300][8224][1648 ][info][gc,stats    ]      Memory: Defragment                                        0 / 0                 0 / 0                 0 / 0                 0 / 0           ops/s
[2025-05-18T20:58:34.115+0300][8224][1648 ][info][gc,stats    ]      Memory: Out Of Memory                                     0 / 0                 0 / 0                 0 / 0                 0 / 0           ops/s
[2025-05-18T20:58:34.115+0300][8224][1648 ][info][gc,stats    ]      Memory: Page Cache Flush                                  0 / 0                 0 / 0                 0 / 0                 0 / 0           MB/s
[2025-05-18T20:58:34.115+0300][8224][1648 ][info][gc,stats    ]      Memory: Page Cache Hit L1                                 0 / 0                 5 / 60                5 / 60                5 / 60          ops/s
[2025-05-18T20:58:34.115+0300][8224][1648 ][info][gc,stats    ]      Memory: Page Cache Hit L2                                 0 / 0                 0 / 0                 0 / 0                 0 / 0           ops/s
[2025-05-18T20:58:34.115+0300][8224][1648 ][info][gc,stats    ]      Memory: Page Cache Hit L3                                17 / 19               16 / 33               16 / 33               16 / 33          ops/s
[2025-05-18T20:58:34.115+0300][8224][1648 ][info][gc,stats    ]      Memory: Page Cache Miss                                   0 / 0                 0 / 1                 0 / 1                 0 / 1           ops/s
[2025-05-18T20:58:34.115+0300][8224][1648 ][info][gc,stats    ]      Memory: Uncommit                                          0 / 0                 0 / 0                 0 / 0                 0 / 0           MB/s
[2025-05-18T20:58:34.115+0300][8224][1648 ][info][gc,stats    ]      Memory: Undo Object Allocation Failed                     0 / 0                 0 / 0                 0 / 0                 0 / 0           ops/s
[2025-05-18T20:58:34.115+0300][8224][1648 ][info][gc,stats    ]      Memory: Undo Object Allocation Succeeded                  0 / 0                 0 / 0                 0 / 0                 0 / 0           ops/s
[2025-05-18T20:58:34.115+0300][8224][1648 ][info][gc,stats    ]      Memory: Undo Page Allocation                              0 / 0                 0 / 0                 0 / 0                 0 / 0           ops/s
[2025-05-18T20:58:34.115+0300][8224][1648 ][info][gc,stats    ]       Phase: Concurrent Mark                               0.000 / 0.000        36.611 / 50.687       36.611 / 50.687       36.611 / 50.687      ms
[2025-05-18T20:58:34.115+0300][8224][1648 ][info][gc,stats    ]       Phase: Concurrent Mark Continue                      0.000 / 0.000         0.000 / 0.000         0.000 / 0.000         0.000 / 0.000       ms
[2025-05-18T20:58:34.115+0300][8224][1648 ][info][gc,stats    ]       Phase: Concurrent Mark Free                          0.000 / 0.000         0.001 / 0.001         0.001 / 0.001         0.001 / 0.001       ms
[2025-05-18T20:58:34.115+0300][8224][1648 ][info][gc,stats    ]       Phase: Concurrent Process Non-Strong References      0.000 / 0.000         4.278 / 4.606         4.278 / 4.606         4.278 / 4.606       ms
[2025-05-18T20:58:34.115+0300][8224][1648 ][info][gc,stats    ]       Phase: Concurrent Relocate                           0.000 / 0.000         3.594 / 5.216         3.594 / 5.216         3.594 / 5.216       ms
[2025-05-18T20:58:34.116+0300][8224][1648 ][info][gc,stats    ]       Phase: Concurrent Reset Relocation Set               0.000 / 0.000         0.002 / 0.004         0.002 / 0.004         0.002 / 0.004       ms
[2025-05-18T20:58:34.116+0300][8224][1648 ][info][gc,stats    ]       Phase: Concurrent Select Relocation Set              0.000 / 0.000         3.726 / 5.181         3.726 / 5.181         3.726 / 5.181       ms
[2025-05-18T20:58:34.116+0300][8224][1648 ][info][gc,stats    ]       Phase: Pause Mark End                                0.000 / 0.000         0.019 / 0.027         0.019 / 0.027         0.019 / 0.027       ms
[2025-05-18T20:58:34.116+0300][8224][1648 ][info][gc,stats    ]       Phase: Pause Mark Start                              0.000 / 0.000         0.007 / 0.008         0.007 / 0.008         0.007 / 0.008       ms
[2025-05-18T20:58:34.116+0300][8224][1648 ][info][gc,stats    ]       Phase: Pause Relocate Start                          0.000 / 0.000         0.173 / 0.339         0.173 / 0.339         0.173 / 0.339       ms
[2025-05-18T20:58:34.116+0300][8224][1648 ][info][gc,stats    ]    Subphase: Concurrent Classes Purge                      0.000 / 0.000         0.444 / 0.602         0.444 / 0.602         0.444 / 0.602       ms
[2025-05-18T20:58:34.116+0300][8224][1648 ][info][gc,stats    ]    Subphase: Concurrent Classes Unlink                     0.000 / 0.000         2.562 / 2.813         2.562 / 2.813         2.562 / 2.813       ms
[2025-05-18T20:58:34.116+0300][8224][1648 ][info][gc,stats    ]    Subphase: Concurrent Mark                               0.000 / 0.000        27.141 / 39.705       27.141 / 39.705       27.141 / 39.705      ms
[2025-05-18T20:58:34.116+0300][8224][1648 ][info][gc,stats    ]    Subphase: Concurrent Mark Try Flush                     0.000 / 0.000         0.189 / 0.534         0.189 / 0.534         0.189 / 0.534       ms
[2025-05-18T20:58:34.116+0300][8224][1648 ][info][gc,stats    ]    Subphase: Concurrent Mark Try Terminate                 0.000 / 0.000         1.760 / 7.131         1.760 / 7.131         1.760 / 7.131       ms
[2025-05-18T20:58:34.116+0300][8224][1648 ][info][gc,stats    ]    Subphase: Concurrent References Enqueue                 0.000 / 0.000         0.004 / 0.004         0.004 / 0.004         0.004 / 0.004       ms
[2025-05-18T20:58:34.116+0300][8224][1648 ][info][gc,stats    ]    Subphase: Concurrent References Process                 0.000 / 0.000         0.216 / 0.308         0.216 / 0.308         0.216 / 0.308       ms
[2025-05-18T20:58:34.116+0300][8224][1648 ][info][gc,stats    ]    Subphase: Concurrent Roots ClassLoaderDataGraph         0.000 / 0.000         0.112 / 0.255         0.112 / 0.255         0.112 / 0.255       ms
[2025-05-18T20:58:34.116+0300][8224][1648 ][info][gc,stats    ]    Subphase: Concurrent Roots CodeCache                    0.000 / 0.000         0.000 / 0.000         0.000 / 0.000         0.000 / 0.000       ms
[2025-05-18T20:58:34.116+0300][8224][1648 ][info][gc,stats    ]    Subphase: Concurrent Roots JavaThreads                  0.000 / 0.000         6.741 / 10.813        6.741 / 10.813        6.741 / 10.813      ms
[2025-05-18T20:58:34.116+0300][8224][1648 ][info][gc,stats    ]    Subphase: Concurrent Roots OopStorageSet                0.000 / 0.000         0.044 / 0.053         0.044 / 0.053         0.044 / 0.053       ms
[2025-05-18T20:58:34.116+0300][8224][1648 ][info][gc,stats    ]    Subphase: Concurrent Weak Roots OopStorageSet           0.000 / 0.000         0.780 / 1.209         0.780 / 1.209         0.780 / 1.209       ms
[2025-05-18T20:58:34.116+0300][8224][1648 ][info][gc,stats    ]    Subphase: Pause Mark Try Complete                       0.000 / 0.000         0.000 / 0.000         0.000 / 0.000         0.000 / 0.000       ms
[2025-05-18T20:58:34.116+0300][8224][1648 ][info][gc,stats    ]      System: Java Threads                                      0 / 0                29 / 34               29 / 34               29 / 34          threads
[2025-05-18T20:58:34.116+0300][8224][1648 ][info][gc,stats    ] =========================================================================================================================================================
[2025-05-18T20:58:39.510+0300][8224][10156][info][gc,start    ] GC(2) Garbage Collection (Warmup)
[2025-05-18T20:58:39.510+0300][8224][10156][info][gc,task     ] GC(2) Using 2 workers
[2025-05-18T20:58:39.510+0300][8224][23060][info][gc,phases   ] GC(2) Pause Mark Start 0.013ms
[2025-05-18T20:58:39.542+0300][8224][10156][info][gc,phases   ] GC(2) Concurrent Mark 30.719ms
[2025-05-18T20:58:39.542+0300][8224][23060][info][gc,phases   ] GC(2) Pause Mark End 0.030ms
[2025-05-18T20:58:39.542+0300][8224][10156][info][gc,phases   ] GC(2) Concurrent Mark Free 0.001ms
[2025-05-18T20:58:39.562+0300][8224][10156][info][gc,phases   ] GC(2) Concurrent Process Non-Strong References 19.782ms
[2025-05-18T20:58:39.562+0300][8224][10156][info][gc,phases   ] GC(2) Concurrent Reset Relocation Set 0.002ms
[2025-05-18T20:58:39.565+0300][8224][10156][info][gc,phases   ] GC(2) Concurrent Select Relocation Set 3.359ms
[2025-05-18T20:58:39.566+0300][8224][23060][info][gc,phases   ] GC(2) Pause Relocate Start 0.005ms
[2025-05-18T20:58:39.568+0300][8224][10156][info][gc,phases   ] GC(2) Concurrent Relocate 2.653ms
[2025-05-18T20:58:39.568+0300][8224][10156][info][gc,load     ] GC(2) Load: 0.00/0.00/0.00
[2025-05-18T20:58:39.568+0300][8224][10156][info][gc,mmu      ] GC(2) MMU: 2ms/83.1%, 5ms/93.2%, 10ms/96.3%, 20ms/98.2%, 50ms/99.3%, 100ms/99.6%
[2025-05-18T20:58:39.568+0300][8224][10156][info][gc,marking  ] GC(2) Mark: 2 stripe(s), 2 proactive flush(es), 1 terminate flush(es), 0 completion(s), 0 continuation(s) 
[2025-05-18T20:58:39.568+0300][8224][10156][info][gc,marking  ] GC(2) Mark Stack Usage: 32M
[2025-05-18T20:58:39.568+0300][8224][10156][info][gc,nmethod  ] GC(2) NMethods: 7853 registered, 1358 unregistered
[2025-05-18T20:58:39.568+0300][8224][10156][info][gc,metaspace] GC(2) Metaspace: 33M used, 34M committed, 1088M reserved
[2025-05-18T20:58:39.568+0300][8224][10156][info][gc,ref      ] GC(2) Soft: 4642 encountered, 0 discovered, 0 enqueued
[2025-05-18T20:58:39.568+0300][8224][10156][info][gc,ref      ] GC(2) Weak: 4648 encountered, 1786 discovered, 1278 enqueued
[2025-05-18T20:58:39.568+0300][8224][10156][info][gc,ref      ] GC(2) Final: 3 encountered, 1 discovered, 0 enqueued
[2025-05-18T20:58:39.568+0300][8224][10156][info][gc,ref      ] GC(2) Phantom: 464 encountered, 427 discovered, 187 enqueued
[2025-05-18T20:58:39.568+0300][8224][10156][info][gc,reloc    ] GC(2) Small Pages: 599 / 1198M, Empty: 602M, Relocated: 4M, In-Place: 0
[2025-05-18T20:58:39.568+0300][8224][10156][info][gc,reloc    ] GC(2) Medium Pages: 1 / 32M, Empty: 0M, Relocated: 0M, In-Place: 0
[2025-05-18T20:58:39.568+0300][8224][10156][info][gc,reloc    ] GC(2) Large Pages: 0 / 0M, Empty: 0M, Relocated: 0M, In-Place: 0
[2025-05-18T20:58:39.568+0300][8224][10156][info][gc,reloc    ] GC(2) Forwarding Usage: 1M
[2025-05-18T20:58:39.568+0300][8224][10156][info][gc,heap     ] GC(2) Min Capacity: 12288M(100%)
[2025-05-18T20:58:39.568+0300][8224][10156][info][gc,heap     ] GC(2) Max Capacity: 12288M(100%)
[2025-05-18T20:58:39.568+0300][8224][10156][info][gc,heap     ] GC(2) Soft Max Capacity: 12288M(100%)
[2025-05-18T20:58:39.568+0300][8224][10156][info][gc,heap     ] GC(2)                Mark Start          Mark End        Relocate Start      Relocate End           High               Low         
[2025-05-18T20:58:39.568+0300][8224][10156][info][gc,heap     ] GC(2)  Capacity:    12288M (100%)      12288M (100%)      12288M (100%)      12288M (100%)      12288M (100%)      12288M (100%)   
[2025-05-18T20:58:39.568+0300][8224][10156][info][gc,heap     ] GC(2)      Free:    11058M (90%)       11042M (90%)       11644M (95%)       12220M (99%)       12220M (99%)       11042M (90%)    
[2025-05-18T20:58:39.568+0300][8224][10156][info][gc,heap     ] GC(2)      Used:     1230M (10%)        1246M (10%)         644M (5%)           68M (1%)         1246M (10%)          68M (1%)     
[2025-05-18T20:58:39.568+0300][8224][10156][info][gc,heap     ] GC(2)      Live:         -                18M (0%)           18M (0%)           18M (0%)             -                  -          
[2025-05-18T20:58:39.568+0300][8224][10156][info][gc,heap     ] GC(2) Allocated:         -                16M (0%)           16M (0%)           16M (0%)             -                  -          
[2025-05-18T20:58:39.568+0300][8224][10156][info][gc,heap     ] GC(2)   Garbage:         -              1211M (10%)         609M (5%)           33M (0%)             -                  -          
[2025-05-18T20:58:39.568+0300][8224][10156][info][gc,heap     ] GC(2) Reclaimed:         -                  -               602M (5%)         1178M (10%)            -                  -          
[2025-05-18T20:58:39.568+0300][8224][10156][info][gc          ] GC(2) Garbage Collection (Warmup) 1230M(10%)->68M(1%)
[2025-05-18T20:58:44.117+0300][8224][1648 ][info][gc,stats    ] === Garbage Collection Statistics =======================================================================================================================
[2025-05-18T20:58:44.117+0300][8224][1648 ][info][gc,stats    ]                                                              Last 10s              Last 10m              Last 10h                Total
[2025-05-18T20:58:44.117+0300][8224][1648 ][info][gc,stats    ]                                                              Avg / Max             Avg / Max             Avg / Max             Avg / Max
[2025-05-18T20:58:44.117+0300][8224][1648 ][info][gc,stats    ]   Collector: Garbage Collection Cycle                     57.822 / 57.822       52.241 / 60.626       52.241 / 60.626       52.241 / 60.626      ms
[2025-05-18T20:58:44.117+0300][8224][1648 ][info][gc,stats    ]  Contention: Mark Segment Reset Contention                     0 / 0                 0 / 0                 0 / 0                 0 / 0           ops/s
[2025-05-18T20:58:44.117+0300][8224][1648 ][info][gc,stats    ]  Contention: Mark SeqNum Reset Contention                      0 / 0                 0 / 0                 0 / 0                 0 / 0           ops/s
[2025-05-18T20:58:44.117+0300][8224][1648 ][info][gc,stats    ]    Critical: Allocation Stall                                  0 / 0                 0 / 0                 0 / 0                 0 / 0           ops/s
[2025-05-18T20:58:44.117+0300][8224][1648 ][info][gc,stats    ]    Critical: Allocation Stall                              0.000 / 0.000         0.000 / 0.000         0.000 / 0.000         0.000 / 0.000       ms
[2025-05-18T20:58:44.117+0300][8224][1648 ][info][gc,stats    ]    Critical: GC Locker Stall                                   0 / 0                 0 / 0                 0 / 0                 0 / 0           ops/s
[2025-05-18T20:58:44.117+0300][8224][1648 ][info][gc,stats    ]    Critical: GC Locker Stall                               0.000 / 0.000         0.000 / 0.000         0.000 / 0.000         0.000 / 0.000       ms
[2025-05-18T20:58:44.117+0300][8224][1648 ][info][gc,stats    ]    Critical: Relocation Stall                                  0 / 0                 0 / 0                 0 / 0                 0 / 0           ops/s
[2025-05-18T20:58:44.118+0300][8224][1648 ][info][gc,stats    ]    Critical: Relocation Stall                              0.000 / 0.000         0.000 / 0.000         0.000 / 0.000         0.000 / 0.000       ms
[2025-05-18T20:58:44.118+0300][8224][1648 ][info][gc,stats    ]      Memory: Allocation Rate                                  35 / 48               42 / 192              42 / 192              42 / 192         MB/s
[2025-05-18T20:58:44.118+0300][8224][1648 ][info][gc,stats    ]      Memory: Defragment                                        0 / 0                 0 / 0                 0 / 0                 0 / 0           ops/s
[2025-05-18T20:58:44.118+0300][8224][1648 ][info][gc,stats    ]      Memory: Out Of Memory                                     0 / 0                 0 / 0                 0 / 0                 0 / 0           ops/s
[2025-05-18T20:58:44.118+0300][8224][1648 ][info][gc,stats    ]      Memory: Page Cache Flush                                  0 / 0                 0 / 0                 0 / 0                 0 / 0           MB/s
[2025-05-18T20:58:44.118+0300][8224][1648 ][info][gc,stats    ]      Memory: Page Cache Hit L1                                 8 / 19                6 / 60                6 / 60                6 / 60          ops/s
[2025-05-18T20:58:44.118+0300][8224][1648 ][info][gc,stats    ]      Memory: Page Cache Hit L2                                 0 / 0                 0 / 0                 0 / 0                 0 / 0           ops/s
[2025-05-18T20:58:44.118+0300][8224][1648 ][info][gc,stats    ]      Memory: Page Cache Hit L3                                10 / 18               15 / 33               15 / 33               15 / 33          ops/s
[2025-05-18T20:58:44.118+0300][8224][1648 ][info][gc,stats    ]      Memory: Page Cache Miss                                   0 / 0                 0 / 1                 0 / 1                 0 / 1           ops/s
[2025-05-18T20:58:44.118+0300][8224][1648 ][info][gc,stats    ]      Memory: Uncommit                                          0 / 0                 0 / 0                 0 / 0                 0 / 0           MB/s
[2025-05-18T20:58:44.118+0300][8224][1648 ][info][gc,stats    ]      Memory: Undo Object Allocation Failed                     0 / 0                 0 / 0                 0 / 0                 0 / 0           ops/s
[2025-05-18T20:58:44.118+0300][8224][1648 ][info][gc,stats    ]      Memory: Undo Object Allocation Succeeded                  0 / 0                 0 / 0                 0 / 0                 0 / 0           ops/s
[2025-05-18T20:58:44.118+0300][8224][1648 ][info][gc,stats    ]      Memory: Undo Page Allocation                              0 / 1                 0 / 1                 0 / 1                 0 / 1           ops/s
[2025-05-18T20:58:44.118+0300][8224][1648 ][info][gc,stats    ]       Phase: Concurrent Mark                              30.719 / 30.719       34.647 / 50.687       34.647 / 50.687       34.647 / 50.687      ms
[2025-05-18T20:58:44.118+0300][8224][1648 ][info][gc,stats    ]       Phase: Concurrent Mark Continue                      0.000 / 0.000         0.000 / 0.000         0.000 / 0.000         0.000 / 0.000       ms
[2025-05-18T20:58:44.118+0300][8224][1648 ][info][gc,stats    ]       Phase: Concurrent Mark Free                          0.001 / 0.001         0.001 / 0.001         0.001 / 0.001         0.001 / 0.001       ms
[2025-05-18T20:58:44.118+0300][8224][1648 ][info][gc,stats    ]       Phase: Concurrent Process Non-Strong References     19.782 / 19.782        9.446 / 19.782        9.446 / 19.782        9.446 / 19.782      ms
[2025-05-18T20:58:44.118+0300][8224][1648 ][info][gc,stats    ]       Phase: Concurrent Relocate                           2.653 / 2.653         3.280 / 5.216         3.280 / 5.216         3.280 / 5.216       ms
[2025-05-18T20:58:44.118+0300][8224][1648 ][info][gc,stats    ]       Phase: Concurrent Reset Relocation Set               0.002 / 0.002         0.002 / 0.004         0.002 / 0.004         0.002 / 0.004       ms
[2025-05-18T20:58:44.118+0300][8224][1648 ][info][gc,stats    ]       Phase: Concurrent Select Relocation Set              3.359 / 3.359         3.604 / 5.181         3.604 / 5.181         3.604 / 5.181       ms
[2025-05-18T20:58:44.118+0300][8224][1648 ][info][gc,stats    ]       Phase: Pause Mark End                                0.030 / 0.030         0.023 / 0.030         0.023 / 0.030         0.023 / 0.030       ms
[2025-05-18T20:58:44.118+0300][8224][1648 ][info][gc,stats    ]       Phase: Pause Mark Start                              0.013 / 0.013         0.009 / 0.013         0.009 / 0.013         0.009 / 0.013       ms
[2025-05-18T20:58:44.118+0300][8224][1648 ][info][gc,stats    ]       Phase: Pause Relocate Start                          0.005 / 0.005         0.117 / 0.339         0.117 / 0.339         0.117 / 0.339       ms
[2025-05-18T20:58:44.118+0300][8224][1648 ][info][gc,stats    ]    Subphase: Concurrent Classes Purge                      1.365 / 1.365         0.751 / 1.365         0.751 / 1.365         0.751 / 1.365       ms
[2025-05-18T20:58:44.118+0300][8224][1648 ][info][gc,stats    ]    Subphase: Concurrent Classes Unlink                    17.195 / 17.195        7.440 / 17.195        7.440 / 17.195        7.440 / 17.195      ms
[2025-05-18T20:58:44.118+0300][8224][1648 ][info][gc,stats    ]    Subphase: Concurrent Mark                              24.865 / 28.454       26.382 / 39.705       26.382 / 39.705       26.382 / 39.705      ms
[2025-05-18T20:58:44.118+0300][8224][1648 ][info][gc,stats    ]    Subphase: Concurrent Mark Try Flush                     0.118 / 0.127         0.162 / 0.534         0.162 / 0.534         0.162 / 0.534       ms
[2025-05-18T20:58:44.118+0300][8224][1648 ][info][gc,stats    ]    Subphase: Concurrent Mark Try Terminate                 2.578 / 7.628         2.033 / 7.628         2.033 / 7.628         2.033 / 7.628       ms
[2025-05-18T20:58:44.118+0300][8224][1648 ][info][gc,stats    ]    Subphase: Concurrent References Enqueue                 0.003 / 0.003         0.004 / 0.004         0.004 / 0.004         0.004 / 0.004       ms
[2025-05-18T20:58:44.118+0300][8224][1648 ][info][gc,stats    ]    Subphase: Concurrent References Process                 0.336 / 0.336         0.256 / 0.336         0.256 / 0.336         0.256 / 0.336       ms
[2025-05-18T20:58:44.118+0300][8224][1648 ][info][gc,stats    ]    Subphase: Concurrent Roots ClassLoaderDataGraph         0.535 / 1.010         0.253 / 1.010         0.253 / 1.010         0.253 / 1.010       ms
[2025-05-18T20:58:44.118+0300][8224][1648 ][info][gc,stats    ]    Subphase: Concurrent Roots CodeCache                    0.000 / 0.000         0.000 / 0.000         0.000 / 0.000         0.000 / 0.000       ms
[2025-05-18T20:58:44.118+0300][8224][1648 ][info][gc,stats    ]    Subphase: Concurrent Roots JavaThreads                  1.448 / 1.892         4.977 / 10.813        4.977 / 10.813        4.977 / 10.813      ms
[2025-05-18T20:58:44.118+0300][8224][1648 ][info][gc,stats    ]    Subphase: Concurrent Roots OopStorageSet                0.117 / 0.162         0.073 / 0.162         0.073 / 0.162         0.073 / 0.162       ms
[2025-05-18T20:58:44.118+0300][8224][1648 ][info][gc,stats    ]    Subphase: Concurrent Weak Roots OopStorageSet           0.669 / 0.672         0.743 / 1.209         0.743 / 1.209         0.743 / 1.209       ms
[2025-05-18T20:58:44.118+0300][8224][1648 ][info][gc,stats    ]    Subphase: Pause Mark Try Complete                       0.000 / 0.000         0.000 / 0.000         0.000 / 0.000         0.000 / 0.000       ms
[2025-05-18T20:58:44.118+0300][8224][1648 ][info][gc,stats    ]      System: Java Threads                                     32 / 32               30 / 34               30 / 34               30 / 34          threads
[2025-05-18T20:58:44.118+0300][8224][1648 ][info][gc,stats    ] =========================================================================================================================================================
[2025-05-18T20:58:54.111+0300][8224][1648 ][info][gc,stats    ] === Garbage Collection Statistics =======================================================================================================================
[2025-05-18T20:58:54.111+0300][8224][1648 ][info][gc,stats    ]                                                              Last 10s              Last 10m              Last 10h                Total
[2025-05-18T20:58:54.111+0300][8224][1648 ][info][gc,stats    ]                                                              Avg / Max             Avg / Max             Avg / Max             Avg / Max
[2025-05-18T20:58:54.111+0300][8224][1648 ][info][gc,stats    ]   Collector: Garbage Collection Cycle                      0.000 / 0.000        52.241 / 60.626       52.241 / 60.626       52.241 / 60.626      ms
[2025-05-18T20:58:54.111+0300][8224][1648 ][info][gc,stats    ]  Contention: Mark Segment Reset Contention                     0 / 0                 0 / 0                 0 / 0                 0 / 0           ops/s
[2025-05-18T20:58:54.111+0300][8224][1648 ][info][gc,stats    ]  Contention: Mark SeqNum Reset Contention                      0 / 0                 0 / 0                 0 / 0                 0 / 0           ops/s
[2025-05-18T20:58:54.111+0300][8224][1648 ][info][gc,stats    ]    Critical: Allocation Stall                                  0 / 0                 0 / 0                 0 / 0                 0 / 0           ops/s
[2025-05-18T20:58:54.111+0300][8224][1648 ][info][gc,stats    ]    Critical: Allocation Stall                              0.000 / 0.000         0.000 / 0.000         0.000 / 0.000         0.000 / 0.000       ms
[2025-05-18T20:58:54.111+0300][8224][1648 ][info][gc,stats    ]    Critical: GC Locker Stall                                   0 / 0                 0 / 0                 0 / 0                 0 / 0           ops/s
[2025-05-18T20:58:54.111+0300][8224][1648 ][info][gc,stats    ]    Critical: GC Locker Stall                               0.000 / 0.000         0.000 / 0.000         0.000 / 0.000         0.000 / 0.000       ms
[2025-05-18T20:58:54.111+0300][8224][1648 ][info][gc,stats    ]    Critical: Relocation Stall                                  0 / 0                 0 / 0                 0 / 0                 0 / 0           ops/s
[2025-05-18T20:58:54.111+0300][8224][1648 ][info][gc,stats    ]    Critical: Relocation Stall                              0.000 / 0.000         0.000 / 0.000         0.000 / 0.000         0.000 / 0.000       ms
[2025-05-18T20:58:54.111+0300][8224][1648 ][info][gc,stats    ]      Memory: Allocation Rate                                  34 / 38               41 / 192              41 / 192              41 / 192         MB/s
[2025-05-18T20:58:54.111+0300][8224][1648 ][info][gc,stats    ]      Memory: Defragment                                        0 / 0                 0 / 0                 0 / 0                 0 / 0           ops/s
[2025-05-18T20:58:54.111+0300][8224][1648 ][info][gc,stats    ]      Memory: Out Of Memory                                     0 / 0                 0 / 0                 0 / 0                 0 / 0           ops/s
[2025-05-18T20:58:54.111+0300][8224][1648 ][info][gc,stats    ]      Memory: Page Cache Flush                                  0 / 0                 0 / 0                 0 / 0                 0 / 0           MB/s
[2025-05-18T20:58:54.111+0300][8224][1648 ][info][gc,stats    ]      Memory: Page Cache Hit L1                                17 / 19                8 / 60                8 / 60                8 / 60          ops/s
[2025-05-18T20:58:54.111+0300][8224][1648 ][info][gc,stats    ]      Memory: Page Cache Hit L2                                 0 / 0                 0 / 0                 0 / 0                 0 / 0           ops/s
[2025-05-18T20:58:54.111+0300][8224][1648 ][info][gc,stats    ]      Memory: Page Cache Hit L3                                 0 / 0                12 / 33               12 / 33               12 / 33          ops/s
[2025-05-18T20:58:54.111+0300][8224][1648 ][info][gc,stats    ]      Memory: Page Cache Miss                                   0 / 0                 0 / 1                 0 / 1                 0 / 1           ops/s
[2025-05-18T20:58:54.111+0300][8224][1648 ][info][gc,stats    ]      Memory: Uncommit                                          0 / 0                 0 / 0                 0 / 0                 0 / 0           MB/s
[2025-05-18T20:58:54.111+0300][8224][1648 ][info][gc,stats    ]      Memory: Undo Object Allocation Failed                     0 / 0                 0 / 0                 0 / 0                 0 / 0           ops/s
[2025-05-18T20:58:54.111+0300][8224][1648 ][info][gc,stats    ]      Memory: Undo Object Allocation Succeeded                  0 / 0                 0 / 0                 0 / 0                 0 / 0           ops/s
[2025-05-18T20:58:54.111+0300][8224][1648 ][info][gc,stats    ]      Memory: Undo Page Allocation                              0 / 0                 0 / 1                 0 / 1                 0 / 1           ops/s
[2025-05-18T20:58:54.111+0300][8224][1648 ][info][gc,stats    ]       Phase: Concurrent Mark                               0.000 / 0.000        34.647 / 50.687       34.647 / 50.687       34.647 / 50.687      ms
[2025-05-18T20:58:54.111+0300][8224][1648 ][info][gc,stats    ]       Phase: Concurrent Mark Continue                      0.000 / 0.000         0.000 / 0.000         0.000 / 0.000         0.000 / 0.000       ms
[2025-05-18T20:58:54.111+0300][8224][1648 ][info][gc,stats    ]       Phase: Concurrent Mark Free                          0.000 / 0.000         0.001 / 0.001         0.001 / 0.001         0.001 / 0.001       ms
[2025-05-18T20:58:54.111+0300][8224][1648 ][info][gc,stats    ]       Phase: Concurrent Process Non-Strong References      0.000 / 0.000         9.446 / 19.782        9.446 / 19.782        9.446 / 19.782      ms
[2025-05-18T20:58:54.111+0300][8224][1648 ][info][gc,stats    ]       Phase: Concurrent Relocate                           0.000 / 0.000         3.280 / 5.216         3.280 / 5.216         3.280 / 5.216       ms
[2025-05-18T20:58:54.111+0300][8224][1648 ][info][gc,stats    ]       Phase: Concurrent Reset Relocation Set               0.000 / 0.000         0.002 / 0.004         0.002 / 0.004         0.002 / 0.004       ms
[2025-05-18T20:58:54.111+0300][8224][1648 ][info][gc,stats    ]       Phase: Concurrent Select Relocation Set              0.000 / 0.000         3.604 / 5.181         3.604 / 5.181         3.604 / 5.181       ms
[2025-05-18T20:58:54.111+0300][8224][1648 ][info][gc,stats    ]       Phase: Pause Mark End                                0.000 / 0.000         0.023 / 0.030         0.023 / 0.030         0.023 / 0.030       ms
[2025-05-18T20:58:54.111+0300][8224][1648 ][info][gc,stats    ]       Phase: Pause Mark Start                              0.000 / 0.000         0.009 / 0.013         0.009 / 0.013         0.009 / 0.013       ms
[2025-05-18T20:58:54.111+0300][8224][1648 ][info][gc,stats    ]       Phase: Pause Relocate Start                          0.000 / 0.000         0.117 / 0.339         0.117 / 0.339         0.117 / 0.339       ms
[2025-05-18T20:58:54.111+0300][8224][1648 ][info][gc,stats    ]    Subphase: Concurrent Classes Purge                      0.000 / 0.000         0.751 / 1.365         0.751 / 1.365         0.751 / 1.365       ms
[2025-05-18T20:58:54.112+0300][8224][1648 ][info][gc,stats    ]    Subphase: Concurrent Classes Unlink                     0.000 / 0.000         7.440 / 17.195        7.440 / 17.195        7.440 / 17.195      ms
[2025-05-18T20:58:54.112+0300][8224][1648 ][info][gc,stats    ]    Subphase: Concurrent Mark                               0.000 / 0.000        26.382 / 39.705       26.382 / 39.705       26.382 / 39.705      ms
[2025-05-18T20:58:54.112+0300][8224][1648 ][info][gc,stats    ]    Subphase: Concurrent Mark Try Flush                     0.000 / 0.000         0.162 / 0.534         0.162 / 0.534         0.162 / 0.534       ms
[2025-05-18T20:58:54.112+0300][8224][1648 ][info][gc,stats    ]    Subphase: Concurrent Mark Try Terminate                 0.000 / 0.000         2.033 / 7.628         2.033 / 7.628         2.033 / 7.628       ms
[2025-05-18T20:58:54.112+0300][8224][1648 ][info][gc,stats    ]    Subphase: Concurrent References Enqueue                 0.000 / 0.000         0.004 / 0.004         0.004 / 0.004         0.004 / 0.004       ms
[2025-05-18T20:58:54.112+0300][8224][1648 ][info][gc,stats    ]    Subphase: Concurrent References Process                 0.000 / 0.000         0.256 / 0.336         0.256 / 0.336         0.256 / 0.336       ms
[2025-05-18T20:58:54.112+0300][8224][1648 ][info][gc,stats    ]    Subphase: Concurrent Roots ClassLoaderDataGraph         0.000 / 0.000         0.253 / 1.010         0.253 / 1.010         0.253 / 1.010       ms
[2025-05-18T20:58:54.112+0300][8224][1648 ][info][gc,stats    ]    Subphase: Concurrent Roots CodeCache                    0.000 / 0.000         0.000 / 0.000         0.000 / 0.000         0.000 / 0.000       ms
[2025-05-18T20:58:54.112+0300][8224][1648 ][info][gc,stats    ]    Subphase: Concurrent Roots JavaThreads                  0.000 / 0.000         4.977 / 10.813        4.977 / 10.813        4.977 / 10.813      ms
[2025-05-18T20:58:54.112+0300][8224][1648 ][info][gc,stats    ]    Subphase: Concurrent Roots OopStorageSet                0.000 / 0.000         0.073 / 0.162         0.073 / 0.162         0.073 / 0.162       ms
[2025-05-18T20:58:54.112+0300][8224][1648 ][info][gc,stats    ]    Subphase: Concurrent Weak Roots OopStorageSet           0.000 / 0.000         0.743 / 1.209         0.743 / 1.209         0.743 / 1.209       ms
[2025-05-18T20:58:54.112+0300][8224][1648 ][info][gc,stats    ]    Subphase: Pause Mark Try Complete                       0.000 / 0.000         0.000 / 0.000         0.000 / 0.000         0.000 / 0.000       ms
[2025-05-18T20:58:54.112+0300][8224][1648 ][info][gc,stats    ]      System: Java Threads                                      0 / 0                30 / 34               30 / 34               30 / 34          threads
[2025-05-18T20:58:54.112+0300][8224][1648 ][info][gc,stats    ] =========================================================================================================================================================
[2025-05-18T20:59:04.121+0300][8224][1648 ][info][gc,stats    ] === Garbage Collection Statistics =======================================================================================================================
[2025-05-18T20:59:04.121+0300][8224][1648 ][info][gc,stats    ]                                                              Last 10s              Last 10m              Last 10h                Total
[2025-05-18T20:59:04.121+0300][8224][1648 ][info][gc,stats    ]                                                              Avg / Max             Avg / Max             Avg / Max             Avg / Max
[2025-05-18T20:59:04.121+0300][8224][1648 ][info][gc,stats    ]   Collector: Garbage Collection Cycle                      0.000 / 0.000        52.241 / 60.626       52.241 / 60.626       52.241 / 60.626      ms
[2025-05-18T20:59:04.121+0300][8224][1648 ][info][gc,stats    ]  Contention: Mark Segment Reset Contention                     0 / 0                 0 / 0                 0 / 0                 0 / 0           ops/s
[2025-05-18T20:59:04.121+0300][8224][1648 ][info][gc,stats    ]  Contention: Mark SeqNum Reset Contention                      0 / 0                 0 / 0                 0 / 0                 0 / 0           ops/s
[2025-05-18T20:59:04.121+0300][8224][1648 ][info][gc,stats    ]    Critical: Allocation Stall                                  0 / 0                 0 / 0                 0 / 0                 0 / 0           ops/s
[2025-05-18T20:59:04.121+0300][8224][1648 ][info][gc,stats    ]    Critical: Allocation Stall                              0.000 / 0.000         0.000 / 0.000         0.000 / 0.000         0.000 / 0.000       ms
[2025-05-18T20:59:04.121+0300][8224][1648 ][info][gc,stats    ]    Critical: GC Locker Stall                                   0 / 0                 0 / 0                 0 / 0                 0 / 0           ops/s
[2025-05-18T20:59:04.121+0300][8224][1648 ][info][gc,stats    ]    Critical: GC Locker Stall                               0.000 / 0.000         0.000 / 0.000         0.000 / 0.000         0.000 / 0.000       ms
[2025-05-18T20:59:04.121+0300][8224][1648 ][info][gc,stats    ]    Critical: Relocation Stall                                  0 / 0                 0 / 0                 0 / 0                 0 / 0           ops/s
[2025-05-18T20:59:04.121+0300][8224][1648 ][info][gc,stats    ]    Critical: Relocation Stall                              0.000 / 0.000         0.000 / 0.000         0.000 / 0.000         0.000 / 0.000       ms
[2025-05-18T20:59:04.121+0300][8224][1648 ][info][gc,stats    ]      Memory: Allocation Rate                                  34 / 36               39 / 192              39 / 192              39 / 192         MB/s
[2025-05-18T20:59:04.121+0300][8224][1648 ][info][gc,stats    ]      Memory: Defragment                                        0 / 0                 0 / 0                 0 / 0                 0 / 0           ops/s
[2025-05-18T20:59:04.122+0300][8224][1648 ][info][gc,stats    ]      Memory: Out Of Memory                                     0 / 0                 0 / 0                 0 / 0                 0 / 0           ops/s
[2025-05-18T20:59:04.122+0300][8224][1648 ][info][gc,stats    ]      Memory: Page Cache Flush                                  0 / 0                 0 / 0                 0 / 0                 0 / 0           MB/s
[2025-05-18T20:59:04.122+0300][8224][1648 ][info][gc,stats    ]      Memory: Page Cache Hit L1                                17 / 18                9 / 60                9 / 60                9 / 60          ops/s
[2025-05-18T20:59:04.122+0300][8224][1648 ][info][gc,stats    ]      Memory: Page Cache Hit L2                                 0 / 0                 0 / 0                 0 / 0                 0 / 0           ops/s
[2025-05-18T20:59:04.122+0300][8224][1648 ][info][gc,stats    ]      Memory: Page Cache Hit L3                                 0 / 0                10 / 33               10 / 33               10 / 33          ops/s
[2025-05-18T20:59:04.122+0300][8224][1648 ][info][gc,stats    ]      Memory: Page Cache Miss                                   0 / 0                 0 / 1                 0 / 1                 0 / 1           ops/s
[2025-05-18T20:59:04.122+0300][8224][1648 ][info][gc,stats    ]      Memory: Uncommit                                          0 / 0                 0 / 0                 0 / 0                 0 / 0           MB/s
[2025-05-18T20:59:04.122+0300][8224][1648 ][info][gc,stats    ]      Memory: Undo Object Allocation Failed                     0 / 0                 0 / 0                 0 / 0                 0 / 0           ops/s
[2025-05-18T20:59:04.122+0300][8224][1648 ][info][gc,stats    ]      Memory: Undo Object Allocation Succeeded                  0 / 0                 0 / 0                 0 / 0                 0 / 0           ops/s
[2025-05-18T20:59:04.122+0300][8224][1648 ][info][gc,stats    ]      Memory: Undo Page Allocation                              0 / 0                 0 / 1                 0 / 1                 0 / 1           ops/s
[2025-05-18T20:59:04.122+0300][8224][1648 ][info][gc,stats    ]       Phase: Concurrent Mark                               0.000 / 0.000        34.647 / 50.687       34.647 / 50.687       34.647 / 50.687      ms
[2025-05-18T20:59:04.122+0300][8224][1648 ][info][gc,stats    ]       Phase: Concurrent Mark Continue                      0.000 / 0.000         0.000 / 0.000         0.000 / 0.000         0.000 / 0.000       ms
[2025-05-18T20:59:04.122+0300][8224][1648 ][info][gc,stats    ]       Phase: Concurrent Mark Free                          0.000 / 0.000         0.001 / 0.001         0.001 / 0.001         0.001 / 0.001       ms
[2025-05-18T20:59:04.122+0300][8224][1648 ][info][gc,stats    ]       Phase: Concurrent Process Non-Strong References      0.000 / 0.000         9.446 / 19.782        9.446 / 19.782        9.446 / 19.782      ms
[2025-05-18T20:59:04.122+0300][8224][1648 ][info][gc,stats    ]       Phase: Concurrent Relocate                           0.000 / 0.000         3.280 / 5.216         3.280 / 5.216         3.280 / 5.216       ms
[2025-05-18T20:59:04.122+0300][8224][1648 ][info][gc,stats    ]       Phase: Concurrent Reset Relocation Set               0.000 / 0.000         0.002 / 0.004         0.002 / 0.004         0.002 / 0.004       ms
[2025-05-18T20:59:04.122+0300][8224][1648 ][info][gc,stats    ]       Phase: Concurrent Select Relocation Set              0.000 / 0.000         3.604 / 5.181         3.604 / 5.181         3.604 / 5.181       ms
[2025-05-18T20:59:04.122+0300][8224][1648 ][info][gc,stats    ]       Phase: Pause Mark End                                0.000 / 0.000         0.023 / 0.030         0.023 / 0.030         0.023 / 0.030       ms
[2025-05-18T20:59:04.122+0300][8224][1648 ][info][gc,stats    ]       Phase: Pause Mark Start                              0.000 / 0.000         0.009 / 0.013         0.009 / 0.013         0.009 / 0.013       ms
[2025-05-18T20:59:04.122+0300][8224][1648 ][info][gc,stats    ]       Phase: Pause Relocate Start                          0.000 / 0.000         0.117 / 0.339         0.117 / 0.339         0.117 / 0.339       ms
[2025-05-18T20:59:04.122+0300][8224][1648 ][info][gc,stats    ]    Subphase: Concurrent Classes Purge                      0.000 / 0.000         0.751 / 1.365         0.751 / 1.365         0.751 / 1.365       ms
[2025-05-18T20:59:04.122+0300][8224][1648 ][info][gc,stats    ]    Subphase: Concurrent Classes Unlink                     0.000 / 0.000         7.440 / 17.195        7.440 / 17.195        7.440 / 17.195      ms
[2025-05-18T20:59:04.122+0300][8224][1648 ][info][gc,stats    ]    Subphase: Concurrent Mark                               0.000 / 0.000        26.382 / 39.705       26.382 / 39.705       26.382 / 39.705      ms
[2025-05-18T20:59:04.122+0300][8224][1648 ][info][gc,stats    ]    Subphase: Concurrent Mark Try Flush                     0.000 / 0.000         0.162 / 0.534         0.162 / 0.534         0.162 / 0.534       ms
[2025-05-18T20:59:04.122+0300][8224][1648 ][info][gc,stats    ]    Subphase: Concurrent Mark Try Terminate                 0.000 / 0.000         2.033 / 7.628         2.033 / 7.628         2.033 / 7.628       ms
[2025-05-18T20:59:04.122+0300][8224][1648 ][info][gc,stats    ]    Subphase: Concurrent References Enqueue                 0.000 / 0.000         0.004 / 0.004         0.004 / 0.004         0.004 / 0.004       ms
[2025-05-18T20:59:04.122+0300][8224][1648 ][info][gc,stats    ]    Subphase: Concurrent References Process                 0.000 / 0.000         0.256 / 0.336         0.256 / 0.336         0.256 / 0.336       ms
[2025-05-18T20:59:04.122+0300][8224][1648 ][info][gc,stats    ]    Subphase: Concurrent Roots ClassLoaderDataGraph         0.000 / 0.000         0.253 / 1.010         0.253 / 1.010         0.253 / 1.010       ms
[2025-05-18T20:59:04.122+0300][8224][1648 ][info][gc,stats    ]    Subphase: Concurrent Roots CodeCache                    0.000 / 0.000         0.000 / 0.000         0.000 / 0.000         0.000 / 0.000       ms
[2025-05-18T20:59:04.122+0300][8224][1648 ][info][gc,stats    ]    Subphase: Concurrent Roots JavaThreads                  0.000 / 0.000         4.977 / 10.813        4.977 / 10.813        4.977 / 10.813      ms
[2025-05-18T20:59:04.122+0300][8224][1648 ][info][gc,stats    ]    Subphase: Concurrent Roots OopStorageSet                0.000 / 0.000         0.073 / 0.162         0.073 / 0.162         0.073 / 0.162       ms
[2025-05-18T20:59:04.122+0300][8224][1648 ][info][gc,stats    ]    Subphase: Concurrent Weak Roots OopStorageSet           0.000 / 0.000         0.743 / 1.209         0.743 / 1.209         0.743 / 1.209       ms
[2025-05-18T20:59:04.122+0300][8224][1648 ][info][gc,stats    ]    Subphase: Pause Mark Try Complete                       0.000 / 0.000         0.000 / 0.000         0.000 / 0.000         0.000 / 0.000       ms
[2025-05-18T20:59:04.122+0300][8224][1648 ][info][gc,stats    ]      System: Java Threads                                      0 / 0                30 / 34               30 / 34               30 / 34          threads
[2025-05-18T20:59:04.122+0300][8224][1648 ][info][gc,stats    ] =========================================================================================================================================================
[2025-05-18T20:59:14.113+0300][8224][1648 ][info][gc,stats    ] === Garbage Collection Statistics =======================================================================================================================
[2025-05-18T20:59:14.113+0300][8224][1648 ][info][gc,stats    ]                                                              Last 10s              Last 10m              Last 10h                Total
[2025-05-18T20:59:14.113+0300][8224][1648 ][info][gc,stats    ]                                                              Avg / Max             Avg / Max             Avg / Max             Avg / Max
[2025-05-18T20:59:14.113+0300][8224][1648 ][info][gc,stats    ]   Collector: Garbage Collection Cycle                      0.000 / 0.000        52.241 / 60.626       52.241 / 60.626       52.241 / 60.626      ms
[2025-05-18T20:59:14.113+0300][8224][1648 ][info][gc,stats    ]  Contention: Mark Segment Reset Contention                     0 / 0                 0 / 0                 0 / 0                 0 / 0           ops/s
[2025-05-18T20:59:14.113+0300][8224][1648 ][info][gc,stats    ]  Contention: Mark SeqNum Reset Contention                      0 / 0                 0 / 0                 0 / 0                 0 / 0           ops/s
[2025-05-18T20:59:14.113+0300][8224][1648 ][info][gc,stats    ]    Critical: Allocation Stall                                  0 / 0                 0 / 0                 0 / 0                 0 / 0           ops/s
[2025-05-18T20:59:14.113+0300][8224][1648 ][info][gc,stats    ]    Critical: Allocation Stall                              0.000 / 0.000         0.000 / 0.000         0.000 / 0.000         0.000 / 0.000       ms
[2025-05-18T20:59:14.113+0300][8224][1648 ][info][gc,stats    ]    Critical: GC Locker Stall                                   0 / 0                 0 / 0                 0 / 0                 0 / 0           ops/s
[2025-05-18T20:59:14.113+0300][8224][1648 ][info][gc,stats    ]    Critical: GC Locker Stall                               0.000 / 0.000         0.000 / 0.000         0.000 / 0.000         0.000 / 0.000       ms
[2025-05-18T20:59:14.113+0300][8224][1648 ][info][gc,stats    ]    Critical: Relocation Stall                                  0 / 0                 0 / 0                 0 / 0                 0 / 0           ops/s
[2025-05-18T20:59:14.113+0300][8224][1648 ][info][gc,stats    ]    Critical: Relocation Stall                              0.000 / 0.000         0.000 / 0.000         0.000 / 0.000         0.000 / 0.000       ms
[2025-05-18T20:59:14.113+0300][8224][1648 ][info][gc,stats    ]      Memory: Allocation Rate                                  34 / 40               39 / 192              39 / 192              39 / 192         MB/s
[2025-05-18T20:59:14.113+0300][8224][1648 ][info][gc,stats    ]      Memory: Defragment                                        0 / 0                 0 / 0                 0 / 0                 0 / 0           ops/s
[2025-05-18T20:59:14.113+0300][8224][1648 ][info][gc,stats    ]      Memory: Out Of Memory                                     0 / 0                 0 / 0                 0 / 0                 0 / 0           ops/s
[2025-05-18T20:59:14.113+0300][8224][1648 ][info][gc,stats    ]      Memory: Page Cache Flush                                  0 / 0                 0 / 0                 0 / 0                 0 / 0           MB/s
[2025-05-18T20:59:14.113+0300][8224][1648 ][info][gc,stats    ]      Memory: Page Cache Hit L1                                17 / 20               10 / 60               10 / 60               10 / 60          ops/s
[2025-05-18T20:59:14.113+0300][8224][1648 ][info][gc,stats    ]      Memory: Page Cache Hit L2                                 0 / 0                 0 / 0                 0 / 0                 0 / 0           ops/s
[2025-05-18T20:59:14.113+0300][8224][1648 ][info][gc,stats    ]      Memory: Page Cache Hit L3                                 0 / 1                 8 / 33                8 / 33                8 / 33          ops/s
[2025-05-18T20:59:14.113+0300][8224][1648 ][info][gc,stats    ]      Memory: Page Cache Miss                                   0 / 0                 0 / 1                 0 / 1                 0 / 1           ops/s
[2025-05-18T20:59:14.113+0300][8224][1648 ][info][gc,stats    ]      Memory: Uncommit                                          0 / 0                 0 / 0                 0 / 0                 0 / 0           MB/s
[2025-05-18T20:59:14.113+0300][8224][1648 ][info][gc,stats    ]      Memory: Undo Object Allocation Failed                     0 / 0                 0 / 0                 0 / 0                 0 / 0           ops/s
[2025-05-18T20:59:14.113+0300][8224][1648 ][info][gc,stats    ]      Memory: Undo Object Allocation Succeeded                  0 / 0                 0 / 0                 0 / 0                 0 / 0           ops/s
[2025-05-18T20:59:14.114+0300][8224][1648 ][info][gc,stats    ]      Memory: Undo Page Allocation                              0 / 0                 0 / 1                 0 / 1                 0 / 1           ops/s
[2025-05-18T20:59:14.114+0300][8224][1648 ][info][gc,stats    ]       Phase: Concurrent Mark                               0.000 / 0.000        34.647 / 50.687       34.647 / 50.687       34.647 / 50.687      ms
[2025-05-18T20:59:14.114+0300][8224][1648 ][info][gc,stats    ]       Phase: Concurrent Mark Continue                      0.000 / 0.000         0.000 / 0.000         0.000 / 0.000         0.000 / 0.000       ms
[2025-05-18T20:59:14.114+0300][8224][1648 ][info][gc,stats    ]       Phase: Concurrent Mark Free                          0.000 / 0.000         0.001 / 0.001         0.001 / 0.001         0.001 / 0.001       ms
[2025-05-18T20:59:14.114+0300][8224][1648 ][info][gc,stats    ]       Phase: Concurrent Process Non-Strong References      0.000 / 0.000         9.446 / 19.782        9.446 / 19.782        9.446 / 19.782      ms
[2025-05-18T20:59:14.114+0300][8224][1648 ][info][gc,stats    ]       Phase: Concurrent Relocate                           0.000 / 0.000         3.280 / 5.216         3.280 / 5.216         3.280 / 5.216       ms
[2025-05-18T20:59:14.114+0300][8224][1648 ][info][gc,stats    ]       Phase: Concurrent Reset Relocation Set               0.000 / 0.000         0.002 / 0.004         0.002 / 0.004         0.002 / 0.004       ms
[2025-05-18T20:59:14.114+0300][8224][1648 ][info][gc,stats    ]       Phase: Concurrent Select Relocation Set              0.000 / 0.000         3.604 / 5.181         3.604 / 5.181         3.604 / 5.181       ms
[2025-05-18T20:59:14.114+0300][8224][1648 ][info][gc,stats    ]       Phase: Pause Mark End                                0.000 / 0.000         0.023 / 0.030         0.023 / 0.030         0.023 / 0.030       ms
[2025-05-18T20:59:14.114+0300][8224][1648 ][info][gc,stats    ]       Phase: Pause Mark Start                              0.000 / 0.000         0.009 / 0.013         0.009 / 0.013         0.009 / 0.013       ms
[2025-05-18T20:59:14.114+0300][8224][1648 ][info][gc,stats    ]       Phase: Pause Relocate Start                          0.000 / 0.000         0.117 / 0.339         0.117 / 0.339         0.117 / 0.339       ms
[2025-05-18T20:59:14.114+0300][8224][1648 ][info][gc,stats    ]    Subphase: Concurrent Classes Purge                      0.000 / 0.000         0.751 / 1.365         0.751 / 1.365         0.751 / 1.365       ms
[2025-05-18T20:59:14.114+0300][8224][1648 ][info][gc,stats    ]    Subphase: Concurrent Classes Unlink                     0.000 / 0.000         7.440 / 17.195        7.440 / 17.195        7.440 / 17.195      ms
[2025-05-18T20:59:14.114+0300][8224][1648 ][info][gc,stats    ]    Subphase: Concurrent Mark                               0.000 / 0.000        26.382 / 39.705       26.382 / 39.705       26.382 / 39.705      ms
[2025-05-18T20:59:14.114+0300][8224][1648 ][info][gc,stats    ]    Subphase: Concurrent Mark Try Flush                     0.000 / 0.000         0.162 / 0.534         0.162 / 0.534         0.162 / 0.534       ms
[2025-05-18T20:59:14.114+0300][8224][1648 ][info][gc,stats    ]    Subphase: Concurrent Mark Try Terminate                 0.000 / 0.000         2.033 / 7.628         2.033 / 7.628         2.033 / 7.628       ms
[2025-05-18T20:59:14.114+0300][8224][1648 ][info][gc,stats    ]    Subphase: Concurrent References Enqueue                 0.000 / 0.000         0.004 / 0.004         0.004 / 0.004         0.004 / 0.004       ms
[2025-05-18T20:59:14.114+0300][8224][1648 ][info][gc,stats    ]    Subphase: Concurrent References Process                 0.000 / 0.000         0.256 / 0.336         0.256 / 0.336         0.256 / 0.336       ms
[2025-05-18T20:59:14.114+0300][8224][1648 ][info][gc,stats    ]    Subphase: Concurrent Roots ClassLoaderDataGraph         0.000 / 0.000         0.253 / 1.010         0.253 / 1.010         0.253 / 1.010       ms
[2025-05-18T20:59:14.114+0300][8224][1648 ][info][gc,stats    ]    Subphase: Concurrent Roots CodeCache                    0.000 / 0.000         0.000 / 0.000         0.000 / 0.000         0.000 / 0.000       ms
[2025-05-18T20:59:14.114+0300][8224][1648 ][info][gc,stats    ]    Subphase: Concurrent Roots JavaThreads                  0.000 / 0.000         4.977 / 10.813        4.977 / 10.813        4.977 / 10.813      ms
[2025-05-18T20:59:14.114+0300][8224][1648 ][info][gc,stats    ]    Subphase: Concurrent Roots OopStorageSet                0.000 / 0.000         0.073 / 0.162         0.073 / 0.162         0.073 / 0.162       ms
[2025-05-18T20:59:14.114+0300][8224][1648 ][info][gc,stats    ]    Subphase: Concurrent Weak Roots OopStorageSet           0.000 / 0.000         0.743 / 1.209         0.743 / 1.209         0.743 / 1.209       ms
[2025-05-18T20:59:14.115+0300][8224][1648 ][info][gc,stats    ]    Subphase: Pause Mark Try Complete                       0.000 / 0.000         0.000 / 0.000         0.000 / 0.000         0.000 / 0.000       ms
[2025-05-18T20:59:14.115+0300][8224][1648 ][info][gc,stats    ]      System: Java Threads                                      0 / 0                30 / 34               30 / 34               30 / 34          threads
[2025-05-18T20:59:14.115+0300][8224][1648 ][info][gc,stats    ] =========================================================================================================================================================
[2025-05-18T20:59:24.119+0300][8224][1648 ][info][gc,stats    ] === Garbage Collection Statistics =======================================================================================================================
[2025-05-18T20:59:24.119+0300][8224][1648 ][info][gc,stats    ]                                                              Last 10s              Last 10m              Last 10h                Total
[2025-05-18T20:59:24.119+0300][8224][1648 ][info][gc,stats    ]                                                              Avg / Max             Avg / Max             Avg / Max             Avg / Max
[2025-05-18T20:59:24.119+0300][8224][1648 ][info][gc,stats    ]   Collector: Garbage Collection Cycle                      0.000 / 0.000        52.241 / 60.626       52.241 / 60.626       52.241 / 60.626      ms
[2025-05-18T20:59:24.119+0300][8224][1648 ][info][gc,stats    ]  Contention: Mark Segment Reset Contention                     0 / 0                 0 / 0                 0 / 0                 0 / 0           ops/s
[2025-05-18T20:59:24.119+0300][8224][1648 ][info][gc,stats    ]  Contention: Mark SeqNum Reset Contention                      0 / 0                 0 / 0                 0 / 0                 0 / 0           ops/s
[2025-05-18T20:59:24.119+0300][8224][1648 ][info][gc,stats    ]    Critical: Allocation Stall                                  0 / 0                 0 / 0                 0 / 0                 0 / 0           ops/s
[2025-05-18T20:59:24.119+0300][8224][1648 ][info][gc,stats    ]    Critical: Allocation Stall                              0.000 / 0.000         0.000 / 0.000         0.000 / 0.000         0.000 / 0.000       ms
[2025-05-18T20:59:24.119+0300][8224][1648 ][info][gc,stats    ]    Critical: GC Locker Stall                                   0 / 0                 0 / 0                 0 / 0                 0 / 0           ops/s
[2025-05-18T20:59:24.119+0300][8224][1648 ][info][gc,stats    ]    Critical: GC Locker Stall                               0.000 / 0.000         0.000 / 0.000         0.000 / 0.000         0.000 / 0.000       ms
[2025-05-18T20:59:24.119+0300][8224][1648 ][info][gc,stats    ]    Critical: Relocation Stall                                  0 / 0                 0 / 0                 0 / 0                 0 / 0           ops/s
[2025-05-18T20:59:24.119+0300][8224][1648 ][info][gc,stats    ]    Critical: Relocation Stall                              0.000 / 0.000         0.000 / 0.000         0.000 / 0.000         0.000 / 0.000       ms
[2025-05-18T20:59:24.119+0300][8224][1648 ][info][gc,stats    ]      Memory: Allocation Rate                                  34 / 40               38 / 192              38 / 192              38 / 192         MB/s
[2025-05-18T20:59:24.119+0300][8224][1648 ][info][gc,stats    ]      Memory: Defragment                                        0 / 0                 0 / 0                 0 / 0                 0 / 0           ops/s
[2025-05-18T20:59:24.119+0300][8224][1648 ][info][gc,stats    ]      Memory: Out Of Memory                                     0 / 0                 0 / 0                 0 / 0                 0 / 0           ops/s
[2025-05-18T20:59:24.119+0300][8224][1648 ][info][gc,stats    ]      Memory: Page Cache Flush                                  0 / 0                 0 / 0                 0 / 0                 0 / 0           MB/s
[2025-05-18T20:59:24.119+0300][8224][1648 ][info][gc,stats    ]      Memory: Page Cache Hit L1                                 0 / 2                 9 / 60                9 / 60                9 / 60          ops/s
[2025-05-18T20:59:24.119+0300][8224][1648 ][info][gc,stats    ]      Memory: Page Cache Hit L2                                 0 / 0                 0 / 0                 0 / 0                 0 / 0           ops/s
[2025-05-18T20:59:24.119+0300][8224][1648 ][info][gc,stats    ]      Memory: Page Cache Hit L3                                17 / 19                9 / 33                9 / 33                9 / 33          ops/s
[2025-05-18T20:59:24.119+0300][8224][1648 ][info][gc,stats    ]      Memory: Page Cache Miss                                   0 / 0                 0 / 1                 0 / 1                 0 / 1           ops/s
[2025-05-18T20:59:24.119+0300][8224][1648 ][info][gc,stats    ]      Memory: Uncommit                                          0 / 0                 0 / 0                 0 / 0                 0 / 0           MB/s
[2025-05-18T20:59:24.119+0300][8224][1648 ][info][gc,stats    ]      Memory: Undo Object Allocation Failed                     0 / 0                 0 / 0                 0 / 0                 0 / 0           ops/s
[2025-05-18T20:59:24.119+0300][8224][1648 ][info][gc,stats    ]      Memory: Undo Object Allocation Succeeded                  0 / 0                 0 / 0                 0 / 0                 0 / 0           ops/s
[2025-05-18T20:59:24.119+0300][8224][1648 ][info][gc,stats    ]      Memory: Undo Page Allocation                              0 / 2                 0 / 2                 0 / 2                 0 / 2           ops/s
[2025-05-18T20:59:24.119+0300][8224][1648 ][info][gc,stats    ]       Phase: Concurrent Mark                               0.000 / 0.000        34.647 / 50.687       34.647 / 50.687       34.647 / 50.687      ms
[2025-05-18T20:59:24.119+0300][8224][1648 ][info][gc,stats    ]       Phase: Concurrent Mark Continue                      0.000 / 0.000         0.000 / 0.000         0.000 / 0.000         0.000 / 0.000       ms
[2025-05-18T20:59:24.119+0300][8224][1648 ][info][gc,stats    ]       Phase: Concurrent Mark Free                          0.000 / 0.000         0.001 / 0.001         0.001 / 0.001         0.001 / 0.001       ms
[2025-05-18T20:59:24.119+0300][8224][1648 ][info][gc,stats    ]       Phase: Concurrent Process Non-Strong References      0.000 / 0.000         9.446 / 19.782        9.446 / 19.782        9.446 / 19.782      ms
[2025-05-18T20:59:24.119+0300][8224][1648 ][info][gc,stats    ]       Phase: Concurrent Relocate                           0.000 / 0.000         3.280 / 5.216         3.280 / 5.216         3.280 / 5.216       ms
[2025-05-18T20:59:24.119+0300][8224][1648 ][info][gc,stats    ]       Phase: Concurrent Reset Relocation Set               0.000 / 0.000         0.002 / 0.004         0.002 / 0.004         0.002 / 0.004       ms
[2025-05-18T20:59:24.119+0300][8224][1648 ][info][gc,stats    ]       Phase: Concurrent Select Relocation Set              0.000 / 0.000         3.604 / 5.181         3.604 / 5.181         3.604 / 5.181       ms
[2025-05-18T20:59:24.119+0300][8224][1648 ][info][gc,stats    ]       Phase: Pause Mark End                                0.000 / 0.000         0.023 / 0.030         0.023 / 0.030         0.023 / 0.030       ms
[2025-05-18T20:59:24.119+0300][8224][1648 ][info][gc,stats    ]       Phase: Pause Mark Start                              0.000 / 0.000         0.009 / 0.013         0.009 / 0.013         0.009 / 0.013       ms
[2025-05-18T20:59:24.119+0300][8224][1648 ][info][gc,stats    ]       Phase: Pause Relocate Start                          0.000 / 0.000         0.117 / 0.339         0.117 / 0.339         0.117 / 0.339       ms
[2025-05-18T20:59:24.119+0300][8224][1648 ][info][gc,stats    ]    Subphase: Concurrent Classes Purge                      0.000 / 0.000         0.751 / 1.365         0.751 / 1.365         0.751 / 1.365       ms
[2025-05-18T20:59:24.119+0300][8224][1648 ][info][gc,stats    ]    Subphase: Concurrent Classes Unlink                     0.000 / 0.000         7.440 / 17.195        7.440 / 17.195        7.440 / 17.195      ms
[2025-05-18T20:59:24.119+0300][8224][1648 ][info][gc,stats    ]    Subphase: Concurrent Mark                               0.000 / 0.000        26.382 / 39.705       26.382 / 39.705       26.382 / 39.705      ms
[2025-05-18T20:59:24.119+0300][8224][1648 ][info][gc,stats    ]    Subphase: Concurrent Mark Try Flush                     0.000 / 0.000         0.162 / 0.534         0.162 / 0.534         0.162 / 0.534       ms
[2025-05-18T20:59:24.119+0300][8224][1648 ][info][gc,stats    ]    Subphase: Concurrent Mark Try Terminate                 0.000 / 0.000         2.033 / 7.628         2.033 / 7.628         2.033 / 7.628       ms
[2025-05-18T20:59:24.119+0300][8224][1648 ][info][gc,stats    ]    Subphase: Concurrent References Enqueue                 0.000 / 0.000         0.004 / 0.004         0.004 / 0.004         0.004 / 0.004       ms
[2025-05-18T20:59:24.120+0300][8224][1648 ][info][gc,stats    ]    Subphase: Concurrent References Process                 0.000 / 0.000         0.256 / 0.336         0.256 / 0.336         0.256 / 0.336       ms
[2025-05-18T20:59:24.120+0300][8224][1648 ][info][gc,stats    ]    Subphase: Concurrent Roots ClassLoaderDataGraph         0.000 / 0.000         0.253 / 1.010         0.253 / 1.010         0.253 / 1.010       ms
[2025-05-18T20:59:24.120+0300][8224][1648 ][info][gc,stats    ]    Subphase: Concurrent Roots CodeCache                    0.000 / 0.000         0.000 / 0.000         0.000 / 0.000         0.000 / 0.000       ms
[2025-05-18T20:59:24.120+0300][8224][1648 ][info][gc,stats    ]    Subphase: Concurrent Roots JavaThreads                  0.000 / 0.000         4.977 / 10.813        4.977 / 10.813        4.977 / 10.813      ms
[2025-05-18T20:59:24.120+0300][8224][1648 ][info][gc,stats    ]    Subphase: Concurrent Roots OopStorageSet                0.000 / 0.000         0.073 / 0.162         0.073 / 0.162         0.073 / 0.162       ms
[2025-05-18T20:59:24.120+0300][8224][1648 ][info][gc,stats    ]    Subphase: Concurrent Weak Roots OopStorageSet           0.000 / 0.000         0.743 / 1.209         0.743 / 1.209         0.743 / 1.209       ms
[2025-05-18T20:59:24.120+0300][8224][1648 ][info][gc,stats    ]    Subphase: Pause Mark Try Complete                       0.000 / 0.000         0.000 / 0.000         0.000 / 0.000         0.000 / 0.000       ms
[2025-05-18T20:59:24.120+0300][8224][1648 ][info][gc,stats    ]      System: Java Threads                                      0 / 0                30 / 34               30 / 34               30 / 34          threads
[2025-05-18T20:59:24.120+0300][8224][1648 ][info][gc,stats    ] =========================================================================================================================================================
[2025-05-18T20:59:34.116+0300][8224][1648 ][info][gc,stats    ] === Garbage Collection Statistics =======================================================================================================================
[2025-05-18T20:59:34.116+0300][8224][1648 ][info][gc,stats    ]                                                              Last 10s              Last 10m              Last 10h                Total
[2025-05-18T20:59:34.116+0300][8224][1648 ][info][gc,stats    ]                                                              Avg / Max             Avg / Max             Avg / Max             Avg / Max
[2025-05-18T20:59:34.116+0300][8224][1648 ][info][gc,stats    ]   Collector: Garbage Collection Cycle                      0.000 / 0.000        52.241 / 60.626       52.241 / 60.626       52.241 / 60.626      ms
[2025-05-18T20:59:34.116+0300][8224][1648 ][info][gc,stats    ]  Contention: Mark Segment Reset Contention                     0 / 0                 0 / 0                 0 / 0                 0 / 0           ops/s
[2025-05-18T20:59:34.116+0300][8224][1648 ][info][gc,stats    ]  Contention: Mark SeqNum Reset Contention                      0 / 0                 0 / 0                 0 / 0                 0 / 0           ops/s
[2025-05-18T20:59:34.116+0300][8224][1648 ][info][gc,stats    ]    Critical: Allocation Stall                                  0 / 0                 0 / 0                 0 / 0                 0 / 0           ops/s
[2025-05-18T20:59:34.116+0300][8224][1648 ][info][gc,stats    ]    Critical: Allocation Stall                              0.000 / 0.000         0.000 / 0.000         0.000 / 0.000         0.000 / 0.000       ms
[2025-05-18T20:59:34.116+0300][8224][1648 ][info][gc,stats    ]    Critical: GC Locker Stall                                   0 / 0                 0 / 0                 0 / 0                 0 / 0           ops/s
[2025-05-18T20:59:34.116+0300][8224][1648 ][info][gc,stats    ]    Critical: GC Locker Stall                               0.000 / 0.000         0.000 / 0.000         0.000 / 0.000         0.000 / 0.000       ms
[2025-05-18T20:59:34.116+0300][8224][1648 ][info][gc,stats    ]    Critical: Relocation Stall                                  0 / 0                 0 / 0                 0 / 0                 0 / 0           ops/s
[2025-05-18T20:59:34.116+0300][8224][1648 ][info][gc,stats    ]    Critical: Relocation Stall                              0.000 / 0.000         0.000 / 0.000         0.000 / 0.000         0.000 / 0.000       ms
[2025-05-18T20:59:34.116+0300][8224][1648 ][info][gc,stats    ]      Memory: Allocation Rate                                  35 / 42               38 / 192              38 / 192              38 / 192         MB/s
[2025-05-18T20:59:34.116+0300][8224][1648 ][info][gc,stats    ]      Memory: Defragment                                        0 / 0                 0 / 0                 0 / 0                 0 / 0           ops/s
[2025-05-18T20:59:34.116+0300][8224][1648 ][info][gc,stats    ]      Memory: Out Of Memory                                     0 / 0                 0 / 0                 0 / 0                 0 / 0           ops/s
[2025-05-18T20:59:34.116+0300][8224][1648 ][info][gc,stats    ]      Memory: Page Cache Flush                                  0 / 0                 0 / 0                 0 / 0                 0 / 0           MB/s
[2025-05-18T20:59:34.116+0300][8224][1648 ][info][gc,stats    ]      Memory: Page Cache Hit L1                                 0 / 2                 8 / 60                8 / 60                8 / 60          ops/s
[2025-05-18T20:59:34.116+0300][8224][1648 ][info][gc,stats    ]      Memory: Page Cache Hit L2                                 0 / 0                 0 / 0                 0 / 0                 0 / 0           ops/s
[2025-05-18T20:59:34.116+0300][8224][1648 ][info][gc,stats    ]      Memory: Page Cache Hit L3                                17 / 21               10 / 33               10 / 33               10 / 33          ops/s
[2025-05-18T20:59:34.116+0300][8224][1648 ][info][gc,stats    ]      Memory: Page Cache Miss                                   0 / 0                 0 / 1                 0 / 1                 0 / 1           ops/s
[2025-05-18T20:59:34.116+0300][8224][1648 ][info][gc,stats    ]      Memory: Uncommit                                          0 / 0                 0 / 0                 0 / 0                 0 / 0           MB/s
[2025-05-18T20:59:34.116+0300][8224][1648 ][info][gc,stats    ]      Memory: Undo Object Allocation Failed                     0 / 0                 0 / 0                 0 / 0                 0 / 0           ops/s
[2025-05-18T20:59:34.116+0300][8224][1648 ][info][gc,stats    ]      Memory: Undo Object Allocation Succeeded                  0 / 0                 0 / 0                 0 / 0                 0 / 0           ops/s
[2025-05-18T20:59:34.116+0300][8224][1648 ][info][gc,stats    ]      Memory: Undo Page Allocation                              0 / 2                 0 / 2                 0 / 2                 0 / 2           ops/s
[2025-05-18T20:59:34.116+0300][8224][1648 ][info][gc,stats    ]       Phase: Concurrent Mark                               0.000 / 0.000        34.647 / 50.687       34.647 / 50.687       34.647 / 50.687      ms
[2025-05-18T20:59:34.116+0300][8224][1648 ][info][gc,stats    ]       Phase: Concurrent Mark Continue                      0.000 / 0.000         0.000 / 0.000         0.000 / 0.000         0.000 / 0.000       ms
[2025-05-18T20:59:34.116+0300][8224][1648 ][info][gc,stats    ]       Phase: Concurrent Mark Free                          0.000 / 0.000         0.001 / 0.001         0.001 / 0.001         0.001 / 0.001       ms
[2025-05-18T20:59:34.117+0300][8224][1648 ][info][gc,stats    ]       Phase: Concurrent Process Non-Strong References      0.000 / 0.000         9.446 / 19.782        9.446 / 19.782        9.446 / 19.782      ms
[2025-05-18T20:59:34.117+0300][8224][1648 ][info][gc,stats    ]       Phase: Concurrent Relocate                           0.000 / 0.000         3.280 / 5.216         3.280 / 5.216         3.280 / 5.216       ms
[2025-05-18T20:59:34.117+0300][8224][1648 ][info][gc,stats    ]       Phase: Concurrent Reset Relocation Set               0.000 / 0.000         0.002 / 0.004         0.002 / 0.004         0.002 / 0.004       ms
[2025-05-18T20:59:34.117+0300][8224][1648 ][info][gc,stats    ]       Phase: Concurrent Select Relocation Set              0.000 / 0.000         3.604 / 5.181         3.604 / 5.181         3.604 / 5.181       ms
[2025-05-18T20:59:34.117+0300][8224][1648 ][info][gc,stats    ]       Phase: Pause Mark End                                0.000 / 0.000         0.023 / 0.030         0.023 / 0.030         0.023 / 0.030       ms
[2025-05-18T20:59:34.117+0300][8224][1648 ][info][gc,stats    ]       Phase: Pause Mark Start                              0.000 / 0.000         0.009 / 0.013         0.009 / 0.013         0.009 / 0.013       ms
[2025-05-18T20:59:34.117+0300][8224][1648 ][info][gc,stats    ]       Phase: Pause Relocate Start                          0.000 / 0.000         0.117 / 0.339         0.117 / 0.339         0.117 / 0.339       ms
[2025-05-18T20:59:34.117+0300][8224][1648 ][info][gc,stats    ]    Subphase: Concurrent Classes Purge                      0.000 / 0.000         0.751 / 1.365         0.751 / 1.365         0.751 / 1.365       ms
[2025-05-18T20:59:34.117+0300][8224][1648 ][info][gc,stats    ]    Subphase: Concurrent Classes Unlink                     0.000 / 0.000         7.440 / 17.195        7.440 / 17.195        7.440 / 17.195      ms
[2025-05-18T20:59:34.117+0300][8224][1648 ][info][gc,stats    ]    Subphase: Concurrent Mark                               0.000 / 0.000        26.382 / 39.705       26.382 / 39.705       26.382 / 39.705      ms
[2025-05-18T20:59:34.117+0300][8224][1648 ][info][gc,stats    ]    Subphase: Concurrent Mark Try Flush                     0.000 / 0.000         0.162 / 0.534         0.162 / 0.534         0.162 / 0.534       ms
[2025-05-18T20:59:34.117+0300][8224][1648 ][info][gc,stats    ]    Subphase: Concurrent Mark Try Terminate                 0.000 / 0.000         2.033 / 7.628         2.033 / 7.628         2.033 / 7.628       ms
[2025-05-18T20:59:34.117+0300][8224][1648 ][info][gc,stats    ]    Subphase: Concurrent References Enqueue                 0.000 / 0.000         0.004 / 0.004         0.004 / 0.004         0.004 / 0.004       ms
[2025-05-18T20:59:34.117+0300][8224][1648 ][info][gc,stats    ]    Subphase: Concurrent References Process                 0.000 / 0.000         0.256 / 0.336         0.256 / 0.336         0.256 / 0.336       ms
[2025-05-18T20:59:34.117+0300][8224][1648 ][info][gc,stats    ]    Subphase: Concurrent Roots ClassLoaderDataGraph         0.000 / 0.000         0.253 / 1.010         0.253 / 1.010         0.253 / 1.010       ms
[2025-05-18T20:59:34.117+0300][8224][1648 ][info][gc,stats    ]    Subphase: Concurrent Roots CodeCache                    0.000 / 0.000         0.000 / 0.000         0.000 / 0.000         0.000 / 0.000       ms
[2025-05-18T20:59:34.117+0300][8224][1648 ][info][gc,stats    ]    Subphase: Concurrent Roots JavaThreads                  0.000 / 0.000         4.977 / 10.813        4.977 / 10.813        4.977 / 10.813      ms
[2025-05-18T20:59:34.117+0300][8224][1648 ][info][gc,stats    ]    Subphase: Concurrent Roots OopStorageSet                0.000 / 0.000         0.073 / 0.162         0.073 / 0.162         0.073 / 0.162       ms
[2025-05-18T20:59:34.117+0300][8224][1648 ][info][gc,stats    ]    Subphase: Concurrent Weak Roots OopStorageSet           0.000 / 0.000         0.743 / 1.209         0.743 / 1.209         0.743 / 1.209       ms
[2025-05-18T20:59:34.117+0300][8224][1648 ][info][gc,stats    ]    Subphase: Pause Mark Try Complete                       0.000 / 0.000         0.000 / 0.000         0.000 / 0.000         0.000 / 0.000       ms
[2025-05-18T20:59:34.117+0300][8224][1648 ][info][gc,stats    ]      System: Java Threads                                      0 / 0                30 / 34               30 / 34               30 / 34          threads
[2025-05-18T20:59:34.117+0300][8224][1648 ][info][gc,stats    ] =========================================================================================================================================================
[2025-05-18T20:59:44.116+0300][8224][1648 ][info][gc,stats    ] === Garbage Collection Statistics =======================================================================================================================
[2025-05-18T20:59:44.116+0300][8224][1648 ][info][gc,stats    ]                                                              Last 10s              Last 10m              Last 10h                Total
[2025-05-18T20:59:44.116+0300][8224][1648 ][info][gc,stats    ]                                                              Avg / Max             Avg / Max             Avg / Max             Avg / Max
[2025-05-18T20:59:44.116+0300][8224][1648 ][info][gc,stats    ]   Collector: Garbage Collection Cycle                      0.000 / 0.000        52.241 / 60.626       52.241 / 60.626       52.241 / 60.626      ms
[2025-05-18T20:59:44.116+0300][8224][1648 ][info][gc,stats    ]  Contention: Mark Segment Reset Contention                     0 / 0                 0 / 0                 0 / 0                 0 / 0           ops/s
[2025-05-18T20:59:44.116+0300][8224][1648 ][info][gc,stats    ]  Contention: Mark SeqNum Reset Contention                      0 / 0                 0 / 0                 0 / 0                 0 / 0           ops/s
[2025-05-18T20:59:44.116+0300][8224][1648 ][info][gc,stats    ]    Critical: Allocation Stall                                  0 / 0                 0 / 0                 0 / 0                 0 / 0           ops/s
[2025-05-18T20:59:44.116+0300][8224][1648 ][info][gc,stats    ]    Critical: Allocation Stall                              0.000 / 0.000         0.000 / 0.000         0.000 / 0.000         0.000 / 0.000       ms
[2025-05-18T20:59:44.116+0300][8224][1648 ][info][gc,stats    ]    Critical: GC Locker Stall                                   0 / 0                 0 / 0                 0 / 0                 0 / 0           ops/s
[2025-05-18T20:59:44.116+0300][8224][1648 ][info][gc,stats    ]    Critical: GC Locker Stall                               0.000 / 0.000         0.000 / 0.000         0.000 / 0.000         0.000 / 0.000       ms
[2025-05-18T20:59:44.116+0300][8224][1648 ][info][gc,stats    ]    Critical: Relocation Stall                                  0 / 0                 0 / 0                 0 / 0                 0 / 0           ops/s
[2025-05-18T20:59:44.116+0300][8224][1648 ][info][gc,stats    ]    Critical: Relocation Stall                              0.000 / 0.000         0.000 / 0.000         0.000 / 0.000         0.000 / 0.000       ms
[2025-05-18T20:59:44.116+0300][8224][1648 ][info][gc,stats    ]      Memory: Allocation Rate                                  34 / 38               37 / 192              37 / 192              37 / 192         MB/s
[2025-05-18T20:59:44.116+0300][8224][1648 ][info][gc,stats    ]      Memory: Defragment                                        0 / 0                 0 / 0                 0 / 0                 0 / 0           ops/s
[2025-05-18T20:59:44.116+0300][8224][1648 ][info][gc,stats    ]      Memory: Out Of Memory                                     0 / 0                 0 / 0                 0 / 0                 0 / 0           ops/s
[2025-05-18T20:59:44.116+0300][8224][1648 ][info][gc,stats    ]      Memory: Page Cache Flush                                  0 / 0                 0 / 0                 0 / 0                 0 / 0           MB/s
[2025-05-18T20:59:44.116+0300][8224][1648 ][info][gc,stats    ]      Memory: Page Cache Hit L1                                 0 / 0                 7 / 60                7 / 60                7 / 60          ops/s
[2025-05-18T20:59:44.116+0300][8224][1648 ][info][gc,stats    ]      Memory: Page Cache Hit L2                                 0 / 0                 0 / 0                 0 / 0                 0 / 0           ops/s
[2025-05-18T20:59:44.116+0300][8224][1648 ][info][gc,stats    ]      Memory: Page Cache Hit L3                                17 / 19               11 / 33               11 / 33               11 / 33          ops/s
[2025-05-18T20:59:44.116+0300][8224][1648 ][info][gc,stats    ]      Memory: Page Cache Miss                                   0 / 0                 0 / 1                 0 / 1                 0 / 1           ops/s
[2025-05-18T20:59:44.116+0300][8224][1648 ][info][gc,stats    ]      Memory: Uncommit                                          0 / 0                 0 / 0                 0 / 0                 0 / 0           MB/s
[2025-05-18T20:59:44.116+0300][8224][1648 ][info][gc,stats    ]      Memory: Undo Object Allocation Failed                     0 / 0                 0 / 0                 0 / 0                 0 / 0           ops/s
[2025-05-18T20:59:44.116+0300][8224][1648 ][info][gc,stats    ]      Memory: Undo Object Allocation Succeeded                  0 / 0                 0 / 0                 0 / 0                 0 / 0           ops/s
[2025-05-18T20:59:44.116+0300][8224][1648 ][info][gc,stats    ]      Memory: Undo Page Allocation                              0 / 0                 0 / 2                 0 / 2                 0 / 2           ops/s
[2025-05-18T20:59:44.116+0300][8224][1648 ][info][gc,stats    ]       Phase: Concurrent Mark                               0.000 / 0.000        34.647 / 50.687       34.647 / 50.687       34.647 / 50.687      ms
[2025-05-18T20:59:44.116+0300][8224][1648 ][info][gc,stats    ]       Phase: Concurrent Mark Continue                      0.000 / 0.000         0.000 / 0.000         0.000 / 0.000         0.000 / 0.000       ms
[2025-05-18T20:59:44.116+0300][8224][1648 ][info][gc,stats    ]       Phase: Concurrent Mark Free                          0.000 / 0.000         0.001 / 0.001         0.001 / 0.001         0.001 / 0.001       ms
[2025-05-18T20:59:44.116+0300][8224][1648 ][info][gc,stats    ]       Phase: Concurrent Process Non-Strong References      0.000 / 0.000         9.446 / 19.782        9.446 / 19.782        9.446 / 19.782      ms
[2025-05-18T20:59:44.116+0300][8224][1648 ][info][gc,stats    ]       Phase: Concurrent Relocate                           0.000 / 0.000         3.280 / 5.216         3.280 / 5.216         3.280 / 5.216       ms
[2025-05-18T20:59:44.116+0300][8224][1648 ][info][gc,stats    ]       Phase: Concurrent Reset Relocation Set               0.000 / 0.000         0.002 / 0.004         0.002 / 0.004         0.002 / 0.004       ms
[2025-05-18T20:59:44.116+0300][8224][1648 ][info][gc,stats    ]       Phase: Concurrent Select Relocation Set              0.000 / 0.000         3.604 / 5.181         3.604 / 5.181         3.604 / 5.181       ms
[2025-05-18T20:59:44.116+0300][8224][1648 ][info][gc,stats    ]       Phase: Pause Mark End                                0.000 / 0.000         0.023 / 0.030         0.023 / 0.030         0.023 / 0.030       ms
[2025-05-18T20:59:44.116+0300][8224][1648 ][info][gc,stats    ]       Phase: Pause Mark Start                              0.000 / 0.000         0.009 / 0.013         0.009 / 0.013         0.009 / 0.013       ms
[2025-05-18T20:59:44.116+0300][8224][1648 ][info][gc,stats    ]       Phase: Pause Relocate Start                          0.000 / 0.000         0.117 / 0.339         0.117 / 0.339         0.117 / 0.339       ms
[2025-05-18T20:59:44.116+0300][8224][1648 ][info][gc,stats    ]    Subphase: Concurrent Classes Purge                      0.000 / 0.000         0.751 / 1.365         0.751 / 1.365         0.751 / 1.365       ms
[2025-05-18T20:59:44.116+0300][8224][1648 ][info][gc,stats    ]    Subphase: Concurrent Classes Unlink                     0.000 / 0.000         7.440 / 17.195        7.440 / 17.195        7.440 / 17.195      ms
[2025-05-18T20:59:44.116+0300][8224][1648 ][info][gc,stats    ]    Subphase: Concurrent Mark                               0.000 / 0.000        26.382 / 39.705       26.382 / 39.705       26.382 / 39.705      ms
[2025-05-18T20:59:44.116+0300][8224][1648 ][info][gc,stats    ]    Subphase: Concurrent Mark Try Flush                     0.000 / 0.000         0.162 / 0.534         0.162 / 0.534         0.162 / 0.534       ms
[2025-05-18T20:59:44.116+0300][8224][1648 ][info][gc,stats    ]    Subphase: Concurrent Mark Try Terminate                 0.000 / 0.000         2.033 / 7.628         2.033 / 7.628         2.033 / 7.628       ms
[2025-05-18T20:59:44.116+0300][8224][1648 ][info][gc,stats    ]    Subphase: Concurrent References Enqueue                 0.000 / 0.000         0.004 / 0.004         0.004 / 0.004         0.004 / 0.004       ms
[2025-05-18T20:59:44.116+0300][8224][1648 ][info][gc,stats    ]    Subphase: Concurrent References Process                 0.000 / 0.000         0.256 / 0.336         0.256 / 0.336         0.256 / 0.336       ms
[2025-05-18T20:59:44.117+0300][8224][1648 ][info][gc,stats    ]    Subphase: Concurrent Roots ClassLoaderDataGraph         0.000 / 0.000         0.253 / 1.010         0.253 / 1.010         0.253 / 1.010       ms
[2025-05-18T20:59:44.117+0300][8224][1648 ][info][gc,stats    ]    Subphase: Concurrent Roots CodeCache                    0.000 / 0.000         0.000 / 0.000         0.000 / 0.000         0.000 / 0.000       ms
[2025-05-18T20:59:44.117+0300][8224][1648 ][info][gc,stats    ]    Subphase: Concurrent Roots JavaThreads                  0.000 / 0.000         4.977 / 10.813        4.977 / 10.813        4.977 / 10.813      ms
[2025-05-18T20:59:44.117+0300][8224][1648 ][info][gc,stats    ]    Subphase: Concurrent Roots OopStorageSet                0.000 / 0.000         0.073 / 0.162         0.073 / 0.162         0.073 / 0.162       ms
[2025-05-18T20:59:44.117+0300][8224][1648 ][info][gc,stats    ]    Subphase: Concurrent Weak Roots OopStorageSet           0.000 / 0.000         0.743 / 1.209         0.743 / 1.209         0.743 / 1.209       ms
[2025-05-18T20:59:44.117+0300][8224][1648 ][info][gc,stats    ]    Subphase: Pause Mark Try Complete                       0.000 / 0.000         0.000 / 0.000         0.000 / 0.000         0.000 / 0.000       ms
[2025-05-18T20:59:44.117+0300][8224][1648 ][info][gc,stats    ]      System: Java Threads                                      0 / 0                30 / 34               30 / 34               30 / 34          threads
[2025-05-18T20:59:44.117+0300][8224][1648 ][info][gc,stats    ] =========================================================================================================================================================
[2025-05-18T20:59:49.323+0300][8224][10156][info][gc,start    ] GC(3) Garbage Collection (Warmup)
[2025-05-18T20:59:49.323+0300][8224][10156][info][gc,task     ] GC(3) Using 2 workers
[2025-05-18T20:59:49.323+0300][8224][23060][info][gc,phases   ] GC(3) Pause Mark Start 0.013ms
[2025-05-18T20:59:49.353+0300][8224][10156][info][gc,phases   ] GC(3) Concurrent Mark 29.909ms
[2025-05-18T20:59:49.353+0300][8224][23060][info][gc,phases   ] GC(3) Pause Mark End 0.024ms
[2025-05-18T20:59:49.353+0300][8224][10156][info][gc,phases   ] GC(3) Concurrent Mark Free 0.001ms
[2025-05-18T20:59:49.362+0300][8224][10156][info][gc,phases   ] GC(3) Concurrent Process Non-Strong References 9.247ms
[2025-05-18T20:59:49.362+0300][8224][10156][info][gc,phases   ] GC(3) Concurrent Reset Relocation Set 0.006ms
[2025-05-18T20:59:49.365+0300][8224][10156][info][gc,phases   ] GC(3) Concurrent Select Relocation Set 3.040ms
[2025-05-18T20:59:49.365+0300][8224][23060][info][gc,phases   ] GC(3) Pause Relocate Start 0.006ms
[2025-05-18T20:59:49.366+0300][8224][10156][info][gc,phases   ] GC(3) Concurrent Relocate 0.646ms
[2025-05-18T20:59:49.366+0300][8224][10156][info][gc,load     ] GC(3) Load: 0.00/0.00/0.00
[2025-05-18T20:59:49.366+0300][8224][10156][info][gc,mmu      ] GC(3) MMU: 2ms/83.1%, 5ms/93.2%, 10ms/96.3%, 20ms/98.2%, 50ms/99.3%, 100ms/99.6%
[2025-05-18T20:59:49.366+0300][8224][10156][info][gc,marking  ] GC(3) Mark: 2 stripe(s), 2 proactive flush(es), 1 terminate flush(es), 0 completion(s), 0 continuation(s) 
[2025-05-18T20:59:49.366+0300][8224][10156][info][gc,marking  ] GC(3) Mark Stack Usage: 32M
[2025-05-18T20:59:49.366+0300][8224][10156][info][gc,nmethod  ] GC(3) NMethods: 8123 registered, 1593 unregistered
[2025-05-18T20:59:49.366+0300][8224][10156][info][gc,metaspace] GC(3) Metaspace: 33M used, 34M committed, 1088M reserved
[2025-05-18T20:59:49.366+0300][8224][10156][info][gc,ref      ] GC(3) Soft: 4642 encountered, 0 discovered, 0 enqueued
[2025-05-18T20:59:49.366+0300][8224][10156][info][gc,ref      ] GC(3) Weak: 3374 encountered, 515 discovered, 2 enqueued
[2025-05-18T20:59:49.366+0300][8224][10156][info][gc,ref      ] GC(3) Final: 3 encountered, 1 discovered, 0 enqueued
[2025-05-18T20:59:49.366+0300][8224][10156][info][gc,ref      ] GC(3) Phantom: 277 encountered, 244 discovered, 0 enqueued
[2025-05-18T20:59:49.366+0300][8224][10156][info][gc,reloc    ] GC(3) Small Pages: 1213 / 2426M, Empty: 2120M, Relocated: 1M, In-Place: 0
[2025-05-18T20:59:49.366+0300][8224][10156][info][gc,reloc    ] GC(3) Medium Pages: 1 / 32M, Empty: 0M, Relocated: 0M, In-Place: 0
[2025-05-18T20:59:49.366+0300][8224][10156][info][gc,reloc    ] GC(3) Large Pages: 0 / 0M, Empty: 0M, Relocated: 0M, In-Place: 0
[2025-05-18T20:59:49.366+0300][8224][10156][info][gc,reloc    ] GC(3) Forwarding Usage: 0M
[2025-05-18T20:59:49.366+0300][8224][10156][info][gc,heap     ] GC(3) Min Capacity: 12288M(100%)
[2025-05-18T20:59:49.366+0300][8224][10156][info][gc,heap     ] GC(3) Max Capacity: 12288M(100%)
[2025-05-18T20:59:49.366+0300][8224][10156][info][gc,heap     ] GC(3) Soft Max Capacity: 12288M(100%)
[2025-05-18T20:59:49.366+0300][8224][10156][info][gc,heap     ] GC(3)                Mark Start          Mark End        Relocate Start      Relocate End           High               Low         
[2025-05-18T20:59:49.366+0300][8224][10156][info][gc,heap     ] GC(3)  Capacity:    12288M (100%)      12288M (100%)      12288M (100%)      12288M (100%)      12288M (100%)      12288M (100%)   
[2025-05-18T20:59:49.366+0300][8224][10156][info][gc,heap     ] GC(3)      Free:     9830M (80%)        9818M (80%)       11934M (97%)       12218M (99%)       12218M (99%)        9814M (80%)    
[2025-05-18T20:59:49.366+0300][8224][10156][info][gc,heap     ] GC(3)      Used:     2458M (20%)        2470M (20%)         354M (3%)           70M (1%)         2474M (20%)          70M (1%)     
[2025-05-18T20:59:49.366+0300][8224][10156][info][gc,heap     ] GC(3)      Live:         -                18M (0%)           18M (0%)           18M (0%)             -                  -          
[2025-05-18T20:59:49.366+0300][8224][10156][info][gc,heap     ] GC(3) Allocated:         -                12M (0%)           16M (0%)           16M (0%)             -                  -          
[2025-05-18T20:59:49.366+0300][8224][10156][info][gc,heap     ] GC(3)   Garbage:         -              2439M (20%)         319M (3%)           35M (0%)             -                  -          
[2025-05-18T20:59:49.366+0300][8224][10156][info][gc,heap     ] GC(3) Reclaimed:         -                  -              2120M (17%)        2404M (20%)            -                  -          
[2025-05-18T20:59:49.366+0300][8224][10156][info][gc          ] GC(3) Garbage Collection (Warmup) 2458M(20%)->70M(1%)
[2025-05-18T20:59:54.125+0300][8224][1648 ][info][gc,stats    ] === Garbage Collection Statistics =======================================================================================================================
[2025-05-18T20:59:54.125+0300][8224][1648 ][info][gc,stats    ]                                                              Last 10s              Last 10m              Last 10h                Total
[2025-05-18T20:59:54.125+0300][8224][1648 ][info][gc,stats    ]                                                              Avg / Max             Avg / Max             Avg / Max             Avg / Max
[2025-05-18T20:59:54.125+0300][8224][1648 ][info][gc,stats    ]   Collector: Garbage Collection Cycle                     43.897 / 43.897       50.155 / 60.626       50.155 / 60.626       50.155 / 60.626      ms
[2025-05-18T20:59:54.125+0300][8224][1648 ][info][gc,stats    ]  Contention: Mark Segment Reset Contention                     0 / 0                 0 / 0                 0 / 0                 0 / 0           ops/s
[2025-05-18T20:59:54.125+0300][8224][1648 ][info][gc,stats    ]  Contention: Mark SeqNum Reset Contention                      0 / 0                 0 / 0                 0 / 0                 0 / 0           ops/s
[2025-05-18T20:59:54.125+0300][8224][1648 ][info][gc,stats    ]    Critical: Allocation Stall                                  0 / 0                 0 / 0                 0 / 0                 0 / 0           ops/s
[2025-05-18T20:59:54.125+0300][8224][1648 ][info][gc,stats    ]    Critical: Allocation Stall                              0.000 / 0.000         0.000 / 0.000         0.000 / 0.000         0.000 / 0.000       ms
[2025-05-18T20:59:54.125+0300][8224][1648 ][info][gc,stats    ]    Critical: GC Locker Stall                                   0 / 0                 0 / 0                 0 / 0                 0 / 0           ops/s
[2025-05-18T20:59:54.125+0300][8224][1648 ][info][gc,stats    ]    Critical: GC Locker Stall                               0.000 / 0.000         0.000 / 0.000         0.000 / 0.000         0.000 / 0.000       ms
[2025-05-18T20:59:54.125+0300][8224][1648 ][info][gc,stats    ]    Critical: Relocation Stall                                  0 / 0                 0 / 0                 0 / 0                 0 / 0           ops/s
[2025-05-18T20:59:54.125+0300][8224][1648 ][info][gc,stats    ]    Critical: Relocation Stall                              0.000 / 0.000         0.000 / 0.000         0.000 / 0.000         0.000 / 0.000       ms
[2025-05-18T20:59:54.125+0300][8224][1648 ][info][gc,stats    ]      Memory: Allocation Rate                                  36 / 52               37 / 192              37 / 192              37 / 192         MB/s
[2025-05-18T20:59:54.125+0300][8224][1648 ][info][gc,stats    ]      Memory: Defragment                                        0 / 0                 0 / 0                 0 / 0                 0 / 0           ops/s
[2025-05-18T20:59:54.125+0300][8224][1648 ][info][gc,stats    ]      Memory: Out Of Memory                                     0 / 0                 0 / 0                 0 / 0                 0 / 0           ops/s
[2025-05-18T20:59:54.125+0300][8224][1648 ][info][gc,stats    ]      Memory: Page Cache Flush                                  0 / 0                 0 / 0                 0 / 0                 0 / 0           MB/s
[2025-05-18T20:59:54.125+0300][8224][1648 ][info][gc,stats    ]      Memory: Page Cache Hit L1                                 8 / 19                7 / 60                7 / 60                7 / 60          ops/s
[2025-05-18T20:59:54.125+0300][8224][1648 ][info][gc,stats    ]      Memory: Page Cache Hit L2                                 0 / 0                 0 / 0                 0 / 0                 0 / 0           ops/s
[2025-05-18T20:59:54.125+0300][8224][1648 ][info][gc,stats    ]      Memory: Page Cache Hit L3                                 9 / 19               11 / 33               11 / 33               11 / 33          ops/s
[2025-05-18T20:59:54.125+0300][8224][1648 ][info][gc,stats    ]      Memory: Page Cache Miss                                   0 / 0                 0 / 1                 0 / 1                 0 / 1           ops/s
[2025-05-18T20:59:54.125+0300][8224][1648 ][info][gc,stats    ]      Memory: Uncommit                                          0 / 0                 0 / 0                 0 / 0                 0 / 0           MB/s
[2025-05-18T20:59:54.125+0300][8224][1648 ][info][gc,stats    ]      Memory: Undo Object Allocation Failed                     0 / 0                 0 / 0                 0 / 0                 0 / 0           ops/s
[2025-05-18T20:59:54.125+0300][8224][1648 ][info][gc,stats    ]      Memory: Undo Object Allocation Succeeded                  0 / 0                 0 / 0                 0 / 0                 0 / 0           ops/s
[2025-05-18T20:59:54.126+0300][8224][1648 ][info][gc,stats    ]      Memory: Undo Page Allocation                              0 / 3                 0 / 3                 0 / 3                 0 / 3           ops/s
[2025-05-18T20:59:54.126+0300][8224][1648 ][info][gc,stats    ]       Phase: Concurrent Mark                              29.909 / 29.909       33.463 / 50.687       33.463 / 50.687       33.463 / 50.687      ms
[2025-05-18T20:59:54.126+0300][8224][1648 ][info][gc,stats    ]       Phase: Concurrent Mark Continue                      0.000 / 0.000         0.000 / 0.000         0.000 / 0.000         0.000 / 0.000       ms
[2025-05-18T20:59:54.126+0300][8224][1648 ][info][gc,stats    ]       Phase: Concurrent Mark Free                          0.001 / 0.001         0.001 / 0.001         0.001 / 0.001         0.001 / 0.001       ms
[2025-05-18T20:59:54.126+0300][8224][1648 ][info][gc,stats    ]       Phase: Concurrent Process Non-Strong References      9.247 / 9.247         9.396 / 19.782        9.396 / 19.782        9.396 / 19.782      ms
[2025-05-18T20:59:54.126+0300][8224][1648 ][info][gc,stats    ]       Phase: Concurrent Relocate                           0.646 / 0.646         2.622 / 5.216         2.622 / 5.216         2.622 / 5.216       ms
[2025-05-18T20:59:54.126+0300][8224][1648 ][info][gc,stats    ]       Phase: Concurrent Reset Relocation Set               0.006 / 0.006         0.003 / 0.006         0.003 / 0.006         0.003 / 0.006       ms
[2025-05-18T20:59:54.126+0300][8224][1648 ][info][gc,stats    ]       Phase: Concurrent Select Relocation Set              3.040 / 3.040         3.463 / 5.181         3.463 / 5.181         3.463 / 5.181       ms
[2025-05-18T20:59:54.126+0300][8224][1648 ][info][gc,stats    ]       Phase: Pause Mark End                                0.024 / 0.024         0.023 / 0.030         0.023 / 0.030         0.023 / 0.030       ms
[2025-05-18T20:59:54.126+0300][8224][1648 ][info][gc,stats    ]       Phase: Pause Mark Start                              0.013 / 0.013         0.010 / 0.013         0.010 / 0.013         0.010 / 0.013       ms
[2025-05-18T20:59:54.126+0300][8224][1648 ][info][gc,stats    ]       Phase: Pause Relocate Start                          0.006 / 0.006         0.089 / 0.339         0.089 / 0.339         0.089 / 0.339       ms
[2025-05-18T20:59:54.126+0300][8224][1648 ][info][gc,stats    ]    Subphase: Concurrent Classes Purge                      0.323 / 0.323         0.644 / 1.365         0.644 / 1.365         0.644 / 1.365       ms
[2025-05-18T20:59:54.126+0300][8224][1648 ][info][gc,stats    ]    Subphase: Concurrent Classes Unlink                     7.635 / 7.635         7.489 / 17.195        7.489 / 17.195        7.489 / 17.195      ms
[2025-05-18T20:59:54.126+0300][8224][1648 ][info][gc,stats    ]    Subphase: Concurrent Mark                              22.111 / 28.783       25.314 / 39.705       25.314 / 39.705       25.314 / 39.705      ms
[2025-05-18T20:59:54.126+0300][8224][1648 ][info][gc,stats    ]    Subphase: Concurrent Mark Try Flush                     0.178 / 0.205         0.167 / 0.534         0.167 / 0.534         0.167 / 0.534       ms
[2025-05-18T20:59:54.126+0300][8224][1648 ][info][gc,stats    ]    Subphase: Concurrent Mark Try Terminate                 4.880 / 14.435        2.745 / 14.435        2.745 / 14.435        2.745 / 14.435      ms
[2025-05-18T20:59:54.126+0300][8224][1648 ][info][gc,stats    ]    Subphase: Concurrent References Enqueue                 0.003 / 0.003         0.003 / 0.004         0.003 / 0.004         0.003 / 0.004       ms
[2025-05-18T20:59:54.126+0300][8224][1648 ][info][gc,stats    ]    Subphase: Concurrent References Process                 0.119 / 0.119         0.222 / 0.336         0.222 / 0.336         0.222 / 0.336       ms
[2025-05-18T20:59:54.126+0300][8224][1648 ][info][gc,stats    ]    Subphase: Concurrent Roots ClassLoaderDataGraph         0.201 / 0.382         0.240 / 1.010         0.240 / 1.010         0.240 / 1.010       ms
[2025-05-18T20:59:54.126+0300][8224][1648 ][info][gc,stats    ]    Subphase: Concurrent Roots CodeCache                    0.000 / 0.000         0.000 / 0.000         0.000 / 0.000         0.000 / 0.000       ms
[2025-05-18T20:59:54.126+0300][8224][1648 ][info][gc,stats    ]    Subphase: Concurrent Roots JavaThreads                  0.640 / 0.789         3.893 / 10.813        3.893 / 10.813        3.893 / 10.813      ms
[2025-05-18T20:59:54.126+0300][8224][1648 ][info][gc,stats    ]    Subphase: Concurrent Roots OopStorageSet                0.181 / 0.211         0.104 / 0.211         0.104 / 0.211         0.104 / 0.211       ms
[2025-05-18T20:59:54.126+0300][8224][1648 ][info][gc,stats    ]    Subphase: Concurrent Weak Roots OopStorageSet           0.798 / 0.798         0.757 / 1.209         0.757 / 1.209         0.757 / 1.209       ms
[2025-05-18T20:59:54.126+0300][8224][1648 ][info][gc,stats    ]    Subphase: Pause Mark Try Complete                       0.000 / 0.000         0.000 / 0.000         0.000 / 0.000         0.000 / 0.000       ms
[2025-05-18T20:59:54.126+0300][8224][1648 ][info][gc,stats    ]      System: Java Threads                                     32 / 32               30 / 34               30 / 34               30 / 34          threads
[2025-05-18T20:59:54.126+0300][8224][1648 ][info][gc,stats    ] =========================================================================================================================================================
[2025-05-18T21:00:04.125+0300][8224][1648 ][info][gc,stats    ] === Garbage Collection Statistics =======================================================================================================================
[2025-05-18T21:00:04.125+0300][8224][1648 ][info][gc,stats    ]                                                              Last 10s              Last 10m              Last 10h                Total
[2025-05-18T21:00:04.125+0300][8224][1648 ][info][gc,stats    ]                                                              Avg / Max             Avg / Max             Avg / Max             Avg / Max
[2025-05-18T21:00:04.125+0300][8224][1648 ][info][gc,stats    ]   Collector: Garbage Collection Cycle                      0.000 / 0.000        50.155 / 60.626       50.155 / 60.626       50.155 / 60.626      ms
[2025-05-18T21:00:04.125+0300][8224][1648 ][info][gc,stats    ]  Contention: Mark Segment Reset Contention                     0 / 0                 0 / 0                 0 / 0                 0 / 0           ops/s
[2025-05-18T21:00:04.125+0300][8224][1648 ][info][gc,stats    ]  Contention: Mark SeqNum Reset Contention                      0 / 0                 0 / 0                 0 / 0                 0 / 0           ops/s
[2025-05-18T21:00:04.125+0300][8224][1648 ][info][gc,stats    ]    Critical: Allocation Stall                                  0 / 0                 0 / 0                 0 / 0                 0 / 0           ops/s
[2025-05-18T21:00:04.125+0300][8224][1648 ][info][gc,stats    ]    Critical: Allocation Stall                              0.000 / 0.000         0.000 / 0.000         0.000 / 0.000         0.000 / 0.000       ms
[2025-05-18T21:00:04.125+0300][8224][1648 ][info][gc,stats    ]    Critical: GC Locker Stall                                   0 / 0                 0 / 0                 0 / 0                 0 / 0           ops/s
[2025-05-18T21:00:04.125+0300][8224][1648 ][info][gc,stats    ]    Critical: GC Locker Stall                               0.000 / 0.000         0.000 / 0.000         0.000 / 0.000         0.000 / 0.000       ms
[2025-05-18T21:00:04.125+0300][8224][1648 ][info][gc,stats    ]    Critical: Relocation Stall                                  0 / 0                 0 / 0                 0 / 0                 0 / 0           ops/s
[2025-05-18T21:00:04.125+0300][8224][1648 ][info][gc,stats    ]    Critical: Relocation Stall                              0.000 / 0.000         0.000 / 0.000         0.000 / 0.000         0.000 / 0.000       ms
[2025-05-18T21:00:04.125+0300][8224][1648 ][info][gc,stats    ]      Memory: Allocation Rate                                  34 / 36               37 / 192              37 / 192              37 / 192         MB/s
[2025-05-18T21:00:04.125+0300][8224][1648 ][info][gc,stats    ]      Memory: Defragment                                        0 / 0                 0 / 0                 0 / 0                 0 / 0           ops/s
[2025-05-18T21:00:04.125+0300][8224][1648 ][info][gc,stats    ]      Memory: Out Of Memory                                     0 / 0                 0 / 0                 0 / 0                 0 / 0           ops/s
[2025-05-18T21:00:04.125+0300][8224][1648 ][info][gc,stats    ]      Memory: Page Cache Flush                                  0 / 0                 0 / 0                 0 / 0                 0 / 0           MB/s
[2025-05-18T21:00:04.125+0300][8224][1648 ][info][gc,stats    ]      Memory: Page Cache Hit L1                                17 / 18                8 / 60                8 / 60                8 / 60          ops/s
[2025-05-18T21:00:04.125+0300][8224][1648 ][info][gc,stats    ]      Memory: Page Cache Hit L2                                 0 / 0                 0 / 0                 0 / 0                 0 / 0           ops/s
[2025-05-18T21:00:04.125+0300][8224][1648 ][info][gc,stats    ]      Memory: Page Cache Hit L3                                 0 / 0                10 / 33               10 / 33               10 / 33          ops/s
[2025-05-18T21:00:04.125+0300][8224][1648 ][info][gc,stats    ]      Memory: Page Cache Miss                                   0 / 0                 0 / 1                 0 / 1                 0 / 1           ops/s
[2025-05-18T21:00:04.125+0300][8224][1648 ][info][gc,stats    ]      Memory: Uncommit                                          0 / 0                 0 / 0                 0 / 0                 0 / 0           MB/s
[2025-05-18T21:00:04.125+0300][8224][1648 ][info][gc,stats    ]      Memory: Undo Object Allocation Failed                     0 / 0                 0 / 0                 0 / 0                 0 / 0           ops/s
[2025-05-18T21:00:04.125+0300][8224][1648 ][info][gc,stats    ]      Memory: Undo Object Allocation Succeeded                  0 / 0                 0 / 0                 0 / 0                 0 / 0           ops/s
[2025-05-18T21:00:04.125+0300][8224][1648 ][info][gc,stats    ]      Memory: Undo Page Allocation                              0 / 0                 0 / 3                 0 / 3                 0 / 3           ops/s
[2025-05-18T21:00:04.125+0300][8224][1648 ][info][gc,stats    ]       Phase: Concurrent Mark                               0.000 / 0.000        33.463 / 50.687       33.463 / 50.687       33.463 / 50.687      ms
[2025-05-18T21:00:04.125+0300][8224][1648 ][info][gc,stats    ]       Phase: Concurrent Mark Continue                      0.000 / 0.000         0.000 / 0.000         0.000 / 0.000         0.000 / 0.000       ms
[2025-05-18T21:00:04.125+0300][8224][1648 ][info][gc,stats    ]       Phase: Concurrent Mark Free                          0.000 / 0.000         0.001 / 0.001         0.001 / 0.001         0.001 / 0.001       ms
[2025-05-18T21:00:04.125+0300][8224][1648 ][info][gc,stats    ]       Phase: Concurrent Process Non-Strong References      0.000 / 0.000         9.396 / 19.782        9.396 / 19.782        9.396 / 19.782      ms
[2025-05-18T21:00:04.125+0300][8224][1648 ][info][gc,stats    ]       Phase: Concurrent Relocate                           0.000 / 0.000         2.622 / 5.216         2.622 / 5.216         2.622 / 5.216       ms
[2025-05-18T21:00:04.125+0300][8224][1648 ][info][gc,stats    ]       Phase: Concurrent Reset Relocation Set               0.000 / 0.000         0.003 / 0.006         0.003 / 0.006         0.003 / 0.006       ms
[2025-05-18T21:00:04.125+0300][8224][1648 ][info][gc,stats    ]       Phase: Concurrent Select Relocation Set              0.000 / 0.000         3.463 / 5.181         3.463 / 5.181         3.463 / 5.181       ms
[2025-05-18T21:00:04.125+0300][8224][1648 ][info][gc,stats    ]       Phase: Pause Mark End                                0.000 / 0.000         0.023 / 0.030         0.023 / 0.030         0.023 / 0.030       ms
[2025-05-18T21:00:04.125+0300][8224][1648 ][info][gc,stats    ]       Phase: Pause Mark Start                              0.000 / 0.000         0.010 / 0.013         0.010 / 0.013         0.010 / 0.013       ms
[2025-05-18T21:00:04.125+0300][8224][1648 ][info][gc,stats    ]       Phase: Pause Relocate Start                          0.000 / 0.000         0.089 / 0.339         0.089 / 0.339         0.089 / 0.339       ms
[2025-05-18T21:00:04.125+0300][8224][1648 ][info][gc,stats    ]    Subphase: Concurrent Classes Purge                      0.000 / 0.000         0.644 / 1.365         0.644 / 1.365         0.644 / 1.365       ms
[2025-05-18T21:00:04.125+0300][8224][1648 ][info][gc,stats    ]    Subphase: Concurrent Classes Unlink                     0.000 / 0.000         7.489 / 17.195        7.489 / 17.195        7.489 / 17.195      ms
[2025-05-18T21:00:04.125+0300][8224][1648 ][info][gc,stats    ]    Subphase: Concurrent Mark                               0.000 / 0.000        25.314 / 39.705       25.314 / 39.705       25.314 / 39.705      ms
[2025-05-18T21:00:04.125+0300][8224][1648 ][info][gc,stats    ]    Subphase: Concurrent Mark Try Flush                     0.000 / 0.000         0.167 / 0.534         0.167 / 0.534         0.167 / 0.534       ms
[2025-05-18T21:00:04.125+0300][8224][1648 ][info][gc,stats    ]    Subphase: Concurrent Mark Try Terminate                 0.000 / 0.000         2.745 / 14.435        2.745 / 14.435        2.745 / 14.435      ms
[2025-05-18T21:00:04.125+0300][8224][1648 ][info][gc,stats    ]    Subphase: Concurrent References Enqueue                 0.000 / 0.000         0.003 / 0.004         0.003 / 0.004         0.003 / 0.004       ms
[2025-05-18T21:00:04.125+0300][8224][1648 ][info][gc,stats    ]    Subphase: Concurrent References Process                 0.000 / 0.000         0.222 / 0.336         0.222 / 0.336         0.222 / 0.336       ms
[2025-05-18T21:00:04.125+0300][8224][1648 ][info][gc,stats    ]    Subphase: Concurrent Roots ClassLoaderDataGraph         0.000 / 0.000         0.240 / 1.010         0.240 / 1.010         0.240 / 1.010       ms
[2025-05-18T21:00:04.125+0300][8224][1648 ][info][gc,stats    ]    Subphase: Concurrent Roots CodeCache                    0.000 / 0.000         0.000 / 0.000         0.000 / 0.000         0.000 / 0.000       ms
[2025-05-18T21:00:04.125+0300][8224][1648 ][info][gc,stats    ]    Subphase: Concurrent Roots JavaThreads                  0.000 / 0.000         3.893 / 10.813        3.893 / 10.813        3.893 / 10.813      ms
[2025-05-18T21:00:04.125+0300][8224][1648 ][info][gc,stats    ]    Subphase: Concurrent Roots OopStorageSet                0.000 / 0.000         0.104 / 0.211         0.104 / 0.211         0.104 / 0.211       ms
[2025-05-18T21:00:04.125+0300][8224][1648 ][info][gc,stats    ]    Subphase: Concurrent Weak Roots OopStorageSet           0.000 / 0.000         0.757 / 1.209         0.757 / 1.209         0.757 / 1.209       ms
[2025-05-18T21:00:04.125+0300][8224][1648 ][info][gc,stats    ]    Subphase: Pause Mark Try Complete                       0.000 / 0.000         0.000 / 0.000         0.000 / 0.000         0.000 / 0.000       ms
[2025-05-18T21:00:04.125+0300][8224][1648 ][info][gc,stats    ]      System: Java Threads                                      0 / 0                30 / 34               30 / 34               30 / 34          threads
[2025-05-18T21:00:04.125+0300][8224][1648 ][info][gc,stats    ] =========================================================================================================================================================
[2025-05-18T21:00:14.120+0300][8224][1648 ][info][gc,stats    ] === Garbage Collection Statistics =======================================================================================================================
[2025-05-18T21:00:14.120+0300][8224][1648 ][info][gc,stats    ]                                                              Last 10s              Last 10m              Last 10h                Total
[2025-05-18T21:00:14.120+0300][8224][1648 ][info][gc,stats    ]                                                              Avg / Max             Avg / Max             Avg / Max             Avg / Max
[2025-05-18T21:00:14.120+0300][8224][1648 ][info][gc,stats    ]   Collector: Garbage Collection Cycle                      0.000 / 0.000        50.155 / 60.626       50.155 / 60.626       50.155 / 60.626      ms
[2025-05-18T21:00:14.120+0300][8224][1648 ][info][gc,stats    ]  Contention: Mark Segment Reset Contention                     0 / 0                 0 / 0                 0 / 0                 0 / 0           ops/s
[2025-05-18T21:00:14.120+0300][8224][1648 ][info][gc,stats    ]  Contention: Mark SeqNum Reset Contention                      0 / 0                 0 / 0                 0 / 0                 0 / 0           ops/s
[2025-05-18T21:00:14.120+0300][8224][1648 ][info][gc,stats    ]    Critical: Allocation Stall                                  0 / 0                 0 / 0                 0 / 0                 0 / 0           ops/s
[2025-05-18T21:00:14.120+0300][8224][1648 ][info][gc,stats    ]    Critical: Allocation Stall                              0.000 / 0.000         0.000 / 0.000         0.000 / 0.000         0.000 / 0.000       ms
[2025-05-18T21:00:14.120+0300][8224][1648 ][info][gc,stats    ]    Critical: GC Locker Stall                                   0 / 0                 0 / 0                 0 / 0                 0 / 0           ops/s
[2025-05-18T21:00:14.120+0300][8224][1648 ][info][gc,stats    ]    Critical: GC Locker Stall                               0.000 / 0.000         0.000 / 0.000         0.000 / 0.000         0.000 / 0.000       ms
[2025-05-18T21:00:14.120+0300][8224][1648 ][info][gc,stats    ]    Critical: Relocation Stall                                  0 / 0                 0 / 0                 0 / 0                 0 / 0           ops/s
[2025-05-18T21:00:14.120+0300][8224][1648 ][info][gc,stats    ]    Critical: Relocation Stall                              0.000 / 0.000         0.000 / 0.000         0.000 / 0.000         0.000 / 0.000       ms
[2025-05-18T21:00:14.120+0300][8224][1648 ][info][gc,stats    ]      Memory: Allocation Rate                                  34 / 38               37 / 192              37 / 192              37 / 192         MB/s
[2025-05-18T21:00:14.120+0300][8224][1648 ][info][gc,stats    ]      Memory: Defragment                                        0 / 0                 0 / 0                 0 / 0                 0 / 0           ops/s
[2025-05-18T21:00:14.120+0300][8224][1648 ][info][gc,stats    ]      Memory: Out Of Memory                                     0 / 0                 0 / 0                 0 / 0                 0 / 0           ops/s
[2025-05-18T21:00:14.120+0300][8224][1648 ][info][gc,stats    ]      Memory: Page Cache Flush                                  0 / 0                 0 / 0                 0 / 0                 0 / 0           MB/s
[2025-05-18T21:00:14.120+0300][8224][1648 ][info][gc,stats    ]      Memory: Page Cache Hit L1                                17 / 19                9 / 60                9 / 60                9 / 60          ops/s
[2025-05-18T21:00:14.120+0300][8224][1648 ][info][gc,stats    ]      Memory: Page Cache Hit L2                                 0 / 0                 0 / 0                 0 / 0                 0 / 0           ops/s
[2025-05-18T21:00:14.120+0300][8224][1648 ][info][gc,stats    ]      Memory: Page Cache Hit L3                                 0 / 0                 9 / 33                9 / 33                9 / 33          ops/s
[2025-05-18T21:00:14.120+0300][8224][1648 ][info][gc,stats    ]      Memory: Page Cache Miss                                   0 / 0                 0 / 1                 0 / 1                 0 / 1           ops/s
[2025-05-18T21:00:14.120+0300][8224][1648 ][info][gc,stats    ]      Memory: Uncommit                                          0 / 0                 0 / 0                 0 / 0                 0 / 0           MB/s
[2025-05-18T21:00:14.120+0300][8224][1648 ][info][gc,stats    ]      Memory: Undo Object Allocation Failed                     0 / 0                 0 / 0                 0 / 0                 0 / 0           ops/s
[2025-05-18T21:00:14.120+0300][8224][1648 ][info][gc,stats    ]      Memory: Undo Object Allocation Succeeded                  0 / 0                 0 / 0                 0 / 0                 0 / 0           ops/s
[2025-05-18T21:00:14.120+0300][8224][1648 ][info][gc,stats    ]      Memory: Undo Page Allocation                              0 / 0                 0 / 3                 0 / 3                 0 / 3           ops/s
[2025-05-18T21:00:14.120+0300][8224][1648 ][info][gc,stats    ]       Phase: Concurrent Mark                               0.000 / 0.000        33.463 / 50.687       33.463 / 50.687       33.463 / 50.687      ms
[2025-05-18T21:00:14.120+0300][8224][1648 ][info][gc,stats    ]       Phase: Concurrent Mark Continue                      0.000 / 0.000         0.000 / 0.000         0.000 / 0.000         0.000 / 0.000       ms
[2025-05-18T21:00:14.120+0300][8224][1648 ][info][gc,stats    ]       Phase: Concurrent Mark Free                          0.000 / 0.000         0.001 / 0.001         0.001 / 0.001         0.001 / 0.001       ms
[2025-05-18T21:00:14.120+0300][8224][1648 ][info][gc,stats    ]       Phase: Concurrent Process Non-Strong References      0.000 / 0.000         9.396 / 19.782        9.396 / 19.782        9.396 / 19.782      ms
[2025-05-18T21:00:14.120+0300][8224][1648 ][info][gc,stats    ]       Phase: Concurrent Relocate                           0.000 / 0.000         2.622 / 5.216         2.622 / 5.216         2.622 / 5.216       ms
[2025-05-18T21:00:14.120+0300][8224][1648 ][info][gc,stats    ]       Phase: Concurrent Reset Relocation Set               0.000 / 0.000         0.003 / 0.006         0.003 / 0.006         0.003 / 0.006       ms
[2025-05-18T21:00:14.120+0300][8224][1648 ][info][gc,stats    ]       Phase: Concurrent Select Relocation Set              0.000 / 0.000         3.463 / 5.181         3.463 / 5.181         3.463 / 5.181       ms
[2025-05-18T21:00:14.120+0300][8224][1648 ][info][gc,stats    ]       Phase: Pause Mark End                                0.000 / 0.000         0.023 / 0.030         0.023 / 0.030         0.023 / 0.030       ms
[2025-05-18T21:00:14.120+0300][8224][1648 ][info][gc,stats    ]       Phase: Pause Mark Start                              0.000 / 0.000         0.010 / 0.013         0.010 / 0.013         0.010 / 0.013       ms
[2025-05-18T21:00:14.120+0300][8224][1648 ][info][gc,stats    ]       Phase: Pause Relocate Start                          0.000 / 0.000         0.089 / 0.339         0.089 / 0.339         0.089 / 0.339       ms
[2025-05-18T21:00:14.120+0300][8224][1648 ][info][gc,stats    ]    Subphase: Concurrent Classes Purge                      0.000 / 0.000         0.644 / 1.365         0.644 / 1.365         0.644 / 1.365       ms
[2025-05-18T21:00:14.120+0300][8224][1648 ][info][gc,stats    ]    Subphase: Concurrent Classes Unlink                     0.000 / 0.000         7.489 / 17.195        7.489 / 17.195        7.489 / 17.195      ms
[2025-05-18T21:00:14.120+0300][8224][1648 ][info][gc,stats    ]    Subphase: Concurrent Mark                               0.000 / 0.000        25.314 / 39.705       25.314 / 39.705       25.314 / 39.705      ms
[2025-05-18T21:00:14.120+0300][8224][1648 ][info][gc,stats    ]    Subphase: Concurrent Mark Try Flush                     0.000 / 0.000         0.167 / 0.534         0.167 / 0.534         0.167 / 0.534       ms
[2025-05-18T21:00:14.120+0300][8224][1648 ][info][gc,stats    ]    Subphase: Concurrent Mark Try Terminate                 0.000 / 0.000         2.745 / 14.435        2.745 / 14.435        2.745 / 14.435      ms
[2025-05-18T21:00:14.121+0300][8224][1648 ][info][gc,stats    ]    Subphase: Concurrent References Enqueue                 0.000 / 0.000         0.003 / 0.004         0.003 / 0.004         0.003 / 0.004       ms
[2025-05-18T21:00:14.121+0300][8224][1648 ][info][gc,stats    ]    Subphase: Concurrent References Process                 0.000 / 0.000         0.222 / 0.336         0.222 / 0.336         0.222 / 0.336       ms
[2025-05-18T21:00:14.121+0300][8224][1648 ][info][gc,stats    ]    Subphase: Concurrent Roots ClassLoaderDataGraph         0.000 / 0.000         0.240 / 1.010         0.240 / 1.010         0.240 / 1.010       ms
[2025-05-18T21:00:14.121+0300][8224][1648 ][info][gc,stats    ]    Subphase: Concurrent Roots CodeCache                    0.000 / 0.000         0.000 / 0.000         0.000 / 0.000         0.000 / 0.000       ms
[2025-05-18T21:00:14.121+0300][8224][1648 ][info][gc,stats    ]    Subphase: Concurrent Roots JavaThreads                  0.000 / 0.000         3.893 / 10.813        3.893 / 10.813        3.893 / 10.813      ms
[2025-05-18T21:00:14.121+0300][8224][1648 ][info][gc,stats    ]    Subphase: Concurrent Roots OopStorageSet                0.000 / 0.000         0.104 / 0.211         0.104 / 0.211         0.104 / 0.211       ms
[2025-05-18T21:00:14.121+0300][8224][1648 ][info][gc,stats    ]    Subphase: Concurrent Weak Roots OopStorageSet           0.000 / 0.000         0.757 / 1.209         0.757 / 1.209         0.757 / 1.209       ms
[2025-05-18T21:00:14.121+0300][8224][1648 ][info][gc,stats    ]    Subphase: Pause Mark Try Complete                       0.000 / 0.000         0.000 / 0.000         0.000 / 0.000         0.000 / 0.000       ms
[2025-05-18T21:00:14.121+0300][8224][1648 ][info][gc,stats    ]      System: Java Threads                                      0 / 0                30 / 34               30 / 34               30 / 34          threads
[2025-05-18T21:00:14.121+0300][8224][1648 ][info][gc,stats    ] =========================================================================================================================================================
[2025-05-18T21:00:24.115+0300][8224][1648 ][info][gc,stats    ] === Garbage Collection Statistics =======================================================================================================================
[2025-05-18T21:00:24.115+0300][8224][1648 ][info][gc,stats    ]                                                              Last 10s              Last 10m              Last 10h                Total
[2025-05-18T21:00:24.115+0300][8224][1648 ][info][gc,stats    ]                                                              Avg / Max             Avg / Max             Avg / Max             Avg / Max
[2025-05-18T21:00:24.115+0300][8224][1648 ][info][gc,stats    ]   Collector: Garbage Collection Cycle                      0.000 / 0.000        50.155 / 60.626       50.155 / 60.626       50.155 / 60.626      ms
[2025-05-18T21:00:24.115+0300][8224][1648 ][info][gc,stats    ]  Contention: Mark Segment Reset Contention                     0 / 0                 0 / 0                 0 / 0                 0 / 0           ops/s
[2025-05-18T21:00:24.115+0300][8224][1648 ][info][gc,stats    ]  Contention: Mark SeqNum Reset Contention                      0 / 0                 0 / 0                 0 / 0                 0 / 0           ops/s
[2025-05-18T21:00:24.115+0300][8224][1648 ][info][gc,stats    ]    Critical: Allocation Stall                                  0 / 0                 0 / 0                 0 / 0                 0 / 0           ops/s
[2025-05-18T21:00:24.115+0300][8224][1648 ][info][gc,stats    ]    Critical: Allocation Stall                              0.000 / 0.000         0.000 / 0.000         0.000 / 0.000         0.000 / 0.000       ms
[2025-05-18T21:00:24.115+0300][8224][1648 ][info][gc,stats    ]    Critical: GC Locker Stall                                   0 / 0                 0 / 0                 0 / 0                 0 / 0           ops/s
[2025-05-18T21:00:24.115+0300][8224][1648 ][info][gc,stats    ]    Critical: GC Locker Stall                               0.000 / 0.000         0.000 / 0.000         0.000 / 0.000         0.000 / 0.000       ms
[2025-05-18T21:00:24.115+0300][8224][1648 ][info][gc,stats    ]    Critical: Relocation Stall                                  0 / 0                 0 / 0                 0 / 0                 0 / 0           ops/s
[2025-05-18T21:00:24.115+0300][8224][1648 ][info][gc,stats    ]    Critical: Relocation Stall                              0.000 / 0.000         0.000 / 0.000         0.000 / 0.000         0.000 / 0.000       ms
[2025-05-18T21:00:24.115+0300][8224][1648 ][info][gc,stats    ]      Memory: Allocation Rate                                  33 / 36               37 / 192              37 / 192              37 / 192         MB/s
[2025-05-18T21:00:24.115+0300][8224][1648 ][info][gc,stats    ]      Memory: Defragment                                        0 / 0                 0 / 0                 0 / 0                 0 / 0           ops/s
[2025-05-18T21:00:24.115+0300][8224][1648 ][info][gc,stats    ]      Memory: Out Of Memory                                     0 / 0                 0 / 0                 0 / 0                 0 / 0           ops/s
[2025-05-18T21:00:24.115+0300][8224][1648 ][info][gc,stats    ]      Memory: Page Cache Flush                                  0 / 0                 0 / 0                 0 / 0                 0 / 0           MB/s
[2025-05-18T21:00:24.115+0300][8224][1648 ][info][gc,stats    ]      Memory: Page Cache Hit L1                                16 / 18                9 / 60                9 / 60                9 / 60          ops/s
[2025-05-18T21:00:24.115+0300][8224][1648 ][info][gc,stats    ]      Memory: Page Cache Hit L2                                 0 / 0                 0 / 0                 0 / 0                 0 / 0           ops/s
[2025-05-18T21:00:24.115+0300][8224][1648 ][info][gc,stats    ]      Memory: Page Cache Hit L3                                 0 / 0                 8 / 33                8 / 33                8 / 33          ops/s
[2025-05-18T21:00:24.115+0300][8224][1648 ][info][gc,stats    ]      Memory: Page Cache Miss                                   0 / 0                 0 / 1                 0 / 1                 0 / 1           ops/s
[2025-05-18T21:00:24.115+0300][8224][1648 ][info][gc,stats    ]      Memory: Uncommit                                          0 / 0                 0 / 0                 0 / 0                 0 / 0           MB/s
[2025-05-18T21:00:24.115+0300][8224][1648 ][info][gc,stats    ]      Memory: Undo Object Allocation Failed                     0 / 0                 0 / 0                 0 / 0                 0 / 0           ops/s
[2025-05-18T21:00:24.115+0300][8224][1648 ][info][gc,stats    ]      Memory: Undo Object Allocation Succeeded                  0 / 0                 0 / 0                 0 / 0                 0 / 0           ops/s
[2025-05-18T21:00:24.115+0300][8224][1648 ][info][gc,stats    ]      Memory: Undo Page Allocation                              0 / 0                 0 / 3                 0 / 3                 0 / 3           ops/s
[2025-05-18T21:00:24.115+0300][8224][1648 ][info][gc,stats    ]       Phase: Concurrent Mark                               0.000 / 0.000        33.463 / 50.687       33.463 / 50.687       33.463 / 50.687      ms
[2025-05-18T21:00:24.115+0300][8224][1648 ][info][gc,stats    ]       Phase: Concurrent Mark Continue                      0.000 / 0.000         0.000 / 0.000         0.000 / 0.000         0.000 / 0.000       ms
[2025-05-18T21:00:24.115+0300][8224][1648 ][info][gc,stats    ]       Phase: Concurrent Mark Free                          0.000 / 0.000         0.001 / 0.001         0.001 / 0.001         0.001 / 0.001       ms
[2025-05-18T21:00:24.115+0300][8224][1648 ][info][gc,stats    ]       Phase: Concurrent Process Non-Strong References      0.000 / 0.000         9.396 / 19.782        9.396 / 19.782        9.396 / 19.782      ms
[2025-05-18T21:00:24.115+0300][8224][1648 ][info][gc,stats    ]       Phase: Concurrent Relocate                           0.000 / 0.000         2.622 / 5.216         2.622 / 5.216         2.622 / 5.216       ms
[2025-05-18T21:00:24.115+0300][8224][1648 ][info][gc,stats    ]       Phase: Concurrent Reset Relocation Set               0.000 / 0.000         0.003 / 0.006         0.003 / 0.006         0.003 / 0.006       ms
[2025-05-18T21:00:24.115+0300][8224][1648 ][info][gc,stats    ]       Phase: Concurrent Select Relocation Set              0.000 / 0.000         3.463 / 5.181         3.463 / 5.181         3.463 / 5.181       ms
[2025-05-18T21:00:24.115+0300][8224][1648 ][info][gc,stats    ]       Phase: Pause Mark End                                0.000 / 0.000         0.023 / 0.030         0.023 / 0.030         0.023 / 0.030       ms
[2025-05-18T21:00:24.115+0300][8224][1648 ][info][gc,stats    ]       Phase: Pause Mark Start                              0.000 / 0.000         0.010 / 0.013         0.010 / 0.013         0.010 / 0.013       ms
[2025-05-18T21:00:24.115+0300][8224][1648 ][info][gc,stats    ]       Phase: Pause Relocate Start                          0.000 / 0.000         0.089 / 0.339         0.089 / 0.339         0.089 / 0.339       ms
[2025-05-18T21:00:24.115+0300][8224][1648 ][info][gc,stats    ]    Subphase: Concurrent Classes Purge                      0.000 / 0.000         0.644 / 1.365         0.644 / 1.365         0.644 / 1.365       ms
[2025-05-18T21:00:24.115+0300][8224][1648 ][info][gc,stats    ]    Subphase: Concurrent Classes Unlink                     0.000 / 0.000         7.489 / 17.195        7.489 / 17.195        7.489 / 17.195      ms
[2025-05-18T21:00:24.115+0300][8224][1648 ][info][gc,stats    ]    Subphase: Concurrent Mark                               0.000 / 0.000        25.314 / 39.705       25.314 / 39.705       25.314 / 39.705      ms
[2025-05-18T21:00:24.115+0300][8224][1648 ][info][gc,stats    ]    Subphase: Concurrent Mark Try Flush                     0.000 / 0.000         0.167 / 0.534         0.167 / 0.534         0.167 / 0.534       ms
[2025-05-18T21:00:24.115+0300][8224][1648 ][info][gc,stats    ]    Subphase: Concurrent Mark Try Terminate                 0.000 / 0.000         2.745 / 14.435        2.745 / 14.435        2.745 / 14.435      ms
[2025-05-18T21:00:24.115+0300][8224][1648 ][info][gc,stats    ]    Subphase: Concurrent References Enqueue                 0.000 / 0.000         0.003 / 0.004         0.003 / 0.004         0.003 / 0.004       ms
[2025-05-18T21:00:24.115+0300][8224][1648 ][info][gc,stats    ]    Subphase: Concurrent References Process                 0.000 / 0.000         0.222 / 0.336         0.222 / 0.336         0.222 / 0.336       ms
[2025-05-18T21:00:24.115+0300][8224][1648 ][info][gc,stats    ]    Subphase: Concurrent Roots ClassLoaderDataGraph         0.000 / 0.000         0.240 / 1.010         0.240 / 1.010         0.240 / 1.010       ms
[2025-05-18T21:00:24.115+0300][8224][1648 ][info][gc,stats    ]    Subphase: Concurrent Roots CodeCache                    0.000 / 0.000         0.000 / 0.000         0.000 / 0.000         0.000 / 0.000       ms
[2025-05-18T21:00:24.115+0300][8224][1648 ][info][gc,stats    ]    Subphase: Concurrent Roots JavaThreads                  0.000 / 0.000         3.893 / 10.813        3.893 / 10.813        3.893 / 10.813      ms
[2025-05-18T21:00:24.115+0300][8224][1648 ][info][gc,stats    ]    Subphase: Concurrent Roots OopStorageSet                0.000 / 0.000         0.104 / 0.211         0.104 / 0.211         0.104 / 0.211       ms
[2025-05-18T21:00:24.115+0300][8224][1648 ][info][gc,stats    ]    Subphase: Concurrent Weak Roots OopStorageSet           0.000 / 0.000         0.757 / 1.209         0.757 / 1.209         0.757 / 1.209       ms
[2025-05-18T21:00:24.115+0300][8224][1648 ][info][gc,stats    ]    Subphase: Pause Mark Try Complete                       0.000 / 0.000         0.000 / 0.000         0.000 / 0.000         0.000 / 0.000       ms
[2025-05-18T21:00:24.115+0300][8224][1648 ][info][gc,stats    ]      System: Java Threads                                      0 / 0                30 / 34               30 / 34               30 / 34          threads
[2025-05-18T21:00:24.115+0300][8224][1648 ][info][gc,stats    ] =========================================================================================================================================================
[2025-05-18T21:00:34.124+0300][8224][1648 ][info][gc,stats    ] === Garbage Collection Statistics =======================================================================================================================
[2025-05-18T21:00:34.124+0300][8224][1648 ][info][gc,stats    ]                                                              Last 10s              Last 10m              Last 10h                Total
[2025-05-18T21:00:34.124+0300][8224][1648 ][info][gc,stats    ]                                                              Avg / Max             Avg / Max             Avg / Max             Avg / Max
[2025-05-18T21:00:34.124+0300][8224][1648 ][info][gc,stats    ]   Collector: Garbage Collection Cycle                      0.000 / 0.000        50.155 / 60.626       50.155 / 60.626       50.155 / 60.626      ms
[2025-05-18T21:00:34.124+0300][8224][1648 ][info][gc,stats    ]  Contention: Mark Segment Reset Contention                     0 / 0                 0 / 0                 0 / 0                 0 / 0           ops/s
[2025-05-18T21:00:34.124+0300][8224][1648 ][info][gc,stats    ]  Contention: Mark SeqNum Reset Contention                      0 / 0                 0 / 0                 0 / 0                 0 / 0           ops/s
[2025-05-18T21:00:34.124+0300][8224][1648 ][info][gc,stats    ]    Critical: Allocation Stall                                  0 / 0                 0 / 0                 0 / 0                 0 / 0           ops/s
[2025-05-18T21:00:34.124+0300][8224][1648 ][info][gc,stats    ]    Critical: Allocation Stall                              0.000 / 0.000         0.000 / 0.000         0.000 / 0.000         0.000 / 0.000       ms
[2025-05-18T21:00:34.124+0300][8224][1648 ][info][gc,stats    ]    Critical: GC Locker Stall                                   0 / 0                 0 / 0                 0 / 0                 0 / 0           ops/s
[2025-05-18T21:00:34.124+0300][8224][1648 ][info][gc,stats    ]    Critical: GC Locker Stall                               0.000 / 0.000         0.000 / 0.000         0.000 / 0.000         0.000 / 0.000       ms
[2025-05-18T21:00:34.124+0300][8224][1648 ][info][gc,stats    ]    Critical: Relocation Stall                                  0 / 0                 0 / 0                 0 / 0                 0 / 0           ops/s
[2025-05-18T21:00:34.124+0300][8224][1648 ][info][gc,stats    ]    Critical: Relocation Stall                              0.000 / 0.000         0.000 / 0.000         0.000 / 0.000         0.000 / 0.000       ms
[2025-05-18T21:00:34.124+0300][8224][1648 ][info][gc,stats    ]      Memory: Allocation Rate                                  35 / 42               36 / 192              36 / 192              36 / 192         MB/s
[2025-05-18T21:00:34.124+0300][8224][1648 ][info][gc,stats    ]      Memory: Defragment                                        0 / 0                 0 / 0                 0 / 0                 0 / 0           ops/s
[2025-05-18T21:00:34.124+0300][8224][1648 ][info][gc,stats    ]      Memory: Out Of Memory                                     0 / 0                 0 / 0                 0 / 0                 0 / 0           ops/s
[2025-05-18T21:00:34.124+0300][8224][1648 ][info][gc,stats    ]      Memory: Page Cache Flush                                  0 / 0                 0 / 0                 0 / 0                 0 / 0           MB/s
[2025-05-18T21:00:34.124+0300][8224][1648 ][info][gc,stats    ]      Memory: Page Cache Hit L1                                17 / 21               10 / 60               10 / 60               10 / 60          ops/s
[2025-05-18T21:00:34.124+0300][8224][1648 ][info][gc,stats    ]      Memory: Page Cache Hit L2                                 0 / 0                 0 / 0                 0 / 0                 0 / 0           ops/s
[2025-05-18T21:00:34.124+0300][8224][1648 ][info][gc,stats    ]      Memory: Page Cache Hit L3                                 0 / 0                 8 / 33                8 / 33                8 / 33          ops/s
[2025-05-18T21:00:34.124+0300][8224][1648 ][info][gc,stats    ]      Memory: Page Cache Miss                                   0 / 0                 0 / 1                 0 / 1                 0 / 1           ops/s
[2025-05-18T21:00:34.124+0300][8224][1648 ][info][gc,stats    ]      Memory: Uncommit                                          0 / 0                 0 / 0                 0 / 0                 0 / 0           MB/s
[2025-05-18T21:00:34.124+0300][8224][1648 ][info][gc,stats    ]      Memory: Undo Object Allocation Failed                     0 / 0                 0 / 0                 0 / 0                 0 / 0           ops/s
[2025-05-18T21:00:34.124+0300][8224][1648 ][info][gc,stats    ]      Memory: Undo Object Allocation Succeeded                  0 / 0                 0 / 0                 0 / 0                 0 / 0           ops/s
[2025-05-18T21:00:34.124+0300][8224][1648 ][info][gc,stats    ]      Memory: Undo Page Allocation                              0 / 1                 0 / 3                 0 / 3                 0 / 3           ops/s
[2025-05-18T21:00:34.124+0300][8224][1648 ][info][gc,stats    ]       Phase: Concurrent Mark                               0.000 / 0.000        33.463 / 50.687       33.463 / 50.687       33.463 / 50.687      ms
[2025-05-18T21:00:34.124+0300][8224][1648 ][info][gc,stats    ]       Phase: Concurrent Mark Continue                      0.000 / 0.000         0.000 / 0.000         0.000 / 0.000         0.000 / 0.000       ms
[2025-05-18T21:00:34.124+0300][8224][1648 ][info][gc,stats    ]       Phase: Concurrent Mark Free                          0.000 / 0.000         0.001 / 0.001         0.001 / 0.001         0.001 / 0.001       ms
[2025-05-18T21:00:34.124+0300][8224][1648 ][info][gc,stats    ]       Phase: Concurrent Process Non-Strong References      0.000 / 0.000         9.396 / 19.782        9.396 / 19.782        9.396 / 19.782      ms
[2025-05-18T21:00:34.124+0300][8224][1648 ][info][gc,stats    ]       Phase: Concurrent Relocate                           0.000 / 0.000         2.622 / 5.216         2.622 / 5.216         2.622 / 5.216       ms
[2025-05-18T21:00:34.124+0300][8224][1648 ][info][gc,stats    ]       Phase: Concurrent Reset Relocation Set               0.000 / 0.000         0.003 / 0.006         0.003 / 0.006         0.003 / 0.006       ms
[2025-05-18T21:00:34.124+0300][8224][1648 ][info][gc,stats    ]       Phase: Concurrent Select Relocation Set              0.000 / 0.000         3.463 / 5.181         3.463 / 5.181         3.463 / 5.181       ms
[2025-05-18T21:00:34.124+0300][8224][1648 ][info][gc,stats    ]       Phase: Pause Mark End                                0.000 / 0.000         0.023 / 0.030         0.023 / 0.030         0.023 / 0.030       ms
[2025-05-18T21:00:34.124+0300][8224][1648 ][info][gc,stats    ]       Phase: Pause Mark Start                              0.000 / 0.000         0.010 / 0.013         0.010 / 0.013         0.010 / 0.013       ms
[2025-05-18T21:00:34.124+0300][8224][1648 ][info][gc,stats    ]       Phase: Pause Relocate Start                          0.000 / 0.000         0.089 / 0.339         0.089 / 0.339         0.089 / 0.339       ms
[2025-05-18T21:00:34.125+0300][8224][1648 ][info][gc,stats    ]    Subphase: Concurrent Classes Purge                      0.000 / 0.000         0.644 / 1.365         0.644 / 1.365         0.644 / 1.365       ms
[2025-05-18T21:00:34.125+0300][8224][1648 ][info][gc,stats    ]    Subphase: Concurrent Classes Unlink                     0.000 / 0.000         7.489 / 17.195        7.489 / 17.195        7.489 / 17.195      ms
[2025-05-18T21:00:34.125+0300][8224][1648 ][info][gc,stats    ]    Subphase: Concurrent Mark                               0.000 / 0.000        25.314 / 39.705       25.314 / 39.705       25.314 / 39.705      ms
[2025-05-18T21:00:34.125+0300][8224][1648 ][info][gc,stats    ]    Subphase: Concurrent Mark Try Flush                     0.000 / 0.000         0.167 / 0.534         0.167 / 0.534         0.167 / 0.534       ms
[2025-05-18T21:00:34.125+0300][8224][1648 ][info][gc,stats    ]    Subphase: Concurrent Mark Try Terminate                 0.000 / 0.000         2.745 / 14.435        2.745 / 14.435        2.745 / 14.435      ms
[2025-05-18T21:00:34.125+0300][8224][1648 ][info][gc,stats    ]    Subphase: Concurrent References Enqueue                 0.000 / 0.000         0.003 / 0.004         0.003 / 0.004         0.003 / 0.004       ms
[2025-05-18T21:00:34.125+0300][8224][1648 ][info][gc,stats    ]    Subphase: Concurrent References Process                 0.000 / 0.000         0.222 / 0.336         0.222 / 0.336         0.222 / 0.336       ms
[2025-05-18T21:00:34.125+0300][8224][1648 ][info][gc,stats    ]    Subphase: Concurrent Roots ClassLoaderDataGraph         0.000 / 0.000         0.240 / 1.010         0.240 / 1.010         0.240 / 1.010       ms
[2025-05-18T21:00:34.125+0300][8224][1648 ][info][gc,stats    ]    Subphase: Concurrent Roots CodeCache                    0.000 / 0.000         0.000 / 0.000         0.000 / 0.000         0.000 / 0.000       ms
[2025-05-18T21:00:34.125+0300][8224][1648 ][info][gc,stats    ]    Subphase: Concurrent Roots JavaThreads                  0.000 / 0.000         3.893 / 10.813        3.893 / 10.813        3.893 / 10.813      ms
[2025-05-18T21:00:34.125+0300][8224][1648 ][info][gc,stats    ]    Subphase: Concurrent Roots OopStorageSet                0.000 / 0.000         0.104 / 0.211         0.104 / 0.211         0.104 / 0.211       ms
[2025-05-18T21:00:34.125+0300][8224][1648 ][info][gc,stats    ]    Subphase: Concurrent Weak Roots OopStorageSet           0.000 / 0.000         0.757 / 1.209         0.757 / 1.209         0.757 / 1.209       ms
[2025-05-18T21:00:34.125+0300][8224][1648 ][info][gc,stats    ]    Subphase: Pause Mark Try Complete                       0.000 / 0.000         0.000 / 0.000         0.000 / 0.000         0.000 / 0.000       ms
[2025-05-18T21:00:34.125+0300][8224][1648 ][info][gc,stats    ]      System: Java Threads                                      0 / 0                30 / 34               30 / 34               30 / 34          threads
[2025-05-18T21:00:34.125+0300][8224][1648 ][info][gc,stats    ] =========================================================================================================================================================
[2025-05-18T21:00:44.124+0300][8224][1648 ][info][gc,stats    ] === Garbage Collection Statistics =======================================================================================================================
[2025-05-18T21:00:44.124+0300][8224][1648 ][info][gc,stats    ]                                                              Last 10s              Last 10m              Last 10h                Total
[2025-05-18T21:00:44.124+0300][8224][1648 ][info][gc,stats    ]                                                              Avg / Max             Avg / Max             Avg / Max             Avg / Max
[2025-05-18T21:00:44.124+0300][8224][1648 ][info][gc,stats    ]   Collector: Garbage Collection Cycle                      0.000 / 0.000        50.155 / 60.626       50.155 / 60.626       50.155 / 60.626      ms
[2025-05-18T21:00:44.124+0300][8224][1648 ][info][gc,stats    ]  Contention: Mark Segment Reset Contention                     0 / 0                 0 / 0                 0 / 0                 0 / 0           ops/s
[2025-05-18T21:00:44.124+0300][8224][1648 ][info][gc,stats    ]  Contention: Mark SeqNum Reset Contention                      0 / 0                 0 / 0                 0 / 0                 0 / 0           ops/s
[2025-05-18T21:00:44.124+0300][8224][1648 ][info][gc,stats    ]    Critical: Allocation Stall                                  0 / 0                 0 / 0                 0 / 0                 0 / 0           ops/s
[2025-05-18T21:00:44.124+0300][8224][1648 ][info][gc,stats    ]    Critical: Allocation Stall                              0.000 / 0.000         0.000 / 0.000         0.000 / 0.000         0.000 / 0.000       ms
[2025-05-18T21:00:44.124+0300][8224][1648 ][info][gc,stats    ]    Critical: GC Locker Stall                                   0 / 0                 0 / 0                 0 / 0                 0 / 0           ops/s
[2025-05-18T21:00:44.124+0300][8224][1648 ][info][gc,stats    ]    Critical: GC Locker Stall                               0.000 / 0.000         0.000 / 0.000         0.000 / 0.000         0.000 / 0.000       ms
[2025-05-18T21:00:44.124+0300][8224][1648 ][info][gc,stats    ]    Critical: Relocation Stall                                  0 / 0                 0 / 0                 0 / 0                 0 / 0           ops/s
[2025-05-18T21:00:44.124+0300][8224][1648 ][info][gc,stats    ]    Critical: Relocation Stall                              0.000 / 0.000         0.000 / 0.000         0.000 / 0.000         0.000 / 0.000       ms
[2025-05-18T21:00:44.124+0300][8224][1648 ][info][gc,stats    ]      Memory: Allocation Rate                                  34 / 38               36 / 192              36 / 192              36 / 192         MB/s
[2025-05-18T21:00:44.124+0300][8224][1648 ][info][gc,stats    ]      Memory: Defragment                                        0 / 0                 0 / 0                 0 / 0                 0 / 0           ops/s
[2025-05-18T21:00:44.124+0300][8224][1648 ][info][gc,stats    ]      Memory: Out Of Memory                                     0 / 0                 0 / 0                 0 / 0                 0 / 0           ops/s
[2025-05-18T21:00:44.124+0300][8224][1648 ][info][gc,stats    ]      Memory: Page Cache Flush                                  0 / 0                 0 / 0                 0 / 0                 0 / 0           MB/s
[2025-05-18T21:00:44.124+0300][8224][1648 ][info][gc,stats    ]      Memory: Page Cache Hit L1                                17 / 19               10 / 60               10 / 60               10 / 60          ops/s
[2025-05-18T21:00:44.124+0300][8224][1648 ][info][gc,stats    ]      Memory: Page Cache Hit L2                                 0 / 0                 0 / 0                 0 / 0                 0 / 0           ops/s
[2025-05-18T21:00:44.124+0300][8224][1648 ][info][gc,stats    ]      Memory: Page Cache Hit L3                                 0 / 0                 7 / 33                7 / 33                7 / 33          ops/s
[2025-05-18T21:00:44.124+0300][8224][1648 ][info][gc,stats    ]      Memory: Page Cache Miss                                   0 / 0                 0 / 1                 0 / 1                 0 / 1           ops/s
[2025-05-18T21:00:44.124+0300][8224][1648 ][info][gc,stats    ]      Memory: Uncommit                                          0 / 0                 0 / 0                 0 / 0                 0 / 0           MB/s
[2025-05-18T21:00:44.124+0300][8224][1648 ][info][gc,stats    ]      Memory: Undo Object Allocation Failed                     0 / 0                 0 / 0                 0 / 0                 0 / 0           ops/s
[2025-05-18T21:00:44.124+0300][8224][1648 ][info][gc,stats    ]      Memory: Undo Object Allocation Succeeded                  0 / 0                 0 / 0                 0 / 0                 0 / 0           ops/s
[2025-05-18T21:00:44.125+0300][8224][1648 ][info][gc,stats    ]      Memory: Undo Page Allocation                              0 / 1                 0 / 3                 0 / 3                 0 / 3           ops/s
[2025-05-18T21:00:44.125+0300][8224][1648 ][info][gc,stats    ]       Phase: Concurrent Mark                               0.000 / 0.000        33.463 / 50.687       33.463 / 50.687       33.463 / 50.687      ms
[2025-05-18T21:00:44.125+0300][8224][1648 ][info][gc,stats    ]       Phase: Concurrent Mark Continue                      0.000 / 0.000         0.000 / 0.000         0.000 / 0.000         0.000 / 0.000       ms
[2025-05-18T21:00:44.125+0300][8224][1648 ][info][gc,stats    ]       Phase: Concurrent Mark Free                          0.000 / 0.000         0.001 / 0.001         0.001 / 0.001         0.001 / 0.001       ms
[2025-05-18T21:00:44.125+0300][8224][1648 ][info][gc,stats    ]       Phase: Concurrent Process Non-Strong References      0.000 / 0.000         9.396 / 19.782        9.396 / 19.782        9.396 / 19.782      ms
[2025-05-18T21:00:44.125+0300][8224][1648 ][info][gc,stats    ]       Phase: Concurrent Relocate                           0.000 / 0.000         2.622 / 5.216         2.622 / 5.216         2.622 / 5.216       ms
[2025-05-18T21:00:44.125+0300][8224][1648 ][info][gc,stats    ]       Phase: Concurrent Reset Relocation Set               0.000 / 0.000         0.003 / 0.006         0.003 / 0.006         0.003 / 0.006       ms
[2025-05-18T21:00:44.125+0300][8224][1648 ][info][gc,stats    ]       Phase: Concurrent Select Relocation Set              0.000 / 0.000         3.463 / 5.181         3.463 / 5.181         3.463 / 5.181       ms
[2025-05-18T21:00:44.125+0300][8224][1648 ][info][gc,stats    ]       Phase: Pause Mark End                                0.000 / 0.000         0.023 / 0.030         0.023 / 0.030         0.023 / 0.030       ms
[2025-05-18T21:00:44.125+0300][8224][1648 ][info][gc,stats    ]       Phase: Pause Mark Start                              0.000 / 0.000         0.010 / 0.013         0.010 / 0.013         0.010 / 0.013       ms
[2025-05-18T21:00:44.125+0300][8224][1648 ][info][gc,stats    ]       Phase: Pause Relocate Start                          0.000 / 0.000         0.089 / 0.339         0.089 / 0.339         0.089 / 0.339       ms
[2025-05-18T21:00:44.125+0300][8224][1648 ][info][gc,stats    ]    Subphase: Concurrent Classes Purge                      0.000 / 0.000         0.644 / 1.365         0.644 / 1.365         0.644 / 1.365       ms
[2025-05-18T21:00:44.125+0300][8224][1648 ][info][gc,stats    ]    Subphase: Concurrent Classes Unlink                     0.000 / 0.000         7.489 / 17.195        7.489 / 17.195        7.489 / 17.195      ms
[2025-05-18T21:00:44.125+0300][8224][1648 ][info][gc,stats    ]    Subphase: Concurrent Mark                               0.000 / 0.000        25.314 / 39.705       25.314 / 39.705       25.314 / 39.705      ms
[2025-05-18T21:00:44.125+0300][8224][1648 ][info][gc,stats    ]    Subphase: Concurrent Mark Try Flush                     0.000 / 0.000         0.167 / 0.534         0.167 / 0.534         0.167 / 0.534       ms
[2025-05-18T21:00:44.125+0300][8224][1648 ][info][gc,stats    ]    Subphase: Concurrent Mark Try Terminate                 0.000 / 0.000         2.745 / 14.435        2.745 / 14.435        2.745 / 14.435      ms
[2025-05-18T21:00:44.125+0300][8224][1648 ][info][gc,stats    ]    Subphase: Concurrent References Enqueue                 0.000 / 0.000         0.003 / 0.004         0.003 / 0.004         0.003 / 0.004       ms
[2025-05-18T21:00:44.125+0300][8224][1648 ][info][gc,stats    ]    Subphase: Concurrent References Process                 0.000 / 0.000         0.222 / 0.336         0.222 / 0.336         0.222 / 0.336       ms
[2025-05-18T21:00:44.125+0300][8224][1648 ][info][gc,stats    ]    Subphase: Concurrent Roots ClassLoaderDataGraph         0.000 / 0.000         0.240 / 1.010         0.240 / 1.010         0.240 / 1.010       ms
[2025-05-18T21:00:44.125+0300][8224][1648 ][info][gc,stats    ]    Subphase: Concurrent Roots CodeCache                    0.000 / 0.000         0.000 / 0.000         0.000 / 0.000         0.000 / 0.000       ms
[2025-05-18T21:00:44.125+0300][8224][1648 ][info][gc,stats    ]    Subphase: Concurrent Roots JavaThreads                  0.000 / 0.000         3.893 / 10.813        3.893 / 10.813        3.893 / 10.813      ms
[2025-05-18T21:00:44.125+0300][8224][1648 ][info][gc,stats    ]    Subphase: Concurrent Roots OopStorageSet                0.000 / 0.000         0.104 / 0.211         0.104 / 0.211         0.104 / 0.211       ms
[2025-05-18T21:00:44.125+0300][8224][1648 ][info][gc,stats    ]    Subphase: Concurrent Weak Roots OopStorageSet           0.000 / 0.000         0.757 / 1.209         0.757 / 1.209         0.757 / 1.209       ms
[2025-05-18T21:00:44.125+0300][8224][1648 ][info][gc,stats    ]    Subphase: Pause Mark Try Complete                       0.000 / 0.000         0.000 / 0.000         0.000 / 0.000         0.000 / 0.000       ms
[2025-05-18T21:00:44.125+0300][8224][1648 ][info][gc,stats    ]      System: Java Threads                                      0 / 0                30 / 34               30 / 34               30 / 34          threads
[2025-05-18T21:00:44.125+0300][8224][1648 ][info][gc,stats    ] =========================================================================================================================================================
[2025-05-18T21:00:54.115+0300][8224][1648 ][info][gc,stats    ] === Garbage Collection Statistics =======================================================================================================================
[2025-05-18T21:00:54.115+0300][8224][1648 ][info][gc,stats    ]                                                              Last 10s              Last 10m              Last 10h                Total
[2025-05-18T21:00:54.115+0300][8224][1648 ][info][gc,stats    ]                                                              Avg / Max             Avg / Max             Avg / Max             Avg / Max
[2025-05-18T21:00:54.115+0300][8224][1648 ][info][gc,stats    ]   Collector: Garbage Collection Cycle                      0.000 / 0.000        50.155 / 60.626       50.155 / 60.626       50.155 / 60.626      ms
[2025-05-18T21:00:54.115+0300][8224][1648 ][info][gc,stats    ]  Contention: Mark Segment Reset Contention                     0 / 0                 0 / 0                 0 / 0                 0 / 0           ops/s
[2025-05-18T21:00:54.115+0300][8224][1648 ][info][gc,stats    ]  Contention: Mark SeqNum Reset Contention                      0 / 0                 0 / 0                 0 / 0                 0 / 0           ops/s
[2025-05-18T21:00:54.115+0300][8224][1648 ][info][gc,stats    ]    Critical: Allocation Stall                                  0 / 0                 0 / 0                 0 / 0                 0 / 0           ops/s
[2025-05-18T21:00:54.115+0300][8224][1648 ][info][gc,stats    ]    Critical: Allocation Stall                              0.000 / 0.000         0.000 / 0.000         0.000 / 0.000         0.000 / 0.000       ms
[2025-05-18T21:00:54.115+0300][8224][1648 ][info][gc,stats    ]    Critical: GC Locker Stall                                   0 / 0                 0 / 0                 0 / 0                 0 / 0           ops/s
[2025-05-18T21:00:54.115+0300][8224][1648 ][info][gc,stats    ]    Critical: GC Locker Stall                               0.000 / 0.000         0.000 / 0.000         0.000 / 0.000         0.000 / 0.000       ms
[2025-05-18T21:00:54.115+0300][8224][1648 ][info][gc,stats    ]    Critical: Relocation Stall                                  0 / 0                 0 / 0                 0 / 0                 0 / 0           ops/s
[2025-05-18T21:00:54.115+0300][8224][1648 ][info][gc,stats    ]    Critical: Relocation Stall                              0.000 / 0.000         0.000 / 0.000         0.000 / 0.000         0.000 / 0.000       ms
[2025-05-18T21:00:54.115+0300][8224][1648 ][info][gc,stats    ]      Memory: Allocation Rate                                  35 / 38               36 / 192              36 / 192              36 / 192         MB/s
[2025-05-18T21:00:54.115+0300][8224][1648 ][info][gc,stats    ]      Memory: Defragment                                        0 / 0                 0 / 0                 0 / 0                 0 / 0           ops/s
[2025-05-18T21:00:54.115+0300][8224][1648 ][info][gc,stats    ]      Memory: Out Of Memory                                     0 / 0                 0 / 0                 0 / 0                 0 / 0           ops/s
[2025-05-18T21:00:54.115+0300][8224][1648 ][info][gc,stats    ]      Memory: Page Cache Flush                                  0 / 0                 0 / 0                 0 / 0                 0 / 0           MB/s
[2025-05-18T21:00:54.115+0300][8224][1648 ][info][gc,stats    ]      Memory: Page Cache Hit L1                                17 / 19               11 / 60               11 / 60               11 / 60          ops/s
[2025-05-18T21:00:54.115+0300][8224][1648 ][info][gc,stats    ]      Memory: Page Cache Hit L2                                 0 / 0                 0 / 0                 0 / 0                 0 / 0           ops/s
[2025-05-18T21:00:54.115+0300][8224][1648 ][info][gc,stats    ]      Memory: Page Cache Hit L3                                 0 / 0                 7 / 33                7 / 33                7 / 33          ops/s
[2025-05-18T21:00:54.115+0300][8224][1648 ][info][gc,stats    ]      Memory: Page Cache Miss                                   0 / 0                 0 / 1                 0 / 1                 0 / 1           ops/s
[2025-05-18T21:00:54.115+0300][8224][1648 ][info][gc,stats    ]      Memory: Uncommit                                          0 / 0                 0 / 0                 0 / 0                 0 / 0           MB/s
[2025-05-18T21:00:54.116+0300][8224][1648 ][info][gc,stats    ]      Memory: Undo Object Allocation Failed                     0 / 0                 0 / 0                 0 / 0                 0 / 0           ops/s
[2025-05-18T21:00:54.116+0300][8224][1648 ][info][gc,stats    ]      Memory: Undo Object Allocation Succeeded                  0 / 0                 0 / 0                 0 / 0                 0 / 0           ops/s
[2025-05-18T21:00:54.116+0300][8224][1648 ][info][gc,stats    ]      Memory: Undo Page Allocation                              0 / 0                 0 / 3                 0 / 3                 0 / 3           ops/s
[2025-05-18T21:00:54.116+0300][8224][1648 ][info][gc,stats    ]       Phase: Concurrent Mark                               0.000 / 0.000        33.463 / 50.687       33.463 / 50.687       33.463 / 50.687      ms
[2025-05-18T21:00:54.116+0300][8224][1648 ][info][gc,stats    ]       Phase: Concurrent Mark Continue                      0.000 / 0.000         0.000 / 0.000         0.000 / 0.000         0.000 / 0.000       ms
[2025-05-18T21:00:54.116+0300][8224][1648 ][info][gc,stats    ]       Phase: Concurrent Mark Free                          0.000 / 0.000         0.001 / 0.001         0.001 / 0.001         0.001 / 0.001       ms
[2025-05-18T21:00:54.116+0300][8224][1648 ][info][gc,stats    ]       Phase: Concurrent Process Non-Strong References      0.000 / 0.000         9.396 / 19.782        9.396 / 19.782        9.396 / 19.782      ms
[2025-05-18T21:00:54.116+0300][8224][1648 ][info][gc,stats    ]       Phase: Concurrent Relocate                           0.000 / 0.000         2.622 / 5.216         2.622 / 5.216         2.622 / 5.216       ms
[2025-05-18T21:00:54.116+0300][8224][1648 ][info][gc,stats    ]       Phase: Concurrent Reset Relocation Set               0.000 / 0.000         0.003 / 0.006         0.003 / 0.006         0.003 / 0.006       ms
[2025-05-18T21:00:54.116+0300][8224][1648 ][info][gc,stats    ]       Phase: Concurrent Select Relocation Set              0.000 / 0.000         3.463 / 5.181         3.463 / 5.181         3.463 / 5.181       ms
[2025-05-18T21:00:54.116+0300][8224][1648 ][info][gc,stats    ]       Phase: Pause Mark End                                0.000 / 0.000         0.023 / 0.030         0.023 / 0.030         0.023 / 0.030       ms
[2025-05-18T21:00:54.116+0300][8224][1648 ][info][gc,stats    ]       Phase: Pause Mark Start                              0.000 / 0.000         0.010 / 0.013         0.010 / 0.013         0.010 / 0.013       ms
[2025-05-18T21:00:54.116+0300][8224][1648 ][info][gc,stats    ]       Phase: Pause Relocate Start                          0.000 / 0.000         0.089 / 0.339         0.089 / 0.339         0.089 / 0.339       ms
[2025-05-18T21:00:54.116+0300][8224][1648 ][info][gc,stats    ]    Subphase: Concurrent Classes Purge                      0.000 / 0.000         0.644 / 1.365         0.644 / 1.365         0.644 / 1.365       ms
[2025-05-18T21:00:54.116+0300][8224][1648 ][info][gc,stats    ]    Subphase: Concurrent Classes Unlink                     0.000 / 0.000         7.489 / 17.195        7.489 / 17.195        7.489 / 17.195      ms
[2025-05-18T21:00:54.116+0300][8224][1648 ][info][gc,stats    ]    Subphase: Concurrent Mark                               0.000 / 0.000        25.314 / 39.705       25.314 / 39.705       25.314 / 39.705      ms
[2025-05-18T21:00:54.116+0300][8224][1648 ][info][gc,stats    ]    Subphase: Concurrent Mark Try Flush                     0.000 / 0.000         0.167 / 0.534         0.167 / 0.534         0.167 / 0.534       ms
[2025-05-18T21:00:54.116+0300][8224][1648 ][info][gc,stats    ]    Subphase: Concurrent Mark Try Terminate                 0.000 / 0.000         2.745 / 14.435        2.745 / 14.435        2.745 / 14.435      ms
[2025-05-18T21:00:54.116+0300][8224][1648 ][info][gc,stats    ]    Subphase: Concurrent References Enqueue                 0.000 / 0.000         0.003 / 0.004         0.003 / 0.004         0.003 / 0.004       ms
[2025-05-18T21:00:54.116+0300][8224][1648 ][info][gc,stats    ]    Subphase: Concurrent References Process                 0.000 / 0.000         0.222 / 0.336         0.222 / 0.336         0.222 / 0.336       ms
[2025-05-18T21:00:54.116+0300][8224][1648 ][info][gc,stats    ]    Subphase: Concurrent Roots ClassLoaderDataGraph         0.000 / 0.000         0.240 / 1.010         0.240 / 1.010         0.240 / 1.010       ms
[2025-05-18T21:00:54.116+0300][8224][1648 ][info][gc,stats    ]    Subphase: Concurrent Roots CodeCache                    0.000 / 0.000         0.000 / 0.000         0.000 / 0.000         0.000 / 0.000       ms
[2025-05-18T21:00:54.116+0300][8224][1648 ][info][gc,stats    ]    Subphase: Concurrent Roots JavaThreads                  0.000 / 0.000         3.893 / 10.813        3.893 / 10.813        3.893 / 10.813      ms
[2025-05-18T21:00:54.116+0300][8224][1648 ][info][gc,stats    ]    Subphase: Concurrent Roots OopStorageSet                0.000 / 0.000         0.104 / 0.211         0.104 / 0.211         0.104 / 0.211       ms
[2025-05-18T21:00:54.116+0300][8224][1648 ][info][gc,stats    ]    Subphase: Concurrent Weak Roots OopStorageSet           0.000 / 0.000         0.757 / 1.209         0.757 / 1.209         0.757 / 1.209       ms
[2025-05-18T21:00:54.116+0300][8224][1648 ][info][gc,stats    ]    Subphase: Pause Mark Try Complete                       0.000 / 0.000         0.000 / 0.000         0.000 / 0.000         0.000 / 0.000       ms
[2025-05-18T21:00:54.116+0300][8224][1648 ][info][gc,stats    ]      System: Java Threads                                      0 / 0                30 / 34               30 / 34               30 / 34          threads
[2025-05-18T21:00:54.116+0300][8224][1648 ][info][gc,stats    ] =========================================================================================================================================================
[2025-05-18T21:01:01.227+0300][8224][10156][info][gc,start    ] GC(4) Garbage Collection (System.gc())
[2025-05-18T21:01:01.227+0300][8224][10156][info][gc,task     ] GC(4) Using 2 workers
[2025-05-18T21:01:01.227+0300][8224][23060][info][gc,phases   ] GC(4) Pause Mark Start 0.007ms
[2025-05-18T21:01:01.243+0300][8224][10156][info][gc,phases   ] GC(4) Concurrent Mark 15.765ms
[2025-05-18T21:01:01.243+0300][8224][23060][info][gc,phases   ] GC(4) Pause Mark End 0.013ms
[2025-05-18T21:01:01.243+0300][8224][10156][info][gc,phases   ] GC(4) Concurrent Mark Free 0.001ms
[2025-05-18T21:01:01.256+0300][8224][10156][info][gc,phases   ] GC(4) Concurrent Process Non-Strong References 13.018ms
[2025-05-18T21:01:01.256+0300][8224][10156][info][gc,phases   ] GC(4) Concurrent Reset Relocation Set 0.004ms
[2025-05-18T21:01:01.257+0300][8224][10156][info][gc,phases   ] GC(4) Concurrent Select Relocation Set 1.598ms
[2025-05-18T21:01:01.257+0300][8224][23060][info][gc,phases   ] GC(4) Pause Relocate Start 0.006ms
[2025-05-18T21:01:01.259+0300][8224][10156][info][gc,phases   ] GC(4) Concurrent Relocate 1.085ms
[2025-05-18T21:01:01.259+0300][8224][10156][info][gc,load     ] GC(4) Load: 0.00/0.00/0.00
[2025-05-18T21:01:01.259+0300][8224][10156][info][gc,mmu      ] GC(4) MMU: 2ms/83.1%, 5ms/93.2%, 10ms/96.3%, 20ms/98.2%, 50ms/99.3%, 100ms/99.6%
[2025-05-18T21:01:01.259+0300][8224][10156][info][gc,marking  ] GC(4) Mark: 2 stripe(s), 1 proactive flush(es), 1 terminate flush(es), 0 completion(s), 0 continuation(s) 
[2025-05-18T21:01:01.259+0300][8224][10156][info][gc,marking  ] GC(4) Mark Stack Usage: 32M
[2025-05-18T21:01:01.259+0300][8224][10156][info][gc,nmethod  ] GC(4) NMethods: 7827 registered, 2099 unregistered
[2025-05-18T21:01:01.259+0300][8224][10156][info][gc,metaspace] GC(4) Metaspace: 32M used, 34M committed, 1088M reserved
[2025-05-18T21:01:01.259+0300][8224][10156][info][gc,ref      ] GC(4) Soft: 4169 encountered, 0 discovered, 0 enqueued
[2025-05-18T21:01:01.259+0300][8224][10156][info][gc,ref      ] GC(4) Weak: 2281 encountered, 380 discovered, 97 enqueued
[2025-05-18T21:01:01.259+0300][8224][10156][info][gc,ref      ] GC(4) Final: 3 encountered, 3 discovered, 0 enqueued
[2025-05-18T21:01:01.259+0300][8224][10156][info][gc,ref      ] GC(4) Phantom: 263 encountered, 242 discovered, 7 enqueued
[2025-05-18T21:01:01.259+0300][8224][10156][info][gc,reloc    ] GC(4) Small Pages: 1256 / 2512M, Empty: 2290M, Relocated: 1M, In-Place: 0
[2025-05-18T21:01:01.259+0300][8224][10156][info][gc,reloc    ] GC(4) Medium Pages: 2 / 64M, Empty: 32M, Relocated: 0M, In-Place: 0
[2025-05-18T21:01:01.259+0300][8224][10156][info][gc,reloc    ] GC(4) Large Pages: 0 / 0M, Empty: 0M, Relocated: 0M, In-Place: 0
[2025-05-18T21:01:01.259+0300][8224][10156][info][gc,reloc    ] GC(4) Forwarding Usage: 0M
[2025-05-18T21:01:01.259+0300][8224][10156][info][gc,heap     ] GC(4) Min Capacity: 12288M(100%)
[2025-05-18T21:01:01.259+0300][8224][10156][info][gc,heap     ] GC(4) Max Capacity: 12288M(100%)
[2025-05-18T21:01:01.259+0300][8224][10156][info][gc,heap     ] GC(4) Soft Max Capacity: 12288M(100%)
[2025-05-18T21:01:01.259+0300][8224][10156][info][gc,heap     ] GC(4)                Mark Start          Mark End        Relocate Start      Relocate End           High               Low         
[2025-05-18T21:01:01.259+0300][8224][10156][info][gc,heap     ] GC(4)  Capacity:    12288M (100%)      12288M (100%)      12288M (100%)      12288M (100%)      12288M (100%)      12288M (100%)   
[2025-05-18T21:01:01.259+0300][8224][10156][info][gc,heap     ] GC(4)      Free:     9712M (79%)        9712M (79%)       12030M (98%)       12230M (100%)      12230M (100%)       9712M (79%)    
[2025-05-18T21:01:01.259+0300][8224][10156][info][gc,heap     ] GC(4)      Used:     2576M (21%)        2576M (21%)         258M (2%)           58M (0%)         2576M (21%)          58M (0%)     
[2025-05-18T21:01:01.259+0300][8224][10156][info][gc,heap     ] GC(4)      Live:         -                17M (0%)           17M (0%)           17M (0%)             -                  -          
[2025-05-18T21:01:01.259+0300][8224][10156][info][gc,heap     ] GC(4) Allocated:         -                 0M (0%)            4M (0%)            4M (0%)             -                  -          
[2025-05-18T21:01:01.259+0300][8224][10156][info][gc,heap     ] GC(4)   Garbage:         -              2558M (21%)         236M (2%)           36M (0%)             -                  -          
[2025-05-18T21:01:01.259+0300][8224][10156][info][gc,heap     ] GC(4) Reclaimed:         -                  -              2322M (19%)        2522M (21%)            -                  -          
[2025-05-18T21:01:01.259+0300][8224][10156][info][gc          ] GC(4) Garbage Collection (System.gc()) 2576M(21%)->58M(0%)
[2025-05-18T21:01:04.122+0300][8224][1648 ][info][gc,stats    ] === Garbage Collection Statistics =======================================================================================================================
[2025-05-18T21:01:04.122+0300][8224][1648 ][info][gc,stats    ]                                                              Last 10s              Last 10m              Last 10h                Total
[2025-05-18T21:01:04.122+0300][8224][1648 ][info][gc,stats    ]                                                              Avg / Max             Avg / Max             Avg / Max             Avg / Max
[2025-05-18T21:01:04.122+0300][8224][1648 ][info][gc,stats    ]   Collector: Garbage Collection Cycle                     32.260 / 32.260       46.576 / 60.626       46.576 / 60.626       46.576 / 60.626      ms
[2025-05-18T21:01:04.122+0300][8224][1648 ][info][gc,stats    ]  Contention: Mark Segment Reset Contention                     0 / 9                 0 / 9                 0 / 9                 0 / 9           ops/s
[2025-05-18T21:01:04.122+0300][8224][1648 ][info][gc,stats    ]  Contention: Mark SeqNum Reset Contention                      0 / 1                 0 / 1                 0 / 1                 0 / 1           ops/s
[2025-05-18T21:01:04.122+0300][8224][1648 ][info][gc,stats    ]    Critical: Allocation Stall                                  0 / 0                 0 / 0                 0 / 0                 0 / 0           ops/s
[2025-05-18T21:01:04.122+0300][8224][1648 ][info][gc,stats    ]    Critical: Allocation Stall                              0.000 / 0.000         0.000 / 0.000         0.000 / 0.000         0.000 / 0.000       ms
[2025-05-18T21:01:04.122+0300][8224][1648 ][info][gc,stats    ]    Critical: GC Locker Stall                                   0 / 0                 0 / 0                 0 / 0                 0 / 0           ops/s
[2025-05-18T21:01:04.122+0300][8224][1648 ][info][gc,stats    ]    Critical: GC Locker Stall                               0.000 / 0.000         0.000 / 0.000         0.000 / 0.000         0.000 / 0.000       ms
[2025-05-18T21:01:04.122+0300][8224][1648 ][info][gc,stats    ]    Critical: Relocation Stall                                  0 / 0                 0 / 0                 0 / 0                 0 / 0           ops/s
[2025-05-18T21:01:04.122+0300][8224][1648 ][info][gc,stats    ]    Critical: Relocation Stall                              0.000 / 0.000         0.000 / 0.000         0.000 / 0.000         0.000 / 0.000       ms
[2025-05-18T21:01:04.122+0300][8224][1648 ][info][gc,stats    ]      Memory: Allocation Rate                                  44 / 142              37 / 192              37 / 192              37 / 192         MB/s
[2025-05-18T21:01:04.122+0300][8224][1648 ][info][gc,stats    ]      Memory: Defragment                                        0 / 0                 0 / 0                 0 / 0                 0 / 0           ops/s
[2025-05-18T21:01:04.122+0300][8224][1648 ][info][gc,stats    ]      Memory: Out Of Memory                                     0 / 0                 0 / 0                 0 / 0                 0 / 0           ops/s
[2025-05-18T21:01:04.122+0300][8224][1648 ][info][gc,stats    ]      Memory: Page Cache Flush                                  0 / 0                 0 / 0                 0 / 0                 0 / 0           MB/s
[2025-05-18T21:01:04.122+0300][8224][1648 ][info][gc,stats    ]      Memory: Page Cache Hit L1                                15 / 42               11 / 60               11 / 60               11 / 60          ops/s
[2025-05-18T21:01:04.122+0300][8224][1648 ][info][gc,stats    ]      Memory: Page Cache Hit L2                                 0 / 0                 0 / 0                 0 / 0                 0 / 0           ops/s
[2025-05-18T21:01:04.122+0300][8224][1648 ][info][gc,stats    ]      Memory: Page Cache Hit L3                                 3 / 17                6 / 33                6 / 33                6 / 33          ops/s
[2025-05-18T21:01:04.122+0300][8224][1648 ][info][gc,stats    ]      Memory: Page Cache Miss                                   0 / 0                 0 / 1                 0 / 1                 0 / 1           ops/s
[2025-05-18T21:01:04.122+0300][8224][1648 ][info][gc,stats    ]      Memory: Uncommit                                          0 / 0                 0 / 0                 0 / 0                 0 / 0           MB/s
[2025-05-18T21:01:04.122+0300][8224][1648 ][info][gc,stats    ]      Memory: Undo Object Allocation Failed                     0 / 0                 0 / 0                 0 / 0                 0 / 0           ops/s
[2025-05-18T21:01:04.122+0300][8224][1648 ][info][gc,stats    ]      Memory: Undo Object Allocation Succeeded                  0 / 0                 0 / 0                 0 / 0                 0 / 0           ops/s
[2025-05-18T21:01:04.122+0300][8224][1648 ][info][gc,stats    ]      Memory: Undo Page Allocation                              0 / 0                 0 / 3                 0 / 3                 0 / 3           ops/s
[2025-05-18T21:01:04.122+0300][8224][1648 ][info][gc,stats    ]       Phase: Concurrent Mark                              15.765 / 15.765       29.923 / 50.687       29.923 / 50.687       29.923 / 50.687      ms
[2025-05-18T21:01:04.122+0300][8224][1648 ][info][gc,stats    ]       Phase: Concurrent Mark Continue                      0.000 / 0.000         0.000 / 0.000         0.000 / 0.000         0.000 / 0.000       ms
[2025-05-18T21:01:04.122+0300][8224][1648 ][info][gc,stats    ]       Phase: Concurrent Mark Free                          0.001 / 0.001         0.001 / 0.001         0.001 / 0.001         0.001 / 0.001       ms
[2025-05-18T21:01:04.122+0300][8224][1648 ][info][gc,stats    ]       Phase: Concurrent Process Non-Strong References     13.018 / 13.018       10.120 / 19.782       10.120 / 19.782       10.120 / 19.782      ms
[2025-05-18T21:01:04.122+0300][8224][1648 ][info][gc,stats    ]       Phase: Concurrent Relocate                           1.085 / 1.085         2.315 / 5.216         2.315 / 5.216         2.315 / 5.216       ms
[2025-05-18T21:01:04.122+0300][8224][1648 ][info][gc,stats    ]       Phase: Concurrent Reset Relocation Set               0.004 / 0.004         0.003 / 0.006         0.003 / 0.006         0.003 / 0.006       ms
[2025-05-18T21:01:04.122+0300][8224][1648 ][info][gc,stats    ]       Phase: Concurrent Select Relocation Set              1.598 / 1.598         3.090 / 5.181         3.090 / 5.181         3.090 / 5.181       ms
[2025-05-18T21:01:04.122+0300][8224][1648 ][info][gc,stats    ]       Phase: Pause Mark End                                0.013 / 0.013         0.021 / 0.030         0.021 / 0.030         0.021 / 0.030       ms
[2025-05-18T21:01:04.122+0300][8224][1648 ][info][gc,stats    ]       Phase: Pause Mark Start                              0.007 / 0.007         0.010 / 0.013         0.010 / 0.013         0.010 / 0.013       ms
[2025-05-18T21:01:04.122+0300][8224][1648 ][info][gc,stats    ]       Phase: Pause Relocate Start                          0.006 / 0.006         0.072 / 0.339         0.072 / 0.339         0.072 / 0.339       ms
[2025-05-18T21:01:04.122+0300][8224][1648 ][info][gc,stats    ]    Subphase: Concurrent Classes Purge                      0.937 / 0.937         0.702 / 1.365         0.702 / 1.365         0.702 / 1.365       ms
[2025-05-18T21:01:04.122+0300][8224][1648 ][info][gc,stats    ]    Subphase: Concurrent Classes Unlink                    11.258 / 11.258        8.242 / 17.195        8.242 / 17.195        8.242 / 17.195      ms
[2025-05-18T21:01:04.122+0300][8224][1648 ][info][gc,stats    ]    Subphase: Concurrent Mark                              13.714 / 14.817       22.994 / 39.705       22.994 / 39.705       22.994 / 39.705      ms
[2025-05-18T21:01:04.122+0300][8224][1648 ][info][gc,stats    ]    Subphase: Concurrent Mark Try Flush                     0.068 / 0.115         0.151 / 0.534         0.151 / 0.534         0.151 / 0.534       ms
[2025-05-18T21:01:04.122+0300][8224][1648 ][info][gc,stats    ]    Subphase: Concurrent Mark Try Terminate                 1.282 / 3.823         2.452 / 14.435        2.452 / 14.435        2.452 / 14.435      ms
[2025-05-18T21:01:04.122+0300][8224][1648 ][info][gc,stats    ]    Subphase: Concurrent References Enqueue                 0.003 / 0.003         0.003 / 0.004         0.003 / 0.004         0.003 / 0.004       ms
[2025-05-18T21:01:04.123+0300][8224][1648 ][info][gc,stats    ]    Subphase: Concurrent References Process                 0.112 / 0.112         0.200 / 0.336         0.200 / 0.336         0.200 / 0.336       ms
[2025-05-18T21:01:04.123+0300][8224][1648 ][info][gc,stats    ]    Subphase: Concurrent Roots ClassLoaderDataGraph         0.184 / 0.337         0.229 / 1.010         0.229 / 1.010         0.229 / 1.010       ms
[2025-05-18T21:01:04.123+0300][8224][1648 ][info][gc,stats    ]    Subphase: Concurrent Roots CodeCache                    0.000 / 0.000         0.000 / 0.000         0.000 / 0.000         0.000 / 0.000       ms
[2025-05-18T21:01:04.123+0300][8224][1648 ][info][gc,stats    ]    Subphase: Concurrent Roots JavaThreads                  0.567 / 0.727         3.228 / 10.813        3.228 / 10.813        3.228 / 10.813      ms
[2025-05-18T21:01:04.123+0300][8224][1648 ][info][gc,stats    ]    Subphase: Concurrent Roots OopStorageSet                0.038 / 0.038         0.096 / 0.211         0.096 / 0.211         0.096 / 0.211       ms
[2025-05-18T21:01:04.123+0300][8224][1648 ][info][gc,stats    ]    Subphase: Concurrent Weak Roots OopStorageSet           0.433 / 0.433         0.692 / 1.209         0.692 / 1.209         0.692 / 1.209       ms
[2025-05-18T21:01:04.123+0300][8224][1648 ][info][gc,stats    ]    Subphase: Pause Mark Try Complete                       0.000 / 0.000         0.000 / 0.000         0.000 / 0.000         0.000 / 0.000       ms
[2025-05-18T21:01:04.123+0300][8224][1648 ][info][gc,stats    ]      System: Java Threads                                     25 / 25               29 / 34               29 / 34               29 / 34          threads
[2025-05-18T21:01:04.123+0300][8224][1648 ][info][gc,stats    ] =========================================================================================================================================================
[2025-05-18T21:01:14.114+0300][8224][1648 ][info][gc,stats    ] === Garbage Collection Statistics =======================================================================================================================
[2025-05-18T21:01:14.114+0300][8224][1648 ][info][gc,stats    ]                                                              Last 10s              Last 10m              Last 10h                Total
[2025-05-18T21:01:14.114+0300][8224][1648 ][info][gc,stats    ]                                                              Avg / Max             Avg / Max             Avg / Max             Avg / Max
[2025-05-18T21:01:14.114+0300][8224][1648 ][info][gc,stats    ]   Collector: Garbage Collection Cycle                      0.000 / 0.000        46.576 / 60.626       46.576 / 60.626       46.576 / 60.626      ms
[2025-05-18T21:01:14.114+0300][8224][1648 ][info][gc,stats    ]  Contention: Mark Segment Reset Contention                     0 / 0                 0 / 9                 0 / 9                 0 / 9           ops/s
[2025-05-18T21:01:14.114+0300][8224][1648 ][info][gc,stats    ]  Contention: Mark SeqNum Reset Contention                      0 / 0                 0 / 1                 0 / 1                 0 / 1           ops/s
[2025-05-18T21:01:14.114+0300][8224][1648 ][info][gc,stats    ]    Critical: Allocation Stall                                  0 / 0                 0 / 0                 0 / 0                 0 / 0           ops/s
[2025-05-18T21:01:14.114+0300][8224][1648 ][info][gc,stats    ]    Critical: Allocation Stall                              0.000 / 0.000         0.000 / 0.000         0.000 / 0.000         0.000 / 0.000       ms
[2025-05-18T21:01:14.114+0300][8224][1648 ][info][gc,stats    ]    Critical: GC Locker Stall                                   0 / 0                 0 / 0                 0 / 0                 0 / 0           ops/s
[2025-05-18T21:01:14.114+0300][8224][1648 ][info][gc,stats    ]    Critical: GC Locker Stall                               0.000 / 0.000         0.000 / 0.000         0.000 / 0.000         0.000 / 0.000       ms
[2025-05-18T21:01:14.114+0300][8224][1648 ][info][gc,stats    ]    Critical: Relocation Stall                                  0 / 0                 0 / 0                 0 / 0                 0 / 0           ops/s
[2025-05-18T21:01:14.114+0300][8224][1648 ][info][gc,stats    ]    Critical: Relocation Stall                              0.000 / 0.000         0.000 / 0.000         0.000 / 0.000         0.000 / 0.000       ms
[2025-05-18T21:01:14.114+0300][8224][1648 ][info][gc,stats    ]      Memory: Allocation Rate                                  34 / 38               36 / 192              36 / 192              36 / 192         MB/s
[2025-05-18T21:01:14.114+0300][8224][1648 ][info][gc,stats    ]      Memory: Defragment                                        0 / 0                 0 / 0                 0 / 0                 0 / 0           ops/s
[2025-05-18T21:01:14.114+0300][8224][1648 ][info][gc,stats    ]      Memory: Out Of Memory                                     0 / 0                 0 / 0                 0 / 0                 0 / 0           ops/s
[2025-05-18T21:01:14.114+0300][8224][1648 ][info][gc,stats    ]      Memory: Page Cache Flush                                  0 / 0                 0 / 0                 0 / 0                 0 / 0           MB/s
[2025-05-18T21:01:14.114+0300][8224][1648 ][info][gc,stats    ]      Memory: Page Cache Hit L1                                17 / 19               11 / 60               11 / 60               11 / 60          ops/s
[2025-05-18T21:01:14.114+0300][8224][1648 ][info][gc,stats    ]      Memory: Page Cache Hit L2                                 0 / 0                 0 / 0                 0 / 0                 0 / 0           ops/s
[2025-05-18T21:01:14.114+0300][8224][1648 ][info][gc,stats    ]      Memory: Page Cache Hit L3                                 0 / 0                 6 / 33                6 / 33                6 / 33          ops/s
[2025-05-18T21:01:14.114+0300][8224][1648 ][info][gc,stats    ]      Memory: Page Cache Miss                                   0 / 0                 0 / 1                 0 / 1                 0 / 1           ops/s
[2025-05-18T21:01:14.114+0300][8224][1648 ][info][gc,stats    ]      Memory: Uncommit                                          0 / 0                 0 / 0                 0 / 0                 0 / 0           MB/s
[2025-05-18T21:01:14.114+0300][8224][1648 ][info][gc,stats    ]      Memory: Undo Object Allocation Failed                     0 / 0                 0 / 0                 0 / 0                 0 / 0           ops/s
[2025-05-18T21:01:14.114+0300][8224][1648 ][info][gc,stats    ]      Memory: Undo Object Allocation Succeeded                  0 / 0                 0 / 0                 0 / 0                 0 / 0           ops/s
[2025-05-18T21:01:14.114+0300][8224][1648 ][info][gc,stats    ]      Memory: Undo Page Allocation                              0 / 0                 0 / 3                 0 / 3                 0 / 3           ops/s
[2025-05-18T21:01:14.114+0300][8224][1648 ][info][gc,stats    ]       Phase: Concurrent Mark                               0.000 / 0.000        29.923 / 50.687       29.923 / 50.687       29.923 / 50.687      ms
[2025-05-18T21:01:14.114+0300][8224][1648 ][info][gc,stats    ]       Phase: Concurrent Mark Continue                      0.000 / 0.000         0.000 / 0.000         0.000 / 0.000         0.000 / 0.000       ms
[2025-05-18T21:01:14.114+0300][8224][1648 ][info][gc,stats    ]       Phase: Concurrent Mark Free                          0.000 / 0.000         0.001 / 0.001         0.001 / 0.001         0.001 / 0.001       ms
[2025-05-18T21:01:14.114+0300][8224][1648 ][info][gc,stats    ]       Phase: Concurrent Process Non-Strong References      0.000 / 0.000        10.120 / 19.782       10.120 / 19.782       10.120 / 19.782      ms
[2025-05-18T21:01:14.115+0300][8224][1648 ][info][gc,stats    ]       Phase: Concurrent Relocate                           0.000 / 0.000         2.315 / 5.216         2.315 / 5.216         2.315 / 5.216       ms
[2025-05-18T21:01:14.115+0300][8224][1648 ][info][gc,stats    ]       Phase: Concurrent Reset Relocation Set               0.000 / 0.000         0.003 / 0.006         0.003 / 0.006         0.003 / 0.006       ms
[2025-05-18T21:01:14.115+0300][8224][1648 ][info][gc,stats    ]       Phase: Concurrent Select Relocation Set              0.000 / 0.000         3.090 / 5.181         3.090 / 5.181         3.090 / 5.181       ms
[2025-05-18T21:01:14.115+0300][8224][1648 ][info][gc,stats    ]       Phase: Pause Mark End                                0.000 / 0.000         0.021 / 0.030         0.021 / 0.030         0.021 / 0.030       ms
[2025-05-18T21:01:14.115+0300][8224][1648 ][info][gc,stats    ]       Phase: Pause Mark Start                              0.000 / 0.000         0.010 / 0.013         0.010 / 0.013         0.010 / 0.013       ms
[2025-05-18T21:01:14.115+0300][8224][1648 ][info][gc,stats    ]       Phase: Pause Relocate Start                          0.000 / 0.000         0.072 / 0.339         0.072 / 0.339         0.072 / 0.339       ms
[2025-05-18T21:01:14.115+0300][8224][1648 ][info][gc,stats    ]    Subphase: Concurrent Classes Purge                      0.000 / 0.000         0.702 / 1.365         0.702 / 1.365         0.702 / 1.365       ms
[2025-05-18T21:01:14.115+0300][8224][1648 ][info][gc,stats    ]    Subphase: Concurrent Classes Unlink                     0.000 / 0.000         8.242 / 17.195        8.242 / 17.195        8.242 / 17.195      ms
[2025-05-18T21:01:14.115+0300][8224][1648 ][info][gc,stats    ]    Subphase: Concurrent Mark                               0.000 / 0.000        22.994 / 39.705       22.994 / 39.705       22.994 / 39.705      ms
[2025-05-18T21:01:14.115+0300][8224][1648 ][info][gc,stats    ]    Subphase: Concurrent Mark Try Flush                     0.000 / 0.000         0.151 / 0.534         0.151 / 0.534         0.151 / 0.534       ms
[2025-05-18T21:01:14.115+0300][8224][1648 ][info][gc,stats    ]    Subphase: Concurrent Mark Try Terminate                 0.000 / 0.000         2.452 / 14.435        2.452 / 14.435        2.452 / 14.435      ms
[2025-05-18T21:01:14.115+0300][8224][1648 ][info][gc,stats    ]    Subphase: Concurrent References Enqueue                 0.000 / 0.000         0.003 / 0.004         0.003 / 0.004         0.003 / 0.004       ms
[2025-05-18T21:01:14.115+0300][8224][1648 ][info][gc,stats    ]    Subphase: Concurrent References Process                 0.000 / 0.000         0.200 / 0.336         0.200 / 0.336         0.200 / 0.336       ms
[2025-05-18T21:01:14.115+0300][8224][1648 ][info][gc,stats    ]    Subphase: Concurrent Roots ClassLoaderDataGraph         0.000 / 0.000         0.229 / 1.010         0.229 / 1.010         0.229 / 1.010       ms
[2025-05-18T21:01:14.115+0300][8224][1648 ][info][gc,stats    ]    Subphase: Concurrent Roots CodeCache                    0.000 / 0.000         0.000 / 0.000         0.000 / 0.000         0.000 / 0.000       ms
[2025-05-18T21:01:14.115+0300][8224][1648 ][info][gc,stats    ]    Subphase: Concurrent Roots JavaThreads                  0.000 / 0.000         3.228 / 10.813        3.228 / 10.813        3.228 / 10.813      ms
[2025-05-18T21:01:14.115+0300][8224][1648 ][info][gc,stats    ]    Subphase: Concurrent Roots OopStorageSet                0.000 / 0.000         0.096 / 0.211         0.096 / 0.211         0.096 / 0.211       ms
[2025-05-18T21:01:14.115+0300][8224][1648 ][info][gc,stats    ]    Subphase: Concurrent Weak Roots OopStorageSet           0.000 / 0.000         0.692 / 1.209         0.692 / 1.209         0.692 / 1.209       ms
[2025-05-18T21:01:14.115+0300][8224][1648 ][info][gc,stats    ]    Subphase: Pause Mark Try Complete                       0.000 / 0.000         0.000 / 0.000         0.000 / 0.000         0.000 / 0.000       ms
[2025-05-18T21:01:14.115+0300][8224][1648 ][info][gc,stats    ]      System: Java Threads                                      0 / 0                29 / 34               29 / 34               29 / 34          threads
[2025-05-18T21:01:14.115+0300][8224][1648 ][info][gc,stats    ] =========================================================================================================================================================
[2025-05-18T21:01:24.118+0300][8224][1648 ][info][gc,stats    ] === Garbage Collection Statistics =======================================================================================================================
[2025-05-18T21:01:24.118+0300][8224][1648 ][info][gc,stats    ]                                                              Last 10s              Last 10m              Last 10h                Total
[2025-05-18T21:01:24.118+0300][8224][1648 ][info][gc,stats    ]                                                              Avg / Max             Avg / Max             Avg / Max             Avg / Max
[2025-05-18T21:01:24.118+0300][8224][1648 ][info][gc,stats    ]   Collector: Garbage Collection Cycle                      0.000 / 0.000        46.576 / 60.626       46.576 / 60.626       46.576 / 60.626      ms
[2025-05-18T21:01:24.118+0300][8224][1648 ][info][gc,stats    ]  Contention: Mark Segment Reset Contention                     0 / 0                 0 / 9                 0 / 9                 0 / 9           ops/s
[2025-05-18T21:01:24.118+0300][8224][1648 ][info][gc,stats    ]  Contention: Mark SeqNum Reset Contention                      0 / 0                 0 / 1                 0 / 1                 0 / 1           ops/s
[2025-05-18T21:01:24.118+0300][8224][1648 ][info][gc,stats    ]    Critical: Allocation Stall                                  0 / 0                 0 / 0                 0 / 0                 0 / 0           ops/s
[2025-05-18T21:01:24.118+0300][8224][1648 ][info][gc,stats    ]    Critical: Allocation Stall                              0.000 / 0.000         0.000 / 0.000         0.000 / 0.000         0.000 / 0.000       ms
[2025-05-18T21:01:24.118+0300][8224][1648 ][info][gc,stats    ]    Critical: GC Locker Stall                                   0 / 0                 0 / 0                 0 / 0                 0 / 0           ops/s
[2025-05-18T21:01:24.118+0300][8224][1648 ][info][gc,stats    ]    Critical: GC Locker Stall                               0.000 / 0.000         0.000 / 0.000         0.000 / 0.000         0.000 / 0.000       ms
[2025-05-18T21:01:24.118+0300][8224][1648 ][info][gc,stats    ]    Critical: Relocation Stall                                  0 / 0                 0 / 0                 0 / 0                 0 / 0           ops/s
[2025-05-18T21:01:24.119+0300][8224][1648 ][info][gc,stats    ]    Critical: Relocation Stall                              0.000 / 0.000         0.000 / 0.000         0.000 / 0.000         0.000 / 0.000       ms
[2025-05-18T21:01:24.119+0300][8224][1648 ][info][gc,stats    ]      Memory: Allocation Rate                                  34 / 38               36 / 192              36 / 192              36 / 192         MB/s
[2025-05-18T21:01:24.119+0300][8224][1648 ][info][gc,stats    ]      Memory: Defragment                                        0 / 0                 0 / 0                 0 / 0                 0 / 0           ops/s
[2025-05-18T21:01:24.119+0300][8224][1648 ][info][gc,stats    ]      Memory: Out Of Memory                                     0 / 0                 0 / 0                 0 / 0                 0 / 0           ops/s
[2025-05-18T21:01:24.119+0300][8224][1648 ][info][gc,stats    ]      Memory: Page Cache Flush                                  0 / 0                 0 / 0                 0 / 0                 0 / 0           MB/s
[2025-05-18T21:01:24.119+0300][8224][1648 ][info][gc,stats    ]      Memory: Page Cache Hit L1                                17 / 19               11 / 60               11 / 60               11 / 60          ops/s
[2025-05-18T21:01:24.119+0300][8224][1648 ][info][gc,stats    ]      Memory: Page Cache Hit L2                                 0 / 0                 0 / 0                 0 / 0                 0 / 0           ops/s
[2025-05-18T21:01:24.119+0300][8224][1648 ][info][gc,stats    ]      Memory: Page Cache Hit L3                                 0 / 0                 6 / 33                6 / 33                6 / 33          ops/s
[2025-05-18T21:01:24.119+0300][8224][1648 ][info][gc,stats    ]      Memory: Page Cache Miss                                   0 / 0                 0 / 1                 0 / 1                 0 / 1           ops/s
[2025-05-18T21:01:24.119+0300][8224][1648 ][info][gc,stats    ]      Memory: Uncommit                                          0 / 0                 0 / 0                 0 / 0                 0 / 0           MB/s
[2025-05-18T21:01:24.119+0300][8224][1648 ][info][gc,stats    ]      Memory: Undo Object Allocation Failed                     0 / 0                 0 / 0                 0 / 0                 0 / 0           ops/s
[2025-05-18T21:01:24.119+0300][8224][1648 ][info][gc,stats    ]      Memory: Undo Object Allocation Succeeded                  0 / 0                 0 / 0                 0 / 0                 0 / 0           ops/s
[2025-05-18T21:01:24.119+0300][8224][1648 ][info][gc,stats    ]      Memory: Undo Page Allocation                              0 / 0                 0 / 3                 0 / 3                 0 / 3           ops/s
[2025-05-18T21:01:24.119+0300][8224][1648 ][info][gc,stats    ]       Phase: Concurrent Mark                               0.000 / 0.000        29.923 / 50.687       29.923 / 50.687       29.923 / 50.687      ms
[2025-05-18T21:01:24.119+0300][8224][1648 ][info][gc,stats    ]       Phase: Concurrent Mark Continue                      0.000 / 0.000         0.000 / 0.000         0.000 / 0.000         0.000 / 0.000       ms
[2025-05-18T21:01:24.119+0300][8224][1648 ][info][gc,stats    ]       Phase: Concurrent Mark Free                          0.000 / 0.000         0.001 / 0.001         0.001 / 0.001         0.001 / 0.001       ms
[2025-05-18T21:01:24.119+0300][8224][1648 ][info][gc,stats    ]       Phase: Concurrent Process Non-Strong References      0.000 / 0.000        10.120 / 19.782       10.120 / 19.782       10.120 / 19.782      ms
[2025-05-18T21:01:24.119+0300][8224][1648 ][info][gc,stats    ]       Phase: Concurrent Relocate                           0.000 / 0.000         2.315 / 5.216         2.315 / 5.216         2.315 / 5.216       ms
[2025-05-18T21:01:24.119+0300][8224][1648 ][info][gc,stats    ]       Phase: Concurrent Reset Relocation Set               0.000 / 0.000         0.003 / 0.006         0.003 / 0.006         0.003 / 0.006       ms
[2025-05-18T21:01:24.119+0300][8224][1648 ][info][gc,stats    ]       Phase: Concurrent Select Relocation Set              0.000 / 0.000         3.090 / 5.181         3.090 / 5.181         3.090 / 5.181       ms
[2025-05-18T21:01:24.119+0300][8224][1648 ][info][gc,stats    ]       Phase: Pause Mark End                                0.000 / 0.000         0.021 / 0.030         0.021 / 0.030         0.021 / 0.030       ms
[2025-05-18T21:01:24.119+0300][8224][1648 ][info][gc,stats    ]       Phase: Pause Mark Start                              0.000 / 0.000         0.010 / 0.013         0.010 / 0.013         0.010 / 0.013       ms
[2025-05-18T21:01:24.119+0300][8224][1648 ][info][gc,stats    ]       Phase: Pause Relocate Start                          0.000 / 0.000         0.072 / 0.339         0.072 / 0.339         0.072 / 0.339       ms
[2025-05-18T21:01:24.119+0300][8224][1648 ][info][gc,stats    ]    Subphase: Concurrent Classes Purge                      0.000 / 0.000         0.702 / 1.365         0.702 / 1.365         0.702 / 1.365       ms
[2025-05-18T21:01:24.119+0300][8224][1648 ][info][gc,stats    ]    Subphase: Concurrent Classes Unlink                     0.000 / 0.000         8.242 / 17.195        8.242 / 17.195        8.242 / 17.195      ms
[2025-05-18T21:01:24.119+0300][8224][1648 ][info][gc,stats    ]    Subphase: Concurrent Mark                               0.000 / 0.000        22.994 / 39.705       22.994 / 39.705       22.994 / 39.705      ms
[2025-05-18T21:01:24.119+0300][8224][1648 ][info][gc,stats    ]    Subphase: Concurrent Mark Try Flush                     0.000 / 0.000         0.151 / 0.534         0.151 / 0.534         0.151 / 0.534       ms
[2025-05-18T21:01:24.119+0300][8224][1648 ][info][gc,stats    ]    Subphase: Concurrent Mark Try Terminate                 0.000 / 0.000         2.452 / 14.435        2.452 / 14.435        2.452 / 14.435      ms
[2025-05-18T21:01:24.119+0300][8224][1648 ][info][gc,stats    ]    Subphase: Concurrent References Enqueue                 0.000 / 0.000         0.003 / 0.004         0.003 / 0.004         0.003 / 0.004       ms
[2025-05-18T21:01:24.119+0300][8224][1648 ][info][gc,stats    ]    Subphase: Concurrent References Process                 0.000 / 0.000         0.200 / 0.336         0.200 / 0.336         0.200 / 0.336       ms
[2025-05-18T21:01:24.119+0300][8224][1648 ][info][gc,stats    ]    Subphase: Concurrent Roots ClassLoaderDataGraph         0.000 / 0.000         0.229 / 1.010         0.229 / 1.010         0.229 / 1.010       ms
[2025-05-18T21:01:24.119+0300][8224][1648 ][info][gc,stats    ]    Subphase: Concurrent Roots CodeCache                    0.000 / 0.000         0.000 / 0.000         0.000 / 0.000         0.000 / 0.000       ms
[2025-05-18T21:01:24.119+0300][8224][1648 ][info][gc,stats    ]    Subphase: Concurrent Roots JavaThreads                  0.000 / 0.000         3.228 / 10.813        3.228 / 10.813        3.228 / 10.813      ms
[2025-05-18T21:01:24.119+0300][8224][1648 ][info][gc,stats    ]    Subphase: Concurrent Roots OopStorageSet                0.000 / 0.000         0.096 / 0.211         0.096 / 0.211         0.096 / 0.211       ms
[2025-05-18T21:01:24.119+0300][8224][1648 ][info][gc,stats    ]    Subphase: Concurrent Weak Roots OopStorageSet           0.000 / 0.000         0.692 / 1.209         0.692 / 1.209         0.692 / 1.209       ms
[2025-05-18T21:01:24.119+0300][8224][1648 ][info][gc,stats    ]    Subphase: Pause Mark Try Complete                       0.000 / 0.000         0.000 / 0.000         0.000 / 0.000         0.000 / 0.000       ms
[2025-05-18T21:01:24.119+0300][8224][1648 ][info][gc,stats    ]      System: Java Threads                                      0 / 0                29 / 34               29 / 34               29 / 34          threads
[2025-05-18T21:01:24.119+0300][8224][1648 ][info][gc,stats    ] =========================================================================================================================================================
[2025-05-18T21:01:34.114+0300][8224][1648 ][info][gc,stats    ] === Garbage Collection Statistics =======================================================================================================================
[2025-05-18T21:01:34.114+0300][8224][1648 ][info][gc,stats    ]                                                              Last 10s              Last 10m              Last 10h                Total
[2025-05-18T21:01:34.114+0300][8224][1648 ][info][gc,stats    ]                                                              Avg / Max             Avg / Max             Avg / Max             Avg / Max
[2025-05-18T21:01:34.114+0300][8224][1648 ][info][gc,stats    ]   Collector: Garbage Collection Cycle                      0.000 / 0.000        46.576 / 60.626       46.576 / 60.626       46.576 / 60.626      ms
[2025-05-18T21:01:34.114+0300][8224][1648 ][info][gc,stats    ]  Contention: Mark Segment Reset Contention                     0 / 0                 0 / 9                 0 / 9                 0 / 9           ops/s
[2025-05-18T21:01:34.114+0300][8224][1648 ][info][gc,stats    ]  Contention: Mark SeqNum Reset Contention                      0 / 0                 0 / 1                 0 / 1                 0 / 1           ops/s
[2025-05-18T21:01:34.114+0300][8224][1648 ][info][gc,stats    ]    Critical: Allocation Stall                                  0 / 0                 0 / 0                 0 / 0                 0 / 0           ops/s
[2025-05-18T21:01:34.114+0300][8224][1648 ][info][gc,stats    ]    Critical: Allocation Stall                              0.000 / 0.000         0.000 / 0.000         0.000 / 0.000         0.000 / 0.000       ms
[2025-05-18T21:01:34.114+0300][8224][1648 ][info][gc,stats    ]    Critical: GC Locker Stall                                   0 / 0                 0 / 0                 0 / 0                 0 / 0           ops/s
[2025-05-18T21:01:34.114+0300][8224][1648 ][info][gc,stats    ]    Critical: GC Locker Stall                               0.000 / 0.000         0.000 / 0.000         0.000 / 0.000         0.000 / 0.000       ms
[2025-05-18T21:01:34.114+0300][8224][1648 ][info][gc,stats    ]    Critical: Relocation Stall                                  0 / 0                 0 / 0                 0 / 0                 0 / 0           ops/s
[2025-05-18T21:01:34.114+0300][8224][1648 ][info][gc,stats    ]    Critical: Relocation Stall                              0.000 / 0.000         0.000 / 0.000         0.000 / 0.000         0.000 / 0.000       ms
[2025-05-18T21:01:34.114+0300][8224][1648 ][info][gc,stats    ]      Memory: Allocation Rate                                  33 / 38               36 / 192              36 / 192              36 / 192         MB/s
[2025-05-18T21:01:34.114+0300][8224][1648 ][info][gc,stats    ]      Memory: Defragment                                        0 / 0                 0 / 0                 0 / 0                 0 / 0           ops/s
[2025-05-18T21:01:34.114+0300][8224][1648 ][info][gc,stats    ]      Memory: Out Of Memory                                     0 / 0                 0 / 0                 0 / 0                 0 / 0           ops/s
[2025-05-18T21:01:34.114+0300][8224][1648 ][info][gc,stats    ]      Memory: Page Cache Flush                                  0 / 0                 0 / 0                 0 / 0                 0 / 0           MB/s
[2025-05-18T21:01:34.114+0300][8224][1648 ][info][gc,stats    ]      Memory: Page Cache Hit L1                                16 / 19               12 / 60               12 / 60               12 / 60          ops/s
[2025-05-18T21:01:34.114+0300][8224][1648 ][info][gc,stats    ]      Memory: Page Cache Hit L2                                 0 / 0                 0 / 0                 0 / 0                 0 / 0           ops/s
[2025-05-18T21:01:34.114+0300][8224][1648 ][info][gc,stats    ]      Memory: Page Cache Hit L3                                 0 / 0                 5 / 33                5 / 33                5 / 33          ops/s
[2025-05-18T21:01:34.114+0300][8224][1648 ][info][gc,stats    ]      Memory: Page Cache Miss                                   0 / 0                 0 / 1                 0 / 1                 0 / 1           ops/s
[2025-05-18T21:01:34.114+0300][8224][1648 ][info][gc,stats    ]      Memory: Uncommit                                          0 / 0                 0 / 0                 0 / 0                 0 / 0           MB/s
[2025-05-18T21:01:34.114+0300][8224][1648 ][info][gc,stats    ]      Memory: Undo Object Allocation Failed                     0 / 0                 0 / 0                 0 / 0                 0 / 0           ops/s
[2025-05-18T21:01:34.114+0300][8224][1648 ][info][gc,stats    ]      Memory: Undo Object Allocation Succeeded                  0 / 0                 0 / 0                 0 / 0                 0 / 0           ops/s
[2025-05-18T21:01:34.114+0300][8224][1648 ][info][gc,stats    ]      Memory: Undo Page Allocation                              0 / 0                 0 / 3                 0 / 3                 0 / 3           ops/s
[2025-05-18T21:01:34.114+0300][8224][1648 ][info][gc,stats    ]       Phase: Concurrent Mark                               0.000 / 0.000        29.923 / 50.687       29.923 / 50.687       29.923 / 50.687      ms
[2025-05-18T21:01:34.114+0300][8224][1648 ][info][gc,stats    ]       Phase: Concurrent Mark Continue                      0.000 / 0.000         0.000 / 0.000         0.000 / 0.000         0.000 / 0.000       ms
[2025-05-18T21:01:34.114+0300][8224][1648 ][info][gc,stats    ]       Phase: Concurrent Mark Free                          0.000 / 0.000         0.001 / 0.001         0.001 / 0.001         0.001 / 0.001       ms
[2025-05-18T21:01:34.114+0300][8224][1648 ][info][gc,stats    ]       Phase: Concurrent Process Non-Strong References      0.000 / 0.000        10.120 / 19.782       10.120 / 19.782       10.120 / 19.782      ms
[2025-05-18T21:01:34.114+0300][8224][1648 ][info][gc,stats    ]       Phase: Concurrent Relocate                           0.000 / 0.000         2.315 / 5.216         2.315 / 5.216         2.315 / 5.216       ms
[2025-05-18T21:01:34.114+0300][8224][1648 ][info][gc,stats    ]       Phase: Concurrent Reset Relocation Set               0.000 / 0.000         0.003 / 0.006         0.003 / 0.006         0.003 / 0.006       ms
[2025-05-18T21:01:34.114+0300][8224][1648 ][info][gc,stats    ]       Phase: Concurrent Select Relocation Set              0.000 / 0.000         3.090 / 5.181         3.090 / 5.181         3.090 / 5.181       ms
[2025-05-18T21:01:34.114+0300][8224][1648 ][info][gc,stats    ]       Phase: Pause Mark End                                0.000 / 0.000         0.021 / 0.030         0.021 / 0.030         0.021 / 0.030       ms
[2025-05-18T21:01:34.114+0300][8224][1648 ][info][gc,stats    ]       Phase: Pause Mark Start                              0.000 / 0.000         0.010 / 0.013         0.010 / 0.013         0.010 / 0.013       ms
[2025-05-18T21:01:34.114+0300][8224][1648 ][info][gc,stats    ]       Phase: Pause Relocate Start                          0.000 / 0.000         0.072 / 0.339         0.072 / 0.339         0.072 / 0.339       ms
[2025-05-18T21:01:34.114+0300][8224][1648 ][info][gc,stats    ]    Subphase: Concurrent Classes Purge                      0.000 / 0.000         0.702 / 1.365         0.702 / 1.365         0.702 / 1.365       ms
[2025-05-18T21:01:34.114+0300][8224][1648 ][info][gc,stats    ]    Subphase: Concurrent Classes Unlink                     0.000 / 0.000         8.242 / 17.195        8.242 / 17.195        8.242 / 17.195      ms
[2025-05-18T21:01:34.114+0300][8224][1648 ][info][gc,stats    ]    Subphase: Concurrent Mark                               0.000 / 0.000        22.994 / 39.705       22.994 / 39.705       22.994 / 39.705      ms
[2025-05-18T21:01:34.115+0300][8224][1648 ][info][gc,stats    ]    Subphase: Concurrent Mark Try Flush                     0.000 / 0.000         0.151 / 0.534         0.151 / 0.534         0.151 / 0.534       ms
[2025-05-18T21:01:34.115+0300][8224][1648 ][info][gc,stats    ]    Subphase: Concurrent Mark Try Terminate                 0.000 / 0.000         2.452 / 14.435        2.452 / 14.435        2.452 / 14.435      ms
[2025-05-18T21:01:34.115+0300][8224][1648 ][info][gc,stats    ]    Subphase: Concurrent References Enqueue                 0.000 / 0.000         0.003 / 0.004         0.003 / 0.004         0.003 / 0.004       ms
[2025-05-18T21:01:34.115+0300][8224][1648 ][info][gc,stats    ]    Subphase: Concurrent References Process                 0.000 / 0.000         0.200 / 0.336         0.200 / 0.336         0.200 / 0.336       ms
[2025-05-18T21:01:34.115+0300][8224][1648 ][info][gc,stats    ]    Subphase: Concurrent Roots ClassLoaderDataGraph         0.000 / 0.000         0.229 / 1.010         0.229 / 1.010         0.229 / 1.010       ms
[2025-05-18T21:01:34.115+0300][8224][1648 ][info][gc,stats    ]    Subphase: Concurrent Roots CodeCache                    0.000 / 0.000         0.000 / 0.000         0.000 / 0.000         0.000 / 0.000       ms
[2025-05-18T21:01:34.115+0300][8224][1648 ][info][gc,stats    ]    Subphase: Concurrent Roots JavaThreads                  0.000 / 0.000         3.228 / 10.813        3.228 / 10.813        3.228 / 10.813      ms
[2025-05-18T21:01:34.115+0300][8224][1648 ][info][gc,stats    ]    Subphase: Concurrent Roots OopStorageSet                0.000 / 0.000         0.096 / 0.211         0.096 / 0.211         0.096 / 0.211       ms
[2025-05-18T21:01:34.115+0300][8224][1648 ][info][gc,stats    ]    Subphase: Concurrent Weak Roots OopStorageSet           0.000 / 0.000         0.692 / 1.209         0.692 / 1.209         0.692 / 1.209       ms
[2025-05-18T21:01:34.115+0300][8224][1648 ][info][gc,stats    ]    Subphase: Pause Mark Try Complete                       0.000 / 0.000         0.000 / 0.000         0.000 / 0.000         0.000 / 0.000       ms
[2025-05-18T21:01:34.115+0300][8224][1648 ][info][gc,stats    ]      System: Java Threads                                      0 / 0                29 / 34               29 / 34               29 / 34          threads
[2025-05-18T21:01:34.115+0300][8224][1648 ][info][gc,stats    ] =========================================================================================================================================================
[2025-05-18T21:01:44.113+0300][8224][1648 ][info][gc,stats    ] === Garbage Collection Statistics =======================================================================================================================
[2025-05-18T21:01:44.113+0300][8224][1648 ][info][gc,stats    ]                                                              Last 10s              Last 10m              Last 10h                Total
[2025-05-18T21:01:44.113+0300][8224][1648 ][info][gc,stats    ]                                                              Avg / Max             Avg / Max             Avg / Max             Avg / Max
[2025-05-18T21:01:44.113+0300][8224][1648 ][info][gc,stats    ]   Collector: Garbage Collection Cycle                      0.000 / 0.000        46.576 / 60.626       46.576 / 60.626       46.576 / 60.626      ms
[2025-05-18T21:01:44.113+0300][8224][1648 ][info][gc,stats    ]  Contention: Mark Segment Reset Contention                     0 / 0                 0 / 9                 0 / 9                 0 / 9           ops/s
[2025-05-18T21:01:44.113+0300][8224][1648 ][info][gc,stats    ]  Contention: Mark SeqNum Reset Contention                      0 / 0                 0 / 1                 0 / 1                 0 / 1           ops/s
[2025-05-18T21:01:44.113+0300][8224][1648 ][info][gc,stats    ]    Critical: Allocation Stall                                  0 / 0                 0 / 0                 0 / 0                 0 / 0           ops/s
[2025-05-18T21:01:44.113+0300][8224][1648 ][info][gc,stats    ]    Critical: Allocation Stall                              0.000 / 0.000         0.000 / 0.000         0.000 / 0.000         0.000 / 0.000       ms
[2025-05-18T21:01:44.113+0300][8224][1648 ][info][gc,stats    ]    Critical: GC Locker Stall                                   0 / 0                 0 / 0                 0 / 0                 0 / 0           ops/s
[2025-05-18T21:01:44.113+0300][8224][1648 ][info][gc,stats    ]    Critical: GC Locker Stall                               0.000 / 0.000         0.000 / 0.000         0.000 / 0.000         0.000 / 0.000       ms
[2025-05-18T21:01:44.113+0300][8224][1648 ][info][gc,stats    ]    Critical: Relocation Stall                                  0 / 0                 0 / 0                 0 / 0                 0 / 0           ops/s
[2025-05-18T21:01:44.113+0300][8224][1648 ][info][gc,stats    ]    Critical: Relocation Stall                              0.000 / 0.000         0.000 / 0.000         0.000 / 0.000         0.000 / 0.000       ms
[2025-05-18T21:01:44.113+0300][8224][1648 ][info][gc,stats    ]      Memory: Allocation Rate                                  34 / 38               36 / 192              36 / 192              36 / 192         MB/s
[2025-05-18T21:01:44.113+0300][8224][1648 ][info][gc,stats    ]      Memory: Defragment                                        0 / 0                 0 / 0                 0 / 0                 0 / 0           ops/s
[2025-05-18T21:01:44.113+0300][8224][1648 ][info][gc,stats    ]      Memory: Out Of Memory                                     0 / 0                 0 / 0                 0 / 0                 0 / 0           ops/s
[2025-05-18T21:01:44.113+0300][8224][1648 ][info][gc,stats    ]      Memory: Page Cache Flush                                  0 / 0                 0 / 0                 0 / 0                 0 / 0           MB/s
[2025-05-18T21:01:44.113+0300][8224][1648 ][info][gc,stats    ]      Memory: Page Cache Hit L1                                17 / 19               12 / 60               12 / 60               12 / 60          ops/s
[2025-05-18T21:01:44.113+0300][8224][1648 ][info][gc,stats    ]      Memory: Page Cache Hit L2                                 0 / 0                 0 / 0                 0 / 0                 0 / 0           ops/s
[2025-05-18T21:01:44.113+0300][8224][1648 ][info][gc,stats    ]      Memory: Page Cache Hit L3                                 0 / 0                 5 / 33                5 / 33                5 / 33          ops/s
[2025-05-18T21:01:44.113+0300][8224][1648 ][info][gc,stats    ]      Memory: Page Cache Miss                                   0 / 0                 0 / 1                 0 / 1                 0 / 1           ops/s
[2025-05-18T21:01:44.113+0300][8224][1648 ][info][gc,stats    ]      Memory: Uncommit                                          0 / 0                 0 / 0                 0 / 0                 0 / 0           MB/s
[2025-05-18T21:01:44.113+0300][8224][1648 ][info][gc,stats    ]      Memory: Undo Object Allocation Failed                     0 / 0                 0 / 0                 0 / 0                 0 / 0           ops/s
[2025-05-18T21:01:44.113+0300][8224][1648 ][info][gc,stats    ]      Memory: Undo Object Allocation Succeeded                  0 / 0                 0 / 0                 0 / 0                 0 / 0           ops/s
[2025-05-18T21:01:44.113+0300][8224][1648 ][info][gc,stats    ]      Memory: Undo Page Allocation                              0 / 0                 0 / 3                 0 / 3                 0 / 3           ops/s
[2025-05-18T21:01:44.113+0300][8224][1648 ][info][gc,stats    ]       Phase: Concurrent Mark                               0.000 / 0.000        29.923 / 50.687       29.923 / 50.687       29.923 / 50.687      ms
[2025-05-18T21:01:44.113+0300][8224][1648 ][info][gc,stats    ]       Phase: Concurrent Mark Continue                      0.000 / 0.000         0.000 / 0.000         0.000 / 0.000         0.000 / 0.000       ms
[2025-05-18T21:01:44.113+0300][8224][1648 ][info][gc,stats    ]       Phase: Concurrent Mark Free                          0.000 / 0.000         0.001 / 0.001         0.001 / 0.001         0.001 / 0.001       ms
[2025-05-18T21:01:44.113+0300][8224][1648 ][info][gc,stats    ]       Phase: Concurrent Process Non-Strong References      0.000 / 0.000        10.120 / 19.782       10.120 / 19.782       10.120 / 19.782      ms
[2025-05-18T21:01:44.114+0300][8224][1648 ][info][gc,stats    ]       Phase: Concurrent Relocate                           0.000 / 0.000         2.315 / 5.216         2.315 / 5.216         2.315 / 5.216       ms
[2025-05-18T21:01:44.114+0300][8224][1648 ][info][gc,stats    ]       Phase: Concurrent Reset Relocation Set               0.000 / 0.000         0.003 / 0.006         0.003 / 0.006         0.003 / 0.006       ms
[2025-05-18T21:01:44.114+0300][8224][1648 ][info][gc,stats    ]       Phase: Concurrent Select Relocation Set              0.000 / 0.000         3.090 / 5.181         3.090 / 5.181         3.090 / 5.181       ms
[2025-05-18T21:01:44.114+0300][8224][1648 ][info][gc,stats    ]       Phase: Pause Mark End                                0.000 / 0.000         0.021 / 0.030         0.021 / 0.030         0.021 / 0.030       ms
[2025-05-18T21:01:44.114+0300][8224][1648 ][info][gc,stats    ]       Phase: Pause Mark Start                              0.000 / 0.000         0.010 / 0.013         0.010 / 0.013         0.010 / 0.013       ms
[2025-05-18T21:01:44.114+0300][8224][1648 ][info][gc,stats    ]       Phase: Pause Relocate Start                          0.000 / 0.000         0.072 / 0.339         0.072 / 0.339         0.072 / 0.339       ms
[2025-05-18T21:01:44.114+0300][8224][1648 ][info][gc,stats    ]    Subphase: Concurrent Classes Purge                      0.000 / 0.000         0.702 / 1.365         0.702 / 1.365         0.702 / 1.365       ms
[2025-05-18T21:01:44.114+0300][8224][1648 ][info][gc,stats    ]    Subphase: Concurrent Classes Unlink                     0.000 / 0.000         8.242 / 17.195        8.242 / 17.195        8.242 / 17.195      ms
[2025-05-18T21:01:44.114+0300][8224][1648 ][info][gc,stats    ]    Subphase: Concurrent Mark                               0.000 / 0.000        22.994 / 39.705       22.994 / 39.705       22.994 / 39.705      ms
[2025-05-18T21:01:44.114+0300][8224][1648 ][info][gc,stats    ]    Subphase: Concurrent Mark Try Flush                     0.000 / 0.000         0.151 / 0.534         0.151 / 0.534         0.151 / 0.534       ms
[2025-05-18T21:01:44.114+0300][8224][1648 ][info][gc,stats    ]    Subphase: Concurrent Mark Try Terminate                 0.000 / 0.000         2.452 / 14.435        2.452 / 14.435        2.452 / 14.435      ms
[2025-05-18T21:01:44.114+0300][8224][1648 ][info][gc,stats    ]    Subphase: Concurrent References Enqueue                 0.000 / 0.000         0.003 / 0.004         0.003 / 0.004         0.003 / 0.004       ms
[2025-05-18T21:01:44.114+0300][8224][1648 ][info][gc,stats    ]    Subphase: Concurrent References Process                 0.000 / 0.000         0.200 / 0.336         0.200 / 0.336         0.200 / 0.336       ms
[2025-05-18T21:01:44.114+0300][8224][1648 ][info][gc,stats    ]    Subphase: Concurrent Roots ClassLoaderDataGraph         0.000 / 0.000         0.229 / 1.010         0.229 / 1.010         0.229 / 1.010       ms
[2025-05-18T21:01:44.114+0300][8224][1648 ][info][gc,stats    ]    Subphase: Concurrent Roots CodeCache                    0.000 / 0.000         0.000 / 0.000         0.000 / 0.000         0.000 / 0.000       ms
[2025-05-18T21:01:44.114+0300][8224][1648 ][info][gc,stats    ]    Subphase: Concurrent Roots JavaThreads                  0.000 / 0.000         3.228 / 10.813        3.228 / 10.813        3.228 / 10.813      ms
[2025-05-18T21:01:44.114+0300][8224][1648 ][info][gc,stats    ]    Subphase: Concurrent Roots OopStorageSet                0.000 / 0.000         0.096 / 0.211         0.096 / 0.211         0.096 / 0.211       ms
[2025-05-18T21:01:44.114+0300][8224][1648 ][info][gc,stats    ]    Subphase: Concurrent Weak Roots OopStorageSet           0.000 / 0.000         0.692 / 1.209         0.692 / 1.209         0.692 / 1.209       ms
[2025-05-18T21:01:44.114+0300][8224][1648 ][info][gc,stats    ]    Subphase: Pause Mark Try Complete                       0.000 / 0.000         0.000 / 0.000         0.000 / 0.000         0.000 / 0.000       ms
[2025-05-18T21:01:44.114+0300][8224][1648 ][info][gc,stats    ]      System: Java Threads                                      0 / 0                29 / 34               29 / 34               29 / 34          threads
[2025-05-18T21:01:44.114+0300][8224][1648 ][info][gc,stats    ] =========================================================================================================================================================
[2025-05-18T21:01:54.124+0300][8224][1648 ][info][gc,stats    ] === Garbage Collection Statistics =======================================================================================================================
[2025-05-18T21:01:54.124+0300][8224][1648 ][info][gc,stats    ]                                                              Last 10s              Last 10m              Last 10h                Total
[2025-05-18T21:01:54.124+0300][8224][1648 ][info][gc,stats    ]                                                              Avg / Max             Avg / Max             Avg / Max             Avg / Max
[2025-05-18T21:01:54.124+0300][8224][1648 ][info][gc,stats    ]   Collector: Garbage Collection Cycle                      0.000 / 0.000        46.576 / 60.626       46.576 / 60.626       46.576 / 60.626      ms
[2025-05-18T21:01:54.124+0300][8224][1648 ][info][gc,stats    ]  Contention: Mark Segment Reset Contention                     0 / 0                 0 / 9                 0 / 9                 0 / 9           ops/s
[2025-05-18T21:01:54.124+0300][8224][1648 ][info][gc,stats    ]  Contention: Mark SeqNum Reset Contention                      0 / 0                 0 / 1                 0 / 1                 0 / 1           ops/s
[2025-05-18T21:01:54.124+0300][8224][1648 ][info][gc,stats    ]    Critical: Allocation Stall                                  0 / 0                 0 / 0                 0 / 0                 0 / 0           ops/s
[2025-05-18T21:01:54.124+0300][8224][1648 ][info][gc,stats    ]    Critical: Allocation Stall                              0.000 / 0.000         0.000 / 0.000         0.000 / 0.000         0.000 / 0.000       ms
[2025-05-18T21:01:54.124+0300][8224][1648 ][info][gc,stats    ]    Critical: GC Locker Stall                                   0 / 0                 0 / 0                 0 / 0                 0 / 0           ops/s
[2025-05-18T21:01:54.124+0300][8224][1648 ][info][gc,stats    ]    Critical: GC Locker Stall                               0.000 / 0.000         0.000 / 0.000         0.000 / 0.000         0.000 / 0.000       ms
[2025-05-18T21:01:54.124+0300][8224][1648 ][info][gc,stats    ]    Critical: Relocation Stall                                  0 / 0                 0 / 0                 0 / 0                 0 / 0           ops/s
[2025-05-18T21:01:54.124+0300][8224][1648 ][info][gc,stats    ]    Critical: Relocation Stall                              0.000 / 0.000         0.000 / 0.000         0.000 / 0.000         0.000 / 0.000       ms
[2025-05-18T21:01:54.124+0300][8224][1648 ][info][gc,stats    ]      Memory: Allocation Rate                                  33 / 36               36 / 192              36 / 192              36 / 192         MB/s
[2025-05-18T21:01:54.124+0300][8224][1648 ][info][gc,stats    ]      Memory: Defragment                                        0 / 0                 0 / 0                 0 / 0                 0 / 0           ops/s
[2025-05-18T21:01:54.124+0300][8224][1648 ][info][gc,stats    ]      Memory: Out Of Memory                                     0 / 0                 0 / 0                 0 / 0                 0 / 0           ops/s
[2025-05-18T21:01:54.124+0300][8224][1648 ][info][gc,stats    ]      Memory: Page Cache Flush                                  0 / 0                 0 / 0                 0 / 0                 0 / 0           MB/s
[2025-05-18T21:01:54.124+0300][8224][1648 ][info][gc,stats    ]      Memory: Page Cache Hit L1                                16 / 18               12 / 60               12 / 60               12 / 60          ops/s
[2025-05-18T21:01:54.124+0300][8224][1648 ][info][gc,stats    ]      Memory: Page Cache Hit L2                                 0 / 0                 0 / 0                 0 / 0                 0 / 0           ops/s
[2025-05-18T21:01:54.124+0300][8224][1648 ][info][gc,stats    ]      Memory: Page Cache Hit L3                                 0 / 0                 5 / 33                5 / 33                5 / 33          ops/s
[2025-05-18T21:01:54.125+0300][8224][1648 ][info][gc,stats    ]      Memory: Page Cache Miss                                   0 / 0                 0 / 1                 0 / 1                 0 / 1           ops/s
[2025-05-18T21:01:54.125+0300][8224][1648 ][info][gc,stats    ]      Memory: Uncommit                                          0 / 0                 0 / 0                 0 / 0                 0 / 0           MB/s
[2025-05-18T21:01:54.125+0300][8224][1648 ][info][gc,stats    ]      Memory: Undo Object Allocation Failed                     0 / 0                 0 / 0                 0 / 0                 0 / 0           ops/s
[2025-05-18T21:01:54.125+0300][8224][1648 ][info][gc,stats    ]      Memory: Undo Object Allocation Succeeded                  0 / 0                 0 / 0                 0 / 0                 0 / 0           ops/s
[2025-05-18T21:01:54.125+0300][8224][1648 ][info][gc,stats    ]      Memory: Undo Page Allocation                              0 / 0                 0 / 3                 0 / 3                 0 / 3           ops/s
[2025-05-18T21:01:54.125+0300][8224][1648 ][info][gc,stats    ]       Phase: Concurrent Mark                               0.000 / 0.000        29.923 / 50.687       29.923 / 50.687       29.923 / 50.687      ms
[2025-05-18T21:01:54.125+0300][8224][1648 ][info][gc,stats    ]       Phase: Concurrent Mark Continue                      0.000 / 0.000         0.000 / 0.000         0.000 / 0.000         0.000 / 0.000       ms
[2025-05-18T21:01:54.125+0300][8224][1648 ][info][gc,stats    ]       Phase: Concurrent Mark Free                          0.000 / 0.000         0.001 / 0.001         0.001 / 0.001         0.001 / 0.001       ms
[2025-05-18T21:01:54.125+0300][8224][1648 ][info][gc,stats    ]       Phase: Concurrent Process Non-Strong References      0.000 / 0.000        10.120 / 19.782       10.120 / 19.782       10.120 / 19.782      ms
[2025-05-18T21:01:54.125+0300][8224][1648 ][info][gc,stats    ]       Phase: Concurrent Relocate                           0.000 / 0.000         2.315 / 5.216         2.315 / 5.216         2.315 / 5.216       ms
[2025-05-18T21:01:54.125+0300][8224][1648 ][info][gc,stats    ]       Phase: Concurrent Reset Relocation Set               0.000 / 0.000         0.003 / 0.006         0.003 / 0.006         0.003 / 0.006       ms
[2025-05-18T21:01:54.125+0300][8224][1648 ][info][gc,stats    ]       Phase: Concurrent Select Relocation Set              0.000 / 0.000         3.090 / 5.181         3.090 / 5.181         3.090 / 5.181       ms
[2025-05-18T21:01:54.125+0300][8224][1648 ][info][gc,stats    ]       Phase: Pause Mark End                                0.000 / 0.000         0.021 / 0.030         0.021 / 0.030         0.021 / 0.030       ms
[2025-05-18T21:01:54.125+0300][8224][1648 ][info][gc,stats    ]       Phase: Pause Mark Start                              0.000 / 0.000         0.010 / 0.013         0.010 / 0.013         0.010 / 0.013       ms
[2025-05-18T21:01:54.125+0300][8224][1648 ][info][gc,stats    ]       Phase: Pause Relocate Start                          0.000 / 0.000         0.072 / 0.339         0.072 / 0.339         0.072 / 0.339       ms
[2025-05-18T21:01:54.125+0300][8224][1648 ][info][gc,stats    ]    Subphase: Concurrent Classes Purge                      0.000 / 0.000         0.702 / 1.365         0.702 / 1.365         0.702 / 1.365       ms
[2025-05-18T21:01:54.125+0300][8224][1648 ][info][gc,stats    ]    Subphase: Concurrent Classes Unlink                     0.000 / 0.000         8.242 / 17.195        8.242 / 17.195        8.242 / 17.195      ms
[2025-05-18T21:01:54.125+0300][8224][1648 ][info][gc,stats    ]    Subphase: Concurrent Mark                               0.000 / 0.000        22.994 / 39.705       22.994 / 39.705       22.994 / 39.705      ms
[2025-05-18T21:01:54.125+0300][8224][1648 ][info][gc,stats    ]    Subphase: Concurrent Mark Try Flush                     0.000 / 0.000         0.151 / 0.534         0.151 / 0.534         0.151 / 0.534       ms
[2025-05-18T21:01:54.125+0300][8224][1648 ][info][gc,stats    ]    Subphase: Concurrent Mark Try Terminate                 0.000 / 0.000         2.452 / 14.435        2.452 / 14.435        2.452 / 14.435      ms
[2025-05-18T21:01:54.125+0300][8224][1648 ][info][gc,stats    ]    Subphase: Concurrent References Enqueue                 0.000 / 0.000         0.003 / 0.004         0.003 / 0.004         0.003 / 0.004       ms
[2025-05-18T21:01:54.125+0300][8224][1648 ][info][gc,stats    ]    Subphase: Concurrent References Process                 0.000 / 0.000         0.200 / 0.336         0.200 / 0.336         0.200 / 0.336       ms
[2025-05-18T21:01:54.125+0300][8224][1648 ][info][gc,stats    ]    Subphase: Concurrent Roots ClassLoaderDataGraph         0.000 / 0.000         0.229 / 1.010         0.229 / 1.010         0.229 / 1.010       ms
[2025-05-18T21:01:54.125+0300][8224][1648 ][info][gc,stats    ]    Subphase: Concurrent Roots CodeCache                    0.000 / 0.000         0.000 / 0.000         0.000 / 0.000         0.000 / 0.000       ms
[2025-05-18T21:01:54.125+0300][8224][1648 ][info][gc,stats    ]    Subphase: Concurrent Roots JavaThreads                  0.000 / 0.000         3.228 / 10.813        3.228 / 10.813        3.228 / 10.813      ms
[2025-05-18T21:01:54.125+0300][8224][1648 ][info][gc,stats    ]    Subphase: Concurrent Roots OopStorageSet                0.000 / 0.000         0.096 / 0.211         0.096 / 0.211         0.096 / 0.211       ms
[2025-05-18T21:01:54.125+0300][8224][1648 ][info][gc,stats    ]    Subphase: Concurrent Weak Roots OopStorageSet           0.000 / 0.000         0.692 / 1.209         0.692 / 1.209         0.692 / 1.209       ms
[2025-05-18T21:01:54.125+0300][8224][1648 ][info][gc,stats    ]    Subphase: Pause Mark Try Complete                       0.000 / 0.000         0.000 / 0.000         0.000 / 0.000         0.000 / 0.000       ms
[2025-05-18T21:01:54.125+0300][8224][1648 ][info][gc,stats    ]      System: Java Threads                                      0 / 0                29 / 34               29 / 34               29 / 34          threads
[2025-05-18T21:01:54.125+0300][8224][1648 ][info][gc,stats    ] =========================================================================================================================================================
[2025-05-18T21:02:04.113+0300][8224][1648 ][info][gc,stats    ] === Garbage Collection Statistics =======================================================================================================================
[2025-05-18T21:02:04.113+0300][8224][1648 ][info][gc,stats    ]                                                              Last 10s              Last 10m              Last 10h                Total
[2025-05-18T21:02:04.113+0300][8224][1648 ][info][gc,stats    ]                                                              Avg / Max             Avg / Max             Avg / Max             Avg / Max
[2025-05-18T21:02:04.113+0300][8224][1648 ][info][gc,stats    ]   Collector: Garbage Collection Cycle                      0.000 / 0.000        46.576 / 60.626       46.576 / 60.626       46.576 / 60.626      ms
[2025-05-18T21:02:04.113+0300][8224][1648 ][info][gc,stats    ]  Contention: Mark Segment Reset Contention                     0 / 0                 0 / 9                 0 / 9                 0 / 9           ops/s
[2025-05-18T21:02:04.113+0300][8224][1648 ][info][gc,stats    ]  Contention: Mark SeqNum Reset Contention                      0 / 0                 0 / 1                 0 / 1                 0 / 1           ops/s
[2025-05-18T21:02:04.113+0300][8224][1648 ][info][gc,stats    ]    Critical: Allocation Stall                                  0 / 0                 0 / 0                 0 / 0                 0 / 0           ops/s
[2025-05-18T21:02:04.113+0300][8224][1648 ][info][gc,stats    ]    Critical: Allocation Stall                              0.000 / 0.000         0.000 / 0.000         0.000 / 0.000         0.000 / 0.000       ms
[2025-05-18T21:02:04.113+0300][8224][1648 ][info][gc,stats    ]    Critical: GC Locker Stall                                   0 / 0                 0 / 0                 0 / 0                 0 / 0           ops/s
[2025-05-18T21:02:04.113+0300][8224][1648 ][info][gc,stats    ]    Critical: GC Locker Stall                               0.000 / 0.000         0.000 / 0.000         0.000 / 0.000         0.000 / 0.000       ms
[2025-05-18T21:02:04.113+0300][8224][1648 ][info][gc,stats    ]    Critical: Relocation Stall                                  0 / 0                 0 / 0                 0 / 0                 0 / 0           ops/s
[2025-05-18T21:02:04.113+0300][8224][1648 ][info][gc,stats    ]    Critical: Relocation Stall                              0.000 / 0.000         0.000 / 0.000         0.000 / 0.000         0.000 / 0.000       ms
[2025-05-18T21:02:04.113+0300][8224][1648 ][info][gc,stats    ]      Memory: Allocation Rate                                  34 / 38               36 / 192              36 / 192              36 / 192         MB/s
[2025-05-18T21:02:04.113+0300][8224][1648 ][info][gc,stats    ]      Memory: Defragment                                        0 / 0                 0 / 0                 0 / 0                 0 / 0           ops/s
[2025-05-18T21:02:04.113+0300][8224][1648 ][info][gc,stats    ]      Memory: Out Of Memory                                     0 / 0                 0 / 0                 0 / 0                 0 / 0           ops/s
[2025-05-18T21:02:04.113+0300][8224][1648 ][info][gc,stats    ]      Memory: Page Cache Flush                                  0 / 0                 0 / 0                 0 / 0                 0 / 0           MB/s
[2025-05-18T21:02:04.113+0300][8224][1648 ][info][gc,stats    ]      Memory: Page Cache Hit L1                                17 / 19               12 / 60               12 / 60               12 / 60          ops/s
[2025-05-18T21:02:04.113+0300][8224][1648 ][info][gc,stats    ]      Memory: Page Cache Hit L2                                 0 / 0                 0 / 0                 0 / 0                 0 / 0           ops/s
[2025-05-18T21:02:04.113+0300][8224][1648 ][info][gc,stats    ]      Memory: Page Cache Hit L3                                 0 / 0                 5 / 33                5 / 33                5 / 33          ops/s
[2025-05-18T21:02:04.113+0300][8224][1648 ][info][gc,stats    ]      Memory: Page Cache Miss                                   0 / 0                 0 / 1                 0 / 1                 0 / 1           ops/s
[2025-05-18T21:02:04.113+0300][8224][1648 ][info][gc,stats    ]      Memory: Uncommit                                          0 / 0                 0 / 0                 0 / 0                 0 / 0           MB/s
[2025-05-18T21:02:04.113+0300][8224][1648 ][info][gc,stats    ]      Memory: Undo Object Allocation Failed                     0 / 0                 0 / 0                 0 / 0                 0 / 0           ops/s
[2025-05-18T21:02:04.113+0300][8224][1648 ][info][gc,stats    ]      Memory: Undo Object Allocation Succeeded                  0 / 0                 0 / 0                 0 / 0                 0 / 0           ops/s
[2025-05-18T21:02:04.113+0300][8224][1648 ][info][gc,stats    ]      Memory: Undo Page Allocation                              0 / 0                 0 / 3                 0 / 3                 0 / 3           ops/s
[2025-05-18T21:02:04.113+0300][8224][1648 ][info][gc,stats    ]       Phase: Concurrent Mark                               0.000 / 0.000        29.923 / 50.687       29.923 / 50.687       29.923 / 50.687      ms
[2025-05-18T21:02:04.113+0300][8224][1648 ][info][gc,stats    ]       Phase: Concurrent Mark Continue                      0.000 / 0.000         0.000 / 0.000         0.000 / 0.000         0.000 / 0.000       ms
[2025-05-18T21:02:04.113+0300][8224][1648 ][info][gc,stats    ]       Phase: Concurrent Mark Free                          0.000 / 0.000         0.001 / 0.001         0.001 / 0.001         0.001 / 0.001       ms
[2025-05-18T21:02:04.113+0300][8224][1648 ][info][gc,stats    ]       Phase: Concurrent Process Non-Strong References      0.000 / 0.000        10.120 / 19.782       10.120 / 19.782       10.120 / 19.782      ms
[2025-05-18T21:02:04.113+0300][8224][1648 ][info][gc,stats    ]       Phase: Concurrent Relocate                           0.000 / 0.000         2.315 / 5.216         2.315 / 5.216         2.315 / 5.216       ms
[2025-05-18T21:02:04.113+0300][8224][1648 ][info][gc,stats    ]       Phase: Concurrent Reset Relocation Set               0.000 / 0.000         0.003 / 0.006         0.003 / 0.006         0.003 / 0.006       ms
[2025-05-18T21:02:04.113+0300][8224][1648 ][info][gc,stats    ]       Phase: Concurrent Select Relocation Set              0.000 / 0.000         3.090 / 5.181         3.090 / 5.181         3.090 / 5.181       ms
[2025-05-18T21:02:04.113+0300][8224][1648 ][info][gc,stats    ]       Phase: Pause Mark End                                0.000 / 0.000         0.021 / 0.030         0.021 / 0.030         0.021 / 0.030       ms
[2025-05-18T21:02:04.113+0300][8224][1648 ][info][gc,stats    ]       Phase: Pause Mark Start                              0.000 / 0.000         0.010 / 0.013         0.010 / 0.013         0.010 / 0.013       ms
[2025-05-18T21:02:04.113+0300][8224][1648 ][info][gc,stats    ]       Phase: Pause Relocate Start                          0.000 / 0.000         0.072 / 0.339         0.072 / 0.339         0.072 / 0.339       ms
[2025-05-18T21:02:04.113+0300][8224][1648 ][info][gc,stats    ]    Subphase: Concurrent Classes Purge                      0.000 / 0.000         0.702 / 1.365         0.702 / 1.365         0.702 / 1.365       ms
[2025-05-18T21:02:04.113+0300][8224][1648 ][info][gc,stats    ]    Subphase: Concurrent Classes Unlink                     0.000 / 0.000         8.242 / 17.195        8.242 / 17.195        8.242 / 17.195      ms
[2025-05-18T21:02:04.113+0300][8224][1648 ][info][gc,stats    ]    Subphase: Concurrent Mark                               0.000 / 0.000        22.994 / 39.705       22.994 / 39.705       22.994 / 39.705      ms
[2025-05-18T21:02:04.114+0300][8224][1648 ][info][gc,stats    ]    Subphase: Concurrent Mark Try Flush                     0.000 / 0.000         0.151 / 0.534         0.151 / 0.534         0.151 / 0.534       ms
[2025-05-18T21:02:04.114+0300][8224][1648 ][info][gc,stats    ]    Subphase: Concurrent Mark Try Terminate                 0.000 / 0.000         2.452 / 14.435        2.452 / 14.435        2.452 / 14.435      ms
[2025-05-18T21:02:04.114+0300][8224][1648 ][info][gc,stats    ]    Subphase: Concurrent References Enqueue                 0.000 / 0.000         0.003 / 0.004         0.003 / 0.004         0.003 / 0.004       ms
[2025-05-18T21:02:04.114+0300][8224][1648 ][info][gc,stats    ]    Subphase: Concurrent References Process                 0.000 / 0.000         0.200 / 0.336         0.200 / 0.336         0.200 / 0.336       ms
[2025-05-18T21:02:04.114+0300][8224][1648 ][info][gc,stats    ]    Subphase: Concurrent Roots ClassLoaderDataGraph         0.000 / 0.000         0.229 / 1.010         0.229 / 1.010         0.229 / 1.010       ms
[2025-05-18T21:02:04.114+0300][8224][1648 ][info][gc,stats    ]    Subphase: Concurrent Roots CodeCache                    0.000 / 0.000         0.000 / 0.000         0.000 / 0.000         0.000 / 0.000       ms
[2025-05-18T21:02:04.114+0300][8224][1648 ][info][gc,stats    ]    Subphase: Concurrent Roots JavaThreads                  0.000 / 0.000         3.228 / 10.813        3.228 / 10.813        3.228 / 10.813      ms
[2025-05-18T21:02:04.114+0300][8224][1648 ][info][gc,stats    ]    Subphase: Concurrent Roots OopStorageSet                0.000 / 0.000         0.096 / 0.211         0.096 / 0.211         0.096 / 0.211       ms
[2025-05-18T21:02:04.114+0300][8224][1648 ][info][gc,stats    ]    Subphase: Concurrent Weak Roots OopStorageSet           0.000 / 0.000         0.692 / 1.209         0.692 / 1.209         0.692 / 1.209       ms
[2025-05-18T21:02:04.114+0300][8224][1648 ][info][gc,stats    ]    Subphase: Pause Mark Try Complete                       0.000 / 0.000         0.000 / 0.000         0.000 / 0.000         0.000 / 0.000       ms
[2025-05-18T21:02:04.114+0300][8224][1648 ][info][gc,stats    ]      System: Java Threads                                      0 / 0                29 / 34               29 / 34               29 / 34          threads
[2025-05-18T21:02:04.114+0300][8224][1648 ][info][gc,stats    ] =========================================================================================================================================================
[2025-05-18T21:02:14.111+0300][8224][1648 ][info][gc,stats    ] === Garbage Collection Statistics =======================================================================================================================
[2025-05-18T21:02:14.111+0300][8224][1648 ][info][gc,stats    ]                                                              Last 10s              Last 10m              Last 10h                Total
[2025-05-18T21:02:14.111+0300][8224][1648 ][info][gc,stats    ]                                                              Avg / Max             Avg / Max             Avg / Max             Avg / Max
[2025-05-18T21:02:14.111+0300][8224][1648 ][info][gc,stats    ]   Collector: Garbage Collection Cycle                      0.000 / 0.000        46.576 / 60.626       46.576 / 60.626       46.576 / 60.626      ms
[2025-05-18T21:02:14.111+0300][8224][1648 ][info][gc,stats    ]  Contention: Mark Segment Reset Contention                     0 / 0                 0 / 9                 0 / 9                 0 / 9           ops/s
[2025-05-18T21:02:14.111+0300][8224][1648 ][info][gc,stats    ]  Contention: Mark SeqNum Reset Contention                      0 / 0                 0 / 1                 0 / 1                 0 / 1           ops/s
[2025-05-18T21:02:14.112+0300][8224][1648 ][info][gc,stats    ]    Critical: Allocation Stall                                  0 / 0                 0 / 0                 0 / 0                 0 / 0           ops/s
[2025-05-18T21:02:14.112+0300][8224][1648 ][info][gc,stats    ]    Critical: Allocation Stall                              0.000 / 0.000         0.000 / 0.000         0.000 / 0.000         0.000 / 0.000       ms
[2025-05-18T21:02:14.112+0300][8224][1648 ][info][gc,stats    ]    Critical: GC Locker Stall                                   0 / 0                 0 / 0                 0 / 0                 0 / 0           ops/s
[2025-05-18T21:02:14.112+0300][8224][1648 ][info][gc,stats    ]    Critical: GC Locker Stall                               0.000 / 0.000         0.000 / 0.000         0.000 / 0.000         0.000 / 0.000       ms
[2025-05-18T21:02:14.112+0300][8224][1648 ][info][gc,stats    ]    Critical: Relocation Stall                                  0 / 0                 0 / 0                 0 / 0                 0 / 0           ops/s
[2025-05-18T21:02:14.112+0300][8224][1648 ][info][gc,stats    ]    Critical: Relocation Stall                              0.000 / 0.000         0.000 / 0.000         0.000 / 0.000         0.000 / 0.000       ms
[2025-05-18T21:02:14.112+0300][8224][1648 ][info][gc,stats    ]      Memory: Allocation Rate                                  33 / 40               36 / 192              36 / 192              36 / 192         MB/s
[2025-05-18T21:02:14.112+0300][8224][1648 ][info][gc,stats    ]      Memory: Defragment                                        0 / 0                 0 / 0                 0 / 0                 0 / 0           ops/s
[2025-05-18T21:02:14.112+0300][8224][1648 ][info][gc,stats    ]      Memory: Out Of Memory                                     0 / 0                 0 / 0                 0 / 0                 0 / 0           ops/s
[2025-05-18T21:02:14.112+0300][8224][1648 ][info][gc,stats    ]      Memory: Page Cache Flush                                  0 / 0                 0 / 0                 0 / 0                 0 / 0           MB/s
[2025-05-18T21:02:14.112+0300][8224][1648 ][info][gc,stats    ]      Memory: Page Cache Hit L1                                14 / 20               12 / 60               12 / 60               12 / 60          ops/s
[2025-05-18T21:02:14.112+0300][8224][1648 ][info][gc,stats    ]      Memory: Page Cache Hit L2                                 0 / 0                 0 / 0                 0 / 0                 0 / 0           ops/s
[2025-05-18T21:02:14.112+0300][8224][1648 ][info][gc,stats    ]      Memory: Page Cache Hit L3                                 2 / 16                5 / 33                5 / 33                5 / 33          ops/s
[2025-05-18T21:02:14.112+0300][8224][1648 ][info][gc,stats    ]      Memory: Page Cache Miss                                   0 / 0                 0 / 1                 0 / 1                 0 / 1           ops/s
[2025-05-18T21:02:14.112+0300][8224][1648 ][info][gc,stats    ]      Memory: Uncommit                                          0 / 0                 0 / 0                 0 / 0                 0 / 0           MB/s
[2025-05-18T21:02:14.112+0300][8224][1648 ][info][gc,stats    ]      Memory: Undo Object Allocation Failed                     0 / 0                 0 / 0                 0 / 0                 0 / 0           ops/s
[2025-05-18T21:02:14.112+0300][8224][1648 ][info][gc,stats    ]      Memory: Undo Object Allocation Succeeded                  0 / 0                 0 / 0                 0 / 0                 0 / 0           ops/s
[2025-05-18T21:02:14.112+0300][8224][1648 ][info][gc,stats    ]      Memory: Undo Page Allocation                              0 / 0                 0 / 3                 0 / 3                 0 / 3           ops/s
[2025-05-18T21:02:14.112+0300][8224][1648 ][info][gc,stats    ]       Phase: Concurrent Mark                               0.000 / 0.000        29.923 / 50.687       29.923 / 50.687       29.923 / 50.687      ms
[2025-05-18T21:02:14.112+0300][8224][1648 ][info][gc,stats    ]       Phase: Concurrent Mark Continue                      0.000 / 0.000         0.000 / 0.000         0.000 / 0.000         0.000 / 0.000       ms
[2025-05-18T21:02:14.113+0300][8224][1648 ][info][gc,stats    ]       Phase: Concurrent Mark Free                          0.000 / 0.000         0.001 / 0.001         0.001 / 0.001         0.001 / 0.001       ms
[2025-05-18T21:02:14.113+0300][8224][1648 ][info][gc,stats    ]       Phase: Concurrent Process Non-Strong References      0.000 / 0.000        10.120 / 19.782       10.120 / 19.782       10.120 / 19.782      ms
[2025-05-18T21:02:14.113+0300][8224][1648 ][info][gc,stats    ]       Phase: Concurrent Relocate                           0.000 / 0.000         2.315 / 5.216         2.315 / 5.216         2.315 / 5.216       ms
[2025-05-18T21:02:14.113+0300][8224][1648 ][info][gc,stats    ]       Phase: Concurrent Reset Relocation Set               0.000 / 0.000         0.003 / 0.006         0.003 / 0.006         0.003 / 0.006       ms
[2025-05-18T21:02:14.113+0300][8224][1648 ][info][gc,stats    ]       Phase: Concurrent Select Relocation Set              0.000 / 0.000         3.090 / 5.181         3.090 / 5.181         3.090 / 5.181       ms
[2025-05-18T21:02:14.113+0300][8224][1648 ][info][gc,stats    ]       Phase: Pause Mark End                                0.000 / 0.000         0.021 / 0.030         0.021 / 0.030         0.021 / 0.030       ms
[2025-05-18T21:02:14.113+0300][8224][1648 ][info][gc,stats    ]       Phase: Pause Mark Start                              0.000 / 0.000         0.010 / 0.013         0.010 / 0.013         0.010 / 0.013       ms
[2025-05-18T21:02:14.113+0300][8224][1648 ][info][gc,stats    ]       Phase: Pause Relocate Start                          0.000 / 0.000         0.072 / 0.339         0.072 / 0.339         0.072 / 0.339       ms
[2025-05-18T21:02:14.113+0300][8224][1648 ][info][gc,stats    ]    Subphase: Concurrent Classes Purge                      0.000 / 0.000         0.702 / 1.365         0.702 / 1.365         0.702 / 1.365       ms
[2025-05-18T21:02:14.113+0300][8224][1648 ][info][gc,stats    ]    Subphase: Concurrent Classes Unlink                     0.000 / 0.000         8.242 / 17.195        8.242 / 17.195        8.242 / 17.195      ms
[2025-05-18T21:02:14.113+0300][8224][1648 ][info][gc,stats    ]    Subphase: Concurrent Mark                               0.000 / 0.000        22.994 / 39.705       22.994 / 39.705       22.994 / 39.705      ms
[2025-05-18T21:02:14.113+0300][8224][1648 ][info][gc,stats    ]    Subphase: Concurrent Mark Try Flush                     0.000 / 0.000         0.151 / 0.534         0.151 / 0.534         0.151 / 0.534       ms
[2025-05-18T21:02:14.113+0300][8224][1648 ][info][gc,stats    ]    Subphase: Concurrent Mark Try Terminate                 0.000 / 0.000         2.452 / 14.435        2.452 / 14.435        2.452 / 14.435      ms
[2025-05-18T21:02:14.113+0300][8224][1648 ][info][gc,stats    ]    Subphase: Concurrent References Enqueue                 0.000 / 0.000         0.003 / 0.004         0.003 / 0.004         0.003 / 0.004       ms
[2025-05-18T21:02:14.113+0300][8224][1648 ][info][gc,stats    ]    Subphase: Concurrent References Process                 0.000 / 0.000         0.200 / 0.336         0.200 / 0.336         0.200 / 0.336       ms
[2025-05-18T21:02:14.113+0300][8224][1648 ][info][gc,stats    ]    Subphase: Concurrent Roots ClassLoaderDataGraph         0.000 / 0.000         0.229 / 1.010         0.229 / 1.010         0.229 / 1.010       ms
[2025-05-18T21:02:14.113+0300][8224][1648 ][info][gc,stats    ]    Subphase: Concurrent Roots CodeCache                    0.000 / 0.000         0.000 / 0.000         0.000 / 0.000         0.000 / 0.000       ms
[2025-05-18T21:02:14.113+0300][8224][1648 ][info][gc,stats    ]    Subphase: Concurrent Roots JavaThreads                  0.000 / 0.000         3.228 / 10.813        3.228 / 10.813        3.228 / 10.813      ms
[2025-05-18T21:02:14.113+0300][8224][1648 ][info][gc,stats    ]    Subphase: Concurrent Roots OopStorageSet                0.000 / 0.000         0.096 / 0.211         0.096 / 0.211         0.096 / 0.211       ms
[2025-05-18T21:02:14.113+0300][8224][1648 ][info][gc,stats    ]    Subphase: Concurrent Weak Roots OopStorageSet           0.000 / 0.000         0.692 / 1.209         0.692 / 1.209         0.692 / 1.209       ms
[2025-05-18T21:02:14.113+0300][8224][1648 ][info][gc,stats    ]    Subphase: Pause Mark Try Complete                       0.000 / 0.000         0.000 / 0.000         0.000 / 0.000         0.000 / 0.000       ms
[2025-05-18T21:02:14.113+0300][8224][1648 ][info][gc,stats    ]      System: Java Threads                                      0 / 0                29 / 34               29 / 34               29 / 34          threads
[2025-05-18T21:02:14.113+0300][8224][1648 ][info][gc,stats    ] =========================================================================================================================================================
[2025-05-18T21:02:24.120+0300][8224][1648 ][info][gc,stats    ] === Garbage Collection Statistics =======================================================================================================================
[2025-05-18T21:02:24.120+0300][8224][1648 ][info][gc,stats    ]                                                              Last 10s              Last 10m              Last 10h                Total
[2025-05-18T21:02:24.120+0300][8224][1648 ][info][gc,stats    ]                                                              Avg / Max             Avg / Max             Avg / Max             Avg / Max
[2025-05-18T21:02:24.120+0300][8224][1648 ][info][gc,stats    ]   Collector: Garbage Collection Cycle                      0.000 / 0.000        46.576 / 60.626       46.576 / 60.626       46.576 / 60.626      ms
[2025-05-18T21:02:24.120+0300][8224][1648 ][info][gc,stats    ]  Contention: Mark Segment Reset Contention                     0 / 0                 0 / 9                 0 / 9                 0 / 9           ops/s
[2025-05-18T21:02:24.120+0300][8224][1648 ][info][gc,stats    ]  Contention: Mark SeqNum Reset Contention                      0 / 0                 0 / 1                 0 / 1                 0 / 1           ops/s
[2025-05-18T21:02:24.120+0300][8224][1648 ][info][gc,stats    ]    Critical: Allocation Stall                                  0 / 0                 0 / 0                 0 / 0                 0 / 0           ops/s
[2025-05-18T21:02:24.120+0300][8224][1648 ][info][gc,stats    ]    Critical: Allocation Stall                              0.000 / 0.000         0.000 / 0.000         0.000 / 0.000         0.000 / 0.000       ms
[2025-05-18T21:02:24.120+0300][8224][1648 ][info][gc,stats    ]    Critical: GC Locker Stall                                   0 / 0                 0 / 0                 0 / 0                 0 / 0           ops/s
[2025-05-18T21:02:24.120+0300][8224][1648 ][info][gc,stats    ]    Critical: GC Locker Stall                               0.000 / 0.000         0.000 / 0.000         0.000 / 0.000         0.000 / 0.000       ms
[2025-05-18T21:02:24.120+0300][8224][1648 ][info][gc,stats    ]    Critical: Relocation Stall                                  0 / 0                 0 / 0                 0 / 0                 0 / 0           ops/s
[2025-05-18T21:02:24.120+0300][8224][1648 ][info][gc,stats    ]    Critical: Relocation Stall                              0.000 / 0.000         0.000 / 0.000         0.000 / 0.000         0.000 / 0.000       ms
[2025-05-18T21:02:24.120+0300][8224][1648 ][info][gc,stats    ]      Memory: Allocation Rate                                  34 / 38               36 / 192              36 / 192              36 / 192         MB/s
[2025-05-18T21:02:24.120+0300][8224][1648 ][info][gc,stats    ]      Memory: Defragment                                        0 / 0                 0 / 0                 0 / 0                 0 / 0           ops/s
[2025-05-18T21:02:24.120+0300][8224][1648 ][info][gc,stats    ]      Memory: Out Of Memory                                     0 / 0                 0 / 0                 0 / 0                 0 / 0           ops/s
[2025-05-18T21:02:24.120+0300][8224][1648 ][info][gc,stats    ]      Memory: Page Cache Flush                                  0 / 0                 0 / 0                 0 / 0                 0 / 0           MB/s
[2025-05-18T21:02:24.120+0300][8224][1648 ][info][gc,stats    ]      Memory: Page Cache Hit L1                                 0 / 1                12 / 60               12 / 60               12 / 60          ops/s
[2025-05-18T21:02:24.120+0300][8224][1648 ][info][gc,stats    ]      Memory: Page Cache Hit L2                                 0 / 0                 0 / 0                 0 / 0                 0 / 0           ops/s
[2025-05-18T21:02:24.120+0300][8224][1648 ][info][gc,stats    ]      Memory: Page Cache Hit L3                                17 / 19                5 / 33                5 / 33                5 / 33          ops/s
[2025-05-18T21:02:24.120+0300][8224][1648 ][info][gc,stats    ]      Memory: Page Cache Miss                                   0 / 0                 0 / 1                 0 / 1                 0 / 1           ops/s
[2025-05-18T21:02:24.120+0300][8224][1648 ][info][gc,stats    ]      Memory: Uncommit                                          0 / 0                 0 / 0                 0 / 0                 0 / 0           MB/s
[2025-05-18T21:02:24.120+0300][8224][1648 ][info][gc,stats    ]      Memory: Undo Object Allocation Failed                     0 / 0                 0 / 0                 0 / 0                 0 / 0           ops/s
[2025-05-18T21:02:24.120+0300][8224][1648 ][info][gc,stats    ]      Memory: Undo Object Allocation Succeeded                  0 / 0                 0 / 0                 0 / 0                 0 / 0           ops/s
[2025-05-18T21:02:24.120+0300][8224][1648 ][info][gc,stats    ]      Memory: Undo Page Allocation                              0 / 1                 0 / 3                 0 / 3                 0 / 3           ops/s
[2025-05-18T21:02:24.120+0300][8224][1648 ][info][gc,stats    ]       Phase: Concurrent Mark                               0.000 / 0.000        29.923 / 50.687       29.923 / 50.687       29.923 / 50.687      ms
[2025-05-18T21:02:24.120+0300][8224][1648 ][info][gc,stats    ]       Phase: Concurrent Mark Continue                      0.000 / 0.000         0.000 / 0.000         0.000 / 0.000         0.000 / 0.000       ms
[2025-05-18T21:02:24.120+0300][8224][1648 ][info][gc,stats    ]       Phase: Concurrent Mark Free                          0.000 / 0.000         0.001 / 0.001         0.001 / 0.001         0.001 / 0.001       ms
[2025-05-18T21:02:24.120+0300][8224][1648 ][info][gc,stats    ]       Phase: Concurrent Process Non-Strong References      0.000 / 0.000        10.120 / 19.782       10.120 / 19.782       10.120 / 19.782      ms
[2025-05-18T21:02:24.120+0300][8224][1648 ][info][gc,stats    ]       Phase: Concurrent Relocate                           0.000 / 0.000         2.315 / 5.216         2.315 / 5.216         2.315 / 5.216       ms
[2025-05-18T21:02:24.120+0300][8224][1648 ][info][gc,stats    ]       Phase: Concurrent Reset Relocation Set               0.000 / 0.000         0.003 / 0.006         0.003 / 0.006         0.003 / 0.006       ms
[2025-05-18T21:02:24.120+0300][8224][1648 ][info][gc,stats    ]       Phase: Concurrent Select Relocation Set              0.000 / 0.000         3.090 / 5.181         3.090 / 5.181         3.090 / 5.181       ms
[2025-05-18T21:02:24.120+0300][8224][1648 ][info][gc,stats    ]       Phase: Pause Mark End                                0.000 / 0.000         0.021 / 0.030         0.021 / 0.030         0.021 / 0.030       ms
[2025-05-18T21:02:24.120+0300][8224][1648 ][info][gc,stats    ]       Phase: Pause Mark Start                              0.000 / 0.000         0.010 / 0.013         0.010 / 0.013         0.010 / 0.013       ms
[2025-05-18T21:02:24.120+0300][8224][1648 ][info][gc,stats    ]       Phase: Pause Relocate Start                          0.000 / 0.000         0.072 / 0.339         0.072 / 0.339         0.072 / 0.339       ms
[2025-05-18T21:02:24.120+0300][8224][1648 ][info][gc,stats    ]    Subphase: Concurrent Classes Purge                      0.000 / 0.000         0.702 / 1.365         0.702 / 1.365         0.702 / 1.365       ms
[2025-05-18T21:02:24.120+0300][8224][1648 ][info][gc,stats    ]    Subphase: Concurrent Classes Unlink                     0.000 / 0.000         8.242 / 17.195        8.242 / 17.195        8.242 / 17.195      ms
[2025-05-18T21:02:24.120+0300][8224][1648 ][info][gc,stats    ]    Subphase: Concurrent Mark                               0.000 / 0.000        22.994 / 39.705       22.994 / 39.705       22.994 / 39.705      ms
[2025-05-18T21:02:24.120+0300][8224][1648 ][info][gc,stats    ]    Subphase: Concurrent Mark Try Flush                     0.000 / 0.000         0.151 / 0.534         0.151 / 0.534         0.151 / 0.534       ms
[2025-05-18T21:02:24.120+0300][8224][1648 ][info][gc,stats    ]    Subphase: Concurrent Mark Try Terminate                 0.000 / 0.000         2.452 / 14.435        2.452 / 14.435        2.452 / 14.435      ms
[2025-05-18T21:02:24.120+0300][8224][1648 ][info][gc,stats    ]    Subphase: Concurrent References Enqueue                 0.000 / 0.000         0.003 / 0.004         0.003 / 0.004         0.003 / 0.004       ms
[2025-05-18T21:02:24.120+0300][8224][1648 ][info][gc,stats    ]    Subphase: Concurrent References Process                 0.000 / 0.000         0.200 / 0.336         0.200 / 0.336         0.200 / 0.336       ms
[2025-05-18T21:02:24.121+0300][8224][1648 ][info][gc,stats    ]    Subphase: Concurrent Roots ClassLoaderDataGraph         0.000 / 0.000         0.229 / 1.010         0.229 / 1.010         0.229 / 1.010       ms
[2025-05-18T21:02:24.121+0300][8224][1648 ][info][gc,stats    ]    Subphase: Concurrent Roots CodeCache                    0.000 / 0.000         0.000 / 0.000         0.000 / 0.000         0.000 / 0.000       ms
[2025-05-18T21:02:24.121+0300][8224][1648 ][info][gc,stats    ]    Subphase: Concurrent Roots JavaThreads                  0.000 / 0.000         3.228 / 10.813        3.228 / 10.813        3.228 / 10.813      ms
[2025-05-18T21:02:24.121+0300][8224][1648 ][info][gc,stats    ]    Subphase: Concurrent Roots OopStorageSet                0.000 / 0.000         0.096 / 0.211         0.096 / 0.211         0.096 / 0.211       ms
[2025-05-18T21:02:24.121+0300][8224][1648 ][info][gc,stats    ]    Subphase: Concurrent Weak Roots OopStorageSet           0.000 / 0.000         0.692 / 1.209         0.692 / 1.209         0.692 / 1.209       ms
[2025-05-18T21:02:24.121+0300][8224][1648 ][info][gc,stats    ]    Subphase: Pause Mark Try Complete                       0.000 / 0.000         0.000 / 0.000         0.000 / 0.000         0.000 / 0.000       ms
[2025-05-18T21:02:24.121+0300][8224][1648 ][info][gc,stats    ]      System: Java Threads                                      0 / 0                29 / 34               29 / 34               29 / 34          threads
[2025-05-18T21:02:24.121+0300][8224][1648 ][info][gc,stats    ] =========================================================================================================================================================
[2025-05-18T21:02:34.114+0300][8224][1648 ][info][gc,stats    ] === Garbage Collection Statistics =======================================================================================================================
[2025-05-18T21:02:34.114+0300][8224][1648 ][info][gc,stats    ]                                                              Last 10s              Last 10m              Last 10h                Total
[2025-05-18T21:02:34.114+0300][8224][1648 ][info][gc,stats    ]                                                              Avg / Max             Avg / Max             Avg / Max             Avg / Max
[2025-05-18T21:02:34.114+0300][8224][1648 ][info][gc,stats    ]   Collector: Garbage Collection Cycle                      0.000 / 0.000        46.576 / 60.626       46.576 / 60.626       46.576 / 60.626      ms
[2025-05-18T21:02:34.114+0300][8224][1648 ][info][gc,stats    ]  Contention: Mark Segment Reset Contention                     0 / 0                 0 / 9                 0 / 9                 0 / 9           ops/s
[2025-05-18T21:02:34.114+0300][8224][1648 ][info][gc,stats    ]  Contention: Mark SeqNum Reset Contention                      0 / 0                 0 / 1                 0 / 1                 0 / 1           ops/s
[2025-05-18T21:02:34.114+0300][8224][1648 ][info][gc,stats    ]    Critical: Allocation Stall                                  0 / 0                 0 / 0                 0 / 0                 0 / 0           ops/s
[2025-05-18T21:02:34.114+0300][8224][1648 ][info][gc,stats    ]    Critical: Allocation Stall                              0.000 / 0.000         0.000 / 0.000         0.000 / 0.000         0.000 / 0.000       ms
[2025-05-18T21:02:34.114+0300][8224][1648 ][info][gc,stats    ]    Critical: GC Locker Stall                                   0 / 0                 0 / 0                 0 / 0                 0 / 0           ops/s
[2025-05-18T21:02:34.114+0300][8224][1648 ][info][gc,stats    ]    Critical: GC Locker Stall                               0.000 / 0.000         0.000 / 0.000         0.000 / 0.000         0.000 / 0.000       ms
[2025-05-18T21:02:34.114+0300][8224][1648 ][info][gc,stats    ]    Critical: Relocation Stall                                  0 / 0                 0 / 0                 0 / 0                 0 / 0           ops/s
[2025-05-18T21:02:34.114+0300][8224][1648 ][info][gc,stats    ]    Critical: Relocation Stall                              0.000 / 0.000         0.000 / 0.000         0.000 / 0.000         0.000 / 0.000       ms
[2025-05-18T21:02:34.114+0300][8224][1648 ][info][gc,stats    ]      Memory: Allocation Rate                                  34 / 38               36 / 192              36 / 192              36 / 192         MB/s
[2025-05-18T21:02:34.114+0300][8224][1648 ][info][gc,stats    ]      Memory: Defragment                                        0 / 0                 0 / 0                 0 / 0                 0 / 0           ops/s
[2025-05-18T21:02:34.114+0300][8224][1648 ][info][gc,stats    ]      Memory: Out Of Memory                                     0 / 0                 0 / 0                 0 / 0                 0 / 0           ops/s
[2025-05-18T21:02:34.114+0300][8224][1648 ][info][gc,stats    ]      Memory: Page Cache Flush                                  0 / 0                 0 / 0                 0 / 0                 0 / 0           MB/s
[2025-05-18T21:02:34.114+0300][8224][1648 ][info][gc,stats    ]      Memory: Page Cache Hit L1                                 0 / 1                11 / 60               11 / 60               11 / 60          ops/s
[2025-05-18T21:02:34.114+0300][8224][1648 ][info][gc,stats    ]      Memory: Page Cache Hit L2                                 0 / 0                 0 / 0                 0 / 0                 0 / 0           ops/s
[2025-05-18T21:02:34.114+0300][8224][1648 ][info][gc,stats    ]      Memory: Page Cache Hit L3                                17 / 19                6 / 33                6 / 33                6 / 33          ops/s
[2025-05-18T21:02:34.114+0300][8224][1648 ][info][gc,stats    ]      Memory: Page Cache Miss                                   0 / 0                 0 / 1                 0 / 1                 0 / 1           ops/s
[2025-05-18T21:02:34.114+0300][8224][1648 ][info][gc,stats    ]      Memory: Uncommit                                          0 / 0                 0 / 0                 0 / 0                 0 / 0           MB/s
[2025-05-18T21:02:34.114+0300][8224][1648 ][info][gc,stats    ]      Memory: Undo Object Allocation Failed                     0 / 0                 0 / 0                 0 / 0                 0 / 0           ops/s
[2025-05-18T21:02:34.114+0300][8224][1648 ][info][gc,stats    ]      Memory: Undo Object Allocation Succeeded                  0 / 0                 0 / 0                 0 / 0                 0 / 0           ops/s
[2025-05-18T21:02:34.114+0300][8224][1648 ][info][gc,stats    ]      Memory: Undo Page Allocation                              0 / 1                 0 / 3                 0 / 3                 0 / 3           ops/s
[2025-05-18T21:02:34.114+0300][8224][1648 ][info][gc,stats    ]       Phase: Concurrent Mark                               0.000 / 0.000        29.923 / 50.687       29.923 / 50.687       29.923 / 50.687      ms
[2025-05-18T21:02:34.114+0300][8224][1648 ][info][gc,stats    ]       Phase: Concurrent Mark Continue                      0.000 / 0.000         0.000 / 0.000         0.000 / 0.000         0.000 / 0.000       ms
[2025-05-18T21:02:34.114+0300][8224][1648 ][info][gc,stats    ]       Phase: Concurrent Mark Free                          0.000 / 0.000         0.001 / 0.001         0.001 / 0.001         0.001 / 0.001       ms
[2025-05-18T21:02:34.114+0300][8224][1648 ][info][gc,stats    ]       Phase: Concurrent Process Non-Strong References      0.000 / 0.000        10.120 / 19.782       10.120 / 19.782       10.120 / 19.782      ms
[2025-05-18T21:02:34.114+0300][8224][1648 ][info][gc,stats    ]       Phase: Concurrent Relocate                           0.000 / 0.000         2.315 / 5.216         2.315 / 5.216         2.315 / 5.216       ms
[2025-05-18T21:02:34.114+0300][8224][1648 ][info][gc,stats    ]       Phase: Concurrent Reset Relocation Set               0.000 / 0.000         0.003 / 0.006         0.003 / 0.006         0.003 / 0.006       ms
[2025-05-18T21:02:34.114+0300][8224][1648 ][info][gc,stats    ]       Phase: Concurrent Select Relocation Set              0.000 / 0.000         3.090 / 5.181         3.090 / 5.181         3.090 / 5.181       ms
[2025-05-18T21:02:34.114+0300][8224][1648 ][info][gc,stats    ]       Phase: Pause Mark End                                0.000 / 0.000         0.021 / 0.030         0.021 / 0.030         0.021 / 0.030       ms
[2025-05-18T21:02:34.114+0300][8224][1648 ][info][gc,stats    ]       Phase: Pause Mark Start                              0.000 / 0.000         0.010 / 0.013         0.010 / 0.013         0.010 / 0.013       ms
[2025-05-18T21:02:34.114+0300][8224][1648 ][info][gc,stats    ]       Phase: Pause Relocate Start                          0.000 / 0.000         0.072 / 0.339         0.072 / 0.339         0.072 / 0.339       ms
[2025-05-18T21:02:34.114+0300][8224][1648 ][info][gc,stats    ]    Subphase: Concurrent Classes Purge                      0.000 / 0.000         0.702 / 1.365         0.702 / 1.365         0.702 / 1.365       ms
[2025-05-18T21:02:34.114+0300][8224][1648 ][info][gc,stats    ]    Subphase: Concurrent Classes Unlink                     0.000 / 0.000         8.242 / 17.195        8.242 / 17.195        8.242 / 17.195      ms
[2025-05-18T21:02:34.114+0300][8224][1648 ][info][gc,stats    ]    Subphase: Concurrent Mark                               0.000 / 0.000        22.994 / 39.705       22.994 / 39.705       22.994 / 39.705      ms
[2025-05-18T21:02:34.114+0300][8224][1648 ][info][gc,stats    ]    Subphase: Concurrent Mark Try Flush                     0.000 / 0.000         0.151 / 0.534         0.151 / 0.534         0.151 / 0.534       ms
[2025-05-18T21:02:34.114+0300][8224][1648 ][info][gc,stats    ]    Subphase: Concurrent Mark Try Terminate                 0.000 / 0.000         2.452 / 14.435        2.452 / 14.435        2.452 / 14.435      ms
[2025-05-18T21:02:34.114+0300][8224][1648 ][info][gc,stats    ]    Subphase: Concurrent References Enqueue                 0.000 / 0.000         0.003 / 0.004         0.003 / 0.004         0.003 / 0.004       ms
[2025-05-18T21:02:34.114+0300][8224][1648 ][info][gc,stats    ]    Subphase: Concurrent References Process                 0.000 / 0.000         0.200 / 0.336         0.200 / 0.336         0.200 / 0.336       ms
[2025-05-18T21:02:34.114+0300][8224][1648 ][info][gc,stats    ]    Subphase: Concurrent Roots ClassLoaderDataGraph         0.000 / 0.000         0.229 / 1.010         0.229 / 1.010         0.229 / 1.010       ms
[2025-05-18T21:02:34.114+0300][8224][1648 ][info][gc,stats    ]    Subphase: Concurrent Roots CodeCache                    0.000 / 0.000         0.000 / 0.000         0.000 / 0.000         0.000 / 0.000       ms
[2025-05-18T21:02:34.114+0300][8224][1648 ][info][gc,stats    ]    Subphase: Concurrent Roots JavaThreads                  0.000 / 0.000         3.228 / 10.813        3.228 / 10.813        3.228 / 10.813      ms
[2025-05-18T21:02:34.115+0300][8224][1648 ][info][gc,stats    ]    Subphase: Concurrent Roots OopStorageSet                0.000 / 0.000         0.096 / 0.211         0.096 / 0.211         0.096 / 0.211       ms
[2025-05-18T21:02:34.115+0300][8224][1648 ][info][gc,stats    ]    Subphase: Concurrent Weak Roots OopStorageSet           0.000 / 0.000         0.692 / 1.209         0.692 / 1.209         0.692 / 1.209       ms
[2025-05-18T21:02:34.115+0300][8224][1648 ][info][gc,stats    ]    Subphase: Pause Mark Try Complete                       0.000 / 0.000         0.000 / 0.000         0.000 / 0.000         0.000 / 0.000       ms
[2025-05-18T21:02:34.115+0300][8224][1648 ][info][gc,stats    ]      System: Java Threads                                      0 / 0                29 / 34               29 / 34               29 / 34          threads
[2025-05-18T21:02:34.115+0300][8224][1648 ][info][gc,stats    ] =========================================================================================================================================================
[2025-05-18T21:02:44.118+0300][8224][1648 ][info][gc,stats    ] === Garbage Collection Statistics =======================================================================================================================
[2025-05-18T21:02:44.118+0300][8224][1648 ][info][gc,stats    ]                                                              Last 10s              Last 10m              Last 10h                Total
[2025-05-18T21:02:44.118+0300][8224][1648 ][info][gc,stats    ]                                                              Avg / Max             Avg / Max             Avg / Max             Avg / Max
[2025-05-18T21:02:44.118+0300][8224][1648 ][info][gc,stats    ]   Collector: Garbage Collection Cycle                      0.000 / 0.000        46.576 / 60.626       46.576 / 60.626       46.576 / 60.626      ms
[2025-05-18T21:02:44.118+0300][8224][1648 ][info][gc,stats    ]  Contention: Mark Segment Reset Contention                     0 / 0                 0 / 9                 0 / 9                 0 / 9           ops/s
[2025-05-18T21:02:44.118+0300][8224][1648 ][info][gc,stats    ]  Contention: Mark SeqNum Reset Contention                      0 / 0                 0 / 1                 0 / 1                 0 / 1           ops/s
[2025-05-18T21:02:44.118+0300][8224][1648 ][info][gc,stats    ]    Critical: Allocation Stall                                  0 / 0                 0 / 0                 0 / 0                 0 / 0           ops/s
[2025-05-18T21:02:44.118+0300][8224][1648 ][info][gc,stats    ]    Critical: Allocation Stall                              0.000 / 0.000         0.000 / 0.000         0.000 / 0.000         0.000 / 0.000       ms
[2025-05-18T21:02:44.118+0300][8224][1648 ][info][gc,stats    ]    Critical: GC Locker Stall                                   0 / 0                 0 / 0                 0 / 0                 0 / 0           ops/s
[2025-05-18T21:02:44.118+0300][8224][1648 ][info][gc,stats    ]    Critical: GC Locker Stall                               0.000 / 0.000         0.000 / 0.000         0.000 / 0.000         0.000 / 0.000       ms
[2025-05-18T21:02:44.118+0300][8224][1648 ][info][gc,stats    ]    Critical: Relocation Stall                                  0 / 0                 0 / 0                 0 / 0                 0 / 0           ops/s
[2025-05-18T21:02:44.118+0300][8224][1648 ][info][gc,stats    ]    Critical: Relocation Stall                              0.000 / 0.000         0.000 / 0.000         0.000 / 0.000         0.000 / 0.000       ms
[2025-05-18T21:02:44.118+0300][8224][1648 ][info][gc,stats    ]      Memory: Allocation Rate                                  34 / 38               36 / 192              36 / 192              36 / 192         MB/s
[2025-05-18T21:02:44.118+0300][8224][1648 ][info][gc,stats    ]      Memory: Defragment                                        0 / 0                 0 / 0                 0 / 0                 0 / 0           ops/s
[2025-05-18T21:02:44.118+0300][8224][1648 ][info][gc,stats    ]      Memory: Out Of Memory                                     0 / 0                 0 / 0                 0 / 0                 0 / 0           ops/s
[2025-05-18T21:02:44.118+0300][8224][1648 ][info][gc,stats    ]      Memory: Page Cache Flush                                  0 / 0                 0 / 0                 0 / 0                 0 / 0           MB/s
[2025-05-18T21:02:44.118+0300][8224][1648 ][info][gc,stats    ]      Memory: Page Cache Hit L1                                 0 / 0                11 / 60               11 / 60               11 / 60          ops/s
[2025-05-18T21:02:44.119+0300][8224][1648 ][info][gc,stats    ]      Memory: Page Cache Hit L2                                 0 / 0                 0 / 0                 0 / 0                 0 / 0           ops/s
[2025-05-18T21:02:44.119+0300][8224][1648 ][info][gc,stats    ]      Memory: Page Cache Hit L3                                17 / 19                6 / 33                6 / 33                6 / 33          ops/s
[2025-05-18T21:02:44.119+0300][8224][1648 ][info][gc,stats    ]      Memory: Page Cache Miss                                   0 / 0                 0 / 1                 0 / 1                 0 / 1           ops/s
[2025-05-18T21:02:44.119+0300][8224][1648 ][info][gc,stats    ]      Memory: Uncommit                                          0 / 0                 0 / 0                 0 / 0                 0 / 0           MB/s
[2025-05-18T21:02:44.119+0300][8224][1648 ][info][gc,stats    ]      Memory: Undo Object Allocation Failed                     0 / 0                 0 / 0                 0 / 0                 0 / 0           ops/s
[2025-05-18T21:02:44.119+0300][8224][1648 ][info][gc,stats    ]      Memory: Undo Object Allocation Succeeded                  0 / 0                 0 / 0                 0 / 0                 0 / 0           ops/s
[2025-05-18T21:02:44.119+0300][8224][1648 ][info][gc,stats    ]      Memory: Undo Page Allocation                              0 / 0                 0 / 3                 0 / 3                 0 / 3           ops/s
[2025-05-18T21:02:44.119+0300][8224][1648 ][info][gc,stats    ]       Phase: Concurrent Mark                               0.000 / 0.000        29.923 / 50.687       29.923 / 50.687       29.923 / 50.687      ms
[2025-05-18T21:02:44.119+0300][8224][1648 ][info][gc,stats    ]       Phase: Concurrent Mark Continue                      0.000 / 0.000         0.000 / 0.000         0.000 / 0.000         0.000 / 0.000       ms
[2025-05-18T21:02:44.119+0300][8224][1648 ][info][gc,stats    ]       Phase: Concurrent Mark Free                          0.000 / 0.000         0.001 / 0.001         0.001 / 0.001         0.001 / 0.001       ms
[2025-05-18T21:02:44.119+0300][8224][1648 ][info][gc,stats    ]       Phase: Concurrent Process Non-Strong References      0.000 / 0.000        10.120 / 19.782       10.120 / 19.782       10.120 / 19.782      ms
[2025-05-18T21:02:44.119+0300][8224][1648 ][info][gc,stats    ]       Phase: Concurrent Relocate                           0.000 / 0.000         2.315 / 5.216         2.315 / 5.216         2.315 / 5.216       ms
[2025-05-18T21:02:44.119+0300][8224][1648 ][info][gc,stats    ]       Phase: Concurrent Reset Relocation Set               0.000 / 0.000         0.003 / 0.006         0.003 / 0.006         0.003 / 0.006       ms
[2025-05-18T21:02:44.119+0300][8224][1648 ][info][gc,stats    ]       Phase: Concurrent Select Relocation Set              0.000 / 0.000         3.090 / 5.181         3.090 / 5.181         3.090 / 5.181       ms
[2025-05-18T21:02:44.119+0300][8224][1648 ][info][gc,stats    ]       Phase: Pause Mark End                                0.000 / 0.000         0.021 / 0.030         0.021 / 0.030         0.021 / 0.030       ms
[2025-05-18T21:02:44.119+0300][8224][1648 ][info][gc,stats    ]       Phase: Pause Mark Start                              0.000 / 0.000         0.010 / 0.013         0.010 / 0.013         0.010 / 0.013       ms
[2025-05-18T21:02:44.119+0300][8224][1648 ][info][gc,stats    ]       Phase: Pause Relocate Start                          0.000 / 0.000         0.072 / 0.339         0.072 / 0.339         0.072 / 0.339       ms
[2025-05-18T21:02:44.119+0300][8224][1648 ][info][gc,stats    ]    Subphase: Concurrent Classes Purge                      0.000 / 0.000         0.702 / 1.365         0.702 / 1.365         0.702 / 1.365       ms
[2025-05-18T21:02:44.119+0300][8224][1648 ][info][gc,stats    ]    Subphase: Concurrent Classes Unlink                     0.000 / 0.000         8.242 / 17.195        8.242 / 17.195        8.242 / 17.195      ms
[2025-05-18T21:02:44.119+0300][8224][1648 ][info][gc,stats    ]    Subphase: Concurrent Mark                               0.000 / 0.000        22.994 / 39.705       22.994 / 39.705       22.994 / 39.705      ms
[2025-05-18T21:02:44.119+0300][8224][1648 ][info][gc,stats    ]    Subphase: Concurrent Mark Try Flush                     0.000 / 0.000         0.151 / 0.534         0.151 / 0.534         0.151 / 0.534       ms
[2025-05-18T21:02:44.119+0300][8224][1648 ][info][gc,stats    ]    Subphase: Concurrent Mark Try Terminate                 0.000 / 0.000         2.452 / 14.435        2.452 / 14.435        2.452 / 14.435      ms
[2025-05-18T21:02:44.119+0300][8224][1648 ][info][gc,stats    ]    Subphase: Concurrent References Enqueue                 0.000 / 0.000         0.003 / 0.004         0.003 / 0.004         0.003 / 0.004       ms
[2025-05-18T21:02:44.119+0300][8224][1648 ][info][gc,stats    ]    Subphase: Concurrent References Process                 0.000 / 0.000         0.200 / 0.336         0.200 / 0.336         0.200 / 0.336       ms
[2025-05-18T21:02:44.119+0300][8224][1648 ][info][gc,stats    ]    Subphase: Concurrent Roots ClassLoaderDataGraph         0.000 / 0.000         0.229 / 1.010         0.229 / 1.010         0.229 / 1.010       ms
[2025-05-18T21:02:44.119+0300][8224][1648 ][info][gc,stats    ]    Subphase: Concurrent Roots CodeCache                    0.000 / 0.000         0.000 / 0.000         0.000 / 0.000         0.000 / 0.000       ms
[2025-05-18T21:02:44.119+0300][8224][1648 ][info][gc,stats    ]    Subphase: Concurrent Roots JavaThreads                  0.000 / 0.000         3.228 / 10.813        3.228 / 10.813        3.228 / 10.813      ms
[2025-05-18T21:02:44.119+0300][8224][1648 ][info][gc,stats    ]    Subphase: Concurrent Roots OopStorageSet                0.000 / 0.000         0.096 / 0.211         0.096 / 0.211         0.096 / 0.211       ms
[2025-05-18T21:02:44.119+0300][8224][1648 ][info][gc,stats    ]    Subphase: Concurrent Weak Roots OopStorageSet           0.000 / 0.000         0.692 / 1.209         0.692 / 1.209         0.692 / 1.209       ms
[2025-05-18T21:02:44.119+0300][8224][1648 ][info][gc,stats    ]    Subphase: Pause Mark Try Complete                       0.000 / 0.000         0.000 / 0.000         0.000 / 0.000         0.000 / 0.000       ms
[2025-05-18T21:02:44.119+0300][8224][1648 ][info][gc,stats    ]      System: Java Threads                                      0 / 0                29 / 34               29 / 34               29 / 34          threads
[2025-05-18T21:02:44.119+0300][8224][1648 ][info][gc,stats    ] =========================================================================================================================================================
[2025-05-18T21:02:45.310+0300][8224][10156][info][gc,start    ] GC(5) Garbage Collection (Warmup)
[2025-05-18T21:02:45.310+0300][8224][10156][info][gc,task     ] GC(5) Using 2 workers
[2025-05-18T21:02:45.310+0300][8224][23060][info][gc,phases   ] GC(5) Pause Mark Start 0.025ms
[2025-05-18T21:02:45.341+0300][8224][10156][info][gc,phases   ] GC(5) Concurrent Mark 29.363ms
[2025-05-18T21:02:45.341+0300][8224][23060][info][gc,phases   ] GC(5) Pause Mark End 0.018ms
[2025-05-18T21:02:45.341+0300][8224][10156][info][gc,phases   ] GC(5) Concurrent Mark Free 0.001ms
[2025-05-18T21:02:45.354+0300][8224][10156][info][gc,phases   ] GC(5) Concurrent Process Non-Strong References 12.930ms
[2025-05-18T21:02:45.354+0300][8224][10156][info][gc,phases   ] GC(5) Concurrent Reset Relocation Set 0.004ms
[2025-05-18T21:02:45.357+0300][8224][10156][info][gc,phases   ] GC(5) Concurrent Select Relocation Set 2.704ms
[2025-05-18T21:02:45.357+0300][8224][23060][info][gc,phases   ] GC(5) Pause Relocate Start 0.009ms
[2025-05-18T21:02:45.361+0300][8224][10156][info][gc,phases   ] GC(5) Concurrent Relocate 3.778ms
[2025-05-18T21:02:45.361+0300][8224][10156][info][gc,load     ] GC(5) Load: 0.00/0.00/0.00
[2025-05-18T21:02:45.361+0300][8224][10156][info][gc,mmu      ] GC(5) MMU: 2ms/83.1%, 5ms/93.2%, 10ms/96.3%, 20ms/98.2%, 50ms/99.3%, 100ms/99.6%
[2025-05-18T21:02:45.361+0300][8224][10156][info][gc,marking  ] GC(5) Mark: 2 stripe(s), 2 proactive flush(es), 1 terminate flush(es), 0 completion(s), 0 continuation(s) 
[2025-05-18T21:02:45.361+0300][8224][10156][info][gc,marking  ] GC(5) Mark Stack Usage: 32M
[2025-05-18T21:02:45.361+0300][8224][10156][info][gc,nmethod  ] GC(5) NMethods: 4437 registered, 6356 unregistered
[2025-05-18T21:02:45.361+0300][8224][10156][info][gc,metaspace] GC(5) Metaspace: 33M used, 34M committed, 1088M reserved
[2025-05-18T21:02:45.361+0300][8224][10156][info][gc,ref      ] GC(5) Soft: 4276 encountered, 0 discovered, 0 enqueued
[2025-05-18T21:02:45.361+0300][8224][10156][info][gc,ref      ] GC(5) Weak: 2760 encountered, 821 discovered, 262 enqueued
[2025-05-18T21:02:45.361+0300][8224][10156][info][gc,ref      ] GC(5) Final: 3 encountered, 1 discovered, 0 enqueued
[2025-05-18T21:02:45.361+0300][8224][10156][info][gc,ref      ] GC(5) Phantom: 306 encountered, 276 discovered, 29 enqueued
[2025-05-18T21:02:45.361+0300][8224][10156][info][gc,reloc    ] GC(5) Small Pages: 1814 / 3628M, Empty: 3160M, Relocated: 5M, In-Place: 0
[2025-05-18T21:02:45.361+0300][8224][10156][info][gc,reloc    ] GC(5) Medium Pages: 2 / 64M, Empty: 32M, Relocated: 0M, In-Place: 0
[2025-05-18T21:02:45.361+0300][8224][10156][info][gc,reloc    ] GC(5) Large Pages: 0 / 0M, Empty: 0M, Relocated: 0M, In-Place: 0
[2025-05-18T21:02:45.361+0300][8224][10156][info][gc,reloc    ] GC(5) Forwarding Usage: 1M
[2025-05-18T21:02:45.361+0300][8224][10156][info][gc,heap     ] GC(5) Min Capacity: 12288M(100%)
[2025-05-18T21:02:45.361+0300][8224][10156][info][gc,heap     ] GC(5) Max Capacity: 12288M(100%)
[2025-05-18T21:02:45.361+0300][8224][10156][info][gc,heap     ] GC(5) Soft Max Capacity: 12288M(100%)
[2025-05-18T21:02:45.361+0300][8224][10156][info][gc,heap     ] GC(5)                Mark Start          Mark End        Relocate Start      Relocate End           High               Low         
[2025-05-18T21:02:45.361+0300][8224][10156][info][gc,heap     ] GC(5)  Capacity:    12288M (100%)      12288M (100%)      12288M (100%)      12288M (100%)      12288M (100%)      12288M (100%)   
[2025-05-18T21:02:45.361+0300][8224][10156][info][gc,heap     ] GC(5)      Free:     8596M (70%)        8580M (70%)       11772M (96%)       12220M (99%)       12220M (99%)        8578M (70%)    
[2025-05-18T21:02:45.361+0300][8224][10156][info][gc,heap     ] GC(5)      Used:     3692M (30%)        3708M (30%)         516M (4%)           68M (1%)         3710M (30%)          68M (1%)     
[2025-05-18T21:02:45.361+0300][8224][10156][info][gc,heap     ] GC(5)      Live:         -                18M (0%)           18M (0%)           18M (0%)             -                  -          
[2025-05-18T21:02:45.361+0300][8224][10156][info][gc,heap     ] GC(5) Allocated:         -                16M (0%)           16M (0%)           15M (0%)             -                  -          
[2025-05-18T21:02:45.361+0300][8224][10156][info][gc,heap     ] GC(5)   Garbage:         -              3673M (30%)         481M (4%)           33M (0%)             -                  -          
[2025-05-18T21:02:45.362+0300][8224][10156][info][gc,heap     ] GC(5) Reclaimed:         -                  -              3192M (26%)        3639M (30%)            -                  -          
[2025-05-18T21:02:45.362+0300][8224][10156][info][gc          ] GC(5) Garbage Collection (Warmup) 3692M(30%)->68M(1%)
[2025-05-18T21:02:54.125+0300][8224][1648 ][info][gc,stats    ] === Garbage Collection Statistics =======================================================================================================================
[2025-05-18T21:02:54.125+0300][8224][1648 ][info][gc,stats    ]                                                              Last 10s              Last 10m              Last 10h                Total
[2025-05-18T21:02:54.125+0300][8224][1648 ][info][gc,stats    ]                                                              Avg / Max             Avg / Max             Avg / Max             Avg / Max
[2025-05-18T21:02:54.125+0300][8224][1648 ][info][gc,stats    ]   Collector: Garbage Collection Cycle                     50.428 / 50.428       47.218 / 60.626       47.218 / 60.626       47.218 / 60.626      ms
[2025-05-18T21:02:54.125+0300][8224][1648 ][info][gc,stats    ]  Contention: Mark Segment Reset Contention                     0 / 0                 0 / 9                 0 / 9                 0 / 9           ops/s
[2025-05-18T21:02:54.125+0300][8224][1648 ][info][gc,stats    ]  Contention: Mark SeqNum Reset Contention                      0 / 0                 0 / 1                 0 / 1                 0 / 1           ops/s
[2025-05-18T21:02:54.125+0300][8224][1648 ][info][gc,stats    ]    Critical: Allocation Stall                                  0 / 0                 0 / 0                 0 / 0                 0 / 0           ops/s
[2025-05-18T21:02:54.125+0300][8224][1648 ][info][gc,stats    ]    Critical: Allocation Stall                              0.000 / 0.000         0.000 / 0.000         0.000 / 0.000         0.000 / 0.000       ms
[2025-05-18T21:02:54.125+0300][8224][1648 ][info][gc,stats    ]    Critical: GC Locker Stall                                   0 / 0                 0 / 0                 0 / 0                 0 / 0           ops/s
[2025-05-18T21:02:54.125+0300][8224][1648 ][info][gc,stats    ]    Critical: GC Locker Stall                               0.000 / 0.000         0.000 / 0.000         0.000 / 0.000         0.000 / 0.000       ms
[2025-05-18T21:02:54.125+0300][8224][1648 ][info][gc,stats    ]    Critical: Relocation Stall                                  0 / 0                 0 / 0                 0 / 0                 0 / 0           ops/s
[2025-05-18T21:02:54.125+0300][8224][1648 ][info][gc,stats    ]    Critical: Relocation Stall                              0.000 / 0.000         0.000 / 0.000         0.000 / 0.000         0.000 / 0.000       ms
[2025-05-18T21:02:54.125+0300][8224][1648 ][info][gc,stats    ]      Memory: Allocation Rate                                  36 / 50               36 / 192              36 / 192              36 / 192         MB/s
[2025-05-18T21:02:54.125+0300][8224][1648 ][info][gc,stats    ]      Memory: Defragment                                        0 / 0                 0 / 0                 0 / 0                 0 / 0           ops/s
[2025-05-18T21:02:54.125+0300][8224][1648 ][info][gc,stats    ]      Memory: Out Of Memory                                     0 / 0                 0 / 0                 0 / 0                 0 / 0           ops/s
[2025-05-18T21:02:54.126+0300][8224][1648 ][info][gc,stats    ]      Memory: Page Cache Flush                                  0 / 0                 0 / 0                 0 / 0                 0 / 0           MB/s
[2025-05-18T21:02:54.126+0300][8224][1648 ][info][gc,stats    ]      Memory: Page Cache Hit L1                                15 / 20               11 / 60               11 / 60               11 / 60          ops/s
[2025-05-18T21:02:54.126+0300][8224][1648 ][info][gc,stats    ]      Memory: Page Cache Hit L2                                 0 / 0                 0 / 0                 0 / 0                 0 / 0           ops/s
[2025-05-18T21:02:54.126+0300][8224][1648 ][info][gc,stats    ]      Memory: Page Cache Hit L3                                 3 / 17                6 / 33                6 / 33                6 / 33          ops/s
[2025-05-18T21:02:54.126+0300][8224][1648 ][info][gc,stats    ]      Memory: Page Cache Miss                                   0 / 0                 0 / 1                 0 / 1                 0 / 1           ops/s
[2025-05-18T21:02:54.126+0300][8224][1648 ][info][gc,stats    ]      Memory: Uncommit                                          0 / 0                 0 / 0                 0 / 0                 0 / 0           MB/s
[2025-05-18T21:02:54.126+0300][8224][1648 ][info][gc,stats    ]      Memory: Undo Object Allocation Failed                     0 / 0                 0 / 0                 0 / 0                 0 / 0           ops/s
[2025-05-18T21:02:54.126+0300][8224][1648 ][info][gc,stats    ]      Memory: Undo Object Allocation Succeeded                  6 / 68                0 / 68                0 / 68                0 / 68          ops/s
[2025-05-18T21:02:54.126+0300][8224][1648 ][info][gc,stats    ]      Memory: Undo Page Allocation                              0 / 2                 0 / 3                 0 / 3                 0 / 3           ops/s
[2025-05-18T21:02:54.126+0300][8224][1648 ][info][gc,stats    ]       Phase: Concurrent Mark                              29.363 / 29.363       29.830 / 50.687       29.830 / 50.687       29.830 / 50.687      ms
[2025-05-18T21:02:54.126+0300][8224][1648 ][info][gc,stats    ]       Phase: Concurrent Mark Continue                      0.000 / 0.000         0.000 / 0.000         0.000 / 0.000         0.000 / 0.000       ms
[2025-05-18T21:02:54.126+0300][8224][1648 ][info][gc,stats    ]       Phase: Concurrent Mark Free                          0.001 / 0.001         0.001 / 0.001         0.001 / 0.001         0.001 / 0.001       ms
[2025-05-18T21:02:54.126+0300][8224][1648 ][info][gc,stats    ]       Phase: Concurrent Process Non-Strong References     12.930 / 12.930       10.589 / 19.782       10.589 / 19.782       10.589 / 19.782      ms
[2025-05-18T21:02:54.126+0300][8224][1648 ][info][gc,stats    ]       Phase: Concurrent Relocate                           3.778 / 3.778         2.558 / 5.216         2.558 / 5.216         2.558 / 5.216       ms
[2025-05-18T21:02:54.126+0300][8224][1648 ][info][gc,stats    ]       Phase: Concurrent Reset Relocation Set               0.004 / 0.004         0.003 / 0.006         0.003 / 0.006         0.003 / 0.006       ms
[2025-05-18T21:02:54.126+0300][8224][1648 ][info][gc,stats    ]       Phase: Concurrent Select Relocation Set              2.704 / 2.704         3.026 / 5.181         3.026 / 5.181         3.026 / 5.181       ms
[2025-05-18T21:02:54.126+0300][8224][1648 ][info][gc,stats    ]       Phase: Pause Mark End                                0.018 / 0.018         0.021 / 0.030         0.021 / 0.030         0.021 / 0.030       ms
[2025-05-18T21:02:54.126+0300][8224][1648 ][info][gc,stats    ]       Phase: Pause Mark Start                              0.025 / 0.025         0.012 / 0.025         0.012 / 0.025         0.012 / 0.025       ms
[2025-05-18T21:02:54.126+0300][8224][1648 ][info][gc,stats    ]       Phase: Pause Relocate Start                          0.009 / 0.009         0.062 / 0.339         0.062 / 0.339         0.062 / 0.339       ms
[2025-05-18T21:02:54.126+0300][8224][1648 ][info][gc,stats    ]    Subphase: Concurrent Classes Purge                      3.506 / 3.506         1.170 / 3.506         1.170 / 3.506         1.170 / 3.506       ms
[2025-05-18T21:02:54.126+0300][8224][1648 ][info][gc,stats    ]    Subphase: Concurrent Classes Unlink                     8.019 / 8.019         8.205 / 17.195        8.205 / 17.195        8.205 / 17.195      ms
[2025-05-18T21:02:54.126+0300][8224][1648 ][info][gc,stats    ]    Subphase: Concurrent Mark                              21.437 / 26.567       22.735 / 39.705       22.735 / 39.705       22.735 / 39.705      ms
[2025-05-18T21:02:54.126+0300][8224][1648 ][info][gc,stats    ]    Subphase: Concurrent Mark Try Flush                     0.139 / 0.187         0.149 / 0.534         0.149 / 0.534         0.149 / 0.534       ms
[2025-05-18T21:02:54.126+0300][8224][1648 ][info][gc,stats    ]    Subphase: Concurrent Mark Try Terminate                 3.666 / 10.884        2.654 / 14.435        2.654 / 14.435        2.654 / 14.435      ms
[2025-05-18T21:02:54.126+0300][8224][1648 ][info][gc,stats    ]    Subphase: Concurrent References Enqueue                 0.003 / 0.003         0.003 / 0.004         0.003 / 0.004         0.003 / 0.004       ms
[2025-05-18T21:02:54.126+0300][8224][1648 ][info][gc,stats    ]    Subphase: Concurrent References Process                 0.165 / 0.165         0.194 / 0.336         0.194 / 0.336         0.194 / 0.336       ms
[2025-05-18T21:02:54.126+0300][8224][1648 ][info][gc,stats    ]    Subphase: Concurrent Roots ClassLoaderDataGraph         0.558 / 0.994         0.284 / 1.010         0.284 / 1.010         0.284 / 1.010       ms
[2025-05-18T21:02:54.126+0300][8224][1648 ][info][gc,stats    ]    Subphase: Concurrent Roots CodeCache                    0.000 / 0.000         0.000 / 0.000         0.000 / 0.000         0.000 / 0.000       ms
[2025-05-18T21:02:54.126+0300][8224][1648 ][info][gc,stats    ]    Subphase: Concurrent Roots JavaThreads                  1.888 / 2.349         3.004 / 10.813        3.004 / 10.813        3.004 / 10.813      ms
[2025-05-18T21:02:54.126+0300][8224][1648 ][info][gc,stats    ]    Subphase: Concurrent Roots OopStorageSet                0.139 / 0.175         0.104 / 0.211         0.104 / 0.211         0.104 / 0.211       ms
[2025-05-18T21:02:54.126+0300][8224][1648 ][info][gc,stats    ]    Subphase: Concurrent Weak Roots OopStorageSet           0.906 / 0.906         0.727 / 1.209         0.727 / 1.209         0.727 / 1.209       ms
[2025-05-18T21:02:54.126+0300][8224][1648 ][info][gc,stats    ]    Subphase: Pause Mark Try Complete                       0.000 / 0.000         0.000 / 0.000         0.000 / 0.000         0.000 / 0.000       ms
[2025-05-18T21:02:54.126+0300][8224][1648 ][info][gc,stats    ]      System: Java Threads                                     32 / 32               29 / 34               29 / 34               29 / 34          threads
[2025-05-18T21:02:54.126+0300][8224][1648 ][info][gc,stats    ] =========================================================================================================================================================
[2025-05-18T21:03:04.124+0300][8224][1648 ][info][gc,stats    ] === Garbage Collection Statistics =======================================================================================================================
[2025-05-18T21:03:04.124+0300][8224][1648 ][info][gc,stats    ]                                                              Last 10s              Last 10m              Last 10h                Total
[2025-05-18T21:03:04.124+0300][8224][1648 ][info][gc,stats    ]                                                              Avg / Max             Avg / Max             Avg / Max             Avg / Max
[2025-05-18T21:03:04.124+0300][8224][1648 ][info][gc,stats    ]   Collector: Garbage Collection Cycle                      0.000 / 0.000        47.218 / 60.626       47.218 / 60.626       47.218 / 60.626      ms
[2025-05-18T21:03:04.124+0300][8224][1648 ][info][gc,stats    ]  Contention: Mark Segment Reset Contention                     0 / 0                 0 / 9                 0 / 9                 0 / 9           ops/s
[2025-05-18T21:03:04.124+0300][8224][1648 ][info][gc,stats    ]  Contention: Mark SeqNum Reset Contention                      0 / 0                 0 / 1                 0 / 1                 0 / 1           ops/s
[2025-05-18T21:03:04.124+0300][8224][1648 ][info][gc,stats    ]    Critical: Allocation Stall                                  0 / 0                 0 / 0                 0 / 0                 0 / 0           ops/s
[2025-05-18T21:03:04.124+0300][8224][1648 ][info][gc,stats    ]    Critical: Allocation Stall                              0.000 / 0.000         0.000 / 0.000         0.000 / 0.000         0.000 / 0.000       ms
[2025-05-18T21:03:04.124+0300][8224][1648 ][info][gc,stats    ]    Critical: GC Locker Stall                                   0 / 0                 0 / 0                 0 / 0                 0 / 0           ops/s
[2025-05-18T21:03:04.124+0300][8224][1648 ][info][gc,stats    ]    Critical: GC Locker Stall                               0.000 / 0.000         0.000 / 0.000         0.000 / 0.000         0.000 / 0.000       ms
[2025-05-18T21:03:04.124+0300][8224][1648 ][info][gc,stats    ]    Critical: Relocation Stall                                  0 / 0                 0 / 0                 0 / 0                 0 / 0           ops/s
[2025-05-18T21:03:04.124+0300][8224][1648 ][info][gc,stats    ]    Critical: Relocation Stall                              0.000 / 0.000         0.000 / 0.000         0.000 / 0.000         0.000 / 0.000       ms
[2025-05-18T21:03:04.124+0300][8224][1648 ][info][gc,stats    ]      Memory: Allocation Rate                                  34 / 40               36 / 192              36 / 192              36 / 192         MB/s
[2025-05-18T21:03:04.124+0300][8224][1648 ][info][gc,stats    ]      Memory: Defragment                                        0 / 0                 0 / 0                 0 / 0                 0 / 0           ops/s
[2025-05-18T21:03:04.124+0300][8224][1648 ][info][gc,stats    ]      Memory: Out Of Memory                                     0 / 0                 0 / 0                 0 / 0                 0 / 0           ops/s
[2025-05-18T21:03:04.124+0300][8224][1648 ][info][gc,stats    ]      Memory: Page Cache Flush                                  0 / 0                 0 / 0                 0 / 0                 0 / 0           MB/s
[2025-05-18T21:03:04.124+0300][8224][1648 ][info][gc,stats    ]      Memory: Page Cache Hit L1                                17 / 20               11 / 60               11 / 60               11 / 60          ops/s
[2025-05-18T21:03:04.124+0300][8224][1648 ][info][gc,stats    ]      Memory: Page Cache Hit L2                                 0 / 0                 0 / 0                 0 / 0                 0 / 0           ops/s
[2025-05-18T21:03:04.124+0300][8224][1648 ][info][gc,stats    ]      Memory: Page Cache Hit L3                                 0 / 0                 6 / 33                6 / 33                6 / 33          ops/s
[2025-05-18T21:03:04.124+0300][8224][1648 ][info][gc,stats    ]      Memory: Page Cache Miss                                   0 / 0                 0 / 1                 0 / 1                 0 / 1           ops/s
[2025-05-18T21:03:04.124+0300][8224][1648 ][info][gc,stats    ]      Memory: Uncommit                                          0 / 0                 0 / 0                 0 / 0                 0 / 0           MB/s
[2025-05-18T21:03:04.124+0300][8224][1648 ][info][gc,stats    ]      Memory: Undo Object Allocation Failed                     0 / 0                 0 / 0                 0 / 0                 0 / 0           ops/s
[2025-05-18T21:03:04.124+0300][8224][1648 ][info][gc,stats    ]      Memory: Undo Object Allocation Succeeded                  0 / 0                 0 / 68                0 / 68                0 / 68          ops/s
[2025-05-18T21:03:04.124+0300][8224][1648 ][info][gc,stats    ]      Memory: Undo Page Allocation                              0 / 0                 0 / 3                 0 / 3                 0 / 3           ops/s
[2025-05-18T21:03:04.124+0300][8224][1648 ][info][gc,stats    ]       Phase: Concurrent Mark                               0.000 / 0.000        29.830 / 50.687       29.830 / 50.687       29.830 / 50.687      ms
[2025-05-18T21:03:04.124+0300][8224][1648 ][info][gc,stats    ]       Phase: Concurrent Mark Continue                      0.000 / 0.000         0.000 / 0.000         0.000 / 0.000         0.000 / 0.000       ms
[2025-05-18T21:03:04.124+0300][8224][1648 ][info][gc,stats    ]       Phase: Concurrent Mark Free                          0.000 / 0.000         0.001 / 0.001         0.001 / 0.001         0.001 / 0.001       ms
[2025-05-18T21:03:04.125+0300][8224][1648 ][info][gc,stats    ]       Phase: Concurrent Process Non-Strong References      0.000 / 0.000        10.589 / 19.782       10.589 / 19.782       10.589 / 19.782      ms
[2025-05-18T21:03:04.125+0300][8224][1648 ][info][gc,stats    ]       Phase: Concurrent Relocate                           0.000 / 0.000         2.558 / 5.216         2.558 / 5.216         2.558 / 5.216       ms
[2025-05-18T21:03:04.125+0300][8224][1648 ][info][gc,stats    ]       Phase: Concurrent Reset Relocation Set               0.000 / 0.000         0.003 / 0.006         0.003 / 0.006         0.003 / 0.006       ms
[2025-05-18T21:03:04.125+0300][8224][1648 ][info][gc,stats    ]       Phase: Concurrent Select Relocation Set              0.000 / 0.000         3.026 / 5.181         3.026 / 5.181         3.026 / 5.181       ms
[2025-05-18T21:03:04.125+0300][8224][1648 ][info][gc,stats    ]       Phase: Pause Mark End                                0.000 / 0.000         0.021 / 0.030         0.021 / 0.030         0.021 / 0.030       ms
[2025-05-18T21:03:04.125+0300][8224][1648 ][info][gc,stats    ]       Phase: Pause Mark Start                              0.000 / 0.000         0.012 / 0.025         0.012 / 0.025         0.012 / 0.025       ms
[2025-05-18T21:03:04.125+0300][8224][1648 ][info][gc,stats    ]       Phase: Pause Relocate Start                          0.000 / 0.000         0.062 / 0.339         0.062 / 0.339         0.062 / 0.339       ms
[2025-05-18T21:03:04.125+0300][8224][1648 ][info][gc,stats    ]    Subphase: Concurrent Classes Purge                      0.000 / 0.000         1.170 / 3.506         1.170 / 3.506         1.170 / 3.506       ms
[2025-05-18T21:03:04.125+0300][8224][1648 ][info][gc,stats    ]    Subphase: Concurrent Classes Unlink                     0.000 / 0.000         8.205 / 17.195        8.205 / 17.195        8.205 / 17.195      ms
[2025-05-18T21:03:04.125+0300][8224][1648 ][info][gc,stats    ]    Subphase: Concurrent Mark                               0.000 / 0.000        22.735 / 39.705       22.735 / 39.705       22.735 / 39.705      ms
[2025-05-18T21:03:04.125+0300][8224][1648 ][info][gc,stats    ]    Subphase: Concurrent Mark Try Flush                     0.000 / 0.000         0.149 / 0.534         0.149 / 0.534         0.149 / 0.534       ms
[2025-05-18T21:03:04.125+0300][8224][1648 ][info][gc,stats    ]    Subphase: Concurrent Mark Try Terminate                 0.000 / 0.000         2.654 / 14.435        2.654 / 14.435        2.654 / 14.435      ms
[2025-05-18T21:03:04.125+0300][8224][1648 ][info][gc,stats    ]    Subphase: Concurrent References Enqueue                 0.000 / 0.000         0.003 / 0.004         0.003 / 0.004         0.003 / 0.004       ms
[2025-05-18T21:03:04.125+0300][8224][1648 ][info][gc,stats    ]    Subphase: Concurrent References Process                 0.000 / 0.000         0.194 / 0.336         0.194 / 0.336         0.194 / 0.336       ms
[2025-05-18T21:03:04.125+0300][8224][1648 ][info][gc,stats    ]    Subphase: Concurrent Roots ClassLoaderDataGraph         0.000 / 0.000         0.284 / 1.010         0.284 / 1.010         0.284 / 1.010       ms
[2025-05-18T21:03:04.125+0300][8224][1648 ][info][gc,stats    ]    Subphase: Concurrent Roots CodeCache                    0.000 / 0.000         0.000 / 0.000         0.000 / 0.000         0.000 / 0.000       ms
[2025-05-18T21:03:04.125+0300][8224][1648 ][info][gc,stats    ]    Subphase: Concurrent Roots JavaThreads                  0.000 / 0.000         3.004 / 10.813        3.004 / 10.813        3.004 / 10.813      ms
[2025-05-18T21:03:04.125+0300][8224][1648 ][info][gc,stats    ]    Subphase: Concurrent Roots OopStorageSet                0.000 / 0.000         0.104 / 0.211         0.104 / 0.211         0.104 / 0.211       ms
[2025-05-18T21:03:04.125+0300][8224][1648 ][info][gc,stats    ]    Subphase: Concurrent Weak Roots OopStorageSet           0.000 / 0.000         0.727 / 1.209         0.727 / 1.209         0.727 / 1.209       ms
[2025-05-18T21:03:04.125+0300][8224][1648 ][info][gc,stats    ]    Subphase: Pause Mark Try Complete                       0.000 / 0.000         0.000 / 0.000         0.000 / 0.000         0.000 / 0.000       ms
[2025-05-18T21:03:04.125+0300][8224][1648 ][info][gc,stats    ]      System: Java Threads                                      0 / 0                29 / 34               29 / 34               29 / 34          threads
[2025-05-18T21:03:04.125+0300][8224][1648 ][info][gc,stats    ] =========================================================================================================================================================
[2025-05-18T21:03:14.119+0300][8224][1648 ][info][gc,stats    ] === Garbage Collection Statistics =======================================================================================================================
[2025-05-18T21:03:14.119+0300][8224][1648 ][info][gc,stats    ]                                                              Last 10s              Last 10m              Last 10h                Total
[2025-05-18T21:03:14.119+0300][8224][1648 ][info][gc,stats    ]                                                              Avg / Max             Avg / Max             Avg / Max             Avg / Max
[2025-05-18T21:03:14.119+0300][8224][1648 ][info][gc,stats    ]   Collector: Garbage Collection Cycle                      0.000 / 0.000        47.218 / 60.626       47.218 / 60.626       47.218 / 60.626      ms
[2025-05-18T21:03:14.119+0300][8224][1648 ][info][gc,stats    ]  Contention: Mark Segment Reset Contention                     0 / 0                 0 / 9                 0 / 9                 0 / 9           ops/s
[2025-05-18T21:03:14.119+0300][8224][1648 ][info][gc,stats    ]  Contention: Mark SeqNum Reset Contention                      0 / 0                 0 / 1                 0 / 1                 0 / 1           ops/s
[2025-05-18T21:03:14.119+0300][8224][1648 ][info][gc,stats    ]    Critical: Allocation Stall                                  0 / 0                 0 / 0                 0 / 0                 0 / 0           ops/s
[2025-05-18T21:03:14.119+0300][8224][1648 ][info][gc,stats    ]    Critical: Allocation Stall                              0.000 / 0.000         0.000 / 0.000         0.000 / 0.000         0.000 / 0.000       ms
[2025-05-18T21:03:14.119+0300][8224][1648 ][info][gc,stats    ]    Critical: GC Locker Stall                                   0 / 0                 0 / 0                 0 / 0                 0 / 0           ops/s
[2025-05-18T21:03:14.119+0300][8224][1648 ][info][gc,stats    ]    Critical: GC Locker Stall                               0.000 / 0.000         0.000 / 0.000         0.000 / 0.000         0.000 / 0.000       ms
[2025-05-18T21:03:14.120+0300][8224][1648 ][info][gc,stats    ]    Critical: Relocation Stall                                  0 / 0                 0 / 0                 0 / 0                 0 / 0           ops/s
[2025-05-18T21:03:14.120+0300][8224][1648 ][info][gc,stats    ]    Critical: Relocation Stall                              0.000 / 0.000         0.000 / 0.000         0.000 / 0.000         0.000 / 0.000       ms
[2025-05-18T21:03:14.120+0300][8224][1648 ][info][gc,stats    ]      Memory: Allocation Rate                                  34 / 40               35 / 192              35 / 192              35 / 192         MB/s
[2025-05-18T21:03:14.120+0300][8224][1648 ][info][gc,stats    ]      Memory: Defragment                                        0 / 0                 0 / 0                 0 / 0                 0 / 0           ops/s
[2025-05-18T21:03:14.120+0300][8224][1648 ][info][gc,stats    ]      Memory: Out Of Memory                                     0 / 0                 0 / 0                 0 / 0                 0 / 0           ops/s
[2025-05-18T21:03:14.120+0300][8224][1648 ][info][gc,stats    ]      Memory: Page Cache Flush                                  0 / 0                 0 / 0                 0 / 0                 0 / 0           MB/s
[2025-05-18T21:03:14.120+0300][8224][1648 ][info][gc,stats    ]      Memory: Page Cache Hit L1                                17 / 20               12 / 60               12 / 60               12 / 60          ops/s
[2025-05-18T21:03:14.120+0300][8224][1648 ][info][gc,stats    ]      Memory: Page Cache Hit L2                                 0 / 0                 0 / 0                 0 / 0                 0 / 0           ops/s
[2025-05-18T21:03:14.120+0300][8224][1648 ][info][gc,stats    ]      Memory: Page Cache Hit L3                                 0 / 0                 5 / 33                5 / 33                5 / 33          ops/s
[2025-05-18T21:03:14.120+0300][8224][1648 ][info][gc,stats    ]      Memory: Page Cache Miss                                   0 / 0                 0 / 1                 0 / 1                 0 / 1           ops/s
[2025-05-18T21:03:14.120+0300][8224][1648 ][info][gc,stats    ]      Memory: Uncommit                                          0 / 0                 0 / 0                 0 / 0                 0 / 0           MB/s
[2025-05-18T21:03:14.120+0300][8224][1648 ][info][gc,stats    ]      Memory: Undo Object Allocation Failed                     0 / 0                 0 / 0                 0 / 0                 0 / 0           ops/s
[2025-05-18T21:03:14.120+0300][8224][1648 ][info][gc,stats    ]      Memory: Undo Object Allocation Succeeded                  0 / 0                 0 / 68                0 / 68                0 / 68          ops/s
[2025-05-18T21:03:14.120+0300][8224][1648 ][info][gc,stats    ]      Memory: Undo Page Allocation                              0 / 0                 0 / 3                 0 / 3                 0 / 3           ops/s
[2025-05-18T21:03:14.120+0300][8224][1648 ][info][gc,stats    ]       Phase: Concurrent Mark                               0.000 / 0.000        29.830 / 50.687       29.830 / 50.687       29.830 / 50.687      ms
[2025-05-18T21:03:14.120+0300][8224][1648 ][info][gc,stats    ]       Phase: Concurrent Mark Continue                      0.000 / 0.000         0.000 / 0.000         0.000 / 0.000         0.000 / 0.000       ms
[2025-05-18T21:03:14.120+0300][8224][1648 ][info][gc,stats    ]       Phase: Concurrent Mark Free                          0.000 / 0.000         0.001 / 0.001         0.001 / 0.001         0.001 / 0.001       ms
[2025-05-18T21:03:14.120+0300][8224][1648 ][info][gc,stats    ]       Phase: Concurrent Process Non-Strong References      0.000 / 0.000        10.589 / 19.782       10.589 / 19.782       10.589 / 19.782      ms
[2025-05-18T21:03:14.120+0300][8224][1648 ][info][gc,stats    ]       Phase: Concurrent Relocate                           0.000 / 0.000         2.558 / 5.216         2.558 / 5.216         2.558 / 5.216       ms
[2025-05-18T21:03:14.120+0300][8224][1648 ][info][gc,stats    ]       Phase: Concurrent Reset Relocation Set               0.000 / 0.000         0.003 / 0.006         0.003 / 0.006         0.003 / 0.006       ms
[2025-05-18T21:03:14.120+0300][8224][1648 ][info][gc,stats    ]       Phase: Concurrent Select Relocation Set              0.000 / 0.000         3.026 / 5.181         3.026 / 5.181         3.026 / 5.181       ms
[2025-05-18T21:03:14.120+0300][8224][1648 ][info][gc,stats    ]       Phase: Pause Mark End                                0.000 / 0.000         0.021 / 0.030         0.021 / 0.030         0.021 / 0.030       ms
[2025-05-18T21:03:14.120+0300][8224][1648 ][info][gc,stats    ]       Phase: Pause Mark Start                              0.000 / 0.000         0.012 / 0.025         0.012 / 0.025         0.012 / 0.025       ms
[2025-05-18T21:03:14.120+0300][8224][1648 ][info][gc,stats    ]       Phase: Pause Relocate Start                          0.000 / 0.000         0.062 / 0.339         0.062 / 0.339         0.062 / 0.339       ms
[2025-05-18T21:03:14.120+0300][8224][1648 ][info][gc,stats    ]    Subphase: Concurrent Classes Purge                      0.000 / 0.000         1.170 / 3.506         1.170 / 3.506         1.170 / 3.506       ms
[2025-05-18T21:03:14.120+0300][8224][1648 ][info][gc,stats    ]    Subphase: Concurrent Classes Unlink                     0.000 / 0.000         8.205 / 17.195        8.205 / 17.195        8.205 / 17.195      ms
[2025-05-18T21:03:14.121+0300][8224][1648 ][info][gc,stats    ]    Subphase: Concurrent Mark                               0.000 / 0.000        22.735 / 39.705       22.735 / 39.705       22.735 / 39.705      ms
[2025-05-18T21:03:14.121+0300][8224][1648 ][info][gc,stats    ]    Subphase: Concurrent Mark Try Flush                     0.000 / 0.000         0.149 / 0.534         0.149 / 0.534         0.149 / 0.534       ms
[2025-05-18T21:03:14.121+0300][8224][1648 ][info][gc,stats    ]    Subphase: Concurrent Mark Try Terminate                 0.000 / 0.000         2.654 / 14.435        2.654 / 14.435        2.654 / 14.435      ms
[2025-05-18T21:03:14.121+0300][8224][1648 ][info][gc,stats    ]    Subphase: Concurrent References Enqueue                 0.000 / 0.000         0.003 / 0.004         0.003 / 0.004         0.003 / 0.004       ms
[2025-05-18T21:03:14.121+0300][8224][1648 ][info][gc,stats    ]    Subphase: Concurrent References Process                 0.000 / 0.000         0.194 / 0.336         0.194 / 0.336         0.194 / 0.336       ms
[2025-05-18T21:03:14.121+0300][8224][1648 ][info][gc,stats    ]    Subphase: Concurrent Roots ClassLoaderDataGraph         0.000 / 0.000         0.284 / 1.010         0.284 / 1.010         0.284 / 1.010       ms
[2025-05-18T21:03:14.121+0300][8224][1648 ][info][gc,stats    ]    Subphase: Concurrent Roots CodeCache                    0.000 / 0.000         0.000 / 0.000         0.000 / 0.000         0.000 / 0.000       ms
[2025-05-18T21:03:14.121+0300][8224][1648 ][info][gc,stats    ]    Subphase: Concurrent Roots JavaThreads                  0.000 / 0.000         3.004 / 10.813        3.004 / 10.813        3.004 / 10.813      ms
[2025-05-18T21:03:14.121+0300][8224][1648 ][info][gc,stats    ]    Subphase: Concurrent Roots OopStorageSet                0.000 / 0.000         0.104 / 0.211         0.104 / 0.211         0.104 / 0.211       ms
[2025-05-18T21:03:14.121+0300][8224][1648 ][info][gc,stats    ]    Subphase: Concurrent Weak Roots OopStorageSet           0.000 / 0.000         0.727 / 1.209         0.727 / 1.209         0.727 / 1.209       ms
[2025-05-18T21:03:14.121+0300][8224][1648 ][info][gc,stats    ]    Subphase: Pause Mark Try Complete                       0.000 / 0.000         0.000 / 0.000         0.000 / 0.000         0.000 / 0.000       ms
[2025-05-18T21:03:14.121+0300][8224][1648 ][info][gc,stats    ]      System: Java Threads                                      0 / 0                29 / 34               29 / 34               29 / 34          threads
[2025-05-18T21:03:14.121+0300][8224][1648 ][info][gc,stats    ] =========================================================================================================================================================
[2025-05-18T21:03:21.219+0300][8224][10156][info][gc,start    ] GC(6) Garbage Collection (Proactive)
[2025-05-18T21:03:21.219+0300][8224][10156][info][gc,task     ] GC(6) Using 2 workers
[2025-05-18T21:03:21.220+0300][8224][23060][info][gc,phases   ] GC(6) Pause Mark Start 0.015ms
[2025-05-18T21:03:21.250+0300][8224][10156][info][gc,phases   ] GC(6) Concurrent Mark 29.458ms
[2025-05-18T21:03:21.250+0300][8224][23060][info][gc,phases   ] GC(6) Pause Mark End 0.015ms
[2025-05-18T21:03:21.250+0300][8224][10156][info][gc,phases   ] GC(6) Concurrent Mark Free 0.001ms
[2025-05-18T21:03:21.256+0300][8224][10156][info][gc,phases   ] GC(6) Concurrent Process Non-Strong References 4.874ms
[2025-05-18T21:03:21.256+0300][8224][10156][info][gc,phases   ] GC(6) Concurrent Reset Relocation Set 0.005ms
[2025-05-18T21:03:21.257+0300][8224][10156][info][gc,phases   ] GC(6) Concurrent Select Relocation Set 1.337ms
[2025-05-18T21:03:21.257+0300][8224][23060][info][gc,phases   ] GC(6) Pause Relocate Start 0.006ms
[2025-05-18T21:03:21.258+0300][8224][10156][info][gc,phases   ] GC(6) Concurrent Relocate 0.672ms
[2025-05-18T21:03:21.258+0300][8224][10156][info][gc,load     ] GC(6) Load: 0.00/0.00/0.00
[2025-05-18T21:03:21.258+0300][8224][10156][info][gc,mmu      ] GC(6) MMU: 2ms/83.1%, 5ms/93.2%, 10ms/96.3%, 20ms/98.2%, 50ms/99.3%, 100ms/99.6%
[2025-05-18T21:03:21.258+0300][8224][10156][info][gc,marking  ] GC(6) Mark: 2 stripe(s), 2 proactive flush(es), 1 terminate flush(es), 0 completion(s), 0 continuation(s) 
[2025-05-18T21:03:21.258+0300][8224][10156][info][gc,marking  ] GC(6) Mark Stack Usage: 32M
[2025-05-18T21:03:21.258+0300][8224][10156][info][gc,nmethod  ] GC(6) NMethods: 4449 registered, 51 unregistered
[2025-05-18T21:03:21.258+0300][8224][10156][info][gc,metaspace] GC(6) Metaspace: 33M used, 34M committed, 1088M reserved
[2025-05-18T21:03:21.258+0300][8224][10156][info][gc,ref      ] GC(6) Soft: 4276 encountered, 0 discovered, 0 enqueued
[2025-05-18T21:03:21.258+0300][8224][10156][info][gc,ref      ] GC(6) Weak: 2498 encountered, 392 discovered, 0 enqueued
[2025-05-18T21:03:21.258+0300][8224][10156][info][gc,ref      ] GC(6) Final: 3 encountered, 1 discovered, 0 enqueued
[2025-05-18T21:03:21.258+0300][8224][10156][info][gc,ref      ] GC(6) Phantom: 275 encountered, 252 discovered, 0 enqueued
[2025-05-18T21:03:21.258+0300][8224][10156][info][gc,reloc    ] GC(6) Small Pages: 634 / 1268M, Empty: 1086M, Relocated: 1M, In-Place: 0
[2025-05-18T21:03:21.258+0300][8224][10156][info][gc,reloc    ] GC(6) Medium Pages: 1 / 32M, Empty: 0M, Relocated: 0M, In-Place: 0
[2025-05-18T21:03:21.258+0300][8224][10156][info][gc,reloc    ] GC(6) Large Pages: 0 / 0M, Empty: 0M, Relocated: 0M, In-Place: 0
[2025-05-18T21:03:21.258+0300][8224][10156][info][gc,reloc    ] GC(6) Forwarding Usage: 0M
[2025-05-18T21:03:21.258+0300][8224][10156][info][gc,heap     ] GC(6) Min Capacity: 12288M(100%)
[2025-05-18T21:03:21.258+0300][8224][10156][info][gc,heap     ] GC(6) Max Capacity: 12288M(100%)
[2025-05-18T21:03:21.258+0300][8224][10156][info][gc,heap     ] GC(6) Soft Max Capacity: 12288M(100%)
[2025-05-18T21:03:21.258+0300][8224][10156][info][gc,heap     ] GC(6)                Mark Start          Mark End        Relocate Start      Relocate End           High               Low         
[2025-05-18T21:03:21.258+0300][8224][10156][info][gc,heap     ] GC(6)  Capacity:    12288M (100%)      12288M (100%)      12288M (100%)      12288M (100%)      12288M (100%)      12288M (100%)   
[2025-05-18T21:03:21.258+0300][8224][10156][info][gc,heap     ] GC(6)      Free:    10988M (89%)       10972M (89%)       12058M (98%)       12218M (99%)       12218M (99%)       10972M (89%)    
[2025-05-18T21:03:21.258+0300][8224][10156][info][gc,heap     ] GC(6)      Used:     1300M (11%)        1316M (11%)         230M (2%)           70M (1%)         1316M (11%)          70M (1%)     
[2025-05-18T21:03:21.258+0300][8224][10156][info][gc,heap     ] GC(6)      Live:         -                18M (0%)           18M (0%)           18M (0%)             -                  -          
[2025-05-18T21:03:21.258+0300][8224][10156][info][gc,heap     ] GC(6) Allocated:         -                16M (0%)           16M (0%)           16M (0%)             -                  -          
[2025-05-18T21:03:21.258+0300][8224][10156][info][gc,heap     ] GC(6)   Garbage:         -              1281M (10%)         195M (2%)           35M (0%)             -                  -          
[2025-05-18T21:03:21.258+0300][8224][10156][info][gc,heap     ] GC(6) Reclaimed:         -                  -              1086M (9%)         1246M (10%)            -                  -          
[2025-05-18T21:03:21.258+0300][8224][10156][info][gc          ] GC(6) Garbage Collection (Proactive) 1300M(11%)->70M(1%)
[2025-05-18T21:03:24.115+0300][8224][1648 ][info][gc,stats    ] === Garbage Collection Statistics =======================================================================================================================
[2025-05-18T21:03:24.115+0300][8224][1648 ][info][gc,stats    ]                                                              Last 10s              Last 10m              Last 10h                Total
[2025-05-18T21:03:24.115+0300][8224][1648 ][info][gc,stats    ]                                                              Avg / Max             Avg / Max             Avg / Max             Avg / Max
[2025-05-18T21:03:24.115+0300][8224][1648 ][info][gc,stats    ]   Collector: Garbage Collection Cycle                     38.364 / 38.364       45.953 / 60.626       45.953 / 60.626       45.953 / 60.626      ms
[2025-05-18T21:03:24.115+0300][8224][1648 ][info][gc,stats    ]  Contention: Mark Segment Reset Contention                     0 / 0                 0 / 9                 0 / 9                 0 / 9           ops/s
[2025-05-18T21:03:24.116+0300][8224][1648 ][info][gc,stats    ]  Contention: Mark SeqNum Reset Contention                      0 / 1                 0 / 1                 0 / 1                 0 / 1           ops/s
[2025-05-18T21:03:24.116+0300][8224][1648 ][info][gc,stats    ]    Critical: Allocation Stall                                  0 / 0                 0 / 0                 0 / 0                 0 / 0           ops/s
[2025-05-18T21:03:24.116+0300][8224][1648 ][info][gc,stats    ]    Critical: Allocation Stall                              0.000 / 0.000         0.000 / 0.000         0.000 / 0.000         0.000 / 0.000       ms
[2025-05-18T21:03:24.116+0300][8224][1648 ][info][gc,stats    ]    Critical: GC Locker Stall                                   0 / 0                 0 / 0                 0 / 0                 0 / 0           ops/s
[2025-05-18T21:03:24.116+0300][8224][1648 ][info][gc,stats    ]    Critical: GC Locker Stall                               0.000 / 0.000         0.000 / 0.000         0.000 / 0.000         0.000 / 0.000       ms
[2025-05-18T21:03:24.116+0300][8224][1648 ][info][gc,stats    ]    Critical: Relocation Stall                                  0 / 0                 0 / 0                 0 / 0                 0 / 0           ops/s
[2025-05-18T21:03:24.116+0300][8224][1648 ][info][gc,stats    ]    Critical: Relocation Stall                              0.000 / 0.000         0.000 / 0.000         0.000 / 0.000         0.000 / 0.000       ms
[2025-05-18T21:03:24.116+0300][8224][1648 ][info][gc,stats    ]      Memory: Allocation Rate                                  35 / 42               35 / 192              35 / 192              35 / 192         MB/s
[2025-05-18T21:03:24.116+0300][8224][1648 ][info][gc,stats    ]      Memory: Defragment                                        0 / 0                 0 / 0                 0 / 0                 0 / 0           ops/s
[2025-05-18T21:03:24.116+0300][8224][1648 ][info][gc,stats    ]      Memory: Out Of Memory                                     0 / 0                 0 / 0                 0 / 0                 0 / 0           ops/s
[2025-05-18T21:03:24.116+0300][8224][1648 ][info][gc,stats    ]      Memory: Page Cache Flush                                  0 / 0                 0 / 0                 0 / 0                 0 / 0           MB/s
[2025-05-18T21:03:24.116+0300][8224][1648 ][info][gc,stats    ]      Memory: Page Cache Hit L1                                17 / 23               12 / 60               12 / 60               12 / 60          ops/s
[2025-05-18T21:03:24.116+0300][8224][1648 ][info][gc,stats    ]      Memory: Page Cache Hit L2                                 0 / 0                 0 / 0                 0 / 0                 0 / 0           ops/s
[2025-05-18T21:03:24.116+0300][8224][1648 ][info][gc,stats    ]      Memory: Page Cache Hit L3                                 0 / 0                 5 / 33                5 / 33                5 / 33          ops/s
[2025-05-18T21:03:24.116+0300][8224][1648 ][info][gc,stats    ]      Memory: Page Cache Miss                                   0 / 0                 0 / 1                 0 / 1                 0 / 1           ops/s
[2025-05-18T21:03:24.116+0300][8224][1648 ][info][gc,stats    ]      Memory: Uncommit                                          0 / 0                 0 / 0                 0 / 0                 0 / 0           MB/s
[2025-05-18T21:03:24.116+0300][8224][1648 ][info][gc,stats    ]      Memory: Undo Object Allocation Failed                     0 / 0                 0 / 0                 0 / 0                 0 / 0           ops/s
[2025-05-18T21:03:24.116+0300][8224][1648 ][info][gc,stats    ]      Memory: Undo Object Allocation Succeeded                  0 / 0                 0 / 68                0 / 68                0 / 68          ops/s
[2025-05-18T21:03:24.116+0300][8224][1648 ][info][gc,stats    ]      Memory: Undo Page Allocation                              0 / 0                 0 / 3                 0 / 3                 0 / 3           ops/s
[2025-05-18T21:03:24.116+0300][8224][1648 ][info][gc,stats    ]       Phase: Concurrent Mark                              29.458 / 29.458       29.776 / 50.687       29.776 / 50.687       29.776 / 50.687      ms
[2025-05-18T21:03:24.116+0300][8224][1648 ][info][gc,stats    ]       Phase: Concurrent Mark Continue                      0.000 / 0.000         0.000 / 0.000         0.000 / 0.000         0.000 / 0.000       ms
[2025-05-18T21:03:24.116+0300][8224][1648 ][info][gc,stats    ]       Phase: Concurrent Mark Free                          0.001 / 0.001         0.001 / 0.001         0.001 / 0.001         0.001 / 0.001       ms
[2025-05-18T21:03:24.116+0300][8224][1648 ][info][gc,stats    ]       Phase: Concurrent Process Non-Strong References      4.874 / 4.874         9.772 / 19.782        9.772 / 19.782        9.772 / 19.782      ms
[2025-05-18T21:03:24.116+0300][8224][1648 ][info][gc,stats    ]       Phase: Concurrent Relocate                           0.672 / 0.672         2.289 / 5.216         2.289 / 5.216         2.289 / 5.216       ms
[2025-05-18T21:03:24.116+0300][8224][1648 ][info][gc,stats    ]       Phase: Concurrent Reset Relocation Set               0.005 / 0.005         0.004 / 0.006         0.004 / 0.006         0.004 / 0.006       ms
[2025-05-18T21:03:24.116+0300][8224][1648 ][info][gc,stats    ]       Phase: Concurrent Select Relocation Set              1.337 / 1.337         2.784 / 5.181         2.784 / 5.181         2.784 / 5.181       ms
[2025-05-18T21:03:24.117+0300][8224][1648 ][info][gc,stats    ]       Phase: Pause Mark End                                0.015 / 0.015         0.020 / 0.030         0.020 / 0.030         0.020 / 0.030       ms
[2025-05-18T21:03:24.117+0300][8224][1648 ][info][gc,stats    ]       Phase: Pause Mark Start                              0.015 / 0.015         0.013 / 0.025         0.013 / 0.025         0.013 / 0.025       ms
[2025-05-18T21:03:24.117+0300][8224][1648 ][info][gc,stats    ]       Phase: Pause Relocate Start                          0.006 / 0.006         0.054 / 0.339         0.054 / 0.339         0.054 / 0.339       ms
[2025-05-18T21:03:24.117+0300][8224][1648 ][info][gc,stats    ]    Subphase: Concurrent Classes Purge                      0.151 / 0.151         1.024 / 3.506         1.024 / 3.506         1.024 / 3.506       ms
[2025-05-18T21:03:24.117+0300][8224][1648 ][info][gc,stats    ]    Subphase: Concurrent Classes Unlink                     3.596 / 3.596         7.547 / 17.195        7.547 / 17.195        7.547 / 17.195      ms
[2025-05-18T21:03:24.117+0300][8224][1648 ][info][gc,stats    ]    Subphase: Concurrent Mark                              21.735 / 27.890       22.592 / 39.705       22.592 / 39.705       22.592 / 39.705      ms
[2025-05-18T21:03:24.117+0300][8224][1648 ][info][gc,stats    ]    Subphase: Concurrent Mark Try Flush                     0.167 / 0.191         0.152 / 0.534         0.152 / 0.534         0.152 / 0.534       ms
[2025-05-18T21:03:24.117+0300][8224][1648 ][info][gc,stats    ]    Subphase: Concurrent Mark Try Terminate                 4.369 / 12.959        2.899 / 14.435        2.899 / 14.435        2.899 / 14.435      ms
[2025-05-18T21:03:24.117+0300][8224][1648 ][info][gc,stats    ]    Subphase: Concurrent References Enqueue                 0.000 / 0.000         0.003 / 0.004         0.003 / 0.004         0.003 / 0.004       ms
[2025-05-18T21:03:24.117+0300][8224][1648 ][info][gc,stats    ]    Subphase: Concurrent References Process                 0.090 / 0.090         0.179 / 0.336         0.179 / 0.336         0.179 / 0.336       ms
[2025-05-18T21:03:24.117+0300][8224][1648 ][info][gc,stats    ]    Subphase: Concurrent Roots ClassLoaderDataGraph         0.433 / 0.827         0.305 / 1.010         0.305 / 1.010         0.305 / 1.010       ms
[2025-05-18T21:03:24.117+0300][8224][1648 ][info][gc,stats    ]    Subphase: Concurrent Roots CodeCache                    0.000 / 0.000         0.000 / 0.000         0.000 / 0.000         0.000 / 0.000       ms
[2025-05-18T21:03:24.117+0300][8224][1648 ][info][gc,stats    ]    Subphase: Concurrent Roots JavaThreads                  0.930 / 1.313         2.708 / 10.813        2.708 / 10.813        2.708 / 10.813      ms
[2025-05-18T21:03:24.117+0300][8224][1648 ][info][gc,stats    ]    Subphase: Concurrent Roots OopStorageSet                0.088 / 0.099         0.102 / 0.211         0.102 / 0.211         0.102 / 0.211       ms
[2025-05-18T21:03:24.117+0300][8224][1648 ][info][gc,stats    ]    Subphase: Concurrent Weak Roots OopStorageSet           0.819 / 0.819         0.741 / 1.209         0.741 / 1.209         0.741 / 1.209       ms
[2025-05-18T21:03:24.117+0300][8224][1648 ][info][gc,stats    ]    Subphase: Pause Mark Try Complete                       0.000 / 0.000         0.000 / 0.000         0.000 / 0.000         0.000 / 0.000       ms
[2025-05-18T21:03:24.117+0300][8224][1648 ][info][gc,stats    ]      System: Java Threads                                     32 / 32               30 / 34               30 / 34               30 / 34          threads
[2025-05-18T21:03:24.117+0300][8224][1648 ][info][gc,stats    ] =========================================================================================================================================================
[2025-05-18T21:03:34.122+0300][8224][1648 ][info][gc,stats    ] === Garbage Collection Statistics =======================================================================================================================
[2025-05-18T21:03:34.122+0300][8224][1648 ][info][gc,stats    ]                                                              Last 10s              Last 10m              Last 10h                Total
[2025-05-18T21:03:34.122+0300][8224][1648 ][info][gc,stats    ]                                                              Avg / Max             Avg / Max             Avg / Max             Avg / Max
[2025-05-18T21:03:34.122+0300][8224][1648 ][info][gc,stats    ]   Collector: Garbage Collection Cycle                      0.000 / 0.000        45.953 / 60.626       45.953 / 60.626       45.953 / 60.626      ms
[2025-05-18T21:03:34.122+0300][8224][1648 ][info][gc,stats    ]  Contention: Mark Segment Reset Contention                     0 / 0                 0 / 9                 0 / 9                 0 / 9           ops/s
[2025-05-18T21:03:34.122+0300][8224][1648 ][info][gc,stats    ]  Contention: Mark SeqNum Reset Contention                      0 / 0                 0 / 1                 0 / 1                 0 / 1           ops/s
[2025-05-18T21:03:34.122+0300][8224][1648 ][info][gc,stats    ]    Critical: Allocation Stall                                  0 / 0                 0 / 0                 0 / 0                 0 / 0           ops/s
[2025-05-18T21:03:34.122+0300][8224][1648 ][info][gc,stats    ]    Critical: Allocation Stall                              0.000 / 0.000         0.000 / 0.000         0.000 / 0.000         0.000 / 0.000       ms
[2025-05-18T21:03:34.122+0300][8224][1648 ][info][gc,stats    ]    Critical: GC Locker Stall                                   0 / 0                 0 / 0                 0 / 0                 0 / 0           ops/s
[2025-05-18T21:03:34.122+0300][8224][1648 ][info][gc,stats    ]    Critical: GC Locker Stall                               0.000 / 0.000         0.000 / 0.000         0.000 / 0.000         0.000 / 0.000       ms
[2025-05-18T21:03:34.122+0300][8224][1648 ][info][gc,stats    ]    Critical: Relocation Stall                                  0 / 0                 0 / 0                 0 / 0                 0 / 0           ops/s
[2025-05-18T21:03:34.122+0300][8224][1648 ][info][gc,stats    ]    Critical: Relocation Stall                              0.000 / 0.000         0.000 / 0.000         0.000 / 0.000         0.000 / 0.000       ms
[2025-05-18T21:03:34.122+0300][8224][1648 ][info][gc,stats    ]      Memory: Allocation Rate                                  34 / 38               35 / 192              35 / 192              35 / 192         MB/s
[2025-05-18T21:03:34.122+0300][8224][1648 ][info][gc,stats    ]      Memory: Defragment                                        0 / 0                 0 / 0                 0 / 0                 0 / 0           ops/s
[2025-05-18T21:03:34.123+0300][8224][1648 ][info][gc,stats    ]      Memory: Out Of Memory                                     0 / 0                 0 / 0                 0 / 0                 0 / 0           ops/s
[2025-05-18T21:03:34.123+0300][8224][1648 ][info][gc,stats    ]      Memory: Page Cache Flush                                  0 / 0                 0 / 0                 0 / 0                 0 / 0           MB/s
[2025-05-18T21:03:34.123+0300][8224][1648 ][info][gc,stats    ]      Memory: Page Cache Hit L1                                17 / 19               12 / 60               12 / 60               12 / 60          ops/s
[2025-05-18T21:03:34.123+0300][8224][1648 ][info][gc,stats    ]      Memory: Page Cache Hit L2                                 0 / 0                 0 / 0                 0 / 0                 0 / 0           ops/s
[2025-05-18T21:03:34.123+0300][8224][1648 ][info][gc,stats    ]      Memory: Page Cache Hit L3                                 0 / 0                 5 / 33                5 / 33                5 / 33          ops/s
[2025-05-18T21:03:34.123+0300][8224][1648 ][info][gc,stats    ]      Memory: Page Cache Miss                                   0 / 0                 0 / 1                 0 / 1                 0 / 1           ops/s
[2025-05-18T21:03:34.123+0300][8224][1648 ][info][gc,stats    ]      Memory: Uncommit                                          0 / 0                 0 / 0                 0 / 0                 0 / 0           MB/s
[2025-05-18T21:03:34.123+0300][8224][1648 ][info][gc,stats    ]      Memory: Undo Object Allocation Failed                     0 / 0                 0 / 0                 0 / 0                 0 / 0           ops/s
[2025-05-18T21:03:34.123+0300][8224][1648 ][info][gc,stats    ]      Memory: Undo Object Allocation Succeeded                  0 / 0                 0 / 68                0 / 68                0 / 68          ops/s
[2025-05-18T21:03:34.123+0300][8224][1648 ][info][gc,stats    ]      Memory: Undo Page Allocation                              0 / 0                 0 / 3                 0 / 3                 0 / 3           ops/s
[2025-05-18T21:03:34.123+0300][8224][1648 ][info][gc,stats    ]       Phase: Concurrent Mark                               0.000 / 0.000        29.776 / 50.687       29.776 / 50.687       29.776 / 50.687      ms
[2025-05-18T21:03:34.123+0300][8224][1648 ][info][gc,stats    ]       Phase: Concurrent Mark Continue                      0.000 / 0.000         0.000 / 0.000         0.000 / 0.000         0.000 / 0.000       ms
[2025-05-18T21:03:34.123+0300][8224][1648 ][info][gc,stats    ]       Phase: Concurrent Mark Free                          0.000 / 0.000         0.001 / 0.001         0.001 / 0.001         0.001 / 0.001       ms
[2025-05-18T21:03:34.123+0300][8224][1648 ][info][gc,stats    ]       Phase: Concurrent Process Non-Strong References      0.000 / 0.000         9.772 / 19.782        9.772 / 19.782        9.772 / 19.782      ms
[2025-05-18T21:03:34.123+0300][8224][1648 ][info][gc,stats    ]       Phase: Concurrent Relocate                           0.000 / 0.000         2.289 / 5.216         2.289 / 5.216         2.289 / 5.216       ms
[2025-05-18T21:03:34.123+0300][8224][1648 ][info][gc,stats    ]       Phase: Concurrent Reset Relocation Set               0.000 / 0.000         0.004 / 0.006         0.004 / 0.006         0.004 / 0.006       ms
[2025-05-18T21:03:34.123+0300][8224][1648 ][info][gc,stats    ]       Phase: Concurrent Select Relocation Set              0.000 / 0.000         2.784 / 5.181         2.784 / 5.181         2.784 / 5.181       ms
[2025-05-18T21:03:34.123+0300][8224][1648 ][info][gc,stats    ]       Phase: Pause Mark End                                0.000 / 0.000         0.020 / 0.030         0.020 / 0.030         0.020 / 0.030       ms
[2025-05-18T21:03:34.123+0300][8224][1648 ][info][gc,stats    ]       Phase: Pause Mark Start                              0.000 / 0.000         0.013 / 0.025         0.013 / 0.025         0.013 / 0.025       ms
[2025-05-18T21:03:34.123+0300][8224][1648 ][info][gc,stats    ]       Phase: Pause Relocate Start                          0.000 / 0.000         0.054 / 0.339         0.054 / 0.339         0.054 / 0.339       ms
[2025-05-18T21:03:34.123+0300][8224][1648 ][info][gc,stats    ]    Subphase: Concurrent Classes Purge                      0.000 / 0.000         1.024 / 3.506         1.024 / 3.506         1.024 / 3.506       ms
[2025-05-18T21:03:34.123+0300][8224][1648 ][info][gc,stats    ]    Subphase: Concurrent Classes Unlink                     0.000 / 0.000         7.547 / 17.195        7.547 / 17.195        7.547 / 17.195      ms
[2025-05-18T21:03:34.123+0300][8224][1648 ][info][gc,stats    ]    Subphase: Concurrent Mark                               0.000 / 0.000        22.592 / 39.705       22.592 / 39.705       22.592 / 39.705      ms
[2025-05-18T21:03:34.123+0300][8224][1648 ][info][gc,stats    ]    Subphase: Concurrent Mark Try Flush                     0.000 / 0.000         0.152 / 0.534         0.152 / 0.534         0.152 / 0.534       ms
[2025-05-18T21:03:34.123+0300][8224][1648 ][info][gc,stats    ]    Subphase: Concurrent Mark Try Terminate                 0.000 / 0.000         2.899 / 14.435        2.899 / 14.435        2.899 / 14.435      ms
[2025-05-18T21:03:34.123+0300][8224][1648 ][info][gc,stats    ]    Subphase: Concurrent References Enqueue                 0.000 / 0.000         0.003 / 0.004         0.003 / 0.004         0.003 / 0.004       ms
[2025-05-18T21:03:34.123+0300][8224][1648 ][info][gc,stats    ]    Subphase: Concurrent References Process                 0.000 / 0.000         0.179 / 0.336         0.179 / 0.336         0.179 / 0.336       ms
[2025-05-18T21:03:34.123+0300][8224][1648 ][info][gc,stats    ]    Subphase: Concurrent Roots ClassLoaderDataGraph         0.000 / 0.000         0.305 / 1.010         0.305 / 1.010         0.305 / 1.010       ms
[2025-05-18T21:03:34.123+0300][8224][1648 ][info][gc,stats    ]    Subphase: Concurrent Roots CodeCache                    0.000 / 0.000         0.000 / 0.000         0.000 / 0.000         0.000 / 0.000       ms
[2025-05-18T21:03:34.123+0300][8224][1648 ][info][gc,stats    ]    Subphase: Concurrent Roots JavaThreads                  0.000 / 0.000         2.708 / 10.813        2.708 / 10.813        2.708 / 10.813      ms
[2025-05-18T21:03:34.123+0300][8224][1648 ][info][gc,stats    ]    Subphase: Concurrent Roots OopStorageSet                0.000 / 0.000         0.102 / 0.211         0.102 / 0.211         0.102 / 0.211       ms
[2025-05-18T21:03:34.123+0300][8224][1648 ][info][gc,stats    ]    Subphase: Concurrent Weak Roots OopStorageSet           0.000 / 0.000         0.741 / 1.209         0.741 / 1.209         0.741 / 1.209       ms
[2025-05-18T21:03:34.123+0300][8224][1648 ][info][gc,stats    ]    Subphase: Pause Mark Try Complete                       0.000 / 0.000         0.000 / 0.000         0.000 / 0.000         0.000 / 0.000       ms
[2025-05-18T21:03:34.123+0300][8224][1648 ][info][gc,stats    ]      System: Java Threads                                      0 / 0                30 / 34               30 / 34               30 / 34          threads
[2025-05-18T21:03:34.123+0300][8224][1648 ][info][gc,stats    ] =========================================================================================================================================================
[2025-05-18T21:03:44.110+0300][8224][1648 ][info][gc,stats    ] === Garbage Collection Statistics =======================================================================================================================
[2025-05-18T21:03:44.110+0300][8224][1648 ][info][gc,stats    ]                                                              Last 10s              Last 10m              Last 10h                Total
[2025-05-18T21:03:44.110+0300][8224][1648 ][info][gc,stats    ]                                                              Avg / Max             Avg / Max             Avg / Max             Avg / Max
[2025-05-18T21:03:44.110+0300][8224][1648 ][info][gc,stats    ]   Collector: Garbage Collection Cycle                      0.000 / 0.000        45.953 / 60.626       45.953 / 60.626       45.953 / 60.626      ms
[2025-05-18T21:03:44.110+0300][8224][1648 ][info][gc,stats    ]  Contention: Mark Segment Reset Contention                     0 / 0                 0 / 9                 0 / 9                 0 / 9           ops/s
[2025-05-18T21:03:44.110+0300][8224][1648 ][info][gc,stats    ]  Contention: Mark SeqNum Reset Contention                      0 / 0                 0 / 1                 0 / 1                 0 / 1           ops/s
[2025-05-18T21:03:44.110+0300][8224][1648 ][info][gc,stats    ]    Critical: Allocation Stall                                  0 / 0                 0 / 0                 0 / 0                 0 / 0           ops/s
[2025-05-18T21:03:44.110+0300][8224][1648 ][info][gc,stats    ]    Critical: Allocation Stall                              0.000 / 0.000         0.000 / 0.000         0.000 / 0.000         0.000 / 0.000       ms
[2025-05-18T21:03:44.110+0300][8224][1648 ][info][gc,stats    ]    Critical: GC Locker Stall                                   0 / 0                 0 / 0                 0 / 0                 0 / 0           ops/s
[2025-05-18T21:03:44.110+0300][8224][1648 ][info][gc,stats    ]    Critical: GC Locker Stall                               0.000 / 0.000         0.000 / 0.000         0.000 / 0.000         0.000 / 0.000       ms
[2025-05-18T21:03:44.110+0300][8224][1648 ][info][gc,stats    ]    Critical: Relocation Stall                                  0 / 0                 0 / 0                 0 / 0                 0 / 0           ops/s
[2025-05-18T21:03:44.110+0300][8224][1648 ][info][gc,stats    ]    Critical: Relocation Stall                              0.000 / 0.000         0.000 / 0.000         0.000 / 0.000         0.000 / 0.000       ms
[2025-05-18T21:03:44.110+0300][8224][1648 ][info][gc,stats    ]      Memory: Allocation Rate                                  35 / 40               35 / 192              35 / 192              35 / 192         MB/s
[2025-05-18T21:03:44.110+0300][8224][1648 ][info][gc,stats    ]      Memory: Defragment                                        0 / 0                 0 / 0                 0 / 0                 0 / 0           ops/s
[2025-05-18T21:03:44.110+0300][8224][1648 ][info][gc,stats    ]      Memory: Out Of Memory                                     0 / 0                 0 / 0                 0 / 0                 0 / 0           ops/s
[2025-05-18T21:03:44.110+0300][8224][1648 ][info][gc,stats    ]      Memory: Page Cache Flush                                  0 / 0                 0 / 0                 0 / 0                 0 / 0           MB/s
[2025-05-18T21:03:44.110+0300][8224][1648 ][info][gc,stats    ]      Memory: Page Cache Hit L1                                17 / 20               12 / 60               12 / 60               12 / 60          ops/s
[2025-05-18T21:03:44.110+0300][8224][1648 ][info][gc,stats    ]      Memory: Page Cache Hit L2                                 0 / 0                 0 / 0                 0 / 0                 0 / 0           ops/s
[2025-05-18T21:03:44.110+0300][8224][1648 ][info][gc,stats    ]      Memory: Page Cache Hit L3                                 0 / 0                 5 / 33                5 / 33                5 / 33          ops/s
[2025-05-18T21:03:44.110+0300][8224][1648 ][info][gc,stats    ]      Memory: Page Cache Miss                                   0 / 0                 0 / 1                 0 / 1                 0 / 1           ops/s
[2025-05-18T21:03:44.110+0300][8224][1648 ][info][gc,stats    ]      Memory: Uncommit                                          0 / 0                 0 / 0                 0 / 0                 0 / 0           MB/s
[2025-05-18T21:03:44.110+0300][8224][1648 ][info][gc,stats    ]      Memory: Undo Object Allocation Failed                     0 / 0                 0 / 0                 0 / 0                 0 / 0           ops/s
[2025-05-18T21:03:44.110+0300][8224][1648 ][info][gc,stats    ]      Memory: Undo Object Allocation Succeeded                  0 / 0                 0 / 68                0 / 68                0 / 68          ops/s
[2025-05-18T21:03:44.110+0300][8224][1648 ][info][gc,stats    ]      Memory: Undo Page Allocation                              0 / 0                 0 / 3                 0 / 3                 0 / 3           ops/s
[2025-05-18T21:03:44.110+0300][8224][1648 ][info][gc,stats    ]       Phase: Concurrent Mark                               0.000 / 0.000        29.776 / 50.687       29.776 / 50.687       29.776 / 50.687      ms
[2025-05-18T21:03:44.110+0300][8224][1648 ][info][gc,stats    ]       Phase: Concurrent Mark Continue                      0.000 / 0.000         0.000 / 0.000         0.000 / 0.000         0.000 / 0.000       ms
[2025-05-18T21:03:44.110+0300][8224][1648 ][info][gc,stats    ]       Phase: Concurrent Mark Free                          0.000 / 0.000         0.001 / 0.001         0.001 / 0.001         0.001 / 0.001       ms
[2025-05-18T21:03:44.110+0300][8224][1648 ][info][gc,stats    ]       Phase: Concurrent Process Non-Strong References      0.000 / 0.000         9.772 / 19.782        9.772 / 19.782        9.772 / 19.782      ms
[2025-05-18T21:03:44.110+0300][8224][1648 ][info][gc,stats    ]       Phase: Concurrent Relocate                           0.000 / 0.000         2.289 / 5.216         2.289 / 5.216         2.289 / 5.216       ms
[2025-05-18T21:03:44.110+0300][8224][1648 ][info][gc,stats    ]       Phase: Concurrent Reset Relocation Set               0.000 / 0.000         0.004 / 0.006         0.004 / 0.006         0.004 / 0.006       ms
[2025-05-18T21:03:44.110+0300][8224][1648 ][info][gc,stats    ]       Phase: Concurrent Select Relocation Set              0.000 / 0.000         2.784 / 5.181         2.784 / 5.181         2.784 / 5.181       ms
[2025-05-18T21:03:44.110+0300][8224][1648 ][info][gc,stats    ]       Phase: Pause Mark End                                0.000 / 0.000         0.020 / 0.030         0.020 / 0.030         0.020 / 0.030       ms
[2025-05-18T21:03:44.110+0300][8224][1648 ][info][gc,stats    ]       Phase: Pause Mark Start                              0.000 / 0.000         0.013 / 0.025         0.013 / 0.025         0.013 / 0.025       ms
[2025-05-18T21:03:44.110+0300][8224][1648 ][info][gc,stats    ]       Phase: Pause Relocate Start                          0.000 / 0.000         0.054 / 0.339         0.054 / 0.339         0.054 / 0.339       ms
[2025-05-18T21:03:44.110+0300][8224][1648 ][info][gc,stats    ]    Subphase: Concurrent Classes Purge                      0.000 / 0.000         1.024 / 3.506         1.024 / 3.506         1.024 / 3.506       ms
[2025-05-18T21:03:44.110+0300][8224][1648 ][info][gc,stats    ]    Subphase: Concurrent Classes Unlink                     0.000 / 0.000         7.547 / 17.195        7.547 / 17.195        7.547 / 17.195      ms
[2025-05-18T21:03:44.110+0300][8224][1648 ][info][gc,stats    ]    Subphase: Concurrent Mark                               0.000 / 0.000        22.592 / 39.705       22.592 / 39.705       22.592 / 39.705      ms
[2025-05-18T21:03:44.110+0300][8224][1648 ][info][gc,stats    ]    Subphase: Concurrent Mark Try Flush                     0.000 / 0.000         0.152 / 0.534         0.152 / 0.534         0.152 / 0.534       ms
[2025-05-18T21:03:44.110+0300][8224][1648 ][info][gc,stats    ]    Subphase: Concurrent Mark Try Terminate                 0.000 / 0.000         2.899 / 14.435        2.899 / 14.435        2.899 / 14.435      ms
[2025-05-18T21:03:44.110+0300][8224][1648 ][info][gc,stats    ]    Subphase: Concurrent References Enqueue                 0.000 / 0.000         0.003 / 0.004         0.003 / 0.004         0.003 / 0.004       ms
[2025-05-18T21:03:44.110+0300][8224][1648 ][info][gc,stats    ]    Subphase: Concurrent References Process                 0.000 / 0.000         0.179 / 0.336         0.179 / 0.336         0.179 / 0.336       ms
[2025-05-18T21:03:44.110+0300][8224][1648 ][info][gc,stats    ]    Subphase: Concurrent Roots ClassLoaderDataGraph         0.000 / 0.000         0.305 / 1.010         0.305 / 1.010         0.305 / 1.010       ms
[2025-05-18T21:03:44.110+0300][8224][1648 ][info][gc,stats    ]    Subphase: Concurrent Roots CodeCache                    0.000 / 0.000         0.000 / 0.000         0.000 / 0.000         0.000 / 0.000       ms
[2025-05-18T21:03:44.110+0300][8224][1648 ][info][gc,stats    ]    Subphase: Concurrent Roots JavaThreads                  0.000 / 0.000         2.708 / 10.813        2.708 / 10.813        2.708 / 10.813      ms
[2025-05-18T21:03:44.110+0300][8224][1648 ][info][gc,stats    ]    Subphase: Concurrent Roots OopStorageSet                0.000 / 0.000         0.102 / 0.211         0.102 / 0.211         0.102 / 0.211       ms
[2025-05-18T21:03:44.110+0300][8224][1648 ][info][gc,stats    ]    Subphase: Concurrent Weak Roots OopStorageSet           0.000 / 0.000         0.741 / 1.209         0.741 / 1.209         0.741 / 1.209       ms
[2025-05-18T21:03:44.110+0300][8224][1648 ][info][gc,stats    ]    Subphase: Pause Mark Try Complete                       0.000 / 0.000         0.000 / 0.000         0.000 / 0.000         0.000 / 0.000       ms
[2025-05-18T21:03:44.110+0300][8224][1648 ][info][gc,stats    ]      System: Java Threads                                      0 / 0                30 / 34               30 / 34               30 / 34          threads
[2025-05-18T21:03:44.110+0300][8224][1648 ][info][gc,stats    ] =========================================================================================================================================================
[2025-05-18T21:03:49.908+0300][8224][10156][info][gc,start    ] GC(7) Garbage Collection (System.gc())
[2025-05-18T21:03:49.908+0300][8224][10156][info][gc,task     ] GC(7) Using 2 workers
[2025-05-18T21:03:49.908+0300][8224][23060][info][gc,phases   ] GC(7) Pause Mark Start 0.007ms
[2025-05-18T21:03:49.925+0300][8224][10156][info][gc,phases   ] GC(7) Concurrent Mark 15.632ms
[2025-05-18T21:03:49.925+0300][8224][23060][info][gc,phases   ] GC(7) Pause Mark End 0.014ms
[2025-05-18T21:03:49.925+0300][8224][10156][info][gc,phases   ] GC(7) Concurrent Mark Free 0.001ms
[2025-05-18T21:03:49.937+0300][8224][10156][info][gc,phases   ] GC(7) Concurrent Process Non-Strong References 12.527ms
[2025-05-18T21:03:49.938+0300][8224][10156][info][gc,phases   ] GC(7) Concurrent Reset Relocation Set 0.003ms
[2025-05-18T21:03:49.939+0300][8224][10156][info][gc,phases   ] GC(7) Concurrent Select Relocation Set 1.497ms
[2025-05-18T21:03:49.939+0300][8224][23060][info][gc,phases   ] GC(7) Pause Relocate Start 0.006ms
[2025-05-18T21:03:49.940+0300][8224][10156][info][gc,phases   ] GC(7) Concurrent Relocate 0.647ms
[2025-05-18T21:03:49.940+0300][8224][10156][info][gc,load     ] GC(7) Load: 0.00/0.00/0.00
[2025-05-18T21:03:49.940+0300][8224][10156][info][gc,mmu      ] GC(7) MMU: 2ms/83.1%, 5ms/93.2%, 10ms/96.3%, 20ms/98.2%, 50ms/99.3%, 100ms/99.6%
[2025-05-18T21:03:49.940+0300][8224][10156][info][gc,marking  ] GC(7) Mark: 2 stripe(s), 2 proactive flush(es), 1 terminate flush(es), 0 completion(s), 0 continuation(s) 
[2025-05-18T21:03:49.940+0300][8224][10156][info][gc,marking  ] GC(7) Mark Stack Usage: 32M
[2025-05-18T21:03:49.940+0300][8224][10156][info][gc,nmethod  ] GC(7) NMethods: 3984 registered, 547 unregistered
[2025-05-18T21:03:49.940+0300][8224][10156][info][gc,metaspace] GC(7) Metaspace: 32M used, 34M committed, 1088M reserved
[2025-05-18T21:03:49.940+0300][8224][10156][info][gc,ref      ] GC(7) Soft: 4155 encountered, 0 discovered, 0 enqueued
[2025-05-18T21:03:49.940+0300][8224][10156][info][gc,ref      ] GC(7) Weak: 2251 encountered, 534 discovered, 87 enqueued
[2025-05-18T21:03:49.940+0300][8224][10156][info][gc,ref      ] GC(7) Final: 3 encountered, 3 discovered, 0 enqueued
[2025-05-18T21:03:49.940+0300][8224][10156][info][gc,ref      ] GC(7) Phantom: 259 encountered, 230 discovered, 3 enqueued
[2025-05-18T21:03:49.940+0300][8224][10156][info][gc,reloc    ] GC(7) Small Pages: 511 / 1022M, Empty: 882M, Relocated: 1M, In-Place: 0
[2025-05-18T21:03:49.940+0300][8224][10156][info][gc,reloc    ] GC(7) Medium Pages: 2 / 64M, Empty: 32M, Relocated: 0M, In-Place: 0
[2025-05-18T21:03:49.940+0300][8224][10156][info][gc,reloc    ] GC(7) Large Pages: 0 / 0M, Empty: 0M, Relocated: 0M, In-Place: 0
[2025-05-18T21:03:49.940+0300][8224][10156][info][gc,reloc    ] GC(7) Forwarding Usage: 0M
[2025-05-18T21:03:49.940+0300][8224][10156][info][gc,heap     ] GC(7) Min Capacity: 12288M(100%)
[2025-05-18T21:03:49.940+0300][8224][10156][info][gc,heap     ] GC(7) Max Capacity: 12288M(100%)
[2025-05-18T21:03:49.940+0300][8224][10156][info][gc,heap     ] GC(7) Soft Max Capacity: 12288M(100%)
[2025-05-18T21:03:49.940+0300][8224][10156][info][gc,heap     ] GC(7)                Mark Start          Mark End        Relocate Start      Relocate End           High               Low         
[2025-05-18T21:03:49.940+0300][8224][10156][info][gc,heap     ] GC(7)  Capacity:    12288M (100%)      12288M (100%)      12288M (100%)      12288M (100%)      12288M (100%)      12288M (100%)   
[2025-05-18T21:03:49.940+0300][8224][10156][info][gc,heap     ] GC(7)      Free:    11202M (91%)       11202M (91%)       12110M (99%)       12228M (100%)      12228M (100%)      11202M (91%)    
[2025-05-18T21:03:49.940+0300][8224][10156][info][gc,heap     ] GC(7)      Used:     1086M (9%)         1086M (9%)          178M (1%)           60M (0%)         1086M (9%)           60M (0%)     
[2025-05-18T21:03:49.940+0300][8224][10156][info][gc,heap     ] GC(7)      Live:         -                16M (0%)           16M (0%)           16M (0%)             -                  -          
[2025-05-18T21:03:49.940+0300][8224][10156][info][gc,heap     ] GC(7) Allocated:         -                 0M (0%)            6M (0%)            6M (0%)             -                  -          
[2025-05-18T21:03:49.940+0300][8224][10156][info][gc,heap     ] GC(7)   Garbage:         -              1069M (9%)          155M (1%)           37M (0%)             -                  -          
[2025-05-18T21:03:49.940+0300][8224][10156][info][gc,heap     ] GC(7) Reclaimed:         -                  -               914M (7%)         1032M (8%)             -                  -          
[2025-05-18T21:03:49.940+0300][8224][10156][info][gc          ] GC(7) Garbage Collection (System.gc()) 1086M(9%)->60M(0%)
[2025-05-18T21:03:54.115+0300][8224][1648 ][info][gc,stats    ] === Garbage Collection Statistics =======================================================================================================================
[2025-05-18T21:03:54.115+0300][8224][1648 ][info][gc,stats    ]                                                              Last 10s              Last 10m              Last 10h                Total
[2025-05-18T21:03:54.116+0300][8224][1648 ][info][gc,stats    ]                                                              Avg / Max             Avg / Max             Avg / Max             Avg / Max
[2025-05-18T21:03:54.116+0300][8224][1648 ][info][gc,stats    ]   Collector: Garbage Collection Cycle                     31.309 / 31.309       44.123 / 60.626       44.123 / 60.626       44.123 / 60.626      ms
[2025-05-18T21:03:54.116+0300][8224][1648 ][info][gc,stats    ]  Contention: Mark Segment Reset Contention                     0 / 0                 0 / 9                 0 / 9                 0 / 9           ops/s
[2025-05-18T21:03:54.116+0300][8224][1648 ][info][gc,stats    ]  Contention: Mark SeqNum Reset Contention                      0 / 1                 0 / 1                 0 / 1                 0 / 1           ops/s
[2025-05-18T21:03:54.116+0300][8224][1648 ][info][gc,stats    ]    Critical: Allocation Stall                                  0 / 0                 0 / 0                 0 / 0                 0 / 0           ops/s
[2025-05-18T21:03:54.116+0300][8224][1648 ][info][gc,stats    ]    Critical: Allocation Stall                              0.000 / 0.000         0.000 / 0.000         0.000 / 0.000         0.000 / 0.000       ms
[2025-05-18T21:03:54.116+0300][8224][1648 ][info][gc,stats    ]    Critical: GC Locker Stall                                   0 / 0                 0 / 0                 0 / 0                 0 / 0           ops/s
[2025-05-18T21:03:54.116+0300][8224][1648 ][info][gc,stats    ]    Critical: GC Locker Stall                               0.000 / 0.000         0.000 / 0.000         0.000 / 0.000         0.000 / 0.000       ms
[2025-05-18T21:03:54.116+0300][8224][1648 ][info][gc,stats    ]    Critical: Relocation Stall                                  0 / 0                 0 / 0                 0 / 0                 0 / 0           ops/s
[2025-05-18T21:03:54.116+0300][8224][1648 ][info][gc,stats    ]    Critical: Relocation Stall                              0.000 / 0.000         0.000 / 0.000         0.000 / 0.000         0.000 / 0.000       ms
[2025-05-18T21:03:54.116+0300][8224][1648 ][info][gc,stats    ]      Memory: Allocation Rate                                  45 / 96               36 / 192              36 / 192              36 / 192         MB/s
[2025-05-18T21:03:54.116+0300][8224][1648 ][info][gc,stats    ]      Memory: Defragment                                        0 / 0                 0 / 0                 0 / 0                 0 / 0           ops/s
[2025-05-18T21:03:54.116+0300][8224][1648 ][info][gc,stats    ]      Memory: Out Of Memory                                     0 / 0                 0 / 0                 0 / 0                 0 / 0           ops/s
[2025-05-18T21:03:54.116+0300][8224][1648 ][info][gc,stats    ]      Memory: Page Cache Flush                                  0 / 0                 0 / 0                 0 / 0                 0 / 0           MB/s
[2025-05-18T21:03:54.116+0300][8224][1648 ][info][gc,stats    ]      Memory: Page Cache Hit L1                                19 / 33               12 / 60               12 / 60               12 / 60          ops/s
[2025-05-18T21:03:54.116+0300][8224][1648 ][info][gc,stats    ]      Memory: Page Cache Hit L2                                 0 / 0                 0 / 0                 0 / 0                 0 / 0           ops/s
[2025-05-18T21:03:54.116+0300][8224][1648 ][info][gc,stats    ]      Memory: Page Cache Hit L3                                 0 / 0                 5 / 33                5 / 33                5 / 33          ops/s
[2025-05-18T21:03:54.116+0300][8224][1648 ][info][gc,stats    ]      Memory: Page Cache Miss                                   0 / 0                 0 / 1                 0 / 1                 0 / 1           ops/s
[2025-05-18T21:03:54.116+0300][8224][1648 ][info][gc,stats    ]      Memory: Uncommit                                          0 / 0                 0 / 0                 0 / 0                 0 / 0           MB/s
[2025-05-18T21:03:54.116+0300][8224][1648 ][info][gc,stats    ]      Memory: Undo Object Allocation Failed                     0 / 0                 0 / 0                 0 / 0                 0 / 0           ops/s
[2025-05-18T21:03:54.116+0300][8224][1648 ][info][gc,stats    ]      Memory: Undo Object Allocation Succeeded                  0 / 0                 0 / 68                0 / 68                0 / 68          ops/s
[2025-05-18T21:03:54.116+0300][8224][1648 ][info][gc,stats    ]      Memory: Undo Page Allocation                              0 / 1                 0 / 3                 0 / 3                 0 / 3           ops/s
[2025-05-18T21:03:54.116+0300][8224][1648 ][info][gc,stats    ]       Phase: Concurrent Mark                              15.632 / 15.632       28.008 / 50.687       28.008 / 50.687       28.008 / 50.687      ms
[2025-05-18T21:03:54.116+0300][8224][1648 ][info][gc,stats    ]       Phase: Concurrent Mark Continue                      0.000 / 0.000         0.000 / 0.000         0.000 / 0.000         0.000 / 0.000       ms
[2025-05-18T21:03:54.116+0300][8224][1648 ][info][gc,stats    ]       Phase: Concurrent Mark Free                          0.001 / 0.001         0.001 / 0.001         0.001 / 0.001         0.001 / 0.001       ms
[2025-05-18T21:03:54.116+0300][8224][1648 ][info][gc,stats    ]       Phase: Concurrent Process Non-Strong References     12.527 / 12.527       10.117 / 19.782       10.117 / 19.782       10.117 / 19.782      ms
[2025-05-18T21:03:54.116+0300][8224][1648 ][info][gc,stats    ]       Phase: Concurrent Relocate                           0.647 / 0.647         2.084 / 5.216         2.084 / 5.216         2.084 / 5.216       ms
[2025-05-18T21:03:54.116+0300][8224][1648 ][info][gc,stats    ]       Phase: Concurrent Reset Relocation Set               0.003 / 0.003         0.004 / 0.006         0.004 / 0.006         0.004 / 0.006       ms
[2025-05-18T21:03:54.116+0300][8224][1648 ][info][gc,stats    ]       Phase: Concurrent Select Relocation Set              1.497 / 1.497         2.623 / 5.181         2.623 / 5.181         2.623 / 5.181       ms
[2025-05-18T21:03:54.117+0300][8224][1648 ][info][gc,stats    ]       Phase: Pause Mark End                                0.014 / 0.014         0.019 / 0.030         0.019 / 0.030         0.019 / 0.030       ms
[2025-05-18T21:03:54.117+0300][8224][1648 ][info][gc,stats    ]       Phase: Pause Mark Start                              0.007 / 0.007         0.012 / 0.025         0.012 / 0.025         0.012 / 0.025       ms
[2025-05-18T21:03:54.117+0300][8224][1648 ][info][gc,stats    ]       Phase: Pause Relocate Start                          0.006 / 0.006         0.048 / 0.339         0.048 / 0.339         0.048 / 0.339       ms
[2025-05-18T21:03:54.117+0300][8224][1648 ][info][gc,stats    ]    Subphase: Concurrent Classes Purge                      0.956 / 0.956         1.016 / 3.506         1.016 / 3.506         1.016 / 3.506       ms
[2025-05-18T21:03:54.117+0300][8224][1648 ][info][gc,stats    ]    Subphase: Concurrent Classes Unlink                    10.534 / 10.534        7.920 / 17.195        7.920 / 17.195        7.920 / 17.195      ms
[2025-05-18T21:03:54.117+0300][8224][1648 ][info][gc,stats    ]    Subphase: Concurrent Mark                              12.325 / 14.269       21.309 / 39.705       21.309 / 39.705       21.309 / 39.705      ms
[2025-05-18T21:03:54.117+0300][8224][1648 ][info][gc,stats    ]    Subphase: Concurrent Mark Try Flush                     0.122 / 0.148         0.148 / 0.534         0.148 / 0.534         0.148 / 0.534       ms
[2025-05-18T21:03:54.117+0300][8224][1648 ][info][gc,stats    ]    Subphase: Concurrent Mark Try Terminate                 1.499 / 4.390         2.724 / 14.435        2.724 / 14.435        2.724 / 14.435      ms
[2025-05-18T21:03:54.117+0300][8224][1648 ][info][gc,stats    ]    Subphase: Concurrent References Enqueue                 0.003 / 0.003         0.003 / 0.004         0.003 / 0.004         0.003 / 0.004       ms
[2025-05-18T21:03:54.117+0300][8224][1648 ][info][gc,stats    ]    Subphase: Concurrent References Process                 0.168 / 0.168         0.178 / 0.336         0.178 / 0.336         0.178 / 0.336       ms
[2025-05-18T21:03:54.117+0300][8224][1648 ][info][gc,stats    ]    Subphase: Concurrent Roots ClassLoaderDataGraph         0.132 / 0.239         0.283 / 1.010         0.283 / 1.010         0.283 / 1.010       ms
[2025-05-18T21:03:54.117+0300][8224][1648 ][info][gc,stats    ]    Subphase: Concurrent Roots CodeCache                    0.000 / 0.000         0.000 / 0.000         0.000 / 0.000         0.000 / 0.000       ms
[2025-05-18T21:03:54.117+0300][8224][1648 ][info][gc,stats    ]    Subphase: Concurrent Roots JavaThreads                  0.819 / 0.828         2.472 / 10.813        2.472 / 10.813        2.472 / 10.813      ms
[2025-05-18T21:03:54.117+0300][8224][1648 ][info][gc,stats    ]    Subphase: Concurrent Roots OopStorageSet                0.021 / 0.030         0.090 / 0.211         0.090 / 0.211         0.090 / 0.211       ms
[2025-05-18T21:03:54.117+0300][8224][1648 ][info][gc,stats    ]    Subphase: Concurrent Weak Roots OopStorageSet           0.454 / 0.467         0.705 / 1.209         0.705 / 1.209         0.705 / 1.209       ms
[2025-05-18T21:03:54.117+0300][8224][1648 ][info][gc,stats    ]    Subphase: Pause Mark Try Complete                       0.000 / 0.000         0.000 / 0.000         0.000 / 0.000         0.000 / 0.000       ms
[2025-05-18T21:03:54.117+0300][8224][1648 ][info][gc,stats    ]      System: Java Threads                                     24 / 24               29 / 34               29 / 34               29 / 34          threads
[2025-05-18T21:03:54.117+0300][8224][1648 ][info][gc,stats    ] =========================================================================================================================================================
[2025-05-18T21:04:04.119+0300][8224][1648 ][info][gc,stats    ] === Garbage Collection Statistics =======================================================================================================================
[2025-05-18T21:04:04.119+0300][8224][1648 ][info][gc,stats    ]                                                              Last 10s              Last 10m              Last 10h                Total
[2025-05-18T21:04:04.119+0300][8224][1648 ][info][gc,stats    ]                                                              Avg / Max             Avg / Max             Avg / Max             Avg / Max
[2025-05-18T21:04:04.119+0300][8224][1648 ][info][gc,stats    ]   Collector: Garbage Collection Cycle                      0.000 / 0.000        44.123 / 60.626       44.123 / 60.626       44.123 / 60.626      ms
[2025-05-18T21:04:04.119+0300][8224][1648 ][info][gc,stats    ]  Contention: Mark Segment Reset Contention                     0 / 0                 0 / 9                 0 / 9                 0 / 9           ops/s
[2025-05-18T21:04:04.119+0300][8224][1648 ][info][gc,stats    ]  Contention: Mark SeqNum Reset Contention                      0 / 0                 0 / 1                 0 / 1                 0 / 1           ops/s
[2025-05-18T21:04:04.119+0300][8224][1648 ][info][gc,stats    ]    Critical: Allocation Stall                                  0 / 0                 0 / 0                 0 / 0                 0 / 0           ops/s
[2025-05-18T21:04:04.119+0300][8224][1648 ][info][gc,stats    ]    Critical: Allocation Stall                              0.000 / 0.000         0.000 / 0.000         0.000 / 0.000         0.000 / 0.000       ms
[2025-05-18T21:04:04.119+0300][8224][1648 ][info][gc,stats    ]    Critical: GC Locker Stall                                   0 / 0                 0 / 0                 0 / 0                 0 / 0           ops/s
[2025-05-18T21:04:04.119+0300][8224][1648 ][info][gc,stats    ]    Critical: GC Locker Stall                               0.000 / 0.000         0.000 / 0.000         0.000 / 0.000         0.000 / 0.000       ms
[2025-05-18T21:04:04.119+0300][8224][1648 ][info][gc,stats    ]    Critical: Relocation Stall                                  0 / 0                 0 / 0                 0 / 0                 0 / 0           ops/s
[2025-05-18T21:04:04.119+0300][8224][1648 ][info][gc,stats    ]    Critical: Relocation Stall                              0.000 / 0.000         0.000 / 0.000         0.000 / 0.000         0.000 / 0.000       ms
[2025-05-18T21:04:04.119+0300][8224][1648 ][info][gc,stats    ]      Memory: Allocation Rate                                  34 / 44               36 / 192              36 / 192              36 / 192         MB/s
[2025-05-18T21:04:04.119+0300][8224][1648 ][info][gc,stats    ]      Memory: Defragment                                        0 / 0                 0 / 0                 0 / 0                 0 / 0           ops/s
[2025-05-18T21:04:04.119+0300][8224][1648 ][info][gc,stats    ]      Memory: Out Of Memory                                     0 / 0                 0 / 0                 0 / 0                 0 / 0           ops/s
[2025-05-18T21:04:04.119+0300][8224][1648 ][info][gc,stats    ]      Memory: Page Cache Flush                                  0 / 0                 0 / 0                 0 / 0                 0 / 0           MB/s
[2025-05-18T21:04:04.119+0300][8224][1648 ][info][gc,stats    ]      Memory: Page Cache Hit L1                                17 / 22               12 / 60               12 / 60               12 / 60          ops/s
[2025-05-18T21:04:04.119+0300][8224][1648 ][info][gc,stats    ]      Memory: Page Cache Hit L2                                 0 / 0                 0 / 0                 0 / 0                 0 / 0           ops/s
[2025-05-18T21:04:04.119+0300][8224][1648 ][info][gc,stats    ]      Memory: Page Cache Hit L3                                 0 / 0                 5 / 33                5 / 33                5 / 33          ops/s
[2025-05-18T21:04:04.120+0300][8224][1648 ][info][gc,stats    ]      Memory: Page Cache Miss                                   0 / 0                 0 / 1                 0 / 1                 0 / 1           ops/s
[2025-05-18T21:04:04.120+0300][8224][1648 ][info][gc,stats    ]      Memory: Uncommit                                          0 / 0                 0 / 0                 0 / 0                 0 / 0           MB/s
[2025-05-18T21:04:04.120+0300][8224][1648 ][info][gc,stats    ]      Memory: Undo Object Allocation Failed                     0 / 0                 0 / 0                 0 / 0                 0 / 0           ops/s
[2025-05-18T21:04:04.120+0300][8224][1648 ][info][gc,stats    ]      Memory: Undo Object Allocation Succeeded                  0 / 0                 0 / 68                0 / 68                0 / 68          ops/s
[2025-05-18T21:04:04.120+0300][8224][1648 ][info][gc,stats    ]      Memory: Undo Page Allocation                              0 / 0                 0 / 3                 0 / 3                 0 / 3           ops/s
[2025-05-18T21:04:04.120+0300][8224][1648 ][info][gc,stats    ]       Phase: Concurrent Mark                               0.000 / 0.000        28.008 / 50.687       28.008 / 50.687       28.008 / 50.687      ms
[2025-05-18T21:04:04.120+0300][8224][1648 ][info][gc,stats    ]       Phase: Concurrent Mark Continue                      0.000 / 0.000         0.000 / 0.000         0.000 / 0.000         0.000 / 0.000       ms
[2025-05-18T21:04:04.120+0300][8224][1648 ][info][gc,stats    ]       Phase: Concurrent Mark Free                          0.000 / 0.000         0.001 / 0.001         0.001 / 0.001         0.001 / 0.001       ms
[2025-05-18T21:04:04.120+0300][8224][1648 ][info][gc,stats    ]       Phase: Concurrent Process Non-Strong References      0.000 / 0.000        10.117 / 19.782       10.117 / 19.782       10.117 / 19.782      ms
[2025-05-18T21:04:04.120+0300][8224][1648 ][info][gc,stats    ]       Phase: Concurrent Relocate                           0.000 / 0.000         2.084 / 5.216         2.084 / 5.216         2.084 / 5.216       ms
[2025-05-18T21:04:04.120+0300][8224][1648 ][info][gc,stats    ]       Phase: Concurrent Reset Relocation Set               0.000 / 0.000         0.004 / 0.006         0.004 / 0.006         0.004 / 0.006       ms
[2025-05-18T21:04:04.120+0300][8224][1648 ][info][gc,stats    ]       Phase: Concurrent Select Relocation Set              0.000 / 0.000         2.623 / 5.181         2.623 / 5.181         2.623 / 5.181       ms
[2025-05-18T21:04:04.120+0300][8224][1648 ][info][gc,stats    ]       Phase: Pause Mark End                                0.000 / 0.000         0.019 / 0.030         0.019 / 0.030         0.019 / 0.030       ms
[2025-05-18T21:04:04.120+0300][8224][1648 ][info][gc,stats    ]       Phase: Pause Mark Start                              0.000 / 0.000         0.012 / 0.025         0.012 / 0.025         0.012 / 0.025       ms
[2025-05-18T21:04:04.120+0300][8224][1648 ][info][gc,stats    ]       Phase: Pause Relocate Start                          0.000 / 0.000         0.048 / 0.339         0.048 / 0.339         0.048 / 0.339       ms
[2025-05-18T21:04:04.120+0300][8224][1648 ][info][gc,stats    ]    Subphase: Concurrent Classes Purge                      0.000 / 0.000         1.016 / 3.506         1.016 / 3.506         1.016 / 3.506       ms
[2025-05-18T21:04:04.120+0300][8224][1648 ][info][gc,stats    ]    Subphase: Concurrent Classes Unlink                     0.000 / 0.000         7.920 / 17.195        7.920 / 17.195        7.920 / 17.195      ms
[2025-05-18T21:04:04.120+0300][8224][1648 ][info][gc,stats    ]    Subphase: Concurrent Mark                               0.000 / 0.000        21.309 / 39.705       21.309 / 39.705       21.309 / 39.705      ms
[2025-05-18T21:04:04.120+0300][8224][1648 ][info][gc,stats    ]    Subphase: Concurrent Mark Try Flush                     0.000 / 0.000         0.148 / 0.534         0.148 / 0.534         0.148 / 0.534       ms
[2025-05-18T21:04:04.120+0300][8224][1648 ][info][gc,stats    ]    Subphase: Concurrent Mark Try Terminate                 0.000 / 0.000         2.724 / 14.435        2.724 / 14.435        2.724 / 14.435      ms
[2025-05-18T21:04:04.120+0300][8224][1648 ][info][gc,stats    ]    Subphase: Concurrent References Enqueue                 0.000 / 0.000         0.003 / 0.004         0.003 / 0.004         0.003 / 0.004       ms
[2025-05-18T21:04:04.120+0300][8224][1648 ][info][gc,stats    ]    Subphase: Concurrent References Process                 0.000 / 0.000         0.178 / 0.336         0.178 / 0.336         0.178 / 0.336       ms
[2025-05-18T21:04:04.120+0300][8224][1648 ][info][gc,stats    ]    Subphase: Concurrent Roots ClassLoaderDataGraph         0.000 / 0.000         0.283 / 1.010         0.283 / 1.010         0.283 / 1.010       ms
[2025-05-18T21:04:04.120+0300][8224][1648 ][info][gc,stats    ]    Subphase: Concurrent Roots CodeCache                    0.000 / 0.000         0.000 / 0.000         0.000 / 0.000         0.000 / 0.000       ms
[2025-05-18T21:04:04.120+0300][8224][1648 ][info][gc,stats    ]    Subphase: Concurrent Roots JavaThreads                  0.000 / 0.000         2.472 / 10.813        2.472 / 10.813        2.472 / 10.813      ms
[2025-05-18T21:04:04.120+0300][8224][1648 ][info][gc,stats    ]    Subphase: Concurrent Roots OopStorageSet                0.000 / 0.000         0.090 / 0.211         0.090 / 0.211         0.090 / 0.211       ms
[2025-05-18T21:04:04.120+0300][8224][1648 ][info][gc,stats    ]    Subphase: Concurrent Weak Roots OopStorageSet           0.000 / 0.000         0.705 / 1.209         0.705 / 1.209         0.705 / 1.209       ms
[2025-05-18T21:04:04.121+0300][8224][1648 ][info][gc,stats    ]    Subphase: Pause Mark Try Complete                       0.000 / 0.000         0.000 / 0.000         0.000 / 0.000         0.000 / 0.000       ms
[2025-05-18T21:04:04.121+0300][8224][1648 ][info][gc,stats    ]      System: Java Threads                                      0 / 0                29 / 34               29 / 34               29 / 34          threads
[2025-05-18T21:04:04.121+0300][8224][1648 ][info][gc,stats    ] =========================================================================================================================================================
[2025-05-18T21:04:14.113+0300][8224][1648 ][info][gc,stats    ] === Garbage Collection Statistics =======================================================================================================================
[2025-05-18T21:04:14.113+0300][8224][1648 ][info][gc,stats    ]                                                              Last 10s              Last 10m              Last 10h                Total
[2025-05-18T21:04:14.113+0300][8224][1648 ][info][gc,stats    ]                                                              Avg / Max             Avg / Max             Avg / Max             Avg / Max
[2025-05-18T21:04:14.113+0300][8224][1648 ][info][gc,stats    ]   Collector: Garbage Collection Cycle                      0.000 / 0.000        44.123 / 60.626       44.123 / 60.626       44.123 / 60.626      ms
[2025-05-18T21:04:14.113+0300][8224][1648 ][info][gc,stats    ]  Contention: Mark Segment Reset Contention                     0 / 0                 0 / 9                 0 / 9                 0 / 9           ops/s
[2025-05-18T21:04:14.113+0300][8224][1648 ][info][gc,stats    ]  Contention: Mark SeqNum Reset Contention                      0 / 0                 0 / 1                 0 / 1                 0 / 1           ops/s
[2025-05-18T21:04:14.113+0300][8224][1648 ][info][gc,stats    ]    Critical: Allocation Stall                                  0 / 0                 0 / 0                 0 / 0                 0 / 0           ops/s
[2025-05-18T21:04:14.113+0300][8224][1648 ][info][gc,stats    ]    Critical: Allocation Stall                              0.000 / 0.000         0.000 / 0.000         0.000 / 0.000         0.000 / 0.000       ms
[2025-05-18T21:04:14.114+0300][8224][1648 ][info][gc,stats    ]    Critical: GC Locker Stall                                   0 / 0                 0 / 0                 0 / 0                 0 / 0           ops/s
[2025-05-18T21:04:14.114+0300][8224][1648 ][info][gc,stats    ]    Critical: GC Locker Stall                               0.000 / 0.000         0.000 / 0.000         0.000 / 0.000         0.000 / 0.000       ms
[2025-05-18T21:04:14.114+0300][8224][1648 ][info][gc,stats    ]    Critical: Relocation Stall                                  0 / 0                 0 / 0                 0 / 0                 0 / 0           ops/s
[2025-05-18T21:04:14.114+0300][8224][1648 ][info][gc,stats    ]    Critical: Relocation Stall                              0.000 / 0.000         0.000 / 0.000         0.000 / 0.000         0.000 / 0.000       ms
[2025-05-18T21:04:14.114+0300][8224][1648 ][info][gc,stats    ]      Memory: Allocation Rate                                  34 / 42               36 / 192              36 / 192              36 / 192         MB/s
[2025-05-18T21:04:14.114+0300][8224][1648 ][info][gc,stats    ]      Memory: Defragment                                        0 / 0                 0 / 0                 0 / 0                 0 / 0           ops/s
[2025-05-18T21:04:14.114+0300][8224][1648 ][info][gc,stats    ]      Memory: Out Of Memory                                     0 / 0                 0 / 0                 0 / 0                 0 / 0           ops/s
[2025-05-18T21:04:14.114+0300][8224][1648 ][info][gc,stats    ]      Memory: Page Cache Flush                                  0 / 0                 0 / 0                 0 / 0                 0 / 0           MB/s
[2025-05-18T21:04:14.114+0300][8224][1648 ][info][gc,stats    ]      Memory: Page Cache Hit L1                                17 / 21               12 / 60               12 / 60               12 / 60          ops/s
[2025-05-18T21:04:14.114+0300][8224][1648 ][info][gc,stats    ]      Memory: Page Cache Hit L2                                 0 / 0                 0 / 0                 0 / 0                 0 / 0           ops/s
[2025-05-18T21:04:14.114+0300][8224][1648 ][info][gc,stats    ]      Memory: Page Cache Hit L3                                 0 / 0                 4 / 33                4 / 33                4 / 33          ops/s
[2025-05-18T21:04:14.114+0300][8224][1648 ][info][gc,stats    ]      Memory: Page Cache Miss                                   0 / 0                 0 / 1                 0 / 1                 0 / 1           ops/s
[2025-05-18T21:04:14.114+0300][8224][1648 ][info][gc,stats    ]      Memory: Uncommit                                          0 / 0                 0 / 0                 0 / 0                 0 / 0           MB/s
[2025-05-18T21:04:14.114+0300][8224][1648 ][info][gc,stats    ]      Memory: Undo Object Allocation Failed                     0 / 0                 0 / 0                 0 / 0                 0 / 0           ops/s
[2025-05-18T21:04:14.114+0300][8224][1648 ][info][gc,stats    ]      Memory: Undo Object Allocation Succeeded                  0 / 0                 0 / 68                0 / 68                0 / 68          ops/s
[2025-05-18T21:04:14.114+0300][8224][1648 ][info][gc,stats    ]      Memory: Undo Page Allocation                              0 / 0                 0 / 3                 0 / 3                 0 / 3           ops/s
[2025-05-18T21:04:14.114+0300][8224][1648 ][info][gc,stats    ]       Phase: Concurrent Mark                               0.000 / 0.000        28.008 / 50.687       28.008 / 50.687       28.008 / 50.687      ms
[2025-05-18T21:04:14.114+0300][8224][1648 ][info][gc,stats    ]       Phase: Concurrent Mark Continue                      0.000 / 0.000         0.000 / 0.000         0.000 / 0.000         0.000 / 0.000       ms
[2025-05-18T21:04:14.114+0300][8224][1648 ][info][gc,stats    ]       Phase: Concurrent Mark Free                          0.000 / 0.000         0.001 / 0.001         0.001 / 0.001         0.001 / 0.001       ms
[2025-05-18T21:04:14.114+0300][8224][1648 ][info][gc,stats    ]       Phase: Concurrent Process Non-Strong References      0.000 / 0.000        10.117 / 19.782       10.117 / 19.782       10.117 / 19.782      ms
[2025-05-18T21:04:14.114+0300][8224][1648 ][info][gc,stats    ]       Phase: Concurrent Relocate                           0.000 / 0.000         2.084 / 5.216         2.084 / 5.216         2.084 / 5.216       ms
[2025-05-18T21:04:14.114+0300][8224][1648 ][info][gc,stats    ]       Phase: Concurrent Reset Relocation Set               0.000 / 0.000         0.004 / 0.006         0.004 / 0.006         0.004 / 0.006       ms
[2025-05-18T21:04:14.114+0300][8224][1648 ][info][gc,stats    ]       Phase: Concurrent Select Relocation Set              0.000 / 0.000         2.623 / 5.181         2.623 / 5.181         2.623 / 5.181       ms
[2025-05-18T21:04:14.114+0300][8224][1648 ][info][gc,stats    ]       Phase: Pause Mark End                                0.000 / 0.000         0.019 / 0.030         0.019 / 0.030         0.019 / 0.030       ms
[2025-05-18T21:04:14.114+0300][8224][1648 ][info][gc,stats    ]       Phase: Pause Mark Start                              0.000 / 0.000         0.012 / 0.025         0.012 / 0.025         0.012 / 0.025       ms
[2025-05-18T21:04:14.114+0300][8224][1648 ][info][gc,stats    ]       Phase: Pause Relocate Start                          0.000 / 0.000         0.048 / 0.339         0.048 / 0.339         0.048 / 0.339       ms
[2025-05-18T21:04:14.114+0300][8224][1648 ][info][gc,stats    ]    Subphase: Concurrent Classes Purge                      0.000 / 0.000         1.016 / 3.506         1.016 / 3.506         1.016 / 3.506       ms
[2025-05-18T21:04:14.114+0300][8224][1648 ][info][gc,stats    ]    Subphase: Concurrent Classes Unlink                     0.000 / 0.000         7.920 / 17.195        7.920 / 17.195        7.920 / 17.195      ms
[2025-05-18T21:04:14.114+0300][8224][1648 ][info][gc,stats    ]    Subphase: Concurrent Mark                               0.000 / 0.000        21.309 / 39.705       21.309 / 39.705       21.309 / 39.705      ms
[2025-05-18T21:04:14.114+0300][8224][1648 ][info][gc,stats    ]    Subphase: Concurrent Mark Try Flush                     0.000 / 0.000         0.148 / 0.534         0.148 / 0.534         0.148 / 0.534       ms
[2025-05-18T21:04:14.114+0300][8224][1648 ][info][gc,stats    ]    Subphase: Concurrent Mark Try Terminate                 0.000 / 0.000         2.724 / 14.435        2.724 / 14.435        2.724 / 14.435      ms
[2025-05-18T21:04:14.114+0300][8224][1648 ][info][gc,stats    ]    Subphase: Concurrent References Enqueue                 0.000 / 0.000         0.003 / 0.004         0.003 / 0.004         0.003 / 0.004       ms
[2025-05-18T21:04:14.114+0300][8224][1648 ][info][gc,stats    ]    Subphase: Concurrent References Process                 0.000 / 0.000         0.178 / 0.336         0.178 / 0.336         0.178 / 0.336       ms
[2025-05-18T21:04:14.114+0300][8224][1648 ][info][gc,stats    ]    Subphase: Concurrent Roots ClassLoaderDataGraph         0.000 / 0.000         0.283 / 1.010         0.283 / 1.010         0.283 / 1.010       ms
[2025-05-18T21:04:14.114+0300][8224][1648 ][info][gc,stats    ]    Subphase: Concurrent Roots CodeCache                    0.000 / 0.000         0.000 / 0.000         0.000 / 0.000         0.000 / 0.000       ms
[2025-05-18T21:04:14.114+0300][8224][1648 ][info][gc,stats    ]    Subphase: Concurrent Roots JavaThreads                  0.000 / 0.000         2.472 / 10.813        2.472 / 10.813        2.472 / 10.813      ms
[2025-05-18T21:04:14.114+0300][8224][1648 ][info][gc,stats    ]    Subphase: Concurrent Roots OopStorageSet                0.000 / 0.000         0.090 / 0.211         0.090 / 0.211         0.090 / 0.211       ms
[2025-05-18T21:04:14.114+0300][8224][1648 ][info][gc,stats    ]    Subphase: Concurrent Weak Roots OopStorageSet           0.000 / 0.000         0.705 / 1.209         0.705 / 1.209         0.705 / 1.209       ms
[2025-05-18T21:04:14.114+0300][8224][1648 ][info][gc,stats    ]    Subphase: Pause Mark Try Complete                       0.000 / 0.000         0.000 / 0.000         0.000 / 0.000         0.000 / 0.000       ms
[2025-05-18T21:04:14.114+0300][8224][1648 ][info][gc,stats    ]      System: Java Threads                                      0 / 0                29 / 34               29 / 34               29 / 34          threads
[2025-05-18T21:04:14.114+0300][8224][1648 ][info][gc,stats    ] =========================================================================================================================================================
[2025-05-18T21:04:23.724+0300][8224][10156][info][gc,start    ] GC(8) Garbage Collection (Proactive)
[2025-05-18T21:04:23.724+0300][8224][10156][info][gc,task     ] GC(8) Using 2 workers
[2025-05-18T21:04:23.724+0300][8224][23060][info][gc,phases   ] GC(8) Pause Mark Start 0.009ms
[2025-05-18T21:04:23.740+0300][8224][10156][info][gc,phases   ] GC(8) Concurrent Mark 15.837ms
[2025-05-18T21:04:23.740+0300][8224][23060][info][gc,phases   ] GC(8) Pause Mark End 0.031ms
[2025-05-18T21:04:23.740+0300][8224][10156][info][gc,phases   ] GC(8) Concurrent Mark Free 0.001ms
[2025-05-18T21:04:23.746+0300][8224][10156][info][gc,phases   ] GC(8) Concurrent Process Non-Strong References 5.266ms
[2025-05-18T21:04:23.746+0300][8224][10156][info][gc,phases   ] GC(8) Concurrent Reset Relocation Set 0.002ms
[2025-05-18T21:04:23.747+0300][8224][10156][info][gc,phases   ] GC(8) Concurrent Select Relocation Set 1.639ms
[2025-05-18T21:04:23.748+0300][8224][23060][info][gc,phases   ] GC(8) Pause Relocate Start 0.005ms
[2025-05-18T21:04:23.750+0300][8224][10156][info][gc,phases   ] GC(8) Concurrent Relocate 1.924ms
[2025-05-18T21:04:23.750+0300][8224][10156][info][gc,load     ] GC(8) Load: 0.00/0.00/0.00
[2025-05-18T21:04:23.750+0300][8224][10156][info][gc,mmu      ] GC(8) MMU: 2ms/83.1%, 5ms/93.2%, 10ms/96.3%, 20ms/98.2%, 50ms/99.3%, 100ms/99.6%
[2025-05-18T21:04:23.750+0300][8224][10156][info][gc,marking  ] GC(8) Mark: 2 stripe(s), 2 proactive flush(es), 1 terminate flush(es), 0 completion(s), 0 continuation(s) 
[2025-05-18T21:04:23.750+0300][8224][10156][info][gc,marking  ] GC(8) Mark Stack Usage: 32M
[2025-05-18T21:04:23.750+0300][8224][10156][info][gc,nmethod  ] GC(8) NMethods: 4383 registered, 605 unregistered
[2025-05-18T21:04:23.750+0300][8224][10156][info][gc,metaspace] GC(8) Metaspace: 33M used, 34M committed, 1088M reserved
[2025-05-18T21:04:23.750+0300][8224][10156][info][gc,ref      ] GC(8) Soft: 4273 encountered, 0 discovered, 0 enqueued
[2025-05-18T21:04:23.750+0300][8224][10156][info][gc,ref      ] GC(8) Weak: 2754 encountered, 652 discovered, 262 enqueued
[2025-05-18T21:04:23.750+0300][8224][10156][info][gc,ref      ] GC(8) Final: 3 encountered, 1 discovered, 0 enqueued
[2025-05-18T21:04:23.750+0300][8224][10156][info][gc,ref      ] GC(8) Phantom: 296 encountered, 256 discovered, 19 enqueued
[2025-05-18T21:04:23.750+0300][8224][10156][info][gc,reloc    ] GC(8) Small Pages: 615 / 1230M, Empty: 930M, Relocated: 5M, In-Place: 0
[2025-05-18T21:04:23.750+0300][8224][10156][info][gc,reloc    ] GC(8) Medium Pages: 2 / 64M, Empty: 32M, Relocated: 0M, In-Place: 0
[2025-05-18T21:04:23.750+0300][8224][10156][info][gc,reloc    ] GC(8) Large Pages: 0 / 0M, Empty: 0M, Relocated: 0M, In-Place: 0
[2025-05-18T21:04:23.750+0300][8224][10156][info][gc,reloc    ] GC(8) Forwarding Usage: 1M
[2025-05-18T21:04:23.750+0300][8224][10156][info][gc,heap     ] GC(8) Min Capacity: 12288M(100%)
[2025-05-18T21:04:23.750+0300][8224][10156][info][gc,heap     ] GC(8) Max Capacity: 12288M(100%)
[2025-05-18T21:04:23.750+0300][8224][10156][info][gc,heap     ] GC(8) Soft Max Capacity: 12288M(100%)
[2025-05-18T21:04:23.750+0300][8224][10156][info][gc,heap     ] GC(8)                Mark Start          Mark End        Relocate Start      Relocate End           High               Low         
[2025-05-18T21:04:23.750+0300][8224][10156][info][gc,heap     ] GC(8)  Capacity:    12288M (100%)      12288M (100%)      12288M (100%)      12288M (100%)      12288M (100%)      12288M (100%)   
[2025-05-18T21:04:23.750+0300][8224][10156][info][gc,heap     ] GC(8)      Free:    10994M (89%)       10978M (89%)       11940M (97%)       12220M (99%)       12220M (99%)       10978M (89%)    
[2025-05-18T21:04:23.750+0300][8224][10156][info][gc,heap     ] GC(8)      Used:     1294M (11%)        1310M (11%)         348M (3%)           68M (1%)         1310M (11%)          68M (1%)     
[2025-05-18T21:04:23.750+0300][8224][10156][info][gc,heap     ] GC(8)      Live:         -                18M (0%)           18M (0%)           18M (0%)             -                  -          
[2025-05-18T21:04:23.750+0300][8224][10156][info][gc,heap     ] GC(8) Allocated:         -                16M (0%)           16M (0%)           16M (0%)             -                  -          
[2025-05-18T21:04:23.750+0300][8224][10156][info][gc,heap     ] GC(8)   Garbage:         -              1275M (10%)         313M (3%)           33M (0%)             -                  -          
[2025-05-18T21:04:23.750+0300][8224][10156][info][gc,heap     ] GC(8) Reclaimed:         -                  -               962M (8%)         1242M (10%)            -                  -          
[2025-05-18T21:04:23.750+0300][8224][10156][info][gc          ] GC(8) Garbage Collection (Proactive) 1294M(11%)->68M(1%)
[2025-05-18T21:04:24.112+0300][8224][1648 ][info][gc,stats    ] === Garbage Collection Statistics =======================================================================================================================
[2025-05-18T21:04:24.112+0300][8224][1648 ][info][gc,stats    ]                                                              Last 10s              Last 10m              Last 10h                Total
[2025-05-18T21:04:24.112+0300][8224][1648 ][info][gc,stats    ]                                                              Avg / Max             Avg / Max             Avg / Max             Avg / Max
[2025-05-18T21:04:24.112+0300][8224][1648 ][info][gc,stats    ]   Collector: Garbage Collection Cycle                     25.805 / 25.805       42.087 / 60.626       42.087 / 60.626       42.087 / 60.626      ms
[2025-05-18T21:04:24.112+0300][8224][1648 ][info][gc,stats    ]  Contention: Mark Segment Reset Contention                     0 / 0                 0 / 9                 0 / 9                 0 / 9           ops/s
[2025-05-18T21:04:24.112+0300][8224][1648 ][info][gc,stats    ]  Contention: Mark SeqNum Reset Contention                      0 / 1                 0 / 1                 0 / 1                 0 / 1           ops/s
[2025-05-18T21:04:24.112+0300][8224][1648 ][info][gc,stats    ]    Critical: Allocation Stall                                  0 / 0                 0 / 0                 0 / 0                 0 / 0           ops/s
[2025-05-18T21:04:24.112+0300][8224][1648 ][info][gc,stats    ]    Critical: Allocation Stall                              0.000 / 0.000         0.000 / 0.000         0.000 / 0.000         0.000 / 0.000       ms
[2025-05-18T21:04:24.113+0300][8224][1648 ][info][gc,stats    ]    Critical: GC Locker Stall                                   0 / 0                 0 / 0                 0 / 0                 0 / 0           ops/s
[2025-05-18T21:04:24.113+0300][8224][1648 ][info][gc,stats    ]    Critical: GC Locker Stall                               0.000 / 0.000         0.000 / 0.000         0.000 / 0.000         0.000 / 0.000       ms
[2025-05-18T21:04:24.113+0300][8224][1648 ][info][gc,stats    ]    Critical: Relocation Stall                                  0 / 0                 0 / 0                 0 / 0                 0 / 0           ops/s
[2025-05-18T21:04:24.113+0300][8224][1648 ][info][gc,stats    ]    Critical: Relocation Stall                              0.000 / 0.000         0.000 / 0.000         0.000 / 0.000         0.000 / 0.000       ms
[2025-05-18T21:04:24.113+0300][8224][1648 ][info][gc,stats    ]      Memory: Allocation Rate                                  35 / 46               36 / 192              36 / 192              36 / 192         MB/s
[2025-05-18T21:04:24.113+0300][8224][1648 ][info][gc,stats    ]      Memory: Defragment                                        0 / 0                 0 / 0                 0 / 0                 0 / 0           ops/s
[2025-05-18T21:04:24.113+0300][8224][1648 ][info][gc,stats    ]      Memory: Out Of Memory                                     0 / 0                 0 / 0                 0 / 0                 0 / 0           ops/s
[2025-05-18T21:04:24.113+0300][8224][1648 ][info][gc,stats    ]      Memory: Page Cache Flush                                  0 / 0                 0 / 0                 0 / 0                 0 / 0           MB/s
[2025-05-18T21:04:24.113+0300][8224][1648 ][info][gc,stats    ]      Memory: Page Cache Hit L1                                18 / 26               13 / 60               13 / 60               13 / 60          ops/s
[2025-05-18T21:04:24.113+0300][8224][1648 ][info][gc,stats    ]      Memory: Page Cache Hit L2                                 0 / 0                 0 / 0                 0 / 0                 0 / 0           ops/s
[2025-05-18T21:04:24.113+0300][8224][1648 ][info][gc,stats    ]      Memory: Page Cache Hit L3                                 0 / 0                 4 / 33                4 / 33                4 / 33          ops/s
[2025-05-18T21:04:24.113+0300][8224][1648 ][info][gc,stats    ]      Memory: Page Cache Miss                                   0 / 0                 0 / 1                 0 / 1                 0 / 1           ops/s
[2025-05-18T21:04:24.113+0300][8224][1648 ][info][gc,stats    ]      Memory: Uncommit                                          0 / 0                 0 / 0                 0 / 0                 0 / 0           MB/s
[2025-05-18T21:04:24.113+0300][8224][1648 ][info][gc,stats    ]      Memory: Undo Object Allocation Failed                     0 / 0                 0 / 0                 0 / 0                 0 / 0           ops/s
[2025-05-18T21:04:24.113+0300][8224][1648 ][info][gc,stats    ]      Memory: Undo Object Allocation Succeeded                  0 / 0                 0 / 68                0 / 68                0 / 68          ops/s
[2025-05-18T21:04:24.113+0300][8224][1648 ][info][gc,stats    ]      Memory: Undo Page Allocation                              0 / 0                 0 / 3                 0 / 3                 0 / 3           ops/s
[2025-05-18T21:04:24.113+0300][8224][1648 ][info][gc,stats    ]       Phase: Concurrent Mark                              15.837 / 15.837       26.656 / 50.687       26.656 / 50.687       26.656 / 50.687      ms
[2025-05-18T21:04:24.113+0300][8224][1648 ][info][gc,stats    ]       Phase: Concurrent Mark Continue                      0.000 / 0.000         0.000 / 0.000         0.000 / 0.000         0.000 / 0.000       ms
[2025-05-18T21:04:24.113+0300][8224][1648 ][info][gc,stats    ]       Phase: Concurrent Mark Free                          0.001 / 0.001         0.001 / 0.001         0.001 / 0.001         0.001 / 0.001       ms
[2025-05-18T21:04:24.113+0300][8224][1648 ][info][gc,stats    ]       Phase: Concurrent Process Non-Strong References      5.266 / 5.266         9.578 / 19.782        9.578 / 19.782        9.578 / 19.782      ms
[2025-05-18T21:04:24.113+0300][8224][1648 ][info][gc,stats    ]       Phase: Concurrent Relocate                           1.924 / 1.924         2.066 / 5.216         2.066 / 5.216         2.066 / 5.216       ms
[2025-05-18T21:04:24.113+0300][8224][1648 ][info][gc,stats    ]       Phase: Concurrent Reset Relocation Set               0.002 / 0.002         0.003 / 0.006         0.003 / 0.006         0.003 / 0.006       ms
[2025-05-18T21:04:24.113+0300][8224][1648 ][info][gc,stats    ]       Phase: Concurrent Select Relocation Set              1.639 / 1.639         2.514 / 5.181         2.514 / 5.181         2.514 / 5.181       ms
[2025-05-18T21:04:24.113+0300][8224][1648 ][info][gc,stats    ]       Phase: Pause Mark End                                0.031 / 0.031         0.020 / 0.031         0.020 / 0.031         0.020 / 0.031       ms
[2025-05-18T21:04:24.113+0300][8224][1648 ][info][gc,stats    ]       Phase: Pause Mark Start                              0.009 / 0.009         0.012 / 0.025         0.012 / 0.025         0.012 / 0.025       ms
[2025-05-18T21:04:24.114+0300][8224][1648 ][info][gc,stats    ]       Phase: Pause Relocate Start                          0.005 / 0.005         0.043 / 0.339         0.043 / 0.339         0.043 / 0.339       ms
[2025-05-18T21:04:24.114+0300][8224][1648 ][info][gc,stats    ]    Subphase: Concurrent Classes Purge                      0.211 / 0.211         0.926 / 3.506         0.926 / 3.506         0.926 / 3.506       ms
[2025-05-18T21:04:24.114+0300][8224][1648 ][info][gc,stats    ]    Subphase: Concurrent Classes Unlink                     3.950 / 3.950         7.479 / 17.195        7.479 / 17.195        7.479 / 17.195      ms
[2025-05-18T21:04:24.114+0300][8224][1648 ][info][gc,stats    ]    Subphase: Concurrent Mark                              14.271 / 14.902       20.527 / 39.705       20.527 / 39.705       20.527 / 39.705      ms
[2025-05-18T21:04:24.114+0300][8224][1648 ][info][gc,stats    ]    Subphase: Concurrent Mark Try Flush                     0.101 / 0.209         0.142 / 0.534         0.142 / 0.534         0.142 / 0.534       ms
[2025-05-18T21:04:24.114+0300][8224][1648 ][info][gc,stats    ]    Subphase: Concurrent Mark Try Terminate                 0.844 / 2.512         2.515 / 14.435        2.515 / 14.435        2.515 / 14.435      ms
[2025-05-18T21:04:24.114+0300][8224][1648 ][info][gc,stats    ]    Subphase: Concurrent References Enqueue                 0.003 / 0.003         0.003 / 0.004         0.003 / 0.004         0.003 / 0.004       ms
[2025-05-18T21:04:24.114+0300][8224][1648 ][info][gc,stats    ]    Subphase: Concurrent References Process                 0.146 / 0.146         0.174 / 0.336         0.174 / 0.336         0.174 / 0.336       ms
[2025-05-18T21:04:24.114+0300][8224][1648 ][info][gc,stats    ]    Subphase: Concurrent Roots ClassLoaderDataGraph         0.156 / 0.282         0.269 / 1.010         0.269 / 1.010         0.269 / 1.010       ms
[2025-05-18T21:04:24.114+0300][8224][1648 ][info][gc,stats    ]    Subphase: Concurrent Roots CodeCache                    0.000 / 0.000         0.000 / 0.000         0.000 / 0.000         0.000 / 0.000       ms
[2025-05-18T21:04:24.114+0300][8224][1648 ][info][gc,stats    ]    Subphase: Concurrent Roots JavaThreads                  0.556 / 0.678         2.259 / 10.813        2.259 / 10.813        2.259 / 10.813      ms
[2025-05-18T21:04:24.114+0300][8224][1648 ][info][gc,stats    ]    Subphase: Concurrent Roots OopStorageSet                0.029 / 0.031         0.083 / 0.211         0.083 / 0.211         0.083 / 0.211       ms
[2025-05-18T21:04:24.114+0300][8224][1648 ][info][gc,stats    ]    Subphase: Concurrent Weak Roots OopStorageSet           0.673 / 0.673         0.701 / 1.209         0.701 / 1.209         0.701 / 1.209       ms
[2025-05-18T21:04:24.114+0300][8224][1648 ][info][gc,stats    ]    Subphase: Pause Mark Try Complete                       0.000 / 0.000         0.000 / 0.000         0.000 / 0.000         0.000 / 0.000       ms
[2025-05-18T21:04:24.114+0300][8224][1648 ][info][gc,stats    ]      System: Java Threads                                     32 / 32               29 / 34               29 / 34               29 / 34          threads
[2025-05-18T21:04:24.114+0300][8224][1648 ][info][gc,stats    ] =========================================================================================================================================================
[2025-05-18T21:04:34.111+0300][8224][1648 ][info][gc,stats    ] === Garbage Collection Statistics =======================================================================================================================
[2025-05-18T21:04:34.111+0300][8224][1648 ][info][gc,stats    ]                                                              Last 10s              Last 10m              Last 10h                Total
[2025-05-18T21:04:34.111+0300][8224][1648 ][info][gc,stats    ]                                                              Avg / Max             Avg / Max             Avg / Max             Avg / Max
[2025-05-18T21:04:34.111+0300][8224][1648 ][info][gc,stats    ]   Collector: Garbage Collection Cycle                      0.000 / 0.000        42.087 / 60.626       42.087 / 60.626       42.087 / 60.626      ms
[2025-05-18T21:04:34.111+0300][8224][1648 ][info][gc,stats    ]  Contention: Mark Segment Reset Contention                     0 / 0                 0 / 9                 0 / 9                 0 / 9           ops/s
[2025-05-18T21:04:34.111+0300][8224][1648 ][info][gc,stats    ]  Contention: Mark SeqNum Reset Contention                      0 / 0                 0 / 1                 0 / 1                 0 / 1           ops/s
[2025-05-18T21:04:34.112+0300][8224][1648 ][info][gc,stats    ]    Critical: Allocation Stall                                  0 / 0                 0 / 0                 0 / 0                 0 / 0           ops/s
[2025-05-18T21:04:34.112+0300][8224][1648 ][info][gc,stats    ]    Critical: Allocation Stall                              0.000 / 0.000         0.000 / 0.000         0.000 / 0.000         0.000 / 0.000       ms
[2025-05-18T21:04:34.112+0300][8224][1648 ][info][gc,stats    ]    Critical: GC Locker Stall                                   0 / 0                 0 / 0                 0 / 0                 0 / 0           ops/s
[2025-05-18T21:04:34.112+0300][8224][1648 ][info][gc,stats    ]    Critical: GC Locker Stall                               0.000 / 0.000         0.000 / 0.000         0.000 / 0.000         0.000 / 0.000       ms
[2025-05-18T21:04:34.112+0300][8224][1648 ][info][gc,stats    ]    Critical: Relocation Stall                                  0 / 0                 0 / 0                 0 / 0                 0 / 0           ops/s
[2025-05-18T21:04:34.112+0300][8224][1648 ][info][gc,stats    ]    Critical: Relocation Stall                              0.000 / 0.000         0.000 / 0.000         0.000 / 0.000         0.000 / 0.000       ms
[2025-05-18T21:04:34.112+0300][8224][1648 ][info][gc,stats    ]      Memory: Allocation Rate                                  34 / 38               35 / 192              35 / 192              35 / 192         MB/s
[2025-05-18T21:04:34.112+0300][8224][1648 ][info][gc,stats    ]      Memory: Defragment                                        0 / 0                 0 / 0                 0 / 0                 0 / 0           ops/s
[2025-05-18T21:04:34.112+0300][8224][1648 ][info][gc,stats    ]      Memory: Out Of Memory                                     0 / 0                 0 / 0                 0 / 0                 0 / 0           ops/s
[2025-05-18T21:04:34.112+0300][8224][1648 ][info][gc,stats    ]      Memory: Page Cache Flush                                  0 / 0                 0 / 0                 0 / 0                 0 / 0           MB/s
[2025-05-18T21:04:34.112+0300][8224][1648 ][info][gc,stats    ]      Memory: Page Cache Hit L1                                17 / 19               13 / 60               13 / 60               13 / 60          ops/s
[2025-05-18T21:04:34.112+0300][8224][1648 ][info][gc,stats    ]      Memory: Page Cache Hit L2                                 0 / 0                 0 / 0                 0 / 0                 0 / 0           ops/s
[2025-05-18T21:04:34.112+0300][8224][1648 ][info][gc,stats    ]      Memory: Page Cache Hit L3                                 0 / 0                 4 / 33                4 / 33                4 / 33          ops/s
[2025-05-18T21:04:34.112+0300][8224][1648 ][info][gc,stats    ]      Memory: Page Cache Miss                                   0 / 0                 0 / 1                 0 / 1                 0 / 1           ops/s
[2025-05-18T21:04:34.112+0300][8224][1648 ][info][gc,stats    ]      Memory: Uncommit                                          0 / 0                 0 / 0                 0 / 0                 0 / 0           MB/s
[2025-05-18T21:04:34.112+0300][8224][1648 ][info][gc,stats    ]      Memory: Undo Object Allocation Failed                     0 / 0                 0 / 0                 0 / 0                 0 / 0           ops/s
[2025-05-18T21:04:34.112+0300][8224][1648 ][info][gc,stats    ]      Memory: Undo Object Allocation Succeeded                  0 / 0                 0 / 68                0 / 68                0 / 68          ops/s
[2025-05-18T21:04:34.112+0300][8224][1648 ][info][gc,stats    ]      Memory: Undo Page Allocation                              0 / 0                 0 / 3                 0 / 3                 0 / 3           ops/s
[2025-05-18T21:04:34.112+0300][8224][1648 ][info][gc,stats    ]       Phase: Concurrent Mark                               0.000 / 0.000        26.656 / 50.687       26.656 / 50.687       26.656 / 50.687      ms
[2025-05-18T21:04:34.112+0300][8224][1648 ][info][gc,stats    ]       Phase: Concurrent Mark Continue                      0.000 / 0.000         0.000 / 0.000         0.000 / 0.000         0.000 / 0.000       ms
[2025-05-18T21:04:34.113+0300][8224][1648 ][info][gc,stats    ]       Phase: Concurrent Mark Free                          0.000 / 0.000         0.001 / 0.001         0.001 / 0.001         0.001 / 0.001       ms
[2025-05-18T21:04:34.113+0300][8224][1648 ][info][gc,stats    ]       Phase: Concurrent Process Non-Strong References      0.000 / 0.000         9.578 / 19.782        9.578 / 19.782        9.578 / 19.782      ms
[2025-05-18T21:04:34.113+0300][8224][1648 ][info][gc,stats    ]       Phase: Concurrent Relocate                           0.000 / 0.000         2.066 / 5.216         2.066 / 5.216         2.066 / 5.216       ms
[2025-05-18T21:04:34.113+0300][8224][1648 ][info][gc,stats    ]       Phase: Concurrent Reset Relocation Set               0.000 / 0.000         0.003 / 0.006         0.003 / 0.006         0.003 / 0.006       ms
[2025-05-18T21:04:34.113+0300][8224][1648 ][info][gc,stats    ]       Phase: Concurrent Select Relocation Set              0.000 / 0.000         2.514 / 5.181         2.514 / 5.181         2.514 / 5.181       ms
[2025-05-18T21:04:34.113+0300][8224][1648 ][info][gc,stats    ]       Phase: Pause Mark End                                0.000 / 0.000         0.020 / 0.031         0.020 / 0.031         0.020 / 0.031       ms
[2025-05-18T21:04:34.113+0300][8224][1648 ][info][gc,stats    ]       Phase: Pause Mark Start                              0.000 / 0.000         0.012 / 0.025         0.012 / 0.025         0.012 / 0.025       ms
[2025-05-18T21:04:34.113+0300][8224][1648 ][info][gc,stats    ]       Phase: Pause Relocate Start                          0.000 / 0.000         0.043 / 0.339         0.043 / 0.339         0.043 / 0.339       ms
[2025-05-18T21:04:34.113+0300][8224][1648 ][info][gc,stats    ]    Subphase: Concurrent Classes Purge                      0.000 / 0.000         0.926 / 3.506         0.926 / 3.506         0.926 / 3.506       ms
[2025-05-18T21:04:34.113+0300][8224][1648 ][info][gc,stats    ]    Subphase: Concurrent Classes Unlink                     0.000 / 0.000         7.479 / 17.195        7.479 / 17.195        7.479 / 17.195      ms
[2025-05-18T21:04:34.113+0300][8224][1648 ][info][gc,stats    ]    Subphase: Concurrent Mark                               0.000 / 0.000        20.527 / 39.705       20.527 / 39.705       20.527 / 39.705      ms
[2025-05-18T21:04:34.113+0300][8224][1648 ][info][gc,stats    ]    Subphase: Concurrent Mark Try Flush                     0.000 / 0.000         0.142 / 0.534         0.142 / 0.534         0.142 / 0.534       ms
[2025-05-18T21:04:34.113+0300][8224][1648 ][info][gc,stats    ]    Subphase: Concurrent Mark Try Terminate                 0.000 / 0.000         2.515 / 14.435        2.515 / 14.435        2.515 / 14.435      ms
[2025-05-18T21:04:34.113+0300][8224][1648 ][info][gc,stats    ]    Subphase: Concurrent References Enqueue                 0.000 / 0.000         0.003 / 0.004         0.003 / 0.004         0.003 / 0.004       ms
[2025-05-18T21:04:34.113+0300][8224][1648 ][info][gc,stats    ]    Subphase: Concurrent References Process                 0.000 / 0.000         0.174 / 0.336         0.174 / 0.336         0.174 / 0.336       ms
[2025-05-18T21:04:34.113+0300][8224][1648 ][info][gc,stats    ]    Subphase: Concurrent Roots ClassLoaderDataGraph         0.000 / 0.000         0.269 / 1.010         0.269 / 1.010         0.269 / 1.010       ms
[2025-05-18T21:04:34.113+0300][8224][1648 ][info][gc,stats    ]    Subphase: Concurrent Roots CodeCache                    0.000 / 0.000         0.000 / 0.000         0.000 / 0.000         0.000 / 0.000       ms
[2025-05-18T21:04:34.113+0300][8224][1648 ][info][gc,stats    ]    Subphase: Concurrent Roots JavaThreads                  0.000 / 0.000         2.259 / 10.813        2.259 / 10.813        2.259 / 10.813      ms
[2025-05-18T21:04:34.113+0300][8224][1648 ][info][gc,stats    ]    Subphase: Concurrent Roots OopStorageSet                0.000 / 0.000         0.083 / 0.211         0.083 / 0.211         0.083 / 0.211       ms
[2025-05-18T21:04:34.113+0300][8224][1648 ][info][gc,stats    ]    Subphase: Concurrent Weak Roots OopStorageSet           0.000 / 0.000         0.701 / 1.209         0.701 / 1.209         0.701 / 1.209       ms
[2025-05-18T21:04:34.113+0300][8224][1648 ][info][gc,stats    ]    Subphase: Pause Mark Try Complete                       0.000 / 0.000         0.000 / 0.000         0.000 / 0.000         0.000 / 0.000       ms
[2025-05-18T21:04:34.113+0300][8224][1648 ][info][gc,stats    ]      System: Java Threads                                      0 / 0                29 / 34               29 / 34               29 / 34          threads
[2025-05-18T21:04:34.113+0300][8224][1648 ][info][gc,stats    ] =========================================================================================================================================================
[2025-05-18T21:04:44.115+0300][8224][1648 ][info][gc,stats    ] === Garbage Collection Statistics =======================================================================================================================
[2025-05-18T21:04:44.115+0300][8224][1648 ][info][gc,stats    ]                                                              Last 10s              Last 10m              Last 10h                Total
[2025-05-18T21:04:44.115+0300][8224][1648 ][info][gc,stats    ]                                                              Avg / Max             Avg / Max             Avg / Max             Avg / Max
[2025-05-18T21:04:44.115+0300][8224][1648 ][info][gc,stats    ]   Collector: Garbage Collection Cycle                      0.000 / 0.000        42.087 / 60.626       42.087 / 60.626       42.087 / 60.626      ms
[2025-05-18T21:04:44.115+0300][8224][1648 ][info][gc,stats    ]  Contention: Mark Segment Reset Contention                     0 / 0                 0 / 9                 0 / 9                 0 / 9           ops/s
[2025-05-18T21:04:44.115+0300][8224][1648 ][info][gc,stats    ]  Contention: Mark SeqNum Reset Contention                      0 / 0                 0 / 1                 0 / 1                 0 / 1           ops/s
[2025-05-18T21:04:44.115+0300][8224][1648 ][info][gc,stats    ]    Critical: Allocation Stall                                  0 / 0                 0 / 0                 0 / 0                 0 / 0           ops/s
[2025-05-18T21:04:44.115+0300][8224][1648 ][info][gc,stats    ]    Critical: Allocation Stall                              0.000 / 0.000         0.000 / 0.000         0.000 / 0.000         0.000 / 0.000       ms
[2025-05-18T21:04:44.115+0300][8224][1648 ][info][gc,stats    ]    Critical: GC Locker Stall                                   0 / 0                 0 / 0                 0 / 0                 0 / 0           ops/s
[2025-05-18T21:04:44.115+0300][8224][1648 ][info][gc,stats    ]    Critical: GC Locker Stall                               0.000 / 0.000         0.000 / 0.000         0.000 / 0.000         0.000 / 0.000       ms
[2025-05-18T21:04:44.116+0300][8224][1648 ][info][gc,stats    ]    Critical: Relocation Stall                                  0 / 0                 0 / 0                 0 / 0                 0 / 0           ops/s
[2025-05-18T21:04:44.116+0300][8224][1648 ][info][gc,stats    ]    Critical: Relocation Stall                              0.000 / 0.000         0.000 / 0.000         0.000 / 0.000         0.000 / 0.000       ms
[2025-05-18T21:04:44.116+0300][8224][1648 ][info][gc,stats    ]      Memory: Allocation Rate                                  34 / 38               35 / 192              35 / 192              35 / 192         MB/s
[2025-05-18T21:04:44.116+0300][8224][1648 ][info][gc,stats    ]      Memory: Defragment                                        0 / 0                 0 / 0                 0 / 0                 0 / 0           ops/s
[2025-05-18T21:04:44.116+0300][8224][1648 ][info][gc,stats    ]      Memory: Out Of Memory                                     0 / 0                 0 / 0                 0 / 0                 0 / 0           ops/s
[2025-05-18T21:04:44.116+0300][8224][1648 ][info][gc,stats    ]      Memory: Page Cache Flush                                  0 / 0                 0 / 0                 0 / 0                 0 / 0           MB/s
[2025-05-18T21:04:44.116+0300][8224][1648 ][info][gc,stats    ]      Memory: Page Cache Hit L1                                17 / 19               13 / 60               13 / 60               13 / 60          ops/s
[2025-05-18T21:04:44.116+0300][8224][1648 ][info][gc,stats    ]      Memory: Page Cache Hit L2                                 0 / 0                 0 / 0                 0 / 0                 0 / 0           ops/s
[2025-05-18T21:04:44.116+0300][8224][1648 ][info][gc,stats    ]      Memory: Page Cache Hit L3                                 0 / 0                 4 / 33                4 / 33                4 / 33          ops/s
[2025-05-18T21:04:44.116+0300][8224][1648 ][info][gc,stats    ]      Memory: Page Cache Miss                                   0 / 0                 0 / 1                 0 / 1                 0 / 1           ops/s
[2025-05-18T21:04:44.116+0300][8224][1648 ][info][gc,stats    ]      Memory: Uncommit                                          0 / 0                 0 / 0                 0 / 0                 0 / 0           MB/s
[2025-05-18T21:04:44.116+0300][8224][1648 ][info][gc,stats    ]      Memory: Undo Object Allocation Failed                     0 / 0                 0 / 0                 0 / 0                 0 / 0           ops/s
[2025-05-18T21:04:44.116+0300][8224][1648 ][info][gc,stats    ]      Memory: Undo Object Allocation Succeeded                  0 / 0                 0 / 68                0 / 68                0 / 68          ops/s
[2025-05-18T21:04:44.116+0300][8224][1648 ][info][gc,stats    ]      Memory: Undo Page Allocation                              0 / 0                 0 / 3                 0 / 3                 0 / 3           ops/s
[2025-05-18T21:04:44.116+0300][8224][1648 ][info][gc,stats    ]       Phase: Concurrent Mark                               0.000 / 0.000        26.656 / 50.687       26.656 / 50.687       26.656 / 50.687      ms
[2025-05-18T21:04:44.116+0300][8224][1648 ][info][gc,stats    ]       Phase: Concurrent Mark Continue                      0.000 / 0.000         0.000 / 0.000         0.000 / 0.000         0.000 / 0.000       ms
[2025-05-18T21:04:44.116+0300][8224][1648 ][info][gc,stats    ]       Phase: Concurrent Mark Free                          0.000 / 0.000         0.001 / 0.001         0.001 / 0.001         0.001 / 0.001       ms
[2025-05-18T21:04:44.116+0300][8224][1648 ][info][gc,stats    ]       Phase: Concurrent Process Non-Strong References      0.000 / 0.000         9.578 / 19.782        9.578 / 19.782        9.578 / 19.782      ms
[2025-05-18T21:04:44.116+0300][8224][1648 ][info][gc,stats    ]       Phase: Concurrent Relocate                           0.000 / 0.000         2.066 / 5.216         2.066 / 5.216         2.066 / 5.216       ms
[2025-05-18T21:04:44.116+0300][8224][1648 ][info][gc,stats    ]       Phase: Concurrent Reset Relocation Set               0.000 / 0.000         0.003 / 0.006         0.003 / 0.006         0.003 / 0.006       ms
[2025-05-18T21:04:44.116+0300][8224][1648 ][info][gc,stats    ]       Phase: Concurrent Select Relocation Set              0.000 / 0.000         2.514 / 5.181         2.514 / 5.181         2.514 / 5.181       ms
[2025-05-18T21:04:44.116+0300][8224][1648 ][info][gc,stats    ]       Phase: Pause Mark End                                0.000 / 0.000         0.020 / 0.031         0.020 / 0.031         0.020 / 0.031       ms
[2025-05-18T21:04:44.116+0300][8224][1648 ][info][gc,stats    ]       Phase: Pause Mark Start                              0.000 / 0.000         0.012 / 0.025         0.012 / 0.025         0.012 / 0.025       ms
[2025-05-18T21:04:44.116+0300][8224][1648 ][info][gc,stats    ]       Phase: Pause Relocate Start                          0.000 / 0.000         0.043 / 0.339         0.043 / 0.339         0.043 / 0.339       ms
[2025-05-18T21:04:44.116+0300][8224][1648 ][info][gc,stats    ]    Subphase: Concurrent Classes Purge                      0.000 / 0.000         0.926 / 3.506         0.926 / 3.506         0.926 / 3.506       ms
[2025-05-18T21:04:44.116+0300][8224][1648 ][info][gc,stats    ]    Subphase: Concurrent Classes Unlink                     0.000 / 0.000         7.479 / 17.195        7.479 / 17.195        7.479 / 17.195      ms
[2025-05-18T21:04:44.117+0300][8224][1648 ][info][gc,stats    ]    Subphase: Concurrent Mark                               0.000 / 0.000        20.527 / 39.705       20.527 / 39.705       20.527 / 39.705      ms
[2025-05-18T21:04:44.117+0300][8224][1648 ][info][gc,stats    ]    Subphase: Concurrent Mark Try Flush                     0.000 / 0.000         0.142 / 0.534         0.142 / 0.534         0.142 / 0.534       ms
[2025-05-18T21:04:44.117+0300][8224][1648 ][info][gc,stats    ]    Subphase: Concurrent Mark Try Terminate                 0.000 / 0.000         2.515 / 14.435        2.515 / 14.435        2.515 / 14.435      ms
[2025-05-18T21:04:44.117+0300][8224][1648 ][info][gc,stats    ]    Subphase: Concurrent References Enqueue                 0.000 / 0.000         0.003 / 0.004         0.003 / 0.004         0.003 / 0.004       ms
[2025-05-18T21:04:44.117+0300][8224][1648 ][info][gc,stats    ]    Subphase: Concurrent References Process                 0.000 / 0.000         0.174 / 0.336         0.174 / 0.336         0.174 / 0.336       ms
[2025-05-18T21:04:44.117+0300][8224][1648 ][info][gc,stats    ]    Subphase: Concurrent Roots ClassLoaderDataGraph         0.000 / 0.000         0.269 / 1.010         0.269 / 1.010         0.269 / 1.010       ms
[2025-05-18T21:04:44.117+0300][8224][1648 ][info][gc,stats    ]    Subphase: Concurrent Roots CodeCache                    0.000 / 0.000         0.000 / 0.000         0.000 / 0.000         0.000 / 0.000       ms
[2025-05-18T21:04:44.117+0300][8224][1648 ][info][gc,stats    ]    Subphase: Concurrent Roots JavaThreads                  0.000 / 0.000         2.259 / 10.813        2.259 / 10.813        2.259 / 10.813      ms
[2025-05-18T21:04:44.117+0300][8224][1648 ][info][gc,stats    ]    Subphase: Concurrent Roots OopStorageSet                0.000 / 0.000         0.083 / 0.211         0.083 / 0.211         0.083 / 0.211       ms
[2025-05-18T21:04:44.117+0300][8224][1648 ][info][gc,stats    ]    Subphase: Concurrent Weak Roots OopStorageSet           0.000 / 0.000         0.701 / 1.209         0.701 / 1.209         0.701 / 1.209       ms
[2025-05-18T21:04:44.117+0300][8224][1648 ][info][gc,stats    ]    Subphase: Pause Mark Try Complete                       0.000 / 0.000         0.000 / 0.000         0.000 / 0.000         0.000 / 0.000       ms
[2025-05-18T21:04:44.117+0300][8224][1648 ][info][gc,stats    ]      System: Java Threads                                      0 / 0                29 / 34               29 / 34               29 / 34          threads
[2025-05-18T21:04:44.117+0300][8224][1648 ][info][gc,stats    ] =========================================================================================================================================================
[2025-05-18T21:04:54.125+0300][8224][1648 ][info][gc,stats    ] === Garbage Collection Statistics =======================================================================================================================
[2025-05-18T21:04:54.125+0300][8224][1648 ][info][gc,stats    ]                                                              Last 10s              Last 10m              Last 10h                Total
[2025-05-18T21:04:54.125+0300][8224][1648 ][info][gc,stats    ]                                                              Avg / Max             Avg / Max             Avg / Max             Avg / Max
[2025-05-18T21:04:54.125+0300][8224][1648 ][info][gc,stats    ]   Collector: Garbage Collection Cycle                      0.000 / 0.000        42.087 / 60.626       42.087 / 60.626       42.087 / 60.626      ms
[2025-05-18T21:04:54.125+0300][8224][1648 ][info][gc,stats    ]  Contention: Mark Segment Reset Contention                     0 / 0                 0 / 9                 0 / 9                 0 / 9           ops/s
[2025-05-18T21:04:54.125+0300][8224][1648 ][info][gc,stats    ]  Contention: Mark SeqNum Reset Contention                      0 / 0                 0 / 1                 0 / 1                 0 / 1           ops/s
[2025-05-18T21:04:54.125+0300][8224][1648 ][info][gc,stats    ]    Critical: Allocation Stall                                  0 / 0                 0 / 0                 0 / 0                 0 / 0           ops/s
[2025-05-18T21:04:54.125+0300][8224][1648 ][info][gc,stats    ]    Critical: Allocation Stall                              0.000 / 0.000         0.000 / 0.000         0.000 / 0.000         0.000 / 0.000       ms
[2025-05-18T21:04:54.126+0300][8224][1648 ][info][gc,stats    ]    Critical: GC Locker Stall                                   0 / 0                 0 / 0                 0 / 0                 0 / 0           ops/s
[2025-05-18T21:04:54.126+0300][8224][1648 ][info][gc,stats    ]    Critical: GC Locker Stall                               0.000 / 0.000         0.000 / 0.000         0.000 / 0.000         0.000 / 0.000       ms
[2025-05-18T21:04:54.126+0300][8224][1648 ][info][gc,stats    ]    Critical: Relocation Stall                                  0 / 0                 0 / 0                 0 / 0                 0 / 0           ops/s
[2025-05-18T21:04:54.126+0300][8224][1648 ][info][gc,stats    ]    Critical: Relocation Stall                              0.000 / 0.000         0.000 / 0.000         0.000 / 0.000         0.000 / 0.000       ms
[2025-05-18T21:04:54.126+0300][8224][1648 ][info][gc,stats    ]      Memory: Allocation Rate                                  33 / 38               35 / 192              35 / 192              35 / 192         MB/s
[2025-05-18T21:04:54.126+0300][8224][1648 ][info][gc,stats    ]      Memory: Defragment                                        0 / 0                 0 / 0                 0 / 0                 0 / 0           ops/s
[2025-05-18T21:04:54.126+0300][8224][1648 ][info][gc,stats    ]      Memory: Out Of Memory                                     0 / 0                 0 / 0                 0 / 0                 0 / 0           ops/s
[2025-05-18T21:04:54.126+0300][8224][1648 ][info][gc,stats    ]      Memory: Page Cache Flush                                  0 / 0                 0 / 0                 0 / 0                 0 / 0           MB/s
[2025-05-18T21:04:54.126+0300][8224][1648 ][info][gc,stats    ]      Memory: Page Cache Hit L1                                16 / 19               13 / 60               13 / 60               13 / 60          ops/s
[2025-05-18T21:04:54.126+0300][8224][1648 ][info][gc,stats    ]      Memory: Page Cache Hit L2                                 0 / 0                 0 / 0                 0 / 0                 0 / 0           ops/s
[2025-05-18T21:04:54.126+0300][8224][1648 ][info][gc,stats    ]      Memory: Page Cache Hit L3                                 0 / 0                 4 / 33                4 / 33                4 / 33          ops/s
[2025-05-18T21:04:54.126+0300][8224][1648 ][info][gc,stats    ]      Memory: Page Cache Miss                                   0 / 0                 0 / 1                 0 / 1                 0 / 1           ops/s
[2025-05-18T21:04:54.126+0300][8224][1648 ][info][gc,stats    ]      Memory: Uncommit                                          0 / 0                 0 / 0                 0 / 0                 0 / 0           MB/s
[2025-05-18T21:04:54.126+0300][8224][1648 ][info][gc,stats    ]      Memory: Undo Object Allocation Failed                     0 / 0                 0 / 0                 0 / 0                 0 / 0           ops/s
[2025-05-18T21:04:54.126+0300][8224][1648 ][info][gc,stats    ]      Memory: Undo Object Allocation Succeeded                  0 / 0                 0 / 68                0 / 68                0 / 68          ops/s
[2025-05-18T21:04:54.126+0300][8224][1648 ][info][gc,stats    ]      Memory: Undo Page Allocation                              0 / 0                 0 / 3                 0 / 3                 0 / 3           ops/s
[2025-05-18T21:04:54.126+0300][8224][1648 ][info][gc,stats    ]       Phase: Concurrent Mark                               0.000 / 0.000        26.656 / 50.687       26.656 / 50.687       26.656 / 50.687      ms
[2025-05-18T21:04:54.126+0300][8224][1648 ][info][gc,stats    ]       Phase: Concurrent Mark Continue                      0.000 / 0.000         0.000 / 0.000         0.000 / 0.000         0.000 / 0.000       ms
[2025-05-18T21:04:54.126+0300][8224][1648 ][info][gc,stats    ]       Phase: Concurrent Mark Free                          0.000 / 0.000         0.001 / 0.001         0.001 / 0.001         0.001 / 0.001       ms
[2025-05-18T21:04:54.126+0300][8224][1648 ][info][gc,stats    ]       Phase: Concurrent Process Non-Strong References      0.000 / 0.000         9.578 / 19.782        9.578 / 19.782        9.578 / 19.782      ms
[2025-05-18T21:04:54.126+0300][8224][1648 ][info][gc,stats    ]       Phase: Concurrent Relocate                           0.000 / 0.000         2.066 / 5.216         2.066 / 5.216         2.066 / 5.216       ms
[2025-05-18T21:04:54.126+0300][8224][1648 ][info][gc,stats    ]       Phase: Concurrent Reset Relocation Set               0.000 / 0.000         0.003 / 0.006         0.003 / 0.006         0.003 / 0.006       ms
[2025-05-18T21:04:54.126+0300][8224][1648 ][info][gc,stats    ]       Phase: Concurrent Select Relocation Set              0.000 / 0.000         2.514 / 5.181         2.514 / 5.181         2.514 / 5.181       ms
[2025-05-18T21:04:54.126+0300][8224][1648 ][info][gc,stats    ]       Phase: Pause Mark End                                0.000 / 0.000         0.020 / 0.031         0.020 / 0.031         0.020 / 0.031       ms
[2025-05-18T21:04:54.127+0300][8224][1648 ][info][gc,stats    ]       Phase: Pause Mark Start                              0.000 / 0.000         0.012 / 0.025         0.012 / 0.025         0.012 / 0.025       ms
[2025-05-18T21:04:54.127+0300][8224][1648 ][info][gc,stats    ]       Phase: Pause Relocate Start                          0.000 / 0.000         0.043 / 0.339         0.043 / 0.339         0.043 / 0.339       ms
[2025-05-18T21:04:54.127+0300][8224][1648 ][info][gc,stats    ]    Subphase: Concurrent Classes Purge                      0.000 / 0.000         0.926 / 3.506         0.926 / 3.506         0.926 / 3.506       ms
[2025-05-18T21:04:54.127+0300][8224][1648 ][info][gc,stats    ]    Subphase: Concurrent Classes Unlink                     0.000 / 0.000         7.479 / 17.195        7.479 / 17.195        7.479 / 17.195      ms
[2025-05-18T21:04:54.127+0300][8224][1648 ][info][gc,stats    ]    Subphase: Concurrent Mark                               0.000 / 0.000        20.527 / 39.705       20.527 / 39.705       20.527 / 39.705      ms
[2025-05-18T21:04:54.127+0300][8224][1648 ][info][gc,stats    ]    Subphase: Concurrent Mark Try Flush                     0.000 / 0.000         0.142 / 0.534         0.142 / 0.534         0.142 / 0.534       ms
[2025-05-18T21:04:54.127+0300][8224][1648 ][info][gc,stats    ]    Subphase: Concurrent Mark Try Terminate                 0.000 / 0.000         2.515 / 14.435        2.515 / 14.435        2.515 / 14.435      ms
[2025-05-18T21:04:54.127+0300][8224][1648 ][info][gc,stats    ]    Subphase: Concurrent References Enqueue                 0.000 / 0.000         0.003 / 0.004         0.003 / 0.004         0.003 / 0.004       ms
[2025-05-18T21:04:54.127+0300][8224][1648 ][info][gc,stats    ]    Subphase: Concurrent References Process                 0.000 / 0.000         0.174 / 0.336         0.174 / 0.336         0.174 / 0.336       ms
[2025-05-18T21:04:54.127+0300][8224][1648 ][info][gc,stats    ]    Subphase: Concurrent Roots ClassLoaderDataGraph         0.000 / 0.000         0.269 / 1.010         0.269 / 1.010         0.269 / 1.010       ms
[2025-05-18T21:04:54.127+0300][8224][1648 ][info][gc,stats    ]    Subphase: Concurrent Roots CodeCache                    0.000 / 0.000         0.000 / 0.000         0.000 / 0.000         0.000 / 0.000       ms
[2025-05-18T21:04:54.127+0300][8224][1648 ][info][gc,stats    ]    Subphase: Concurrent Roots JavaThreads                  0.000 / 0.000         2.259 / 10.813        2.259 / 10.813        2.259 / 10.813      ms
[2025-05-18T21:04:54.127+0300][8224][1648 ][info][gc,stats    ]    Subphase: Concurrent Roots OopStorageSet                0.000 / 0.000         0.083 / 0.211         0.083 / 0.211         0.083 / 0.211       ms
[2025-05-18T21:04:54.127+0300][8224][1648 ][info][gc,stats    ]    Subphase: Concurrent Weak Roots OopStorageSet           0.000 / 0.000         0.701 / 1.209         0.701 / 1.209         0.701 / 1.209       ms
[2025-05-18T21:04:54.127+0300][8224][1648 ][info][gc,stats    ]    Subphase: Pause Mark Try Complete                       0.000 / 0.000         0.000 / 0.000         0.000 / 0.000         0.000 / 0.000       ms
[2025-05-18T21:04:54.127+0300][8224][1648 ][info][gc,stats    ]      System: Java Threads                                      0 / 0                29 / 34               29 / 34               29 / 34          threads
[2025-05-18T21:04:54.127+0300][8224][1648 ][info][gc,stats    ] =========================================================================================================================================================
[2025-05-18T21:05:00.016+0300][8224][10156][info][gc,start    ] GC(9) Garbage Collection (Proactive)
[2025-05-18T21:05:00.016+0300][8224][10156][info][gc,task     ] GC(9) Using 2 workers
[2025-05-18T21:05:00.016+0300][8224][23060][info][gc,phases   ] GC(9) Pause Mark Start 0.008ms
[2025-05-18T21:05:00.047+0300][8224][10156][info][gc,phases   ] GC(9) Concurrent Mark 31.022ms
[2025-05-18T21:05:00.047+0300][8224][23060][info][gc,phases   ] GC(9) Pause Mark End 0.017ms
[2025-05-18T21:05:00.047+0300][8224][10156][info][gc,phases   ] GC(9) Concurrent Mark Free 0.001ms
[2025-05-18T21:05:00.052+0300][8224][10156][info][gc,phases   ] GC(9) Concurrent Process Non-Strong References 5.324ms
[2025-05-18T21:05:00.052+0300][8224][10156][info][gc,phases   ] GC(9) Concurrent Reset Relocation Set 0.004ms
[2025-05-18T21:05:00.055+0300][8224][10156][info][gc,phases   ] GC(9) Concurrent Select Relocation Set 1.320ms
[2025-05-18T21:05:00.055+0300][8224][23060][info][gc,phases   ] GC(9) Pause Relocate Start 0.005ms
[2025-05-18T21:05:00.055+0300][8224][10156][info][gc,phases   ] GC(9) Concurrent Relocate 0.814ms
[2025-05-18T21:05:00.055+0300][8224][10156][info][gc,load     ] GC(9) Load: 0.00/0.00/0.00
[2025-05-18T21:05:00.055+0300][8224][10156][info][gc,mmu      ] GC(9) MMU: 2ms/83.1%, 5ms/93.2%, 10ms/96.3%, 20ms/98.2%, 50ms/99.3%, 100ms/99.6%
[2025-05-18T21:05:00.055+0300][8224][10156][info][gc,marking  ] GC(9) Mark: 2 stripe(s), 2 proactive flush(es), 1 terminate flush(es), 0 completion(s), 0 continuation(s) 
[2025-05-18T21:05:00.055+0300][8224][10156][info][gc,marking  ] GC(9) Mark Stack Usage: 32M
[2025-05-18T21:05:00.055+0300][8224][10156][info][gc,nmethod  ] GC(9) NMethods: 3936 registered, 1082 unregistered
[2025-05-18T21:05:00.055+0300][8224][10156][info][gc,metaspace] GC(9) Metaspace: 33M used, 34M committed, 1088M reserved
[2025-05-18T21:05:00.055+0300][8224][10156][info][gc,ref      ] GC(9) Soft: 4273 encountered, 0 discovered, 0 enqueued
[2025-05-18T21:05:00.055+0300][8224][10156][info][gc,ref      ] GC(9) Weak: 2492 encountered, 501 discovered, 0 enqueued
[2025-05-18T21:05:00.055+0300][8224][10156][info][gc,ref      ] GC(9) Final: 3 encountered, 1 discovered, 0 enqueued
[2025-05-18T21:05:00.055+0300][8224][10156][info][gc,ref      ] GC(9) Phantom: 277 encountered, 253 discovered, 0 enqueued
[2025-05-18T21:05:00.055+0300][8224][10156][info][gc,reloc    ] GC(9) Small Pages: 633 / 1266M, Empty: 1096M, Relocated: 1M, In-Place: 0
[2025-05-18T21:05:00.055+0300][8224][10156][info][gc,reloc    ] GC(9) Medium Pages: 1 / 32M, Empty: 0M, Relocated: 0M, In-Place: 0
[2025-05-18T21:05:00.055+0300][8224][10156][info][gc,reloc    ] GC(9) Large Pages: 0 / 0M, Empty: 0M, Relocated: 0M, In-Place: 0
[2025-05-18T21:05:00.055+0300][8224][10156][info][gc,reloc    ] GC(9) Forwarding Usage: 0M
[2025-05-18T21:05:00.055+0300][8224][10156][info][gc,heap     ] GC(9) Min Capacity: 12288M(100%)
[2025-05-18T21:05:00.055+0300][8224][10156][info][gc,heap     ] GC(9) Max Capacity: 12288M(100%)
[2025-05-18T21:05:00.055+0300][8224][10156][info][gc,heap     ] GC(9) Soft Max Capacity: 12288M(100%)
[2025-05-18T21:05:00.055+0300][8224][10156][info][gc,heap     ] GC(9)                Mark Start          Mark End        Relocate Start      Relocate End           High               Low         
[2025-05-18T21:05:00.055+0300][8224][10156][info][gc,heap     ] GC(9)  Capacity:    12288M (100%)      12288M (100%)      12288M (100%)      12288M (100%)      12288M (100%)      12288M (100%)   
[2025-05-18T21:05:00.055+0300][8224][10156][info][gc,heap     ] GC(9)      Free:    10990M (89%)       10978M (89%)       12074M (98%)       12222M (99%)       12222M (99%)       10978M (89%)    
[2025-05-18T21:05:00.055+0300][8224][10156][info][gc,heap     ] GC(9)      Used:     1298M (11%)        1310M (11%)         214M (2%)           66M (1%)         1310M (11%)          66M (1%)     
[2025-05-18T21:05:00.055+0300][8224][10156][info][gc,heap     ] GC(9)      Live:         -                18M (0%)           18M (0%)           18M (0%)             -                  -          
[2025-05-18T21:05:00.055+0300][8224][10156][info][gc,heap     ] GC(9) Allocated:         -                12M (0%)           12M (0%)           12M (0%)             -                  -          
[2025-05-18T21:05:00.055+0300][8224][10156][info][gc,heap     ] GC(9)   Garbage:         -              1279M (10%)         183M (1%)           35M (0%)             -                  -          
[2025-05-18T21:05:00.055+0300][8224][10156][info][gc,heap     ] GC(9) Reclaimed:         -                  -              1096M (9%)         1244M (10%)            -                  -          
[2025-05-18T21:05:00.055+0300][8224][10156][info][gc          ] GC(9) Garbage Collection (Proactive) 1298M(11%)->66M(1%)
[2025-05-18T21:05:04.119+0300][8224][1648 ][info][gc,stats    ] === Garbage Collection Statistics =======================================================================================================================
[2025-05-18T21:05:04.119+0300][8224][1648 ][info][gc,stats    ]                                                              Last 10s              Last 10m              Last 10h                Total
[2025-05-18T21:05:04.119+0300][8224][1648 ][info][gc,stats    ]                                                              Avg / Max             Avg / Max             Avg / Max             Avg / Max
[2025-05-18T21:05:04.119+0300][8224][1648 ][info][gc,stats    ]   Collector: Garbage Collection Cycle                     39.288 / 39.288       41.807 / 60.626       41.807 / 60.626       41.807 / 60.626      ms
[2025-05-18T21:05:04.119+0300][8224][1648 ][info][gc,stats    ]  Contention: Mark Segment Reset Contention                     0 / 2                 0 / 9                 0 / 9                 0 / 9           ops/s
[2025-05-18T21:05:04.119+0300][8224][1648 ][info][gc,stats    ]  Contention: Mark SeqNum Reset Contention                      0 / 0                 0 / 1                 0 / 1                 0 / 1           ops/s
[2025-05-18T21:05:04.119+0300][8224][1648 ][info][gc,stats    ]    Critical: Allocation Stall                                  0 / 0                 0 / 0                 0 / 0                 0 / 0           ops/s
[2025-05-18T21:05:04.119+0300][8224][1648 ][info][gc,stats    ]    Critical: Allocation Stall                              0.000 / 0.000         0.000 / 0.000         0.000 / 0.000         0.000 / 0.000       ms
[2025-05-18T21:05:04.119+0300][8224][1648 ][info][gc,stats    ]    Critical: GC Locker Stall                                   0 / 0                 0 / 0                 0 / 0                 0 / 0           ops/s
[2025-05-18T21:05:04.119+0300][8224][1648 ][info][gc,stats    ]    Critical: GC Locker Stall                               0.000 / 0.000         0.000 / 0.000         0.000 / 0.000         0.000 / 0.000       ms
[2025-05-18T21:05:04.119+0300][8224][1648 ][info][gc,stats    ]    Critical: Relocation Stall                                  0 / 0                 0 / 0                 0 / 0                 0 / 0           ops/s
[2025-05-18T21:05:04.119+0300][8224][1648 ][info][gc,stats    ]    Critical: Relocation Stall                              0.000 / 0.000         0.000 / 0.000         0.000 / 0.000         0.000 / 0.000       ms
[2025-05-18T21:05:04.119+0300][8224][1648 ][info][gc,stats    ]      Memory: Allocation Rate                                  35 / 44               35 / 192              35 / 192              35 / 192         MB/s
[2025-05-18T21:05:04.119+0300][8224][1648 ][info][gc,stats    ]      Memory: Defragment                                        0 / 0                 0 / 0                 0 / 0                 0 / 0           ops/s
[2025-05-18T21:05:04.119+0300][8224][1648 ][info][gc,stats    ]      Memory: Out Of Memory                                     0 / 0                 0 / 0                 0 / 0                 0 / 0           ops/s
[2025-05-18T21:05:04.119+0300][8224][1648 ][info][gc,stats    ]      Memory: Page Cache Flush                                  0 / 0                 0 / 0                 0 / 0                 0 / 0           MB/s
[2025-05-18T21:05:04.119+0300][8224][1648 ][info][gc,stats    ]      Memory: Page Cache Hit L1                                18 / 24               13 / 60               13 / 60               13 / 60          ops/s
[2025-05-18T21:05:04.119+0300][8224][1648 ][info][gc,stats    ]      Memory: Page Cache Hit L2                                 0 / 0                 0 / 0                 0 / 0                 0 / 0           ops/s
[2025-05-18T21:05:04.119+0300][8224][1648 ][info][gc,stats    ]      Memory: Page Cache Hit L3                                 0 / 0                 4 / 33                4 / 33                4 / 33          ops/s
[2025-05-18T21:05:04.119+0300][8224][1648 ][info][gc,stats    ]      Memory: Page Cache Miss                                   0 / 0                 0 / 1                 0 / 1                 0 / 1           ops/s
[2025-05-18T21:05:04.119+0300][8224][1648 ][info][gc,stats    ]      Memory: Uncommit                                          0 / 0                 0 / 0                 0 / 0                 0 / 0           MB/s
[2025-05-18T21:05:04.119+0300][8224][1648 ][info][gc,stats    ]      Memory: Undo Object Allocation Failed                     0 / 0                 0 / 0                 0 / 0                 0 / 0           ops/s
[2025-05-18T21:05:04.119+0300][8224][1648 ][info][gc,stats    ]      Memory: Undo Object Allocation Succeeded                  0 / 0                 0 / 68                0 / 68                0 / 68          ops/s
[2025-05-18T21:05:04.119+0300][8224][1648 ][info][gc,stats    ]      Memory: Undo Page Allocation                              0 / 0                 0 / 3                 0 / 3                 0 / 3           ops/s
[2025-05-18T21:05:04.119+0300][8224][1648 ][info][gc,stats    ]       Phase: Concurrent Mark                              31.022 / 31.022       27.093 / 50.687       27.093 / 50.687       27.093 / 50.687      ms
[2025-05-18T21:05:04.119+0300][8224][1648 ][info][gc,stats    ]       Phase: Concurrent Mark Continue                      0.000 / 0.000         0.000 / 0.000         0.000 / 0.000         0.000 / 0.000       ms
[2025-05-18T21:05:04.119+0300][8224][1648 ][info][gc,stats    ]       Phase: Concurrent Mark Free                          0.001 / 0.001         0.001 / 0.001         0.001 / 0.001         0.001 / 0.001       ms
[2025-05-18T21:05:04.119+0300][8224][1648 ][info][gc,stats    ]       Phase: Concurrent Process Non-Strong References      5.324 / 5.324         9.152 / 19.782        9.152 / 19.782        9.152 / 19.782      ms
[2025-05-18T21:05:04.119+0300][8224][1648 ][info][gc,stats    ]       Phase: Concurrent Relocate                           0.814 / 0.814         1.941 / 5.216         1.941 / 5.216         1.941 / 5.216       ms
[2025-05-18T21:05:04.119+0300][8224][1648 ][info][gc,stats    ]       Phase: Concurrent Reset Relocation Set               0.004 / 0.004         0.003 / 0.006         0.003 / 0.006         0.003 / 0.006       ms
[2025-05-18T21:05:04.120+0300][8224][1648 ][info][gc,stats    ]       Phase: Concurrent Select Relocation Set              1.320 / 1.320         2.395 / 5.181         2.395 / 5.181         2.395 / 5.181       ms
[2025-05-18T21:05:04.120+0300][8224][1648 ][info][gc,stats    ]       Phase: Pause Mark End                                0.017 / 0.017         0.020 / 0.031         0.020 / 0.031         0.020 / 0.031       ms
[2025-05-18T21:05:04.120+0300][8224][1648 ][info][gc,stats    ]       Phase: Pause Mark Start                              0.008 / 0.008         0.011 / 0.025         0.011 / 0.025         0.011 / 0.025       ms
[2025-05-18T21:05:04.120+0300][8224][1648 ][info][gc,stats    ]       Phase: Pause Relocate Start                          0.005 / 0.005         0.039 / 0.339         0.039 / 0.339         0.039 / 0.339       ms
[2025-05-18T21:05:04.120+0300][8224][1648 ][info][gc,stats    ]    Subphase: Concurrent Classes Purge                      0.704 / 0.704         0.904 / 3.506         0.904 / 3.506         0.904 / 3.506       ms
[2025-05-18T21:05:04.120+0300][8224][1648 ][info][gc,stats    ]    Subphase: Concurrent Classes Unlink                     3.323 / 3.323         7.063 / 17.195        7.063 / 17.195        7.063 / 17.195      ms
[2025-05-18T21:05:04.120+0300][8224][1648 ][info][gc,stats    ]    Subphase: Concurrent Mark                              22.298 / 30.174       20.704 / 39.705       20.704 / 39.705       20.704 / 39.705      ms
[2025-05-18T21:05:04.120+0300][8224][1648 ][info][gc,stats    ]    Subphase: Concurrent Mark Try Flush                     0.127 / 0.139         0.141 / 0.534         0.141 / 0.534         0.141 / 0.534       ms
[2025-05-18T21:05:04.120+0300][8224][1648 ][info][gc,stats    ]    Subphase: Concurrent Mark Try Terminate                 5.465 / 16.273        2.810 / 16.273        2.810 / 16.273        2.810 / 16.273      ms
[2025-05-18T21:05:04.120+0300][8224][1648 ][info][gc,stats    ]    Subphase: Concurrent References Enqueue                 0.000 / 0.000         0.003 / 0.004         0.003 / 0.004         0.003 / 0.004       ms
[2025-05-18T21:05:04.120+0300][8224][1648 ][info][gc,stats    ]    Subphase: Concurrent References Process                 0.102 / 0.102         0.167 / 0.336         0.167 / 0.336         0.167 / 0.336       ms
[2025-05-18T21:05:04.120+0300][8224][1648 ][info][gc,stats    ]    Subphase: Concurrent Roots ClassLoaderDataGraph         0.254 / 0.466         0.268 / 1.010         0.268 / 1.010         0.268 / 1.010       ms
[2025-05-18T21:05:04.120+0300][8224][1648 ][info][gc,stats    ]    Subphase: Concurrent Roots CodeCache                    0.000 / 0.000         0.000 / 0.000         0.000 / 0.000         0.000 / 0.000       ms
[2025-05-18T21:05:04.120+0300][8224][1648 ][info][gc,stats    ]    Subphase: Concurrent Roots JavaThreads                  0.448 / 0.665         2.078 / 10.813        2.078 / 10.813        2.078 / 10.813      ms
[2025-05-18T21:05:04.120+0300][8224][1648 ][info][gc,stats    ]    Subphase: Concurrent Roots OopStorageSet                0.030 / 0.036         0.077 / 0.211         0.077 / 0.211         0.077 / 0.211       ms
[2025-05-18T21:05:04.120+0300][8224][1648 ][info][gc,stats    ]    Subphase: Concurrent Weak Roots OopStorageSet           0.898 / 0.899         0.721 / 1.209         0.721 / 1.209         0.721 / 1.209       ms
[2025-05-18T21:05:04.120+0300][8224][1648 ][info][gc,stats    ]    Subphase: Pause Mark Try Complete                       0.000 / 0.000         0.000 / 0.000         0.000 / 0.000         0.000 / 0.000       ms
[2025-05-18T21:05:04.120+0300][8224][1648 ][info][gc,stats    ]      System: Java Threads                                     32 / 32               29 / 34               29 / 34               29 / 34          threads
[2025-05-18T21:05:04.120+0300][8224][1648 ][info][gc,stats    ] =========================================================================================================================================================
[2025-05-18T21:05:14.116+0300][8224][1648 ][info][gc,stats    ] === Garbage Collection Statistics =======================================================================================================================
[2025-05-18T21:05:14.116+0300][8224][1648 ][info][gc,stats    ]                                                              Last 10s              Last 10m              Last 10h                Total
[2025-05-18T21:05:14.116+0300][8224][1648 ][info][gc,stats    ]                                                              Avg / Max             Avg / Max             Avg / Max             Avg / Max
[2025-05-18T21:05:14.116+0300][8224][1648 ][info][gc,stats    ]   Collector: Garbage Collection Cycle                      0.000 / 0.000        41.807 / 60.626       41.807 / 60.626       41.807 / 60.626      ms
[2025-05-18T21:05:14.116+0300][8224][1648 ][info][gc,stats    ]  Contention: Mark Segment Reset Contention                     0 / 0                 0 / 9                 0 / 9                 0 / 9           ops/s
[2025-05-18T21:05:14.116+0300][8224][1648 ][info][gc,stats    ]  Contention: Mark SeqNum Reset Contention                      0 / 0                 0 / 1                 0 / 1                 0 / 1           ops/s
[2025-05-18T21:05:14.116+0300][8224][1648 ][info][gc,stats    ]    Critical: Allocation Stall                                  0 / 0                 0 / 0                 0 / 0                 0 / 0           ops/s
[2025-05-18T21:05:14.116+0300][8224][1648 ][info][gc,stats    ]    Critical: Allocation Stall                              0.000 / 0.000         0.000 / 0.000         0.000 / 0.000         0.000 / 0.000       ms
[2025-05-18T21:05:14.116+0300][8224][1648 ][info][gc,stats    ]    Critical: GC Locker Stall                                   0 / 0                 0 / 0                 0 / 0                 0 / 0           ops/s
[2025-05-18T21:05:14.116+0300][8224][1648 ][info][gc,stats    ]    Critical: GC Locker Stall                               0.000 / 0.000         0.000 / 0.000         0.000 / 0.000         0.000 / 0.000       ms
[2025-05-18T21:05:14.116+0300][8224][1648 ][info][gc,stats    ]    Critical: Relocation Stall                                  0 / 0                 0 / 0                 0 / 0                 0 / 0           ops/s
[2025-05-18T21:05:14.116+0300][8224][1648 ][info][gc,stats    ]    Critical: Relocation Stall                              0.000 / 0.000         0.000 / 0.000         0.000 / 0.000         0.000 / 0.000       ms
[2025-05-18T21:05:14.116+0300][8224][1648 ][info][gc,stats    ]      Memory: Allocation Rate                                  33 / 36               35 / 192              35 / 192              35 / 192         MB/s
[2025-05-18T21:05:14.116+0300][8224][1648 ][info][gc,stats    ]      Memory: Defragment                                        0 / 0                 0 / 0                 0 / 0                 0 / 0           ops/s
[2025-05-18T21:05:14.116+0300][8224][1648 ][info][gc,stats    ]      Memory: Out Of Memory                                     0 / 0                 0 / 0                 0 / 0                 0 / 0           ops/s
[2025-05-18T21:05:14.116+0300][8224][1648 ][info][gc,stats    ]      Memory: Page Cache Flush                                  0 / 0                 0 / 0                 0 / 0                 0 / 0           MB/s
[2025-05-18T21:05:14.116+0300][8224][1648 ][info][gc,stats    ]      Memory: Page Cache Hit L1                                16 / 18               13 / 60               13 / 60               13 / 60          ops/s
[2025-05-18T21:05:14.116+0300][8224][1648 ][info][gc,stats    ]      Memory: Page Cache Hit L2                                 0 / 0                 0 / 0                 0 / 0                 0 / 0           ops/s
[2025-05-18T21:05:14.116+0300][8224][1648 ][info][gc,stats    ]      Memory: Page Cache Hit L3                                 0 / 0                 4 / 33                4 / 33                4 / 33          ops/s
[2025-05-18T21:05:14.116+0300][8224][1648 ][info][gc,stats    ]      Memory: Page Cache Miss                                   0 / 0                 0 / 1                 0 / 1                 0 / 1           ops/s
[2025-05-18T21:05:14.116+0300][8224][1648 ][info][gc,stats    ]      Memory: Uncommit                                          0 / 0                 0 / 0                 0 / 0                 0 / 0           MB/s
[2025-05-18T21:05:14.116+0300][8224][1648 ][info][gc,stats    ]      Memory: Undo Object Allocation Failed                     0 / 0                 0 / 0                 0 / 0                 0 / 0           ops/s
[2025-05-18T21:05:14.116+0300][8224][1648 ][info][gc,stats    ]      Memory: Undo Object Allocation Succeeded                  0 / 0                 0 / 68                0 / 68                0 / 68          ops/s
[2025-05-18T21:05:14.116+0300][8224][1648 ][info][gc,stats    ]      Memory: Undo Page Allocation                              0 / 0                 0 / 3                 0 / 3                 0 / 3           ops/s
[2025-05-18T21:05:14.116+0300][8224][1648 ][info][gc,stats    ]       Phase: Concurrent Mark                               0.000 / 0.000        27.093 / 50.687       27.093 / 50.687       27.093 / 50.687      ms
[2025-05-18T21:05:14.116+0300][8224][1648 ][info][gc,stats    ]       Phase: Concurrent Mark Continue                      0.000 / 0.000         0.000 / 0.000         0.000 / 0.000         0.000 / 0.000       ms
[2025-05-18T21:05:14.116+0300][8224][1648 ][info][gc,stats    ]       Phase: Concurrent Mark Free                          0.000 / 0.000         0.001 / 0.001         0.001 / 0.001         0.001 / 0.001       ms
[2025-05-18T21:05:14.116+0300][8224][1648 ][info][gc,stats    ]       Phase: Concurrent Process Non-Strong References      0.000 / 0.000         9.152 / 19.782        9.152 / 19.782        9.152 / 19.782      ms
[2025-05-18T21:05:14.116+0300][8224][1648 ][info][gc,stats    ]       Phase: Concurrent Relocate                           0.000 / 0.000         1.941 / 5.216         1.941 / 5.216         1.941 / 5.216       ms
[2025-05-18T21:05:14.116+0300][8224][1648 ][info][gc,stats    ]       Phase: Concurrent Reset Relocation Set               0.000 / 0.000         0.003 / 0.006         0.003 / 0.006         0.003 / 0.006       ms
[2025-05-18T21:05:14.116+0300][8224][1648 ][info][gc,stats    ]       Phase: Concurrent Select Relocation Set              0.000 / 0.000         2.395 / 5.181         2.395 / 5.181         2.395 / 5.181       ms
[2025-05-18T21:05:14.116+0300][8224][1648 ][info][gc,stats    ]       Phase: Pause Mark End                                0.000 / 0.000         0.020 / 0.031         0.020 / 0.031         0.020 / 0.031       ms
[2025-05-18T21:05:14.116+0300][8224][1648 ][info][gc,stats    ]       Phase: Pause Mark Start                              0.000 / 0.000         0.011 / 0.025         0.011 / 0.025         0.011 / 0.025       ms
[2025-05-18T21:05:14.116+0300][8224][1648 ][info][gc,stats    ]       Phase: Pause Relocate Start                          0.000 / 0.000         0.039 / 0.339         0.039 / 0.339         0.039 / 0.339       ms
[2025-05-18T21:05:14.116+0300][8224][1648 ][info][gc,stats    ]    Subphase: Concurrent Classes Purge                      0.000 / 0.000         0.904 / 3.506         0.904 / 3.506         0.904 / 3.506       ms
[2025-05-18T21:05:14.116+0300][8224][1648 ][info][gc,stats    ]    Subphase: Concurrent Classes Unlink                     0.000 / 0.000         7.063 / 17.195        7.063 / 17.195        7.063 / 17.195      ms
[2025-05-18T21:05:14.116+0300][8224][1648 ][info][gc,stats    ]    Subphase: Concurrent Mark                               0.000 / 0.000        20.704 / 39.705       20.704 / 39.705       20.704 / 39.705      ms
[2025-05-18T21:05:14.116+0300][8224][1648 ][info][gc,stats    ]    Subphase: Concurrent Mark Try Flush                     0.000 / 0.000         0.141 / 0.534         0.141 / 0.534         0.141 / 0.534       ms
[2025-05-18T21:05:14.116+0300][8224][1648 ][info][gc,stats    ]    Subphase: Concurrent Mark Try Terminate                 0.000 / 0.000         2.810 / 16.273        2.810 / 16.273        2.810 / 16.273      ms
[2025-05-18T21:05:14.116+0300][8224][1648 ][info][gc,stats    ]    Subphase: Concurrent References Enqueue                 0.000 / 0.000         0.003 / 0.004         0.003 / 0.004         0.003 / 0.004       ms
[2025-05-18T21:05:14.116+0300][8224][1648 ][info][gc,stats    ]    Subphase: Concurrent References Process                 0.000 / 0.000         0.167 / 0.336         0.167 / 0.336         0.167 / 0.336       ms
[2025-05-18T21:05:14.116+0300][8224][1648 ][info][gc,stats    ]    Subphase: Concurrent Roots ClassLoaderDataGraph         0.000 / 0.000         0.268 / 1.010         0.268 / 1.010         0.268 / 1.010       ms
[2025-05-18T21:05:14.116+0300][8224][1648 ][info][gc,stats    ]    Subphase: Concurrent Roots CodeCache                    0.000 / 0.000         0.000 / 0.000         0.000 / 0.000         0.000 / 0.000       ms
[2025-05-18T21:05:14.116+0300][8224][1648 ][info][gc,stats    ]    Subphase: Concurrent Roots JavaThreads                  0.000 / 0.000         2.078 / 10.813        2.078 / 10.813        2.078 / 10.813      ms
[2025-05-18T21:05:14.116+0300][8224][1648 ][info][gc,stats    ]    Subphase: Concurrent Roots OopStorageSet                0.000 / 0.000         0.077 / 0.211         0.077 / 0.211         0.077 / 0.211       ms
[2025-05-18T21:05:14.116+0300][8224][1648 ][info][gc,stats    ]    Subphase: Concurrent Weak Roots OopStorageSet           0.000 / 0.000         0.721 / 1.209         0.721 / 1.209         0.721 / 1.209       ms
[2025-05-18T21:05:14.117+0300][8224][1648 ][info][gc,stats    ]    Subphase: Pause Mark Try Complete                       0.000 / 0.000         0.000 / 0.000         0.000 / 0.000         0.000 / 0.000       ms
[2025-05-18T21:05:14.117+0300][8224][1648 ][info][gc,stats    ]      System: Java Threads                                      0 / 0                29 / 34               29 / 34               29 / 34          threads
[2025-05-18T21:05:14.117+0300][8224][1648 ][info][gc,stats    ] =========================================================================================================================================================
[2025-05-18T21:05:24.124+0300][8224][1648 ][info][gc,stats    ] === Garbage Collection Statistics =======================================================================================================================
[2025-05-18T21:05:24.124+0300][8224][1648 ][info][gc,stats    ]                                                              Last 10s              Last 10m              Last 10h                Total
[2025-05-18T21:05:24.124+0300][8224][1648 ][info][gc,stats    ]                                                              Avg / Max             Avg / Max             Avg / Max             Avg / Max
[2025-05-18T21:05:24.124+0300][8224][1648 ][info][gc,stats    ]   Collector: Garbage Collection Cycle                      0.000 / 0.000        41.807 / 60.626       41.807 / 60.626       41.807 / 60.626      ms
[2025-05-18T21:05:24.124+0300][8224][1648 ][info][gc,stats    ]  Contention: Mark Segment Reset Contention                     0 / 0                 0 / 9                 0 / 9                 0 / 9           ops/s
[2025-05-18T21:05:24.124+0300][8224][1648 ][info][gc,stats    ]  Contention: Mark SeqNum Reset Contention                      0 / 0                 0 / 1                 0 / 1                 0 / 1           ops/s
[2025-05-18T21:05:24.124+0300][8224][1648 ][info][gc,stats    ]    Critical: Allocation Stall                                  0 / 0                 0 / 0                 0 / 0                 0 / 0           ops/s
[2025-05-18T21:05:24.124+0300][8224][1648 ][info][gc,stats    ]    Critical: Allocation Stall                              0.000 / 0.000         0.000 / 0.000         0.000 / 0.000         0.000 / 0.000       ms
[2025-05-18T21:05:24.124+0300][8224][1648 ][info][gc,stats    ]    Critical: GC Locker Stall                                   0 / 0                 0 / 0                 0 / 0                 0 / 0           ops/s
[2025-05-18T21:05:24.124+0300][8224][1648 ][info][gc,stats    ]    Critical: GC Locker Stall                               0.000 / 0.000         0.000 / 0.000         0.000 / 0.000         0.000 / 0.000       ms
[2025-05-18T21:05:24.124+0300][8224][1648 ][info][gc,stats    ]    Critical: Relocation Stall                                  0 / 0                 0 / 0                 0 / 0                 0 / 0           ops/s
[2025-05-18T21:05:24.124+0300][8224][1648 ][info][gc,stats    ]    Critical: Relocation Stall                              0.000 / 0.000         0.000 / 0.000         0.000 / 0.000         0.000 / 0.000       ms
[2025-05-18T21:05:24.124+0300][8224][1648 ][info][gc,stats    ]      Memory: Allocation Rate                                  35 / 40               35 / 192              35 / 192              35 / 192         MB/s
[2025-05-18T21:05:24.124+0300][8224][1648 ][info][gc,stats    ]      Memory: Defragment                                        0 / 0                 0 / 0                 0 / 0                 0 / 0           ops/s
[2025-05-18T21:05:24.124+0300][8224][1648 ][info][gc,stats    ]      Memory: Out Of Memory                                     0 / 0                 0 / 0                 0 / 0                 0 / 0           ops/s
[2025-05-18T21:05:24.124+0300][8224][1648 ][info][gc,stats    ]      Memory: Page Cache Flush                                  0 / 0                 0 / 0                 0 / 0                 0 / 0           MB/s
[2025-05-18T21:05:24.124+0300][8224][1648 ][info][gc,stats    ]      Memory: Page Cache Hit L1                                17 / 20               13 / 60               13 / 60               13 / 60          ops/s
[2025-05-18T21:05:24.124+0300][8224][1648 ][info][gc,stats    ]      Memory: Page Cache Hit L2                                 0 / 0                 0 / 0                 0 / 0                 0 / 0           ops/s
[2025-05-18T21:05:24.124+0300][8224][1648 ][info][gc,stats    ]      Memory: Page Cache Hit L3                                 0 / 0                 4 / 33                4 / 33                4 / 33          ops/s
[2025-05-18T21:05:24.124+0300][8224][1648 ][info][gc,stats    ]      Memory: Page Cache Miss                                   0 / 0                 0 / 1                 0 / 1                 0 / 1           ops/s
[2025-05-18T21:05:24.124+0300][8224][1648 ][info][gc,stats    ]      Memory: Uncommit                                          0 / 0                 0 / 0                 0 / 0                 0 / 0           MB/s
[2025-05-18T21:05:24.124+0300][8224][1648 ][info][gc,stats    ]      Memory: Undo Object Allocation Failed                     0 / 0                 0 / 0                 0 / 0                 0 / 0           ops/s
[2025-05-18T21:05:24.125+0300][8224][1648 ][info][gc,stats    ]      Memory: Undo Object Allocation Succeeded                  0 / 0                 0 / 68                0 / 68                0 / 68          ops/s
[2025-05-18T21:05:24.125+0300][8224][1648 ][info][gc,stats    ]      Memory: Undo Page Allocation                              0 / 1                 0 / 3                 0 / 3                 0 / 3           ops/s
[2025-05-18T21:05:24.125+0300][8224][1648 ][info][gc,stats    ]       Phase: Concurrent Mark                               0.000 / 0.000        27.093 / 50.687       27.093 / 50.687       27.093 / 50.687      ms
[2025-05-18T21:05:24.125+0300][8224][1648 ][info][gc,stats    ]       Phase: Concurrent Mark Continue                      0.000 / 0.000         0.000 / 0.000         0.000 / 0.000         0.000 / 0.000       ms
[2025-05-18T21:05:24.125+0300][8224][1648 ][info][gc,stats    ]       Phase: Concurrent Mark Free                          0.000 / 0.000         0.001 / 0.001         0.001 / 0.001         0.001 / 0.001       ms
[2025-05-18T21:05:24.125+0300][8224][1648 ][info][gc,stats    ]       Phase: Concurrent Process Non-Strong References      0.000 / 0.000         9.152 / 19.782        9.152 / 19.782        9.152 / 19.782      ms
[2025-05-18T21:05:24.125+0300][8224][1648 ][info][gc,stats    ]       Phase: Concurrent Relocate                           0.000 / 0.000         1.941 / 5.216         1.941 / 5.216         1.941 / 5.216       ms
[2025-05-18T21:05:24.125+0300][8224][1648 ][info][gc,stats    ]       Phase: Concurrent Reset Relocation Set               0.000 / 0.000         0.003 / 0.006         0.003 / 0.006         0.003 / 0.006       ms
[2025-05-18T21:05:24.125+0300][8224][1648 ][info][gc,stats    ]       Phase: Concurrent Select Relocation Set              0.000 / 0.000         2.395 / 5.181         2.395 / 5.181         2.395 / 5.181       ms
[2025-05-18T21:05:24.125+0300][8224][1648 ][info][gc,stats    ]       Phase: Pause Mark End                                0.000 / 0.000         0.020 / 0.031         0.020 / 0.031         0.020 / 0.031       ms
[2025-05-18T21:05:24.125+0300][8224][1648 ][info][gc,stats    ]       Phase: Pause Mark Start                              0.000 / 0.000         0.011 / 0.025         0.011 / 0.025         0.011 / 0.025       ms
[2025-05-18T21:05:24.125+0300][8224][1648 ][info][gc,stats    ]       Phase: Pause Relocate Start                          0.000 / 0.000         0.039 / 0.339         0.039 / 0.339         0.039 / 0.339       ms
[2025-05-18T21:05:24.125+0300][8224][1648 ][info][gc,stats    ]    Subphase: Concurrent Classes Purge                      0.000 / 0.000         0.904 / 3.506         0.904 / 3.506         0.904 / 3.506       ms
[2025-05-18T21:05:24.125+0300][8224][1648 ][info][gc,stats    ]    Subphase: Concurrent Classes Unlink                     0.000 / 0.000         7.063 / 17.195        7.063 / 17.195        7.063 / 17.195      ms
[2025-05-18T21:05:24.125+0300][8224][1648 ][info][gc,stats    ]    Subphase: Concurrent Mark                               0.000 / 0.000        20.704 / 39.705       20.704 / 39.705       20.704 / 39.705      ms
[2025-05-18T21:05:24.125+0300][8224][1648 ][info][gc,stats    ]    Subphase: Concurrent Mark Try Flush                     0.000 / 0.000         0.141 / 0.534         0.141 / 0.534         0.141 / 0.534       ms
[2025-05-18T21:05:24.125+0300][8224][1648 ][info][gc,stats    ]    Subphase: Concurrent Mark Try Terminate                 0.000 / 0.000         2.810 / 16.273        2.810 / 16.273        2.810 / 16.273      ms
[2025-05-18T21:05:24.125+0300][8224][1648 ][info][gc,stats    ]    Subphase: Concurrent References Enqueue                 0.000 / 0.000         0.003 / 0.004         0.003 / 0.004         0.003 / 0.004       ms
[2025-05-18T21:05:24.125+0300][8224][1648 ][info][gc,stats    ]    Subphase: Concurrent References Process                 0.000 / 0.000         0.167 / 0.336         0.167 / 0.336         0.167 / 0.336       ms
[2025-05-18T21:05:24.125+0300][8224][1648 ][info][gc,stats    ]    Subphase: Concurrent Roots ClassLoaderDataGraph         0.000 / 0.000         0.268 / 1.010         0.268 / 1.010         0.268 / 1.010       ms
[2025-05-18T21:05:24.125+0300][8224][1648 ][info][gc,stats    ]    Subphase: Concurrent Roots CodeCache                    0.000 / 0.000         0.000 / 0.000         0.000 / 0.000         0.000 / 0.000       ms
[2025-05-18T21:05:24.125+0300][8224][1648 ][info][gc,stats    ]    Subphase: Concurrent Roots JavaThreads                  0.000 / 0.000         2.078 / 10.813        2.078 / 10.813        2.078 / 10.813      ms
[2025-05-18T21:05:24.125+0300][8224][1648 ][info][gc,stats    ]    Subphase: Concurrent Roots OopStorageSet                0.000 / 0.000         0.077 / 0.211         0.077 / 0.211         0.077 / 0.211       ms
[2025-05-18T21:05:24.125+0300][8224][1648 ][info][gc,stats    ]    Subphase: Concurrent Weak Roots OopStorageSet           0.000 / 0.000         0.721 / 1.209         0.721 / 1.209         0.721 / 1.209       ms
[2025-05-18T21:05:24.125+0300][8224][1648 ][info][gc,stats    ]    Subphase: Pause Mark Try Complete                       0.000 / 0.000         0.000 / 0.000         0.000 / 0.000         0.000 / 0.000       ms
[2025-05-18T21:05:24.125+0300][8224][1648 ][info][gc,stats    ]      System: Java Threads                                      0 / 0                29 / 34               29 / 34               29 / 34          threads
[2025-05-18T21:05:24.125+0300][8224][1648 ][info][gc,stats    ] =========================================================================================================================================================
[2025-05-18T21:05:34.117+0300][8224][1648 ][info][gc,stats    ] === Garbage Collection Statistics =======================================================================================================================
[2025-05-18T21:05:34.117+0300][8224][1648 ][info][gc,stats    ]                                                              Last 10s              Last 10m              Last 10h                Total
[2025-05-18T21:05:34.117+0300][8224][1648 ][info][gc,stats    ]                                                              Avg / Max             Avg / Max             Avg / Max             Avg / Max
[2025-05-18T21:05:34.117+0300][8224][1648 ][info][gc,stats    ]   Collector: Garbage Collection Cycle                      0.000 / 0.000        41.807 / 60.626       41.807 / 60.626       41.807 / 60.626      ms
[2025-05-18T21:05:34.117+0300][8224][1648 ][info][gc,stats    ]  Contention: Mark Segment Reset Contention                     0 / 0                 0 / 9                 0 / 9                 0 / 9           ops/s
[2025-05-18T21:05:34.117+0300][8224][1648 ][info][gc,stats    ]  Contention: Mark SeqNum Reset Contention                      0 / 0                 0 / 1                 0 / 1                 0 / 1           ops/s
[2025-05-18T21:05:34.117+0300][8224][1648 ][info][gc,stats    ]    Critical: Allocation Stall                                  0 / 0                 0 / 0                 0 / 0                 0 / 0           ops/s
[2025-05-18T21:05:34.117+0300][8224][1648 ][info][gc,stats    ]    Critical: Allocation Stall                              0.000 / 0.000         0.000 / 0.000         0.000 / 0.000         0.000 / 0.000       ms
[2025-05-18T21:05:34.117+0300][8224][1648 ][info][gc,stats    ]    Critical: GC Locker Stall                                   0 / 0                 0 / 0                 0 / 0                 0 / 0           ops/s
[2025-05-18T21:05:34.117+0300][8224][1648 ][info][gc,stats    ]    Critical: GC Locker Stall                               0.000 / 0.000         0.000 / 0.000         0.000 / 0.000         0.000 / 0.000       ms
[2025-05-18T21:05:34.117+0300][8224][1648 ][info][gc,stats    ]    Critical: Relocation Stall                                  0 / 0                 0 / 0                 0 / 0                 0 / 0           ops/s
[2025-05-18T21:05:34.117+0300][8224][1648 ][info][gc,stats    ]    Critical: Relocation Stall                              0.000 / 0.000         0.000 / 0.000         0.000 / 0.000         0.000 / 0.000       ms
[2025-05-18T21:05:34.117+0300][8224][1648 ][info][gc,stats    ]      Memory: Allocation Rate                                  34 / 38               35 / 192              35 / 192              35 / 192         MB/s
[2025-05-18T21:05:34.117+0300][8224][1648 ][info][gc,stats    ]      Memory: Defragment                                        0 / 0                 0 / 0                 0 / 0                 0 / 0           ops/s
[2025-05-18T21:05:34.118+0300][8224][1648 ][info][gc,stats    ]      Memory: Out Of Memory                                     0 / 0                 0 / 0                 0 / 0                 0 / 0           ops/s
[2025-05-18T21:05:34.118+0300][8224][1648 ][info][gc,stats    ]      Memory: Page Cache Flush                                  0 / 0                 0 / 0                 0 / 0                 0 / 0           MB/s
[2025-05-18T21:05:34.118+0300][8224][1648 ][info][gc,stats    ]      Memory: Page Cache Hit L1                                17 / 19               13 / 60               13 / 60               13 / 60          ops/s
[2025-05-18T21:05:34.118+0300][8224][1648 ][info][gc,stats    ]      Memory: Page Cache Hit L2                                 0 / 0                 0 / 0                 0 / 0                 0 / 0           ops/s
[2025-05-18T21:05:34.118+0300][8224][1648 ][info][gc,stats    ]      Memory: Page Cache Hit L3                                 0 / 0                 4 / 33                4 / 33                4 / 33          ops/s
[2025-05-18T21:05:34.118+0300][8224][1648 ][info][gc,stats    ]      Memory: Page Cache Miss                                   0 / 0                 0 / 1                 0 / 1                 0 / 1           ops/s
[2025-05-18T21:05:34.118+0300][8224][1648 ][info][gc,stats    ]      Memory: Uncommit                                          0 / 0                 0 / 0                 0 / 0                 0 / 0           MB/s
[2025-05-18T21:05:34.118+0300][8224][1648 ][info][gc,stats    ]      Memory: Undo Object Allocation Failed                     0 / 0                 0 / 0                 0 / 0                 0 / 0           ops/s
[2025-05-18T21:05:34.118+0300][8224][1648 ][info][gc,stats    ]      Memory: Undo Object Allocation Succeeded                  0 / 0                 0 / 68                0 / 68                0 / 68          ops/s
[2025-05-18T21:05:34.118+0300][8224][1648 ][info][gc,stats    ]      Memory: Undo Page Allocation                              0 / 1                 0 / 3                 0 / 3                 0 / 3           ops/s
[2025-05-18T21:05:34.118+0300][8224][1648 ][info][gc,stats    ]       Phase: Concurrent Mark                               0.000 / 0.000        27.093 / 50.687       27.093 / 50.687       27.093 / 50.687      ms
[2025-05-18T21:05:34.118+0300][8224][1648 ][info][gc,stats    ]       Phase: Concurrent Mark Continue                      0.000 / 0.000         0.000 / 0.000         0.000 / 0.000         0.000 / 0.000       ms
[2025-05-18T21:05:34.118+0300][8224][1648 ][info][gc,stats    ]       Phase: Concurrent Mark Free                          0.000 / 0.000         0.001 / 0.001         0.001 / 0.001         0.001 / 0.001       ms
[2025-05-18T21:05:34.118+0300][8224][1648 ][info][gc,stats    ]       Phase: Concurrent Process Non-Strong References      0.000 / 0.000         9.152 / 19.782        9.152 / 19.782        9.152 / 19.782      ms
[2025-05-18T21:05:34.118+0300][8224][1648 ][info][gc,stats    ]       Phase: Concurrent Relocate                           0.000 / 0.000         1.941 / 5.216         1.941 / 5.216         1.941 / 5.216       ms
[2025-05-18T21:05:34.118+0300][8224][1648 ][info][gc,stats    ]       Phase: Concurrent Reset Relocation Set               0.000 / 0.000         0.003 / 0.006         0.003 / 0.006         0.003 / 0.006       ms
[2025-05-18T21:05:34.118+0300][8224][1648 ][info][gc,stats    ]       Phase: Concurrent Select Relocation Set              0.000 / 0.000         2.395 / 5.181         2.395 / 5.181         2.395 / 5.181       ms
[2025-05-18T21:05:34.118+0300][8224][1648 ][info][gc,stats    ]       Phase: Pause Mark End                                0.000 / 0.000         0.020 / 0.031         0.020 / 0.031         0.020 / 0.031       ms
[2025-05-18T21:05:34.118+0300][8224][1648 ][info][gc,stats    ]       Phase: Pause Mark Start                              0.000 / 0.000         0.011 / 0.025         0.011 / 0.025         0.011 / 0.025       ms
[2025-05-18T21:05:34.118+0300][8224][1648 ][info][gc,stats    ]       Phase: Pause Relocate Start                          0.000 / 0.000         0.039 / 0.339         0.039 / 0.339         0.039 / 0.339       ms
[2025-05-18T21:05:34.118+0300][8224][1648 ][info][gc,stats    ]    Subphase: Concurrent Classes Purge                      0.000 / 0.000         0.904 / 3.506         0.904 / 3.506         0.904 / 3.506       ms
[2025-05-18T21:05:34.118+0300][8224][1648 ][info][gc,stats    ]    Subphase: Concurrent Classes Unlink                     0.000 / 0.000         7.063 / 17.195        7.063 / 17.195        7.063 / 17.195      ms
[2025-05-18T21:05:34.118+0300][8224][1648 ][info][gc,stats    ]    Subphase: Concurrent Mark                               0.000 / 0.000        20.704 / 39.705       20.704 / 39.705       20.704 / 39.705      ms
[2025-05-18T21:05:34.118+0300][8224][1648 ][info][gc,stats    ]    Subphase: Concurrent Mark Try Flush                     0.000 / 0.000         0.141 / 0.534         0.141 / 0.534         0.141 / 0.534       ms
[2025-05-18T21:05:34.118+0300][8224][1648 ][info][gc,stats    ]    Subphase: Concurrent Mark Try Terminate                 0.000 / 0.000         2.810 / 16.273        2.810 / 16.273        2.810 / 16.273      ms
[2025-05-18T21:05:34.118+0300][8224][1648 ][info][gc,stats    ]    Subphase: Concurrent References Enqueue                 0.000 / 0.000         0.003 / 0.004         0.003 / 0.004         0.003 / 0.004       ms
[2025-05-18T21:05:34.118+0300][8224][1648 ][info][gc,stats    ]    Subphase: Concurrent References Process                 0.000 / 0.000         0.167 / 0.336         0.167 / 0.336         0.167 / 0.336       ms
[2025-05-18T21:05:34.118+0300][8224][1648 ][info][gc,stats    ]    Subphase: Concurrent Roots ClassLoaderDataGraph         0.000 / 0.000         0.268 / 1.010         0.268 / 1.010         0.268 / 1.010       ms
[2025-05-18T21:05:34.118+0300][8224][1648 ][info][gc,stats    ]    Subphase: Concurrent Roots CodeCache                    0.000 / 0.000         0.000 / 0.000         0.000 / 0.000         0.000 / 0.000       ms
[2025-05-18T21:05:34.119+0300][8224][1648 ][info][gc,stats    ]    Subphase: Concurrent Roots JavaThreads                  0.000 / 0.000         2.078 / 10.813        2.078 / 10.813        2.078 / 10.813      ms
[2025-05-18T21:05:34.119+0300][8224][1648 ][info][gc,stats    ]    Subphase: Concurrent Roots OopStorageSet                0.000 / 0.000         0.077 / 0.211         0.077 / 0.211         0.077 / 0.211       ms
[2025-05-18T21:05:34.119+0300][8224][1648 ][info][gc,stats    ]    Subphase: Concurrent Weak Roots OopStorageSet           0.000 / 0.000         0.721 / 1.209         0.721 / 1.209         0.721 / 1.209       ms
[2025-05-18T21:05:34.119+0300][8224][1648 ][info][gc,stats    ]    Subphase: Pause Mark Try Complete                       0.000 / 0.000         0.000 / 0.000         0.000 / 0.000         0.000 / 0.000       ms
[2025-05-18T21:05:34.119+0300][8224][1648 ][info][gc,stats    ]      System: Java Threads                                      0 / 0                29 / 34               29 / 34               29 / 34          threads
[2025-05-18T21:05:34.119+0300][8224][1648 ][info][gc,stats    ] =========================================================================================================================================================
[2025-05-18T21:05:35.513+0300][8224][10156][info][gc,start    ] GC(10) Garbage Collection (Proactive)
[2025-05-18T21:05:35.513+0300][8224][10156][info][gc,task     ] GC(10) Using 2 workers
[2025-05-18T21:05:35.513+0300][8224][23060][info][gc,phases   ] GC(10) Pause Mark Start 0.013ms
[2025-05-18T21:05:35.529+0300][8224][10156][info][gc,phases   ] GC(10) Concurrent Mark 15.308ms
[2025-05-18T21:05:35.529+0300][8224][23060][info][gc,phases   ] GC(10) Pause Mark End 0.016ms
[2025-05-18T21:05:35.529+0300][8224][10156][info][gc,phases   ] GC(10) Concurrent Mark Free 0.002ms
[2025-05-18T21:05:35.534+0300][8224][10156][info][gc,phases   ] GC(10) Concurrent Process Non-Strong References 4.643ms
[2025-05-18T21:05:35.534+0300][8224][10156][info][gc,phases   ] GC(10) Concurrent Reset Relocation Set 0.002ms
[2025-05-18T21:05:35.536+0300][8224][10156][info][gc,phases   ] GC(10) Concurrent Select Relocation Set 1.325ms
[2025-05-18T21:05:35.536+0300][8224][23060][info][gc,phases   ] GC(10) Pause Relocate Start 0.007ms
[2025-05-18T21:05:35.536+0300][8224][10156][info][gc,phases   ] GC(10) Concurrent Relocate 0.839ms
[2025-05-18T21:05:35.536+0300][8224][10156][info][gc,load     ] GC(10) Load: 0.00/0.00/0.00
[2025-05-18T21:05:35.536+0300][8224][10156][info][gc,mmu      ] GC(10) MMU: 2ms/83.1%, 5ms/93.2%, 10ms/96.3%, 20ms/98.2%, 50ms/99.3%, 100ms/99.6%
[2025-05-18T21:05:35.536+0300][8224][10156][info][gc,marking  ] GC(10) Mark: 2 stripe(s), 2 proactive flush(es), 1 terminate flush(es), 0 completion(s), 0 continuation(s) 
[2025-05-18T21:05:35.536+0300][8224][10156][info][gc,marking  ] GC(10) Mark Stack Usage: 32M
[2025-05-18T21:05:35.536+0300][8224][10156][info][gc,nmethod  ] GC(10) NMethods: 3942 registered, 1137 unregistered
[2025-05-18T21:05:35.536+0300][8224][10156][info][gc,metaspace] GC(10) Metaspace: 33M used, 34M committed, 1088M reserved
[2025-05-18T21:05:35.536+0300][8224][10156][info][gc,ref      ] GC(10) Soft: 4273 encountered, 0 discovered, 0 enqueued
[2025-05-18T21:05:35.536+0300][8224][10156][info][gc,ref      ] GC(10) Weak: 2492 encountered, 704 discovered, 1 enqueued
[2025-05-18T21:05:35.536+0300][8224][10156][info][gc,ref      ] GC(10) Final: 3 encountered, 1 discovered, 0 enqueued
[2025-05-18T21:05:35.536+0300][8224][10156][info][gc,ref      ] GC(10) Phantom: 277 encountered, 220 discovered, 0 enqueued
[2025-05-18T21:05:35.536+0300][8224][10156][info][gc,reloc    ] GC(10) Small Pages: 632 / 1264M, Empty: 1078M, Relocated: 1M, In-Place: 0
[2025-05-18T21:05:35.536+0300][8224][10156][info][gc,reloc    ] GC(10) Medium Pages: 1 / 32M, Empty: 0M, Relocated: 0M, In-Place: 0
[2025-05-18T21:05:35.536+0300][8224][10156][info][gc,reloc    ] GC(10) Large Pages: 0 / 0M, Empty: 0M, Relocated: 0M, In-Place: 0
[2025-05-18T21:05:35.536+0300][8224][10156][info][gc,reloc    ] GC(10) Forwarding Usage: 0M
[2025-05-18T21:05:35.536+0300][8224][10156][info][gc,heap     ] GC(10) Min Capacity: 12288M(100%)
[2025-05-18T21:05:35.536+0300][8224][10156][info][gc,heap     ] GC(10) Max Capacity: 12288M(100%)
[2025-05-18T21:05:35.536+0300][8224][10156][info][gc,heap     ] GC(10) Soft Max Capacity: 12288M(100%)
[2025-05-18T21:05:35.536+0300][8224][10156][info][gc,heap     ] GC(10)                Mark Start          Mark End        Relocate Start      Relocate End           High               Low         
[2025-05-18T21:05:35.536+0300][8224][10156][info][gc,heap     ] GC(10)  Capacity:    12288M (100%)      12288M (100%)      12288M (100%)      12288M (100%)      12288M (100%)      12288M (100%)   
[2025-05-18T21:05:35.536+0300][8224][10156][info][gc,heap     ] GC(10)      Free:    10992M (89%)       10978M (89%)       12056M (98%)       12220M (99%)       12220M (99%)       10978M (89%)    
[2025-05-18T21:05:35.537+0300][8224][10156][info][gc,heap     ] GC(10)      Used:     1296M (11%)        1310M (11%)         232M (2%)           68M (1%)         1310M (11%)          68M (1%)     
[2025-05-18T21:05:35.537+0300][8224][10156][info][gc,heap     ] GC(10)      Live:         -                18M (0%)           18M (0%)           18M (0%)             -                  -          
[2025-05-18T21:05:35.537+0300][8224][10156][info][gc,heap     ] GC(10) Allocated:         -                14M (0%)           14M (0%)           14M (0%)             -                  -          
[2025-05-18T21:05:35.537+0300][8224][10156][info][gc,heap     ] GC(10)   Garbage:         -              1277M (10%)         199M (2%)           35M (0%)             -                  -          
[2025-05-18T21:05:35.537+0300][8224][10156][info][gc,heap     ] GC(10) Reclaimed:         -                  -              1078M (9%)         1242M (10%)            -                  -          
[2025-05-18T21:05:35.537+0300][8224][10156][info][gc          ] GC(10) Garbage Collection (Proactive) 1296M(11%)->68M(1%)
[2025-05-18T21:05:44.118+0300][8224][1648 ][info][gc,stats    ] === Garbage Collection Statistics =======================================================================================================================
[2025-05-18T21:05:44.118+0300][8224][1648 ][info][gc,stats    ]                                                              Last 10s              Last 10m              Last 10h                Total
[2025-05-18T21:05:44.118+0300][8224][1648 ][info][gc,stats    ]                                                              Avg / Max             Avg / Max             Avg / Max             Avg / Max
[2025-05-18T21:05:44.118+0300][8224][1648 ][info][gc,stats    ]   Collector: Garbage Collection Cycle                     23.398 / 23.398       40.134 / 60.626       40.134 / 60.626       40.134 / 60.626      ms
[2025-05-18T21:05:44.118+0300][8224][1648 ][info][gc,stats    ]  Contention: Mark Segment Reset Contention                     0 / 0                 0 / 9                 0 / 9                 0 / 9           ops/s
[2025-05-18T21:05:44.118+0300][8224][1648 ][info][gc,stats    ]  Contention: Mark SeqNum Reset Contention                      0 / 0                 0 / 1                 0 / 1                 0 / 1           ops/s
[2025-05-18T21:05:44.118+0300][8224][1648 ][info][gc,stats    ]    Critical: Allocation Stall                                  0 / 0                 0 / 0                 0 / 0                 0 / 0           ops/s
[2025-05-18T21:05:44.118+0300][8224][1648 ][info][gc,stats    ]    Critical: Allocation Stall                              0.000 / 0.000         0.000 / 0.000         0.000 / 0.000         0.000 / 0.000       ms
[2025-05-18T21:05:44.118+0300][8224][1648 ][info][gc,stats    ]    Critical: GC Locker Stall                                   0 / 0                 0 / 0                 0 / 0                 0 / 0           ops/s
[2025-05-18T21:05:44.118+0300][8224][1648 ][info][gc,stats    ]    Critical: GC Locker Stall                               0.000 / 0.000         0.000 / 0.000         0.000 / 0.000         0.000 / 0.000       ms
[2025-05-18T21:05:44.118+0300][8224][1648 ][info][gc,stats    ]    Critical: Relocation Stall                                  0 / 0                 0 / 0                 0 / 0                 0 / 0           ops/s
[2025-05-18T21:05:44.118+0300][8224][1648 ][info][gc,stats    ]    Critical: Relocation Stall                              0.000 / 0.000         0.000 / 0.000         0.000 / 0.000         0.000 / 0.000       ms
[2025-05-18T21:05:44.118+0300][8224][1648 ][info][gc,stats    ]      Memory: Allocation Rate                                  36 / 46               35 / 192              35 / 192              35 / 192         MB/s
[2025-05-18T21:05:44.118+0300][8224][1648 ][info][gc,stats    ]      Memory: Defragment                                        0 / 0                 0 / 0                 0 / 0                 0 / 0           ops/s
[2025-05-18T21:05:44.118+0300][8224][1648 ][info][gc,stats    ]      Memory: Out Of Memory                                     0 / 0                 0 / 0                 0 / 0                 0 / 0           ops/s
[2025-05-18T21:05:44.118+0300][8224][1648 ][info][gc,stats    ]      Memory: Page Cache Flush                                  0 / 0                 0 / 0                 0 / 0                 0 / 0           MB/s
[2025-05-18T21:05:44.118+0300][8224][1648 ][info][gc,stats    ]      Memory: Page Cache Hit L1                                18 / 25               13 / 60               13 / 60               13 / 60          ops/s
[2025-05-18T21:05:44.119+0300][8224][1648 ][info][gc,stats    ]      Memory: Page Cache Hit L2                                 0 / 0                 0 / 0                 0 / 0                 0 / 0           ops/s
[2025-05-18T21:05:44.119+0300][8224][1648 ][info][gc,stats    ]      Memory: Page Cache Hit L3                                 0 / 0                 3 / 33                3 / 33                3 / 33          ops/s
[2025-05-18T21:05:44.119+0300][8224][1648 ][info][gc,stats    ]      Memory: Page Cache Miss                                   0 / 0                 0 / 1                 0 / 1                 0 / 1           ops/s
[2025-05-18T21:05:44.119+0300][8224][1648 ][info][gc,stats    ]      Memory: Uncommit                                          0 / 0                 0 / 0                 0 / 0                 0 / 0           MB/s
[2025-05-18T21:05:44.119+0300][8224][1648 ][info][gc,stats    ]      Memory: Undo Object Allocation Failed                     0 / 0                 0 / 0                 0 / 0                 0 / 0           ops/s
[2025-05-18T21:05:44.119+0300][8224][1648 ][info][gc,stats    ]      Memory: Undo Object Allocation Succeeded                  0 / 0                 0 / 68                0 / 68                0 / 68          ops/s
[2025-05-18T21:05:44.119+0300][8224][1648 ][info][gc,stats    ]      Memory: Undo Page Allocation                              0 / 1                 0 / 3                 0 / 3                 0 / 3           ops/s
[2025-05-18T21:05:44.119+0300][8224][1648 ][info][gc,stats    ]       Phase: Concurrent Mark                              15.308 / 15.308       26.021 / 50.687       26.021 / 50.687       26.021 / 50.687      ms
[2025-05-18T21:05:44.119+0300][8224][1648 ][info][gc,stats    ]       Phase: Concurrent Mark Continue                      0.000 / 0.000         0.000 / 0.000         0.000 / 0.000         0.000 / 0.000       ms
[2025-05-18T21:05:44.119+0300][8224][1648 ][info][gc,stats    ]       Phase: Concurrent Mark Free                          0.002 / 0.002         0.001 / 0.002         0.001 / 0.002         0.001 / 0.002       ms
[2025-05-18T21:05:44.119+0300][8224][1648 ][info][gc,stats    ]       Phase: Concurrent Process Non-Strong References      4.643 / 4.643         8.742 / 19.782        8.742 / 19.782        8.742 / 19.782      ms
[2025-05-18T21:05:44.119+0300][8224][1648 ][info][gc,stats    ]       Phase: Concurrent Relocate                           0.839 / 0.839         1.840 / 5.216         1.840 / 5.216         1.840 / 5.216       ms
[2025-05-18T21:05:44.119+0300][8224][1648 ][info][gc,stats    ]       Phase: Concurrent Reset Relocation Set               0.002 / 0.002         0.003 / 0.006         0.003 / 0.006         0.003 / 0.006       ms
[2025-05-18T21:05:44.119+0300][8224][1648 ][info][gc,stats    ]       Phase: Concurrent Select Relocation Set              1.325 / 1.325         2.297 / 5.181         2.297 / 5.181         2.297 / 5.181       ms
[2025-05-18T21:05:44.119+0300][8224][1648 ][info][gc,stats    ]       Phase: Pause Mark End                                0.016 / 0.016         0.020 / 0.031         0.020 / 0.031         0.020 / 0.031       ms
[2025-05-18T21:05:44.119+0300][8224][1648 ][info][gc,stats    ]       Phase: Pause Mark Start                              0.013 / 0.013         0.011 / 0.025         0.011 / 0.025         0.011 / 0.025       ms
[2025-05-18T21:05:44.119+0300][8224][1648 ][info][gc,stats    ]       Phase: Pause Relocate Start                          0.007 / 0.007         0.036 / 0.339         0.036 / 0.339         0.036 / 0.339       ms
[2025-05-18T21:05:44.119+0300][8224][1648 ][info][gc,stats    ]    Subphase: Concurrent Classes Purge                      0.121 / 0.121         0.833 / 3.506         0.833 / 3.506         0.833 / 3.506       ms
[2025-05-18T21:05:44.119+0300][8224][1648 ][info][gc,stats    ]    Subphase: Concurrent Classes Unlink                     3.489 / 3.489         6.738 / 17.195        6.738 / 17.195        6.738 / 17.195      ms
[2025-05-18T21:05:44.119+0300][8224][1648 ][info][gc,stats    ]    Subphase: Concurrent Mark                              12.807 / 13.448       19.986 / 39.705       19.986 / 39.705       19.986 / 39.705      ms
[2025-05-18T21:05:44.119+0300][8224][1648 ][info][gc,stats    ]    Subphase: Concurrent Mark Try Flush                     0.119 / 0.215         0.139 / 0.534         0.139 / 0.534         0.139 / 0.534       ms
[2025-05-18T21:05:44.119+0300][8224][1648 ][info][gc,stats    ]    Subphase: Concurrent Mark Try Terminate                 0.579 / 1.707         2.607 / 16.273        2.607 / 16.273        2.607 / 16.273      ms
[2025-05-18T21:05:44.119+0300][8224][1648 ][info][gc,stats    ]    Subphase: Concurrent References Enqueue                 0.004 / 0.004         0.003 / 0.004         0.003 / 0.004         0.003 / 0.004       ms
[2025-05-18T21:05:44.119+0300][8224][1648 ][info][gc,stats    ]    Subphase: Concurrent References Process                 0.108 / 0.108         0.162 / 0.336         0.162 / 0.336         0.162 / 0.336       ms
[2025-05-18T21:05:44.119+0300][8224][1648 ][info][gc,stats    ]    Subphase: Concurrent Roots ClassLoaderDataGraph         0.409 / 0.772         0.280 / 1.010         0.280 / 1.010         0.280 / 1.010       ms
[2025-05-18T21:05:44.119+0300][8224][1648 ][info][gc,stats    ]    Subphase: Concurrent Roots CodeCache                    0.000 / 0.000         0.000 / 0.000         0.000 / 0.000         0.000 / 0.000       ms
[2025-05-18T21:05:44.119+0300][8224][1648 ][info][gc,stats    ]    Subphase: Concurrent Roots JavaThreads                  1.242 / 1.584         2.002 / 10.813        2.002 / 10.813        2.002 / 10.813      ms
[2025-05-18T21:05:44.119+0300][8224][1648 ][info][gc,stats    ]    Subphase: Concurrent Roots OopStorageSet                0.055 / 0.082         0.074 / 0.211         0.074 / 0.211         0.074 / 0.211       ms
[2025-05-18T21:05:44.119+0300][8224][1648 ][info][gc,stats    ]    Subphase: Concurrent Weak Roots OopStorageSet           0.701 / 0.702         0.719 / 1.209         0.719 / 1.209         0.719 / 1.209       ms
[2025-05-18T21:05:44.119+0300][8224][1648 ][info][gc,stats    ]    Subphase: Pause Mark Try Complete                       0.000 / 0.000         0.000 / 0.000         0.000 / 0.000         0.000 / 0.000       ms
[2025-05-18T21:05:44.119+0300][8224][1648 ][info][gc,stats    ]      System: Java Threads                                     32 / 32               30 / 34               30 / 34               30 / 34          threads
[2025-05-18T21:05:44.119+0300][8224][1648 ][info][gc,stats    ] =========================================================================================================================================================
[2025-05-18T21:05:54.111+0300][8224][1648 ][info][gc,stats    ] === Garbage Collection Statistics =======================================================================================================================
[2025-05-18T21:05:54.111+0300][8224][1648 ][info][gc,stats    ]                                                              Last 10s              Last 10m              Last 10h                Total
[2025-05-18T21:05:54.111+0300][8224][1648 ][info][gc,stats    ]                                                              Avg / Max             Avg / Max             Avg / Max             Avg / Max
[2025-05-18T21:05:54.111+0300][8224][1648 ][info][gc,stats    ]   Collector: Garbage Collection Cycle                      0.000 / 0.000        40.134 / 60.626       40.134 / 60.626       40.134 / 60.626      ms
[2025-05-18T21:05:54.111+0300][8224][1648 ][info][gc,stats    ]  Contention: Mark Segment Reset Contention                     0 / 0                 0 / 9                 0 / 9                 0 / 9           ops/s
[2025-05-18T21:05:54.111+0300][8224][1648 ][info][gc,stats    ]  Contention: Mark SeqNum Reset Contention                      0 / 0                 0 / 1                 0 / 1                 0 / 1           ops/s
[2025-05-18T21:05:54.111+0300][8224][1648 ][info][gc,stats    ]    Critical: Allocation Stall                                  0 / 0                 0 / 0                 0 / 0                 0 / 0           ops/s
[2025-05-18T21:05:54.111+0300][8224][1648 ][info][gc,stats    ]    Critical: Allocation Stall                              0.000 / 0.000         0.000 / 0.000         0.000 / 0.000         0.000 / 0.000       ms
[2025-05-18T21:05:54.111+0300][8224][1648 ][info][gc,stats    ]    Critical: GC Locker Stall                                   0 / 0                 0 / 0                 0 / 0                 0 / 0           ops/s
[2025-05-18T21:05:54.111+0300][8224][1648 ][info][gc,stats    ]    Critical: GC Locker Stall                               0.000 / 0.000         0.000 / 0.000         0.000 / 0.000         0.000 / 0.000       ms
[2025-05-18T21:05:54.111+0300][8224][1648 ][info][gc,stats    ]    Critical: Relocation Stall                                  0 / 0                 0 / 0                 0 / 0                 0 / 0           ops/s
[2025-05-18T21:05:54.111+0300][8224][1648 ][info][gc,stats    ]    Critical: Relocation Stall                              0.000 / 0.000         0.000 / 0.000         0.000 / 0.000         0.000 / 0.000       ms
[2025-05-18T21:05:54.111+0300][8224][1648 ][info][gc,stats    ]      Memory: Allocation Rate                                  34 / 36               35 / 192              35 / 192              35 / 192         MB/s
[2025-05-18T21:05:54.111+0300][8224][1648 ][info][gc,stats    ]      Memory: Defragment                                        0 / 0                 0 / 0                 0 / 0                 0 / 0           ops/s
[2025-05-18T21:05:54.111+0300][8224][1648 ][info][gc,stats    ]      Memory: Out Of Memory                                     0 / 0                 0 / 0                 0 / 0                 0 / 0           ops/s
[2025-05-18T21:05:54.111+0300][8224][1648 ][info][gc,stats    ]      Memory: Page Cache Flush                                  0 / 0                 0 / 0                 0 / 0                 0 / 0           MB/s
[2025-05-18T21:05:54.111+0300][8224][1648 ][info][gc,stats    ]      Memory: Page Cache Hit L1                                17 / 18               13 / 60               13 / 60               13 / 60          ops/s
[2025-05-18T21:05:54.111+0300][8224][1648 ][info][gc,stats    ]      Memory: Page Cache Hit L2                                 0 / 0                 0 / 0                 0 / 0                 0 / 0           ops/s
[2025-05-18T21:05:54.111+0300][8224][1648 ][info][gc,stats    ]      Memory: Page Cache Hit L3                                 0 / 0                 3 / 33                3 / 33                3 / 33          ops/s
[2025-05-18T21:05:54.111+0300][8224][1648 ][info][gc,stats    ]      Memory: Page Cache Miss                                   0 / 0                 0 / 1                 0 / 1                 0 / 1           ops/s
[2025-05-18T21:05:54.111+0300][8224][1648 ][info][gc,stats    ]      Memory: Uncommit                                          0 / 0                 0 / 0                 0 / 0                 0 / 0           MB/s
[2025-05-18T21:05:54.111+0300][8224][1648 ][info][gc,stats    ]      Memory: Undo Object Allocation Failed                     0 / 0                 0 / 0                 0 / 0                 0 / 0           ops/s
[2025-05-18T21:05:54.111+0300][8224][1648 ][info][gc,stats    ]      Memory: Undo Object Allocation Succeeded                  0 / 0                 0 / 68                0 / 68                0 / 68          ops/s
[2025-05-18T21:05:54.111+0300][8224][1648 ][info][gc,stats    ]      Memory: Undo Page Allocation                              0 / 0                 0 / 3                 0 / 3                 0 / 3           ops/s
[2025-05-18T21:05:54.111+0300][8224][1648 ][info][gc,stats    ]       Phase: Concurrent Mark                               0.000 / 0.000        26.021 / 50.687       26.021 / 50.687       26.021 / 50.687      ms
[2025-05-18T21:05:54.111+0300][8224][1648 ][info][gc,stats    ]       Phase: Concurrent Mark Continue                      0.000 / 0.000         0.000 / 0.000         0.000 / 0.000         0.000 / 0.000       ms
[2025-05-18T21:05:54.111+0300][8224][1648 ][info][gc,stats    ]       Phase: Concurrent Mark Free                          0.000 / 0.000         0.001 / 0.002         0.001 / 0.002         0.001 / 0.002       ms
[2025-05-18T21:05:54.111+0300][8224][1648 ][info][gc,stats    ]       Phase: Concurrent Process Non-Strong References      0.000 / 0.000         8.742 / 19.782        8.742 / 19.782        8.742 / 19.782      ms
[2025-05-18T21:05:54.111+0300][8224][1648 ][info][gc,stats    ]       Phase: Concurrent Relocate                           0.000 / 0.000         1.840 / 5.216         1.840 / 5.216         1.840 / 5.216       ms
[2025-05-18T21:05:54.111+0300][8224][1648 ][info][gc,stats    ]       Phase: Concurrent Reset Relocation Set               0.000 / 0.000         0.003 / 0.006         0.003 / 0.006         0.003 / 0.006       ms
[2025-05-18T21:05:54.111+0300][8224][1648 ][info][gc,stats    ]       Phase: Concurrent Select Relocation Set              0.000 / 0.000         2.297 / 5.181         2.297 / 5.181         2.297 / 5.181       ms
[2025-05-18T21:05:54.111+0300][8224][1648 ][info][gc,stats    ]       Phase: Pause Mark End                                0.000 / 0.000         0.020 / 0.031         0.020 / 0.031         0.020 / 0.031       ms
[2025-05-18T21:05:54.112+0300][8224][1648 ][info][gc,stats    ]       Phase: Pause Mark Start                              0.000 / 0.000         0.011 / 0.025         0.011 / 0.025         0.011 / 0.025       ms
[2025-05-18T21:05:54.112+0300][8224][1648 ][info][gc,stats    ]       Phase: Pause Relocate Start                          0.000 / 0.000         0.036 / 0.339         0.036 / 0.339         0.036 / 0.339       ms
[2025-05-18T21:05:54.112+0300][8224][1648 ][info][gc,stats    ]    Subphase: Concurrent Classes Purge                      0.000 / 0.000         0.833 / 3.506         0.833 / 3.506         0.833 / 3.506       ms
[2025-05-18T21:05:54.112+0300][8224][1648 ][info][gc,stats    ]    Subphase: Concurrent Classes Unlink                     0.000 / 0.000         6.738 / 17.195        6.738 / 17.195        6.738 / 17.195      ms
[2025-05-18T21:05:54.112+0300][8224][1648 ][info][gc,stats    ]    Subphase: Concurrent Mark                               0.000 / 0.000        19.986 / 39.705       19.986 / 39.705       19.986 / 39.705      ms
[2025-05-18T21:05:54.112+0300][8224][1648 ][info][gc,stats    ]    Subphase: Concurrent Mark Try Flush                     0.000 / 0.000         0.139 / 0.534         0.139 / 0.534         0.139 / 0.534       ms
[2025-05-18T21:05:54.112+0300][8224][1648 ][info][gc,stats    ]    Subphase: Concurrent Mark Try Terminate                 0.000 / 0.000         2.607 / 16.273        2.607 / 16.273        2.607 / 16.273      ms
[2025-05-18T21:05:54.112+0300][8224][1648 ][info][gc,stats    ]    Subphase: Concurrent References Enqueue                 0.000 / 0.000         0.003 / 0.004         0.003 / 0.004         0.003 / 0.004       ms
[2025-05-18T21:05:54.112+0300][8224][1648 ][info][gc,stats    ]    Subphase: Concurrent References Process                 0.000 / 0.000         0.162 / 0.336         0.162 / 0.336         0.162 / 0.336       ms
[2025-05-18T21:05:54.112+0300][8224][1648 ][info][gc,stats    ]    Subphase: Concurrent Roots ClassLoaderDataGraph         0.000 / 0.000         0.280 / 1.010         0.280 / 1.010         0.280 / 1.010       ms
[2025-05-18T21:05:54.112+0300][8224][1648 ][info][gc,stats    ]    Subphase: Concurrent Roots CodeCache                    0.000 / 0.000         0.000 / 0.000         0.000 / 0.000         0.000 / 0.000       ms
[2025-05-18T21:05:54.112+0300][8224][1648 ][info][gc,stats    ]    Subphase: Concurrent Roots JavaThreads                  0.000 / 0.000         2.002 / 10.813        2.002 / 10.813        2.002 / 10.813      ms
[2025-05-18T21:05:54.112+0300][8224][1648 ][info][gc,stats    ]    Subphase: Concurrent Roots OopStorageSet                0.000 / 0.000         0.074 / 0.211         0.074 / 0.211         0.074 / 0.211       ms
[2025-05-18T21:05:54.112+0300][8224][1648 ][info][gc,stats    ]    Subphase: Concurrent Weak Roots OopStorageSet           0.000 / 0.000         0.719 / 1.209         0.719 / 1.209         0.719 / 1.209       ms
[2025-05-18T21:05:54.112+0300][8224][1648 ][info][gc,stats    ]    Subphase: Pause Mark Try Complete                       0.000 / 0.000         0.000 / 0.000         0.000 / 0.000         0.000 / 0.000       ms
[2025-05-18T21:05:54.112+0300][8224][1648 ][info][gc,stats    ]      System: Java Threads                                      0 / 0                30 / 34               30 / 34               30 / 34          threads
[2025-05-18T21:05:54.112+0300][8224][1648 ][info][gc,stats    ] =========================================================================================================================================================
[2025-05-18T21:06:04.124+0300][8224][1648 ][info][gc,stats    ] === Garbage Collection Statistics =======================================================================================================================
[2025-05-18T21:06:04.124+0300][8224][1648 ][info][gc,stats    ]                                                              Last 10s              Last 10m              Last 10h                Total
[2025-05-18T21:06:04.124+0300][8224][1648 ][info][gc,stats    ]                                                              Avg / Max             Avg / Max             Avg / Max             Avg / Max
[2025-05-18T21:06:04.124+0300][8224][1648 ][info][gc,stats    ]   Collector: Garbage Collection Cycle                      0.000 / 0.000        40.134 / 60.626       40.134 / 60.626       40.134 / 60.626      ms
[2025-05-18T21:06:04.124+0300][8224][1648 ][info][gc,stats    ]  Contention: Mark Segment Reset Contention                     0 / 0                 0 / 9                 0 / 9                 0 / 9           ops/s
[2025-05-18T21:06:04.124+0300][8224][1648 ][info][gc,stats    ]  Contention: Mark SeqNum Reset Contention                      0 / 0                 0 / 1                 0 / 1                 0 / 1           ops/s
[2025-05-18T21:06:04.124+0300][8224][1648 ][info][gc,stats    ]    Critical: Allocation Stall                                  0 / 0                 0 / 0                 0 / 0                 0 / 0           ops/s
[2025-05-18T21:06:04.124+0300][8224][1648 ][info][gc,stats    ]    Critical: Allocation Stall                              0.000 / 0.000         0.000 / 0.000         0.000 / 0.000         0.000 / 0.000       ms
[2025-05-18T21:06:04.124+0300][8224][1648 ][info][gc,stats    ]    Critical: GC Locker Stall                                   0 / 0                 0 / 0                 0 / 0                 0 / 0           ops/s
[2025-05-18T21:06:04.124+0300][8224][1648 ][info][gc,stats    ]    Critical: GC Locker Stall                               0.000 / 0.000         0.000 / 0.000         0.000 / 0.000         0.000 / 0.000       ms
[2025-05-18T21:06:04.124+0300][8224][1648 ][info][gc,stats    ]    Critical: Relocation Stall                                  0 / 0                 0 / 0                 0 / 0                 0 / 0           ops/s
[2025-05-18T21:06:04.124+0300][8224][1648 ][info][gc,stats    ]    Critical: Relocation Stall                              0.000 / 0.000         0.000 / 0.000         0.000 / 0.000         0.000 / 0.000       ms
[2025-05-18T21:06:04.124+0300][8224][1648 ][info][gc,stats    ]      Memory: Allocation Rate                                  34 / 42               35 / 192              35 / 192              35 / 192         MB/s
[2025-05-18T21:06:04.124+0300][8224][1648 ][info][gc,stats    ]      Memory: Defragment                                        0 / 0                 0 / 0                 0 / 0                 0 / 0           ops/s
[2025-05-18T21:06:04.124+0300][8224][1648 ][info][gc,stats    ]      Memory: Out Of Memory                                     0 / 0                 0 / 0                 0 / 0                 0 / 0           ops/s
[2025-05-18T21:06:04.124+0300][8224][1648 ][info][gc,stats    ]      Memory: Page Cache Flush                                  0 / 0                 0 / 0                 0 / 0                 0 / 0           MB/s
[2025-05-18T21:06:04.124+0300][8224][1648 ][info][gc,stats    ]      Memory: Page Cache Hit L1                                17 / 21               13 / 60               13 / 60               13 / 60          ops/s
[2025-05-18T21:06:04.124+0300][8224][1648 ][info][gc,stats    ]      Memory: Page Cache Hit L2                                 0 / 0                 0 / 0                 0 / 0                 0 / 0           ops/s
[2025-05-18T21:06:04.124+0300][8224][1648 ][info][gc,stats    ]      Memory: Page Cache Hit L3                                 0 / 0                 3 / 33                3 / 33                3 / 33          ops/s
[2025-05-18T21:06:04.124+0300][8224][1648 ][info][gc,stats    ]      Memory: Page Cache Miss                                   0 / 0                 0 / 1                 0 / 1                 0 / 1           ops/s
[2025-05-18T21:06:04.124+0300][8224][1648 ][info][gc,stats    ]      Memory: Uncommit                                          0 / 0                 0 / 0                 0 / 0                 0 / 0           MB/s
[2025-05-18T21:06:04.124+0300][8224][1648 ][info][gc,stats    ]      Memory: Undo Object Allocation Failed                     0 / 0                 0 / 0                 0 / 0                 0 / 0           ops/s
[2025-05-18T21:06:04.124+0300][8224][1648 ][info][gc,stats    ]      Memory: Undo Object Allocation Succeeded                  0 / 0                 0 / 68                0 / 68                0 / 68          ops/s
[2025-05-18T21:06:04.124+0300][8224][1648 ][info][gc,stats    ]      Memory: Undo Page Allocation                              0 / 1                 0 / 3                 0 / 3                 0 / 3           ops/s
[2025-05-18T21:06:04.124+0300][8224][1648 ][info][gc,stats    ]       Phase: Concurrent Mark                               0.000 / 0.000        26.021 / 50.687       26.021 / 50.687       26.021 / 50.687      ms
[2025-05-18T21:06:04.124+0300][8224][1648 ][info][gc,stats    ]       Phase: Concurrent Mark Continue                      0.000 / 0.000         0.000 / 0.000         0.000 / 0.000         0.000 / 0.000       ms
[2025-05-18T21:06:04.124+0300][8224][1648 ][info][gc,stats    ]       Phase: Concurrent Mark Free                          0.000 / 0.000         0.001 / 0.002         0.001 / 0.002         0.001 / 0.002       ms
[2025-05-18T21:06:04.124+0300][8224][1648 ][info][gc,stats    ]       Phase: Concurrent Process Non-Strong References      0.000 / 0.000         8.742 / 19.782        8.742 / 19.782        8.742 / 19.782      ms
[2025-05-18T21:06:04.124+0300][8224][1648 ][info][gc,stats    ]       Phase: Concurrent Relocate                           0.000 / 0.000         1.840 / 5.216         1.840 / 5.216         1.840 / 5.216       ms
[2025-05-18T21:06:04.124+0300][8224][1648 ][info][gc,stats    ]       Phase: Concurrent Reset Relocation Set               0.000 / 0.000         0.003 / 0.006         0.003 / 0.006         0.003 / 0.006       ms
[2025-05-18T21:06:04.124+0300][8224][1648 ][info][gc,stats    ]       Phase: Concurrent Select Relocation Set              0.000 / 0.000         2.297 / 5.181         2.297 / 5.181         2.297 / 5.181       ms
[2025-05-18T21:06:04.125+0300][8224][1648 ][info][gc,stats    ]       Phase: Pause Mark End                                0.000 / 0.000         0.020 / 0.031         0.020 / 0.031         0.020 / 0.031       ms
[2025-05-18T21:06:04.125+0300][8224][1648 ][info][gc,stats    ]       Phase: Pause Mark Start                              0.000 / 0.000         0.011 / 0.025         0.011 / 0.025         0.011 / 0.025       ms
[2025-05-18T21:06:04.125+0300][8224][1648 ][info][gc,stats    ]       Phase: Pause Relocate Start                          0.000 / 0.000         0.036 / 0.339         0.036 / 0.339         0.036 / 0.339       ms
[2025-05-18T21:06:04.125+0300][8224][1648 ][info][gc,stats    ]    Subphase: Concurrent Classes Purge                      0.000 / 0.000         0.833 / 3.506         0.833 / 3.506         0.833 / 3.506       ms
[2025-05-18T21:06:04.125+0300][8224][1648 ][info][gc,stats    ]    Subphase: Concurrent Classes Unlink                     0.000 / 0.000         6.738 / 17.195        6.738 / 17.195        6.738 / 17.195      ms
[2025-05-18T21:06:04.125+0300][8224][1648 ][info][gc,stats    ]    Subphase: Concurrent Mark                               0.000 / 0.000        19.986 / 39.705       19.986 / 39.705       19.986 / 39.705      ms
[2025-05-18T21:06:04.125+0300][8224][1648 ][info][gc,stats    ]    Subphase: Concurrent Mark Try Flush                     0.000 / 0.000         0.139 / 0.534         0.139 / 0.534         0.139 / 0.534       ms
[2025-05-18T21:06:04.125+0300][8224][1648 ][info][gc,stats    ]    Subphase: Concurrent Mark Try Terminate                 0.000 / 0.000         2.607 / 16.273        2.607 / 16.273        2.607 / 16.273      ms
[2025-05-18T21:06:04.125+0300][8224][1648 ][info][gc,stats    ]    Subphase: Concurrent References Enqueue                 0.000 / 0.000         0.003 / 0.004         0.003 / 0.004         0.003 / 0.004       ms
[2025-05-18T21:06:04.125+0300][8224][1648 ][info][gc,stats    ]    Subphase: Concurrent References Process                 0.000 / 0.000         0.162 / 0.336         0.162 / 0.336         0.162 / 0.336       ms
[2025-05-18T21:06:04.125+0300][8224][1648 ][info][gc,stats    ]    Subphase: Concurrent Roots ClassLoaderDataGraph         0.000 / 0.000         0.280 / 1.010         0.280 / 1.010         0.280 / 1.010       ms
[2025-05-18T21:06:04.125+0300][8224][1648 ][info][gc,stats    ]    Subphase: Concurrent Roots CodeCache                    0.000 / 0.000         0.000 / 0.000         0.000 / 0.000         0.000 / 0.000       ms
[2025-05-18T21:06:04.125+0300][8224][1648 ][info][gc,stats    ]    Subphase: Concurrent Roots JavaThreads                  0.000 / 0.000         2.002 / 10.813        2.002 / 10.813        2.002 / 10.813      ms
[2025-05-18T21:06:04.125+0300][8224][1648 ][info][gc,stats    ]    Subphase: Concurrent Roots OopStorageSet                0.000 / 0.000         0.074 / 0.211         0.074 / 0.211         0.074 / 0.211       ms
[2025-05-18T21:06:04.125+0300][8224][1648 ][info][gc,stats    ]    Subphase: Concurrent Weak Roots OopStorageSet           0.000 / 0.000         0.719 / 1.209         0.719 / 1.209         0.719 / 1.209       ms
[2025-05-18T21:06:04.125+0300][8224][1648 ][info][gc,stats    ]    Subphase: Pause Mark Try Complete                       0.000 / 0.000         0.000 / 0.000         0.000 / 0.000         0.000 / 0.000       ms
[2025-05-18T21:06:04.125+0300][8224][1648 ][info][gc,stats    ]      System: Java Threads                                      0 / 0                30 / 34               30 / 34               30 / 34          threads
[2025-05-18T21:06:04.125+0300][8224][1648 ][info][gc,stats    ] =========================================================================================================================================================
[2025-05-18T21:06:11.324+0300][8224][10156][info][gc,start    ] GC(11) Garbage Collection (Proactive)
[2025-05-18T21:06:11.324+0300][8224][10156][info][gc,task     ] GC(11) Using 2 workers
[2025-05-18T21:06:11.324+0300][8224][23060][info][gc,phases   ] GC(11) Pause Mark Start 0.012ms
[2025-05-18T21:06:11.355+0300][8224][10156][info][gc,phases   ] GC(11) Concurrent Mark 30.798ms
[2025-05-18T21:06:11.355+0300][8224][23060][info][gc,phases   ] GC(11) Pause Mark End 0.017ms
[2025-05-18T21:06:11.355+0300][8224][10156][info][gc,phases   ] GC(11) Concurrent Mark Free 0.001ms
[2025-05-18T21:06:11.360+0300][8224][10156][info][gc,phases   ] GC(11) Concurrent Process Non-Strong References 4.805ms
[2025-05-18T21:06:11.360+0300][8224][10156][info][gc,phases   ] GC(11) Concurrent Reset Relocation Set 0.002ms
[2025-05-18T21:06:11.362+0300][8224][10156][info][gc,phases   ] GC(11) Concurrent Select Relocation Set 1.177ms
[2025-05-18T21:06:11.362+0300][8224][23060][info][gc,phases   ] GC(11) Pause Relocate Start 0.005ms
[2025-05-18T21:06:11.363+0300][8224][10156][info][gc,phases   ] GC(11) Concurrent Relocate 0.802ms
[2025-05-18T21:06:11.363+0300][8224][10156][info][gc,load     ] GC(11) Load: 0.00/0.00/0.00
[2025-05-18T21:06:11.363+0300][8224][10156][info][gc,mmu      ] GC(11) MMU: 2ms/83.1%, 5ms/93.2%, 10ms/96.3%, 20ms/98.2%, 50ms/99.3%, 100ms/99.6%
[2025-05-18T21:06:11.363+0300][8224][10156][info][gc,marking  ] GC(11) Mark: 2 stripe(s), 2 proactive flush(es), 1 terminate flush(es), 0 completion(s), 0 continuation(s) 
[2025-05-18T21:06:11.363+0300][8224][10156][info][gc,marking  ] GC(11) Mark Stack Usage: 32M
[2025-05-18T21:06:11.363+0300][8224][10156][info][gc,nmethod  ] GC(11) NMethods: 3934 registered, 1263 unregistered
[2025-05-18T21:06:11.363+0300][8224][10156][info][gc,metaspace] GC(11) Metaspace: 33M used, 34M committed, 1088M reserved
[2025-05-18T21:06:11.363+0300][8224][10156][info][gc,ref      ] GC(11) Soft: 4273 encountered, 0 discovered, 0 enqueued
[2025-05-18T21:06:11.363+0300][8224][10156][info][gc,ref      ] GC(11) Weak: 2492 encountered, 586 discovered, 0 enqueued
[2025-05-18T21:06:11.363+0300][8224][10156][info][gc,ref      ] GC(11) Final: 3 encountered, 1 discovered, 0 enqueued
[2025-05-18T21:06:11.363+0300][8224][10156][info][gc,ref      ] GC(11) Phantom: 277 encountered, 240 discovered, 0 enqueued
[2025-05-18T21:06:11.363+0300][8224][10156][info][gc,reloc    ] GC(11) Small Pages: 633 / 1266M, Empty: 1074M, Relocated: 1M, In-Place: 0
[2025-05-18T21:06:11.363+0300][8224][10156][info][gc,reloc    ] GC(11) Medium Pages: 1 / 32M, Empty: 0M, Relocated: 0M, In-Place: 0
[2025-05-18T21:06:11.363+0300][8224][10156][info][gc,reloc    ] GC(11) Large Pages: 0 / 0M, Empty: 0M, Relocated: 0M, In-Place: 0
[2025-05-18T21:06:11.363+0300][8224][10156][info][gc,reloc    ] GC(11) Forwarding Usage: 0M
[2025-05-18T21:06:11.363+0300][8224][10156][info][gc,heap     ] GC(11) Min Capacity: 12288M(100%)
[2025-05-18T21:06:11.363+0300][8224][10156][info][gc,heap     ] GC(11) Max Capacity: 12288M(100%)
[2025-05-18T21:06:11.363+0300][8224][10156][info][gc,heap     ] GC(11) Soft Max Capacity: 12288M(100%)
[2025-05-18T21:06:11.363+0300][8224][10156][info][gc,heap     ] GC(11)                Mark Start          Mark End        Relocate Start      Relocate End           High               Low         
[2025-05-18T21:06:11.363+0300][8224][10156][info][gc,heap     ] GC(11)  Capacity:    12288M (100%)      12288M (100%)      12288M (100%)      12288M (100%)      12288M (100%)      12288M (100%)   
[2025-05-18T21:06:11.363+0300][8224][10156][info][gc,heap     ] GC(11)      Free:    10990M (89%)       10976M (89%)       12050M (98%)       12220M (99%)       12220M (99%)       10976M (89%)    
[2025-05-18T21:06:11.363+0300][8224][10156][info][gc,heap     ] GC(11)      Used:     1298M (11%)        1312M (11%)         238M (2%)           68M (1%)         1312M (11%)          68M (1%)     
[2025-05-18T21:06:11.363+0300][8224][10156][info][gc,heap     ] GC(11)      Live:         -                18M (0%)           18M (0%)           18M (0%)             -                  -          
[2025-05-18T21:06:11.363+0300][8224][10156][info][gc,heap     ] GC(11) Allocated:         -                14M (0%)           14M (0%)           14M (0%)             -                  -          
[2025-05-18T21:06:11.363+0300][8224][10156][info][gc,heap     ] GC(11)   Garbage:         -              1279M (10%)         205M (2%)           35M (0%)             -                  -          
[2025-05-18T21:06:11.363+0300][8224][10156][info][gc,heap     ] GC(11) Reclaimed:         -                  -              1074M (9%)         1244M (10%)            -                  -          
[2025-05-18T21:06:11.363+0300][8224][10156][info][gc          ] GC(11) Garbage Collection (Proactive) 1298M(11%)->68M(1%)
[2025-05-18T21:06:14.118+0300][8224][1648 ][info][gc,stats    ] === Garbage Collection Statistics =======================================================================================================================
[2025-05-18T21:06:14.118+0300][8224][1648 ][info][gc,stats    ]                                                              Last 10s              Last 10m              Last 10h                Total
[2025-05-18T21:06:14.118+0300][8224][1648 ][info][gc,stats    ]                                                              Avg / Max             Avg / Max             Avg / Max             Avg / Max
[2025-05-18T21:06:14.118+0300][8224][1648 ][info][gc,stats    ]   Collector: Garbage Collection Cycle                     38.913 / 38.913       40.032 / 60.626       40.032 / 60.626       40.032 / 60.626      ms
[2025-05-18T21:06:14.118+0300][8224][1648 ][info][gc,stats    ]  Contention: Mark Segment Reset Contention                     0 / 0                 0 / 9                 0 / 9                 0 / 9           ops/s
[2025-05-18T21:06:14.118+0300][8224][1648 ][info][gc,stats    ]  Contention: Mark SeqNum Reset Contention                      0 / 0                 0 / 1                 0 / 1                 0 / 1           ops/s
[2025-05-18T21:06:14.118+0300][8224][1648 ][info][gc,stats    ]    Critical: Allocation Stall                                  0 / 0                 0 / 0                 0 / 0                 0 / 0           ops/s
[2025-05-18T21:06:14.118+0300][8224][1648 ][info][gc,stats    ]    Critical: Allocation Stall                              0.000 / 0.000         0.000 / 0.000         0.000 / 0.000         0.000 / 0.000       ms
[2025-05-18T21:06:14.118+0300][8224][1648 ][info][gc,stats    ]    Critical: GC Locker Stall                                   0 / 0                 0 / 0                 0 / 0                 0 / 0           ops/s
[2025-05-18T21:06:14.118+0300][8224][1648 ][info][gc,stats    ]    Critical: GC Locker Stall                               0.000 / 0.000         0.000 / 0.000         0.000 / 0.000         0.000 / 0.000       ms
[2025-05-18T21:06:14.118+0300][8224][1648 ][info][gc,stats    ]    Critical: Relocation Stall                                  0 / 0                 0 / 0                 0 / 0                 0 / 0           ops/s
[2025-05-18T21:06:14.118+0300][8224][1648 ][info][gc,stats    ]    Critical: Relocation Stall                              0.000 / 0.000         0.000 / 0.000         0.000 / 0.000         0.000 / 0.000       ms
[2025-05-18T21:06:14.118+0300][8224][1648 ][info][gc,stats    ]      Memory: Allocation Rate                                  34 / 44               35 / 192              35 / 192              35 / 192         MB/s
[2025-05-18T21:06:14.118+0300][8224][1648 ][info][gc,stats    ]      Memory: Defragment                                        0 / 0                 0 / 0                 0 / 0                 0 / 0           ops/s
[2025-05-18T21:06:14.118+0300][8224][1648 ][info][gc,stats    ]      Memory: Out Of Memory                                     0 / 0                 0 / 0                 0 / 0                 0 / 0           ops/s
[2025-05-18T21:06:14.118+0300][8224][1648 ][info][gc,stats    ]      Memory: Page Cache Flush                                  0 / 0                 0 / 0                 0 / 0                 0 / 0           MB/s
[2025-05-18T21:06:14.118+0300][8224][1648 ][info][gc,stats    ]      Memory: Page Cache Hit L1                                17 / 24               14 / 60               14 / 60               14 / 60          ops/s
[2025-05-18T21:06:14.118+0300][8224][1648 ][info][gc,stats    ]      Memory: Page Cache Hit L2                                 0 / 0                 0 / 0                 0 / 0                 0 / 0           ops/s
[2025-05-18T21:06:14.118+0300][8224][1648 ][info][gc,stats    ]      Memory: Page Cache Hit L3                                 0 / 0                 3 / 33                3 / 33                3 / 33          ops/s
[2025-05-18T21:06:14.118+0300][8224][1648 ][info][gc,stats    ]      Memory: Page Cache Miss                                   0 / 0                 0 / 1                 0 / 1                 0 / 1           ops/s
[2025-05-18T21:06:14.118+0300][8224][1648 ][info][gc,stats    ]      Memory: Uncommit                                          0 / 0                 0 / 0                 0 / 0                 0 / 0           MB/s
[2025-05-18T21:06:14.118+0300][8224][1648 ][info][gc,stats    ]      Memory: Undo Object Allocation Failed                     0 / 0                 0 / 0                 0 / 0                 0 / 0           ops/s
[2025-05-18T21:06:14.118+0300][8224][1648 ][info][gc,stats    ]      Memory: Undo Object Allocation Succeeded                  0 / 0                 0 / 68                0 / 68                0 / 68          ops/s
[2025-05-18T21:06:14.118+0300][8224][1648 ][info][gc,stats    ]      Memory: Undo Page Allocation                              0 / 1                 0 / 3                 0 / 3                 0 / 3           ops/s
[2025-05-18T21:06:14.118+0300][8224][1648 ][info][gc,stats    ]       Phase: Concurrent Mark                              30.798 / 30.798       26.419 / 50.687       26.419 / 50.687       26.419 / 50.687      ms
[2025-05-18T21:06:14.118+0300][8224][1648 ][info][gc,stats    ]       Phase: Concurrent Mark Continue                      0.000 / 0.000         0.000 / 0.000         0.000 / 0.000         0.000 / 0.000       ms
[2025-05-18T21:06:14.118+0300][8224][1648 ][info][gc,stats    ]       Phase: Concurrent Mark Free                          0.001 / 0.001         0.001 / 0.002         0.001 / 0.002         0.001 / 0.002       ms
[2025-05-18T21:06:14.118+0300][8224][1648 ][info][gc,stats    ]       Phase: Concurrent Process Non-Strong References      4.805 / 4.805         8.414 / 19.782        8.414 / 19.782        8.414 / 19.782      ms
[2025-05-18T21:06:14.118+0300][8224][1648 ][info][gc,stats    ]       Phase: Concurrent Relocate                           0.802 / 0.802         1.754 / 5.216         1.754 / 5.216         1.754 / 5.216       ms
[2025-05-18T21:06:14.118+0300][8224][1648 ][info][gc,stats    ]       Phase: Concurrent Reset Relocation Set               0.002 / 0.002         0.003 / 0.006         0.003 / 0.006         0.003 / 0.006       ms
[2025-05-18T21:06:14.118+0300][8224][1648 ][info][gc,stats    ]       Phase: Concurrent Select Relocation Set              1.177 / 1.177         2.204 / 5.181         2.204 / 5.181         2.204 / 5.181       ms
[2025-05-18T21:06:14.118+0300][8224][1648 ][info][gc,stats    ]       Phase: Pause Mark End                                0.017 / 0.017         0.019 / 0.031         0.019 / 0.031         0.019 / 0.031       ms
[2025-05-18T21:06:14.118+0300][8224][1648 ][info][gc,stats    ]       Phase: Pause Mark Start                              0.012 / 0.012         0.011 / 0.025         0.011 / 0.025         0.011 / 0.025       ms
[2025-05-18T21:06:14.118+0300][8224][1648 ][info][gc,stats    ]       Phase: Pause Relocate Start                          0.005 / 0.005         0.034 / 0.339         0.034 / 0.339         0.034 / 0.339       ms
[2025-05-18T21:06:14.118+0300][8224][1648 ][info][gc,stats    ]    Subphase: Concurrent Classes Purge                      0.208 / 0.208         0.781 / 3.506         0.781 / 3.506         0.781 / 3.506       ms
[2025-05-18T21:06:14.118+0300][8224][1648 ][info][gc,stats    ]    Subphase: Concurrent Classes Unlink                     3.558 / 3.558         6.473 / 17.195        6.473 / 17.195        6.473 / 17.195      ms
[2025-05-18T21:06:14.118+0300][8224][1648 ][info][gc,stats    ]    Subphase: Concurrent Mark                              20.800 / 28.712       20.054 / 39.705       20.054 / 39.705       20.054 / 39.705      ms
[2025-05-18T21:06:14.118+0300][8224][1648 ][info][gc,stats    ]    Subphase: Concurrent Mark Try Flush                     0.148 / 0.207         0.139 / 0.534         0.139 / 0.534         0.139 / 0.534       ms
[2025-05-18T21:06:14.118+0300][8224][1648 ][info][gc,stats    ]    Subphase: Concurrent Mark Try Terminate                 5.514 / 16.413        2.850 / 16.413        2.850 / 16.413        2.850 / 16.413      ms
[2025-05-18T21:06:14.118+0300][8224][1648 ][info][gc,stats    ]    Subphase: Concurrent References Enqueue                 0.000 / 0.000         0.003 / 0.004         0.003 / 0.004         0.003 / 0.004       ms
[2025-05-18T21:06:14.118+0300][8224][1648 ][info][gc,stats    ]    Subphase: Concurrent References Process                 0.123 / 0.123         0.158 / 0.336         0.158 / 0.336         0.158 / 0.336       ms
[2025-05-18T21:06:14.118+0300][8224][1648 ][info][gc,stats    ]    Subphase: Concurrent Roots ClassLoaderDataGraph         0.424 / 0.798         0.292 / 1.010         0.292 / 1.010         0.292 / 1.010       ms
[2025-05-18T21:06:14.118+0300][8224][1648 ][info][gc,stats    ]    Subphase: Concurrent Roots CodeCache                    0.000 / 0.000         0.000 / 0.000         0.000 / 0.000         0.000 / 0.000       ms
[2025-05-18T21:06:14.118+0300][8224][1648 ][info][gc,stats    ]    Subphase: Concurrent Roots JavaThreads                  1.348 / 1.698         1.947 / 10.813        1.947 / 10.813        1.947 / 10.813      ms
[2025-05-18T21:06:14.118+0300][8224][1648 ][info][gc,stats    ]    Subphase: Concurrent Roots OopStorageSet                0.057 / 0.084         0.073 / 0.211         0.073 / 0.211         0.073 / 0.211       ms
[2025-05-18T21:06:14.118+0300][8224][1648 ][info][gc,stats    ]    Subphase: Concurrent Weak Roots OopStorageSet           0.662 / 0.663         0.714 / 1.209         0.714 / 1.209         0.714 / 1.209       ms
[2025-05-18T21:06:14.118+0300][8224][1648 ][info][gc,stats    ]    Subphase: Pause Mark Try Complete                       0.000 / 0.000         0.000 / 0.000         0.000 / 0.000         0.000 / 0.000       ms
[2025-05-18T21:06:14.118+0300][8224][1648 ][info][gc,stats    ]      System: Java Threads                                     32 / 32               30 / 34               30 / 34               30 / 34          threads
[2025-05-18T21:06:14.118+0300][8224][1648 ][info][gc,stats    ] =========================================================================================================================================================
[2025-05-18T21:06:24.116+0300][8224][1648 ][info][gc,stats    ] === Garbage Collection Statistics =======================================================================================================================
[2025-05-18T21:06:24.116+0300][8224][1648 ][info][gc,stats    ]                                                              Last 10s              Last 10m              Last 10h                Total
[2025-05-18T21:06:24.116+0300][8224][1648 ][info][gc,stats    ]                                                              Avg / Max             Avg / Max             Avg / Max             Avg / Max
[2025-05-18T21:06:24.116+0300][8224][1648 ][info][gc,stats    ]   Collector: Garbage Collection Cycle                      0.000 / 0.000        40.032 / 60.626       40.032 / 60.626       40.032 / 60.626      ms
[2025-05-18T21:06:24.116+0300][8224][1648 ][info][gc,stats    ]  Contention: Mark Segment Reset Contention                     0 / 0                 0 / 9                 0 / 9                 0 / 9           ops/s
[2025-05-18T21:06:24.116+0300][8224][1648 ][info][gc,stats    ]  Contention: Mark SeqNum Reset Contention                      0 / 0                 0 / 1                 0 / 1                 0 / 1           ops/s
[2025-05-18T21:06:24.116+0300][8224][1648 ][info][gc,stats    ]    Critical: Allocation Stall                                  0 / 0                 0 / 0                 0 / 0                 0 / 0           ops/s
[2025-05-18T21:06:24.116+0300][8224][1648 ][info][gc,stats    ]    Critical: Allocation Stall                              0.000 / 0.000         0.000 / 0.000         0.000 / 0.000         0.000 / 0.000       ms
[2025-05-18T21:06:24.116+0300][8224][1648 ][info][gc,stats    ]    Critical: GC Locker Stall                                   0 / 0                 0 / 0                 0 / 0                 0 / 0           ops/s
[2025-05-18T21:06:24.116+0300][8224][1648 ][info][gc,stats    ]    Critical: GC Locker Stall                               0.000 / 0.000         0.000 / 0.000         0.000 / 0.000         0.000 / 0.000       ms
[2025-05-18T21:06:24.116+0300][8224][1648 ][info][gc,stats    ]    Critical: Relocation Stall                                  0 / 0                 0 / 0                 0 / 0                 0 / 0           ops/s
[2025-05-18T21:06:24.116+0300][8224][1648 ][info][gc,stats    ]    Critical: Relocation Stall                              0.000 / 0.000         0.000 / 0.000         0.000 / 0.000         0.000 / 0.000       ms
[2025-05-18T21:06:24.116+0300][8224][1648 ][info][gc,stats    ]      Memory: Allocation Rate                                  34 / 40               35 / 192              35 / 192              35 / 192         MB/s
[2025-05-18T21:06:24.116+0300][8224][1648 ][info][gc,stats    ]      Memory: Defragment                                        0 / 0                 0 / 0                 0 / 0                 0 / 0           ops/s
[2025-05-18T21:06:24.116+0300][8224][1648 ][info][gc,stats    ]      Memory: Out Of Memory                                     0 / 0                 0 / 0                 0 / 0                 0 / 0           ops/s
[2025-05-18T21:06:24.116+0300][8224][1648 ][info][gc,stats    ]      Memory: Page Cache Flush                                  0 / 0                 0 / 0                 0 / 0                 0 / 0           MB/s
[2025-05-18T21:06:24.117+0300][8224][1648 ][info][gc,stats    ]      Memory: Page Cache Hit L1                                17 / 20               14 / 60               14 / 60               14 / 60          ops/s
[2025-05-18T21:06:24.117+0300][8224][1648 ][info][gc,stats    ]      Memory: Page Cache Hit L2                                 0 / 0                 0 / 0                 0 / 0                 0 / 0           ops/s
[2025-05-18T21:06:24.117+0300][8224][1648 ][info][gc,stats    ]      Memory: Page Cache Hit L3                                 0 / 0                 3 / 33                3 / 33                3 / 33          ops/s
[2025-05-18T21:06:24.117+0300][8224][1648 ][info][gc,stats    ]      Memory: Page Cache Miss                                   0 / 0                 0 / 1                 0 / 1                 0 / 1           ops/s
[2025-05-18T21:06:24.117+0300][8224][1648 ][info][gc,stats    ]      Memory: Uncommit                                          0 / 0                 0 / 0                 0 / 0                 0 / 0           MB/s
[2025-05-18T21:06:24.117+0300][8224][1648 ][info][gc,stats    ]      Memory: Undo Object Allocation Failed                     0 / 0                 0 / 0                 0 / 0                 0 / 0           ops/s
[2025-05-18T21:06:24.117+0300][8224][1648 ][info][gc,stats    ]      Memory: Undo Object Allocation Succeeded                  0 / 0                 0 / 68                0 / 68                0 / 68          ops/s
[2025-05-18T21:06:24.117+0300][8224][1648 ][info][gc,stats    ]      Memory: Undo Page Allocation                              0 / 0                 0 / 3                 0 / 3                 0 / 3           ops/s
[2025-05-18T21:06:24.117+0300][8224][1648 ][info][gc,stats    ]       Phase: Concurrent Mark                               0.000 / 0.000        26.419 / 50.687       26.419 / 50.687       26.419 / 50.687      ms
[2025-05-18T21:06:24.117+0300][8224][1648 ][info][gc,stats    ]       Phase: Concurrent Mark Continue                      0.000 / 0.000         0.000 / 0.000         0.000 / 0.000         0.000 / 0.000       ms
[2025-05-18T21:06:24.117+0300][8224][1648 ][info][gc,stats    ]       Phase: Concurrent Mark Free                          0.000 / 0.000         0.001 / 0.002         0.001 / 0.002         0.001 / 0.002       ms
[2025-05-18T21:06:24.117+0300][8224][1648 ][info][gc,stats    ]       Phase: Concurrent Process Non-Strong References      0.000 / 0.000         8.414 / 19.782        8.414 / 19.782        8.414 / 19.782      ms
[2025-05-18T21:06:24.117+0300][8224][1648 ][info][gc,stats    ]       Phase: Concurrent Relocate                           0.000 / 0.000         1.754 / 5.216         1.754 / 5.216         1.754 / 5.216       ms
[2025-05-18T21:06:24.117+0300][8224][1648 ][info][gc,stats    ]       Phase: Concurrent Reset Relocation Set               0.000 / 0.000         0.003 / 0.006         0.003 / 0.006         0.003 / 0.006       ms
[2025-05-18T21:06:24.117+0300][8224][1648 ][info][gc,stats    ]       Phase: Concurrent Select Relocation Set              0.000 / 0.000         2.204 / 5.181         2.204 / 5.181         2.204 / 5.181       ms
[2025-05-18T21:06:24.117+0300][8224][1648 ][info][gc,stats    ]       Phase: Pause Mark End                                0.000 / 0.000         0.019 / 0.031         0.019 / 0.031         0.019 / 0.031       ms
[2025-05-18T21:06:24.117+0300][8224][1648 ][info][gc,stats    ]       Phase: Pause Mark Start                              0.000 / 0.000         0.011 / 0.025         0.011 / 0.025         0.011 / 0.025       ms
[2025-05-18T21:06:24.117+0300][8224][1648 ][info][gc,stats    ]       Phase: Pause Relocate Start                          0.000 / 0.000         0.034 / 0.339         0.034 / 0.339         0.034 / 0.339       ms
[2025-05-18T21:06:24.117+0300][8224][1648 ][info][gc,stats    ]    Subphase: Concurrent Classes Purge                      0.000 / 0.000         0.781 / 3.506         0.781 / 3.506         0.781 / 3.506       ms
[2025-05-18T21:06:24.117+0300][8224][1648 ][info][gc,stats    ]    Subphase: Concurrent Classes Unlink                     0.000 / 0.000         6.473 / 17.195        6.473 / 17.195        6.473 / 17.195      ms
[2025-05-18T21:06:24.117+0300][8224][1648 ][info][gc,stats    ]    Subphase: Concurrent Mark                               0.000 / 0.000        20.054 / 39.705       20.054 / 39.705       20.054 / 39.705      ms
[2025-05-18T21:06:24.117+0300][8224][1648 ][info][gc,stats    ]    Subphase: Concurrent Mark Try Flush                     0.000 / 0.000         0.139 / 0.534         0.139 / 0.534         0.139 / 0.534       ms
[2025-05-18T21:06:24.117+0300][8224][1648 ][info][gc,stats    ]    Subphase: Concurrent Mark Try Terminate                 0.000 / 0.000         2.850 / 16.413        2.850 / 16.413        2.850 / 16.413      ms
[2025-05-18T21:06:24.117+0300][8224][1648 ][info][gc,stats    ]    Subphase: Concurrent References Enqueue                 0.000 / 0.000         0.003 / 0.004         0.003 / 0.004         0.003 / 0.004       ms
[2025-05-18T21:06:24.117+0300][8224][1648 ][info][gc,stats    ]    Subphase: Concurrent References Process                 0.000 / 0.000         0.158 / 0.336         0.158 / 0.336         0.158 / 0.336       ms
[2025-05-18T21:06:24.117+0300][8224][1648 ][info][gc,stats    ]    Subphase: Concurrent Roots ClassLoaderDataGraph         0.000 / 0.000         0.292 / 1.010         0.292 / 1.010         0.292 / 1.010       ms
[2025-05-18T21:06:24.118+0300][8224][1648 ][info][gc,stats    ]    Subphase: Concurrent Roots CodeCache                    0.000 / 0.000         0.000 / 0.000         0.000 / 0.000         0.000 / 0.000       ms
[2025-05-18T21:06:24.118+0300][8224][1648 ][info][gc,stats    ]    Subphase: Concurrent Roots JavaThreads                  0.000 / 0.000         1.947 / 10.813        1.947 / 10.813        1.947 / 10.813      ms
[2025-05-18T21:06:24.118+0300][8224][1648 ][info][gc,stats    ]    Subphase: Concurrent Roots OopStorageSet                0.000 / 0.000         0.073 / 0.211         0.073 / 0.211         0.073 / 0.211       ms
[2025-05-18T21:06:24.118+0300][8224][1648 ][info][gc,stats    ]    Subphase: Concurrent Weak Roots OopStorageSet           0.000 / 0.000         0.714 / 1.209         0.714 / 1.209         0.714 / 1.209       ms
[2025-05-18T21:06:24.118+0300][8224][1648 ][info][gc,stats    ]    Subphase: Pause Mark Try Complete                       0.000 / 0.000         0.000 / 0.000         0.000 / 0.000         0.000 / 0.000       ms
[2025-05-18T21:06:24.118+0300][8224][1648 ][info][gc,stats    ]      System: Java Threads                                      0 / 0                30 / 34               30 / 34               30 / 34          threads
[2025-05-18T21:06:24.118+0300][8224][1648 ][info][gc,stats    ] =========================================================================================================================================================
[2025-05-18T21:06:34.110+0300][8224][1648 ][info][gc,stats    ] === Garbage Collection Statistics =======================================================================================================================
[2025-05-18T21:06:34.110+0300][8224][1648 ][info][gc,stats    ]                                                              Last 10s              Last 10m              Last 10h                Total
[2025-05-18T21:06:34.110+0300][8224][1648 ][info][gc,stats    ]                                                              Avg / Max             Avg / Max             Avg / Max             Avg / Max
[2025-05-18T21:06:34.110+0300][8224][1648 ][info][gc,stats    ]   Collector: Garbage Collection Cycle                      0.000 / 0.000        40.032 / 60.626       40.032 / 60.626       40.032 / 60.626      ms
[2025-05-18T21:06:34.110+0300][8224][1648 ][info][gc,stats    ]  Contention: Mark Segment Reset Contention                     0 / 0                 0 / 9                 0 / 9                 0 / 9           ops/s
[2025-05-18T21:06:34.110+0300][8224][1648 ][info][gc,stats    ]  Contention: Mark SeqNum Reset Contention                      0 / 0                 0 / 1                 0 / 1                 0 / 1           ops/s
[2025-05-18T21:06:34.110+0300][8224][1648 ][info][gc,stats    ]    Critical: Allocation Stall                                  0 / 0                 0 / 0                 0 / 0                 0 / 0           ops/s
[2025-05-18T21:06:34.110+0300][8224][1648 ][info][gc,stats    ]    Critical: Allocation Stall                              0.000 / 0.000         0.000 / 0.000         0.000 / 0.000         0.000 / 0.000       ms
[2025-05-18T21:06:34.110+0300][8224][1648 ][info][gc,stats    ]    Critical: GC Locker Stall                                   0 / 0                 0 / 0                 0 / 0                 0 / 0           ops/s
[2025-05-18T21:06:34.110+0300][8224][1648 ][info][gc,stats    ]    Critical: GC Locker Stall                               0.000 / 0.000         0.000 / 0.000         0.000 / 0.000         0.000 / 0.000       ms
[2025-05-18T21:06:34.110+0300][8224][1648 ][info][gc,stats    ]    Critical: Relocation Stall                                  0 / 0                 0 / 0                 0 / 0                 0 / 0           ops/s
[2025-05-18T21:06:34.110+0300][8224][1648 ][info][gc,stats    ]    Critical: Relocation Stall                              0.000 / 0.000         0.000 / 0.000         0.000 / 0.000         0.000 / 0.000       ms
[2025-05-18T21:06:34.110+0300][8224][1648 ][info][gc,stats    ]      Memory: Allocation Rate                                  33 / 36               35 / 192              35 / 192              35 / 192         MB/s
[2025-05-18T21:06:34.110+0300][8224][1648 ][info][gc,stats    ]      Memory: Defragment                                        0 / 0                 0 / 0                 0 / 0                 0 / 0           ops/s
[2025-05-18T21:06:34.110+0300][8224][1648 ][info][gc,stats    ]      Memory: Out Of Memory                                     0 / 0                 0 / 0                 0 / 0                 0 / 0           ops/s
[2025-05-18T21:06:34.110+0300][8224][1648 ][info][gc,stats    ]      Memory: Page Cache Flush                                  0 / 0                 0 / 0                 0 / 0                 0 / 0           MB/s
[2025-05-18T21:06:34.110+0300][8224][1648 ][info][gc,stats    ]      Memory: Page Cache Hit L1                                16 / 18               14 / 60               14 / 60               14 / 60          ops/s
[2025-05-18T21:06:34.110+0300][8224][1648 ][info][gc,stats    ]      Memory: Page Cache Hit L2                                 0 / 0                 0 / 0                 0 / 0                 0 / 0           ops/s
[2025-05-18T21:06:34.110+0300][8224][1648 ][info][gc,stats    ]      Memory: Page Cache Hit L3                                 0 / 0                 3 / 33                3 / 33                3 / 33          ops/s
[2025-05-18T21:06:34.110+0300][8224][1648 ][info][gc,stats    ]      Memory: Page Cache Miss                                   0 / 0                 0 / 1                 0 / 1                 0 / 1           ops/s
[2025-05-18T21:06:34.110+0300][8224][1648 ][info][gc,stats    ]      Memory: Uncommit                                          0 / 0                 0 / 0                 0 / 0                 0 / 0           MB/s
[2025-05-18T21:06:34.110+0300][8224][1648 ][info][gc,stats    ]      Memory: Undo Object Allocation Failed                     0 / 0                 0 / 0                 0 / 0                 0 / 0           ops/s
[2025-05-18T21:06:34.110+0300][8224][1648 ][info][gc,stats    ]      Memory: Undo Object Allocation Succeeded                  0 / 0                 0 / 68                0 / 68                0 / 68          ops/s
[2025-05-18T21:06:34.110+0300][8224][1648 ][info][gc,stats    ]      Memory: Undo Page Allocation                              0 / 0                 0 / 3                 0 / 3                 0 / 3           ops/s
[2025-05-18T21:06:34.110+0300][8224][1648 ][info][gc,stats    ]       Phase: Concurrent Mark                               0.000 / 0.000        26.419 / 50.687       26.419 / 50.687       26.419 / 50.687      ms
[2025-05-18T21:06:34.110+0300][8224][1648 ][info][gc,stats    ]       Phase: Concurrent Mark Continue                      0.000 / 0.000         0.000 / 0.000         0.000 / 0.000         0.000 / 0.000       ms
[2025-05-18T21:06:34.110+0300][8224][1648 ][info][gc,stats    ]       Phase: Concurrent Mark Free                          0.000 / 0.000         0.001 / 0.002         0.001 / 0.002         0.001 / 0.002       ms
[2025-05-18T21:06:34.110+0300][8224][1648 ][info][gc,stats    ]       Phase: Concurrent Process Non-Strong References      0.000 / 0.000         8.414 / 19.782        8.414 / 19.782        8.414 / 19.782      ms
[2025-05-18T21:06:34.110+0300][8224][1648 ][info][gc,stats    ]       Phase: Concurrent Relocate                           0.000 / 0.000         1.754 / 5.216         1.754 / 5.216         1.754 / 5.216       ms
[2025-05-18T21:06:34.110+0300][8224][1648 ][info][gc,stats    ]       Phase: Concurrent Reset Relocation Set               0.000 / 0.000         0.003 / 0.006         0.003 / 0.006         0.003 / 0.006       ms
[2025-05-18T21:06:34.110+0300][8224][1648 ][info][gc,stats    ]       Phase: Concurrent Select Relocation Set              0.000 / 0.000         2.204 / 5.181         2.204 / 5.181         2.204 / 5.181       ms
[2025-05-18T21:06:34.110+0300][8224][1648 ][info][gc,stats    ]       Phase: Pause Mark End                                0.000 / 0.000         0.019 / 0.031         0.019 / 0.031         0.019 / 0.031       ms
[2025-05-18T21:06:34.110+0300][8224][1648 ][info][gc,stats    ]       Phase: Pause Mark Start                              0.000 / 0.000         0.011 / 0.025         0.011 / 0.025         0.011 / 0.025       ms
[2025-05-18T21:06:34.110+0300][8224][1648 ][info][gc,stats    ]       Phase: Pause Relocate Start                          0.000 / 0.000         0.034 / 0.339         0.034 / 0.339         0.034 / 0.339       ms
[2025-05-18T21:06:34.110+0300][8224][1648 ][info][gc,stats    ]    Subphase: Concurrent Classes Purge                      0.000 / 0.000         0.781 / 3.506         0.781 / 3.506         0.781 / 3.506       ms
[2025-05-18T21:06:34.110+0300][8224][1648 ][info][gc,stats    ]    Subphase: Concurrent Classes Unlink                     0.000 / 0.000         6.473 / 17.195        6.473 / 17.195        6.473 / 17.195      ms
[2025-05-18T21:06:34.110+0300][8224][1648 ][info][gc,stats    ]    Subphase: Concurrent Mark                               0.000 / 0.000        20.054 / 39.705       20.054 / 39.705       20.054 / 39.705      ms
[2025-05-18T21:06:34.111+0300][8224][1648 ][info][gc,stats    ]    Subphase: Concurrent Mark Try Flush                     0.000 / 0.000         0.139 / 0.534         0.139 / 0.534         0.139 / 0.534       ms
[2025-05-18T21:06:34.111+0300][8224][1648 ][info][gc,stats    ]    Subphase: Concurrent Mark Try Terminate                 0.000 / 0.000         2.850 / 16.413        2.850 / 16.413        2.850 / 16.413      ms
[2025-05-18T21:06:34.111+0300][8224][1648 ][info][gc,stats    ]    Subphase: Concurrent References Enqueue                 0.000 / 0.000         0.003 / 0.004         0.003 / 0.004         0.003 / 0.004       ms
[2025-05-18T21:06:34.111+0300][8224][1648 ][info][gc,stats    ]    Subphase: Concurrent References Process                 0.000 / 0.000         0.158 / 0.336         0.158 / 0.336         0.158 / 0.336       ms
[2025-05-18T21:06:34.111+0300][8224][1648 ][info][gc,stats    ]    Subphase: Concurrent Roots ClassLoaderDataGraph         0.000 / 0.000         0.292 / 1.010         0.292 / 1.010         0.292 / 1.010       ms
[2025-05-18T21:06:34.111+0300][8224][1648 ][info][gc,stats    ]    Subphase: Concurrent Roots CodeCache                    0.000 / 0.000         0.000 / 0.000         0.000 / 0.000         0.000 / 0.000       ms
[2025-05-18T21:06:34.111+0300][8224][1648 ][info][gc,stats    ]    Subphase: Concurrent Roots JavaThreads                  0.000 / 0.000         1.947 / 10.813        1.947 / 10.813        1.947 / 10.813      ms
[2025-05-18T21:06:34.111+0300][8224][1648 ][info][gc,stats    ]    Subphase: Concurrent Roots OopStorageSet                0.000 / 0.000         0.073 / 0.211         0.073 / 0.211         0.073 / 0.211       ms
[2025-05-18T21:06:34.111+0300][8224][1648 ][info][gc,stats    ]    Subphase: Concurrent Weak Roots OopStorageSet           0.000 / 0.000         0.714 / 1.209         0.714 / 1.209         0.714 / 1.209       ms
[2025-05-18T21:06:34.111+0300][8224][1648 ][info][gc,stats    ]    Subphase: Pause Mark Try Complete                       0.000 / 0.000         0.000 / 0.000         0.000 / 0.000         0.000 / 0.000       ms
[2025-05-18T21:06:34.111+0300][8224][1648 ][info][gc,stats    ]      System: Java Threads                                      0 / 0                30 / 34               30 / 34               30 / 34          threads
[2025-05-18T21:06:34.111+0300][8224][1648 ][info][gc,stats    ] =========================================================================================================================================================
[2025-05-18T21:06:38.770+0300][8224][25168][info][gc,heap,exit] Heap
[2025-05-18T21:06:38.770+0300][8224][25168][info][gc,heap,exit]  ZHeap           used 1014M, capacity 12288M, max capacity 12288M
[2025-05-18T21:06:38.770+0300][8224][25168][info][gc,heap,exit]  Metaspace       used 34425K, committed 35392K, reserved 1114112K
[2025-05-18T21:06:38.770+0300][8224][25168][info][gc,heap,exit]   class space    used 2861K, committed 3328K, reserved 1048576K
