[2025-05-20T21:43:47.401+0300][7268][8308][debug][gc,heap] Minimum heap 4294967296  Initial heap 4294967296  Maximum heap 4294967296
[2025-05-20T21:43:47.481+0300][7268][8308][info ][gc     ] Using The Z Garbage Collector
[2025-05-20T21:43:48.545+0300][7268][16908][debug][safepoint] Safepoint synchronization initiated using striped semaphore wait barrier. (11 threads)
[2025-05-20T21:43:48.545+0300][7268][16908][info ][safepoint] Safepoint "Cleanup", Time since last: 1041237000 ns, Reaching safepoint: 87100 ns, Cleanup: 52700 ns, At safepoint: 2100 ns, Total: 141900 ns
[2025-05-20T21:43:49.560+0300][7268][16908][debug][safepoint] Safepoint synchronization initiated using striped semaphore wait barrier. (11 threads)
[2025-05-20T21:43:49.560+0300][7268][16908][info ][safepoint] Safepoint "Cleanup", Time since last: 1015134500 ns, Reaching safepoint: 188000 ns, Cleanup: 15900 ns, At safepoint: 1600 ns, Total: 205500 ns
[2025-05-20T21:43:51.569+0300][7268][16908][debug][safepoint] Safepoint synchronization initiated using striped semaphore wait barrier. (11 threads)
[2025-05-20T21:43:51.569+0300][7268][16908][info ][safepoint] Safepoint "Cleanup", Time since last: 2008636500 ns, Reaching safepoint: 47700 ns, Cleanup: 17100 ns, At safepoint: 4700 ns, Total: 69500 ns
[2025-05-20T21:43:51.870+0300][7268][13548][debug][gc,heap  ] GC(0) Heap before GC invocations=0 (full 0):
[2025-05-20T21:43:51.870+0300][7268][13548][debug][gc,heap  ] GC(0)  ZHeap           used 164M, capacity 4096M, max capacity 4096M
[2025-05-20T21:43:51.870+0300][7268][13548][debug][gc,heap  ] GC(0)  Metaspace       used 2862K, committed 3136K, reserved 1114112K
[2025-05-20T21:43:51.870+0300][7268][13548][debug][gc,heap  ] GC(0)   class space    used 256K, committed 384K, reserved 1048576K
[2025-05-20T21:43:51.870+0300][7268][16908][debug][safepoint] Safepoint synchronization initiated using striped semaphore wait barrier. (11 threads)
[2025-05-20T21:43:51.870+0300][7268][16908][info ][gc,phases] GC(0) Pause Mark Start 0.006ms
[2025-05-20T21:43:51.870+0300][7268][16908][info ][safepoint] Safepoint "XMarkStart", Time since last: 303789800 ns, Reaching safepoint: 32700 ns, Cleanup: 23900 ns, At safepoint: 38000 ns, Total: 94600 ns
[2025-05-20T21:43:51.886+0300][7268][13548][info ][gc,phases] GC(0) Concurrent Mark 13.479ms
[2025-05-20T21:43:51.886+0300][7268][16908][debug][safepoint] Safepoint synchronization initiated using striped semaphore wait barrier. (11 threads)
[2025-05-20T21:43:51.886+0300][7268][16908][info ][gc,phases] GC(0) Pause Mark End 0.023ms
[2025-05-20T21:43:51.886+0300][7268][16908][info ][safepoint] Safepoint "XMarkEnd", Time since last: 13677900 ns, Reaching safepoint: 26200 ns, Cleanup: 5700 ns, At safepoint: 36600 ns, Total: 68500 ns
[2025-05-20T21:43:51.886+0300][7268][13548][info ][gc,phases] GC(0) Concurrent Mark Free 0.001ms
[2025-05-20T21:43:51.886+0300][7268][13548][debug][gc,phases] GC(0) Concurrent References Process 0.156ms
[2025-05-20T21:43:51.886+0300][7268][13548][debug][gc,phases] GC(0) ClassLoaderData 0.005ms
[2025-05-20T21:43:51.886+0300][7268][13548][debug][gc,phases] GC(0) Trigger cleanups 0.000ms
[2025-05-20T21:43:51.886+0300][7268][13548][debug][gc,phases] GC(0) Concurrent Classes Unlink 0.668ms
[2025-05-20T21:43:51.886+0300][7268][13548][debug][gc,phases] GC(0) Concurrent Classes Purge 0.119ms
[2025-05-20T21:43:51.886+0300][7268][13548][debug][gc,phases] GC(0) Concurrent References Enqueue 0.003ms
[2025-05-20T21:43:51.886+0300][7268][13548][info ][gc,phases] GC(0) Concurrent Process Non-Strong References 1.385ms
[2025-05-20T21:43:51.886+0300][7268][13548][info ][gc,phases] GC(0) Concurrent Reset Relocation Set 0.000ms
[2025-05-20T21:43:51.886+0300][7268][16908][debug][safepoint] Safepoint synchronization initiated using striped semaphore wait barrier. (11 threads)
[2025-05-20T21:43:51.886+0300][7268][16908][info ][safepoint] Safepoint "CleanClassLoaderDataMetaspaces", Time since last: 1598900 ns, Reaching safepoint: 39500 ns, Cleanup: 170700 ns, At safepoint: 36100 ns, Total: 246300 ns
[2025-05-20T21:43:51.886+0300][7268][13548][info ][gc,phases] GC(0) Concurrent Select Relocation Set 3.087ms
[2025-05-20T21:43:51.886+0300][7268][16908][debug][safepoint] Safepoint synchronization initiated using striped semaphore wait barrier. (11 threads)
[2025-05-20T21:43:51.886+0300][7268][16908][info ][gc,phases] GC(0) Pause Relocate Start 0.010ms
[2025-05-20T21:43:51.886+0300][7268][16908][info ][safepoint] Safepoint "XRelocateStart", Time since last: 2897300 ns, Reaching safepoint: 24200 ns, Cleanup: 2000 ns, At safepoint: 22900 ns, Total: 49100 ns
[2025-05-20T21:43:51.886+0300][7268][13548][info ][gc,phases] GC(0) Concurrent Relocate 1.105ms
[2025-05-20T21:43:51.886+0300][7268][13548][debug][gc,heap  ] GC(0) Heap after GC invocations=1 (full 1):
[2025-05-20T21:43:51.886+0300][7268][13548][debug][gc,heap  ] GC(0)  ZHeap           used 10M, capacity 4096M, max capacity 4096M
[2025-05-20T21:43:51.886+0300][7268][13548][debug][gc,heap  ] GC(0)  Metaspace       used 2862K, committed 3136K, reserved 1114112K
[2025-05-20T21:43:51.886+0300][7268][13548][debug][gc,heap  ] GC(0)   class space    used 256K, committed 384K, reserved 1048576K
[2025-05-20T21:43:51.886+0300][7268][13548][info ][gc,heap  ] GC(0) Min Capacity: 4096M(100%)
[2025-05-20T21:43:51.886+0300][7268][13548][info ][gc,heap  ] GC(0) Max Capacity: 4096M(100%)
[2025-05-20T21:43:51.886+0300][7268][13548][info ][gc,heap  ] GC(0) Soft Max Capacity: 4096M(100%)
[2025-05-20T21:43:51.886+0300][7268][13548][info ][gc,heap  ] GC(0)                Mark Start          Mark End        Relocate Start      Relocate End           High               Low         
[2025-05-20T21:43:51.886+0300][7268][13548][info ][gc,heap  ] GC(0)  Capacity:     4096M (100%)       4096M (100%)       4096M (100%)       4096M (100%)       4096M (100%)       4096M (100%)   
[2025-05-20T21:43:51.886+0300][7268][13548][info ][gc,heap  ] GC(0)      Free:     3932M (96%)        3932M (96%)        3930M (96%)        4086M (100%)       4086M (100%)       3926M (96%)    
[2025-05-20T21:43:51.886+0300][7268][13548][info ][gc,heap  ] GC(0)      Used:      164M (4%)          164M (4%)          166M (4%)           10M (0%)          170M (4%)           10M (0%)     
[2025-05-20T21:43:51.886+0300][7268][13548][info ][gc,heap  ] GC(0)      Live:         -                 3M (0%)            3M (0%)            3M (0%)             -                  -          
[2025-05-20T21:43:51.886+0300][7268][13548][info ][gc,heap  ] GC(0) Allocated:         -                 0M (0%)            2M (0%)            2M (0%)             -                  -          
[2025-05-20T21:43:51.886+0300][7268][13548][info ][gc,heap  ] GC(0)   Garbage:         -               160M (4%)          160M (4%)            4M (0%)             -                  -          
[2025-05-20T21:43:51.886+0300][7268][13548][info ][gc,heap  ] GC(0) Reclaimed:         -                  -                 0M (0%)          156M (4%)             -                  -          
[2025-05-20T21:43:51.886+0300][7268][13548][info ][gc       ] GC(0) Garbage Collection (System.gc()) 164M(4%)->10M(0%)
[2025-05-20T21:43:52.229+0300][7268][16908][debug][safepoint] Safepoint synchronization initiated using striped semaphore wait barrier. (21 threads)
[2025-05-20T21:43:52.229+0300][7268][7680 ][debug][safepoint] ... found polling page loop exception at pc = 0x000001e8738b0160, stub =0x000001e8732b5280
[2025-05-20T21:43:52.229+0300][7268][16908][info ][safepoint] Safepoint "ICBufferFull", Time since last: 338682700 ns, Reaching safepoint: 99100 ns, Cleanup: 89800 ns, At safepoint: 16600 ns, Total: 205500 ns
[2025-05-20T21:43:52.229+0300][7268][16908][debug][safepoint] Safepoint synchronization initiated using striped semaphore wait barrier. (21 threads)
[2025-05-20T21:43:52.229+0300][7268][7680 ][debug][safepoint] ... found polling page loop exception at pc = 0x000001e8738b0160, stub =0x000001e8732b5280
[2025-05-20T21:43:52.229+0300][7268][16908][info ][safepoint] Safepoint "ICBufferFull", Time since last: 55000 ns, Reaching safepoint: 83300 ns, Cleanup: 4000 ns, At safepoint: 13300 ns, Total: 100600 ns
[2025-05-20T21:43:52.229+0300][7268][16908][debug][safepoint] Safepoint synchronization initiated using striped semaphore wait barrier. (21 threads)
[2025-05-20T21:43:52.229+0300][7268][7680 ][debug][safepoint] ... found polling page loop exception at pc = 0x000001e8738b0160, stub =0x000001e8732b5280
[2025-05-20T21:43:52.229+0300][7268][9320 ][debug][safepoint] ... found polling page loop exception at pc = 0x000001e86bffcfd8, stub =0x000001e8732b5b00
[2025-05-20T21:43:52.229+0300][7268][16908][info ][safepoint] Safepoint "ICBufferFull", Time since last: 222300 ns, Reaching safepoint: 117300 ns, Cleanup: 4800 ns, At safepoint: 20800 ns, Total: 142900 ns
[2025-05-20T21:43:52.346+0300][7268][16908][debug][safepoint] Safepoint synchronization initiated using striped semaphore wait barrier. (21 threads)
[2025-05-20T21:43:52.346+0300][7268][11364][debug][safepoint] ... found polling page loop exception at pc = 0x000001e86c059c30, stub =0x000001e8732b5b00
[2025-05-20T21:43:52.346+0300][7268][16908][info ][safepoint] Safepoint "ICBufferFull", Time since last: 115851400 ns, Reaching safepoint: 295400 ns, Cleanup: 87400 ns, At safepoint: 15800 ns, Total: 398600 ns
[2025-05-20T21:43:52.350+0300][7268][16908][debug][safepoint] Safepoint synchronization initiated using striped semaphore wait barrier. (21 threads)
[2025-05-20T21:43:52.350+0300][7268][11364][debug][safepoint] ... found polling page loop exception at pc = 0x000001e8738b0160, stub =0x000001e8732b5280
[2025-05-20T21:43:52.350+0300][7268][16828][debug][safepoint] ... found polling page loop exception at pc = 0x000001e873819f83, stub =0x000001e8732b5b00
[2025-05-20T21:43:52.350+0300][7268][16908][info ][safepoint] Safepoint "ICBufferFull", Time since last: 3249900 ns, Reaching safepoint: 125000 ns, Cleanup: 11200 ns, At safepoint: 52100 ns, Total: 188300 ns
[2025-05-20T21:43:52.717+0300][7268][13548][debug][gc,heap  ] GC(1) Heap before GC invocations=1 (full 1):
[2025-05-20T21:43:52.717+0300][7268][13548][debug][gc,heap  ] GC(1)  ZHeap           used 502M, capacity 4096M, max capacity 4096M
[2025-05-20T21:43:52.717+0300][7268][13548][debug][gc,heap  ] GC(1)  Metaspace       used 8836K, committed 9344K, reserved 1114112K
[2025-05-20T21:43:52.717+0300][7268][13548][debug][gc,heap  ] GC(1)   class space    used 976K, committed 1216K, reserved 1048576K
[2025-05-20T21:43:52.717+0300][7268][16908][debug][safepoint] Safepoint synchronization initiated using striped semaphore wait barrier. (21 threads)
[2025-05-20T21:43:52.717+0300][7268][5296 ][debug][safepoint] ... found polling page loop exception at pc = 0x000001e8738b0160, stub =0x000001e8732b5280
[2025-05-20T21:43:52.717+0300][7268][7680 ][debug][safepoint] ... found polling page loop exception at pc = 0x000001e8738de9d2, stub =0x000001e8732b5b00
[2025-05-20T21:43:52.717+0300][7268][16908][info ][gc,phases] GC(1) Pause Mark Start 0.007ms
[2025-05-20T21:43:52.717+0300][7268][16908][info ][safepoint] Safepoint "XMarkStart", Time since last: 366910900 ns, Reaching safepoint: 134300 ns, Cleanup: 66200 ns, At safepoint: 51600 ns, Total: 252100 ns
[2025-05-20T21:43:52.725+0300][7268][16828][debug][safepoint] ... found polling page loop exception at pc = 0x000001e8738b0160, stub =0x000001e8732b5280
[2025-05-20T21:43:52.725+0300][7268][18396][debug][safepoint] ... found polling page loop exception at pc = 0x000001e8738b0160, stub =0x000001e8732b5280
[2025-05-20T21:43:52.725+0300][7268][11364][debug][safepoint] ... found polling page loop exception at pc = 0x000001e8738b0160, stub =0x000001e8732b5280
[2025-05-20T21:43:52.733+0300][7268][1480 ][debug][safepoint] ... found polling page loop exception at pc = 0x000001e8738bec8e, stub =0x000001e8732b5b00
[2025-05-20T21:43:52.733+0300][7268][5296 ][debug][safepoint] ... found polling page loop exception at pc = 0x000001e8738b0160, stub =0x000001e8732b5280
[2025-05-20T21:43:52.733+0300][7268][11364][debug][safepoint] ... found polling page loop exception at pc = 0x000001e8738b0160, stub =0x000001e8732b5280
[2025-05-20T21:43:52.733+0300][7268][16828][debug][safepoint] ... found polling page loop exception at pc = 0x000001e8738b0160, stub =0x000001e8732b5280
[2025-05-20T21:43:52.733+0300][7268][8892 ][debug][safepoint] ... found polling page loop exception at pc = 0x000001e8738bec8e, stub =0x000001e8732b5b00
[2025-05-20T21:43:52.737+0300][7268][18396][debug][safepoint] ... found polling page loop exception at pc = 0x000001e8738f5d0f, stub =0x000001e8732b5280
[2025-05-20T21:43:52.765+0300][7268][5296 ][debug][safepoint] ... found polling page loop exception at pc = 0x000001e86c19daa2, stub =0x000001e8732b5b00
[2025-05-20T21:43:52.765+0300][7268][18396][debug][safepoint] ... found polling page loop exception at pc = 0x000001e8738b0160, stub =0x000001e8732b5280
[2025-05-20T21:43:52.765+0300][7268][16828][debug][safepoint] ... found polling page loop exception at pc = 0x000001e8738b0160, stub =0x000001e8732b5280
[2025-05-20T21:43:52.765+0300][7268][7680 ][debug][safepoint] ... found polling page loop exception at pc = 0x000001e8738b0160, stub =0x000001e8732b5280
[2025-05-20T21:43:52.767+0300][7268][1480 ][debug][safepoint] ... found polling page loop exception at pc = 0x000001e8738b0160, stub =0x000001e8732b5280
[2025-05-20T21:43:52.796+0300][7268][13548][info ][gc,phases] GC(1) Concurrent Mark 78.505ms
[2025-05-20T21:43:52.796+0300][7268][16908][debug][safepoint] Safepoint synchronization initiated using striped semaphore wait barrier. (21 threads)
[2025-05-20T21:43:52.796+0300][7268][5296 ][debug][safepoint] ... found polling page loop exception at pc = 0x000001e8738cec4b, stub =0x000001e8732b5b00
[2025-05-20T21:43:52.796+0300][7268][11364][debug][safepoint] ... found polling page loop exception at pc = 0x000001e8738b0160, stub =0x000001e8732b5280
[2025-05-20T21:43:52.796+0300][7268][1480 ][debug][safepoint] ... found polling page loop exception at pc = 0x000001e8738cec4b, stub =0x000001e8732b5b00
[2025-05-20T21:43:52.796+0300][7268][16828][debug][safepoint] ... found polling page loop exception at pc = 0x000001e8738f5d0f, stub =0x000001e8732b5280
[2025-05-20T21:43:52.796+0300][7268][8892 ][debug][safepoint] ... found polling page loop exception at pc = 0x000001e8738b0160, stub =0x000001e8732b5280
[2025-05-20T21:43:52.796+0300][7268][16908][info ][gc,phases] GC(1) Pause Mark End 0.016ms
[2025-05-20T21:43:52.796+0300][7268][16908][info ][safepoint] Safepoint "XMarkEnd", Time since last: 78657300 ns, Reaching safepoint: 262600 ns, Cleanup: 18700 ns, At safepoint: 68400 ns, Total: 349700 ns
[2025-05-20T21:43:52.796+0300][7268][13548][info ][gc,phases] GC(1) Concurrent Mark Free 0.001ms
[2025-05-20T21:43:52.796+0300][7268][13548][debug][gc,phases] GC(1) Concurrent References Process 0.123ms
[2025-05-20T21:43:52.796+0300][7268][13548][debug][gc,phases] GC(1) ClassLoaderData 0.400ms
[2025-05-20T21:43:52.796+0300][7268][13548][debug][gc,phases] GC(1) Trigger cleanups 0.005ms
[2025-05-20T21:43:52.800+0300][7268][13548][debug][gc,phases] GC(1) Concurrent Classes Unlink 4.765ms
[2025-05-20T21:43:52.800+0300][7268][1480 ][debug][safepoint] ... found polling page loop exception at pc = 0x000001e8738b0160, stub =0x000001e8732b5280
[2025-05-20T21:43:52.800+0300][7268][11364][debug][safepoint] ... found polling page loop exception at pc = 0x000001e8738b0160, stub =0x000001e8732b5280
[2025-05-20T21:43:52.800+0300][7268][9320 ][debug][safepoint] ... found polling page loop exception at pc = 0x000001e8738cec4b, stub =0x000001e8732b5b00
[2025-05-20T21:43:52.802+0300][7268][5296 ][debug][safepoint] ... found polling page loop exception at pc = 0x000001e8738b0160, stub =0x000001e8732b5280
[2025-05-20T21:43:52.844+0300][7268][13548][debug][gc,phases] GC(1) Concurrent Classes Purge 1.107ms
[2025-05-20T21:43:52.844+0300][7268][16908][debug][safepoint] Safepoint synchronization initiated using striped semaphore wait barrier. (21 threads)
[2025-05-20T21:43:52.844+0300][7268][13548][debug][gc,phases] GC(1) Concurrent References Enqueue 0.005ms
[2025-05-20T21:43:52.844+0300][7268][5296 ][debug][safepoint] ... found polling page loop exception at pc = 0x000001e8738b0160, stub =0x000001e8732b5280
[2025-05-20T21:43:52.844+0300][7268][11364][debug][safepoint] ... found polling page loop exception at pc = 0x000001e8738abd86, stub =0x000001e8732b5b00
[2025-05-20T21:43:52.844+0300][7268][9320 ][debug][safepoint] ... found polling page loop exception at pc = 0x000001e8738b0160, stub =0x000001e8732b5280
[2025-05-20T21:43:52.844+0300][7268][13548][info ][gc,phases] GC(1) Concurrent Process Non-Strong References 48.323ms
[2025-05-20T21:43:52.844+0300][7268][13548][info ][gc,phases] GC(1) Concurrent Reset Relocation Set 0.009ms
[2025-05-20T21:43:52.844+0300][7268][16908][info ][safepoint] Safepoint "CleanClassLoaderDataMetaspaces", Time since last: 48292800 ns, Reaching safepoint: 375900 ns, Cleanup: 55100 ns, At safepoint: 114400 ns, Total: 545400 ns
[2025-05-20T21:43:52.847+0300][7268][13548][info ][gc,phases] GC(1) Concurrent Select Relocation Set 2.508ms
[2025-05-20T21:43:52.847+0300][7268][16908][debug][safepoint] Safepoint synchronization initiated using striped semaphore wait barrier. (21 threads)
[2025-05-20T21:43:52.847+0300][7268][9320 ][debug][safepoint] ... found polling page loop exception at pc = 0x000001e8738adc42, stub =0x000001e8732b5b00
[2025-05-20T21:43:52.847+0300][7268][5296 ][debug][safepoint] ... found polling page loop exception at pc = 0x000001e8738b0160, stub =0x000001e8732b5280
[2025-05-20T21:43:52.847+0300][7268][8892 ][debug][safepoint] ... found polling page loop exception at pc = 0x000001e8738abd86, stub =0x000001e8732b5b00
[2025-05-20T21:43:52.847+0300][7268][16828][debug][safepoint] ... found polling page loop exception at pc = 0x000001e873931691, stub =0x000001e8732b5b00
[2025-05-20T21:43:52.847+0300][7268][16908][info ][gc,phases] GC(1) Pause Relocate Start 0.008ms
[2025-05-20T21:43:52.847+0300][7268][16908][info ][safepoint] Safepoint "XRelocateStart", Time since last: 2343100 ns, Reaching safepoint: 221800 ns, Cleanup: 8000 ns, At safepoint: 46800 ns, Total: 276600 ns
[2025-05-20T21:43:52.851+0300][7268][13548][info ][gc,phases] GC(1) Concurrent Relocate 3.950ms
[2025-05-20T21:43:52.851+0300][7268][13548][debug][gc,heap  ] GC(1) Heap after GC invocations=2 (full 2):
[2025-05-20T21:43:52.851+0300][7268][13548][debug][gc,heap  ] GC(1)  ZHeap           used 272M, capacity 4096M, max capacity 4096M
[2025-05-20T21:43:52.851+0300][7268][13548][debug][gc,heap  ] GC(1)  Metaspace       used 8411K, committed 9408K, reserved 1114112K
[2025-05-20T21:43:52.851+0300][7268][13548][debug][gc,heap  ] GC(1)   class space    used 854K, committed 1216K, reserved 1048576K
[2025-05-20T21:43:52.851+0300][7268][13548][info ][gc,heap  ] GC(1) Min Capacity: 4096M(100%)
[2025-05-20T21:43:52.851+0300][7268][13548][info ][gc,heap  ] GC(1) Max Capacity: 4096M(100%)
[2025-05-20T21:43:52.851+0300][7268][13548][info ][gc,heap  ] GC(1) Soft Max Capacity: 4096M(100%)
[2025-05-20T21:43:52.851+0300][7268][13548][info ][gc,heap  ] GC(1)                Mark Start          Mark End        Relocate Start      Relocate End           High               Low         
[2025-05-20T21:43:52.851+0300][7268][13548][info ][gc,heap  ] GC(1)  Capacity:     4096M (100%)       4096M (100%)       4096M (100%)       4096M (100%)       4096M (100%)       4096M (100%)   
[2025-05-20T21:43:52.851+0300][7268][13548][info ][gc,heap  ] GC(1)      Free:     3594M (88%)        3458M (84%)        3626M (89%)        3824M (93%)        3824M (93%)        3368M (82%)    
[2025-05-20T21:43:52.851+0300][7268][13548][info ][gc,heap  ] GC(1)      Used:      502M (12%)         638M (16%)         470M (11%)         272M (7%)          728M (18%)         272M (7%)     
[2025-05-20T21:43:52.851+0300][7268][13548][info ][gc,heap  ] GC(1)      Live:         -                11M (0%)           11M (0%)           11M (0%)             -                  -          
[2025-05-20T21:43:52.851+0300][7268][13548][info ][gc,heap  ] GC(1) Allocated:         -               136M (3%)          228M (6%)          233M (6%)             -                  -          
[2025-05-20T21:43:52.851+0300][7268][13548][info ][gc,heap  ] GC(1)   Garbage:         -               490M (12%)         230M (6%)           27M (1%)             -                  -          
[2025-05-20T21:43:52.851+0300][7268][13548][info ][gc,heap  ] GC(1) Reclaimed:         -                  -               260M (6%)          463M (11%)            -                  -          
[2025-05-20T21:43:52.851+0300][7268][13548][info ][gc       ] GC(1) Garbage Collection (Warmup) 502M(12%)->272M(7%)
[2025-05-20T21:43:53.124+0300][7268][13548][debug][gc,heap  ] GC(2) Heap before GC invocations=2 (full 2):
[2025-05-20T21:43:53.124+0300][7268][13548][debug][gc,heap  ] GC(2)  ZHeap           used 860M, capacity 4096M, max capacity 4096M
[2025-05-20T21:43:53.124+0300][7268][13548][debug][gc,heap  ] GC(2)  Metaspace       used 8412K, committed 9408K, reserved 1114112K
[2025-05-20T21:43:53.124+0300][7268][13548][debug][gc,heap  ] GC(2)   class space    used 855K, committed 1216K, reserved 1048576K
[2025-05-20T21:43:53.124+0300][7268][16908][debug][safepoint] Safepoint synchronization initiated using striped semaphore wait barrier. (21 threads)
[2025-05-20T21:43:53.124+0300][7268][7680 ][debug][safepoint] ... found polling page loop exception at pc = 0x000001e8738abc20, stub =0x000001e8732b5b00
[2025-05-20T21:43:53.124+0300][7268][5296 ][debug][safepoint] ... found polling page loop exception at pc = 0x000001e8739244cf, stub =0x000001e8732b5280
[2025-05-20T21:43:53.124+0300][7268][1480 ][debug][safepoint] ... found polling page loop exception at pc = 0x000001e8738b0160, stub =0x000001e8732b5280
[2025-05-20T21:43:53.124+0300][7268][18396][debug][safepoint] ... found polling page loop exception at pc = 0x000001e8738b0160, stub =0x000001e8732b5280
[2025-05-20T21:43:53.124+0300][7268][16908][info ][gc,phases] GC(2) Pause Mark Start 0.009ms
[2025-05-20T21:43:53.124+0300][7268][16908][info ][safepoint] Safepoint "XMarkStart", Time since last: 275699800 ns, Reaching safepoint: 215600 ns, Cleanup: 12100 ns, At safepoint: 59100 ns, Total: 286800 ns
[2025-05-20T21:43:53.130+0300][7268][5296 ][debug][safepoint] ... found polling page loop exception at pc = 0x000001e8738cec4b, stub =0x000001e8732b5b00
[2025-05-20T21:43:53.130+0300][7268][7680 ][debug][safepoint] ... found polling page loop exception at pc = 0x000001e8738b0160, stub =0x000001e8732b5280
[2025-05-20T21:43:53.132+0300][7268][11364][debug][safepoint] ... found polling page loop exception at pc = 0x000001e8738b0160, stub =0x000001e8732b5280
[2025-05-20T21:43:53.134+0300][7268][9320 ][debug][safepoint] ... found polling page loop exception at pc = 0x000001e8738b0160, stub =0x000001e8732b5280
[2025-05-20T21:43:53.155+0300][7268][18396][debug][safepoint] ... found polling page loop exception at pc = 0x000001e8738f5d0f, stub =0x000001e8732b5280
[2025-05-20T21:43:53.155+0300][7268][7680 ][debug][safepoint] ... found polling page loop exception at pc = 0x000001e8738f5d0f, stub =0x000001e8732b5280
[2025-05-20T21:43:53.157+0300][7268][5296 ][debug][safepoint] ... found polling page loop exception at pc = 0x000001e87391254a, stub =0x000001e8732b5280
[2025-05-20T21:43:53.189+0300][7268][9320 ][debug][safepoint] ... found polling page loop exception at pc = 0x000001e8738abd86, stub =0x000001e8732b5b00
[2025-05-20T21:43:53.203+0300][7268][18396][debug][safepoint] ... found polling page loop exception at pc = 0x000001e8738cec4b, stub =0x000001e8732b5b00
[2025-05-20T21:43:53.203+0300][7268][16828][debug][safepoint] ... found polling page loop exception at pc = 0x000001e8738b0160, stub =0x000001e8732b5280
[2025-05-20T21:43:53.203+0300][7268][11364][debug][safepoint] ... found polling page loop exception at pc = 0x000001e8738b0160, stub =0x000001e8732b5280
[2025-05-20T21:43:53.234+0300][7268][18396][debug][safepoint] ... found polling page loop exception at pc = 0x000001e8738b0160, stub =0x000001e8732b5280
[2025-05-20T21:43:53.234+0300][7268][5296 ][debug][safepoint] ... found polling page loop exception at pc = 0x000001e8738abd86, stub =0x000001e8732b5b00
[2025-05-20T21:43:53.234+0300][7268][1480 ][debug][safepoint] ... found polling page loop exception at pc = 0x000001e8738b0160, stub =0x000001e8732b5280
[2025-05-20T21:43:53.234+0300][7268][9320 ][debug][safepoint] ... found polling page loop exception at pc = 0x000001e873968303, stub =0x000001e8732b5b00
[2025-05-20T21:43:53.234+0300][7268][8892 ][debug][safepoint] ... found polling page loop exception at pc = 0x000001e8738abd86, stub =0x000001e8732b5b00
[2025-05-20T21:43:53.240+0300][7268][11364][debug][safepoint] ... found polling page loop exception at pc = 0x000001e8739244cf, stub =0x000001e8732b5280
[2025-05-20T21:43:53.254+0300][7268][16828][debug][safepoint] ... found polling page loop exception at pc = 0x000001e8738abd86, stub =0x000001e8732b5b00
[2025-05-20T21:43:53.260+0300][7268][5296 ][debug][safepoint] ... found polling page loop exception at pc = 0x000001e8738b0160, stub =0x000001e8732b5280
[2025-05-20T21:43:53.266+0300][7268][11364][debug][safepoint] ... found polling page loop exception at pc = 0x000001e873957a49, stub =0x000001e8732b5280
[2025-05-20T21:43:53.266+0300][7268][5296 ][debug][safepoint] ... found polling page loop exception at pc = 0x000001e87392ed9f, stub =0x000001e8732b5b00
[2025-05-20T21:43:53.272+0300][7268][16828][debug][safepoint] ... found polling page loop exception at pc = 0x000001e8738b344c, stub =0x000001e8732b5b00
[2025-05-20T21:43:53.280+0300][7268][8892 ][debug][safepoint] ... found polling page loop exception at pc = 0x000001e8738b0160, stub =0x000001e8732b5280
[2025-05-20T21:43:53.297+0300][7268][13548][info ][gc,phases] GC(2) Concurrent Mark 173.378ms
[2025-05-20T21:43:53.297+0300][7268][16908][debug][safepoint] Safepoint synchronization initiated using striped semaphore wait barrier. (21 threads)
[2025-05-20T21:43:53.297+0300][7268][18396][debug][safepoint] ... found polling page loop exception at pc = 0x000001e8738b0160, stub =0x000001e8732b5280
[2025-05-20T21:43:53.297+0300][7268][5296 ][debug][safepoint] ... found polling page loop exception at pc = 0x000001e8738b0160, stub =0x000001e8732b5280
[2025-05-20T21:43:53.297+0300][7268][8892 ][debug][safepoint] ... found polling page loop exception at pc = 0x000001e8738f5d0f, stub =0x000001e8732b5280
[2025-05-20T21:43:53.297+0300][7268][16908][info ][gc,phases] GC(2) Pause Mark End 0.017ms
[2025-05-20T21:43:53.297+0300][7268][16908][info ][safepoint] Safepoint "XMarkEnd", Time since last: 173467300 ns, Reaching safepoint: 174700 ns, Cleanup: 12000 ns, At safepoint: 53900 ns, Total: 240600 ns
[2025-05-20T21:43:53.297+0300][7268][13548][info ][gc,phases] GC(2) Concurrent Mark Free 0.001ms
[2025-05-20T21:43:53.297+0300][7268][13548][debug][gc,phases] GC(2) Concurrent References Process 0.063ms
[2025-05-20T21:43:53.298+0300][7268][13548][debug][gc,phases] GC(2) ClassLoaderData 0.016ms
[2025-05-20T21:43:53.298+0300][7268][13548][debug][gc,phases] GC(2) Trigger cleanups 0.000ms
[2025-05-20T21:43:53.300+0300][7268][13548][debug][gc,phases] GC(2) Concurrent Classes Unlink 1.975ms
[2025-05-20T21:43:53.300+0300][7268][11364][debug][safepoint] ... found polling page loop exception at pc = 0x000001e8738b0160, stub =0x000001e8732b5280
[2025-05-20T21:43:53.300+0300][7268][1480 ][debug][safepoint] ... found polling page loop exception at pc = 0x000001e87391aa95, stub =0x000001e8732b5b00
[2025-05-20T21:43:53.300+0300][7268][18396][debug][safepoint] ... found polling page loop exception at pc = 0x000001e8738b0160, stub =0x000001e8732b5280
[2025-05-20T21:43:53.300+0300][7268][7680 ][debug][safepoint] ... found polling page loop exception at pc = 0x000001e8738cec4b, stub =0x000001e8732b5b00
[2025-05-20T21:43:53.313+0300][7268][13548][debug][gc,phases] GC(2) Concurrent Classes Purge 0.151ms
[2025-05-20T21:43:53.313+0300][7268][13548][debug][gc,phases] GC(2) Concurrent References Enqueue 0.005ms
[2025-05-20T21:43:53.313+0300][7268][13548][info ][gc,phases] GC(2) Concurrent Process Non-Strong References 15.844ms
[2025-05-20T21:43:53.313+0300][7268][13548][info ][gc,phases] GC(2) Concurrent Reset Relocation Set 0.013ms
[2025-05-20T21:43:53.315+0300][7268][13548][info ][gc,phases] GC(2) Concurrent Select Relocation Set 2.294ms
[2025-05-20T21:43:53.315+0300][7268][16908][debug][safepoint] Safepoint synchronization initiated using striped semaphore wait barrier. (21 threads)
[2025-05-20T21:43:53.315+0300][7268][8892 ][debug][safepoint] ... found polling page loop exception at pc = 0x000001e8738b0160, stub =0x000001e8732b5280
[2025-05-20T21:43:53.315+0300][7268][11364][debug][safepoint] ... found polling page loop exception at pc = 0x000001e8739244cf, stub =0x000001e8732b5280
[2025-05-20T21:43:53.315+0300][7268][1480 ][debug][safepoint] ... found polling page loop exception at pc = 0x000001e8738b0160, stub =0x000001e8732b5280
[2025-05-20T21:43:53.315+0300][7268][18396][debug][safepoint] ... found polling page loop exception at pc = 0x000001e8738abd86, stub =0x000001e8732b5b00
[2025-05-20T21:43:53.315+0300][7268][16828][debug][safepoint] ... found polling page loop exception at pc = 0x000001e8738b0160, stub =0x000001e8732b5280
[2025-05-20T21:43:53.315+0300][7268][16908][info ][gc,phases] GC(2) Pause Relocate Start 0.007ms
[2025-05-20T21:43:53.315+0300][7268][16908][info ][safepoint] Safepoint "XRelocateStart", Time since last: 18306200 ns, Reaching safepoint: 591300 ns, Cleanup: 10100 ns, At safepoint: 52200 ns, Total: 653600 ns
[2025-05-20T21:43:53.315+0300][7268][13548][info ][gc,phases] GC(2) Concurrent Relocate 0.195ms
[2025-05-20T21:43:53.315+0300][7268][13548][debug][gc,heap  ] GC(2) Heap after GC invocations=3 (full 3):
[2025-05-20T21:43:53.315+0300][7268][13548][debug][gc,heap  ] GC(2)  ZHeap           used 406M, capacity 4096M, max capacity 4096M
[2025-05-20T21:43:53.315+0300][7268][13548][debug][gc,heap  ] GC(2)  Metaspace       used 8434K, committed 9408K, reserved 1114112K
[2025-05-20T21:43:53.315+0300][7268][13548][debug][gc,heap  ] GC(2)   class space    used 856K, committed 1216K, reserved 1048576K
[2025-05-20T21:43:53.315+0300][7268][13548][info ][gc,heap  ] GC(2) Min Capacity: 4096M(100%)
[2025-05-20T21:43:53.315+0300][7268][13548][info ][gc,heap  ] GC(2) Max Capacity: 4096M(100%)
[2025-05-20T21:43:53.315+0300][7268][13548][info ][gc,heap  ] GC(2) Soft Max Capacity: 4096M(100%)
[2025-05-20T21:43:53.315+0300][7268][13548][info ][gc,heap  ] GC(2)                Mark Start          Mark End        Relocate Start      Relocate End           High               Low         
[2025-05-20T21:43:53.315+0300][7268][13548][info ][gc,heap  ] GC(2)  Capacity:     4096M (100%)       4096M (100%)       4096M (100%)       4096M (100%)       4096M (100%)       4096M (100%)   
[2025-05-20T21:43:53.315+0300][7268][13548][info ][gc,heap  ] GC(2)      Free:     3236M (79%)        2908M (71%)        3506M (86%)        3690M (90%)        3690M (90%)        2876M (70%)    
[2025-05-20T21:43:53.315+0300][7268][13548][info ][gc,heap  ] GC(2)      Used:      860M (21%)        1188M (29%)         590M (14%)         406M (10%)        1220M (30%)         406M (10%)    
[2025-05-20T21:43:53.315+0300][7268][13548][info ][gc,heap  ] GC(2)      Live:         -                11M (0%)           11M (0%)           11M (0%)             -                  -          
[2025-05-20T21:43:53.315+0300][7268][13548][info ][gc,heap  ] GC(2) Allocated:         -               328M (8%)          364M (9%)          363M (9%)             -                  -          
[2025-05-20T21:43:53.315+0300][7268][13548][info ][gc,heap  ] GC(2)   Garbage:         -               848M (21%)         214M (5%)           30M (1%)             -                  -          
[2025-05-20T21:43:53.315+0300][7268][13548][info ][gc,heap  ] GC(2) Reclaimed:         -                  -               634M (15%)         817M (20%)            -                  -          
[2025-05-20T21:43:53.315+0300][7268][13548][info ][gc       ] GC(2) Garbage Collection (Warmup) 860M(21%)->406M(10%)
[2025-05-20T21:43:53.613+0300][7268][13548][debug][gc,heap  ] GC(3) Heap before GC invocations=3 (full 3):
[2025-05-20T21:43:53.613+0300][7268][13548][debug][gc,heap  ] GC(3)  ZHeap           used 1396M, capacity 4096M, max capacity 4096M
[2025-05-20T21:43:53.613+0300][7268][13548][debug][gc,heap  ] GC(3)  Metaspace       used 8439K, committed 9408K, reserved 1114112K
[2025-05-20T21:43:53.613+0300][7268][13548][debug][gc,heap  ] GC(3)   class space    used 856K, committed 1216K, reserved 1048576K
[2025-05-20T21:43:53.613+0300][7268][16908][debug][safepoint] Safepoint synchronization initiated using striped semaphore wait barrier. (21 threads)
[2025-05-20T21:43:53.613+0300][7268][9320 ][debug][safepoint] ... found polling page loop exception at pc = 0x000001e8738b0160, stub =0x000001e8732b5280
[2025-05-20T21:43:53.613+0300][7268][11364][debug][safepoint] ... found polling page loop exception at pc = 0x000001e8738b0160, stub =0x000001e8732b5280
[2025-05-20T21:43:53.613+0300][7268][18396][debug][safepoint] ... found polling page loop exception at pc = 0x000001e8738b0160, stub =0x000001e8732b5280
[2025-05-20T21:43:53.613+0300][7268][8892 ][debug][safepoint] ... found polling page loop exception at pc = 0x000001e8738b0160, stub =0x000001e8732b5280
[2025-05-20T21:43:53.613+0300][7268][16908][info ][gc,phases] GC(3) Pause Mark Start 0.007ms
[2025-05-20T21:43:53.613+0300][7268][16908][info ][safepoint] Safepoint "XMarkStart", Time since last: 296684300 ns, Reaching safepoint: 216200 ns, Cleanup: 24000 ns, At safepoint: 53200 ns, Total: 293400 ns
[2025-05-20T21:43:53.617+0300][7268][9320 ][debug][safepoint] ... found polling page loop exception at pc = 0x000001e8738b0160, stub =0x000001e8732b5280
[2025-05-20T21:43:53.617+0300][7268][1480 ][debug][safepoint] ... found polling page loop exception at pc = 0x000001e8738b0160, stub =0x000001e8732b5280
[2025-05-20T21:43:53.617+0300][7268][18396][debug][safepoint] ... found polling page loop exception at pc = 0x000001e8738b0160, stub =0x000001e8732b5280
[2025-05-20T21:43:53.619+0300][7268][5296 ][debug][safepoint] ... found polling page loop exception at pc = 0x000001e8738b0160, stub =0x000001e8732b5280
[2025-05-20T21:43:53.619+0300][7268][8892 ][debug][safepoint] ... found polling page loop exception at pc = 0x000001e8738cec4b, stub =0x000001e8732b5b00
[2025-05-20T21:43:53.619+0300][7268][7680 ][debug][safepoint] ... found polling page loop exception at pc = 0x000001e8738cec4b, stub =0x000001e8732b5b00
[2025-05-20T21:43:53.619+0300][7268][7680 ][debug][safepoint] ... found polling page loop exception at pc = 0x000001e8738b0160, stub =0x000001e8732b5280
[2025-05-20T21:43:53.619+0300][7268][1480 ][debug][safepoint] ... found polling page loop exception at pc = 0x000001e8738b0160, stub =0x000001e8732b5280
[2025-05-20T21:43:53.619+0300][7268][1480 ][debug][safepoint] ... found polling page loop exception at pc = 0x000001e8738abc20, stub =0x000001e8732b5b00
[2025-05-20T21:43:53.619+0300][7268][8892 ][debug][safepoint] ... found polling page loop exception at pc = 0x000001e8738cec4b, stub =0x000001e8732b5b00
[2025-05-20T21:43:53.619+0300][7268][9320 ][debug][safepoint] ... found polling page loop exception at pc = 0x000001e8738b0160, stub =0x000001e8732b5280
[2025-05-20T21:43:53.619+0300][7268][1480 ][debug][safepoint] ... found polling page loop exception at pc = 0x000001e87392ed9f, stub =0x000001e8732b5b00
[2025-05-20T21:43:53.619+0300][7268][11364][debug][safepoint] ... found polling page loop exception at pc = 0x000001e8738b0160, stub =0x000001e8732b5280
[2025-05-20T21:43:53.629+0300][7268][13548][info ][gc,phases] GC(3) Concurrent Mark 14.858ms
[2025-05-20T21:43:53.629+0300][7268][16908][debug][safepoint] Safepoint synchronization initiated using striped semaphore wait barrier. (21 threads)
[2025-05-20T21:43:53.629+0300][7268][7680 ][debug][safepoint] ... found polling page loop exception at pc = 0x000001e873963c53, stub =0x000001e8732b5b00
[2025-05-20T21:43:53.629+0300][7268][8892 ][debug][safepoint] ... found polling page loop exception at pc = 0x000001e8738b0160, stub =0x000001e8732b5280
[2025-05-20T21:43:53.629+0300][7268][1480 ][debug][safepoint] ... found polling page loop exception at pc = 0x000001e8738abc20, stub =0x000001e8732b5b00
[2025-05-20T21:43:53.629+0300][7268][11364][debug][safepoint] ... found polling page loop exception at pc = 0x000001e873963c53, stub =0x000001e8732b5b00
[2025-05-20T21:43:53.629+0300][7268][5296 ][debug][safepoint] ... found polling page loop exception at pc = 0x000001e8738b0160, stub =0x000001e8732b5280
[2025-05-20T21:43:53.629+0300][7268][16908][info ][gc,phases] GC(3) Pause Mark End 0.073ms
[2025-05-20T21:43:53.629+0300][7268][16908][info ][safepoint] Safepoint "XMarkEnd", Time since last: 14972700 ns, Reaching safepoint: 261100 ns, Cleanup: 5000 ns, At safepoint: 120500 ns, Total: 386600 ns
[2025-05-20T21:43:53.629+0300][7268][13548][info ][gc,phases] GC(3) Concurrent Mark Free 0.000ms
[2025-05-20T21:43:53.629+0300][7268][13548][debug][gc,phases] GC(3) Concurrent References Process 0.086ms
[2025-05-20T21:43:53.629+0300][7268][13548][debug][gc,phases] GC(3) ClassLoaderData 0.016ms
[2025-05-20T21:43:53.629+0300][7268][13548][debug][gc,phases] GC(3) Trigger cleanups 0.000ms
[2025-05-20T21:43:53.631+0300][7268][13548][debug][gc,phases] GC(3) Concurrent Classes Unlink 2.373ms
[2025-05-20T21:43:53.631+0300][7268][5296 ][debug][safepoint] ... found polling page loop exception at pc = 0x000001e8738bec8e, stub =0x000001e8732b5b00
[2025-05-20T21:43:53.631+0300][7268][1480 ][debug][safepoint] ... found polling page loop exception at pc = 0x000001e8738b0160, stub =0x000001e8732b5280
[2025-05-20T21:43:53.631+0300][7268][8892 ][debug][safepoint] ... found polling page loop exception at pc = 0x000001e8739244cf, stub =0x000001e8732b5280
[2025-05-20T21:43:53.631+0300][7268][16828][debug][safepoint] ... found polling page loop exception at pc = 0x000001e8738b0160, stub =0x000001e8732b5280
[2025-05-20T21:43:53.644+0300][7268][13548][debug][gc,phases] GC(3) Concurrent Classes Purge 0.270ms
[2025-05-20T21:43:53.644+0300][7268][13548][debug][gc,phases] GC(3) Concurrent References Enqueue 0.005ms
[2025-05-20T21:43:53.644+0300][7268][13548][info ][gc,phases] GC(3) Concurrent Process Non-Strong References 15.611ms
[2025-05-20T21:43:53.644+0300][7268][13548][info ][gc,phases] GC(3) Concurrent Reset Relocation Set 0.012ms
[2025-05-20T21:43:53.646+0300][7268][13548][info ][gc,phases] GC(3) Concurrent Select Relocation Set 2.222ms
[2025-05-20T21:43:53.646+0300][7268][16908][debug][safepoint] Safepoint synchronization initiated using striped semaphore wait barrier. (21 threads)
[2025-05-20T21:43:53.646+0300][7268][8892 ][debug][safepoint] ... found polling page loop exception at pc = 0x000001e8738f5d0f, stub =0x000001e8732b5280
[2025-05-20T21:43:53.646+0300][7268][9320 ][debug][safepoint] ... found polling page loop exception at pc = 0x000001e87397f066, stub =0x000001e8732b5b00
[2025-05-20T21:43:53.646+0300][7268][7680 ][debug][safepoint] ... found polling page loop exception at pc = 0x000001e8738b0160, stub =0x000001e8732b5280
[2025-05-20T21:43:53.646+0300][7268][18396][debug][safepoint] ... found polling page loop exception at pc = 0x000001e8738b0160, stub =0x000001e8732b5280
[2025-05-20T21:43:53.646+0300][7268][5296 ][debug][safepoint] ... found polling page loop exception at pc = 0x000001e8738b0160, stub =0x000001e8732b5280
[2025-05-20T21:43:53.646+0300][7268][1480 ][debug][safepoint] ... found polling page loop exception at pc = 0x000001e8738b0160, stub =0x000001e8732b5280
[2025-05-20T21:43:53.646+0300][7268][11364][debug][safepoint] ... found polling page loop exception at pc = 0x000001e8738b0160, stub =0x000001e8732b5280
[2025-05-20T21:43:53.646+0300][7268][16908][info ][gc,phases] GC(3) Pause Relocate Start 0.010ms
[2025-05-20T21:43:53.646+0300][7268][16908][info ][safepoint] Safepoint "XRelocateStart", Time since last: 17980000 ns, Reaching safepoint: 239400 ns, Cleanup: 14100 ns, At safepoint: 51200 ns, Total: 304700 ns
[2025-05-20T21:43:53.646+0300][7268][13548][info ][gc,phases] GC(3) Concurrent Relocate 0.226ms
[2025-05-20T21:43:53.646+0300][7268][13548][debug][gc,heap  ] GC(3) Heap after GC invocations=4 (full 4):
[2025-05-20T21:43:53.646+0300][7268][13548][debug][gc,heap  ] GC(3)  ZHeap           used 144M, capacity 4096M, max capacity 4096M
[2025-05-20T21:43:53.646+0300][7268][13548][debug][gc,heap  ] GC(3)  Metaspace       used 8440K, committed 9408K, reserved 1114112K
[2025-05-20T21:43:53.646+0300][7268][13548][debug][gc,heap  ] GC(3)   class space    used 856K, committed 1216K, reserved 1048576K
[2025-05-20T21:43:53.646+0300][7268][13548][info ][gc,heap  ] GC(3) Min Capacity: 4096M(100%)
[2025-05-20T21:43:53.646+0300][7268][13548][info ][gc,heap  ] GC(3) Max Capacity: 4096M(100%)
[2025-05-20T21:43:53.646+0300][7268][13548][info ][gc,heap  ] GC(3) Soft Max Capacity: 4096M(100%)
[2025-05-20T21:43:53.646+0300][7268][13548][info ][gc,heap  ] GC(3)                Mark Start          Mark End        Relocate Start      Relocate End           High               Low         
[2025-05-20T21:43:53.646+0300][7268][13548][info ][gc,heap  ] GC(3)  Capacity:     4096M (100%)       4096M (100%)       4096M (100%)       4096M (100%)       4096M (100%)       4096M (100%)   
[2025-05-20T21:43:53.646+0300][7268][13548][info ][gc,heap  ] GC(3)      Free:     2698M (66%)        2650M (65%)        3690M (90%)        3952M (96%)        3952M (96%)        2602M (64%)    
[2025-05-20T21:43:53.646+0300][7268][13548][info ][gc,heap  ] GC(3)      Used:     1398M (34%)        1446M (35%)         406M (10%)         144M (4%)         1494M (36%)         144M (4%)     
[2025-05-20T21:43:53.646+0300][7268][13548][info ][gc,heap  ] GC(3)      Live:         -                11M (0%)           11M (0%)           11M (0%)             -                  -          
[2025-05-20T21:43:53.646+0300][7268][13548][info ][gc,heap  ] GC(3) Allocated:         -                48M (1%)          102M (2%)          101M (2%)             -                  -          
[2025-05-20T21:43:53.646+0300][7268][13548][info ][gc,heap  ] GC(3)   Garbage:         -              1386M (34%)         292M (7%)           30M (1%)             -                  -          
[2025-05-20T21:43:53.646+0300][7268][13548][info ][gc,heap  ] GC(3) Reclaimed:         -                  -              1094M (27%)        1355M (33%)            -                  -          
[2025-05-20T21:43:53.646+0300][7268][13548][info ][gc       ] GC(3) Garbage Collection (Warmup) 1398M(34%)->144M(4%)
[2025-05-20T21:43:54.022+0300][7268][13548][debug][gc,heap  ] GC(4) Heap before GC invocations=4 (full 4):
[2025-05-20T21:43:54.022+0300][7268][13548][debug][gc,heap  ] GC(4)  ZHeap           used 1632M, capacity 4096M, max capacity 4096M
[2025-05-20T21:43:54.022+0300][7268][13548][debug][gc,heap  ] GC(4)  Metaspace       used 8487K, committed 9472K, reserved 1114112K
[2025-05-20T21:43:54.022+0300][7268][13548][debug][gc,heap  ] GC(4)   class space    used 856K, committed 1216K, reserved 1048576K
[2025-05-20T21:43:54.022+0300][7268][16908][debug][safepoint] Safepoint synchronization initiated using striped semaphore wait barrier. (19 threads)
[2025-05-20T21:43:54.022+0300][7268][7680 ][debug][safepoint] ... found polling page loop exception at pc = 0x000001e8738cec4b, stub =0x000001e8732b5b00
[2025-05-20T21:43:54.022+0300][7268][11364][debug][safepoint] ... found polling page loop exception at pc = 0x000001e8738bec8e, stub =0x000001e8732b5b00
[2025-05-20T21:43:54.022+0300][7268][9320 ][debug][safepoint] ... found polling page loop exception at pc = 0x000001e8738bef60, stub =0x000001e8732b5b00
[2025-05-20T21:43:54.022+0300][7268][8892 ][debug][safepoint] ... found polling page loop exception at pc = 0x000001e8738b0160, stub =0x000001e8732b5280
[2025-05-20T21:43:54.022+0300][7268][16908][info ][gc,phases] GC(4) Pause Mark Start 0.010ms
[2025-05-20T21:43:54.022+0300][7268][16908][info ][safepoint] Safepoint "XMarkStart", Time since last: 375213300 ns, Reaching safepoint: 319800 ns, Cleanup: 23700 ns, At safepoint: 57800 ns, Total: 401300 ns
[2025-05-20T21:43:54.027+0300][7268][1480 ][debug][safepoint] ... found polling page loop exception at pc = 0x000001e8738b0160, stub =0x000001e8732b5280
[2025-05-20T21:43:54.027+0300][7268][18396][debug][safepoint] ... found polling page loop exception at pc = 0x000001e8738b0160, stub =0x000001e8732b5280
[2025-05-20T21:43:54.027+0300][7268][9320 ][debug][safepoint] ... found polling page loop exception at pc = 0x000001e8738bec8e, stub =0x000001e8732b5b00
[2025-05-20T21:43:54.027+0300][7268][16828][debug][safepoint] ... found polling page loop exception at pc = 0x000001e8738b0160, stub =0x000001e8732b5280
[2025-05-20T21:43:54.038+0300][7268][7680 ][debug][safepoint] ... found polling page loop exception at pc = 0x000001e8738b0160, stub =0x000001e8732b5280
[2025-05-20T21:43:54.038+0300][7268][1480 ][debug][safepoint] ... found polling page loop exception at pc = 0x000001e8738b0160, stub =0x000001e8732b5280
[2025-05-20T21:43:54.038+0300][7268][5296 ][debug][safepoint] ... found polling page loop exception at pc = 0x000001e8739244cf, stub =0x000001e8732b5280
[2025-05-20T21:43:54.038+0300][7268][9320 ][debug][safepoint] ... found polling page loop exception at pc = 0x000001e8738b0160, stub =0x000001e8732b5280
[2025-05-20T21:43:54.038+0300][7268][8892 ][debug][safepoint] ... found polling page loop exception at pc = 0x000001e8738b0160, stub =0x000001e8732b5280
[2025-05-20T21:43:54.038+0300][7268][16828][debug][safepoint] ... found polling page loop exception at pc = 0x000001e8738abd86, stub =0x000001e8732b5b00
[2025-05-20T21:43:54.038+0300][7268][18396][debug][safepoint] ... found polling page loop exception at pc = 0x000001e8738f9af1, stub =0x000001e8732b5b00
[2025-05-20T21:43:54.054+0300][7268][9320 ][debug][safepoint] ... found polling page loop exception at pc = 0x000001e8738f5d0f, stub =0x000001e8732b5280
[2025-05-20T21:43:54.054+0300][7268][1480 ][debug][safepoint] ... found polling page loop exception at pc = 0x000001e8738cec4b, stub =0x000001e8732b5b00
[2025-05-20T21:43:54.054+0300][7268][11364][debug][safepoint] ... found polling page loop exception at pc = 0x000001e8738f5d0f, stub =0x000001e8732b5280
[2025-05-20T21:43:54.054+0300][7268][8892 ][debug][safepoint] ... found polling page loop exception at pc = 0x000001e8738b0160, stub =0x000001e8732b5280
[2025-05-20T21:43:54.054+0300][7268][5296 ][debug][safepoint] ... found polling page loop exception at pc = 0x000001e8738b0160, stub =0x000001e8732b5280
[2025-05-20T21:43:54.054+0300][7268][5296 ][debug][safepoint] ... found polling page loop exception at pc = 0x000001e8738abc20, stub =0x000001e8732b5b00
[2025-05-20T21:43:54.054+0300][7268][8892 ][debug][safepoint] ... found polling page loop exception at pc = 0x000001e87391aa95, stub =0x000001e8732b5b00
[2025-05-20T21:43:54.054+0300][7268][16828][debug][safepoint] ... found polling page loop exception at pc = 0x000001e8738b0160, stub =0x000001e8732b5280
[2025-05-20T21:43:54.054+0300][7268][7680 ][debug][safepoint] ... found polling page loop exception at pc = 0x000001e8738b0160, stub =0x000001e8732b5280
[2025-05-20T21:43:54.054+0300][7268][9320 ][debug][safepoint] ... found polling page loop exception at pc = 0x000001e8738b0160, stub =0x000001e8732b5280
[2025-05-20T21:43:54.070+0300][7268][13548][info ][gc,phases] GC(4) Concurrent Mark 46.902ms
[2025-05-20T21:43:54.070+0300][7268][16908][debug][safepoint] Safepoint synchronization initiated using striped semaphore wait barrier. (19 threads)
[2025-05-20T21:43:54.070+0300][7268][18396][debug][safepoint] ... found polling page loop exception at pc = 0x000001e8738cec4b, stub =0x000001e8732b5b00
[2025-05-20T21:43:54.070+0300][7268][9320 ][debug][safepoint] ... found polling page loop exception at pc = 0x000001e8739122c8, stub =0x000001e8732b5280
[2025-05-20T21:43:54.070+0300][7268][1480 ][debug][safepoint] ... found polling page loop exception at pc = 0x000001e8738f5d0f, stub =0x000001e8732b5280
[2025-05-20T21:43:54.070+0300][7268][5296 ][debug][safepoint] ... found polling page loop exception at pc = 0x000001e8738b0160, stub =0x000001e8732b5280
[2025-05-20T21:43:54.070+0300][7268][8892 ][debug][safepoint] ... found polling page loop exception at pc = 0x000001e8738f5d0f, stub =0x000001e8732b5280
[2025-05-20T21:43:54.070+0300][7268][16908][info ][gc,phases] GC(4) Pause Mark End 0.059ms
[2025-05-20T21:43:54.070+0300][7268][16908][info ][safepoint] Safepoint "XMarkEnd", Time since last: 47008300 ns, Reaching safepoint: 234100 ns, Cleanup: 5300 ns, At safepoint: 99800 ns, Total: 339200 ns
[2025-05-20T21:43:54.070+0300][7268][13548][info ][gc,phases] GC(4) Concurrent Mark Free 0.000ms
[2025-05-20T21:43:54.070+0300][7268][13548][debug][gc,phases] GC(4) Concurrent References Process 0.107ms
[2025-05-20T21:43:54.070+0300][7268][13548][debug][gc,phases] GC(4) ClassLoaderData 0.016ms
[2025-05-20T21:43:54.070+0300][7268][13548][debug][gc,phases] GC(4) Trigger cleanups 0.000ms
[2025-05-20T21:43:54.072+0300][7268][13548][debug][gc,phases] GC(4) Concurrent Classes Unlink 2.086ms
[2025-05-20T21:43:54.072+0300][7268][5296 ][debug][safepoint] ... found polling page loop exception at pc = 0x000001e8738cec4b, stub =0x000001e8732b5b00
[2025-05-20T21:43:54.072+0300][7268][11364][debug][safepoint] ... found polling page loop exception at pc = 0x000001e8739b6194, stub =0x000001e8732b5b00
[2025-05-20T21:43:54.072+0300][7268][18396][debug][safepoint] ... found polling page loop exception at pc = 0x000001e8738b344c, stub =0x000001e8732b5b00
[2025-05-20T21:43:54.072+0300][7268][9320 ][debug][safepoint] ... found polling page loop exception at pc = 0x000001e86c055879, stub =0x000001e8732b5b00
[2025-05-20T21:43:54.086+0300][7268][13548][debug][gc,phases] GC(4) Concurrent Classes Purge 0.084ms
[2025-05-20T21:43:54.086+0300][7268][13548][debug][gc,phases] GC(4) Concurrent References Enqueue 0.005ms
[2025-05-20T21:43:54.086+0300][7268][13548][info ][gc,phases] GC(4) Concurrent Process Non-Strong References 15.624ms
[2025-05-20T21:43:54.086+0300][7268][13548][info ][gc,phases] GC(4) Concurrent Reset Relocation Set 0.007ms
[2025-05-20T21:43:54.088+0300][7268][13548][info ][gc,phases] GC(4) Concurrent Select Relocation Set 2.336ms
[2025-05-20T21:43:54.088+0300][7268][16908][debug][safepoint] Safepoint synchronization initiated using striped semaphore wait barrier. (19 threads)
[2025-05-20T21:43:54.088+0300][7268][1480 ][debug][safepoint] ... found polling page loop exception at pc = 0x000001e8738abd86, stub =0x000001e8732b5b00
[2025-05-20T21:43:54.088+0300][7268][18396][debug][safepoint] ... found polling page loop exception at pc = 0x000001e8738b0160, stub =0x000001e8732b5280
[2025-05-20T21:43:54.088+0300][7268][16908][info ][gc,phases] GC(4) Pause Relocate Start 0.010ms
[2025-05-20T21:43:54.088+0300][7268][16908][info ][safepoint] Safepoint "XRelocateStart", Time since last: 18122200 ns, Reaching safepoint: 124100 ns, Cleanup: 9700 ns, At safepoint: 61600 ns, Total: 195400 ns
[2025-05-20T21:43:54.088+0300][7268][13548][info ][gc,phases] GC(4) Concurrent Relocate 0.213ms
[2025-05-20T21:43:54.088+0300][7268][13548][debug][gc,heap  ] GC(4) Heap after GC invocations=5 (full 5):
[2025-05-20T21:43:54.088+0300][7268][13548][debug][gc,heap  ] GC(4)  ZHeap           used 260M, capacity 4096M, max capacity 4096M
[2025-05-20T21:43:54.088+0300][7268][13548][debug][gc,heap  ] GC(4)  Metaspace       used 8487K, committed 9472K, reserved 1114112K
[2025-05-20T21:43:54.088+0300][7268][13548][debug][gc,heap  ] GC(4)   class space    used 856K, committed 1216K, reserved 1048576K
[2025-05-20T21:43:54.088+0300][7268][13548][info ][gc,heap  ] GC(4) Min Capacity: 4096M(100%)
[2025-05-20T21:43:54.088+0300][7268][13548][info ][gc,heap  ] GC(4) Max Capacity: 4096M(100%)
[2025-05-20T21:43:54.088+0300][7268][13548][info ][gc,heap  ] GC(4) Soft Max Capacity: 4096M(100%)
[2025-05-20T21:43:54.088+0300][7268][13548][info ][gc,heap  ] GC(4)                Mark Start          Mark End        Relocate Start      Relocate End           High               Low         
[2025-05-20T21:43:54.088+0300][7268][13548][info ][gc,heap  ] GC(4)  Capacity:     4096M (100%)       4096M (100%)       4096M (100%)       4096M (100%)       4096M (100%)       4096M (100%)   
[2025-05-20T21:43:54.088+0300][7268][13548][info ][gc,heap  ] GC(4)      Free:     2464M (60%)        2304M (56%)        3530M (86%)        3836M (94%)        3836M (94%)        2256M (55%)    
[2025-05-20T21:43:54.088+0300][7268][13548][info ][gc,heap  ] GC(4)      Used:     1632M (40%)        1792M (44%)         566M (14%)         260M (6%)         1840M (45%)         260M (6%)     
[2025-05-20T21:43:54.088+0300][7268][13548][info ][gc,heap  ] GC(4)      Live:         -                11M (0%)           11M (0%)           11M (0%)             -                  -          
[2025-05-20T21:43:54.088+0300][7268][13548][info ][gc,heap  ] GC(4) Allocated:         -               160M (4%)          218M (5%)          217M (5%)             -                  -          
[2025-05-20T21:43:54.088+0300][7268][13548][info ][gc,heap  ] GC(4)   Garbage:         -              1620M (40%)         336M (8%)           30M (1%)             -                  -          
[2025-05-20T21:43:54.088+0300][7268][13548][info ][gc,heap  ] GC(4) Reclaimed:         -                  -              1284M (31%)        1589M (39%)            -                  -          
[2025-05-20T21:43:54.088+0300][7268][13548][info ][gc       ] GC(4) Garbage Collection (Allocation Rate) 1632M(40%)->260M(6%)
[2025-05-20T21:43:54.512+0300][7268][13548][debug][gc,heap  ] GC(5) Heap before GC invocations=5 (full 5):
[2025-05-20T21:43:54.512+0300][7268][13548][debug][gc,heap  ] GC(5)  ZHeap           used 2074M, capacity 4096M, max capacity 4096M
[2025-05-20T21:43:54.512+0300][7268][13548][debug][gc,heap  ] GC(5)  Metaspace       used 8503K, committed 9472K, reserved 1114112K
[2025-05-20T21:43:54.512+0300][7268][13548][debug][gc,heap  ] GC(5)   class space    used 856K, committed 1216K, reserved 1048576K
[2025-05-20T21:43:54.512+0300][7268][16908][debug][safepoint] Safepoint synchronization initiated using striped semaphore wait barrier. (19 threads)
[2025-05-20T21:43:54.512+0300][7268][16828][debug][safepoint] ... found polling page loop exception at pc = 0x000001e8738e3e45, stub =0x000001e8732b5b00
[2025-05-20T21:43:54.512+0300][7268][18396][debug][safepoint] ... found polling page loop exception at pc = 0x000001e8738f5d0f, stub =0x000001e8732b5280
[2025-05-20T21:43:54.512+0300][7268][8892 ][debug][safepoint] ... found polling page loop exception at pc = 0x000001e8738f5d0f, stub =0x000001e8732b5280
[2025-05-20T21:43:54.512+0300][7268][11364][debug][safepoint] ... found polling page loop exception at pc = 0x000001e8738b0160, stub =0x000001e8732b5280
[2025-05-20T21:43:54.512+0300][7268][5296 ][debug][safepoint] ... found polling page loop exception at pc = 0x000001e8738b0160, stub =0x000001e8732b5280
[2025-05-20T21:43:54.512+0300][7268][7680 ][debug][safepoint] ... found polling page loop exception at pc = 0x000001e8738b0160, stub =0x000001e8732b5280
[2025-05-20T21:43:54.512+0300][7268][1480 ][debug][safepoint] ... found polling page loop exception at pc = 0x000001e8738b0160, stub =0x000001e8732b5280
[2025-05-20T21:43:54.512+0300][7268][16908][info ][gc,phases] GC(5) Pause Mark Start 0.006ms
[2025-05-20T21:43:54.512+0300][7268][16908][info ][safepoint] Safepoint "XMarkStart", Time since last: 423984000 ns, Reaching safepoint: 254400 ns, Cleanup: 15000 ns, At safepoint: 43400 ns, Total: 312800 ns
[2025-05-20T21:43:54.519+0300][7268][7680 ][debug][safepoint] ... found polling page loop exception at pc = 0x000001e8738b0160, stub =0x000001e8732b5280
[2025-05-20T21:43:54.519+0300][7268][5296 ][debug][safepoint] ... found polling page loop exception at pc = 0x000001e8738b0160, stub =0x000001e8732b5280
[2025-05-20T21:43:54.519+0300][7268][8892 ][debug][safepoint] ... found polling page loop exception at pc = 0x000001e8738b059d, stub =0x000001e8732b5280
[2025-05-20T21:43:54.519+0300][7268][16828][debug][safepoint] ... found polling page loop exception at pc = 0x000001e8738b0160, stub =0x000001e8732b5280
[2025-05-20T21:43:54.519+0300][7268][9320 ][debug][safepoint] ... found polling page loop exception at pc = 0x000001e8738cec4b, stub =0x000001e8732b5b00
[2025-05-20T21:43:54.521+0300][7268][16828][debug][safepoint] ... found polling page loop exception at pc = 0x000001e8738b0160, stub =0x000001e8732b5280
[2025-05-20T21:43:54.521+0300][7268][1480 ][debug][safepoint] ... found polling page loop exception at pc = 0x000001e8738cec4b, stub =0x000001e8732b5b00
[2025-05-20T21:43:54.521+0300][7268][9320 ][debug][safepoint] ... found polling page loop exception at pc = 0x000001e8738b0160, stub =0x000001e8732b5280
[2025-05-20T21:43:54.521+0300][7268][16828][debug][safepoint] ... found polling page loop exception at pc = 0x000001e8738b0160, stub =0x000001e8732b5280
[2025-05-20T21:43:54.521+0300][7268][5296 ][debug][safepoint] ... found polling page loop exception at pc = 0x000001e8738b0160, stub =0x000001e8732b5280
[2025-05-20T21:43:54.521+0300][7268][8892 ][debug][safepoint] ... found polling page loop exception at pc = 0x000001e8738b0160, stub =0x000001e8732b5280
[2025-05-20T21:43:54.523+0300][7268][9320 ][debug][safepoint] ... found polling page loop exception at pc = 0x000001e8738d7d05, stub =0x000001e8732b5b00
[2025-05-20T21:43:54.523+0300][7268][16828][debug][safepoint] ... found polling page loop exception at pc = 0x000001e8738bec8e, stub =0x000001e8732b5b00
[2025-05-20T21:43:54.523+0300][7268][5296 ][debug][safepoint] ... found polling page loop exception at pc = 0x000001e8738b0160, stub =0x000001e8732b5280
[2025-05-20T21:43:54.523+0300][7268][18396][debug][safepoint] ... found polling page loop exception at pc = 0x000001e8738b0160, stub =0x000001e8732b5280
[2025-05-20T21:43:54.523+0300][7268][11364][debug][safepoint] ... found polling page loop exception at pc = 0x000001e8738abd86, stub =0x000001e8732b5b00
[2025-05-20T21:43:54.523+0300][7268][7680 ][debug][safepoint] ... found polling page loop exception at pc = 0x000001e8738e3e45, stub =0x000001e8732b5b00
[2025-05-20T21:43:54.523+0300][7268][1480 ][debug][safepoint] ... found polling page loop exception at pc = 0x000001e8738b0160, stub =0x000001e8732b5280
[2025-05-20T21:43:54.544+0300][7268][13548][info ][gc,phases] GC(5) Concurrent Mark 31.302ms
[2025-05-20T21:43:54.544+0300][7268][16908][debug][safepoint] Safepoint synchronization initiated using striped semaphore wait barrier. (19 threads)
[2025-05-20T21:43:54.544+0300][7268][7680 ][debug][safepoint] ... found polling page loop exception at pc = 0x000001e8738cec4b, stub =0x000001e8732b5b00
[2025-05-20T21:43:54.544+0300][7268][9320 ][debug][safepoint] ... found polling page loop exception at pc = 0x000001e8738abd86, stub =0x000001e8732b5b00
[2025-05-20T21:43:54.544+0300][7268][8892 ][debug][safepoint] ... found polling page loop exception at pc = 0x000001e873861e18, stub =0x000001e8732b5b00
[2025-05-20T21:43:54.544+0300][7268][16908][info ][gc,phases] GC(5) Pause Mark End 0.021ms
[2025-05-20T21:43:54.544+0300][7268][16908][info ][safepoint] Safepoint "XMarkEnd", Time since last: 31413500 ns, Reaching safepoint: 138800 ns, Cleanup: 7700 ns, At safepoint: 75600 ns, Total: 222100 ns
[2025-05-20T21:43:54.544+0300][7268][13548][info ][gc,phases] GC(5) Concurrent Mark Free 0.001ms
[2025-05-20T21:43:54.544+0300][7268][13548][debug][gc,phases] GC(5) Concurrent References Process 0.141ms
[2025-05-20T21:43:54.544+0300][7268][13548][debug][gc,phases] GC(5) ClassLoaderData 0.015ms
[2025-05-20T21:43:54.544+0300][7268][13548][debug][gc,phases] GC(5) Trigger cleanups 0.001ms
[2025-05-20T21:43:54.546+0300][7268][13548][debug][gc,phases] GC(5) Concurrent Classes Unlink 2.103ms
[2025-05-20T21:43:54.546+0300][7268][9320 ][debug][safepoint] ... found polling page loop exception at pc = 0x000001e8738f5d0f, stub =0x000001e8732b5280
[2025-05-20T21:43:54.546+0300][7268][1480 ][debug][safepoint] ... found polling page loop exception at pc = 0x000001e8738b0160, stub =0x000001e8732b5280
[2025-05-20T21:43:54.546+0300][7268][11364][debug][safepoint] ... found polling page loop exception at pc = 0x000001e8738cec4b, stub =0x000001e8732b5b00
[2025-05-20T21:43:54.546+0300][7268][7680 ][debug][safepoint] ... found polling page loop exception at pc = 0x000001e8738f5d0f, stub =0x000001e8732b5280
[2025-05-20T21:43:54.560+0300][7268][13548][debug][gc,phases] GC(5) Concurrent Classes Purge 0.128ms
[2025-05-20T21:43:54.560+0300][7268][13548][debug][gc,phases] GC(5) Concurrent References Enqueue 0.005ms
[2025-05-20T21:43:54.560+0300][7268][13548][info ][gc,phases] GC(5) Concurrent Process Non-Strong References 15.749ms
[2025-05-20T21:43:54.560+0300][7268][13548][info ][gc,phases] GC(5) Concurrent Reset Relocation Set 0.009ms
[2025-05-20T21:43:54.562+0300][7268][13548][info ][gc,phases] GC(5) Concurrent Select Relocation Set 3.615ms
[2025-05-20T21:43:54.562+0300][7268][16908][debug][safepoint] Safepoint synchronization initiated using striped semaphore wait barrier. (19 threads)
[2025-05-20T21:43:54.564+0300][7268][9320 ][debug][safepoint] ... found polling page loop exception at pc = 0x000001e8738b0160, stub =0x000001e8732b5280
[2025-05-20T21:43:54.564+0300][7268][16828][debug][safepoint] ... found polling page loop exception at pc = 0x000001e8738b0160, stub =0x000001e8732b5280
[2025-05-20T21:43:54.564+0300][7268][11364][debug][safepoint] ... found polling page loop exception at pc = 0x000001e8738b0160, stub =0x000001e8732b5280
[2025-05-20T21:43:54.564+0300][7268][5296 ][debug][safepoint] ... found polling page loop exception at pc = 0x000001e8738b0160, stub =0x000001e8732b5280
[2025-05-20T21:43:54.564+0300][7268][16908][info ][gc,phases] GC(5) Pause Relocate Start 0.006ms
[2025-05-20T21:43:54.564+0300][7268][16908][info ][safepoint] Safepoint "XRelocateStart", Time since last: 19524200 ns, Reaching safepoint: 233600 ns, Cleanup: 7500 ns, At safepoint: 45900 ns, Total: 287000 ns
[2025-05-20T21:43:54.564+0300][7268][13548][info ][gc,phases] GC(5) Concurrent Relocate 0.246ms
[2025-05-20T21:43:54.564+0300][7268][13548][debug][gc,heap  ] GC(5) Heap after GC invocations=6 (full 6):
[2025-05-20T21:43:54.564+0300][7268][13548][debug][gc,heap  ] GC(5)  ZHeap           used 222M, capacity 4096M, max capacity 4096M
[2025-05-20T21:43:54.564+0300][7268][13548][debug][gc,heap  ] GC(5)  Metaspace       used 8503K, committed 9472K, reserved 1114112K
[2025-05-20T21:43:54.564+0300][7268][13548][debug][gc,heap  ] GC(5)   class space    used 856K, committed 1216K, reserved 1048576K
[2025-05-20T21:43:54.564+0300][7268][13548][info ][gc,heap  ] GC(5) Min Capacity: 4096M(100%)
[2025-05-20T21:43:54.564+0300][7268][13548][info ][gc,heap  ] GC(5) Max Capacity: 4096M(100%)
[2025-05-20T21:43:54.564+0300][7268][13548][info ][gc,heap  ] GC(5) Soft Max Capacity: 4096M(100%)
[2025-05-20T21:43:54.564+0300][7268][13548][info ][gc,heap  ] GC(5)                Mark Start          Mark End        Relocate Start      Relocate End           High               Low         
[2025-05-20T21:43:54.564+0300][7268][13548][info ][gc,heap  ] GC(5)  Capacity:     4096M (100%)       4096M (100%)       4096M (100%)       4096M (100%)       4096M (100%)       4096M (100%)   
[2025-05-20T21:43:54.564+0300][7268][13548][info ][gc,heap  ] GC(5)      Free:     2022M (49%)        1908M (47%)        3510M (86%)        3874M (95%)        3874M (95%)        1858M (45%)    
[2025-05-20T21:43:54.564+0300][7268][13548][info ][gc,heap  ] GC(5)      Used:     2074M (51%)        2188M (53%)         586M (14%)         222M (5%)         2238M (55%)         222M (5%)     
[2025-05-20T21:43:54.564+0300][7268][13548][info ][gc,heap  ] GC(5)      Live:         -                11M (0%)           11M (0%)           11M (0%)             -                  -          
[2025-05-20T21:43:54.564+0300][7268][13548][info ][gc,heap  ] GC(5) Allocated:         -               114M (3%)          176M (4%)          179M (4%)             -                  -          
[2025-05-20T21:43:54.564+0300][7268][13548][info ][gc,heap  ] GC(5)   Garbage:         -              2062M (50%)         398M (10%)          30M (1%)             -                  -          
[2025-05-20T21:43:54.564+0300][7268][13548][info ][gc,heap  ] GC(5) Reclaimed:         -                  -              1664M (41%)        2031M (50%)            -                  -          
[2025-05-20T21:43:54.564+0300][7268][13548][info ][gc       ] GC(5) Garbage Collection (Allocation Rate) 2074M(51%)->222M(5%)
[2025-05-20T21:43:54.916+0300][7268][13548][debug][gc,heap  ] GC(6) Heap before GC invocations=6 (full 6):
[2025-05-20T21:43:54.916+0300][7268][13548][debug][gc,heap  ] GC(6)  ZHeap           used 1886M, capacity 4096M, max capacity 4096M
[2025-05-20T21:43:54.916+0300][7268][13548][debug][gc,heap  ] GC(6)  Metaspace       used 8505K, committed 9472K, reserved 1114112K
[2025-05-20T21:43:54.916+0300][7268][13548][debug][gc,heap  ] GC(6)   class space    used 856K, committed 1216K, reserved 1048576K
[2025-05-20T21:43:54.916+0300][7268][16908][debug][safepoint] Safepoint synchronization initiated using striped semaphore wait barrier. (19 threads)
[2025-05-20T21:43:54.916+0300][7268][8892 ][debug][safepoint] ... found polling page loop exception at pc = 0x000001e873861e18, stub =0x000001e8732b5b00
[2025-05-20T21:43:54.916+0300][7268][1480 ][debug][safepoint] ... found polling page loop exception at pc = 0x000001e8738b0160, stub =0x000001e8732b5280
[2025-05-20T21:43:54.916+0300][7268][16828][debug][safepoint] ... found polling page loop exception at pc = 0x000001e8738b0160, stub =0x000001e8732b5280
[2025-05-20T21:43:54.916+0300][7268][18396][debug][safepoint] ... found polling page loop exception at pc = 0x000001e8738bec8e, stub =0x000001e8732b5b00
[2025-05-20T21:43:54.916+0300][7268][9320 ][debug][safepoint] ... found polling page loop exception at pc = 0x000001e8738b0160, stub =0x000001e8732b5280
[2025-05-20T21:43:54.916+0300][7268][16908][info ][gc,phases] GC(6) Pause Mark Start 0.008ms
[2025-05-20T21:43:54.916+0300][7268][16908][info ][safepoint] Safepoint "XMarkStart", Time since last: 351965200 ns, Reaching safepoint: 237300 ns, Cleanup: 10500 ns, At safepoint: 69000 ns, Total: 316800 ns
[2025-05-20T21:43:54.925+0300][7268][5296 ][debug][safepoint] ... found polling page loop exception at pc = 0x000001e8738b0160, stub =0x000001e8732b5280
[2025-05-20T21:43:54.925+0300][7268][11364][debug][safepoint] ... found polling page loop exception at pc = 0x000001e8738f5d0f, stub =0x000001e8732b5280
[2025-05-20T21:43:54.925+0300][7268][8892 ][debug][safepoint] ... found polling page loop exception at pc = 0x000001e8738b0160, stub =0x000001e8732b5280
[2025-05-20T21:43:54.925+0300][7268][7680 ][debug][safepoint] ... found polling page loop exception at pc = 0x000001e8738b0160, stub =0x000001e8732b5280
[2025-05-20T21:43:54.925+0300][7268][16828][debug][safepoint] ... found polling page loop exception at pc = 0x000001e8738b0160, stub =0x000001e8732b5280
[2025-05-20T21:43:54.927+0300][7268][11364][debug][safepoint] ... found polling page loop exception at pc = 0x000001e8738b0160, stub =0x000001e8732b5280
[2025-05-20T21:43:54.927+0300][7268][9320 ][debug][safepoint] ... found polling page loop exception at pc = 0x000001e8738cec4b, stub =0x000001e8732b5b00
[2025-05-20T21:43:54.927+0300][7268][18396][debug][safepoint] ... found polling page loop exception at pc = 0x000001e8738f5d0f, stub =0x000001e8732b5280
[2025-05-20T21:43:54.932+0300][7268][18396][debug][safepoint] ... found polling page loop exception at pc = 0x000001e8738b0160, stub =0x000001e8732b5280
[2025-05-20T21:43:54.932+0300][7268][8892 ][debug][safepoint] ... found polling page loop exception at pc = 0x000001e8738bec8e, stub =0x000001e8732b5b00
[2025-05-20T21:43:54.932+0300][7268][11364][debug][safepoint] ... found polling page loop exception at pc = 0x000001e8738b0160, stub =0x000001e8732b5280
[2025-05-20T21:43:54.932+0300][7268][9320 ][debug][safepoint] ... found polling page loop exception at pc = 0x000001e8738b0160, stub =0x000001e8732b5280
[2025-05-20T21:43:54.932+0300][7268][9320 ][debug][safepoint] ... found polling page loop exception at pc = 0x000001e8738b0160, stub =0x000001e8732b5280
[2025-05-20T21:43:54.932+0300][7268][1480 ][debug][safepoint] ... found polling page loop exception at pc = 0x000001e8738b0160, stub =0x000001e8732b5280
[2025-05-20T21:43:54.932+0300][7268][5296 ][debug][safepoint] ... found polling page loop exception at pc = 0x000001e8738c5c30, stub =0x000001e8732b5b00
[2025-05-20T21:43:54.932+0300][7268][8892 ][debug][safepoint] ... found polling page loop exception at pc = 0x000001e8738b0160, stub =0x000001e8732b5280
[2025-05-20T21:43:54.932+0300][7268][13548][info ][gc,phases] GC(6) Concurrent Mark 16.086ms
[2025-05-20T21:43:54.932+0300][7268][16908][debug][safepoint] Safepoint synchronization initiated using striped semaphore wait barrier. (19 threads)
[2025-05-20T21:43:54.932+0300][7268][9320 ][debug][safepoint] ... found polling page loop exception at pc = 0x000001e8738cec4b, stub =0x000001e8732b5b00
[2025-05-20T21:43:54.932+0300][7268][11364][debug][safepoint] ... found polling page loop exception at pc = 0x000001e8738b0160, stub =0x000001e8732b5280
[2025-05-20T21:43:54.932+0300][7268][7680 ][debug][safepoint] ... found polling page loop exception at pc = 0x000001e8738b0160, stub =0x000001e8732b5280
[2025-05-20T21:43:54.932+0300][7268][18396][debug][safepoint] ... found polling page loop exception at pc = 0x000001e8738b0160, stub =0x000001e8732b5280
[2025-05-20T21:43:54.932+0300][7268][16828][debug][safepoint] ... found polling page loop exception at pc = 0x000001e873958d4d, stub =0x000001e8732b5280
[2025-05-20T21:43:54.932+0300][7268][8892 ][debug][safepoint] ... found polling page loop exception at pc = 0x000001e8738b0160, stub =0x000001e8732b5280
[2025-05-20T21:43:54.932+0300][7268][16908][info ][gc,phases] GC(6) Pause Mark End 0.012ms
[2025-05-20T21:43:54.932+0300][7268][16908][info ][safepoint] Safepoint "XMarkEnd", Time since last: 16163500 ns, Reaching safepoint: 188500 ns, Cleanup: 4100 ns, At safepoint: 48800 ns, Total: 241400 ns
[2025-05-20T21:43:54.932+0300][7268][13548][info ][gc,phases] GC(6) Concurrent Mark Free 0.001ms
[2025-05-20T21:43:54.932+0300][7268][13548][debug][gc,phases] GC(6) Concurrent References Process 0.150ms
[2025-05-20T21:43:54.932+0300][7268][13548][debug][gc,phases] GC(6) ClassLoaderData 0.017ms
[2025-05-20T21:43:54.932+0300][7268][13548][debug][gc,phases] GC(6) Trigger cleanups 0.000ms
[2025-05-20T21:43:54.937+0300][7268][13548][debug][gc,phases] GC(6) Concurrent Classes Unlink 4.154ms
[2025-05-20T21:43:54.937+0300][7268][8892 ][debug][safepoint] ... found polling page loop exception at pc = 0x000001e8738b0160, stub =0x000001e8732b5280
[2025-05-20T21:43:54.937+0300][7268][1480 ][debug][safepoint] ... found polling page loop exception at pc = 0x000001e8739244cf, stub =0x000001e8732b5280
[2025-05-20T21:43:54.937+0300][7268][18396][debug][safepoint] ... found polling page loop exception at pc = 0x000001e8738b0160, stub =0x000001e8732b5280
[2025-05-20T21:43:54.937+0300][7268][11364][debug][safepoint] ... found polling page loop exception at pc = 0x000001e87391aa95, stub =0x000001e8732b5b00
[2025-05-20T21:43:54.937+0300][7268][5296 ][debug][safepoint] ... found polling page loop exception at pc = 0x000001e8738b0160, stub =0x000001e8732b5280
[2025-05-20T21:43:54.948+0300][7268][13548][debug][gc,phases] GC(6) Concurrent Classes Purge 0.058ms
[2025-05-20T21:43:54.948+0300][7268][13548][debug][gc,phases] GC(6) Concurrent References Enqueue 0.006ms
[2025-05-20T21:43:54.948+0300][7268][13548][info ][gc,phases] GC(6) Concurrent Process Non-Strong References 14.684ms
[2025-05-20T21:43:54.948+0300][7268][13548][info ][gc,phases] GC(6) Concurrent Reset Relocation Set 0.009ms
[2025-05-20T21:43:54.950+0300][7268][13548][info ][gc,phases] GC(6) Concurrent Select Relocation Set 2.268ms
[2025-05-20T21:43:54.950+0300][7268][16908][debug][safepoint] Safepoint synchronization initiated using striped semaphore wait barrier. (19 threads)
[2025-05-20T21:43:54.950+0300][7268][5296 ][debug][safepoint] ... found polling page loop exception at pc = 0x000001e8738cec4b, stub =0x000001e8732b5b00
[2025-05-20T21:43:54.950+0300][7268][8892 ][debug][safepoint] ... found polling page loop exception at pc = 0x000001e8738bec8e, stub =0x000001e8732b5b00
[2025-05-20T21:43:54.950+0300][7268][1480 ][debug][safepoint] ... found polling page loop exception at pc = 0x000001e8738b0160, stub =0x000001e8732b5280
[2025-05-20T21:43:54.950+0300][7268][16828][debug][safepoint] ... found polling page loop exception at pc = 0x000001e8738bec8e, stub =0x000001e8732b5b00
[2025-05-20T21:43:54.950+0300][7268][18396][debug][safepoint] ... found polling page loop exception at pc = 0x000001e8738f5d0f, stub =0x000001e8732b5280
[2025-05-20T21:43:54.950+0300][7268][16908][info ][gc,phases] GC(6) Pause Relocate Start 0.007ms
[2025-05-20T21:43:54.950+0300][7268][16908][info ][safepoint] Safepoint "XRelocateStart", Time since last: 17097100 ns, Reaching safepoint: 232500 ns, Cleanup: 7600 ns, At safepoint: 55600 ns, Total: 295700 ns
[2025-05-20T21:43:54.950+0300][7268][13548][info ][gc,phases] GC(6) Concurrent Relocate 0.546ms
[2025-05-20T21:43:54.950+0300][7268][13548][debug][gc,heap  ] GC(6) Heap after GC invocations=7 (full 7):
[2025-05-20T21:43:54.950+0300][7268][13548][debug][gc,heap  ] GC(6)  ZHeap           used 176M, capacity 4096M, max capacity 4096M
[2025-05-20T21:43:54.950+0300][7268][13548][debug][gc,heap  ] GC(6)  Metaspace       used 8505K, committed 9472K, reserved 1114112K
[2025-05-20T21:43:54.950+0300][7268][13548][debug][gc,heap  ] GC(6)   class space    used 856K, committed 1216K, reserved 1048576K
[2025-05-20T21:43:54.950+0300][7268][13548][info ][gc,heap  ] GC(6) Min Capacity: 4096M(100%)
[2025-05-20T21:43:54.950+0300][7268][13548][info ][gc,heap  ] GC(6) Max Capacity: 4096M(100%)
[2025-05-20T21:43:54.950+0300][7268][13548][info ][gc,heap  ] GC(6) Soft Max Capacity: 4096M(100%)
[2025-05-20T21:43:54.950+0300][7268][13548][info ][gc,heap  ] GC(6)                Mark Start          Mark End        Relocate Start      Relocate End           High               Low         
[2025-05-20T21:43:54.950+0300][7268][13548][info ][gc,heap  ] GC(6)  Capacity:     4096M (100%)       4096M (100%)       4096M (100%)       4096M (100%)       4096M (100%)       4096M (100%)   
[2025-05-20T21:43:54.950+0300][7268][13548][info ][gc,heap  ] GC(6)      Free:     2210M (54%)        2148M (52%)        3578M (87%)        3920M (96%)        3920M (96%)        2088M (51%)    
[2025-05-20T21:43:54.950+0300][7268][13548][info ][gc,heap  ] GC(6)      Used:     1886M (46%)        1948M (48%)         518M (13%)         176M (4%)         2008M (49%)         176M (4%)     
[2025-05-20T21:43:54.950+0300][7268][13548][info ][gc,heap  ] GC(6)      Live:         -                11M (0%)           11M (0%)           11M (0%)             -                  -          
[2025-05-20T21:43:54.950+0300][7268][13548][info ][gc,heap  ] GC(6) Allocated:         -                62M (2%)          134M (3%)          135M (3%)             -                  -          
[2025-05-20T21:43:54.950+0300][7268][13548][info ][gc,heap  ] GC(6)   Garbage:         -              1874M (46%)         372M (9%)           29M (1%)             -                  -          
[2025-05-20T21:43:54.950+0300][7268][13548][info ][gc,heap  ] GC(6) Reclaimed:         -                  -              1502M (37%)        1845M (45%)            -                  -          
[2025-05-20T21:43:54.950+0300][7268][13548][info ][gc       ] GC(6) Garbage Collection (Allocation Rate) 1886M(46%)->176M(4%)
[2025-05-20T21:43:55.516+0300][7268][13548][debug][gc,heap  ] GC(7) Heap before GC invocations=7 (full 7):
[2025-05-20T21:43:55.516+0300][7268][13548][debug][gc,heap  ] GC(7)  ZHeap           used 2746M, capacity 4096M, max capacity 4096M
[2025-05-20T21:43:55.516+0300][7268][13548][debug][gc,heap  ] GC(7)  Metaspace       used 8507K, committed 9472K, reserved 1114112K
[2025-05-20T21:43:55.516+0300][7268][13548][debug][gc,heap  ] GC(7)   class space    used 856K, committed 1216K, reserved 1048576K
[2025-05-20T21:43:55.516+0300][7268][16908][debug][safepoint] Safepoint synchronization initiated using striped semaphore wait barrier. (19 threads)
[2025-05-20T21:43:55.516+0300][7268][16828][debug][safepoint] ... found polling page loop exception at pc = 0x000001e8738f5d0f, stub =0x000001e8732b5280
[2025-05-20T21:43:55.516+0300][7268][9320 ][debug][safepoint] ... found polling page loop exception at pc = 0x000001e8738b0160, stub =0x000001e8732b5280
[2025-05-20T21:43:55.516+0300][7268][8892 ][debug][safepoint] ... found polling page loop exception at pc = 0x000001e8738abd86, stub =0x000001e8732b5b00
[2025-05-20T21:43:55.516+0300][7268][18396][debug][safepoint] ... found polling page loop exception at pc = 0x000001e8738b0160, stub =0x000001e8732b5280
[2025-05-20T21:43:55.516+0300][7268][16908][info ][gc,phases] GC(7) Pause Mark Start 0.007ms
[2025-05-20T21:43:55.516+0300][7268][16908][info ][safepoint] Safepoint "XMarkStart", Time since last: 565881700 ns, Reaching safepoint: 220100 ns, Cleanup: 15400 ns, At safepoint: 40300 ns, Total: 275800 ns
[2025-05-20T21:43:55.526+0300][7268][11364][debug][safepoint] ... found polling page loop exception at pc = 0x000001e8738b0160, stub =0x000001e8732b5280
[2025-05-20T21:43:55.530+0300][7268][1480 ][debug][safepoint] ... found polling page loop exception at pc = 0x000001e8738b0160, stub =0x000001e8732b5280
[2025-05-20T21:43:55.548+0300][7268][8892 ][debug][safepoint] ... found polling page loop exception at pc = 0x000001e8738f5d0f, stub =0x000001e8732b5280
[2025-05-20T21:43:55.548+0300][7268][18396][debug][safepoint] ... found polling page loop exception at pc = 0x000001e873958570, stub =0x000001e8732b5280
[2025-05-20T21:43:55.548+0300][7268][5296 ][debug][safepoint] ... found polling page loop exception at pc = 0x000001e8738b0160, stub =0x000001e8732b5280
[2025-05-20T21:43:55.548+0300][7268][16828][debug][safepoint] ... found polling page loop exception at pc = 0x000001e8738adc42, stub =0x000001e8732b5b00
[2025-05-20T21:43:55.548+0300][7268][18396][debug][safepoint] ... found polling page loop exception at pc = 0x000001e8738b0160, stub =0x000001e8732b5280
[2025-05-20T21:43:55.548+0300][7268][1480 ][debug][safepoint] ... found polling page loop exception at pc = 0x000001e8738b0160, stub =0x000001e8732b5280
[2025-05-20T21:43:55.548+0300][7268][5296 ][debug][safepoint] ... found polling page loop exception at pc = 0x000001e8738b0160, stub =0x000001e8732b5280
[2025-05-20T21:43:55.548+0300][7268][11364][debug][safepoint] ... found polling page loop exception at pc = 0x000001e8738b0160, stub =0x000001e8732b5280
[2025-05-20T21:43:55.548+0300][7268][9320 ][debug][safepoint] ... found polling page loop exception at pc = 0x000001e8738cec4b, stub =0x000001e8732b5b00
[2025-05-20T21:43:55.548+0300][7268][7680 ][debug][safepoint] ... found polling page loop exception at pc = 0x000001e873861e18, stub =0x000001e8732b5b00
[2025-05-20T21:43:55.564+0300][7268][11364][debug][safepoint] ... found polling page loop exception at pc = 0x000001e8738bec8e, stub =0x000001e8732b5b00
[2025-05-20T21:43:55.564+0300][7268][8892 ][debug][safepoint] ... found polling page loop exception at pc = 0x000001e8738b0160, stub =0x000001e8732b5280
[2025-05-20T21:43:55.564+0300][7268][7680 ][debug][safepoint] ... found polling page loop exception at pc = 0x000001e873944260, stub =0x000001e8732b5280
[2025-05-20T21:43:55.564+0300][7268][9320 ][debug][safepoint] ... found polling page loop exception at pc = 0x000001e8738cec4b, stub =0x000001e8732b5b00
[2025-05-20T21:43:55.564+0300][7268][16828][debug][safepoint] ... found polling page loop exception at pc = 0x000001e8738b0160, stub =0x000001e8732b5280
[2025-05-20T21:43:55.564+0300][7268][13548][info ][gc,phases] GC(7) Concurrent Mark 47.494ms
[2025-05-20T21:43:55.564+0300][7268][16908][debug][safepoint] Safepoint synchronization initiated using striped semaphore wait barrier. (19 threads)
[2025-05-20T21:43:55.564+0300][7268][9320 ][debug][safepoint] ... found polling page loop exception at pc = 0x000001e8738b0160, stub =0x000001e8732b5280
[2025-05-20T21:43:55.564+0300][7268][7680 ][debug][safepoint] ... found polling page loop exception at pc = 0x000001e8738cec4b, stub =0x000001e8732b5b00
[2025-05-20T21:43:55.564+0300][7268][11364][debug][safepoint] ... found polling page loop exception at pc = 0x000001e8738abc20, stub =0x000001e8732b5b00
[2025-05-20T21:43:55.564+0300][7268][8892 ][debug][safepoint] ... found polling page loop exception at pc = 0x000001e8738b344c, stub =0x000001e8732b5b00
[2025-05-20T21:43:55.564+0300][7268][5296 ][debug][safepoint] ... found polling page loop exception at pc = 0x000001e8738faf30, stub =0x000001e8732b5b00
[2025-05-20T21:43:55.564+0300][7268][16908][info ][gc,phases] GC(7) Pause Mark End 0.013ms
[2025-05-20T21:43:55.564+0300][7268][16908][info ][safepoint] Safepoint "XMarkEnd", Time since last: 47565400 ns, Reaching safepoint: 178600 ns, Cleanup: 5100 ns, At safepoint: 50700 ns, Total: 234400 ns
[2025-05-20T21:43:55.564+0300][7268][13548][info ][gc,phases] GC(7) Concurrent Mark Free 0.001ms
[2025-05-20T21:43:55.564+0300][7268][13548][debug][gc,phases] GC(7) Concurrent References Process 0.215ms
[2025-05-20T21:43:55.564+0300][7268][13548][debug][gc,phases] GC(7) ClassLoaderData 0.017ms
[2025-05-20T21:43:55.564+0300][7268][13548][debug][gc,phases] GC(7) Trigger cleanups 0.000ms
[2025-05-20T21:43:55.568+0300][7268][13548][debug][gc,phases] GC(7) Concurrent Classes Unlink 3.998ms
[2025-05-20T21:43:55.568+0300][7268][16828][debug][safepoint] ... found polling page loop exception at pc = 0x000001e8738d7d05, stub =0x000001e8732b5b00
[2025-05-20T21:43:55.568+0300][7268][5296 ][debug][safepoint] ... found polling page loop exception at pc = 0x000001e8738cec4b, stub =0x000001e8732b5b00
[2025-05-20T21:43:55.568+0300][7268][11364][debug][safepoint] ... found polling page loop exception at pc = 0x000001e8738b0160, stub =0x000001e8732b5280
[2025-05-20T21:43:55.568+0300][7268][18396][debug][safepoint] ... found polling page loop exception at pc = 0x000001e8738b0160, stub =0x000001e8732b5280
[2025-05-20T21:43:55.568+0300][7268][1480 ][debug][safepoint] ... found polling page loop exception at pc = 0x000001e8738b0160, stub =0x000001e8732b5280
[2025-05-20T21:43:55.568+0300][7268][7680 ][debug][safepoint] ... found polling page loop exception at pc = 0x000001e8738b0160, stub =0x000001e8732b5280
[2025-05-20T21:43:55.570+0300][7268][13548][debug][gc,phases] GC(7) Concurrent Classes Purge 0.059ms
[2025-05-20T21:43:55.570+0300][7268][13548][debug][gc,phases] GC(7) Concurrent References Enqueue 0.004ms
[2025-05-20T21:43:55.570+0300][7268][13548][info ][gc,phases] GC(7) Concurrent Process Non-Strong References 6.524ms
[2025-05-20T21:43:55.570+0300][7268][13548][info ][gc,phases] GC(7) Concurrent Reset Relocation Set 0.007ms
[2025-05-20T21:43:55.572+0300][7268][13548][info ][gc,phases] GC(7) Concurrent Select Relocation Set 2.354ms
[2025-05-20T21:43:55.572+0300][7268][16908][debug][safepoint] Safepoint synchronization initiated using striped semaphore wait barrier. (19 threads)
[2025-05-20T21:43:55.572+0300][7268][7680 ][debug][safepoint] ... found polling page loop exception at pc = 0x000001e8738abd86, stub =0x000001e8732b5b00
[2025-05-20T21:43:55.572+0300][7268][16828][debug][safepoint] ... found polling page loop exception at pc = 0x000001e8738b0160, stub =0x000001e8732b5280
[2025-05-20T21:43:55.572+0300][7268][11364][debug][safepoint] ... found polling page loop exception at pc = 0x000001e8738b0160, stub =0x000001e8732b5280
[2025-05-20T21:43:55.572+0300][7268][18396][debug][safepoint] ... found polling page loop exception at pc = 0x000001e8739244cf, stub =0x000001e8732b5280
[2025-05-20T21:43:55.572+0300][7268][9320 ][debug][safepoint] ... found polling page loop exception at pc = 0x000001e873a30cd8, stub =0x000001e8732b5280
[2025-05-20T21:43:55.572+0300][7268][1480 ][debug][safepoint] ... found polling page loop exception at pc = 0x000001e8738b0160, stub =0x000001e8732b5280
[2025-05-20T21:43:55.572+0300][7268][8892 ][debug][safepoint] ... found polling page loop exception at pc = 0x000001e8738b0160, stub =0x000001e8732b5280
[2025-05-20T21:43:55.572+0300][7268][16908][info ][gc,phases] GC(7) Pause Relocate Start 0.006ms
[2025-05-20T21:43:55.572+0300][7268][16908][info ][safepoint] Safepoint "XRelocateStart", Time since last: 9010100 ns, Reaching safepoint: 294100 ns, Cleanup: 7100 ns, At safepoint: 41100 ns, Total: 342300 ns
[2025-05-20T21:43:55.572+0300][7268][13548][info ][gc,phases] GC(7) Concurrent Relocate 0.425ms
[2025-05-20T21:43:55.572+0300][7268][13548][debug][gc,heap  ] GC(7) Heap after GC invocations=8 (full 8):
[2025-05-20T21:43:55.572+0300][7268][13548][debug][gc,heap  ] GC(7)  ZHeap           used 232M, capacity 4096M, max capacity 4096M
[2025-05-20T21:43:55.572+0300][7268][13548][debug][gc,heap  ] GC(7)  Metaspace       used 8507K, committed 9472K, reserved 1114112K
[2025-05-20T21:43:55.572+0300][7268][13548][debug][gc,heap  ] GC(7)   class space    used 856K, committed 1216K, reserved 1048576K
[2025-05-20T21:43:55.572+0300][7268][13548][info ][gc,heap  ] GC(7) Min Capacity: 4096M(100%)
[2025-05-20T21:43:55.572+0300][7268][13548][info ][gc,heap  ] GC(7) Max Capacity: 4096M(100%)
[2025-05-20T21:43:55.572+0300][7268][13548][info ][gc,heap  ] GC(7) Soft Max Capacity: 4096M(100%)
[2025-05-20T21:43:55.572+0300][7268][13548][info ][gc,heap  ] GC(7)                Mark Start          Mark End        Relocate Start      Relocate End           High               Low         
[2025-05-20T21:43:55.572+0300][7268][13548][info ][gc,heap  ] GC(7)  Capacity:     4096M (100%)       4096M (100%)       4096M (100%)       4096M (100%)       4096M (100%)       4096M (100%)   
[2025-05-20T21:43:55.572+0300][7268][13548][info ][gc,heap  ] GC(7)      Free:     1350M (33%)        1188M (29%)        3372M (82%)        3864M (94%)        3864M (94%)        1172M (29%)    
[2025-05-20T21:43:55.572+0300][7268][13548][info ][gc,heap  ] GC(7)      Used:     2746M (67%)        2908M (71%)         724M (18%)         232M (6%)         2924M (71%)         232M (6%)     
[2025-05-20T21:43:55.572+0300][7268][13548][info ][gc,heap  ] GC(7)      Live:         -                11M (0%)           11M (0%)           11M (0%)             -                  -          
[2025-05-20T21:43:55.572+0300][7268][13548][info ][gc,heap  ] GC(7) Allocated:         -               162M (4%)          192M (5%)          191M (5%)             -                  -          
[2025-05-20T21:43:55.572+0300][7268][13548][info ][gc,heap  ] GC(7)   Garbage:         -              2734M (67%)         520M (13%)          28M (1%)             -                  -          
[2025-05-20T21:43:55.572+0300][7268][13548][info ][gc,heap  ] GC(7) Reclaimed:         -                  -              2214M (54%)        2705M (66%)            -                  -          
[2025-05-20T21:43:55.572+0300][7268][13548][info ][gc       ] GC(7) Garbage Collection (Allocation Rate) 2746M(67%)->232M(6%)
[2025-05-20T21:43:56.215+0300][7268][13548][debug][gc,heap  ] GC(8) Heap before GC invocations=8 (full 8):
[2025-05-20T21:43:56.215+0300][7268][13548][debug][gc,heap  ] GC(8)  ZHeap           used 3188M, capacity 4096M, max capacity 4096M
[2025-05-20T21:43:56.215+0300][7268][13548][debug][gc,heap  ] GC(8)  Metaspace       used 8507K, committed 9472K, reserved 1114112K
[2025-05-20T21:43:56.215+0300][7268][13548][debug][gc,heap  ] GC(8)   class space    used 856K, committed 1216K, reserved 1048576K
[2025-05-20T21:43:56.215+0300][7268][16908][debug][safepoint] Safepoint synchronization initiated using striped semaphore wait barrier. (19 threads)
[2025-05-20T21:43:56.215+0300][7268][8892 ][debug][safepoint] ... found polling page loop exception at pc = 0x000001e8738b0160, stub =0x000001e8732b5280
[2025-05-20T21:43:56.215+0300][7268][7680 ][debug][safepoint] ... found polling page loop exception at pc = 0x000001e8738b0160, stub =0x000001e8732b5280
[2025-05-20T21:43:56.215+0300][7268][16828][debug][safepoint] ... found polling page loop exception at pc = 0x000001e8738b0160, stub =0x000001e8732b5280
[2025-05-20T21:43:56.215+0300][7268][11364][debug][safepoint] ... found polling page loop exception at pc = 0x000001e8738b0160, stub =0x000001e8732b5280
[2025-05-20T21:43:56.215+0300][7268][1480 ][debug][safepoint] ... found polling page loop exception at pc = 0x000001e8738f5d0f, stub =0x000001e8732b5280
[2025-05-20T21:43:56.215+0300][7268][9320 ][debug][safepoint] ... found polling page loop exception at pc = 0x000001e8738b0160, stub =0x000001e8732b5280
[2025-05-20T21:43:56.215+0300][7268][5296 ][debug][safepoint] ... found polling page loop exception at pc = 0x000001e8738b0160, stub =0x000001e8732b5280
[2025-05-20T21:43:56.215+0300][7268][16908][info ][gc,phases] GC(8) Pause Mark Start 0.009ms
[2025-05-20T21:43:56.215+0300][7268][16908][info ][safepoint] Safepoint "XMarkStart", Time since last: 640945400 ns, Reaching safepoint: 275400 ns, Cleanup: 22300 ns, At safepoint: 68400 ns, Total: 366100 ns
[2025-05-20T21:43:56.225+0300][7268][8892 ][debug][safepoint] ... found polling page loop exception at pc = 0x000001e8738b0160, stub =0x000001e8732b5280
[2025-05-20T21:43:56.225+0300][7268][16828][debug][safepoint] ... found polling page loop exception at pc = 0x000001e8738b0160, stub =0x000001e8732b5280
[2025-05-20T21:43:56.225+0300][7268][5296 ][debug][safepoint] ... found polling page loop exception at pc = 0x000001e8738e3e45, stub =0x000001e8732b5b00
[2025-05-20T21:43:56.225+0300][7268][9320 ][debug][safepoint] ... found polling page loop exception at pc = 0x000001e8738e3e45, stub =0x000001e8732b5b00
[2025-05-20T21:43:56.246+0300][7268][8892 ][debug][safepoint] ... found polling page loop exception at pc = 0x000001e8738b0160, stub =0x000001e8732b5280
[2025-05-20T21:43:56.246+0300][7268][11364][debug][safepoint] ... found polling page loop exception at pc = 0x000001e873939bd6, stub =0x000001e8732b5280
[2025-05-20T21:43:56.246+0300][7268][5296 ][debug][safepoint] ... found polling page loop exception at pc = 0x000001e8738b0160, stub =0x000001e8732b5280
[2025-05-20T21:43:56.246+0300][7268][1480 ][debug][safepoint] ... found polling page loop exception at pc = 0x000001e8738f5d0f, stub =0x000001e8732b5280
[2025-05-20T21:43:56.246+0300][7268][7680 ][debug][safepoint] ... found polling page loop exception at pc = 0x000001e8738b0160, stub =0x000001e8732b5280
[2025-05-20T21:43:56.246+0300][7268][7680 ][debug][safepoint] ... found polling page loop exception at pc = 0x000001e8738bec8e, stub =0x000001e8732b5b00
[2025-05-20T21:43:56.246+0300][7268][5296 ][debug][safepoint] ... found polling page loop exception at pc = 0x000001e8738adc42, stub =0x000001e8732b5b00
[2025-05-20T21:43:56.246+0300][7268][11364][debug][safepoint] ... found polling page loop exception at pc = 0x000001e8738e3e45, stub =0x000001e8732b5b00
[2025-05-20T21:43:56.246+0300][7268][8892 ][debug][safepoint] ... found polling page loop exception at pc = 0x000001e8738f5d0f, stub =0x000001e8732b5280
[2025-05-20T21:43:56.246+0300][7268][16828][debug][safepoint] ... found polling page loop exception at pc = 0x000001e87392ed9f, stub =0x000001e8732b5b00
[2025-05-20T21:43:56.246+0300][7268][11364][debug][safepoint] ... found polling page loop exception at pc = 0x000001e8738b0160, stub =0x000001e8732b5280
[2025-05-20T21:43:56.246+0300][7268][16828][debug][safepoint] ... found polling page loop exception at pc = 0x000001e8738b0160, stub =0x000001e8732b5280
[2025-05-20T21:43:56.246+0300][7268][1480 ][debug][safepoint] ... found polling page loop exception at pc = 0x000001e8738b0160, stub =0x000001e8732b5280
[2025-05-20T21:43:56.246+0300][7268][7680 ][debug][safepoint] ... found polling page loop exception at pc = 0x000001e873957a49, stub =0x000001e8732b5280
[2025-05-20T21:43:56.246+0300][7268][9320 ][debug][safepoint] ... found polling page loop exception at pc = 0x000001e8738cec4b, stub =0x000001e8732b5b00
[2025-05-20T21:43:56.246+0300][7268][13548][info ][gc,phases] GC(8) Concurrent Mark 32.705ms
[2025-05-20T21:43:56.246+0300][7268][16908][debug][safepoint] Safepoint synchronization initiated using striped semaphore wait barrier. (19 threads)
[2025-05-20T21:43:56.246+0300][7268][11364][debug][safepoint] ... found polling page loop exception at pc = 0x000001e8738b0160, stub =0x000001e8732b5280
[2025-05-20T21:43:56.246+0300][7268][8892 ][debug][safepoint] ... found polling page loop exception at pc = 0x000001e8738bec8e, stub =0x000001e8732b5b00
[2025-05-20T21:43:56.246+0300][7268][16828][debug][safepoint] ... found polling page loop exception at pc = 0x000001e8738b0160, stub =0x000001e8732b5280
[2025-05-20T21:43:56.246+0300][7268][9320 ][debug][safepoint] ... found polling page loop exception at pc = 0x000001e8738abc20, stub =0x000001e8732b5b00
[2025-05-20T21:43:56.246+0300][7268][7680 ][debug][safepoint] ... found polling page loop exception at pc = 0x000001e8738f5d0f, stub =0x000001e8732b5280
[2025-05-20T21:43:56.246+0300][7268][16908][info ][gc,phases] GC(8) Pause Mark End 0.013ms
[2025-05-20T21:43:56.246+0300][7268][16908][info ][safepoint] Safepoint "XMarkEnd", Time since last: 32778900 ns, Reaching safepoint: 204200 ns, Cleanup: 4500 ns, At safepoint: 50900 ns, Total: 259600 ns
[2025-05-20T21:43:56.246+0300][7268][13548][info ][gc,phases] GC(8) Concurrent Mark Free 0.001ms
[2025-05-20T21:43:56.246+0300][7268][13548][debug][gc,phases] GC(8) Concurrent References Process 0.240ms
[2025-05-20T21:43:56.246+0300][7268][13548][debug][gc,phases] GC(8) ClassLoaderData 0.017ms
[2025-05-20T21:43:56.246+0300][7268][13548][debug][gc,phases] GC(8) Trigger cleanups 0.000ms
[2025-05-20T21:43:56.252+0300][7268][13548][debug][gc,phases] GC(8) Concurrent Classes Unlink 4.702ms
[2025-05-20T21:43:56.252+0300][7268][5296 ][debug][safepoint] ... found polling page loop exception at pc = 0x000001e8738b0160, stub =0x000001e8732b5280
[2025-05-20T21:43:56.252+0300][7268][1480 ][debug][safepoint] ... found polling page loop exception at pc = 0x000001e8738b0160, stub =0x000001e8732b5280
[2025-05-20T21:43:56.252+0300][7268][16828][debug][safepoint] ... found polling page loop exception at pc = 0x000001e8738cec4b, stub =0x000001e8732b5b00
[2025-05-20T21:43:56.252+0300][7268][18396][debug][safepoint] ... found polling page loop exception at pc = 0x000001e8738cec4b, stub =0x000001e8732b5b00
[2025-05-20T21:43:56.252+0300][7268][11364][debug][safepoint] ... found polling page loop exception at pc = 0x000001e8738cec4b, stub =0x000001e8732b5b00
[2025-05-20T21:43:56.254+0300][7268][13548][debug][gc,phases] GC(8) Concurrent Classes Purge 0.074ms
[2025-05-20T21:43:56.254+0300][7268][13548][debug][gc,phases] GC(8) Concurrent References Enqueue 0.005ms
[2025-05-20T21:43:56.254+0300][7268][13548][info ][gc,phases] GC(8) Concurrent Process Non-Strong References 6.354ms
[2025-05-20T21:43:56.254+0300][7268][13548][info ][gc,phases] GC(8) Concurrent Reset Relocation Set 0.011ms
[2025-05-20T21:43:56.256+0300][7268][13548][info ][gc,phases] GC(8) Concurrent Select Relocation Set 2.255ms
[2025-05-20T21:43:56.256+0300][7268][16908][debug][safepoint] Safepoint synchronization initiated using striped semaphore wait barrier. (19 threads)
[2025-05-20T21:43:56.256+0300][7268][5296 ][debug][safepoint] ... found polling page loop exception at pc = 0x000001e8738b0160, stub =0x000001e8732b5280
[2025-05-20T21:43:56.256+0300][7268][1480 ][debug][safepoint] ... found polling page loop exception at pc = 0x000001e8738b0160, stub =0x000001e8732b5280
[2025-05-20T21:43:56.256+0300][7268][11364][debug][safepoint] ... found polling page loop exception at pc = 0x000001e8738d7d05, stub =0x000001e8732b5b00
[2025-05-20T21:43:56.256+0300][7268][8892 ][debug][safepoint] ... found polling page loop exception at pc = 0x000001e8738b0160, stub =0x000001e8732b5280
[2025-05-20T21:43:56.256+0300][7268][16908][info ][gc,phases] GC(8) Pause Relocate Start 0.009ms
[2025-05-20T21:43:56.256+0300][7268][16908][info ][safepoint] Safepoint "XRelocateStart", Time since last: 8764500 ns, Reaching safepoint: 162900 ns, Cleanup: 5000 ns, At safepoint: 48200 ns, Total: 216100 ns
[2025-05-20T21:43:56.256+0300][7268][13548][info ][gc,phases] GC(8) Concurrent Relocate 0.475ms
[2025-05-20T21:43:56.256+0300][7268][13548][debug][gc,heap  ] GC(8) Heap after GC invocations=9 (full 9):
[2025-05-20T21:43:56.256+0300][7268][13548][debug][gc,heap  ] GC(8)  ZHeap           used 164M, capacity 4096M, max capacity 4096M
[2025-05-20T21:43:56.256+0300][7268][13548][debug][gc,heap  ] GC(8)  Metaspace       used 8507K, committed 9472K, reserved 1114112K
[2025-05-20T21:43:56.256+0300][7268][13548][debug][gc,heap  ] GC(8)   class space    used 856K, committed 1216K, reserved 1048576K
[2025-05-20T21:43:56.256+0300][7268][13548][info ][gc,heap  ] GC(8) Min Capacity: 4096M(100%)
[2025-05-20T21:43:56.256+0300][7268][13548][info ][gc,heap  ] GC(8) Max Capacity: 4096M(100%)
[2025-05-20T21:43:56.256+0300][7268][13548][info ][gc,heap  ] GC(8) Soft Max Capacity: 4096M(100%)
[2025-05-20T21:43:56.256+0300][7268][13548][info ][gc,heap  ] GC(8)                Mark Start          Mark End        Relocate Start      Relocate End           High               Low         
[2025-05-20T21:43:56.256+0300][7268][13548][info ][gc,heap  ] GC(8)  Capacity:     4096M (100%)       4096M (100%)       4096M (100%)       4096M (100%)       4096M (100%)       4096M (100%)   
[2025-05-20T21:43:56.256+0300][7268][13548][info ][gc,heap  ] GC(8)      Free:      908M (22%)         808M (20%)        3386M (83%)        3932M (96%)        3932M (96%)         796M (19%)    
[2025-05-20T21:43:56.256+0300][7268][13548][info ][gc,heap  ] GC(8)      Used:     3188M (78%)        3288M (80%)         710M (17%)         164M (4%)         3300M (81%)         164M (4%)     
[2025-05-20T21:43:56.256+0300][7268][13548][info ][gc,heap  ] GC(8)      Live:         -                11M (0%)           11M (0%)           11M (0%)             -                  -          
[2025-05-20T21:43:56.256+0300][7268][13548][info ][gc,heap  ] GC(8) Allocated:         -               100M (2%)          118M (3%)          123M (3%)             -                  -          
[2025-05-20T21:43:56.256+0300][7268][13548][info ][gc,heap  ] GC(8)   Garbage:         -              3176M (78%)         580M (14%)          28M (1%)             -                  -          
[2025-05-20T21:43:56.256+0300][7268][13548][info ][gc,heap  ] GC(8) Reclaimed:         -                  -              2596M (63%)        3147M (77%)            -                  -          
[2025-05-20T21:43:56.256+0300][7268][13548][info ][gc       ] GC(8) Garbage Collection (Allocation Rate) 3188M(78%)->164M(4%)
[2025-05-20T21:43:57.023+0300][7268][13548][debug][gc,heap  ] GC(9) Heap before GC invocations=9 (full 9):
[2025-05-20T21:43:57.023+0300][7268][13548][debug][gc,heap  ] GC(9)  ZHeap           used 3484M, capacity 4096M, max capacity 4096M
[2025-05-20T21:43:57.023+0300][7268][13548][debug][gc,heap  ] GC(9)  Metaspace       used 8511K, committed 9472K, reserved 1114112K
[2025-05-20T21:43:57.023+0300][7268][13548][debug][gc,heap  ] GC(9)   class space    used 856K, committed 1216K, reserved 1048576K
[2025-05-20T21:43:57.023+0300][7268][16908][debug][safepoint] Safepoint synchronization initiated using striped semaphore wait barrier. (19 threads)
[2025-05-20T21:43:57.023+0300][7268][9320 ][debug][safepoint] ... found polling page loop exception at pc = 0x000001e8738f5d0f, stub =0x000001e8732b5280
[2025-05-20T21:43:57.023+0300][7268][18396][debug][safepoint] ... found polling page loop exception at pc = 0x000001e8738b0160, stub =0x000001e8732b5280
[2025-05-20T21:43:57.023+0300][7268][16828][debug][safepoint] ... found polling page loop exception at pc = 0x000001e8738b0160, stub =0x000001e8732b5280
[2025-05-20T21:43:57.023+0300][7268][5296 ][debug][safepoint] ... found polling page loop exception at pc = 0x000001e8738b0160, stub =0x000001e8732b5280
[2025-05-20T21:43:57.023+0300][7268][7680 ][debug][safepoint] ... found polling page loop exception at pc = 0x000001e8738b0160, stub =0x000001e8732b5280
[2025-05-20T21:43:57.023+0300][7268][8892 ][debug][safepoint] ... found polling page loop exception at pc = 0x000001e8738abd86, stub =0x000001e8732b5b00
[2025-05-20T21:43:57.023+0300][7268][1480 ][debug][safepoint] ... found polling page loop exception at pc = 0x000001e8738faf30, stub =0x000001e8732b5b00
[2025-05-20T21:43:57.023+0300][7268][16908][info ][gc,phases] GC(9) Pause Mark Start 0.007ms
[2025-05-20T21:43:57.023+0300][7268][16908][info ][safepoint] Safepoint "XMarkStart", Time since last: 766203100 ns, Reaching safepoint: 270700 ns, Cleanup: 16200 ns, At safepoint: 55700 ns, Total: 342600 ns
[2025-05-20T21:43:57.034+0300][7268][16828][debug][safepoint] ... found polling page loop exception at pc = 0x000001e8738b0160, stub =0x000001e8732b5280
[2025-05-20T21:43:57.034+0300][7268][8892 ][debug][safepoint] ... found polling page loop exception at pc = 0x000001e8738b0160, stub =0x000001e8732b5280
[2025-05-20T21:43:57.034+0300][7268][9320 ][debug][safepoint] ... found polling page loop exception at pc = 0x000001e873957a49, stub =0x000001e8732b5280
[2025-05-20T21:43:57.034+0300][7268][5296 ][debug][safepoint] ... found polling page loop exception at pc = 0x000001e8738f5d0f, stub =0x000001e8732b5280
[2025-05-20T21:43:57.034+0300][7268][18396][debug][safepoint] ... found polling page loop exception at pc = 0x000001e8738cec4b, stub =0x000001e8732b5b00
[2025-05-20T21:43:57.034+0300][7268][11364][debug][safepoint] ... found polling page loop exception at pc = 0x000001e8738cec4b, stub =0x000001e8732b5b00
[2025-05-20T21:43:57.034+0300][7268][11364][debug][safepoint] ... found polling page loop exception at pc = 0x000001e8738b0160, stub =0x000001e8732b5280
[2025-05-20T21:43:57.034+0300][7268][16828][debug][safepoint] ... found polling page loop exception at pc = 0x000001e8738b0160, stub =0x000001e8732b5280
[2025-05-20T21:43:57.034+0300][7268][7680 ][debug][safepoint] ... found polling page loop exception at pc = 0x000001e8739db065, stub =0x000001e8732b5b00
[2025-05-20T21:43:57.034+0300][7268][18396][debug][safepoint] ... found polling page loop exception at pc = 0x000001e8738b0160, stub =0x000001e8732b5280
[2025-05-20T21:43:57.034+0300][7268][1480 ][debug][safepoint] ... found polling page loop exception at pc = 0x000001e8738b0160, stub =0x000001e8732b5280
[2025-05-20T21:43:57.034+0300][7268][5296 ][debug][safepoint] ... found polling page loop exception at pc = 0x000001e8738b0160, stub =0x000001e8732b5280
[2025-05-20T21:43:57.034+0300][7268][8892 ][debug][safepoint] ... found polling page loop exception at pc = 0x000001e8738f5d0f, stub =0x000001e8732b5280
[2025-05-20T21:43:57.034+0300][7268][7680 ][debug][safepoint] ... found polling page loop exception at pc = 0x000001e8738b0160, stub =0x000001e8732b5280
[2025-05-20T21:43:57.034+0300][7268][1480 ][debug][safepoint] ... found polling page loop exception at pc = 0x000001e8738b0160, stub =0x000001e8732b5280
[2025-05-20T21:43:57.034+0300][7268][9320 ][debug][safepoint] ... found polling page loop exception at pc = 0x000001e8738b0160, stub =0x000001e8732b5280
[2025-05-20T21:43:57.034+0300][7268][5296 ][debug][safepoint] ... found polling page loop exception at pc = 0x000001e8738bec8e, stub =0x000001e8732b5b00
[2025-05-20T21:43:57.034+0300][7268][16828][debug][safepoint] ... found polling page loop exception at pc = 0x000001e8738b0160, stub =0x000001e8732b5280
[2025-05-20T21:43:57.039+0300][7268][13548][info ][gc,phases] GC(9) Concurrent Mark 15.368ms
[2025-05-20T21:43:57.039+0300][7268][16908][debug][safepoint] Safepoint synchronization initiated using striped semaphore wait barrier. (19 threads)
[2025-05-20T21:43:57.039+0300][7268][8892 ][debug][safepoint] ... found polling page loop exception at pc = 0x000001e8738b0160, stub =0x000001e8732b5280
[2025-05-20T21:43:57.039+0300][7268][11364][debug][safepoint] ... found polling page loop exception at pc = 0x000001e8738b0160, stub =0x000001e8732b5280
[2025-05-20T21:43:57.039+0300][7268][9320 ][debug][safepoint] ... found polling page loop exception at pc = 0x000001e8738e3e45, stub =0x000001e8732b5b00
[2025-05-20T21:43:57.039+0300][7268][5296 ][debug][safepoint] ... found polling page loop exception at pc = 0x000001e8738b0160, stub =0x000001e8732b5280
[2025-05-20T21:43:57.039+0300][7268][16828][debug][safepoint] ... found polling page loop exception at pc = 0x000001e8738b0160, stub =0x000001e8732b5280
[2025-05-20T21:43:57.039+0300][7268][18396][debug][safepoint] ... found polling page loop exception at pc = 0x000001e8738cec4b, stub =0x000001e8732b5b00
[2025-05-20T21:43:57.039+0300][7268][16908][info ][gc,phases] GC(9) Pause Mark End 0.012ms
[2025-05-20T21:43:57.039+0300][7268][16908][info ][safepoint] Safepoint "XMarkEnd", Time since last: 15448800 ns, Reaching safepoint: 200600 ns, Cleanup: 3300 ns, At safepoint: 45800 ns, Total: 249700 ns
[2025-05-20T21:43:57.039+0300][7268][13548][info ][gc,phases] GC(9) Concurrent Mark Free 0.001ms
[2025-05-20T21:43:57.039+0300][7268][13548][debug][gc,phases] GC(9) Concurrent References Process 0.250ms
[2025-05-20T21:43:57.039+0300][7268][13548][debug][gc,phases] GC(9) ClassLoaderData 0.016ms
[2025-05-20T21:43:57.039+0300][7268][13548][debug][gc,phases] GC(9) Trigger cleanups 0.000ms
[2025-05-20T21:43:57.043+0300][7268][13548][debug][gc,phases] GC(9) Concurrent Classes Unlink 4.125ms
[2025-05-20T21:43:57.043+0300][7268][16828][debug][safepoint] ... found polling page loop exception at pc = 0x000001e8738cec4b, stub =0x000001e8732b5b00
[2025-05-20T21:43:57.043+0300][7268][8892 ][debug][safepoint] ... found polling page loop exception at pc = 0x000001e8738b0160, stub =0x000001e8732b5280
[2025-05-20T21:43:57.043+0300][7268][7680 ][debug][safepoint] ... found polling page loop exception at pc = 0x000001e8738abd86, stub =0x000001e8732b5b00
[2025-05-20T21:43:57.055+0300][7268][13548][debug][gc,phases] GC(9) Concurrent Classes Purge 0.066ms
[2025-05-20T21:43:57.055+0300][7268][13548][debug][gc,phases] GC(9) Concurrent References Enqueue 0.012ms
[2025-05-20T21:43:57.055+0300][7268][13548][info ][gc,phases] GC(9) Concurrent Process Non-Strong References 15.700ms
[2025-05-20T21:43:57.055+0300][7268][13548][info ][gc,phases] GC(9) Concurrent Reset Relocation Set 0.009ms
[2025-05-20T21:43:57.057+0300][7268][13548][info ][gc,phases] GC(9) Concurrent Select Relocation Set 2.439ms
[2025-05-20T21:43:57.057+0300][7268][16908][debug][safepoint] Safepoint synchronization initiated using striped semaphore wait barrier. (19 threads)
[2025-05-20T21:43:57.057+0300][7268][18396][debug][safepoint] ... found polling page loop exception at pc = 0x000001e873a14570, stub =0x000001e8732b5b00
[2025-05-20T21:43:57.057+0300][7268][9320 ][debug][safepoint] ... found polling page loop exception at pc = 0x000001e8738b0160, stub =0x000001e8732b5280
[2025-05-20T21:43:57.057+0300][7268][11364][debug][safepoint] ... found polling page loop exception at pc = 0x000001e8738b0160, stub =0x000001e8732b5280
[2025-05-20T21:43:57.057+0300][7268][5296 ][debug][safepoint] ... found polling page loop exception at pc = 0x000001e8738b0160, stub =0x000001e8732b5280
[2025-05-20T21:43:57.057+0300][7268][16908][info ][gc,phases] GC(9) Pause Relocate Start 0.006ms
[2025-05-20T21:43:57.057+0300][7268][16908][info ][safepoint] Safepoint "XRelocateStart", Time since last: 18289300 ns, Reaching safepoint: 173300 ns, Cleanup: 4600 ns, At safepoint: 48100 ns, Total: 226000 ns
[2025-05-20T21:43:57.057+0300][7268][13548][info ][gc,phases] GC(9) Concurrent Relocate 0.500ms
[2025-05-20T21:43:57.057+0300][7268][13548][debug][gc,heap  ] GC(9) Heap after GC invocations=10 (full 10):
[2025-05-20T21:43:57.057+0300][7268][13548][debug][gc,heap  ] GC(9)  ZHeap           used 164M, capacity 4096M, max capacity 4096M
[2025-05-20T21:43:57.057+0300][7268][13548][debug][gc,heap  ] GC(9)  Metaspace       used 8511K, committed 9472K, reserved 1114112K
[2025-05-20T21:43:57.057+0300][7268][13548][debug][gc,heap  ] GC(9)   class space    used 856K, committed 1216K, reserved 1048576K
[2025-05-20T21:43:57.057+0300][7268][13548][info ][gc,heap  ] GC(9) Min Capacity: 4096M(100%)
[2025-05-20T21:43:57.057+0300][7268][13548][info ][gc,heap  ] GC(9) Max Capacity: 4096M(100%)
[2025-05-20T21:43:57.057+0300][7268][13548][info ][gc,heap  ] GC(9) Soft Max Capacity: 4096M(100%)
[2025-05-20T21:43:57.057+0300][7268][13548][info ][gc,heap  ] GC(9)                Mark Start          Mark End        Relocate Start      Relocate End           High               Low         
[2025-05-20T21:43:57.057+0300][7268][13548][info ][gc,heap  ] GC(9)  Capacity:     4096M (100%)       4096M (100%)       4096M (100%)       4096M (100%)       4096M (100%)       4096M (100%)   
[2025-05-20T21:43:57.057+0300][7268][13548][info ][gc,heap  ] GC(9)      Free:      612M (15%)         556M (14%)        3338M (81%)        3932M (96%)        3932M (96%)         500M (12%)    
[2025-05-20T21:43:57.057+0300][7268][13548][info ][gc,heap  ] GC(9)      Used:     3484M (85%)        3540M (86%)         758M (19%)         164M (4%)         3596M (88%)         164M (4%)     
[2025-05-20T21:43:57.057+0300][7268][13548][info ][gc,heap  ] GC(9)      Live:         -                11M (0%)           11M (0%)           11M (0%)             -                  -          
[2025-05-20T21:43:57.057+0300][7268][13548][info ][gc,heap  ] GC(9) Allocated:         -                56M (1%)          118M (3%)          123M (3%)             -                  -          
[2025-05-20T21:43:57.057+0300][7268][13548][info ][gc,heap  ] GC(9)   Garbage:         -              3472M (85%)         628M (15%)          28M (1%)             -                  -          
[2025-05-20T21:43:57.057+0300][7268][13548][info ][gc,heap  ] GC(9) Reclaimed:         -                  -              2844M (69%)        3443M (84%)            -                  -          
[2025-05-20T21:43:57.057+0300][7268][13548][info ][gc       ] GC(9) Garbage Collection (Allocation Rate) 3484M(85%)->164M(4%)
[2025-05-20T21:43:57.814+0300][7268][13548][debug][gc,heap  ] GC(10) Heap before GC invocations=10 (full 10):
[2025-05-20T21:43:57.814+0300][7268][13548][debug][gc,heap  ] GC(10)  ZHeap           used 3406M, capacity 4096M, max capacity 4096M
[2025-05-20T21:43:57.814+0300][7268][13548][debug][gc,heap  ] GC(10)  Metaspace       used 8511K, committed 9472K, reserved 1114112K
[2025-05-20T21:43:57.814+0300][7268][13548][debug][gc,heap  ] GC(10)   class space    used 856K, committed 1216K, reserved 1048576K
[2025-05-20T21:43:57.814+0300][7268][16908][debug][safepoint] Safepoint synchronization initiated using striped semaphore wait barrier. (19 threads)
[2025-05-20T21:43:57.814+0300][7268][7680 ][debug][safepoint] ... found polling page loop exception at pc = 0x000001e8738adc42, stub =0x000001e8732b5b00
[2025-05-20T21:43:57.814+0300][7268][16828][debug][safepoint] ... found polling page loop exception at pc = 0x000001e8738b0160, stub =0x000001e8732b5280
[2025-05-20T21:43:57.814+0300][7268][8892 ][debug][safepoint] ... found polling page loop exception at pc = 0x000001e8738abc20, stub =0x000001e8732b5b00
[2025-05-20T21:43:57.814+0300][7268][9320 ][debug][safepoint] ... found polling page loop exception at pc = 0x000001e8738b0160, stub =0x000001e8732b5280
[2025-05-20T21:43:57.814+0300][7268][5296 ][debug][safepoint] ... found polling page loop exception at pc = 0x000001e8738b0160, stub =0x000001e8732b5280
[2025-05-20T21:43:57.814+0300][7268][18396][debug][safepoint] ... found polling page loop exception at pc = 0x000001e8738b0160, stub =0x000001e8732b5280
[2025-05-20T21:43:57.814+0300][7268][11364][debug][safepoint] ... found polling page loop exception at pc = 0x000001e8738b0160, stub =0x000001e8732b5280
[2025-05-20T21:43:57.814+0300][7268][16908][info ][gc,phases] GC(10) Pause Mark Start 0.011ms
[2025-05-20T21:43:57.814+0300][7268][16908][info ][safepoint] Safepoint "XMarkStart", Time since last: 755942900 ns, Reaching safepoint: 353300 ns, Cleanup: 20200 ns, At safepoint: 83200 ns, Total: 456700 ns
[2025-05-20T21:43:57.828+0300][7268][8892 ][debug][safepoint] ... found polling page loop exception at pc = 0x000001e8738b0160, stub =0x000001e8732b5280
[2025-05-20T21:43:57.828+0300][7268][9320 ][debug][safepoint] ... found polling page loop exception at pc = 0x000001e8738b0160, stub =0x000001e8732b5280
[2025-05-20T21:43:57.828+0300][7268][18396][debug][safepoint] ... found polling page loop exception at pc = 0x000001e8738b0160, stub =0x000001e8732b5280
[2025-05-20T21:43:57.828+0300][7268][1480 ][debug][safepoint] ... found polling page loop exception at pc = 0x000001e8738b0160, stub =0x000001e8732b5280
[2025-05-20T21:43:57.828+0300][7268][16828][debug][safepoint] ... found polling page loop exception at pc = 0x000001e8738b0160, stub =0x000001e8732b5280
[2025-05-20T21:43:57.828+0300][7268][5296 ][debug][safepoint] ... found polling page loop exception at pc = 0x000001e8738b0160, stub =0x000001e8732b5280
[2025-05-20T21:43:57.828+0300][7268][7680 ][debug][safepoint] ... found polling page loop exception at pc = 0x000001e8738b0160, stub =0x000001e8732b5280
[2025-05-20T21:43:57.828+0300][7268][11364][debug][safepoint] ... found polling page loop exception at pc = 0x000001e8738b0160, stub =0x000001e8732b5280
[2025-05-20T21:43:57.845+0300][7268][8892 ][debug][safepoint] ... found polling page loop exception at pc = 0x000001e8739db065, stub =0x000001e8732b5b00
[2025-05-20T21:43:57.845+0300][7268][18396][debug][safepoint] ... found polling page loop exception at pc = 0x000001e8738b0160, stub =0x000001e8732b5280
[2025-05-20T21:43:57.845+0300][7268][11364][debug][safepoint] ... found polling page loop exception at pc = 0x000001e8738b0160, stub =0x000001e8732b5280
[2025-05-20T21:43:57.845+0300][7268][7680 ][debug][safepoint] ... found polling page loop exception at pc = 0x000001e8738adc42, stub =0x000001e8732b5b00
[2025-05-20T21:43:57.845+0300][7268][9320 ][debug][safepoint] ... found polling page loop exception at pc = 0x000001e8738b0160, stub =0x000001e8732b5280
[2025-05-20T21:43:57.845+0300][7268][5296 ][debug][safepoint] ... found polling page loop exception at pc = 0x000001e8738b0160, stub =0x000001e8732b5280
[2025-05-20T21:43:57.845+0300][7268][18396][debug][safepoint] ... found polling page loop exception at pc = 0x000001e8738abc20, stub =0x000001e8732b5b00
[2025-05-20T21:43:57.845+0300][7268][1480 ][debug][safepoint] ... found polling page loop exception at pc = 0x000001e8738b0160, stub =0x000001e8732b5280
[2025-05-20T21:43:57.845+0300][7268][7680 ][debug][safepoint] ... found polling page loop exception at pc = 0x000001e8738b0160, stub =0x000001e8732b5280
[2025-05-20T21:43:57.845+0300][7268][16828][debug][safepoint] ... found polling page loop exception at pc = 0x000001e8738f5d0f, stub =0x000001e8732b5280
[2025-05-20T21:43:57.845+0300][7268][16828][debug][safepoint] ... found polling page loop exception at pc = 0x000001e8739244cf, stub =0x000001e8732b5280
[2025-05-20T21:43:57.845+0300][7268][11364][debug][safepoint] ... found polling page loop exception at pc = 0x000001e8738cec4b, stub =0x000001e8732b5b00
[2025-05-20T21:43:57.845+0300][7268][1480 ][debug][safepoint] ... found polling page loop exception at pc = 0x000001e8738cec4b, stub =0x000001e8732b5b00
[2025-05-20T21:43:57.845+0300][7268][8892 ][debug][safepoint] ... found polling page loop exception at pc = 0x000001e8738b0160, stub =0x000001e8732b5280
[2025-05-20T21:43:57.845+0300][7268][13548][info ][gc,phases] GC(10) Concurrent Mark 34.215ms
[2025-05-20T21:43:57.845+0300][7268][16908][debug][safepoint] Safepoint synchronization initiated using striped semaphore wait barrier. (19 threads)
[2025-05-20T21:43:57.845+0300][7268][16828][debug][safepoint] ... found polling page loop exception at pc = 0x000001e8738b0160, stub =0x000001e8732b5280
[2025-05-20T21:43:57.845+0300][7268][7680 ][debug][safepoint] ... found polling page loop exception at pc = 0x000001e8738cec4b, stub =0x000001e8732b5b00
[2025-05-20T21:43:57.845+0300][7268][9320 ][debug][safepoint] ... found polling page loop exception at pc = 0x000001e8738b0160, stub =0x000001e8732b5280
[2025-05-20T21:43:57.845+0300][7268][8892 ][debug][safepoint] ... found polling page loop exception at pc = 0x000001e8738b0160, stub =0x000001e8732b5280
[2025-05-20T21:43:57.845+0300][7268][5296 ][debug][safepoint] ... found polling page loop exception at pc = 0x000001e8738b0160, stub =0x000001e8732b5280
[2025-05-20T21:43:57.845+0300][7268][18396][debug][safepoint] ... found polling page loop exception at pc = 0x000001e8738b0160, stub =0x000001e8732b5280
[2025-05-20T21:43:57.845+0300][7268][11364][debug][safepoint] ... found polling page loop exception at pc = 0x000001e8738abd86, stub =0x000001e8732b5b00
[2025-05-20T21:43:57.845+0300][7268][1480 ][debug][safepoint] ... found polling page loop exception at pc = 0x000001e87391aa95, stub =0x000001e8732b5b00
[2025-05-20T21:43:57.845+0300][7268][16908][info ][gc,phases] GC(10) Pause Mark End 0.014ms
[2025-05-20T21:43:57.845+0300][7268][16908][info ][safepoint] Safepoint "XMarkEnd", Time since last: 34309300 ns, Reaching safepoint: 320600 ns, Cleanup: 5000 ns, At safepoint: 79800 ns, Total: 405400 ns
[2025-05-20T21:43:57.845+0300][7268][13548][info ][gc,phases] GC(10) Concurrent Mark Free 0.001ms
[2025-05-20T21:43:57.845+0300][7268][13548][debug][gc,phases] GC(10) Concurrent References Process 0.284ms
[2025-05-20T21:43:57.845+0300][7268][13548][debug][gc,phases] GC(10) ClassLoaderData 0.017ms
[2025-05-20T21:43:57.845+0300][7268][13548][debug][gc,phases] GC(10) Trigger cleanups 0.000ms
[2025-05-20T21:43:57.855+0300][7268][13548][debug][gc,phases] GC(10) Concurrent Classes Unlink 5.322ms
[2025-05-20T21:43:57.855+0300][7268][9320 ][debug][safepoint] ... found polling page loop exception at pc = 0x000001e8738b0160, stub =0x000001e8732b5280
[2025-05-20T21:43:57.855+0300][7268][8892 ][debug][safepoint] ... found polling page loop exception at pc = 0x000001e8738fa658, stub =0x000001e8732b5b00
[2025-05-20T21:43:57.855+0300][7268][11364][debug][safepoint] ... found polling page loop exception at pc = 0x000001e8738b0160, stub =0x000001e8732b5280
[2025-05-20T21:43:57.855+0300][7268][18396][debug][safepoint] ... found polling page loop exception at pc = 0x000001e873957a49, stub =0x000001e8732b5280
[2025-05-20T21:43:57.855+0300][7268][16828][debug][safepoint] ... found polling page loop exception at pc = 0x000001e8738f5d0f, stub =0x000001e8732b5280
[2025-05-20T21:43:57.857+0300][7268][13548][debug][gc,phases] GC(10) Concurrent Classes Purge 0.062ms
[2025-05-20T21:43:57.857+0300][7268][13548][debug][gc,phases] GC(10) Concurrent References Enqueue 0.008ms
[2025-05-20T21:43:57.857+0300][7268][13548][info ][gc,phases] GC(10) Concurrent Process Non-Strong References 8.108ms
[2025-05-20T21:43:57.857+0300][7268][13548][info ][gc,phases] GC(10) Concurrent Reset Relocation Set 0.013ms
[2025-05-20T21:43:57.859+0300][7268][13548][info ][gc,phases] GC(10) Concurrent Select Relocation Set 2.779ms
[2025-05-20T21:43:57.859+0300][7268][16908][debug][safepoint] Safepoint synchronization initiated using striped semaphore wait barrier. (19 threads)
[2025-05-20T21:43:57.859+0300][7268][5296 ][debug][safepoint] ... found polling page loop exception at pc = 0x000001e8738b0160, stub =0x000001e8732b5280
[2025-05-20T21:43:57.859+0300][7268][11364][debug][safepoint] ... found polling page loop exception at pc = 0x000001e8738b0160, stub =0x000001e8732b5280
[2025-05-20T21:43:57.859+0300][7268][1480 ][debug][safepoint] ... found polling page loop exception at pc = 0x000001e8738cec4b, stub =0x000001e8732b5b00
[2025-05-20T21:43:57.859+0300][7268][16828][debug][safepoint] ... found polling page loop exception at pc = 0x000001e8738f5d0f, stub =0x000001e8732b5280
[2025-05-20T21:43:57.859+0300][7268][16908][info ][gc,phases] GC(10) Pause Relocate Start 0.009ms
[2025-05-20T21:43:57.859+0300][7268][16908][info ][safepoint] Safepoint "XRelocateStart", Time since last: 11085100 ns, Reaching safepoint: 260200 ns, Cleanup: 4800 ns, At safepoint: 67300 ns, Total: 332300 ns
[2025-05-20T21:43:57.861+0300][7268][13548][info ][gc,phases] GC(10) Concurrent Relocate 0.979ms
[2025-05-20T21:43:57.861+0300][7268][13548][debug][gc,heap  ] GC(10) Heap after GC invocations=11 (full 11):
[2025-05-20T21:43:57.861+0300][7268][13548][debug][gc,heap  ] GC(10)  ZHeap           used 164M, capacity 4096M, max capacity 4096M
[2025-05-20T21:43:57.861+0300][7268][13548][debug][gc,heap  ] GC(10)  Metaspace       used 8511K, committed 9472K, reserved 1114112K
[2025-05-20T21:43:57.861+0300][7268][13548][debug][gc,heap  ] GC(10)   class space    used 856K, committed 1216K, reserved 1048576K
[2025-05-20T21:43:57.861+0300][7268][13548][info ][gc,heap  ] GC(10) Min Capacity: 4096M(100%)
[2025-05-20T21:43:57.861+0300][7268][13548][info ][gc,heap  ] GC(10) Max Capacity: 4096M(100%)
[2025-05-20T21:43:57.861+0300][7268][13548][info ][gc,heap  ] GC(10) Soft Max Capacity: 4096M(100%)
[2025-05-20T21:43:57.861+0300][7268][13548][info ][gc,heap  ] GC(10)                Mark Start          Mark End        Relocate Start      Relocate End           High               Low         
[2025-05-20T21:43:57.861+0300][7268][13548][info ][gc,heap  ] GC(10)  Capacity:     4096M (100%)       4096M (100%)       4096M (100%)       4096M (100%)       4096M (100%)       4096M (100%)   
[2025-05-20T21:43:57.861+0300][7268][13548][info ][gc,heap  ] GC(10)      Free:      690M (17%)         600M (15%)        3344M (82%)        3932M (96%)        3932M (96%)         580M (14%)    
[2025-05-20T21:43:57.861+0300][7268][13548][info ][gc,heap  ] GC(10)      Used:     3406M (83%)        3496M (85%)         752M (18%)         164M (4%)         3516M (86%)         164M (4%)     
[2025-05-20T21:43:57.861+0300][7268][13548][info ][gc,heap  ] GC(10)      Live:         -                11M (0%)           11M (0%)           11M (0%)             -                  -          
[2025-05-20T21:43:57.861+0300][7268][13548][info ][gc,heap  ] GC(10) Allocated:         -                90M (2%)          120M (3%)          123M (3%)             -                  -          
[2025-05-20T21:43:57.861+0300][7268][13548][info ][gc,heap  ] GC(10)   Garbage:         -              3394M (83%)         620M (15%)          28M (1%)             -                  -          
[2025-05-20T21:43:57.861+0300][7268][13548][info ][gc,heap  ] GC(10) Reclaimed:         -                  -              2774M (68%)        3365M (82%)            -                  -          
[2025-05-20T21:43:57.861+0300][7268][13548][info ][gc       ] GC(10) Garbage Collection (Allocation Rate) 3406M(83%)->164M(4%)
[2025-05-20T21:43:58.866+0300][7268][16908][debug][safepoint] Safepoint synchronization initiated using striped semaphore wait barrier. (19 threads)
[2025-05-20T21:43:58.866+0300][7268][1480 ][debug][safepoint] ... found polling page loop exception at pc = 0x000001e8738cec4b, stub =0x000001e8732b5b00
[2025-05-20T21:43:58.866+0300][7268][11364][debug][safepoint] ... found polling page loop exception at pc = 0x000001e8738b344c, stub =0x000001e8732b5b00
[2025-05-20T21:43:58.866+0300][7268][8892 ][debug][safepoint] ... found polling page loop exception at pc = 0x000001e8738b0160, stub =0x000001e8732b5280
[2025-05-20T21:43:58.866+0300][7268][18396][debug][safepoint] ... found polling page loop exception at pc = 0x000001e8738b0160, stub =0x000001e8732b5280
[2025-05-20T21:43:58.866+0300][7268][16908][info ][safepoint] Safepoint "Cleanup", Time since last: 1005538000 ns, Reaching safepoint: 417100 ns, Cleanup: 25200 ns, At safepoint: 25100 ns, Total: 467400 ns
[2025-05-20T21:43:58.914+0300][7268][13548][debug][gc,heap  ] GC(11) Heap before GC invocations=11 (full 11):
[2025-05-20T21:43:58.914+0300][7268][13548][debug][gc,heap  ] GC(11)  ZHeap           used 3322M, capacity 4096M, max capacity 4096M
[2025-05-20T21:43:58.914+0300][7268][13548][debug][gc,heap  ] GC(11)  Metaspace       used 8513K, committed 9472K, reserved 1114112K
[2025-05-20T21:43:58.914+0300][7268][13548][debug][gc,heap  ] GC(11)   class space    used 856K, committed 1216K, reserved 1048576K
[2025-05-20T21:43:58.914+0300][7268][16908][debug][safepoint] Safepoint synchronization initiated using striped semaphore wait barrier. (19 threads)
[2025-05-20T21:43:58.914+0300][7268][8892 ][debug][safepoint] ... found polling page loop exception at pc = 0x000001e8738b0160, stub =0x000001e8732b5280
[2025-05-20T21:43:58.914+0300][7268][1480 ][debug][safepoint] ... found polling page loop exception at pc = 0x000001e8738f5d0f, stub =0x000001e8732b5280
[2025-05-20T21:43:58.914+0300][7268][9320 ][debug][safepoint] ... found polling page loop exception at pc = 0x000001e8738b0160, stub =0x000001e8732b5280
[2025-05-20T21:43:58.914+0300][7268][18396][debug][safepoint] ... found polling page loop exception at pc = 0x000001e8738b0160, stub =0x000001e8732b5280
[2025-05-20T21:43:58.914+0300][7268][16908][info ][gc,phases] GC(11) Pause Mark Start 0.023ms
[2025-05-20T21:43:58.914+0300][7268][16908][info ][safepoint] Safepoint "XMarkStart", Time since last: 47441600 ns, Reaching safepoint: 276800 ns, Cleanup: 6200 ns, At safepoint: 93000 ns, Total: 376000 ns
[2025-05-20T21:43:58.928+0300][7268][18396][debug][safepoint] ... found polling page loop exception at pc = 0x000001e8738cec4b, stub =0x000001e8732b5b00
[2025-05-20T21:43:58.928+0300][7268][9320 ][debug][safepoint] ... found polling page loop exception at pc = 0x000001e8738b0160, stub =0x000001e8732b5280
[2025-05-20T21:43:58.928+0300][7268][7680 ][debug][safepoint] ... found polling page loop exception at pc = 0x000001e8738f5d0f, stub =0x000001e8732b5280
[2025-05-20T21:43:58.928+0300][7268][5296 ][debug][safepoint] ... found polling page loop exception at pc = 0x000001e8738f5d0f, stub =0x000001e8732b5280
[2025-05-20T21:43:58.928+0300][7268][16828][debug][safepoint] ... found polling page loop exception at pc = 0x000001e8738f5d0f, stub =0x000001e8732b5280
[2025-05-20T21:43:58.928+0300][7268][8892 ][debug][safepoint] ... found polling page loop exception at pc = 0x000001e8738cec4b, stub =0x000001e8732b5b00
[2025-05-20T21:43:58.928+0300][7268][11364][debug][safepoint] ... found polling page loop exception at pc = 0x000001e8738b0160, stub =0x000001e8732b5280
[2025-05-20T21:43:58.930+0300][7268][9320 ][debug][safepoint] ... found polling page loop exception at pc = 0x000001e8738cec4b, stub =0x000001e8732b5b00
[2025-05-20T21:43:58.930+0300][7268][5296 ][debug][safepoint] ... found polling page loop exception at pc = 0x000001e87392ed9f, stub =0x000001e8732b5b00
[2025-05-20T21:43:58.930+0300][7268][11364][debug][safepoint] ... found polling page loop exception at pc = 0x000001e8738cec4b, stub =0x000001e8732b5b00
[2025-05-20T21:43:58.930+0300][7268][16828][debug][safepoint] ... found polling page loop exception at pc = 0x000001e8738b0160, stub =0x000001e8732b5280
[2025-05-20T21:43:58.930+0300][7268][8892 ][debug][safepoint] ... found polling page loop exception at pc = 0x000001e87392ed9f, stub =0x000001e8732b5b00
[2025-05-20T21:43:58.930+0300][7268][1480 ][debug][safepoint] ... found polling page loop exception at pc = 0x000001e8738b0160, stub =0x000001e8732b5280
[2025-05-20T21:43:58.930+0300][7268][18396][debug][safepoint] ... found polling page loop exception at pc = 0x000001e8738b0160, stub =0x000001e8732b5280
[2025-05-20T21:43:58.930+0300][7268][11364][debug][safepoint] ... found polling page loop exception at pc = 0x000001e8738b0160, stub =0x000001e8732b5280
[2025-05-20T21:43:58.930+0300][7268][9320 ][debug][safepoint] ... found polling page loop exception at pc = 0x000001e8739244cf, stub =0x000001e8732b5280
[2025-05-20T21:43:58.930+0300][7268][16828][debug][safepoint] ... found polling page loop exception at pc = 0x000001e8738b0160, stub =0x000001e8732b5280
[2025-05-20T21:43:58.930+0300][7268][7680 ][debug][safepoint] ... found polling page loop exception at pc = 0x000001e8738bec8e, stub =0x000001e8732b5b00
[2025-05-20T21:43:58.930+0300][7268][5296 ][debug][safepoint] ... found polling page loop exception at pc = 0x000001e8738abd86, stub =0x000001e8732b5b00
[2025-05-20T21:43:58.934+0300][7268][13548][info ][gc,phases] GC(11) Concurrent Mark 20.383ms
[2025-05-20T21:43:58.934+0300][7268][16908][debug][safepoint] Safepoint synchronization initiated using striped semaphore wait barrier. (19 threads)
[2025-05-20T21:43:58.934+0300][7268][9320 ][debug][safepoint] ... found polling page loop exception at pc = 0x000001e8738b0160, stub =0x000001e8732b5280
[2025-05-20T21:43:58.934+0300][7268][16828][debug][safepoint] ... found polling page loop exception at pc = 0x000001e8738b0160, stub =0x000001e8732b5280
[2025-05-20T21:43:58.934+0300][7268][8892 ][debug][safepoint] ... found polling page loop exception at pc = 0x000001e8738b0160, stub =0x000001e8732b5280
[2025-05-20T21:43:58.934+0300][7268][7680 ][debug][safepoint] ... found polling page loop exception at pc = 0x000001e8738b0160, stub =0x000001e8732b5280
[2025-05-20T21:43:58.934+0300][7268][16908][info ][gc,phases] GC(11) Pause Mark End 0.015ms
[2025-05-20T21:43:58.934+0300][7268][16908][info ][safepoint] Safepoint "XMarkEnd", Time since last: 20503000 ns, Reaching safepoint: 272100 ns, Cleanup: 6000 ns, At safepoint: 76900 ns, Total: 355000 ns
[2025-05-20T21:43:58.934+0300][7268][13548][info ][gc,phases] GC(11) Concurrent Mark Free 0.001ms
[2025-05-20T21:43:58.934+0300][7268][13548][debug][gc,phases] GC(11) Concurrent References Process 0.327ms
[2025-05-20T21:43:58.934+0300][7268][13548][debug][gc,phases] GC(11) ClassLoaderData 0.019ms
[2025-05-20T21:43:58.934+0300][7268][13548][debug][gc,phases] GC(11) Trigger cleanups 0.001ms
[2025-05-20T21:43:58.941+0300][7268][13548][debug][gc,phases] GC(11) Concurrent Classes Unlink 5.528ms
[2025-05-20T21:43:58.941+0300][7268][9320 ][debug][safepoint] ... found polling page loop exception at pc = 0x000001e8738b0160, stub =0x000001e8732b5280
[2025-05-20T21:43:58.941+0300][7268][8892 ][debug][safepoint] ... found polling page loop exception at pc = 0x000001e8738b0160, stub =0x000001e8732b5280
[2025-05-20T21:43:58.941+0300][7268][1480 ][debug][safepoint] ... found polling page loop exception at pc = 0x000001e8738b0160, stub =0x000001e8732b5280
[2025-05-20T21:43:58.941+0300][7268][11364][debug][safepoint] ... found polling page loop exception at pc = 0x000001e8738b0160, stub =0x000001e8732b5280
[2025-05-20T21:43:58.941+0300][7268][5296 ][debug][safepoint] ... found polling page loop exception at pc = 0x000001e8738b0160, stub =0x000001e8732b5280
[2025-05-20T21:43:58.941+0300][7268][18396][debug][safepoint] ... found polling page loop exception at pc = 0x000001e8738c5c30, stub =0x000001e8732b5b00
[2025-05-20T21:43:58.945+0300][7268][13548][debug][gc,phases] GC(11) Concurrent Classes Purge 0.105ms
[2025-05-20T21:43:58.945+0300][7268][13548][debug][gc,phases] GC(11) Concurrent References Enqueue 0.009ms
[2025-05-20T21:43:58.945+0300][7268][13548][info ][gc,phases] GC(11) Concurrent Process Non-Strong References 10.487ms
[2025-05-20T21:43:58.945+0300][7268][13548][info ][gc,phases] GC(11) Concurrent Reset Relocation Set 0.012ms
[2025-05-20T21:43:58.947+0300][7268][13548][info ][gc,phases] GC(11) Concurrent Select Relocation Set 2.823ms
[2025-05-20T21:43:58.947+0300][7268][16908][debug][safepoint] Safepoint synchronization initiated using striped semaphore wait barrier. (19 threads)
[2025-05-20T21:43:58.947+0300][7268][18396][debug][safepoint] ... found polling page loop exception at pc = 0x000001e8738b0160, stub =0x000001e8732b5280
[2025-05-20T21:43:58.947+0300][7268][5296 ][debug][safepoint] ... found polling page loop exception at pc = 0x000001e8738b0160, stub =0x000001e8732b5280
[2025-05-20T21:43:58.947+0300][7268][11364][debug][safepoint] ... found polling page loop exception at pc = 0x000001e8738b0160, stub =0x000001e8732b5280
[2025-05-20T21:43:58.947+0300][7268][8892 ][debug][safepoint] ... found polling page loop exception at pc = 0x000001e8738b0160, stub =0x000001e8732b5280
[2025-05-20T21:43:58.947+0300][7268][1480 ][debug][safepoint] ... found polling page loop exception at pc = 0x000001e8738b0160, stub =0x000001e8732b5280
[2025-05-20T21:43:58.947+0300][7268][9320 ][debug][safepoint] ... found polling page loop exception at pc = 0x000001e8738b0160, stub =0x000001e8732b5280
[2025-05-20T21:43:58.947+0300][7268][16908][info ][gc,phases] GC(11) Pause Relocate Start 0.007ms
[2025-05-20T21:43:58.947+0300][7268][16908][info ][safepoint] Safepoint "XRelocateStart", Time since last: 13522800 ns, Reaching safepoint: 352600 ns, Cleanup: 10400 ns, At safepoint: 62400 ns, Total: 425400 ns
[2025-05-20T21:43:58.947+0300][7268][13548][info ][gc,phases] GC(11) Concurrent Relocate 0.614ms
[2025-05-20T21:43:58.947+0300][7268][13548][debug][gc,heap  ] GC(11) Heap after GC invocations=12 (full 12):
[2025-05-20T21:43:58.947+0300][7268][13548][debug][gc,heap  ] GC(11)  ZHeap           used 130M, capacity 4096M, max capacity 4096M
[2025-05-20T21:43:58.947+0300][7268][13548][debug][gc,heap  ] GC(11)  Metaspace       used 8513K, committed 9472K, reserved 1114112K
[2025-05-20T21:43:58.947+0300][7268][13548][debug][gc,heap  ] GC(11)   class space    used 856K, committed 1216K, reserved 1048576K
[2025-05-20T21:43:58.947+0300][7268][13548][info ][gc,heap  ] GC(11) Min Capacity: 4096M(100%)
[2025-05-20T21:43:58.947+0300][7268][13548][info ][gc,heap  ] GC(11) Max Capacity: 4096M(100%)
[2025-05-20T21:43:58.947+0300][7268][13548][info ][gc,heap  ] GC(11) Soft Max Capacity: 4096M(100%)
[2025-05-20T21:43:58.947+0300][7268][13548][info ][gc,heap  ] GC(11)                Mark Start          Mark End        Relocate Start      Relocate End           High               Low         
[2025-05-20T21:43:58.947+0300][7268][13548][info ][gc,heap  ] GC(11)  Capacity:     4096M (100%)       4096M (100%)       4096M (100%)       4096M (100%)       4096M (100%)       4096M (100%)   
[2025-05-20T21:43:58.947+0300][7268][13548][info ][gc,heap  ] GC(11)      Free:      774M (19%)         718M (18%)        3402M (83%)        3966M (97%)        3966M (97%)         694M (17%)    
[2025-05-20T21:43:58.947+0300][7268][13548][info ][gc,heap  ] GC(11)      Used:     3322M (81%)        3378M (82%)         694M (17%)         130M (3%)         3402M (83%)         130M (3%)     
[2025-05-20T21:43:58.947+0300][7268][13548][info ][gc,heap  ] GC(11)      Live:         -                11M (0%)           11M (0%)           11M (0%)             -                  -          
[2025-05-20T21:43:58.947+0300][7268][13548][info ][gc,heap  ] GC(11) Allocated:         -                56M (1%)           86M (2%)           89M (2%)             -                  -          
[2025-05-20T21:43:58.947+0300][7268][13548][info ][gc,heap  ] GC(11)   Garbage:         -              3310M (81%)         596M (15%)          29M (1%)             -                  -          
[2025-05-20T21:43:58.947+0300][7268][13548][info ][gc,heap  ] GC(11) Reclaimed:         -                  -              2714M (66%)        3281M (80%)            -                  -          
[2025-05-20T21:43:58.947+0300][7268][13548][info ][gc       ] GC(11) Garbage Collection (Allocation Rate) 3322M(81%)->130M(3%)
[2025-05-20T21:43:59.846+0300][7268][13548][debug][gc,heap  ] GC(12) Heap before GC invocations=12 (full 12):
[2025-05-20T21:43:59.846+0300][7268][13548][debug][gc,heap  ] GC(12)  ZHeap           used 1508M, capacity 4096M, max capacity 4096M
[2025-05-20T21:43:59.846+0300][7268][13548][debug][gc,heap  ] GC(12)  Metaspace       used 8689K, committed 9600K, reserved 1114112K
[2025-05-20T21:43:59.846+0300][7268][13548][debug][gc,heap  ] GC(12)   class space    used 874K, committed 1280K, reserved 1048576K
[2025-05-20T21:43:59.846+0300][7268][16908][debug][safepoint] Safepoint synchronization initiated using striped semaphore wait barrier. (13 threads)
[2025-05-20T21:43:59.846+0300][7268][16908][info ][gc,phases] GC(12) Pause Mark Start 0.008ms
[2025-05-20T21:43:59.846+0300][7268][16908][info ][safepoint] Safepoint "XMarkStart", Time since last: 903835000 ns, Reaching safepoint: 36600 ns, Cleanup: 17100 ns, At safepoint: 32000 ns, Total: 85700 ns
[2025-05-20T21:43:59.862+0300][7268][13548][info ][gc,phases] GC(12) Concurrent Mark 8.889ms
[2025-05-20T21:43:59.862+0300][7268][16908][debug][safepoint] Safepoint synchronization initiated using striped semaphore wait barrier. (13 threads)
[2025-05-20T21:43:59.862+0300][7268][16908][info ][gc,phases] GC(12) Pause Mark End 0.012ms
[2025-05-20T21:43:59.862+0300][7268][16908][info ][safepoint] Safepoint "XMarkEnd", Time since last: 9066600 ns, Reaching safepoint: 38800 ns, Cleanup: 3400 ns, At safepoint: 30600 ns, Total: 72800 ns
[2025-05-20T21:43:59.862+0300][7268][13548][info ][gc,phases] GC(12) Concurrent Mark Free 0.000ms
[2025-05-20T21:43:59.862+0300][7268][13548][debug][gc,phases] GC(12) Concurrent References Process 0.097ms
[2025-05-20T21:43:59.862+0300][7268][13548][debug][gc,phases] GC(12) ClassLoaderData 0.007ms
[2025-05-20T21:43:59.862+0300][7268][13548][debug][gc,phases] GC(12) Trigger cleanups 0.000ms
[2025-05-20T21:43:59.862+0300][7268][13548][debug][gc,phases] GC(12) Concurrent Classes Unlink 1.848ms
[2025-05-20T21:43:59.862+0300][7268][13548][debug][gc,phases] GC(12) Concurrent Classes Purge 0.120ms
[2025-05-20T21:43:59.862+0300][7268][13548][debug][gc,phases] GC(12) Concurrent References Enqueue 0.004ms
[2025-05-20T21:43:59.862+0300][7268][13548][info ][gc,phases] GC(12) Concurrent Process Non-Strong References 2.428ms
[2025-05-20T21:43:59.862+0300][7268][13548][info ][gc,phases] GC(12) Concurrent Reset Relocation Set 0.006ms
[2025-05-20T21:43:59.862+0300][7268][16908][debug][safepoint] Safepoint synchronization initiated using striped semaphore wait barrier. (13 threads)
[2025-05-20T21:43:59.862+0300][7268][16908][info ][safepoint] Safepoint "CleanClassLoaderDataMetaspaces", Time since last: 2492300 ns, Reaching safepoint: 79200 ns, Cleanup: 40900 ns, At safepoint: 20800 ns, Total: 140900 ns
[2025-05-20T21:43:59.862+0300][7268][13548][info ][gc,phases] GC(12) Concurrent Select Relocation Set 1.412ms
[2025-05-20T21:43:59.862+0300][7268][16908][debug][safepoint] Safepoint synchronization initiated using striped semaphore wait barrier. (13 threads)
[2025-05-20T21:43:59.862+0300][7268][16908][info ][gc,phases] GC(12) Pause Relocate Start 0.007ms
[2025-05-20T21:43:59.862+0300][7268][16908][info ][safepoint] Safepoint "XRelocateStart", Time since last: 1357500 ns, Reaching safepoint: 33500 ns, Cleanup: 3400 ns, At safepoint: 24800 ns, Total: 61700 ns
[2025-05-20T21:43:59.862+0300][7268][13548][info ][gc,phases] GC(12) Concurrent Relocate 0.879ms
[2025-05-20T21:43:59.862+0300][7268][13548][debug][gc,heap  ] GC(12) Heap after GC invocations=13 (full 13):
[2025-05-20T21:43:59.862+0300][7268][13548][debug][gc,heap  ] GC(12)  ZHeap           used 42M, capacity 4096M, max capacity 4096M
[2025-05-20T21:43:59.862+0300][7268][13548][debug][gc,heap  ] GC(12)  Metaspace       used 8689K, committed 9600K, reserved 1114112K
[2025-05-20T21:43:59.862+0300][7268][13548][debug][gc,heap  ] GC(12)   class space    used 874K, committed 1280K, reserved 1048576K
[2025-05-20T21:43:59.862+0300][7268][13548][info ][gc,heap  ] GC(12) Min Capacity: 4096M(100%)
[2025-05-20T21:43:59.862+0300][7268][13548][info ][gc,heap  ] GC(12) Max Capacity: 4096M(100%)
[2025-05-20T21:43:59.862+0300][7268][13548][info ][gc,heap  ] GC(12) Soft Max Capacity: 4096M(100%)
[2025-05-20T21:43:59.862+0300][7268][13548][info ][gc,heap  ] GC(12)                Mark Start          Mark End        Relocate Start      Relocate End           High               Low         
[2025-05-20T21:43:59.862+0300][7268][13548][info ][gc,heap  ] GC(12)  Capacity:     4096M (100%)       4096M (100%)       4096M (100%)       4096M (100%)       4096M (100%)       4096M (100%)   
[2025-05-20T21:43:59.862+0300][7268][13548][info ][gc,heap  ] GC(12)      Free:     2588M (63%)        2588M (63%)        4032M (98%)        4054M (99%)        4054M (99%)        2588M (63%)    
[2025-05-20T21:43:59.862+0300][7268][13548][info ][gc,heap  ] GC(12)      Used:     1508M (37%)        1508M (37%)          64M (2%)           42M (1%)         1508M (37%)          42M (1%)     
[2025-05-20T21:43:59.862+0300][7268][13548][info ][gc,heap  ] GC(12)      Live:         -                10M (0%)           10M (0%)           10M (0%)             -                  -          
[2025-05-20T21:43:59.862+0300][7268][13548][info ][gc,heap  ] GC(12) Allocated:         -                 0M (0%)            2M (0%)            2M (0%)             -                  -          
[2025-05-20T21:43:59.862+0300][7268][13548][info ][gc,heap  ] GC(12)   Garbage:         -              1497M (37%)          51M (1%)           29M (1%)             -                  -          
[2025-05-20T21:43:59.862+0300][7268][13548][info ][gc,heap  ] GC(12) Reclaimed:         -                  -              1446M (35%)        1468M (36%)            -                  -          
[2025-05-20T21:43:59.862+0300][7268][13548][info ][gc       ] GC(12) Garbage Collection (System.gc()) 1508M(37%)->42M(1%)
[2025-05-20T21:44:00.885+0300][7268][16908][debug][safepoint] Safepoint synchronization initiated using striped semaphore wait barrier. (21 threads)
[2025-05-20T21:44:00.885+0300][7268][13960][debug][safepoint] ... found polling page loop exception at pc = 0x000001e8738b0160, stub =0x000001e8732b5280
[2025-05-20T21:44:00.885+0300][7268][2460 ][debug][safepoint] ... found polling page loop exception at pc = 0x000001e8738b0160, stub =0x000001e8732b5280
[2025-05-20T21:44:00.885+0300][7268][8884 ][debug][safepoint] ... found polling page loop exception at pc = 0x000001e8738bec8e, stub =0x000001e8732b5b00
[2025-05-20T21:44:00.885+0300][7268][23520][debug][safepoint] ... found polling page loop exception at pc = 0x000001e8738abc20, stub =0x000001e8732b5b00
[2025-05-20T21:44:00.885+0300][7268][11232][debug][safepoint] ... found polling page loop exception at pc = 0x000001e8738abc20, stub =0x000001e8732b5b00
[2025-05-20T21:44:00.885+0300][7268][5664 ][debug][safepoint] ... found polling page loop exception at pc = 0x000001e873968303, stub =0x000001e8732b5b00
[2025-05-20T21:44:00.885+0300][7268][16908][info ][safepoint] Safepoint "Cleanup", Time since last: 1018704600 ns, Reaching safepoint: 458000 ns, Cleanup: 33800 ns, At safepoint: 25700 ns, Total: 517500 ns
[2025-05-20T21:44:01.011+0300][7268][13548][debug][gc,heap  ] GC(13) Heap before GC invocations=13 (full 13):
[2025-05-20T21:44:01.011+0300][7268][13548][debug][gc,heap  ] GC(13)  ZHeap           used 3404M, capacity 4096M, max capacity 4096M
[2025-05-20T21:44:01.011+0300][7268][13548][debug][gc,heap  ] GC(13)  Metaspace       used 8689K, committed 9600K, reserved 1114112K
[2025-05-20T21:44:01.011+0300][7268][13548][debug][gc,heap  ] GC(13)   class space    used 874K, committed 1280K, reserved 1048576K
[2025-05-20T21:44:01.011+0300][7268][16908][debug][safepoint] Safepoint synchronization initiated using striped semaphore wait barrier. (21 threads)
[2025-05-20T21:44:01.011+0300][7268][2460 ][debug][safepoint] ... found polling page loop exception at pc = 0x000001e8738b0160, stub =0x000001e8732b5280
[2025-05-20T21:44:01.011+0300][7268][17520][debug][safepoint] ... found polling page loop exception at pc = 0x000001e8738abd86, stub =0x000001e8732b5b00
[2025-05-20T21:44:01.011+0300][7268][5664 ][debug][safepoint] ... found polling page loop exception at pc = 0x000001e8738b0160, stub =0x000001e8732b5280
[2025-05-20T21:44:01.011+0300][7268][8884 ][debug][safepoint] ... found polling page loop exception at pc = 0x000001e8738b0160, stub =0x000001e8732b5280
[2025-05-20T21:44:01.011+0300][7268][23520][debug][safepoint] ... found polling page loop exception at pc = 0x000001e8738b0160, stub =0x000001e8732b5280
[2025-05-20T21:44:01.011+0300][7268][11232][debug][safepoint] ... found polling page loop exception at pc = 0x000001e8738b0160, stub =0x000001e8732b5280
[2025-05-20T21:44:01.011+0300][7268][22040][debug][safepoint] ... found polling page loop exception at pc = 0x000001e8738b0160, stub =0x000001e8732b5280
[2025-05-20T21:44:01.011+0300][7268][16908][info ][gc,phases] GC(13) Pause Mark Start 0.011ms
[2025-05-20T21:44:01.011+0300][7268][16908][info ][safepoint] Safepoint "XMarkStart", Time since last: 126229300 ns, Reaching safepoint: 453500 ns, Cleanup: 6800 ns, At safepoint: 71300 ns, Total: 531600 ns
[2025-05-20T21:44:01.022+0300][7268][23520][debug][safepoint] ... found polling page loop exception at pc = 0x000001e8738b0160, stub =0x000001e8732b5280
[2025-05-20T21:44:01.022+0300][7268][2460 ][debug][safepoint] ... found polling page loop exception at pc = 0x000001e8738b0160, stub =0x000001e8732b5280
[2025-05-20T21:44:01.022+0300][7268][8884 ][debug][safepoint] ... found polling page loop exception at pc = 0x000001e8738b0160, stub =0x000001e8732b5280
[2025-05-20T21:44:01.022+0300][7268][22040][debug][safepoint] ... found polling page loop exception at pc = 0x000001e8739244cf, stub =0x000001e8732b5280
[2025-05-20T21:44:01.027+0300][7268][2460 ][debug][safepoint] ... found polling page loop exception at pc = 0x000001e8738b0160, stub =0x000001e8732b5280
[2025-05-20T21:44:01.027+0300][7268][23520][debug][safepoint] ... found polling page loop exception at pc = 0x000001e87399a71e, stub =0x000001e8732b5b00
[2025-05-20T21:44:01.027+0300][7268][8884 ][debug][safepoint] ... found polling page loop exception at pc = 0x000001e8738abc20, stub =0x000001e8732b5b00
[2025-05-20T21:44:01.027+0300][7268][13960][debug][safepoint] ... found polling page loop exception at pc = 0x000001e873944260, stub =0x000001e8732b5280
[2025-05-20T21:44:01.027+0300][7268][11232][debug][safepoint] ... found polling page loop exception at pc = 0x000001e8738b0160, stub =0x000001e8732b5280
[2025-05-20T21:44:01.027+0300][7268][17520][debug][safepoint] ... found polling page loop exception at pc = 0x000001e8738e3e45, stub =0x000001e8732b5b00
[2025-05-20T21:44:01.027+0300][7268][22040][debug][safepoint] ... found polling page loop exception at pc = 0x000001e8738b0160, stub =0x000001e8732b5280
[2025-05-20T21:44:01.043+0300][7268][13960][debug][safepoint] ... found polling page loop exception at pc = 0x000001e8738b0160, stub =0x000001e8732b5280
[2025-05-20T21:44:01.043+0300][7268][2460 ][debug][safepoint] ... found polling page loop exception at pc = 0x000001e8738adc42, stub =0x000001e8732b5b00
[2025-05-20T21:44:01.043+0300][7268][5664 ][debug][safepoint] ... found polling page loop exception at pc = 0x000001e873944260, stub =0x000001e8732b5280
[2025-05-20T21:44:01.043+0300][7268][11232][debug][safepoint] ... found polling page loop exception at pc = 0x000001e8739244cf, stub =0x000001e8732b5280
[2025-05-20T21:44:01.043+0300][7268][23520][debug][safepoint] ... found polling page loop exception at pc = 0x000001e873a5bd44, stub =0x000001e8732b5280
[2025-05-20T21:44:01.043+0300][7268][22040][debug][safepoint] ... found polling page loop exception at pc = 0x000001e873957c12, stub =0x000001e8732b5280
[2025-05-20T21:44:01.043+0300][7268][8884 ][debug][safepoint] ... found polling page loop exception at pc = 0x000001e873a5bd44, stub =0x000001e8732b5280
[2025-05-20T21:44:01.059+0300][7268][13548][info ][gc,phases] GC(13) Concurrent Mark 46.693ms
[2025-05-20T21:44:01.059+0300][7268][16908][debug][safepoint] Safepoint synchronization initiated using striped semaphore wait barrier. (21 threads)
[2025-05-20T21:44:01.059+0300][7268][11232][debug][safepoint] ... found polling page loop exception at pc = 0x000001e8738bec8e, stub =0x000001e8732b5b00
[2025-05-20T21:44:01.059+0300][7268][23520][debug][safepoint] ... found polling page loop exception at pc = 0x000001e8738b0160, stub =0x000001e8732b5280
[2025-05-20T21:44:01.059+0300][7268][22040][debug][safepoint] ... found polling page loop exception at pc = 0x000001e8738b0160, stub =0x000001e8732b5280
[2025-05-20T21:44:01.059+0300][7268][16908][info ][gc,phases] GC(13) Pause Mark End 0.019ms
[2025-05-20T21:44:01.059+0300][7268][16908][info ][safepoint] Safepoint "XMarkEnd", Time since last: 46854100 ns, Reaching safepoint: 214100 ns, Cleanup: 6300 ns, At safepoint: 77100 ns, Total: 297500 ns
[2025-05-20T21:44:01.059+0300][7268][13548][info ][gc,phases] GC(13) Concurrent Mark Free 0.001ms
[2025-05-20T21:44:01.059+0300][7268][13548][debug][gc,phases] GC(13) Concurrent References Process 0.248ms
[2025-05-20T21:44:01.059+0300][7268][13548][debug][gc,phases] GC(13) ClassLoaderData 0.018ms
[2025-05-20T21:44:01.059+0300][7268][13548][debug][gc,phases] GC(13) Trigger cleanups 0.001ms
[2025-05-20T21:44:01.063+0300][7268][13548][debug][gc,phases] GC(13) Concurrent Classes Unlink 3.493ms
[2025-05-20T21:44:01.063+0300][7268][22040][debug][safepoint] ... found polling page loop exception at pc = 0x000001e8738b0160, stub =0x000001e8732b5280
[2025-05-20T21:44:01.063+0300][7268][8884 ][debug][safepoint] ... found polling page loop exception at pc = 0x000001e873957c12, stub =0x000001e8732b5280
[2025-05-20T21:44:01.063+0300][7268][13960][debug][safepoint] ... found polling page loop exception at pc = 0x000001e8738b0160, stub =0x000001e8732b5280
[2025-05-20T21:44:01.063+0300][7268][13548][debug][gc,phases] GC(13) Concurrent Classes Purge 0.100ms
[2025-05-20T21:44:01.063+0300][7268][13548][debug][gc,phases] GC(13) Concurrent References Enqueue 0.007ms
[2025-05-20T21:44:01.063+0300][7268][13548][info ][gc,phases] GC(13) Concurrent Process Non-Strong References 4.627ms
[2025-05-20T21:44:01.063+0300][7268][13548][info ][gc,phases] GC(13) Concurrent Reset Relocation Set 0.002ms
[2025-05-20T21:44:01.067+0300][7268][13548][info ][gc,phases] GC(13) Concurrent Select Relocation Set 4.981ms
[2025-05-20T21:44:01.069+0300][7268][16908][debug][safepoint] Safepoint synchronization initiated using striped semaphore wait barrier. (21 threads)
[2025-05-20T21:44:01.069+0300][7268][13960][debug][safepoint] ... found polling page loop exception at pc = 0x000001e8738b0160, stub =0x000001e8732b5280
[2025-05-20T21:44:01.069+0300][7268][22040][debug][safepoint] ... found polling page loop exception at pc = 0x000001e8738b344c, stub =0x000001e8732b5b00
[2025-05-20T21:44:01.069+0300][7268][8884 ][debug][safepoint] ... found polling page loop exception at pc = 0x000001e8738b0160, stub =0x000001e8732b5280
[2025-05-20T21:44:01.069+0300][7268][23520][debug][safepoint] ... found polling page loop exception at pc = 0x000001e8738adc42, stub =0x000001e8732b5b00
[2025-05-20T21:44:01.069+0300][7268][16908][info ][gc,phases] GC(13) Pause Relocate Start 0.010ms
[2025-05-20T21:44:01.069+0300][7268][16908][info ][safepoint] Safepoint "XRelocateStart", Time since last: 9808300 ns, Reaching safepoint: 264700 ns, Cleanup: 5100 ns, At safepoint: 68600 ns, Total: 338400 ns
[2025-05-20T21:44:01.069+0300][7268][13548][info ][gc,phases] GC(13) Concurrent Relocate 0.442ms
[2025-05-20T21:44:01.069+0300][7268][13548][debug][gc,heap  ] GC(13) Heap after GC invocations=14 (full 14):
[2025-05-20T21:44:01.069+0300][7268][13548][debug][gc,heap  ] GC(13)  ZHeap           used 180M, capacity 4096M, max capacity 4096M
[2025-05-20T21:44:01.069+0300][7268][13548][debug][gc,heap  ] GC(13)  Metaspace       used 8689K, committed 9600K, reserved 1114112K
[2025-05-20T21:44:01.069+0300][7268][13548][debug][gc,heap  ] GC(13)   class space    used 874K, committed 1280K, reserved 1048576K
[2025-05-20T21:44:01.069+0300][7268][13548][info ][gc,heap  ] GC(13) Min Capacity: 4096M(100%)
[2025-05-20T21:44:01.069+0300][7268][13548][info ][gc,heap  ] GC(13) Max Capacity: 4096M(100%)
[2025-05-20T21:44:01.069+0300][7268][13548][info ][gc,heap  ] GC(13) Soft Max Capacity: 4096M(100%)
[2025-05-20T21:44:01.069+0300][7268][13548][info ][gc,heap  ] GC(13)                Mark Start          Mark End        Relocate Start      Relocate End           High               Low         
[2025-05-20T21:44:01.069+0300][7268][13548][info ][gc,heap  ] GC(13)  Capacity:     4096M (100%)       4096M (100%)       4096M (100%)       4096M (100%)       4096M (100%)       4096M (100%)   
[2025-05-20T21:44:01.069+0300][7268][13548][info ][gc,heap  ] GC(13)      Free:      690M (17%)         574M (14%)        3340M (82%)        3916M (96%)        3916M (96%)         566M (14%)    
[2025-05-20T21:44:01.069+0300][7268][13548][info ][gc,heap  ] GC(13)      Used:     3406M (83%)        3522M (86%)         756M (18%)         180M (4%)         3530M (86%)         180M (4%)     
[2025-05-20T21:44:01.069+0300][7268][13548][info ][gc,heap  ] GC(13)      Live:         -                11M (0%)           11M (0%)           11M (0%)             -                  -          
[2025-05-20T21:44:01.069+0300][7268][13548][info ][gc,heap  ] GC(13) Allocated:         -               116M (3%)          138M (3%)          137M (3%)             -                  -          
[2025-05-20T21:44:01.069+0300][7268][13548][info ][gc,heap  ] GC(13)   Garbage:         -              3394M (83%)         606M (15%)          30M (1%)             -                  -          
[2025-05-20T21:44:01.069+0300][7268][13548][info ][gc,heap  ] GC(13) Reclaimed:         -                  -              2788M (68%)        3363M (82%)            -                  -          
[2025-05-20T21:44:01.069+0300][7268][13548][info ][gc       ] GC(13) Garbage Collection (Allocation Rate) 3406M(83%)->180M(4%)
[2025-05-20T21:44:01.913+0300][7268][13548][debug][gc,heap  ] GC(14) Heap before GC invocations=14 (full 14):
[2025-05-20T21:44:01.913+0300][7268][13548][debug][gc,heap  ] GC(14)  ZHeap           used 2922M, capacity 4096M, max capacity 4096M
[2025-05-20T21:44:01.913+0300][7268][13548][debug][gc,heap  ] GC(14)  Metaspace       used 8689K, committed 9600K, reserved 1114112K
[2025-05-20T21:44:01.913+0300][7268][13548][debug][gc,heap  ] GC(14)   class space    used 874K, committed 1280K, reserved 1048576K
[2025-05-20T21:44:01.913+0300][7268][16908][debug][safepoint] Safepoint synchronization initiated using striped semaphore wait barrier. (19 threads)
[2025-05-20T21:44:01.913+0300][7268][17520][debug][safepoint] ... found polling page loop exception at pc = 0x000001e8738b0160, stub =0x000001e8732b5280
[2025-05-20T21:44:01.913+0300][7268][5664 ][debug][safepoint] ... found polling page loop exception at pc = 0x000001e8738b0160, stub =0x000001e8732b5280
[2025-05-20T21:44:01.913+0300][7268][2460 ][debug][safepoint] ... found polling page loop exception at pc = 0x000001e8738abd86, stub =0x000001e8732b5b00
[2025-05-20T21:44:01.913+0300][7268][11232][debug][safepoint] ... found polling page loop exception at pc = 0x000001e8738b0160, stub =0x000001e8732b5280
[2025-05-20T21:44:01.913+0300][7268][8884 ][debug][safepoint] ... found polling page loop exception at pc = 0x000001e873a5bd44, stub =0x000001e8732b5280
[2025-05-20T21:44:01.913+0300][7268][16908][info ][gc,phases] GC(14) Pause Mark Start 0.010ms
[2025-05-20T21:44:01.913+0300][7268][16908][info ][safepoint] Safepoint "XMarkStart", Time since last: 844199300 ns, Reaching safepoint: 421000 ns, Cleanup: 6100 ns, At safepoint: 70900 ns, Total: 498000 ns
[2025-05-20T21:44:01.928+0300][7268][22040][debug][safepoint] ... found polling page loop exception at pc = 0x000001e8738abc20, stub =0x000001e8732b5b00
[2025-05-20T21:44:01.928+0300][7268][17520][debug][safepoint] ... found polling page loop exception at pc = 0x000001e8738cec4b, stub =0x000001e8732b5b00
[2025-05-20T21:44:01.928+0300][7268][11232][debug][safepoint] ... found polling page loop exception at pc = 0x000001e8738b0160, stub =0x000001e8732b5280
[2025-05-20T21:44:01.928+0300][7268][5664 ][debug][safepoint] ... found polling page loop exception at pc = 0x000001e873957a49, stub =0x000001e8732b5280
[2025-05-20T21:44:01.928+0300][7268][23520][debug][safepoint] ... found polling page loop exception at pc = 0x000001e8738bec8e, stub =0x000001e8732b5b00
[2025-05-20T21:44:01.928+0300][7268][2460 ][debug][safepoint] ... found polling page loop exception at pc = 0x000001e8738b0160, stub =0x000001e8732b5280
[2025-05-20T21:44:01.930+0300][7268][17520][debug][safepoint] ... found polling page loop exception at pc = 0x000001e8738b0160, stub =0x000001e8732b5280
[2025-05-20T21:44:01.930+0300][7268][13960][debug][safepoint] ... found polling page loop exception at pc = 0x000001e8738b0160, stub =0x000001e8732b5280
[2025-05-20T21:44:01.930+0300][7268][2460 ][debug][safepoint] ... found polling page loop exception at pc = 0x000001e8738cec4b, stub =0x000001e8732b5b00
[2025-05-20T21:44:01.930+0300][7268][8884 ][debug][safepoint] ... found polling page loop exception at pc = 0x000001e8738b0160, stub =0x000001e8732b5280
[2025-05-20T21:44:01.930+0300][7268][8884 ][debug][safepoint] ... found polling page loop exception at pc = 0x000001e8738bec8e, stub =0x000001e8732b5b00
[2025-05-20T21:44:01.930+0300][7268][17520][debug][safepoint] ... found polling page loop exception at pc = 0x000001e873a5b439, stub =0x000001e8732b5280
[2025-05-20T21:44:01.930+0300][7268][23520][debug][safepoint] ... found polling page loop exception at pc = 0x000001e8738b0160, stub =0x000001e8732b5280
[2025-05-20T21:44:01.930+0300][7268][11232][debug][safepoint] ... found polling page loop exception at pc = 0x000001e8738b0160, stub =0x000001e8732b5280
[2025-05-20T21:44:01.930+0300][7268][2460 ][debug][safepoint] ... found polling page loop exception at pc = 0x000001e8739244cf, stub =0x000001e8732b5280
[2025-05-20T21:44:01.930+0300][7268][22040][debug][safepoint] ... found polling page loop exception at pc = 0x000001e8738b0160, stub =0x000001e8732b5280
[2025-05-20T21:44:01.932+0300][7268][13548][info ][gc,phases] GC(14) Concurrent Mark 17.802ms
[2025-05-20T21:44:01.932+0300][7268][16908][debug][safepoint] Safepoint synchronization initiated using striped semaphore wait barrier. (19 threads)
[2025-05-20T21:44:01.932+0300][7268][8884 ][debug][safepoint] ... found polling page loop exception at pc = 0x000001e8738b0160, stub =0x000001e8732b5280
[2025-05-20T21:44:01.932+0300][7268][23520][debug][safepoint] ... found polling page loop exception at pc = 0x000001e8738abd86, stub =0x000001e8732b5b00
[2025-05-20T21:44:01.932+0300][7268][17520][debug][safepoint] ... found polling page loop exception at pc = 0x000001e8738abd86, stub =0x000001e8732b5b00
[2025-05-20T21:44:01.932+0300][7268][5664 ][debug][safepoint] ... found polling page loop exception at pc = 0x000001e8738b0160, stub =0x000001e8732b5280
[2025-05-20T21:44:01.932+0300][7268][2460 ][debug][safepoint] ... found polling page loop exception at pc = 0x000001e87396d113, stub =0x000001e8732b5280
[2025-05-20T21:44:01.932+0300][7268][13960][debug][safepoint] ... found polling page loop exception at pc = 0x000001e8738b0160, stub =0x000001e8732b5280
[2025-05-20T21:44:01.932+0300][7268][11232][debug][safepoint] ... found polling page loop exception at pc = 0x000001e8738cec4b, stub =0x000001e8732b5b00
[2025-05-20T21:44:01.932+0300][7268][16908][info ][gc,phases] GC(14) Pause Mark End 0.013ms
[2025-05-20T21:44:01.932+0300][7268][16908][info ][safepoint] Safepoint "XMarkEnd", Time since last: 17908200 ns, Reaching safepoint: 332500 ns, Cleanup: 5400 ns, At safepoint: 75100 ns, Total: 413000 ns
[2025-05-20T21:44:01.932+0300][7268][13548][info ][gc,phases] GC(14) Concurrent Mark Free 0.001ms
[2025-05-20T21:44:01.932+0300][7268][13548][debug][gc,phases] GC(14) Concurrent References Process 0.230ms
[2025-05-20T21:44:01.932+0300][7268][13548][debug][gc,phases] GC(14) ClassLoaderData 0.018ms
[2025-05-20T21:44:01.932+0300][7268][13548][debug][gc,phases] GC(14) Trigger cleanups 0.001ms
[2025-05-20T21:44:01.938+0300][7268][13548][debug][gc,phases] GC(14) Concurrent Classes Unlink 5.611ms
[2025-05-20T21:44:01.938+0300][7268][13960][debug][safepoint] ... found polling page loop exception at pc = 0x000001e8738b0160, stub =0x000001e8732b5280
[2025-05-20T21:44:01.938+0300][7268][2460 ][debug][safepoint] ... found polling page loop exception at pc = 0x000001e8738b0160, stub =0x000001e8732b5280
[2025-05-20T21:44:01.938+0300][7268][8884 ][debug][safepoint] ... found polling page loop exception at pc = 0x000001e8738b0160, stub =0x000001e8732b5280
[2025-05-20T21:44:01.938+0300][7268][5664 ][debug][safepoint] ... found polling page loop exception at pc = 0x000001e8738bec8e, stub =0x000001e8732b5b00
[2025-05-20T21:44:01.938+0300][7268][23520][debug][safepoint] ... found polling page loop exception at pc = 0x000001e8738b0160, stub =0x000001e8732b5280
[2025-05-20T21:44:01.940+0300][7268][13548][debug][gc,phases] GC(14) Concurrent Classes Purge 0.053ms
[2025-05-20T21:44:01.940+0300][7268][13548][debug][gc,phases] GC(14) Concurrent References Enqueue 0.007ms
[2025-05-20T21:44:01.940+0300][7268][13548][info ][gc,phases] GC(14) Concurrent Process Non-Strong References 9.021ms
[2025-05-20T21:44:01.940+0300][7268][13548][info ][gc,phases] GC(14) Concurrent Reset Relocation Set 0.011ms
[2025-05-20T21:44:01.944+0300][7268][13548][info ][gc,phases] GC(14) Concurrent Select Relocation Set 2.874ms
[2025-05-20T21:44:01.944+0300][7268][16908][debug][safepoint] Safepoint synchronization initiated using striped semaphore wait barrier. (19 threads)
[2025-05-20T21:44:01.944+0300][7268][13960][debug][safepoint] ... found polling page loop exception at pc = 0x000001e8738b0160, stub =0x000001e8732b5280
[2025-05-20T21:44:01.944+0300][7268][23520][debug][safepoint] ... found polling page loop exception at pc = 0x000001e8738bec8e, stub =0x000001e8732b5b00
[2025-05-20T21:44:01.944+0300][7268][11232][debug][safepoint] ... found polling page loop exception at pc = 0x000001e8738b0160, stub =0x000001e8732b5280
[2025-05-20T21:44:01.944+0300][7268][2460 ][debug][safepoint] ... found polling page loop exception at pc = 0x000001e8738b0160, stub =0x000001e8732b5280
[2025-05-20T21:44:01.944+0300][7268][8884 ][debug][safepoint] ... found polling page loop exception at pc = 0x000001e8738d7d05, stub =0x000001e8732b5b00
[2025-05-20T21:44:01.944+0300][7268][22040][debug][safepoint] ... found polling page loop exception at pc = 0x000001e8738b0160, stub =0x000001e8732b5280
[2025-05-20T21:44:01.944+0300][7268][16908][info ][gc,phases] GC(14) Pause Relocate Start 0.008ms
[2025-05-20T21:44:01.944+0300][7268][16908][info ][safepoint] Safepoint "XRelocateStart", Time since last: 12089400 ns, Reaching safepoint: 294300 ns, Cleanup: 4500 ns, At safepoint: 68900 ns, Total: 367700 ns
[2025-05-20T21:44:01.945+0300][7268][13548][info ][gc,phases] GC(14) Concurrent Relocate 0.624ms
[2025-05-20T21:44:01.945+0300][7268][13548][debug][gc,heap  ] GC(14) Heap after GC invocations=15 (full 15):
[2025-05-20T21:44:01.945+0300][7268][13548][debug][gc,heap  ] GC(14)  ZHeap           used 136M, capacity 4096M, max capacity 4096M
[2025-05-20T21:44:01.945+0300][7268][13548][debug][gc,heap  ] GC(14)  Metaspace       used 8689K, committed 9600K, reserved 1114112K
[2025-05-20T21:44:01.945+0300][7268][13548][debug][gc,heap  ] GC(14)   class space    used 874K, committed 1280K, reserved 1048576K
[2025-05-20T21:44:01.945+0300][7268][13548][info ][gc,heap  ] GC(14) Min Capacity: 4096M(100%)
[2025-05-20T21:44:01.945+0300][7268][13548][info ][gc,heap  ] GC(14) Max Capacity: 4096M(100%)
[2025-05-20T21:44:01.945+0300][7268][13548][info ][gc,heap  ] GC(14) Soft Max Capacity: 4096M(100%)
[2025-05-20T21:44:01.945+0300][7268][13548][info ][gc,heap  ] GC(14)                Mark Start          Mark End        Relocate Start      Relocate End           High               Low         
[2025-05-20T21:44:01.945+0300][7268][13548][info ][gc,heap  ] GC(14)  Capacity:     4096M (100%)       4096M (100%)       4096M (100%)       4096M (100%)       4096M (100%)       4096M (100%)   
[2025-05-20T21:44:01.945+0300][7268][13548][info ][gc,heap  ] GC(14)      Free:     1172M (29%)        1114M (27%)        3448M (84%)        3960M (97%)        3960M (97%)        1086M (27%)    
[2025-05-20T21:44:01.945+0300][7268][13548][info ][gc,heap  ] GC(14)      Used:     2924M (71%)        2982M (73%)         648M (16%)         136M (3%)         3010M (73%)         136M (3%)     
[2025-05-20T21:44:01.945+0300][7268][13548][info ][gc,heap  ] GC(14)      Live:         -                11M (0%)           11M (0%)           11M (0%)             -                  -          
[2025-05-20T21:44:01.945+0300][7268][13548][info ][gc,heap  ] GC(14) Allocated:         -                58M (1%)           92M (2%)           95M (2%)             -                  -          
[2025-05-20T21:44:01.945+0300][7268][13548][info ][gc,heap  ] GC(14)   Garbage:         -              2912M (71%)         544M (13%)          29M (1%)             -                  -          
[2025-05-20T21:44:01.945+0300][7268][13548][info ][gc,heap  ] GC(14) Reclaimed:         -                  -              2368M (58%)        2883M (70%)            -                  -          
[2025-05-20T21:44:01.945+0300][7268][13548][info ][gc       ] GC(14) Garbage Collection (Allocation Rate) 2924M(71%)->136M(3%)
[2025-05-20T21:44:02.925+0300][7268][13548][debug][gc,heap  ] GC(15) Heap before GC invocations=15 (full 15):
[2025-05-20T21:44:02.925+0300][7268][13548][debug][gc,heap  ] GC(15)  ZHeap           used 3448M, capacity 4096M, max capacity 4096M
[2025-05-20T21:44:02.925+0300][7268][13548][debug][gc,heap  ] GC(15)  Metaspace       used 8689K, committed 9600K, reserved 1114112K
[2025-05-20T21:44:02.925+0300][7268][13548][debug][gc,heap  ] GC(15)   class space    used 874K, committed 1280K, reserved 1048576K
[2025-05-20T21:44:02.925+0300][7268][16908][debug][safepoint] Safepoint synchronization initiated using striped semaphore wait barrier. (19 threads)
[2025-05-20T21:44:02.925+0300][7268][13960][debug][safepoint] ... found polling page loop exception at pc = 0x000001e873a5bd44, stub =0x000001e8732b5280
[2025-05-20T21:44:02.925+0300][7268][5664 ][debug][safepoint] ... found polling page loop exception at pc = 0x000001e8738b0160, stub =0x000001e8732b5280
[2025-05-20T21:44:02.925+0300][7268][17520][debug][safepoint] ... found polling page loop exception at pc = 0x000001e8738b0160, stub =0x000001e8732b5280
[2025-05-20T21:44:02.925+0300][7268][22040][debug][safepoint] ... found polling page loop exception at pc = 0x000001e8738cec4b, stub =0x000001e8732b5b00
[2025-05-20T21:44:02.925+0300][7268][23520][debug][safepoint] ... found polling page loop exception at pc = 0x000001e8738b0160, stub =0x000001e8732b5280
[2025-05-20T21:44:02.925+0300][7268][11232][debug][safepoint] ... found polling page loop exception at pc = 0x000001e8738b0160, stub =0x000001e8732b5280
[2025-05-20T21:44:02.925+0300][7268][2460 ][debug][safepoint] ... found polling page loop exception at pc = 0x000001e8738b0160, stub =0x000001e8732b5280
[2025-05-20T21:44:02.925+0300][7268][8884 ][debug][safepoint] ... found polling page loop exception at pc = 0x000001e8738b0160, stub =0x000001e8732b5280
[2025-05-20T21:44:02.925+0300][7268][16908][info ][gc,phases] GC(15) Pause Mark Start 0.009ms
[2025-05-20T21:44:02.925+0300][7268][16908][info ][safepoint] Safepoint "XMarkStart", Time since last: 980287500 ns, Reaching safepoint: 428000 ns, Cleanup: 17300 ns, At safepoint: 67200 ns, Total: 512500 ns
[2025-05-20T21:44:02.940+0300][7268][23520][debug][safepoint] ... found polling page loop exception at pc = 0x000001e8738cec4b, stub =0x000001e8732b5b00
[2025-05-20T21:44:02.940+0300][7268][17520][debug][safepoint] ... found polling page loop exception at pc = 0x000001e8738b0160, stub =0x000001e8732b5280
[2025-05-20T21:44:02.940+0300][7268][8884 ][debug][safepoint] ... found polling page loop exception at pc = 0x000001e873a5bd44, stub =0x000001e8732b5280
[2025-05-20T21:44:02.940+0300][7268][13960][debug][safepoint] ... found polling page loop exception at pc = 0x000001e8738b0160, stub =0x000001e8732b5280
[2025-05-20T21:44:02.940+0300][7268][2460 ][debug][safepoint] ... found polling page loop exception at pc = 0x000001e8738b0160, stub =0x000001e8732b5280
[2025-05-20T21:44:02.940+0300][7268][22040][debug][safepoint] ... found polling page loop exception at pc = 0x000001e8738b0160, stub =0x000001e8732b5280
[2025-05-20T21:44:02.941+0300][7268][22040][debug][safepoint] ... found polling page loop exception at pc = 0x000001e8738bec8e, stub =0x000001e8732b5b00
[2025-05-20T21:44:02.941+0300][7268][13960][debug][safepoint] ... found polling page loop exception at pc = 0x000001e8738bec8e, stub =0x000001e8732b5b00
[2025-05-20T21:44:02.941+0300][7268][23520][debug][safepoint] ... found polling page loop exception at pc = 0x000001e8738b0160, stub =0x000001e8732b5280
[2025-05-20T21:44:02.941+0300][7268][11232][debug][safepoint] ... found polling page loop exception at pc = 0x000001e8738b0160, stub =0x000001e8732b5280
[2025-05-20T21:44:02.941+0300][7268][11232][debug][safepoint] ... found polling page loop exception at pc = 0x000001e8738b0160, stub =0x000001e8732b5280
[2025-05-20T21:44:02.941+0300][7268][23520][debug][safepoint] ... found polling page loop exception at pc = 0x000001e8738b0160, stub =0x000001e8732b5280
[2025-05-20T21:44:02.941+0300][7268][2460 ][debug][safepoint] ... found polling page loop exception at pc = 0x000001e8738b0160, stub =0x000001e8732b5280
[2025-05-20T21:44:02.941+0300][7268][13960][debug][safepoint] ... found polling page loop exception at pc = 0x000001e8738bec8e, stub =0x000001e8732b5b00
[2025-05-20T21:44:02.941+0300][7268][8884 ][debug][safepoint] ... found polling page loop exception at pc = 0x000001e873963c53, stub =0x000001e8732b5b00
[2025-05-20T21:44:02.941+0300][7268][17520][debug][safepoint] ... found polling page loop exception at pc = 0x000001e8738abc20, stub =0x000001e8732b5b00
[2025-05-20T21:44:02.941+0300][7268][5664 ][debug][safepoint] ... found polling page loop exception at pc = 0x000001e8738b0160, stub =0x000001e8732b5280
[2025-05-20T21:44:02.941+0300][7268][13548][info ][gc,phases] GC(15) Concurrent Mark 16.360ms
[2025-05-20T21:44:02.941+0300][7268][16908][debug][safepoint] Safepoint synchronization initiated using striped semaphore wait barrier. (19 threads)
[2025-05-20T21:44:02.941+0300][7268][5664 ][debug][safepoint] ... found polling page loop exception at pc = 0x000001e8738ede55, stub =0x000001e8732b5b00
[2025-05-20T21:44:02.941+0300][7268][8884 ][debug][safepoint] ... found polling page loop exception at pc = 0x000001e8738b0160, stub =0x000001e8732b5280
[2025-05-20T21:44:02.941+0300][7268][13960][debug][safepoint] ... found polling page loop exception at pc = 0x000001e8738abd86, stub =0x000001e8732b5b00
[2025-05-20T21:44:02.941+0300][7268][22040][debug][safepoint] ... found polling page loop exception at pc = 0x000001e8738cec4b, stub =0x000001e8732b5b00
[2025-05-20T21:44:02.941+0300][7268][11232][debug][safepoint] ... found polling page loop exception at pc = 0x000001e8738b0160, stub =0x000001e8732b5280
[2025-05-20T21:44:02.941+0300][7268][23520][debug][safepoint] ... found polling page loop exception at pc = 0x000001e873a5bd44, stub =0x000001e8732b5280
[2025-05-20T21:44:02.941+0300][7268][17520][debug][safepoint] ... found polling page loop exception at pc = 0x000001e8738b0160, stub =0x000001e8732b5280
[2025-05-20T21:44:02.941+0300][7268][16908][info ][gc,phases] GC(15) Pause Mark End 0.014ms
[2025-05-20T21:44:02.941+0300][7268][16908][info ][safepoint] Safepoint "XMarkEnd", Time since last: 16455400 ns, Reaching safepoint: 317200 ns, Cleanup: 5300 ns, At safepoint: 65400 ns, Total: 387900 ns
[2025-05-20T21:44:02.941+0300][7268][13548][info ][gc,phases] GC(15) Concurrent Mark Free 0.001ms
[2025-05-20T21:44:02.941+0300][7268][13548][debug][gc,phases] GC(15) Concurrent References Process 0.252ms
[2025-05-20T21:44:02.941+0300][7268][13548][debug][gc,phases] GC(15) ClassLoaderData 0.017ms
[2025-05-20T21:44:02.941+0300][7268][13548][debug][gc,phases] GC(15) Trigger cleanups 0.000ms
[2025-05-20T21:44:02.948+0300][7268][13548][debug][gc,phases] GC(15) Concurrent Classes Unlink 5.500ms
[2025-05-20T21:44:02.948+0300][7268][17520][debug][safepoint] ... found polling page loop exception at pc = 0x000001e8738cec4b, stub =0x000001e8732b5b00
[2025-05-20T21:44:02.948+0300][7268][13960][debug][safepoint] ... found polling page loop exception at pc = 0x000001e8738bec8e, stub =0x000001e8732b5b00
[2025-05-20T21:44:02.948+0300][7268][11232][debug][safepoint] ... found polling page loop exception at pc = 0x000001e8738b0160, stub =0x000001e8732b5280
[2025-05-20T21:44:02.948+0300][7268][2460 ][debug][safepoint] ... found polling page loop exception at pc = 0x000001e8738b0160, stub =0x000001e8732b5280
[2025-05-20T21:44:02.948+0300][7268][22040][debug][safepoint] ... found polling page loop exception at pc = 0x000001e8738cec4b, stub =0x000001e8732b5b00
[2025-05-20T21:44:02.948+0300][7268][23520][debug][safepoint] ... found polling page loop exception at pc = 0x000001e873a5bd44, stub =0x000001e8732b5280
[2025-05-20T21:44:02.956+0300][7268][13548][debug][gc,phases] GC(15) Concurrent Classes Purge 0.047ms
[2025-05-20T21:44:02.956+0300][7268][13548][debug][gc,phases] GC(15) Concurrent References Enqueue 0.008ms
[2025-05-20T21:44:02.956+0300][7268][13548][info ][gc,phases] GC(15) Concurrent Process Non-Strong References 13.943ms
[2025-05-20T21:44:02.956+0300][7268][13548][info ][gc,phases] GC(15) Concurrent Reset Relocation Set 0.012ms
[2025-05-20T21:44:02.958+0300][7268][13548][info ][gc,phases] GC(15) Concurrent Select Relocation Set 2.881ms
[2025-05-20T21:44:02.958+0300][7268][16908][debug][safepoint] Safepoint synchronization initiated using striped semaphore wait barrier. (19 threads)
[2025-05-20T21:44:02.958+0300][7268][23520][debug][safepoint] ... found polling page loop exception at pc = 0x000001e8738abd86, stub =0x000001e8732b5b00
[2025-05-20T21:44:02.958+0300][7268][22040][debug][safepoint] ... found polling page loop exception at pc = 0x000001e873a5bd44, stub =0x000001e8732b5280
[2025-05-20T21:44:02.958+0300][7268][8884 ][debug][safepoint] ... found polling page loop exception at pc = 0x000001e8738bec8e, stub =0x000001e8732b5b00
[2025-05-20T21:44:02.958+0300][7268][5664 ][debug][safepoint] ... found polling page loop exception at pc = 0x000001e8738b0160, stub =0x000001e8732b5280
[2025-05-20T21:44:02.958+0300][7268][11232][debug][safepoint] ... found polling page loop exception at pc = 0x000001e8738b0160, stub =0x000001e8732b5280
[2025-05-20T21:44:02.958+0300][7268][17520][debug][safepoint] ... found polling page loop exception at pc = 0x000001e8738b0160, stub =0x000001e8732b5280
[2025-05-20T21:44:02.958+0300][7268][2460 ][debug][safepoint] ... found polling page loop exception at pc = 0x000001e8738bec8e, stub =0x000001e8732b5b00
[2025-05-20T21:44:02.958+0300][7268][13960][debug][safepoint] ... found polling page loop exception at pc = 0x000001e873a5bd44, stub =0x000001e8732b5280
[2025-05-20T21:44:02.958+0300][7268][16908][info ][gc,phases] GC(15) Pause Relocate Start 0.008ms
[2025-05-20T21:44:02.958+0300][7268][16908][info ][safepoint] Safepoint "XRelocateStart", Time since last: 17020300 ns, Reaching safepoint: 381800 ns, Cleanup: 4400 ns, At safepoint: 59800 ns, Total: 446000 ns
[2025-05-20T21:44:02.958+0300][7268][13548][info ][gc,phases] GC(15) Concurrent Relocate 0.643ms
[2025-05-20T21:44:02.958+0300][7268][13548][debug][gc,heap  ] GC(15) Heap after GC invocations=16 (full 16):
[2025-05-20T21:44:02.958+0300][7268][13548][debug][gc,heap  ] GC(15)  ZHeap           used 130M, capacity 4096M, max capacity 4096M
[2025-05-20T21:44:02.958+0300][7268][13548][debug][gc,heap  ] GC(15)  Metaspace       used 8689K, committed 9600K, reserved 1114112K
[2025-05-20T21:44:02.958+0300][7268][13548][debug][gc,heap  ] GC(15)   class space    used 874K, committed 1280K, reserved 1048576K
[2025-05-20T21:44:02.958+0300][7268][13548][info ][gc,heap  ] GC(15) Min Capacity: 4096M(100%)
[2025-05-20T21:44:02.958+0300][7268][13548][info ][gc,heap  ] GC(15) Max Capacity: 4096M(100%)
[2025-05-20T21:44:02.958+0300][7268][13548][info ][gc,heap  ] GC(15) Soft Max Capacity: 4096M(100%)
[2025-05-20T21:44:02.958+0300][7268][13548][info ][gc,heap  ] GC(15)                Mark Start          Mark End        Relocate Start      Relocate End           High               Low         
[2025-05-20T21:44:02.958+0300][7268][13548][info ][gc,heap  ] GC(15)  Capacity:     4096M (100%)       4096M (100%)       4096M (100%)       4096M (100%)       4096M (100%)       4096M (100%)   
[2025-05-20T21:44:02.958+0300][7268][13548][info ][gc,heap  ] GC(15)      Free:      648M (16%)         604M (15%)        3370M (82%)        3966M (97%)        3966M (97%)         566M (14%)    
[2025-05-20T21:44:02.958+0300][7268][13548][info ][gc,heap  ] GC(15)      Used:     3448M (84%)        3492M (85%)         726M (18%)         130M (3%)         3530M (86%)         130M (3%)     
[2025-05-20T21:44:02.958+0300][7268][13548][info ][gc,heap  ] GC(15)      Live:         -                11M (0%)           11M (0%)           11M (0%)             -                  -          
[2025-05-20T21:44:02.958+0300][7268][13548][info ][gc,heap  ] GC(15) Allocated:         -                44M (1%)           90M (2%)           89M (2%)             -                  -          
[2025-05-20T21:44:02.958+0300][7268][13548][info ][gc,heap  ] GC(15)   Garbage:         -              3436M (84%)         624M (15%)          29M (1%)             -                  -          
[2025-05-20T21:44:02.958+0300][7268][13548][info ][gc,heap  ] GC(15) Reclaimed:         -                  -              2812M (69%)        3407M (83%)            -                  -          
[2025-05-20T21:44:02.958+0300][7268][13548][info ][gc       ] GC(15) Garbage Collection (Allocation Rate) 3448M(84%)->130M(3%)
[2025-05-20T21:44:04.315+0300][7268][13548][debug][gc,heap  ] GC(16) Heap before GC invocations=16 (full 16):
[2025-05-20T21:44:04.315+0300][7268][13548][debug][gc,heap  ] GC(16)  ZHeap           used 3334M, capacity 4096M, max capacity 4096M
[2025-05-20T21:44:04.315+0300][7268][13548][debug][gc,heap  ] GC(16)  Metaspace       used 8689K, committed 9600K, reserved 1114112K
[2025-05-20T21:44:04.315+0300][7268][13548][debug][gc,heap  ] GC(16)   class space    used 874K, committed 1280K, reserved 1048576K
[2025-05-20T21:44:04.315+0300][7268][16908][debug][safepoint] Safepoint synchronization initiated using striped semaphore wait barrier. (19 threads)
[2025-05-20T21:44:04.315+0300][7268][5664 ][debug][safepoint] ... found polling page loop exception at pc = 0x000001e8738b0160, stub =0x000001e8732b5280
[2025-05-20T21:44:04.315+0300][7268][17520][debug][safepoint] ... found polling page loop exception at pc = 0x000001e8738b0160, stub =0x000001e8732b5280
[2025-05-20T21:44:04.315+0300][7268][2460 ][debug][safepoint] ... found polling page loop exception at pc = 0x000001e8738b0160, stub =0x000001e8732b5280
[2025-05-20T21:44:04.315+0300][7268][23520][debug][safepoint] ... found polling page loop exception at pc = 0x000001e8738b0160, stub =0x000001e8732b5280
[2025-05-20T21:44:04.315+0300][7268][8884 ][debug][safepoint] ... found polling page loop exception at pc = 0x000001e8738adc42, stub =0x000001e8732b5b00
[2025-05-20T21:44:04.315+0300][7268][22040][debug][safepoint] ... found polling page loop exception at pc = 0x000001e8738d7d05, stub =0x000001e8732b5b00
[2025-05-20T21:44:04.315+0300][7268][16908][info ][gc,phases] GC(16) Pause Mark Start 0.009ms
[2025-05-20T21:44:04.315+0300][7268][16908][info ][safepoint] Safepoint "XMarkStart", Time since last: 1355218200 ns, Reaching safepoint: 346000 ns, Cleanup: 12800 ns, At safepoint: 66200 ns, Total: 425000 ns
[2025-05-20T21:44:04.330+0300][7268][23520][debug][safepoint] ... found polling page loop exception at pc = 0x000001e8738cec4b, stub =0x000001e8732b5b00
[2025-05-20T21:44:04.330+0300][7268][8884 ][debug][safepoint] ... found polling page loop exception at pc = 0x000001e8738b0160, stub =0x000001e8732b5280
[2025-05-20T21:44:04.330+0300][7268][11232][debug][safepoint] ... found polling page loop exception at pc = 0x000001e8738b0160, stub =0x000001e8732b5280
[2025-05-20T21:44:04.330+0300][7268][2460 ][debug][safepoint] ... found polling page loop exception at pc = 0x000001e8738b0160, stub =0x000001e8732b5280
[2025-05-20T21:44:04.330+0300][7268][5664 ][debug][safepoint] ... found polling page loop exception at pc = 0x000001e873a5bd44, stub =0x000001e8732b5280
[2025-05-20T21:44:04.330+0300][7268][22040][debug][safepoint] ... found polling page loop exception at pc = 0x000001e8738b0160, stub =0x000001e8732b5280
[2025-05-20T21:44:04.331+0300][7268][11232][debug][safepoint] ... found polling page loop exception at pc = 0x000001e8738b0160, stub =0x000001e8732b5280
[2025-05-20T21:44:04.331+0300][7268][5664 ][debug][safepoint] ... found polling page loop exception at pc = 0x000001e8738b0160, stub =0x000001e8732b5280
[2025-05-20T21:44:04.331+0300][7268][23520][debug][safepoint] ... found polling page loop exception at pc = 0x000001e8738bec8e, stub =0x000001e8732b5b00
[2025-05-20T21:44:04.331+0300][7268][2460 ][debug][safepoint] ... found polling page loop exception at pc = 0x000001e87392c0c3, stub =0x000001e8732b5b00
[2025-05-20T21:44:04.331+0300][7268][8884 ][debug][safepoint] ... found polling page loop exception at pc = 0x000001e8738b0160, stub =0x000001e8732b5280
[2025-05-20T21:44:04.331+0300][7268][17520][debug][safepoint] ... found polling page loop exception at pc = 0x000001e8738b0160, stub =0x000001e8732b5280
[2025-05-20T21:44:04.331+0300][7268][22040][debug][safepoint] ... found polling page loop exception at pc = 0x000001e873957c12, stub =0x000001e8732b5280
[2025-05-20T21:44:04.347+0300][7268][2460 ][debug][safepoint] ... found polling page loop exception at pc = 0x000001e8738b0160, stub =0x000001e8732b5280
[2025-05-20T21:44:04.347+0300][7268][11232][debug][safepoint] ... found polling page loop exception at pc = 0x000001e8738b0160, stub =0x000001e8732b5280
[2025-05-20T21:44:04.347+0300][7268][5664 ][debug][safepoint] ... found polling page loop exception at pc = 0x000001e8738b0160, stub =0x000001e8732b5280
[2025-05-20T21:44:04.347+0300][7268][13960][debug][safepoint] ... found polling page loop exception at pc = 0x000001e8738b0160, stub =0x000001e8732b5280
[2025-05-20T21:44:04.347+0300][7268][8884 ][debug][safepoint] ... found polling page loop exception at pc = 0x000001e8738abc20, stub =0x000001e8732b5b00
[2025-05-20T21:44:04.347+0300][7268][22040][debug][safepoint] ... found polling page loop exception at pc = 0x000001e8738b0160, stub =0x000001e8732b5280
[2025-05-20T21:44:04.347+0300][7268][23520][debug][safepoint] ... found polling page loop exception at pc = 0x000001e8738b0160, stub =0x000001e8732b5280
[2025-05-20T21:44:04.347+0300][7268][17520][debug][safepoint] ... found polling page loop exception at pc = 0x000001e8738c5e5d, stub =0x000001e8732b5b00
[2025-05-20T21:44:04.355+0300][7268][13548][info ][gc,phases] GC(16) Concurrent Mark 39.096ms
[2025-05-20T21:44:04.355+0300][7268][16908][debug][safepoint] Safepoint synchronization initiated using striped semaphore wait barrier. (19 threads)
[2025-05-20T21:44:04.355+0300][7268][17520][debug][safepoint] ... found polling page loop exception at pc = 0x000001e8738b0160, stub =0x000001e8732b5280
[2025-05-20T21:44:04.355+0300][7268][13960][debug][safepoint] ... found polling page loop exception at pc = 0x000001e8738b0160, stub =0x000001e8732b5280
[2025-05-20T21:44:04.355+0300][7268][23520][debug][safepoint] ... found polling page loop exception at pc = 0x000001e8738b0160, stub =0x000001e8732b5280
[2025-05-20T21:44:04.355+0300][7268][8884 ][debug][safepoint] ... found polling page loop exception at pc = 0x000001e8738b0160, stub =0x000001e8732b5280
[2025-05-20T21:44:04.355+0300][7268][2460 ][debug][safepoint] ... found polling page loop exception at pc = 0x000001e8738b0160, stub =0x000001e8732b5280
[2025-05-20T21:44:04.355+0300][7268][5664 ][debug][safepoint] ... found polling page loop exception at pc = 0x000001e8738b0160, stub =0x000001e8732b5280
[2025-05-20T21:44:04.355+0300][7268][11232][debug][safepoint] ... found polling page loop exception at pc = 0x000001e8738b0160, stub =0x000001e8732b5280
[2025-05-20T21:44:04.355+0300][7268][16908][info ][gc,phases] GC(16) Pause Mark End 0.016ms
[2025-05-20T21:44:04.355+0300][7268][16908][info ][safepoint] Safepoint "XMarkEnd", Time since last: 39209000 ns, Reaching safepoint: 379000 ns, Cleanup: 5800 ns, At safepoint: 61500 ns, Total: 446300 ns
[2025-05-20T21:44:04.355+0300][7268][13548][info ][gc,phases] GC(16) Concurrent Mark Free 0.001ms
[2025-05-20T21:44:04.355+0300][7268][13548][debug][gc,phases] GC(16) Concurrent References Process 0.329ms
[2025-05-20T21:44:04.355+0300][7268][13548][debug][gc,phases] GC(16) ClassLoaderData 0.019ms
[2025-05-20T21:44:04.355+0300][7268][13548][debug][gc,phases] GC(16) Trigger cleanups 0.001ms
[2025-05-20T21:44:04.361+0300][7268][13548][debug][gc,phases] GC(16) Concurrent Classes Unlink 5.086ms
[2025-05-20T21:44:04.361+0300][7268][2460 ][debug][safepoint] ... found polling page loop exception at pc = 0x000001e8738b0160, stub =0x000001e8732b5280
[2025-05-20T21:44:04.361+0300][7268][17520][debug][safepoint] ... found polling page loop exception at pc = 0x000001e8738b0160, stub =0x000001e8732b5280
[2025-05-20T21:44:04.361+0300][7268][22040][debug][safepoint] ... found polling page loop exception at pc = 0x000001e8738b0160, stub =0x000001e8732b5280
[2025-05-20T21:44:04.361+0300][7268][23520][debug][safepoint] ... found polling page loop exception at pc = 0x000001e8739db065, stub =0x000001e8732b5b00
[2025-05-20T21:44:04.361+0300][7268][8884 ][debug][safepoint] ... found polling page loop exception at pc = 0x000001e8738b0160, stub =0x000001e8732b5280
[2025-05-20T21:44:04.361+0300][7268][5664 ][debug][safepoint] ... found polling page loop exception at pc = 0x000001e8738b0160, stub =0x000001e8732b5280
[2025-05-20T21:44:04.363+0300][7268][13548][debug][gc,phases] GC(16) Concurrent Classes Purge 0.038ms
[2025-05-20T21:44:04.363+0300][7268][13548][debug][gc,phases] GC(16) Concurrent References Enqueue 0.007ms
[2025-05-20T21:44:04.363+0300][7268][13548][info ][gc,phases] GC(16) Concurrent Process Non-Strong References 7.647ms
[2025-05-20T21:44:04.363+0300][7268][13548][info ][gc,phases] GC(16) Concurrent Reset Relocation Set 0.010ms
[2025-05-20T21:44:04.365+0300][7268][13548][info ][gc,phases] GC(16) Concurrent Select Relocation Set 2.536ms
[2025-05-20T21:44:04.365+0300][7268][16908][debug][safepoint] Safepoint synchronization initiated using striped semaphore wait barrier. (19 threads)
[2025-05-20T21:44:04.365+0300][7268][17520][debug][safepoint] ... found polling page loop exception at pc = 0x000001e8738b0160, stub =0x000001e8732b5280
[2025-05-20T21:44:04.365+0300][7268][11232][debug][safepoint] ... found polling page loop exception at pc = 0x000001e8738c5ab4, stub =0x000001e8732b5b00
[2025-05-20T21:44:04.365+0300][7268][13960][debug][safepoint] ... found polling page loop exception at pc = 0x000001e8738b0160, stub =0x000001e8732b5280
[2025-05-20T21:44:04.365+0300][7268][23520][debug][safepoint] ... found polling page loop exception at pc = 0x000001e8738b0160, stub =0x000001e8732b5280
[2025-05-20T21:44:04.365+0300][7268][8884 ][debug][safepoint] ... found polling page loop exception at pc = 0x000001e8738abc20, stub =0x000001e8732b5b00
[2025-05-20T21:44:04.365+0300][7268][2460 ][debug][safepoint] ... found polling page loop exception at pc = 0x000001e8738b0160, stub =0x000001e8732b5280
[2025-05-20T21:44:04.365+0300][7268][22040][debug][safepoint] ... found polling page loop exception at pc = 0x000001e8738bec8e, stub =0x000001e8732b5b00
[2025-05-20T21:44:04.365+0300][7268][16908][info ][gc,phases] GC(16) Pause Relocate Start 0.008ms
[2025-05-20T21:44:04.365+0300][7268][16908][info ][safepoint] Safepoint "XRelocateStart", Time since last: 10372900 ns, Reaching safepoint: 325300 ns, Cleanup: 4200 ns, At safepoint: 53400 ns, Total: 382900 ns
[2025-05-20T21:44:04.365+0300][7268][13548][info ][gc,phases] GC(16) Concurrent Relocate 0.636ms
[2025-05-20T21:44:04.365+0300][7268][13548][debug][gc,heap  ] GC(16) Heap after GC invocations=17 (full 17):
[2025-05-20T21:44:04.365+0300][7268][13548][debug][gc,heap  ] GC(16)  ZHeap           used 164M, capacity 4096M, max capacity 4096M
[2025-05-20T21:44:04.365+0300][7268][13548][debug][gc,heap  ] GC(16)  Metaspace       used 8689K, committed 9600K, reserved 1114112K
[2025-05-20T21:44:04.365+0300][7268][13548][debug][gc,heap  ] GC(16)   class space    used 874K, committed 1280K, reserved 1048576K
[2025-05-20T21:44:04.365+0300][7268][13548][info ][gc,heap  ] GC(16) Min Capacity: 4096M(100%)
[2025-05-20T21:44:04.365+0300][7268][13548][info ][gc,heap  ] GC(16) Max Capacity: 4096M(100%)
[2025-05-20T21:44:04.365+0300][7268][13548][info ][gc,heap  ] GC(16) Soft Max Capacity: 4096M(100%)
[2025-05-20T21:44:04.365+0300][7268][13548][info ][gc,heap  ] GC(16)                Mark Start          Mark End        Relocate Start      Relocate End           High               Low         
[2025-05-20T21:44:04.365+0300][7268][13548][info ][gc,heap  ] GC(16)  Capacity:     4096M (100%)       4096M (100%)       4096M (100%)       4096M (100%)       4096M (100%)       4096M (100%)   
[2025-05-20T21:44:04.365+0300][7268][13548][info ][gc,heap  ] GC(16)      Free:      762M (19%)         662M (16%)        3364M (82%)        3932M (96%)        3932M (96%)         644M (16%)    
[2025-05-20T21:44:04.365+0300][7268][13548][info ][gc,heap  ] GC(16)      Used:     3334M (81%)        3434M (84%)         732M (18%)         164M (4%)         3452M (84%)         164M (4%)     
[2025-05-20T21:44:04.365+0300][7268][13548][info ][gc,heap  ] GC(16)      Live:         -                11M (0%)           11M (0%)           11M (0%)             -                  -          
[2025-05-20T21:44:04.365+0300][7268][13548][info ][gc,heap  ] GC(16) Allocated:         -               100M (2%)          124M (3%)          123M (3%)             -                  -          
[2025-05-20T21:44:04.365+0300][7268][13548][info ][gc,heap  ] GC(16)   Garbage:         -              3322M (81%)         596M (15%)          29M (1%)             -                  -          
[2025-05-20T21:44:04.365+0300][7268][13548][info ][gc,heap  ] GC(16) Reclaimed:         -                  -              2726M (67%)        3293M (80%)            -                  -          
[2025-05-20T21:44:04.365+0300][7268][13548][info ][gc       ] GC(16) Garbage Collection (Allocation Rate) 3334M(81%)->164M(4%)
[2025-05-20T21:44:05.217+0300][7268][13548][debug][gc,heap  ] GC(17) Heap before GC invocations=17 (full 17):
[2025-05-20T21:44:05.217+0300][7268][13548][debug][gc,heap  ] GC(17)  ZHeap           used 3094M, capacity 4096M, max capacity 4096M
[2025-05-20T21:44:05.217+0300][7268][13548][debug][gc,heap  ] GC(17)  Metaspace       used 8689K, committed 9600K, reserved 1114112K
[2025-05-20T21:44:05.217+0300][7268][13548][debug][gc,heap  ] GC(17)   class space    used 874K, committed 1280K, reserved 1048576K
[2025-05-20T21:44:05.217+0300][7268][16908][debug][safepoint] Safepoint synchronization initiated using striped semaphore wait barrier. (19 threads)
[2025-05-20T21:44:05.217+0300][7268][5664 ][debug][safepoint] ... found polling page loop exception at pc = 0x000001e8738b0160, stub =0x000001e8732b5280
[2025-05-20T21:44:05.217+0300][7268][17520][debug][safepoint] ... found polling page loop exception at pc = 0x000001e8738b0160, stub =0x000001e8732b5280
[2025-05-20T21:44:05.217+0300][7268][2460 ][debug][safepoint] ... found polling page loop exception at pc = 0x000001e8738b0160, stub =0x000001e8732b5280
[2025-05-20T21:44:05.217+0300][7268][16908][info ][gc,phases] GC(17) Pause Mark Start 0.011ms
[2025-05-20T21:44:05.217+0300][7268][16908][info ][safepoint] Safepoint "XMarkStart", Time since last: 850896000 ns, Reaching safepoint: 252200 ns, Cleanup: 6900 ns, At safepoint: 75000 ns, Total: 334100 ns
[2025-05-20T21:44:05.231+0300][7268][23520][debug][safepoint] ... found polling page loop exception at pc = 0x000001e8738cec4b, stub =0x000001e8732b5b00
[2025-05-20T21:44:05.231+0300][7268][11232][debug][safepoint] ... found polling page loop exception at pc = 0x000001e8738b0160, stub =0x000001e8732b5280
[2025-05-20T21:44:05.231+0300][7268][2460 ][debug][safepoint] ... found polling page loop exception at pc = 0x000001e8738b0160, stub =0x000001e8732b5280
[2025-05-20T21:44:05.231+0300][7268][8884 ][debug][safepoint] ... found polling page loop exception at pc = 0x000001e8738b0160, stub =0x000001e8732b5280
[2025-05-20T21:44:05.231+0300][7268][22040][debug][safepoint] ... found polling page loop exception at pc = 0x000001e873a5bd44, stub =0x000001e8732b5280
[2025-05-20T21:44:05.231+0300][7268][5664 ][debug][safepoint] ... found polling page loop exception at pc = 0x000001e8738e3e45, stub =0x000001e8732b5b00
[2025-05-20T21:44:05.233+0300][7268][22040][debug][safepoint] ... found polling page loop exception at pc = 0x000001e8738b0160, stub =0x000001e8732b5280
[2025-05-20T21:44:05.233+0300][7268][2460 ][debug][safepoint] ... found polling page loop exception at pc = 0x000001e8738cec4b, stub =0x000001e8732b5b00
[2025-05-20T21:44:05.233+0300][7268][11232][debug][safepoint] ... found polling page loop exception at pc = 0x000001e8738b0160, stub =0x000001e8732b5280
[2025-05-20T21:44:05.233+0300][7268][8884 ][debug][safepoint] ... found polling page loop exception at pc = 0x000001e8738cec4b, stub =0x000001e8732b5b00
[2025-05-20T21:44:05.233+0300][7268][23520][debug][safepoint] ... found polling page loop exception at pc = 0x000001e873a5bd44, stub =0x000001e8732b5280
[2025-05-20T21:44:05.233+0300][7268][5664 ][debug][safepoint] ... found polling page loop exception at pc = 0x000001e8738b0160, stub =0x000001e8732b5280
[2025-05-20T21:44:05.233+0300][7268][11232][debug][safepoint] ... found polling page loop exception at pc = 0x000001e8738faf30, stub =0x000001e8732b5b00
[2025-05-20T21:44:05.233+0300][7268][8884 ][debug][safepoint] ... found polling page loop exception at pc = 0x000001e8738b0160, stub =0x000001e8732b5280
[2025-05-20T21:44:05.233+0300][7268][23520][debug][safepoint] ... found polling page loop exception at pc = 0x000001e873a5bd44, stub =0x000001e8732b5280
[2025-05-20T21:44:05.233+0300][7268][22040][debug][safepoint] ... found polling page loop exception at pc = 0x000001e8738b0160, stub =0x000001e8732b5280
[2025-05-20T21:44:05.233+0300][7268][5664 ][debug][safepoint] ... found polling page loop exception at pc = 0x000001e8738b0160, stub =0x000001e8732b5280
[2025-05-20T21:44:05.233+0300][7268][13548][info ][gc,phases] GC(17) Concurrent Mark 17.174ms
[2025-05-20T21:44:05.233+0300][7268][16908][debug][safepoint] Safepoint synchronization initiated using striped semaphore wait barrier. (19 threads)
[2025-05-20T21:44:05.233+0300][7268][11232][debug][safepoint] ... found polling page loop exception at pc = 0x000001e8738b0160, stub =0x000001e8732b5280
[2025-05-20T21:44:05.233+0300][7268][13960][debug][safepoint] ... found polling page loop exception at pc = 0x000001e8738b0160, stub =0x000001e8732b5280
[2025-05-20T21:44:05.233+0300][7268][23520][debug][safepoint] ... found polling page loop exception at pc = 0x000001e8738b0160, stub =0x000001e8732b5280
[2025-05-20T21:44:05.233+0300][7268][8884 ][debug][safepoint] ... found polling page loop exception at pc = 0x000001e8738b0160, stub =0x000001e8732b5280
[2025-05-20T21:44:05.233+0300][7268][2460 ][debug][safepoint] ... found polling page loop exception at pc = 0x000001e8738b344c, stub =0x000001e8732b5b00
[2025-05-20T21:44:05.233+0300][7268][22040][debug][safepoint] ... found polling page loop exception at pc = 0x000001e8738b0160, stub =0x000001e8732b5280
[2025-05-20T21:44:05.233+0300][7268][16908][info ][gc,phases] GC(17) Pause Mark End 0.015ms
[2025-05-20T21:44:05.233+0300][7268][16908][info ][safepoint] Safepoint "XMarkEnd", Time since last: 17267100 ns, Reaching safepoint: 324700 ns, Cleanup: 11300 ns, At safepoint: 71200 ns, Total: 407200 ns
[2025-05-20T21:44:05.233+0300][7268][13548][info ][gc,phases] GC(17) Concurrent Mark Free 0.001ms
[2025-05-20T21:44:05.233+0300][7268][13548][debug][gc,phases] GC(17) Concurrent References Process 0.245ms
[2025-05-20T21:44:05.233+0300][7268][13548][debug][gc,phases] GC(17) ClassLoaderData 0.015ms
[2025-05-20T21:44:05.233+0300][7268][13548][debug][gc,phases] GC(17) Trigger cleanups 0.000ms
[2025-05-20T21:44:05.241+0300][7268][13548][debug][gc,phases] GC(17) Concurrent Classes Unlink 5.392ms
[2025-05-20T21:44:05.241+0300][7268][11232][debug][safepoint] ... found polling page loop exception at pc = 0x000001e8738b0160, stub =0x000001e8732b5280
[2025-05-20T21:44:05.241+0300][7268][17520][debug][safepoint] ... found polling page loop exception at pc = 0x000001e8738b0160, stub =0x000001e8732b5280
[2025-05-20T21:44:05.241+0300][7268][2460 ][debug][safepoint] ... found polling page loop exception at pc = 0x000001e8738bec8e, stub =0x000001e8732b5b00
[2025-05-20T21:44:05.241+0300][7268][13960][debug][safepoint] ... found polling page loop exception at pc = 0x000001e8738b0160, stub =0x000001e8732b5280
[2025-05-20T21:44:05.241+0300][7268][23520][debug][safepoint] ... found polling page loop exception at pc = 0x000001e8738cec4b, stub =0x000001e8732b5b00
[2025-05-20T21:44:05.241+0300][7268][13548][debug][gc,phases] GC(17) Concurrent Classes Purge 0.027ms
[2025-05-20T21:44:05.241+0300][7268][13548][debug][gc,phases] GC(17) Concurrent References Enqueue 0.006ms
[2025-05-20T21:44:05.241+0300][7268][13548][info ][gc,phases] GC(17) Concurrent Process Non-Strong References 6.558ms
[2025-05-20T21:44:05.241+0300][7268][13548][info ][gc,phases] GC(17) Concurrent Reset Relocation Set 0.011ms
[2025-05-20T21:44:05.243+0300][7268][13548][info ][gc,phases] GC(17) Concurrent Select Relocation Set 2.801ms
[2025-05-20T21:44:05.243+0300][7268][16908][debug][safepoint] Safepoint synchronization initiated using striped semaphore wait barrier. (19 threads)
[2025-05-20T21:44:05.243+0300][7268][22040][debug][safepoint] ... found polling page loop exception at pc = 0x000001e8738b0160, stub =0x000001e8732b5280
[2025-05-20T21:44:05.243+0300][7268][23520][debug][safepoint] ... found polling page loop exception at pc = 0x000001e8738b0160, stub =0x000001e8732b5280
[2025-05-20T21:44:05.243+0300][7268][17520][debug][safepoint] ... found polling page loop exception at pc = 0x000001e8738b0160, stub =0x000001e8732b5280
[2025-05-20T21:44:05.243+0300][7268][2460 ][debug][safepoint] ... found polling page loop exception at pc = 0x000001e8738b0160, stub =0x000001e8732b5280
[2025-05-20T21:44:05.243+0300][7268][5664 ][debug][safepoint] ... found polling page loop exception at pc = 0x000001e8738abd86, stub =0x000001e8732b5b00
[2025-05-20T21:44:05.243+0300][7268][13960][debug][safepoint] ... found polling page loop exception at pc = 0x000001e8738b0160, stub =0x000001e8732b5280
[2025-05-20T21:44:05.243+0300][7268][8884 ][debug][safepoint] ... found polling page loop exception at pc = 0x000001e8739244cf, stub =0x000001e8732b5280
[2025-05-20T21:44:05.243+0300][7268][16908][info ][gc,phases] GC(17) Pause Relocate Start 0.008ms
[2025-05-20T21:44:05.243+0300][7268][16908][info ][safepoint] Safepoint "XRelocateStart", Time since last: 9541100 ns, Reaching safepoint: 325100 ns, Cleanup: 3700 ns, At safepoint: 58400 ns, Total: 387200 ns
[2025-05-20T21:44:05.243+0300][7268][13548][info ][gc,phases] GC(17) Concurrent Relocate 0.628ms
[2025-05-20T21:44:05.243+0300][7268][13548][debug][gc,heap  ] GC(17) Heap after GC invocations=18 (full 18):
[2025-05-20T21:44:05.243+0300][7268][13548][debug][gc,heap  ] GC(17)  ZHeap           used 122M, capacity 4096M, max capacity 4096M
[2025-05-20T21:44:05.243+0300][7268][13548][debug][gc,heap  ] GC(17)  Metaspace       used 8689K, committed 9600K, reserved 1114112K
[2025-05-20T21:44:05.243+0300][7268][13548][debug][gc,heap  ] GC(17)   class space    used 874K, committed 1280K, reserved 1048576K
[2025-05-20T21:44:05.243+0300][7268][13548][info ][gc,heap  ] GC(17) Min Capacity: 4096M(100%)
[2025-05-20T21:44:05.243+0300][7268][13548][info ][gc,heap  ] GC(17) Max Capacity: 4096M(100%)
[2025-05-20T21:44:05.243+0300][7268][13548][info ][gc,heap  ] GC(17) Soft Max Capacity: 4096M(100%)
[2025-05-20T21:44:05.243+0300][7268][13548][info ][gc,heap  ] GC(17)                Mark Start          Mark End        Relocate Start      Relocate End           High               Low         
[2025-05-20T21:44:05.243+0300][7268][13548][info ][gc,heap  ] GC(17)  Capacity:     4096M (100%)       4096M (100%)       4096M (100%)       4096M (100%)       4096M (100%)       4096M (100%)   
[2025-05-20T21:44:05.243+0300][7268][13548][info ][gc,heap  ] GC(17)      Free:     1002M (24%)         954M (23%)        3440M (84%)        3974M (97%)        3974M (97%)         932M (23%)    
[2025-05-20T21:44:05.243+0300][7268][13548][info ][gc,heap  ] GC(17)      Used:     3094M (76%)        3142M (77%)         656M (16%)         122M (3%)         3164M (77%)         122M (3%)     
[2025-05-20T21:44:05.243+0300][7268][13548][info ][gc,heap  ] GC(17)      Live:         -                11M (0%)           11M (0%)           11M (0%)             -                  -          
[2025-05-20T21:44:05.243+0300][7268][13548][info ][gc,heap  ] GC(17) Allocated:         -                48M (1%)           76M (2%)           81M (2%)             -                  -          
[2025-05-20T21:44:05.243+0300][7268][13548][info ][gc,heap  ] GC(17)   Garbage:         -              3082M (75%)         568M (14%)          29M (1%)             -                  -          
[2025-05-20T21:44:05.243+0300][7268][13548][info ][gc,heap  ] GC(17) Reclaimed:         -                  -              2514M (61%)        3053M (75%)            -                  -          
[2025-05-20T21:44:05.243+0300][7268][13548][info ][gc       ] GC(17) Garbage Collection (Allocation Rate) 3094M(76%)->122M(3%)
[2025-05-20T21:44:06.323+0300][7268][13548][debug][gc,heap  ] GC(18) Heap before GC invocations=18 (full 18):
[2025-05-20T21:44:06.323+0300][7268][13548][debug][gc,heap  ] GC(18)  ZHeap           used 3682M, capacity 4096M, max capacity 4096M
[2025-05-20T21:44:06.323+0300][7268][13548][debug][gc,heap  ] GC(18)  Metaspace       used 8689K, committed 9600K, reserved 1114112K
[2025-05-20T21:44:06.323+0300][7268][13548][debug][gc,heap  ] GC(18)   class space    used 874K, committed 1280K, reserved 1048576K
[2025-05-20T21:44:06.323+0300][7268][16908][debug][safepoint] Safepoint synchronization initiated using striped semaphore wait barrier. (19 threads)
[2025-05-20T21:44:06.323+0300][7268][17520][debug][safepoint] ... found polling page loop exception at pc = 0x000001e8738abc20, stub =0x000001e8732b5b00
[2025-05-20T21:44:06.323+0300][7268][5664 ][debug][safepoint] ... found polling page loop exception at pc = 0x000001e8738b0160, stub =0x000001e8732b5280
[2025-05-20T21:44:06.323+0300][7268][13960][debug][safepoint] ... found polling page loop exception at pc = 0x000001e8738b0160, stub =0x000001e8732b5280
[2025-05-20T21:44:06.323+0300][7268][22040][debug][safepoint] ... found polling page loop exception at pc = 0x000001e873a5bd44, stub =0x000001e8732b5280
[2025-05-20T21:44:06.323+0300][7268][2460 ][debug][safepoint] ... found polling page loop exception at pc = 0x000001e8738b0160, stub =0x000001e8732b5280
[2025-05-20T21:44:06.323+0300][7268][23520][debug][safepoint] ... found polling page loop exception at pc = 0x000001e873a5bd44, stub =0x000001e8732b5280
[2025-05-20T21:44:06.323+0300][7268][16908][info ][gc,phases] GC(18) Pause Mark Start 0.006ms
[2025-05-20T21:44:06.323+0300][7268][16908][info ][safepoint] Safepoint "XMarkStart", Time since last: 1077856600 ns, Reaching safepoint: 341000 ns, Cleanup: 9900 ns, At safepoint: 59300 ns, Total: 410200 ns
[2025-05-20T21:44:06.337+0300][7268][17520][debug][safepoint] ... found polling page loop exception at pc = 0x000001e8738b0160, stub =0x000001e8732b5280
[2025-05-20T21:44:06.337+0300][7268][23520][debug][safepoint] ... found polling page loop exception at pc = 0x000001e8738b0160, stub =0x000001e8732b5280
[2025-05-20T21:44:06.337+0300][7268][5664 ][debug][safepoint] ... found polling page loop exception at pc = 0x000001e873944260, stub =0x000001e8732b5280
[2025-05-20T21:44:06.339+0300][7268][23520][debug][safepoint] ... found polling page loop exception at pc = 0x000001e873a5bd44, stub =0x000001e8732b5280
[2025-05-20T21:44:06.339+0300][7268][5664 ][debug][safepoint] ... found polling page loop exception at pc = 0x000001e8738b0160, stub =0x000001e8732b5280
[2025-05-20T21:44:06.339+0300][7268][13960][debug][safepoint] ... found polling page loop exception at pc = 0x000001e8738b0160, stub =0x000001e8732b5280
[2025-05-20T21:44:06.339+0300][7268][22040][debug][safepoint] ... found polling page loop exception at pc = 0x000001e87391aa95, stub =0x000001e8732b5b00
[2025-05-20T21:44:06.339+0300][7268][17520][debug][safepoint] ... found polling page loop exception at pc = 0x000001e873957c12, stub =0x000001e8732b5280
[2025-05-20T21:44:06.341+0300][7268][13960][debug][safepoint] ... found polling page loop exception at pc = 0x000001e8738b0160, stub =0x000001e8732b5280
[2025-05-20T21:44:06.341+0300][7268][11232][debug][safepoint] ... found polling page loop exception at pc = 0x000001e8738abd86, stub =0x000001e8732b5b00
[2025-05-20T21:44:06.341+0300][7268][8884 ][debug][safepoint] ... found polling page loop exception at pc = 0x000001e8738b0160, stub =0x000001e8732b5280
[2025-05-20T21:44:06.341+0300][7268][23520][debug][safepoint] ... found polling page loop exception at pc = 0x000001e8738b0160, stub =0x000001e8732b5280
[2025-05-20T21:44:06.341+0300][7268][13548][info ][gc,phases] GC(18) Concurrent Mark 18.800ms
[2025-05-20T21:44:06.341+0300][7268][16908][debug][safepoint] Safepoint synchronization initiated using striped semaphore wait barrier. (19 threads)
[2025-05-20T21:44:06.341+0300][7268][17520][debug][safepoint] ... found polling page loop exception at pc = 0x000001e873944260, stub =0x000001e8732b5280
[2025-05-20T21:44:06.341+0300][7268][11232][debug][safepoint] ... found polling page loop exception at pc = 0x000001e873957c12, stub =0x000001e8732b5280
[2025-05-20T21:44:06.341+0300][7268][8884 ][debug][safepoint] ... found polling page loop exception at pc = 0x000001e8739a058b, stub =0x000001e8732b5280
[2025-05-20T21:44:06.341+0300][7268][23520][debug][safepoint] ... found polling page loop exception at pc = 0x000001e8738b0160, stub =0x000001e8732b5280
[2025-05-20T21:44:06.341+0300][7268][22040][debug][safepoint] ... found polling page loop exception at pc = 0x000001e8738b0160, stub =0x000001e8732b5280
[2025-05-20T21:44:06.341+0300][7268][5664 ][debug][safepoint] ... found polling page loop exception at pc = 0x000001e8738b0160, stub =0x000001e8732b5280
[2025-05-20T21:44:06.341+0300][7268][13960][debug][safepoint] ... found polling page loop exception at pc = 0x000001e873a5bd44, stub =0x000001e8732b5280
[2025-05-20T21:44:06.341+0300][7268][2460 ][debug][safepoint] ... found polling page loop exception at pc = 0x000001e8738b0160, stub =0x000001e8732b5280
[2025-05-20T21:44:06.341+0300][7268][16908][info ][gc,phases] GC(18) Pause Mark End 0.014ms
[2025-05-20T21:44:06.341+0300][7268][16908][info ][safepoint] Safepoint "XMarkEnd", Time since last: 18895400 ns, Reaching safepoint: 380400 ns, Cleanup: 5000 ns, At safepoint: 74000 ns, Total: 459400 ns
[2025-05-20T21:44:06.341+0300][7268][13548][info ][gc,phases] GC(18) Concurrent Mark Free 0.001ms
[2025-05-20T21:44:06.341+0300][7268][13548][debug][gc,phases] GC(18) Concurrent References Process 0.281ms
[2025-05-20T21:44:06.341+0300][7268][13548][debug][gc,phases] GC(18) ClassLoaderData 0.017ms
[2025-05-20T21:44:06.341+0300][7268][13548][debug][gc,phases] GC(18) Trigger cleanups 0.001ms
[2025-05-20T21:44:06.348+0300][7268][13548][debug][gc,phases] GC(18) Concurrent Classes Unlink 5.620ms
[2025-05-20T21:44:06.348+0300][7268][11232][debug][safepoint] ... found polling page loop exception at pc = 0x000001e8738b0160, stub =0x000001e8732b5280
[2025-05-20T21:44:06.348+0300][7268][17520][debug][safepoint] ... found polling page loop exception at pc = 0x000001e8738b0160, stub =0x000001e8732b5280
[2025-05-20T21:44:06.348+0300][7268][5664 ][debug][safepoint] ... found polling page loop exception at pc = 0x000001e8738b0160, stub =0x000001e8732b5280
[2025-05-20T21:44:06.348+0300][7268][13548][debug][gc,phases] GC(18) Concurrent Classes Purge 0.047ms
[2025-05-20T21:44:06.348+0300][7268][13548][debug][gc,phases] GC(18) Concurrent References Enqueue 0.006ms
[2025-05-20T21:44:06.348+0300][7268][13548][info ][gc,phases] GC(18) Concurrent Process Non-Strong References 6.881ms
[2025-05-20T21:44:06.348+0300][7268][13548][info ][gc,phases] GC(18) Concurrent Reset Relocation Set 0.009ms
[2025-05-20T21:44:06.350+0300][7268][13548][info ][gc,phases] GC(18) Concurrent Select Relocation Set 2.705ms
[2025-05-20T21:44:06.352+0300][7268][16908][debug][safepoint] Safepoint synchronization initiated using striped semaphore wait barrier. (19 threads)
[2025-05-20T21:44:06.352+0300][7268][17520][debug][safepoint] ... found polling page loop exception at pc = 0x000001e873963c53, stub =0x000001e8732b5b00
[2025-05-20T21:44:06.352+0300][7268][22040][debug][safepoint] ... found polling page loop exception at pc = 0x000001e873a5b439, stub =0x000001e8732b5280
[2025-05-20T21:44:06.352+0300][7268][2460 ][debug][safepoint] ... found polling page loop exception at pc = 0x000001e873a5b439, stub =0x000001e8732b5280
[2025-05-20T21:44:06.352+0300][7268][13960][debug][safepoint] ... found polling page loop exception at pc = 0x000001e8738e6f41, stub =0x000001e8732b5b00
[2025-05-20T21:44:06.352+0300][7268][23520][debug][safepoint] ... found polling page loop exception at pc = 0x000001e8738bec8e, stub =0x000001e8732b5b00
[2025-05-20T21:44:06.352+0300][7268][8884 ][debug][safepoint] ... found polling page loop exception at pc = 0x000001e8738b0160, stub =0x000001e8732b5280
[2025-05-20T21:44:06.352+0300][7268][16908][info ][gc,phases] GC(18) Pause Relocate Start 0.007ms
[2025-05-20T21:44:06.352+0300][7268][16908][info ][safepoint] Safepoint "XRelocateStart", Time since last: 9786400 ns, Reaching safepoint: 299300 ns, Cleanup: 3800 ns, At safepoint: 53600 ns, Total: 356700 ns
[2025-05-20T21:44:06.352+0300][7268][13548][info ][gc,phases] GC(18) Concurrent Relocate 0.672ms
[2025-05-20T21:44:06.352+0300][7268][13548][debug][gc,heap  ] GC(18) Heap after GC invocations=19 (full 19):
[2025-05-20T21:44:06.352+0300][7268][13548][debug][gc,heap  ] GC(18)  ZHeap           used 112M, capacity 4096M, max capacity 4096M
[2025-05-20T21:44:06.352+0300][7268][13548][debug][gc,heap  ] GC(18)  Metaspace       used 8689K, committed 9600K, reserved 1114112K
[2025-05-20T21:44:06.352+0300][7268][13548][debug][gc,heap  ] GC(18)   class space    used 874K, committed 1280K, reserved 1048576K
[2025-05-20T21:44:06.352+0300][7268][13548][info ][gc,heap  ] GC(18) Min Capacity: 4096M(100%)
[2025-05-20T21:44:06.352+0300][7268][13548][info ][gc,heap  ] GC(18) Max Capacity: 4096M(100%)
[2025-05-20T21:44:06.352+0300][7268][13548][info ][gc,heap  ] GC(18) Soft Max Capacity: 4096M(100%)
[2025-05-20T21:44:06.352+0300][7268][13548][info ][gc,heap  ] GC(18)                Mark Start          Mark End        Relocate Start      Relocate End           High               Low         
[2025-05-20T21:44:06.352+0300][7268][13548][info ][gc,heap  ] GC(18)  Capacity:     4096M (100%)       4096M (100%)       4096M (100%)       4096M (100%)       4096M (100%)       4096M (100%)   
[2025-05-20T21:44:06.352+0300][7268][13548][info ][gc,heap  ] GC(18)      Free:      414M (10%)         366M (9%)         3352M (82%)        3984M (97%)        3984M (97%)         350M (9%)     
[2025-05-20T21:44:06.352+0300][7268][13548][info ][gc,heap  ] GC(18)      Used:     3682M (90%)        3730M (91%)         744M (18%)         112M (3%)         3746M (91%)         112M (3%)     
[2025-05-20T21:44:06.352+0300][7268][13548][info ][gc,heap  ] GC(18)      Live:         -                11M (0%)           11M (0%)           11M (0%)             -                  -          
[2025-05-20T21:44:06.352+0300][7268][13548][info ][gc,heap  ] GC(18) Allocated:         -                48M (1%)           70M (2%)           71M (2%)             -                  -          
[2025-05-20T21:44:06.352+0300][7268][13548][info ][gc,heap  ] GC(18)   Garbage:         -              3670M (90%)         662M (16%)          29M (1%)             -                  -          
[2025-05-20T21:44:06.352+0300][7268][13548][info ][gc,heap  ] GC(18) Reclaimed:         -                  -              3008M (73%)        3641M (89%)            -                  -          
[2025-05-20T21:44:06.352+0300][7268][13548][info ][gc       ] GC(18) Garbage Collection (Allocation Rate) 3682M(90%)->112M(3%)
[2025-05-20T21:44:07.418+0300][7268][13548][debug][gc,heap  ] GC(19) Heap before GC invocations=19 (full 19):
[2025-05-20T21:44:07.418+0300][7268][13548][debug][gc,heap  ] GC(19)  ZHeap           used 3576M, capacity 4096M, max capacity 4096M
[2025-05-20T21:44:07.418+0300][7268][13548][debug][gc,heap  ] GC(19)  Metaspace       used 8689K, committed 9600K, reserved 1114112K
[2025-05-20T21:44:07.418+0300][7268][13548][debug][gc,heap  ] GC(19)   class space    used 874K, committed 1280K, reserved 1048576K
[2025-05-20T21:44:07.418+0300][7268][16908][debug][safepoint] Safepoint synchronization initiated using striped semaphore wait barrier. (19 threads)
[2025-05-20T21:44:07.418+0300][7268][8884 ][debug][safepoint] ... found polling page loop exception at pc = 0x000001e8738b0160, stub =0x000001e8732b5280
[2025-05-20T21:44:07.418+0300][7268][5664 ][debug][safepoint] ... found polling page loop exception at pc = 0x000001e8738b0160, stub =0x000001e8732b5280
[2025-05-20T21:44:07.418+0300][7268][16908][info ][gc,phases] GC(19) Pause Mark Start 0.012ms
[2025-05-20T21:44:07.418+0300][7268][16908][info ][safepoint] Safepoint "XMarkStart", Time since last: 1065429000 ns, Reaching safepoint: 200600 ns, Cleanup: 14500 ns, At safepoint: 77600 ns, Total: 292700 ns
[2025-05-20T21:44:07.432+0300][7268][17520][debug][safepoint] ... found polling page loop exception at pc = 0x000001e873a5bd44, stub =0x000001e8732b5280
[2025-05-20T21:44:07.432+0300][7268][23520][debug][safepoint] ... found polling page loop exception at pc = 0x000001e8738b0160, stub =0x000001e8732b5280
[2025-05-20T21:44:07.432+0300][7268][11232][debug][safepoint] ... found polling page loop exception at pc = 0x000001e8738bec8e, stub =0x000001e8732b5b00
[2025-05-20T21:44:07.432+0300][7268][8884 ][debug][safepoint] ... found polling page loop exception at pc = 0x000001e873957c12, stub =0x000001e8732b5280
[2025-05-20T21:44:07.432+0300][7268][2460 ][debug][safepoint] ... found polling page loop exception at pc = 0x000001e8738b0160, stub =0x000001e8732b5280
[2025-05-20T21:44:07.432+0300][7268][13960][debug][safepoint] ... found polling page loop exception at pc = 0x000001e8738bec8e, stub =0x000001e8732b5b00
[2025-05-20T21:44:07.434+0300][7268][23520][debug][safepoint] ... found polling page loop exception at pc = 0x000001e8738b0160, stub =0x000001e8732b5280
[2025-05-20T21:44:07.434+0300][7268][5664 ][debug][safepoint] ... found polling page loop exception at pc = 0x000001e8738b0160, stub =0x000001e8732b5280
[2025-05-20T21:44:07.434+0300][7268][17520][debug][safepoint] ... found polling page loop exception at pc = 0x000001e8738b0160, stub =0x000001e8732b5280
[2025-05-20T21:44:07.434+0300][7268][11232][debug][safepoint] ... found polling page loop exception at pc = 0x000001e8739244cf, stub =0x000001e8732b5280
[2025-05-20T21:44:07.438+0300][7268][11232][debug][safepoint] ... found polling page loop exception at pc = 0x000001e8738bec8e, stub =0x000001e8732b5b00
[2025-05-20T21:44:07.438+0300][7268][22040][debug][safepoint] ... found polling page loop exception at pc = 0x000001e8738b0160, stub =0x000001e8732b5280
[2025-05-20T21:44:07.438+0300][7268][8884 ][debug][safepoint] ... found polling page loop exception at pc = 0x000001e8738b0160, stub =0x000001e8732b5280
[2025-05-20T21:44:07.438+0300][7268][23520][debug][safepoint] ... found polling page loop exception at pc = 0x000001e8738b0160, stub =0x000001e8732b5280
[2025-05-20T21:44:07.438+0300][7268][2460 ][debug][safepoint] ... found polling page loop exception at pc = 0x000001e8738b0160, stub =0x000001e8732b5280
[2025-05-20T21:44:07.438+0300][7268][13960][debug][safepoint] ... found polling page loop exception at pc = 0x000001e8738b0160, stub =0x000001e8732b5280
[2025-05-20T21:44:07.438+0300][7268][5664 ][debug][safepoint] ... found polling page loop exception at pc = 0x000001e8738b0160, stub =0x000001e8732b5280
[2025-05-20T21:44:07.448+0300][7268][13548][info ][gc,phases] GC(19) Concurrent Mark 29.890ms
[2025-05-20T21:44:07.448+0300][7268][16908][debug][safepoint] Safepoint synchronization initiated using striped semaphore wait barrier. (19 threads)
[2025-05-20T21:44:07.448+0300][7268][11232][debug][safepoint] ... found polling page loop exception at pc = 0x000001e873963c53, stub =0x000001e8732b5b00
[2025-05-20T21:44:07.448+0300][7268][8884 ][debug][safepoint] ... found polling page loop exception at pc = 0x000001e8738abd86, stub =0x000001e8732b5b00
[2025-05-20T21:44:07.448+0300][7268][2460 ][debug][safepoint] ... found polling page loop exception at pc = 0x000001e8738d7d05, stub =0x000001e8732b5b00
[2025-05-20T21:44:07.448+0300][7268][23520][debug][safepoint] ... found polling page loop exception at pc = 0x000001e8738b0160, stub =0x000001e8732b5280
[2025-05-20T21:44:07.448+0300][7268][17520][debug][safepoint] ... found polling page loop exception at pc = 0x000001e8738bec8e, stub =0x000001e8732b5b00
[2025-05-20T21:44:07.448+0300][7268][16908][info ][gc,phases] GC(19) Pause Mark End 0.016ms
[2025-05-20T21:44:07.448+0300][7268][16908][info ][safepoint] Safepoint "XMarkEnd", Time since last: 30009800 ns, Reaching safepoint: 287300 ns, Cleanup: 6200 ns, At safepoint: 75300 ns, Total: 368800 ns
[2025-05-20T21:44:07.448+0300][7268][13548][info ][gc,phases] GC(19) Concurrent Mark Free 0.001ms
[2025-05-20T21:44:07.448+0300][7268][13548][debug][gc,phases] GC(19) Concurrent References Process 0.354ms
[2025-05-20T21:44:07.448+0300][7268][13548][debug][gc,phases] GC(19) ClassLoaderData 0.017ms
[2025-05-20T21:44:07.448+0300][7268][13548][debug][gc,phases] GC(19) Trigger cleanups 0.000ms
[2025-05-20T21:44:07.454+0300][7268][13548][debug][gc,phases] GC(19) Concurrent Classes Unlink 5.460ms
[2025-05-20T21:44:07.454+0300][7268][2460 ][debug][safepoint] ... found polling page loop exception at pc = 0x000001e8738b0160, stub =0x000001e8732b5280
[2025-05-20T21:44:07.454+0300][7268][8884 ][debug][safepoint] ... found polling page loop exception at pc = 0x000001e873a14694, stub =0x000001e8732b5b00
[2025-05-20T21:44:07.454+0300][7268][13960][debug][safepoint] ... found polling page loop exception at pc = 0x000001e8738b0160, stub =0x000001e8732b5280
[2025-05-20T21:44:07.454+0300][7268][17520][debug][safepoint] ... found polling page loop exception at pc = 0x000001e8739244cf, stub =0x000001e8732b5280
[2025-05-20T21:44:07.454+0300][7268][22040][debug][safepoint] ... found polling page loop exception at pc = 0x000001e873a5b439, stub =0x000001e8732b5280
[2025-05-20T21:44:07.466+0300][7268][13548][debug][gc,phases] GC(19) Concurrent Classes Purge 0.019ms
[2025-05-20T21:44:07.466+0300][7268][13548][debug][gc,phases] GC(19) Concurrent References Enqueue 0.007ms
[2025-05-20T21:44:07.466+0300][7268][13548][info ][gc,phases] GC(19) Concurrent Process Non-Strong References 16.922ms
[2025-05-20T21:44:07.466+0300][7268][13548][info ][gc,phases] GC(19) Concurrent Reset Relocation Set 0.012ms
[2025-05-20T21:44:07.468+0300][7268][13548][info ][gc,phases] GC(19) Concurrent Select Relocation Set 2.850ms
[2025-05-20T21:44:07.468+0300][7268][16908][debug][safepoint] Safepoint synchronization initiated using striped semaphore wait barrier. (19 threads)
[2025-05-20T21:44:07.468+0300][7268][23520][debug][safepoint] ... found polling page loop exception at pc = 0x000001e8738b0160, stub =0x000001e8732b5280
[2025-05-20T21:44:07.468+0300][7268][13960][debug][safepoint] ... found polling page loop exception at pc = 0x000001e8738abd86, stub =0x000001e8732b5b00
[2025-05-20T21:44:07.468+0300][7268][2460 ][debug][safepoint] ... found polling page loop exception at pc = 0x000001e8738b0160, stub =0x000001e8732b5280
[2025-05-20T21:44:07.468+0300][7268][11232][debug][safepoint] ... found polling page loop exception at pc = 0x000001e8738abd86, stub =0x000001e8732b5b00
[2025-05-20T21:44:07.468+0300][7268][17520][debug][safepoint] ... found polling page loop exception at pc = 0x000001e873a5bd44, stub =0x000001e8732b5280
[2025-05-20T21:44:07.468+0300][7268][22040][debug][safepoint] ... found polling page loop exception at pc = 0x000001e8738b0160, stub =0x000001e8732b5280
[2025-05-20T21:44:07.468+0300][7268][16908][info ][gc,phases] GC(19) Pause Relocate Start 0.009ms
[2025-05-20T21:44:07.468+0300][7268][16908][info ][safepoint] Safepoint "XRelocateStart", Time since last: 19976600 ns, Reaching safepoint: 335600 ns, Cleanup: 5500 ns, At safepoint: 63900 ns, Total: 405000 ns
[2025-05-20T21:44:07.468+0300][7268][13548][info ][gc,phases] GC(19) Concurrent Relocate 0.940ms
[2025-05-20T21:44:07.468+0300][7268][13548][debug][gc,heap  ] GC(19) Heap after GC invocations=20 (full 20):
[2025-05-20T21:44:07.468+0300][7268][13548][debug][gc,heap  ] GC(19)  ZHeap           used 186M, capacity 4096M, max capacity 4096M
[2025-05-20T21:44:07.468+0300][7268][13548][debug][gc,heap  ] GC(19)  Metaspace       used 8689K, committed 9600K, reserved 1114112K
[2025-05-20T21:44:07.468+0300][7268][13548][debug][gc,heap  ] GC(19)   class space    used 874K, committed 1280K, reserved 1048576K
[2025-05-20T21:44:07.468+0300][7268][13548][info ][gc,heap  ] GC(19) Min Capacity: 4096M(100%)
[2025-05-20T21:44:07.468+0300][7268][13548][info ][gc,heap  ] GC(19) Max Capacity: 4096M(100%)
[2025-05-20T21:44:07.468+0300][7268][13548][info ][gc,heap  ] GC(19) Soft Max Capacity: 4096M(100%)
[2025-05-20T21:44:07.468+0300][7268][13548][info ][gc,heap  ] GC(19)                Mark Start          Mark End        Relocate Start      Relocate End           High               Low         
[2025-05-20T21:44:07.468+0300][7268][13548][info ][gc,heap  ] GC(19)  Capacity:     4096M (100%)       4096M (100%)       4096M (100%)       4096M (100%)       4096M (100%)       4096M (100%)   
[2025-05-20T21:44:07.468+0300][7268][13548][info ][gc,heap  ] GC(19)      Free:      518M (13%)         426M (10%)        3302M (81%)        3910M (95%)        3910M (95%)         378M (9%)     
[2025-05-20T21:44:07.468+0300][7268][13548][info ][gc,heap  ] GC(19)      Used:     3578M (87%)        3670M (90%)         794M (19%)         186M (5%)         3718M (91%)         186M (5%)     
[2025-05-20T21:44:07.468+0300][7268][13548][info ][gc,heap  ] GC(19)      Live:         -                11M (0%)           11M (0%)           11M (0%)             -                  -          
[2025-05-20T21:44:07.468+0300][7268][13548][info ][gc,heap  ] GC(19) Allocated:         -                92M (2%)          140M (3%)          145M (4%)             -                  -          
[2025-05-20T21:44:07.468+0300][7268][13548][info ][gc,heap  ] GC(19)   Garbage:         -              3566M (87%)         642M (16%)          29M (1%)             -                  -          
[2025-05-20T21:44:07.468+0300][7268][13548][info ][gc,heap  ] GC(19) Reclaimed:         -                  -              2924M (71%)        3537M (86%)            -                  -          
[2025-05-20T21:44:07.468+0300][7268][13548][info ][gc       ] GC(19) Garbage Collection (Allocation Rate) 3578M(87%)->186M(5%)
[2025-05-20T21:44:08.386+0300][7268][13548][debug][gc,heap  ] GC(20) Heap before GC invocations=20 (full 20):
[2025-05-20T21:44:08.386+0300][7268][13548][debug][gc,heap  ] GC(20)  ZHeap           used 2354M, capacity 4096M, max capacity 4096M
[2025-05-20T21:44:08.386+0300][7268][13548][debug][gc,heap  ] GC(20)  Metaspace       used 8690K, committed 9600K, reserved 1114112K
[2025-05-20T21:44:08.386+0300][7268][13548][debug][gc,heap  ] GC(20)   class space    used 874K, committed 1280K, reserved 1048576K
[2025-05-20T21:44:08.386+0300][7268][16908][debug][safepoint] Safepoint synchronization initiated using striped semaphore wait barrier. (11 threads)
[2025-05-20T21:44:08.386+0300][7268][16908][info ][gc,phases] GC(20) Pause Mark Start 0.005ms
[2025-05-20T21:44:08.386+0300][7268][16908][info ][safepoint] Safepoint "XMarkStart", Time since last: 928923500 ns, Reaching safepoint: 30600 ns, Cleanup: 10100 ns, At safepoint: 23300 ns, Total: 64000 ns
[2025-05-20T21:44:08.402+0300][7268][13548][info ][gc,phases] GC(20) Concurrent Mark 4.247ms
[2025-05-20T21:44:08.402+0300][7268][16908][debug][safepoint] Safepoint synchronization initiated using striped semaphore wait barrier. (11 threads)
[2025-05-20T21:44:08.402+0300][7268][16908][info ][gc,phases] GC(20) Pause Mark End 0.012ms
[2025-05-20T21:44:08.402+0300][7268][16908][info ][safepoint] Safepoint "XMarkEnd", Time since last: 4416400 ns, Reaching safepoint: 31700 ns, Cleanup: 4100 ns, At safepoint: 29600 ns, Total: 65400 ns
[2025-05-20T21:44:08.402+0300][7268][13548][info ][gc,phases] GC(20) Concurrent Mark Free 0.001ms
[2025-05-20T21:44:08.402+0300][7268][13548][debug][gc,phases] GC(20) Concurrent References Process 0.112ms
[2025-05-20T21:44:08.402+0300][7268][13548][debug][gc,phases] GC(20) ClassLoaderData 0.012ms
[2025-05-20T21:44:08.402+0300][7268][13548][debug][gc,phases] GC(20) Trigger cleanups 0.000ms
[2025-05-20T21:44:08.402+0300][7268][13548][debug][gc,phases] GC(20) Concurrent Classes Unlink 1.605ms
[2025-05-20T21:44:08.402+0300][7268][13548][debug][gc,phases] GC(20) Concurrent Classes Purge 0.031ms
[2025-05-20T21:44:08.402+0300][7268][13548][debug][gc,phases] GC(20) Concurrent References Enqueue 0.000ms
[2025-05-20T21:44:08.402+0300][7268][13548][info ][gc,phases] GC(20) Concurrent Process Non-Strong References 2.262ms
[2025-05-20T21:44:08.402+0300][7268][13548][info ][gc,phases] GC(20) Concurrent Reset Relocation Set 0.005ms
[2025-05-20T21:44:08.402+0300][7268][13548][info ][gc,phases] GC(20) Concurrent Select Relocation Set 1.398ms
[2025-05-20T21:44:08.402+0300][7268][16908][debug][safepoint] Safepoint synchronization initiated using striped semaphore wait barrier. (11 threads)
[2025-05-20T21:44:08.402+0300][7268][16908][info ][gc,phases] GC(20) Pause Relocate Start 0.007ms
[2025-05-20T21:44:08.402+0300][7268][16908][info ][safepoint] Safepoint "XRelocateStart", Time since last: 3856100 ns, Reaching safepoint: 30100 ns, Cleanup: 3300 ns, At safepoint: 22700 ns, Total: 56100 ns
[2025-05-20T21:44:08.402+0300][7268][13548][info ][gc,phases] GC(20) Concurrent Relocate 0.779ms
[2025-05-20T21:44:08.402+0300][7268][13548][debug][gc,heap  ] GC(20) Heap after GC invocations=21 (full 21):
[2025-05-20T21:44:08.402+0300][7268][13548][debug][gc,heap  ] GC(20)  ZHeap           used 40M, capacity 4096M, max capacity 4096M
[2025-05-20T21:44:08.402+0300][7268][13548][debug][gc,heap  ] GC(20)  Metaspace       used 8690K, committed 9600K, reserved 1114112K
[2025-05-20T21:44:08.402+0300][7268][13548][debug][gc,heap  ] GC(20)   class space    used 874K, committed 1280K, reserved 1048576K
[2025-05-20T21:44:08.402+0300][7268][13548][info ][gc,heap  ] GC(20) Min Capacity: 4096M(100%)
[2025-05-20T21:44:08.402+0300][7268][13548][info ][gc,heap  ] GC(20) Max Capacity: 4096M(100%)
[2025-05-20T21:44:08.402+0300][7268][13548][info ][gc,heap  ] GC(20) Soft Max Capacity: 4096M(100%)
[2025-05-20T21:44:08.402+0300][7268][13548][info ][gc,heap  ] GC(20)                Mark Start          Mark End        Relocate Start      Relocate End           High               Low         
[2025-05-20T21:44:08.402+0300][7268][13548][info ][gc,heap  ] GC(20)  Capacity:     4096M (100%)       4096M (100%)       4096M (100%)       4096M (100%)       4096M (100%)       4096M (100%)   
[2025-05-20T21:44:08.402+0300][7268][13548][info ][gc,heap  ] GC(20)      Free:     1742M (43%)        1742M (43%)        4036M (99%)        4056M (99%)        4056M (99%)        1742M (43%)    
[2025-05-20T21:44:08.402+0300][7268][13548][info ][gc,heap  ] GC(20)      Used:     2354M (57%)        2354M (57%)          60M (1%)           40M (1%)         2354M (57%)          40M (1%)     
[2025-05-20T21:44:08.402+0300][7268][13548][info ][gc,heap  ] GC(20)      Live:         -                10M (0%)           10M (0%)           10M (0%)             -                  -          
[2025-05-20T21:44:08.402+0300][7268][13548][info ][gc,heap  ] GC(20) Allocated:         -                 0M (0%)            0M (0%)            0M (0%)             -                  -          
[2025-05-20T21:44:08.402+0300][7268][13548][info ][gc,heap  ] GC(20)   Garbage:         -              2343M (57%)          49M (1%)           29M (1%)             -                  -          
[2025-05-20T21:44:08.402+0300][7268][13548][info ][gc,heap  ] GC(20) Reclaimed:         -                  -              2294M (56%)        2314M (56%)            -                  -          
[2025-05-20T21:44:08.402+0300][7268][13548][info ][gc       ] GC(20) Garbage Collection (System.gc()) 2354M(57%)->40M(1%)
[2025-05-20T21:44:09.319+0300][7268][13548][debug][gc,heap  ] GC(21) Heap before GC invocations=21 (full 21):
[2025-05-20T21:44:09.319+0300][7268][13548][debug][gc,heap  ] GC(21)  ZHeap           used 3384M, capacity 4096M, max capacity 4096M
[2025-05-20T21:44:09.319+0300][7268][13548][debug][gc,heap  ] GC(21)  Metaspace       used 8693K, committed 9600K, reserved 1114112K
[2025-05-20T21:44:09.319+0300][7268][13548][debug][gc,heap  ] GC(21)   class space    used 874K, committed 1280K, reserved 1048576K
[2025-05-20T21:44:09.319+0300][7268][16908][debug][safepoint] Safepoint synchronization initiated using striped semaphore wait barrier. (19 threads)
[2025-05-20T21:44:09.319+0300][7268][4208 ][debug][safepoint] ... found polling page loop exception at pc = 0x000001e8738b0160, stub =0x000001e8732b5280
[2025-05-20T21:44:09.319+0300][7268][14360][debug][safepoint] ... found polling page loop exception at pc = 0x000001e8738b0160, stub =0x000001e8732b5280
[2025-05-20T21:44:09.319+0300][7268][15860][debug][safepoint] ... found polling page loop exception at pc = 0x000001e8738bec8e, stub =0x000001e8732b5b00
[2025-05-20T21:44:09.319+0300][7268][17524][debug][safepoint] ... found polling page loop exception at pc = 0x000001e873a5b439, stub =0x000001e8732b5280
[2025-05-20T21:44:09.319+0300][7268][16908][info ][gc,phases] GC(21) Pause Mark Start 0.011ms
[2025-05-20T21:44:09.319+0300][7268][16908][info ][safepoint] Safepoint "XMarkStart", Time since last: 912760700 ns, Reaching safepoint: 323300 ns, Cleanup: 34200 ns, At safepoint: 99500 ns, Total: 457000 ns
[2025-05-20T21:44:09.337+0300][7268][4208 ][debug][safepoint] ... found polling page loop exception at pc = 0x000001e873a5bd44, stub =0x000001e8732b5280
[2025-05-20T21:44:09.337+0300][7268][12352][debug][safepoint] ... found polling page loop exception at pc = 0x000001e8738b0160, stub =0x000001e8732b5280
[2025-05-20T21:44:09.337+0300][7268][17524][debug][safepoint] ... found polling page loop exception at pc = 0x000001e8738b0160, stub =0x000001e8732b5280
[2025-05-20T21:44:09.337+0300][7268][15860][debug][safepoint] ... found polling page loop exception at pc = 0x000001e8738b0160, stub =0x000001e8732b5280
[2025-05-20T21:44:09.337+0300][7268][11108][debug][safepoint] ... found polling page loop exception at pc = 0x000001e8738adc42, stub =0x000001e8732b5b00
[2025-05-20T21:44:09.337+0300][7268][13388][debug][safepoint] ... found polling page loop exception at pc = 0x000001e873a5bd44, stub =0x000001e8732b5280
[2025-05-20T21:44:09.337+0300][7268][14360][debug][safepoint] ... found polling page loop exception at pc = 0x000001e87392ed9f, stub =0x000001e8732b5b00
[2025-05-20T21:44:09.350+0300][7268][14360][debug][safepoint] ... found polling page loop exception at pc = 0x000001e8738b0160, stub =0x000001e8732b5280
[2025-05-20T21:44:09.350+0300][7268][14196][debug][safepoint] ... found polling page loop exception at pc = 0x000001e8738abc20, stub =0x000001e8732b5b00
[2025-05-20T21:44:09.350+0300][7268][15860][debug][safepoint] ... found polling page loop exception at pc = 0x000001e8738abc20, stub =0x000001e8732b5b00
[2025-05-20T21:44:09.350+0300][7268][17524][debug][safepoint] ... found polling page loop exception at pc = 0x000001e8738b0160, stub =0x000001e8732b5280
[2025-05-20T21:44:09.366+0300][7268][14360][debug][safepoint] ... found polling page loop exception at pc = 0x000001e8738b0160, stub =0x000001e8732b5280
[2025-05-20T21:44:09.366+0300][7268][15860][debug][safepoint] ... found polling page loop exception at pc = 0x000001e8738b0160, stub =0x000001e8732b5280
[2025-05-20T21:44:09.366+0300][7268][4208 ][debug][safepoint] ... found polling page loop exception at pc = 0x000001e8738b0160, stub =0x000001e8732b5280
[2025-05-20T21:44:09.366+0300][7268][17524][debug][safepoint] ... found polling page loop exception at pc = 0x000001e8738b0160, stub =0x000001e8732b5280
[2025-05-20T21:44:09.377+0300][7268][11108][debug][safepoint] ... found polling page loop exception at pc = 0x000001e8738b0160, stub =0x000001e8732b5280
[2025-05-20T21:44:09.382+0300][7268][14360][debug][safepoint] ... found polling page loop exception at pc = 0x000001e8738c5c30, stub =0x000001e8732b5b00
[2025-05-20T21:44:09.382+0300][7268][11108][debug][safepoint] ... found polling page loop exception at pc = 0x000001e8738b0160, stub =0x000001e8732b5280
[2025-05-20T21:44:09.382+0300][7268][15860][debug][safepoint] ... found polling page loop exception at pc = 0x000001e873861e18, stub =0x000001e8732b5b00
[2025-05-20T21:44:09.398+0300][7268][13548][info ][gc,phases] GC(21) Concurrent Mark 78.197ms
[2025-05-20T21:44:09.398+0300][7268][16908][debug][safepoint] Safepoint synchronization initiated using striped semaphore wait barrier. (19 threads)
[2025-05-20T21:44:09.398+0300][7268][17524][debug][safepoint] ... found polling page loop exception at pc = 0x000001e8738adc42, stub =0x000001e8732b5b00
[2025-05-20T21:44:09.398+0300][7268][12352][debug][safepoint] ... found polling page loop exception at pc = 0x000001e8738b0160, stub =0x000001e8732b5280
[2025-05-20T21:44:09.398+0300][7268][14360][debug][safepoint] ... found polling page loop exception at pc = 0x000001e8738b0160, stub =0x000001e8732b5280
[2025-05-20T21:44:09.398+0300][7268][15860][debug][safepoint] ... found polling page loop exception at pc = 0x000001e873a5bd44, stub =0x000001e8732b5280
[2025-05-20T21:44:09.398+0300][7268][4208 ][debug][safepoint] ... found polling page loop exception at pc = 0x000001e8738e3e45, stub =0x000001e8732b5b00
[2025-05-20T21:44:09.398+0300][7268][14196][debug][safepoint] ... found polling page loop exception at pc = 0x000001e8738b0160, stub =0x000001e8732b5280
[2025-05-20T21:44:09.398+0300][7268][16908][info ][gc,phases] GC(21) Pause Mark End 0.017ms
[2025-05-20T21:44:09.398+0300][7268][16908][info ][safepoint] Safepoint "XMarkEnd", Time since last: 78351300 ns, Reaching safepoint: 319500 ns, Cleanup: 6700 ns, At safepoint: 79100 ns, Total: 405300 ns
[2025-05-20T21:44:09.398+0300][7268][13548][info ][gc,phases] GC(21) Concurrent Mark Free 0.001ms
[2025-05-20T21:44:09.398+0300][7268][13548][debug][gc,phases] GC(21) Concurrent References Process 0.284ms
[2025-05-20T21:44:09.398+0300][7268][13548][debug][gc,phases] GC(21) ClassLoaderData 0.019ms
[2025-05-20T21:44:09.398+0300][7268][13548][debug][gc,phases] GC(21) Trigger cleanups 0.001ms
[2025-05-20T21:44:09.404+0300][7268][13548][debug][gc,phases] GC(21) Concurrent Classes Unlink 5.475ms
[2025-05-20T21:44:09.404+0300][7268][12352][debug][safepoint] ... found polling page loop exception at pc = 0x000001e8738b0160, stub =0x000001e8732b5280
[2025-05-20T21:44:09.404+0300][7268][11108][debug][safepoint] ... found polling page loop exception at pc = 0x000001e8738cec4b, stub =0x000001e8732b5b00
[2025-05-20T21:44:09.404+0300][7268][13388][debug][safepoint] ... found polling page loop exception at pc = 0x000001e8738b0160, stub =0x000001e8732b5280
[2025-05-20T21:44:09.404+0300][7268][4208 ][debug][safepoint] ... found polling page loop exception at pc = 0x000001e8738b0160, stub =0x000001e8732b5280
[2025-05-20T21:44:09.404+0300][7268][15860][debug][safepoint] ... found polling page loop exception at pc = 0x000001e8738b0160, stub =0x000001e8732b5280
[2025-05-20T21:44:09.404+0300][7268][14196][debug][safepoint] ... found polling page loop exception at pc = 0x000001e8738b0160, stub =0x000001e8732b5280
[2025-05-20T21:44:09.414+0300][7268][13548][debug][gc,phases] GC(21) Concurrent Classes Purge 0.061ms
[2025-05-20T21:44:09.414+0300][7268][13548][debug][gc,phases] GC(21) Concurrent References Enqueue 0.009ms
[2025-05-20T21:44:09.414+0300][7268][13548][info ][gc,phases] GC(21) Concurrent Process Non-Strong References 15.470ms
[2025-05-20T21:44:09.414+0300][7268][13548][info ][gc,phases] GC(21) Concurrent Reset Relocation Set 0.002ms
[2025-05-20T21:44:09.416+0300][7268][13548][info ][gc,phases] GC(21) Concurrent Select Relocation Set 2.859ms
[2025-05-20T21:44:09.416+0300][7268][16908][debug][safepoint] Safepoint synchronization initiated using striped semaphore wait barrier. (19 threads)
[2025-05-20T21:44:09.416+0300][7268][12352][debug][safepoint] ... found polling page loop exception at pc = 0x000001e8738c5c30, stub =0x000001e8732b5b00
[2025-05-20T21:44:09.416+0300][7268][17524][debug][safepoint] ... found polling page loop exception at pc = 0x000001e8738b0160, stub =0x000001e8732b5280
[2025-05-20T21:44:09.416+0300][7268][11108][debug][safepoint] ... found polling page loop exception at pc = 0x000001e873a5b439, stub =0x000001e8732b5280
[2025-05-20T21:44:09.416+0300][7268][4208 ][debug][safepoint] ... found polling page loop exception at pc = 0x000001e8738b0160, stub =0x000001e8732b5280
[2025-05-20T21:44:09.416+0300][7268][14196][debug][safepoint] ... found polling page loop exception at pc = 0x000001e873a5b439, stub =0x000001e8732b5280
[2025-05-20T21:44:09.416+0300][7268][15860][debug][safepoint] ... found polling page loop exception at pc = 0x000001e8738b0160, stub =0x000001e8732b5280
[2025-05-20T21:44:09.416+0300][7268][16908][info ][gc,phases] GC(21) Pause Relocate Start 0.009ms
[2025-05-20T21:44:09.416+0300][7268][16908][info ][safepoint] Safepoint "XRelocateStart", Time since last: 18526700 ns, Reaching safepoint: 384200 ns, Cleanup: 10600 ns, At safepoint: 62700 ns, Total: 457500 ns
[2025-05-20T21:44:09.416+0300][7268][13548][info ][gc,phases] GC(21) Concurrent Relocate 0.615ms
[2025-05-20T21:44:09.416+0300][7268][13548][debug][gc,heap  ] GC(21) Heap after GC invocations=22 (full 22):
[2025-05-20T21:44:09.416+0300][7268][13548][debug][gc,heap  ] GC(21)  ZHeap           used 306M, capacity 4096M, max capacity 4096M
[2025-05-20T21:44:09.416+0300][7268][13548][debug][gc,heap  ] GC(21)  Metaspace       used 8693K, committed 9600K, reserved 1114112K
[2025-05-20T21:44:09.416+0300][7268][13548][debug][gc,heap  ] GC(21)   class space    used 874K, committed 1280K, reserved 1048576K
[2025-05-20T21:44:09.416+0300][7268][13548][info ][gc,heap  ] GC(21) Min Capacity: 4096M(100%)
[2025-05-20T21:44:09.416+0300][7268][13548][info ][gc,heap  ] GC(21) Max Capacity: 4096M(100%)
[2025-05-20T21:44:09.416+0300][7268][13548][info ][gc,heap  ] GC(21) Soft Max Capacity: 4096M(100%)
[2025-05-20T21:44:09.416+0300][7268][13548][info ][gc,heap  ] GC(21)                Mark Start          Mark End        Relocate Start      Relocate End           High               Low         
[2025-05-20T21:44:09.416+0300][7268][13548][info ][gc,heap  ] GC(21)  Capacity:     4096M (100%)       4096M (100%)       4096M (100%)       4096M (100%)       4096M (100%)       4096M (100%)   
[2025-05-20T21:44:09.416+0300][7268][13548][info ][gc,heap  ] GC(21)      Free:      712M (17%)         502M (12%)        3222M (79%)        3790M (93%)        3790M (93%)         452M (11%)    
[2025-05-20T21:44:09.416+0300][7268][13548][info ][gc,heap  ] GC(21)      Used:     3384M (83%)        3594M (88%)         874M (21%)         306M (7%)         3644M (89%)         306M (7%)     
[2025-05-20T21:44:09.416+0300][7268][13548][info ][gc,heap  ] GC(21)      Live:         -                11M (0%)           11M (0%)           11M (0%)             -                  -          
[2025-05-20T21:44:09.416+0300][7268][13548][info ][gc,heap  ] GC(21) Allocated:         -               210M (5%)          264M (6%)          265M (6%)             -                  -          
[2025-05-20T21:44:09.416+0300][7268][13548][info ][gc,heap  ] GC(21)   Garbage:         -              3372M (82%)         598M (15%)          29M (1%)             -                  -          
[2025-05-20T21:44:09.416+0300][7268][13548][info ][gc,heap  ] GC(21) Reclaimed:         -                  -              2774M (68%)        3343M (82%)            -                  -          
[2025-05-20T21:44:09.416+0300][7268][13548][info ][gc       ] GC(21) Garbage Collection (Allocation Rate) 3384M(83%)->306M(7%)
[2025-05-20T21:44:10.313+0300][7268][13548][debug][gc,heap  ] GC(22) Heap before GC invocations=22 (full 22):
[2025-05-20T21:44:10.313+0300][7268][13548][debug][gc,heap  ] GC(22)  ZHeap           used 3178M, capacity 4096M, max capacity 4096M
[2025-05-20T21:44:10.313+0300][7268][13548][debug][gc,heap  ] GC(22)  Metaspace       used 8693K, committed 9600K, reserved 1114112K
[2025-05-20T21:44:10.313+0300][7268][13548][debug][gc,heap  ] GC(22)   class space    used 874K, committed 1280K, reserved 1048576K
[2025-05-20T21:44:10.313+0300][7268][16908][debug][safepoint] Safepoint synchronization initiated using striped semaphore wait barrier. (19 threads)
[2025-05-20T21:44:10.313+0300][7268][15860][debug][safepoint] ... found polling page loop exception at pc = 0x000001e8738b0160, stub =0x000001e8732b5280
[2025-05-20T21:44:10.313+0300][7268][14360][debug][safepoint] ... found polling page loop exception at pc = 0x000001e8738b0160, stub =0x000001e8732b5280
[2025-05-20T21:44:10.313+0300][7268][4208 ][debug][safepoint] ... found polling page loop exception at pc = 0x000001e8738ede55, stub =0x000001e8732b5b00
[2025-05-20T21:44:10.313+0300][7268][11108][debug][safepoint] ... found polling page loop exception at pc = 0x000001e8738b0160, stub =0x000001e8732b5280
[2025-05-20T21:44:10.313+0300][7268][16908][info ][gc,phases] GC(22) Pause Mark Start 0.010ms
[2025-05-20T21:44:10.313+0300][7268][16908][info ][safepoint] Safepoint "XMarkStart", Time since last: 895987900 ns, Reaching safepoint: 288200 ns, Cleanup: 19800 ns, At safepoint: 66200 ns, Total: 374200 ns
[2025-05-20T21:44:10.328+0300][7268][14196][debug][safepoint] ... found polling page loop exception at pc = 0x000001e87391aa95, stub =0x000001e8732b5b00
[2025-05-20T21:44:10.328+0300][7268][17524][debug][safepoint] ... found polling page loop exception at pc = 0x000001e873957c12, stub =0x000001e8732b5280
[2025-05-20T21:44:10.328+0300][7268][14360][debug][safepoint] ... found polling page loop exception at pc = 0x000001e8738bec8e, stub =0x000001e8732b5b00
[2025-05-20T21:44:10.328+0300][7268][15860][debug][safepoint] ... found polling page loop exception at pc = 0x000001e8738b0160, stub =0x000001e8732b5280
[2025-05-20T21:44:10.328+0300][7268][4208 ][debug][safepoint] ... found polling page loop exception at pc = 0x000001e8738b0160, stub =0x000001e8732b5280
[2025-05-20T21:44:10.329+0300][7268][4208 ][debug][safepoint] ... found polling page loop exception at pc = 0x000001e8738b0160, stub =0x000001e8732b5280
[2025-05-20T21:44:10.329+0300][7268][15860][debug][safepoint] ... found polling page loop exception at pc = 0x000001e8738abd86, stub =0x000001e8732b5b00
[2025-05-20T21:44:10.329+0300][7268][14196][debug][safepoint] ... found polling page loop exception at pc = 0x000001e8738bec8e, stub =0x000001e8732b5b00
[2025-05-20T21:44:10.329+0300][7268][14360][debug][safepoint] ... found polling page loop exception at pc = 0x000001e8738b0160, stub =0x000001e8732b5280
[2025-05-20T21:44:10.329+0300][7268][13388][debug][safepoint] ... found polling page loop exception at pc = 0x000001e8738b0160, stub =0x000001e8732b5280
[2025-05-20T21:44:10.329+0300][7268][17524][debug][safepoint] ... found polling page loop exception at pc = 0x000001e8738cec4b, stub =0x000001e8732b5b00
[2025-05-20T21:44:10.329+0300][7268][12352][debug][safepoint] ... found polling page loop exception at pc = 0x000001e8738b0160, stub =0x000001e8732b5280
[2025-05-20T21:44:10.329+0300][7268][11108][debug][safepoint] ... found polling page loop exception at pc = 0x000001e8738b0160, stub =0x000001e8732b5280
[2025-05-20T21:44:10.345+0300][7268][12352][debug][safepoint] ... found polling page loop exception at pc = 0x000001e8738b0160, stub =0x000001e8732b5280
[2025-05-20T21:44:10.345+0300][7268][13388][debug][safepoint] ... found polling page loop exception at pc = 0x000001e8738b0160, stub =0x000001e8732b5280
[2025-05-20T21:44:10.345+0300][7268][14360][debug][safepoint] ... found polling page loop exception at pc = 0x000001e8738b0160, stub =0x000001e8732b5280
[2025-05-20T21:44:10.345+0300][7268][15860][debug][safepoint] ... found polling page loop exception at pc = 0x000001e8738b0160, stub =0x000001e8732b5280
[2025-05-20T21:44:10.345+0300][7268][17524][debug][safepoint] ... found polling page loop exception at pc = 0x000001e8738b0160, stub =0x000001e8732b5280
[2025-05-20T21:44:10.345+0300][7268][11108][debug][safepoint] ... found polling page loop exception at pc = 0x000001e8738bec8e, stub =0x000001e8732b5b00
[2025-05-20T21:44:10.345+0300][7268][15860][debug][safepoint] ... found polling page loop exception at pc = 0x000001e8738b0160, stub =0x000001e8732b5280
[2025-05-20T21:44:10.345+0300][7268][13388][debug][safepoint] ... found polling page loop exception at pc = 0x000001e8738b0160, stub =0x000001e8732b5280
[2025-05-20T21:44:10.345+0300][7268][11108][debug][safepoint] ... found polling page loop exception at pc = 0x000001e8738b0160, stub =0x000001e8732b5280
[2025-05-20T21:44:10.345+0300][7268][14360][debug][safepoint] ... found polling page loop exception at pc = 0x000001e8738b0160, stub =0x000001e8732b5280
[2025-05-20T21:44:10.345+0300][7268][12352][debug][safepoint] ... found polling page loop exception at pc = 0x000001e8738bec8e, stub =0x000001e8732b5b00
[2025-05-20T21:44:10.345+0300][7268][14196][debug][safepoint] ... found polling page loop exception at pc = 0x000001e8738cec4b, stub =0x000001e8732b5b00
[2025-05-20T21:44:10.352+0300][7268][13548][info ][gc,phases] GC(22) Concurrent Mark 39.510ms
[2025-05-20T21:44:10.354+0300][7268][16908][debug][safepoint] Safepoint synchronization initiated using striped semaphore wait barrier. (19 threads)
[2025-05-20T21:44:10.354+0300][7268][13388][debug][safepoint] ... found polling page loop exception at pc = 0x000001e8738b0160, stub =0x000001e8732b5280
[2025-05-20T21:44:10.354+0300][7268][15860][debug][safepoint] ... found polling page loop exception at pc = 0x000001e8738b0160, stub =0x000001e8732b5280
[2025-05-20T21:44:10.354+0300][7268][17524][debug][safepoint] ... found polling page loop exception at pc = 0x000001e8738b0160, stub =0x000001e8732b5280
[2025-05-20T21:44:10.354+0300][7268][12352][debug][safepoint] ... found polling page loop exception at pc = 0x000001e8738b0160, stub =0x000001e8732b5280
[2025-05-20T21:44:10.354+0300][7268][11108][debug][safepoint] ... found polling page loop exception at pc = 0x000001e8738bec8e, stub =0x000001e8732b5b00
[2025-05-20T21:44:10.354+0300][7268][16908][info ][gc,phases] GC(22) Pause Mark End 0.015ms
[2025-05-20T21:44:10.354+0300][7268][16908][info ][safepoint] Safepoint "XMarkEnd", Time since last: 39626600 ns, Reaching safepoint: 276100 ns, Cleanup: 5100 ns, At safepoint: 60700 ns, Total: 341900 ns
[2025-05-20T21:44:10.354+0300][7268][13548][info ][gc,phases] GC(22) Concurrent Mark Free 0.001ms
[2025-05-20T21:44:10.354+0300][7268][13548][debug][gc,phases] GC(22) Concurrent References Process 0.331ms
[2025-05-20T21:44:10.354+0300][7268][13548][debug][gc,phases] GC(22) ClassLoaderData 0.021ms
[2025-05-20T21:44:10.354+0300][7268][13548][debug][gc,phases] GC(22) Trigger cleanups 0.001ms
[2025-05-20T21:44:10.360+0300][7268][13548][debug][gc,phases] GC(22) Concurrent Classes Unlink 5.305ms
[2025-05-20T21:44:10.360+0300][7268][11108][debug][safepoint] ... found polling page loop exception at pc = 0x000001e8738b0160, stub =0x000001e8732b5280
[2025-05-20T21:44:10.360+0300][7268][14196][debug][safepoint] ... found polling page loop exception at pc = 0x000001e8738cec4b, stub =0x000001e8732b5b00
[2025-05-20T21:44:10.360+0300][7268][15860][debug][safepoint] ... found polling page loop exception at pc = 0x000001e8738abc20, stub =0x000001e8732b5b00
[2025-05-20T21:44:10.360+0300][7268][12352][debug][safepoint] ... found polling page loop exception at pc = 0x000001e8738bec8e, stub =0x000001e8732b5b00
[2025-05-20T21:44:10.360+0300][7268][17524][debug][safepoint] ... found polling page loop exception at pc = 0x000001e8738b0160, stub =0x000001e8732b5280
[2025-05-20T21:44:10.360+0300][7268][14360][debug][safepoint] ... found polling page loop exception at pc = 0x000001e8738b0160, stub =0x000001e8732b5280
[2025-05-20T21:44:10.361+0300][7268][13548][debug][gc,phases] GC(22) Concurrent Classes Purge 0.047ms
[2025-05-20T21:44:10.361+0300][7268][13548][debug][gc,phases] GC(22) Concurrent References Enqueue 0.006ms
[2025-05-20T21:44:10.361+0300][7268][13548][info ][gc,phases] GC(22) Concurrent Process Non-Strong References 7.359ms
[2025-05-20T21:44:10.361+0300][7268][13548][info ][gc,phases] GC(22) Concurrent Reset Relocation Set 0.018ms
[2025-05-20T21:44:10.363+0300][7268][13548][info ][gc,phases] GC(22) Concurrent Select Relocation Set 2.877ms
[2025-05-20T21:44:10.363+0300][7268][16908][debug][safepoint] Safepoint synchronization initiated using striped semaphore wait barrier. (19 threads)
[2025-05-20T21:44:10.363+0300][7268][14196][debug][safepoint] ... found polling page loop exception at pc = 0x000001e8738b0160, stub =0x000001e8732b5280
[2025-05-20T21:44:10.363+0300][7268][13388][debug][safepoint] ... found polling page loop exception at pc = 0x000001e8738b0160, stub =0x000001e8732b5280
[2025-05-20T21:44:10.363+0300][7268][11108][debug][safepoint] ... found polling page loop exception at pc = 0x000001e8738b0160, stub =0x000001e8732b5280
[2025-05-20T21:44:10.363+0300][7268][15860][debug][safepoint] ... found polling page loop exception at pc = 0x000001e8738b0160, stub =0x000001e8732b5280
[2025-05-20T21:44:10.363+0300][7268][12352][debug][safepoint] ... found polling page loop exception at pc = 0x000001e8738ede55, stub =0x000001e8732b5b00
[2025-05-20T21:44:10.363+0300][7268][17524][debug][safepoint] ... found polling page loop exception at pc = 0x000001e8738b0160, stub =0x000001e8732b5280
[2025-05-20T21:44:10.363+0300][7268][4208 ][debug][safepoint] ... found polling page loop exception at pc = 0x000001e8738b0160, stub =0x000001e8732b5280
[2025-05-20T21:44:10.363+0300][7268][16908][info ][gc,phases] GC(22) Pause Relocate Start 0.008ms
[2025-05-20T21:44:10.363+0300][7268][16908][info ][safepoint] Safepoint "XRelocateStart", Time since last: 10442000 ns, Reaching safepoint: 320900 ns, Cleanup: 7700 ns, At safepoint: 55400 ns, Total: 384000 ns
[2025-05-20T21:44:10.363+0300][7268][13548][info ][gc,phases] GC(22) Concurrent Relocate 0.606ms
[2025-05-20T21:44:10.363+0300][7268][13548][debug][gc,heap  ] GC(22) Heap after GC invocations=23 (full 23):
[2025-05-20T21:44:10.363+0300][7268][13548][debug][gc,heap  ] GC(22)  ZHeap           used 198M, capacity 4096M, max capacity 4096M
[2025-05-20T21:44:10.363+0300][7268][13548][debug][gc,heap  ] GC(22)  Metaspace       used 8693K, committed 9600K, reserved 1114112K
[2025-05-20T21:44:10.363+0300][7268][13548][debug][gc,heap  ] GC(22)   class space    used 874K, committed 1280K, reserved 1048576K
[2025-05-20T21:44:10.363+0300][7268][13548][info ][gc,heap  ] GC(22) Min Capacity: 4096M(100%)
[2025-05-20T21:44:10.363+0300][7268][13548][info ][gc,heap  ] GC(22) Max Capacity: 4096M(100%)
[2025-05-20T21:44:10.363+0300][7268][13548][info ][gc,heap  ] GC(22) Soft Max Capacity: 4096M(100%)
[2025-05-20T21:44:10.363+0300][7268][13548][info ][gc,heap  ] GC(22)                Mark Start          Mark End        Relocate Start      Relocate End           High               Low         
[2025-05-20T21:44:10.363+0300][7268][13548][info ][gc,heap  ] GC(22)  Capacity:     4096M (100%)       4096M (100%)       4096M (100%)       4096M (100%)       4096M (100%)       4096M (100%)   
[2025-05-20T21:44:10.363+0300][7268][13548][info ][gc,heap  ] GC(22)      Free:      918M (22%)         786M (19%)        3346M (82%)        3898M (95%)        3898M (95%)         770M (19%)    
[2025-05-20T21:44:10.363+0300][7268][13548][info ][gc,heap  ] GC(22)      Used:     3178M (78%)        3310M (81%)         750M (18%)         198M (5%)         3326M (81%)         198M (5%)     
[2025-05-20T21:44:10.363+0300][7268][13548][info ][gc,heap  ] GC(22)      Live:         -                11M (0%)           11M (0%)           11M (0%)             -                  -          
[2025-05-20T21:44:10.363+0300][7268][13548][info ][gc,heap  ] GC(22) Allocated:         -               132M (3%)          158M (4%)          157M (4%)             -                  -          
[2025-05-20T21:44:10.363+0300][7268][13548][info ][gc,heap  ] GC(22)   Garbage:         -              3166M (77%)         580M (14%)          29M (1%)             -                  -          
[2025-05-20T21:44:10.363+0300][7268][13548][info ][gc,heap  ] GC(22) Reclaimed:         -                  -              2586M (63%)        3137M (77%)            -                  -          
[2025-05-20T21:44:10.363+0300][7268][13548][info ][gc       ] GC(22) Garbage Collection (Allocation Rate) 3178M(78%)->198M(5%)
[2025-05-20T21:44:11.419+0300][7268][13548][debug][gc,heap  ] GC(23) Heap before GC invocations=23 (full 23):
[2025-05-20T21:44:11.419+0300][7268][13548][debug][gc,heap  ] GC(23)  ZHeap           used 3546M, capacity 4096M, max capacity 4096M
[2025-05-20T21:44:11.419+0300][7268][13548][debug][gc,heap  ] GC(23)  Metaspace       used 8693K, committed 9600K, reserved 1114112K
[2025-05-20T21:44:11.419+0300][7268][13548][debug][gc,heap  ] GC(23)   class space    used 874K, committed 1280K, reserved 1048576K
[2025-05-20T21:44:11.419+0300][7268][16908][debug][safepoint] Safepoint synchronization initiated using striped semaphore wait barrier. (19 threads)
[2025-05-20T21:44:11.419+0300][7268][15860][debug][safepoint] ... found polling page loop exception at pc = 0x000001e8738b0160, stub =0x000001e8732b5280
[2025-05-20T21:44:11.419+0300][7268][17524][debug][safepoint] ... found polling page loop exception at pc = 0x000001e8738b0160, stub =0x000001e8732b5280
[2025-05-20T21:44:11.419+0300][7268][12352][debug][safepoint] ... found polling page loop exception at pc = 0x000001e8738b0160, stub =0x000001e8732b5280
[2025-05-20T21:44:11.419+0300][7268][14360][debug][safepoint] ... found polling page loop exception at pc = 0x000001e8738b0160, stub =0x000001e8732b5280
[2025-05-20T21:44:11.419+0300][7268][11108][debug][safepoint] ... found polling page loop exception at pc = 0x000001e8738b0160, stub =0x000001e8732b5280
[2025-05-20T21:44:11.419+0300][7268][13388][debug][safepoint] ... found polling page loop exception at pc = 0x000001e8738b0160, stub =0x000001e8732b5280
[2025-05-20T21:44:11.419+0300][7268][14196][debug][safepoint] ... found polling page loop exception at pc = 0x000001e8738faf30, stub =0x000001e8732b5b00
[2025-05-20T21:44:11.419+0300][7268][16908][info ][gc,phases] GC(23) Pause Mark Start 0.009ms
[2025-05-20T21:44:11.419+0300][7268][16908][info ][safepoint] Safepoint "XMarkStart", Time since last: 1054847300 ns, Reaching safepoint: 385300 ns, Cleanup: 6700 ns, At safepoint: 68000 ns, Total: 460000 ns
[2025-05-20T21:44:11.434+0300][7268][14360][debug][safepoint] ... found polling page loop exception at pc = 0x000001e8738bec8e, stub =0x000001e8732b5b00
[2025-05-20T21:44:11.434+0300][7268][14196][debug][safepoint] ... found polling page loop exception at pc = 0x000001e8738b0160, stub =0x000001e8732b5280
[2025-05-20T21:44:11.434+0300][7268][11108][debug][safepoint] ... found polling page loop exception at pc = 0x000001e8738cec4b, stub =0x000001e8732b5b00
[2025-05-20T21:44:11.434+0300][7268][17524][debug][safepoint] ... found polling page loop exception at pc = 0x000001e8738adc42, stub =0x000001e8732b5b00
[2025-05-20T21:44:11.434+0300][7268][15860][debug][safepoint] ... found polling page loop exception at pc = 0x000001e8738b0160, stub =0x000001e8732b5280
[2025-05-20T21:44:11.434+0300][7268][4208 ][debug][safepoint] ... found polling page loop exception at pc = 0x000001e8738b0160, stub =0x000001e8732b5280
[2025-05-20T21:44:11.434+0300][7268][12352][debug][safepoint] ... found polling page loop exception at pc = 0x000001e8738abd86, stub =0x000001e8732b5b00
[2025-05-20T21:44:11.439+0300][7268][11108][debug][safepoint] ... found polling page loop exception at pc = 0x000001e8738b0160, stub =0x000001e8732b5280
[2025-05-20T21:44:11.439+0300][7268][13388][debug][safepoint] ... found polling page loop exception at pc = 0x000001e8738b0160, stub =0x000001e8732b5280
[2025-05-20T21:44:11.439+0300][7268][4208 ][debug][safepoint] ... found polling page loop exception at pc = 0x000001e873a5b439, stub =0x000001e8732b5280
[2025-05-20T21:44:11.439+0300][7268][17524][debug][safepoint] ... found polling page loop exception at pc = 0x000001e8738abc20, stub =0x000001e8732b5b00
[2025-05-20T21:44:11.439+0300][7268][14360][debug][safepoint] ... found polling page loop exception at pc = 0x000001e8738abd86, stub =0x000001e8732b5b00
[2025-05-20T21:44:11.439+0300][7268][15860][debug][safepoint] ... found polling page loop exception at pc = 0x000001e8738b0160, stub =0x000001e8732b5280
[2025-05-20T21:44:11.439+0300][7268][11108][debug][safepoint] ... found polling page loop exception at pc = 0x000001e8738b0160, stub =0x000001e8732b5280
[2025-05-20T21:44:11.439+0300][7268][12352][debug][safepoint] ... found polling page loop exception at pc = 0x000001e8738b0160, stub =0x000001e8732b5280
[2025-05-20T21:44:11.439+0300][7268][14196][debug][safepoint] ... found polling page loop exception at pc = 0x000001e8738b0160, stub =0x000001e8732b5280
[2025-05-20T21:44:11.447+0300][7268][14196][debug][safepoint] ... found polling page loop exception at pc = 0x000001e873a0933f, stub =0x000001e8732b5b00
[2025-05-20T21:44:11.447+0300][7268][17524][debug][safepoint] ... found polling page loop exception at pc = 0x000001e8738b0160, stub =0x000001e8732b5280
[2025-05-20T21:44:11.447+0300][7268][4208 ][debug][safepoint] ... found polling page loop exception at pc = 0x000001e873957c12, stub =0x000001e8732b5280
[2025-05-20T21:44:11.447+0300][7268][15860][debug][safepoint] ... found polling page loop exception at pc = 0x000001e8739122c8, stub =0x000001e8732b5280
[2025-05-20T21:44:11.447+0300][7268][13388][debug][safepoint] ... found polling page loop exception at pc = 0x000001e8738b0160, stub =0x000001e8732b5280
[2025-05-20T21:44:11.449+0300][7268][13548][info ][gc,phases] GC(23) Concurrent Mark 30.002ms
[2025-05-20T21:44:11.449+0300][7268][16908][debug][safepoint] Safepoint synchronization initiated using striped semaphore wait barrier. (19 threads)
[2025-05-20T21:44:11.449+0300][7268][14360][debug][safepoint] ... found polling page loop exception at pc = 0x000001e8738b0160, stub =0x000001e8732b5280
[2025-05-20T21:44:11.449+0300][7268][11108][debug][safepoint] ... found polling page loop exception at pc = 0x000001e8738b0160, stub =0x000001e8732b5280
[2025-05-20T21:44:11.449+0300][7268][13388][debug][safepoint] ... found polling page loop exception at pc = 0x000001e8738b0160, stub =0x000001e8732b5280
[2025-05-20T21:44:11.449+0300][7268][12352][debug][safepoint] ... found polling page loop exception at pc = 0x000001e8738cec4b, stub =0x000001e8732b5b00
[2025-05-20T21:44:11.449+0300][7268][14196][debug][safepoint] ... found polling page loop exception at pc = 0x000001e8738b0160, stub =0x000001e8732b5280
[2025-05-20T21:44:11.449+0300][7268][16908][info ][gc,phases] GC(23) Pause Mark End 0.019ms
[2025-05-20T21:44:11.449+0300][7268][16908][info ][safepoint] Safepoint "XMarkEnd", Time since last: 30121500 ns, Reaching safepoint: 442100 ns, Cleanup: 14800 ns, At safepoint: 99300 ns, Total: 556200 ns
[2025-05-20T21:44:11.449+0300][7268][13548][info ][gc,phases] GC(23) Concurrent Mark Free 0.001ms
[2025-05-20T21:44:11.449+0300][7268][13548][debug][gc,phases] GC(23) Concurrent References Process 0.328ms
[2025-05-20T21:44:11.451+0300][7268][13548][debug][gc,phases] GC(23) ClassLoaderData 0.019ms
[2025-05-20T21:44:11.451+0300][7268][13548][debug][gc,phases] GC(23) Trigger cleanups 0.001ms
[2025-05-20T21:44:11.455+0300][7268][13548][debug][gc,phases] GC(23) Concurrent Classes Unlink 5.451ms
[2025-05-20T21:44:11.455+0300][7268][15860][debug][safepoint] ... found polling page loop exception at pc = 0x000001e8738bec8e, stub =0x000001e8732b5b00
[2025-05-20T21:44:11.455+0300][7268][12352][debug][safepoint] ... found polling page loop exception at pc = 0x000001e8738c5c30, stub =0x000001e8732b5b00
[2025-05-20T21:44:11.455+0300][7268][11108][debug][safepoint] ... found polling page loop exception at pc = 0x000001e8738b0160, stub =0x000001e8732b5280
[2025-05-20T21:44:11.455+0300][7268][14196][debug][safepoint] ... found polling page loop exception at pc = 0x000001e87392ed9f, stub =0x000001e8732b5b00
[2025-05-20T21:44:11.455+0300][7268][17524][debug][safepoint] ... found polling page loop exception at pc = 0x000001e8738b0160, stub =0x000001e8732b5280
[2025-05-20T21:44:11.457+0300][7268][13388][debug][safepoint] ... found polling page loop exception at pc = 0x000001e8738abd86, stub =0x000001e8732b5b00
[2025-05-20T21:44:11.467+0300][7268][13548][debug][gc,phases] GC(23) Concurrent Classes Purge 0.013ms
[2025-05-20T21:44:11.467+0300][7268][13548][debug][gc,phases] GC(23) Concurrent References Enqueue 0.008ms
[2025-05-20T21:44:11.467+0300][7268][13548][info ][gc,phases] GC(23) Concurrent Process Non-Strong References 16.465ms
[2025-05-20T21:44:11.467+0300][7268][13548][info ][gc,phases] GC(23) Concurrent Reset Relocation Set 0.029ms
[2025-05-20T21:44:11.469+0300][7268][13548][info ][gc,phases] GC(23) Concurrent Select Relocation Set 2.865ms
[2025-05-20T21:44:11.469+0300][7268][16908][debug][safepoint] Safepoint synchronization initiated using striped semaphore wait barrier. (19 threads)
[2025-05-20T21:44:11.469+0300][7268][17524][debug][safepoint] ... found polling page loop exception at pc = 0x000001e8738b0160, stub =0x000001e8732b5280
[2025-05-20T21:44:11.469+0300][7268][13388][debug][safepoint] ... found polling page loop exception at pc = 0x000001e8738b0160, stub =0x000001e8732b5280
[2025-05-20T21:44:11.469+0300][7268][14360][debug][safepoint] ... found polling page loop exception at pc = 0x000001e873a5bd44, stub =0x000001e8732b5280
[2025-05-20T21:44:11.469+0300][7268][14196][debug][safepoint] ... found polling page loop exception at pc = 0x000001e8738b0160, stub =0x000001e8732b5280
[2025-05-20T21:44:11.469+0300][7268][4208 ][debug][safepoint] ... found polling page loop exception at pc = 0x000001e8738b0160, stub =0x000001e8732b5280
[2025-05-20T21:44:11.469+0300][7268][12352][debug][safepoint] ... found polling page loop exception at pc = 0x000001e8739244cf, stub =0x000001e8732b5280
[2025-05-20T21:44:11.469+0300][7268][15860][debug][safepoint] ... found polling page loop exception at pc = 0x000001e8738b0160, stub =0x000001e8732b5280
[2025-05-20T21:44:11.469+0300][7268][16908][info ][gc,phases] GC(23) Pause Relocate Start 0.008ms
[2025-05-20T21:44:11.469+0300][7268][16908][info ][safepoint] Safepoint "XRelocateStart", Time since last: 19581200 ns, Reaching safepoint: 407100 ns, Cleanup: 5100 ns, At safepoint: 62400 ns, Total: 474600 ns
[2025-05-20T21:44:11.471+0300][7268][13548][info ][gc,phases] GC(23) Concurrent Relocate 0.647ms
[2025-05-20T21:44:11.471+0300][7268][13548][debug][gc,heap  ] GC(23) Heap after GC invocations=24 (full 24):
[2025-05-20T21:44:11.471+0300][7268][13548][debug][gc,heap  ] GC(23)  ZHeap           used 188M, capacity 4096M, max capacity 4096M
[2025-05-20T21:44:11.471+0300][7268][13548][debug][gc,heap  ] GC(23)  Metaspace       used 8693K, committed 9600K, reserved 1114112K
[2025-05-20T21:44:11.471+0300][7268][13548][debug][gc,heap  ] GC(23)   class space    used 874K, committed 1280K, reserved 1048576K
[2025-05-20T21:44:11.471+0300][7268][13548][info ][gc,heap  ] GC(23) Min Capacity: 4096M(100%)
[2025-05-20T21:44:11.471+0300][7268][13548][info ][gc,heap  ] GC(23) Max Capacity: 4096M(100%)
[2025-05-20T21:44:11.471+0300][7268][13548][info ][gc,heap  ] GC(23) Soft Max Capacity: 4096M(100%)
[2025-05-20T21:44:11.471+0300][7268][13548][info ][gc,heap  ] GC(23)                Mark Start          Mark End        Relocate Start      Relocate End           High               Low         
[2025-05-20T21:44:11.471+0300][7268][13548][info ][gc,heap  ] GC(23)  Capacity:     4096M (100%)       4096M (100%)       4096M (100%)       4096M (100%)       4096M (100%)       4096M (100%)   
[2025-05-20T21:44:11.471+0300][7268][13548][info ][gc,heap  ] GC(23)      Free:      550M (13%)         454M (11%)        3300M (81%)        3908M (95%)        3908M (95%)         410M (10%)    
[2025-05-20T21:44:11.471+0300][7268][13548][info ][gc,heap  ] GC(23)      Used:     3546M (87%)        3642M (89%)         796M (19%)         188M (5%)         3686M (90%)         188M (5%)     
[2025-05-20T21:44:11.471+0300][7268][13548][info ][gc,heap  ] GC(23)      Live:         -                11M (0%)           11M (0%)           11M (0%)             -                  -          
[2025-05-20T21:44:11.471+0300][7268][13548][info ][gc,heap  ] GC(23) Allocated:         -                96M (2%)          148M (4%)          147M (4%)             -                  -          
[2025-05-20T21:44:11.471+0300][7268][13548][info ][gc,heap  ] GC(23)   Garbage:         -              3534M (86%)         636M (16%)          29M (1%)             -                  -          
[2025-05-20T21:44:11.471+0300][7268][13548][info ][gc,heap  ] GC(23) Reclaimed:         -                  -              2898M (71%)        3505M (86%)            -                  -          
[2025-05-20T21:44:11.471+0300][7268][13548][info ][gc       ] GC(23) Garbage Collection (Allocation Rate) 3546M(87%)->188M(5%)
[2025-05-20T21:44:12.416+0300][7268][13548][debug][gc,heap  ] GC(24) Heap before GC invocations=24 (full 24):
[2025-05-20T21:44:12.416+0300][7268][13548][debug][gc,heap  ] GC(24)  ZHeap           used 3366M, capacity 4096M, max capacity 4096M
[2025-05-20T21:44:12.416+0300][7268][13548][debug][gc,heap  ] GC(24)  Metaspace       used 8693K, committed 9600K, reserved 1114112K
[2025-05-20T21:44:12.416+0300][7268][13548][debug][gc,heap  ] GC(24)   class space    used 874K, committed 1280K, reserved 1048576K
[2025-05-20T21:44:12.416+0300][7268][16908][debug][safepoint] Safepoint synchronization initiated using striped semaphore wait barrier. (19 threads)
[2025-05-20T21:44:12.416+0300][7268][12352][debug][safepoint] ... found polling page loop exception at pc = 0x000001e8739244cf, stub =0x000001e8732b5280
[2025-05-20T21:44:12.416+0300][7268][15860][debug][safepoint] ... found polling page loop exception at pc = 0x000001e873963c53, stub =0x000001e8732b5b00
[2025-05-20T21:44:12.416+0300][7268][17524][debug][safepoint] ... found polling page loop exception at pc = 0x000001e8738b0160, stub =0x000001e8732b5280
[2025-05-20T21:44:12.416+0300][7268][14360][debug][safepoint] ... found polling page loop exception at pc = 0x000001e8738e3e45, stub =0x000001e8732b5b00
[2025-05-20T21:44:12.416+0300][7268][13388][debug][safepoint] ... found polling page loop exception at pc = 0x000001e8738b0160, stub =0x000001e8732b5280
[2025-05-20T21:44:12.416+0300][7268][4208 ][debug][safepoint] ... found polling page loop exception at pc = 0x000001e8738b0160, stub =0x000001e8732b5280
[2025-05-20T21:44:12.416+0300][7268][16908][info ][gc,phases] GC(24) Pause Mark Start 0.009ms
[2025-05-20T21:44:12.416+0300][7268][16908][info ][safepoint] Safepoint "XMarkStart", Time since last: 945593200 ns, Reaching safepoint: 342600 ns, Cleanup: 17600 ns, At safepoint: 66500 ns, Total: 426700 ns
[2025-05-20T21:44:12.431+0300][7268][4208 ][debug][safepoint] ... found polling page loop exception at pc = 0x000001e8738abd86, stub =0x000001e8732b5b00
[2025-05-20T21:44:12.431+0300][7268][17524][debug][safepoint] ... found polling page loop exception at pc = 0x000001e8738c5c30, stub =0x000001e8732b5b00
[2025-05-20T21:44:12.431+0300][7268][12352][debug][safepoint] ... found polling page loop exception at pc = 0x000001e8738abc20, stub =0x000001e8732b5b00
[2025-05-20T21:44:12.431+0300][7268][14196][debug][safepoint] ... found polling page loop exception at pc = 0x000001e873a5bd44, stub =0x000001e8732b5280
[2025-05-20T21:44:12.431+0300][7268][11108][debug][safepoint] ... found polling page loop exception at pc = 0x000001e8738b0160, stub =0x000001e8732b5280
[2025-05-20T21:44:12.431+0300][7268][14360][debug][safepoint] ... found polling page loop exception at pc = 0x000001e873a5bd44, stub =0x000001e8732b5280
[2025-05-20T21:44:12.431+0300][7268][15860][debug][safepoint] ... found polling page loop exception at pc = 0x000001e873a5bd44, stub =0x000001e8732b5280
[2025-05-20T21:44:12.431+0300][7268][13388][debug][safepoint] ... found polling page loop exception at pc = 0x000001e8738b0160, stub =0x000001e8732b5280
[2025-05-20T21:44:12.448+0300][7268][17524][debug][safepoint] ... found polling page loop exception at pc = 0x000001e873958570, stub =0x000001e8732b5280
[2025-05-20T21:44:12.448+0300][7268][15860][debug][safepoint] ... found polling page loop exception at pc = 0x000001e8738bec8e, stub =0x000001e8732b5b00
[2025-05-20T21:44:12.448+0300][7268][14360][debug][safepoint] ... found polling page loop exception at pc = 0x000001e873861e18, stub =0x000001e8732b5b00
[2025-05-20T21:44:12.448+0300][7268][4208 ][debug][safepoint] ... found polling page loop exception at pc = 0x000001e873a5bd44, stub =0x000001e8732b5280
[2025-05-20T21:44:12.448+0300][7268][11108][debug][safepoint] ... found polling page loop exception at pc = 0x000001e8738cec4b, stub =0x000001e8732b5b00
[2025-05-20T21:44:12.448+0300][7268][11108][debug][safepoint] ... found polling page loop exception at pc = 0x000001e8738b0160, stub =0x000001e8732b5280
[2025-05-20T21:44:12.448+0300][7268][4208 ][debug][safepoint] ... found polling page loop exception at pc = 0x000001e8738b0160, stub =0x000001e8732b5280
[2025-05-20T21:44:12.448+0300][7268][14360][debug][safepoint] ... found polling page loop exception at pc = 0x000001e8738b0160, stub =0x000001e8732b5280
[2025-05-20T21:44:12.448+0300][7268][15860][debug][safepoint] ... found polling page loop exception at pc = 0x000001e8738b0160, stub =0x000001e8732b5280
[2025-05-20T21:44:12.448+0300][7268][14196][debug][safepoint] ... found polling page loop exception at pc = 0x000001e8738b0160, stub =0x000001e8732b5280
[2025-05-20T21:44:12.448+0300][7268][13388][debug][safepoint] ... found polling page loop exception at pc = 0x000001e873a5bd44, stub =0x000001e8732b5280
[2025-05-20T21:44:12.448+0300][7268][15860][debug][safepoint] ... found polling page loop exception at pc = 0x000001e8738bec8e, stub =0x000001e8732b5b00
[2025-05-20T21:44:12.448+0300][7268][4208 ][debug][safepoint] ... found polling page loop exception at pc = 0x000001e8738b0160, stub =0x000001e8732b5280
[2025-05-20T21:44:12.448+0300][7268][14360][debug][safepoint] ... found polling page loop exception at pc = 0x000001e8738b0160, stub =0x000001e8732b5280
[2025-05-20T21:44:12.448+0300][7268][11108][debug][safepoint] ... found polling page loop exception at pc = 0x000001e8738cec4b, stub =0x000001e8732b5b00
[2025-05-20T21:44:12.448+0300][7268][14196][debug][safepoint] ... found polling page loop exception at pc = 0x000001e8738b0160, stub =0x000001e8732b5280
[2025-05-20T21:44:12.448+0300][7268][12352][debug][safepoint] ... found polling page loop exception at pc = 0x000001e8738abd86, stub =0x000001e8732b5b00
[2025-05-20T21:44:12.448+0300][7268][13388][debug][safepoint] ... found polling page loop exception at pc = 0x000001e8738cec4b, stub =0x000001e8732b5b00
[2025-05-20T21:44:12.448+0300][7268][13548][info ][gc,phases] GC(24) Concurrent Mark 32.383ms
[2025-05-20T21:44:12.448+0300][7268][16908][debug][safepoint] Safepoint synchronization initiated using striped semaphore wait barrier. (19 threads)
[2025-05-20T21:44:12.448+0300][7268][15860][debug][safepoint] ... found polling page loop exception at pc = 0x000001e8738b0160, stub =0x000001e8732b5280
[2025-05-20T21:44:12.448+0300][7268][11108][debug][safepoint] ... found polling page loop exception at pc = 0x000001e8738b0160, stub =0x000001e8732b5280
[2025-05-20T21:44:12.448+0300][7268][14196][debug][safepoint] ... found polling page loop exception at pc = 0x000001e8738b0160, stub =0x000001e8732b5280
[2025-05-20T21:44:12.448+0300][7268][4208 ][debug][safepoint] ... found polling page loop exception at pc = 0x000001e8738abd86, stub =0x000001e8732b5b00
[2025-05-20T21:44:12.448+0300][7268][12352][debug][safepoint] ... found polling page loop exception at pc = 0x000001e8738b0160, stub =0x000001e8732b5280
[2025-05-20T21:44:12.448+0300][7268][16908][info ][gc,phases] GC(24) Pause Mark End 0.015ms
[2025-05-20T21:44:12.448+0300][7268][16908][info ][safepoint] Safepoint "XMarkEnd", Time since last: 32485100 ns, Reaching safepoint: 223400 ns, Cleanup: 5200 ns, At safepoint: 64400 ns, Total: 293000 ns
[2025-05-20T21:44:12.448+0300][7268][13548][info ][gc,phases] GC(24) Concurrent Mark Free 0.001ms
[2025-05-20T21:44:12.448+0300][7268][13548][debug][gc,phases] GC(24) Concurrent References Process 0.292ms
[2025-05-20T21:44:12.448+0300][7268][13548][debug][gc,phases] GC(24) ClassLoaderData 0.019ms
[2025-05-20T21:44:12.448+0300][7268][13548][debug][gc,phases] GC(24) Trigger cleanups 0.001ms
[2025-05-20T21:44:12.455+0300][7268][13548][debug][gc,phases] GC(24) Concurrent Classes Unlink 5.427ms
[2025-05-20T21:44:12.455+0300][7268][13388][debug][safepoint] ... found polling page loop exception at pc = 0x000001e87399a71e, stub =0x000001e8732b5b00
[2025-05-20T21:44:12.455+0300][7268][11108][debug][safepoint] ... found polling page loop exception at pc = 0x000001e8738b0160, stub =0x000001e8732b5280
[2025-05-20T21:44:12.455+0300][7268][14360][debug][safepoint] ... found polling page loop exception at pc = 0x000001e8738b0160, stub =0x000001e8732b5280
[2025-05-20T21:44:12.455+0300][7268][17524][debug][safepoint] ... found polling page loop exception at pc = 0x000001e873957a49, stub =0x000001e8732b5280
[2025-05-20T21:44:12.455+0300][7268][14196][debug][safepoint] ... found polling page loop exception at pc = 0x000001e873a5bd44, stub =0x000001e8732b5280
[2025-05-20T21:44:12.455+0300][7268][12352][debug][safepoint] ... found polling page loop exception at pc = 0x000001e8738b0160, stub =0x000001e8732b5280
[2025-05-20T21:44:12.464+0300][7268][13548][debug][gc,phases] GC(24) Concurrent Classes Purge 0.073ms
[2025-05-20T21:44:12.464+0300][7268][13548][debug][gc,phases] GC(24) Concurrent References Enqueue 0.007ms
[2025-05-20T21:44:12.464+0300][7268][13548][info ][gc,phases] GC(24) Concurrent Process Non-Strong References 14.301ms
[2025-05-20T21:44:12.464+0300][7268][13548][info ][gc,phases] GC(24) Concurrent Reset Relocation Set 0.016ms
[2025-05-20T21:44:12.466+0300][7268][13548][info ][gc,phases] GC(24) Concurrent Select Relocation Set 2.766ms
[2025-05-20T21:44:12.466+0300][7268][16908][debug][safepoint] Safepoint synchronization initiated using striped semaphore wait barrier. (19 threads)
[2025-05-20T21:44:12.466+0300][7268][4208 ][debug][safepoint] ... found polling page loop exception at pc = 0x000001e8738b0160, stub =0x000001e8732b5280
[2025-05-20T21:44:12.466+0300][7268][15860][debug][safepoint] ... found polling page loop exception at pc = 0x000001e8738cec4b, stub =0x000001e8732b5b00
[2025-05-20T21:44:12.466+0300][7268][13388][debug][safepoint] ... found polling page loop exception at pc = 0x000001e8738e3e45, stub =0x000001e8732b5b00
[2025-05-20T21:44:12.466+0300][7268][12352][debug][safepoint] ... found polling page loop exception at pc = 0x000001e8738b0160, stub =0x000001e8732b5280
[2025-05-20T21:44:12.466+0300][7268][14196][debug][safepoint] ... found polling page loop exception at pc = 0x000001e8738abc20, stub =0x000001e8732b5b00
[2025-05-20T21:44:12.466+0300][7268][11108][debug][safepoint] ... found polling page loop exception at pc = 0x000001e873a5bd44, stub =0x000001e8732b5280
[2025-05-20T21:44:12.466+0300][7268][14360][debug][safepoint] ... found polling page loop exception at pc = 0x000001e8738abd86, stub =0x000001e8732b5b00
[2025-05-20T21:44:12.466+0300][7268][16908][info ][gc,phases] GC(24) Pause Relocate Start 0.009ms
[2025-05-20T21:44:12.466+0300][7268][16908][info ][safepoint] Safepoint "XRelocateStart", Time since last: 17265100 ns, Reaching safepoint: 371700 ns, Cleanup: 5400 ns, At safepoint: 69100 ns, Total: 446200 ns
[2025-05-20T21:44:12.466+0300][7268][13548][info ][gc,phases] GC(24) Concurrent Relocate 0.595ms
[2025-05-20T21:44:12.466+0300][7268][13548][debug][gc,heap  ] GC(24) Heap after GC invocations=25 (full 25):
[2025-05-20T21:44:12.466+0300][7268][13548][debug][gc,heap  ] GC(24)  ZHeap           used 172M, capacity 4096M, max capacity 4096M
[2025-05-20T21:44:12.466+0300][7268][13548][debug][gc,heap  ] GC(24)  Metaspace       used 8693K, committed 9600K, reserved 1114112K
[2025-05-20T21:44:12.466+0300][7268][13548][debug][gc,heap  ] GC(24)   class space    used 874K, committed 1280K, reserved 1048576K
[2025-05-20T21:44:12.466+0300][7268][13548][info ][gc,heap  ] GC(24) Min Capacity: 4096M(100%)
[2025-05-20T21:44:12.466+0300][7268][13548][info ][gc,heap  ] GC(24) Max Capacity: 4096M(100%)
[2025-05-20T21:44:12.466+0300][7268][13548][info ][gc,heap  ] GC(24) Soft Max Capacity: 4096M(100%)
[2025-05-20T21:44:12.466+0300][7268][13548][info ][gc,heap  ] GC(24)                Mark Start          Mark End        Relocate Start      Relocate End           High               Low         
[2025-05-20T21:44:12.466+0300][7268][13548][info ][gc,heap  ] GC(24)  Capacity:     4096M (100%)       4096M (100%)       4096M (100%)       4096M (100%)       4096M (100%)       4096M (100%)   
[2025-05-20T21:44:12.466+0300][7268][13548][info ][gc,heap  ] GC(24)      Free:      730M (18%)         642M (16%)        3344M (82%)        3924M (96%)        3924M (96%)         608M (15%)    
[2025-05-20T21:44:12.466+0300][7268][13548][info ][gc,heap  ] GC(24)      Used:     3366M (82%)        3454M (84%)         752M (18%)         172M (4%)         3488M (85%)         172M (4%)     
[2025-05-20T21:44:12.466+0300][7268][13548][info ][gc,heap  ] GC(24)      Live:         -                11M (0%)           11M (0%)           11M (0%)             -                  -          
[2025-05-20T21:44:12.466+0300][7268][13548][info ][gc,heap  ] GC(24) Allocated:         -                88M (2%)          132M (3%)          131M (3%)             -                  -          
[2025-05-20T21:44:12.466+0300][7268][13548][info ][gc,heap  ] GC(24)   Garbage:         -              3354M (82%)         608M (15%)          29M (1%)             -                  -          
[2025-05-20T21:44:12.466+0300][7268][13548][info ][gc,heap  ] GC(24) Reclaimed:         -                  -              2746M (67%)        3325M (81%)            -                  -          
[2025-05-20T21:44:12.466+0300][7268][13548][info ][gc       ] GC(24) Garbage Collection (Allocation Rate) 3366M(82%)->172M(4%)
[2025-05-20T21:44:13.472+0300][7268][16908][debug][safepoint] Safepoint synchronization initiated using striped semaphore wait barrier. (19 threads)
[2025-05-20T21:44:13.472+0300][7268][13388][debug][safepoint] ... found polling page loop exception at pc = 0x000001e8738b0160, stub =0x000001e8732b5280
[2025-05-20T21:44:13.472+0300][7268][11108][debug][safepoint] ... found polling page loop exception at pc = 0x000001e8738b0160, stub =0x000001e8732b5280
[2025-05-20T21:44:13.472+0300][7268][12352][debug][safepoint] ... found polling page loop exception at pc = 0x000001e8738b0160, stub =0x000001e8732b5280
[2025-05-20T21:44:13.472+0300][7268][15860][debug][safepoint] ... found polling page loop exception at pc = 0x000001e8738b0160, stub =0x000001e8732b5280
[2025-05-20T21:44:13.472+0300][7268][14360][debug][safepoint] ... found polling page loop exception at pc = 0x000001e8738b0160, stub =0x000001e8732b5280
[2025-05-20T21:44:13.472+0300][7268][14196][debug][safepoint] ... found polling page loop exception at pc = 0x000001e8738b0160, stub =0x000001e8732b5280
[2025-05-20T21:44:13.472+0300][7268][17524][debug][safepoint] ... found polling page loop exception at pc = 0x000001e8738b0160, stub =0x000001e8732b5280
[2025-05-20T21:44:13.472+0300][7268][16908][info ][safepoint] Safepoint "Cleanup", Time since last: 1004455900 ns, Reaching safepoint: 484700 ns, Cleanup: 24400 ns, At safepoint: 28400 ns, Total: 537500 ns
[2025-05-20T21:44:13.519+0300][7268][13548][debug][gc,heap  ] GC(25) Heap before GC invocations=25 (full 25):
[2025-05-20T21:44:13.519+0300][7268][13548][debug][gc,heap  ] GC(25)  ZHeap           used 3620M, capacity 4096M, max capacity 4096M
[2025-05-20T21:44:13.519+0300][7268][13548][debug][gc,heap  ] GC(25)  Metaspace       used 8693K, committed 9600K, reserved 1114112K
[2025-05-20T21:44:13.519+0300][7268][13548][debug][gc,heap  ] GC(25)   class space    used 874K, committed 1280K, reserved 1048576K
[2025-05-20T21:44:13.519+0300][7268][16908][debug][safepoint] Safepoint synchronization initiated using striped semaphore wait barrier. (19 threads)
[2025-05-20T21:44:13.519+0300][7268][12352][debug][safepoint] ... found polling page loop exception at pc = 0x000001e8738cec4b, stub =0x000001e8732b5b00
[2025-05-20T21:44:13.519+0300][7268][14196][debug][safepoint] ... found polling page loop exception at pc = 0x000001e8738b0160, stub =0x000001e8732b5280
[2025-05-20T21:44:13.519+0300][7268][14360][debug][safepoint] ... found polling page loop exception at pc = 0x000001e8738cec4b, stub =0x000001e8732b5b00
[2025-05-20T21:44:13.519+0300][7268][13388][debug][safepoint] ... found polling page loop exception at pc = 0x000001e8738b0160, stub =0x000001e8732b5280
[2025-05-20T21:44:13.519+0300][7268][16908][info ][gc,phases] GC(25) Pause Mark Start 0.028ms
[2025-05-20T21:44:13.519+0300][7268][16908][info ][safepoint] Safepoint "XMarkStart", Time since last: 47266200 ns, Reaching safepoint: 354300 ns, Cleanup: 7100 ns, At safepoint: 100000 ns, Total: 461400 ns
[2025-05-20T21:44:13.535+0300][7268][17524][debug][safepoint] ... found polling page loop exception at pc = 0x000001e8738b344c, stub =0x000001e8732b5b00
[2025-05-20T21:44:13.535+0300][7268][4208 ][debug][safepoint] ... found polling page loop exception at pc = 0x000001e8738b0160, stub =0x000001e8732b5280
[2025-05-20T21:44:13.535+0300][7268][13388][debug][safepoint] ... found polling page loop exception at pc = 0x000001e8738b0160, stub =0x000001e8732b5280
[2025-05-20T21:44:13.535+0300][7268][14360][debug][safepoint] ... found polling page loop exception at pc = 0x000001e8738b0160, stub =0x000001e8732b5280
[2025-05-20T21:44:13.535+0300][7268][15860][debug][safepoint] ... found polling page loop exception at pc = 0x000001e8738b0160, stub =0x000001e8732b5280
[2025-05-20T21:44:13.535+0300][7268][14196][debug][safepoint] ... found polling page loop exception at pc = 0x000001e8738abc20, stub =0x000001e8732b5b00
[2025-05-20T21:44:13.537+0300][7268][12352][debug][safepoint] ... found polling page loop exception at pc = 0x000001e8738adc42, stub =0x000001e8732b5b00
[2025-05-20T21:44:13.545+0300][7268][15860][debug][safepoint] ... found polling page loop exception at pc = 0x000001e8738b0160, stub =0x000001e8732b5280
[2025-05-20T21:44:13.545+0300][7268][17524][debug][safepoint] ... found polling page loop exception at pc = 0x000001e8738b0160, stub =0x000001e8732b5280
[2025-05-20T21:44:13.545+0300][7268][14196][debug][safepoint] ... found polling page loop exception at pc = 0x000001e8738ede55, stub =0x000001e8732b5b00
[2025-05-20T21:44:13.545+0300][7268][14360][debug][safepoint] ... found polling page loop exception at pc = 0x000001e8738b0160, stub =0x000001e8732b5280
[2025-05-20T21:44:13.545+0300][7268][4208 ][debug][safepoint] ... found polling page loop exception at pc = 0x000001e87399a71e, stub =0x000001e8732b5b00
[2025-05-20T21:44:13.545+0300][7268][12352][debug][safepoint] ... found polling page loop exception at pc = 0x000001e8738b0160, stub =0x000001e8732b5280
[2025-05-20T21:44:13.547+0300][7268][17524][debug][safepoint] ... found polling page loop exception at pc = 0x000001e8738b0160, stub =0x000001e8732b5280
[2025-05-20T21:44:13.547+0300][7268][15860][debug][safepoint] ... found polling page loop exception at pc = 0x000001e8738b0160, stub =0x000001e8732b5280
[2025-05-20T21:44:13.547+0300][7268][13388][debug][safepoint] ... found polling page loop exception at pc = 0x000001e8738b0160, stub =0x000001e8732b5280
[2025-05-20T21:44:13.547+0300][7268][4208 ][debug][safepoint] ... found polling page loop exception at pc = 0x000001e8738b0160, stub =0x000001e8732b5280
[2025-05-20T21:44:13.547+0300][7268][12352][debug][safepoint] ... found polling page loop exception at pc = 0x000001e8739db065, stub =0x000001e8732b5b00
[2025-05-20T21:44:13.547+0300][7268][13548][info ][gc,phases] GC(25) Concurrent Mark 28.339ms
[2025-05-20T21:44:13.547+0300][7268][16908][debug][safepoint] Safepoint synchronization initiated using striped semaphore wait barrier. (19 threads)
[2025-05-20T21:44:13.547+0300][7268][17524][debug][safepoint] ... found polling page loop exception at pc = 0x000001e8738b0160, stub =0x000001e8732b5280
[2025-05-20T21:44:13.547+0300][7268][14196][debug][safepoint] ... found polling page loop exception at pc = 0x000001e8738b0160, stub =0x000001e8732b5280
[2025-05-20T21:44:13.547+0300][7268][15860][debug][safepoint] ... found polling page loop exception at pc = 0x000001e8738b0160, stub =0x000001e8732b5280
[2025-05-20T21:44:13.547+0300][7268][12352][debug][safepoint] ... found polling page loop exception at pc = 0x000001e8738bec8e, stub =0x000001e8732b5b00
[2025-05-20T21:44:13.547+0300][7268][4208 ][debug][safepoint] ... found polling page loop exception at pc = 0x000001e8738b0160, stub =0x000001e8732b5280
[2025-05-20T21:44:13.547+0300][7268][14360][debug][safepoint] ... found polling page loop exception at pc = 0x000001e8738b0160, stub =0x000001e8732b5280
[2025-05-20T21:44:13.547+0300][7268][11108][debug][safepoint] ... found polling page loop exception at pc = 0x000001e8738b0160, stub =0x000001e8732b5280
[2025-05-20T21:44:13.547+0300][7268][16908][info ][gc,phases] GC(25) Pause Mark End 0.019ms
[2025-05-20T21:44:13.547+0300][7268][16908][info ][safepoint] Safepoint "XMarkEnd", Time since last: 28470100 ns, Reaching safepoint: 336900 ns, Cleanup: 6400 ns, At safepoint: 81000 ns, Total: 424300 ns
[2025-05-20T21:44:13.547+0300][7268][13548][info ][gc,phases] GC(25) Concurrent Mark Free 0.001ms
[2025-05-20T21:44:13.547+0300][7268][13548][debug][gc,phases] GC(25) Concurrent References Process 0.379ms
[2025-05-20T21:44:13.547+0300][7268][13548][debug][gc,phases] GC(25) ClassLoaderData 0.022ms
[2025-05-20T21:44:13.547+0300][7268][13548][debug][gc,phases] GC(25) Trigger cleanups 0.001ms
[2025-05-20T21:44:13.555+0300][7268][13548][debug][gc,phases] GC(25) Concurrent Classes Unlink 6.518ms
[2025-05-20T21:44:13.555+0300][7268][17524][debug][safepoint] ... found polling page loop exception at pc = 0x000001e8738b0160, stub =0x000001e8732b5280
[2025-05-20T21:44:13.555+0300][7268][13388][debug][safepoint] ... found polling page loop exception at pc = 0x000001e8738cec4b, stub =0x000001e8732b5b00
[2025-05-20T21:44:13.555+0300][7268][11108][debug][safepoint] ... found polling page loop exception at pc = 0x000001e8738b0160, stub =0x000001e8732b5280
[2025-05-20T21:44:13.555+0300][7268][12352][debug][safepoint] ... found polling page loop exception at pc = 0x000001e8738b0160, stub =0x000001e8732b5280
[2025-05-20T21:44:13.555+0300][7268][14196][debug][safepoint] ... found polling page loop exception at pc = 0x000001e873957c12, stub =0x000001e8732b5280
[2025-05-20T21:44:13.555+0300][7268][4208 ][debug][safepoint] ... found polling page loop exception at pc = 0x000001e873a5bd44, stub =0x000001e8732b5280
[2025-05-20T21:44:13.555+0300][7268][15860][debug][safepoint] ... found polling page loop exception at pc = 0x000001e8738cec4b, stub =0x000001e8732b5b00
[2025-05-20T21:44:13.555+0300][7268][13548][debug][gc,phases] GC(25) Concurrent Classes Purge 0.091ms
[2025-05-20T21:44:13.555+0300][7268][13548][debug][gc,phases] GC(25) Concurrent References Enqueue 0.006ms
[2025-05-20T21:44:13.555+0300][7268][13548][info ][gc,phases] GC(25) Concurrent Process Non-Strong References 8.883ms
[2025-05-20T21:44:13.555+0300][7268][13548][info ][gc,phases] GC(25) Concurrent Reset Relocation Set 0.012ms
[2025-05-20T21:44:13.560+0300][7268][13548][info ][gc,phases] GC(25) Concurrent Select Relocation Set 2.945ms
[2025-05-20T21:44:13.560+0300][7268][16908][debug][safepoint] Safepoint synchronization initiated using striped semaphore wait barrier. (19 threads)
[2025-05-20T21:44:13.560+0300][7268][17524][debug][safepoint] ... found polling page loop exception at pc = 0x000001e8738b0160, stub =0x000001e8732b5280
[2025-05-20T21:44:13.560+0300][7268][15860][debug][safepoint] ... found polling page loop exception at pc = 0x000001e8738b0160, stub =0x000001e8732b5280
[2025-05-20T21:44:13.560+0300][7268][11108][debug][safepoint] ... found polling page loop exception at pc = 0x000001e8738abc20, stub =0x000001e8732b5b00
[2025-05-20T21:44:13.560+0300][7268][14196][debug][safepoint] ... found polling page loop exception at pc = 0x000001e8738b0160, stub =0x000001e8732b5280
[2025-05-20T21:44:13.560+0300][7268][13388][debug][safepoint] ... found polling page loop exception at pc = 0x000001e8738b0160, stub =0x000001e8732b5280
[2025-05-20T21:44:13.560+0300][7268][12352][debug][safepoint] ... found polling page loop exception at pc = 0x000001e8738cec4b, stub =0x000001e8732b5b00
[2025-05-20T21:44:13.560+0300][7268][16908][info ][gc,phases] GC(25) Pause Relocate Start 0.009ms
[2025-05-20T21:44:13.560+0300][7268][16908][info ][safepoint] Safepoint "XRelocateStart", Time since last: 12040500 ns, Reaching safepoint: 310000 ns, Cleanup: 9900 ns, At safepoint: 75200 ns, Total: 395100 ns
[2025-05-20T21:44:13.560+0300][7268][13548][info ][gc,phases] GC(25) Concurrent Relocate 0.695ms
[2025-05-20T21:44:13.560+0300][7268][13548][debug][gc,heap  ] GC(25) Heap after GC invocations=26 (full 26):
[2025-05-20T21:44:13.560+0300][7268][13548][debug][gc,heap  ] GC(25)  ZHeap           used 144M, capacity 4096M, max capacity 4096M
[2025-05-20T21:44:13.560+0300][7268][13548][debug][gc,heap  ] GC(25)  Metaspace       used 8693K, committed 9600K, reserved 1114112K
[2025-05-20T21:44:13.560+0300][7268][13548][debug][gc,heap  ] GC(25)   class space    used 874K, committed 1280K, reserved 1048576K
[2025-05-20T21:44:13.560+0300][7268][13548][info ][gc,heap  ] GC(25) Min Capacity: 4096M(100%)
[2025-05-20T21:44:13.560+0300][7268][13548][info ][gc,heap  ] GC(25) Max Capacity: 4096M(100%)
[2025-05-20T21:44:13.560+0300][7268][13548][info ][gc,heap  ] GC(25) Soft Max Capacity: 4096M(100%)
[2025-05-20T21:44:13.560+0300][7268][13548][info ][gc,heap  ] GC(25)                Mark Start          Mark End        Relocate Start      Relocate End           High               Low         
[2025-05-20T21:44:13.560+0300][7268][13548][info ][gc,heap  ] GC(25)  Capacity:     4096M (100%)       4096M (100%)       4096M (100%)       4096M (100%)       4096M (100%)       4096M (100%)   
[2025-05-20T21:44:13.560+0300][7268][13548][info ][gc,heap  ] GC(25)      Free:      476M (12%)         402M (10%)        3324M (81%)        3954M (97%)        3954M (97%)         374M (9%)     
[2025-05-20T21:44:13.560+0300][7268][13548][info ][gc,heap  ] GC(25)      Used:     3620M (88%)        3694M (90%)         772M (19%)         142M (3%)         3722M (91%)         142M (3%)     
[2025-05-20T21:44:13.560+0300][7268][13548][info ][gc,heap  ] GC(25)      Live:         -                11M (0%)           11M (0%)           11M (0%)             -                  -          
[2025-05-20T21:44:13.560+0300][7268][13548][info ][gc,heap  ] GC(25) Allocated:         -                74M (2%)          102M (2%)          101M (2%)             -                  -          
[2025-05-20T21:44:13.560+0300][7268][13548][info ][gc,heap  ] GC(25)   Garbage:         -              3608M (88%)         658M (16%)          29M (1%)             -                  -          
[2025-05-20T21:44:13.560+0300][7268][13548][info ][gc,heap  ] GC(25) Reclaimed:         -                  -              2950M (72%)        3579M (87%)            -                  -          
[2025-05-20T21:44:13.560+0300][7268][13548][info ][gc       ] GC(25) Garbage Collection (Allocation Rate) 3620M(88%)->142M(3%)
[2025-05-20T21:44:14.616+0300][7268][13548][debug][gc,heap  ] GC(26) Heap before GC invocations=26 (full 26):
[2025-05-20T21:44:14.616+0300][7268][13548][debug][gc,heap  ] GC(26)  ZHeap           used 3506M, capacity 4096M, max capacity 4096M
[2025-05-20T21:44:14.616+0300][7268][13548][debug][gc,heap  ] GC(26)  Metaspace       used 8693K, committed 9600K, reserved 1114112K
[2025-05-20T21:44:14.616+0300][7268][13548][debug][gc,heap  ] GC(26)   class space    used 874K, committed 1280K, reserved 1048576K
[2025-05-20T21:44:14.616+0300][7268][16908][debug][safepoint] Safepoint synchronization initiated using striped semaphore wait barrier. (19 threads)
[2025-05-20T21:44:14.616+0300][7268][13388][debug][safepoint] ... found polling page loop exception at pc = 0x000001e8738b0160, stub =0x000001e8732b5280
[2025-05-20T21:44:14.616+0300][7268][11108][debug][safepoint] ... found polling page loop exception at pc = 0x000001e8738b0160, stub =0x000001e8732b5280
[2025-05-20T21:44:14.616+0300][7268][16908][info ][gc,phases] GC(26) Pause Mark Start 0.041ms
[2025-05-20T21:44:14.616+0300][7268][16908][info ][safepoint] Safepoint "XMarkStart", Time since last: 1054621500 ns, Reaching safepoint: 181600 ns, Cleanup: 14900 ns, At safepoint: 122000 ns, Total: 318500 ns
[2025-05-20T21:44:14.630+0300][7268][14360][debug][safepoint] ... found polling page loop exception at pc = 0x000001e8738bec8e, stub =0x000001e8732b5b00
[2025-05-20T21:44:14.630+0300][7268][15860][debug][safepoint] ... found polling page loop exception at pc = 0x000001e8738abd86, stub =0x000001e8732b5b00
[2025-05-20T21:44:14.630+0300][7268][11108][debug][safepoint] ... found polling page loop exception at pc = 0x000001e8738b0160, stub =0x000001e8732b5280
[2025-05-20T21:44:14.630+0300][7268][14196][debug][safepoint] ... found polling page loop exception at pc = 0x000001e8738b0160, stub =0x000001e8732b5280
[2025-05-20T21:44:14.630+0300][7268][12352][debug][safepoint] ... found polling page loop exception at pc = 0x000001e8739b6194, stub =0x000001e8732b5b00
[2025-05-20T21:44:14.630+0300][7268][17524][debug][safepoint] ... found polling page loop exception at pc = 0x000001e8738b0160, stub =0x000001e8732b5280
[2025-05-20T21:44:14.632+0300][7268][13388][debug][safepoint] ... found polling page loop exception at pc = 0x000001e8738b0160, stub =0x000001e8732b5280
[2025-05-20T21:44:14.632+0300][7268][17524][debug][safepoint] ... found polling page loop exception at pc = 0x000001e8738b0160, stub =0x000001e8732b5280
[2025-05-20T21:44:14.632+0300][7268][11108][debug][safepoint] ... found polling page loop exception at pc = 0x000001e8738adc42, stub =0x000001e8732b5b00
[2025-05-20T21:44:14.632+0300][7268][15860][debug][safepoint] ... found polling page loop exception at pc = 0x000001e8738b0160, stub =0x000001e8732b5280
[2025-05-20T21:44:14.632+0300][7268][14196][debug][safepoint] ... found polling page loop exception at pc = 0x000001e8738b0160, stub =0x000001e8732b5280
[2025-05-20T21:44:14.632+0300][7268][4208 ][debug][safepoint] ... found polling page loop exception at pc = 0x000001e8738b0160, stub =0x000001e8732b5280
[2025-05-20T21:44:14.632+0300][7268][14360][debug][safepoint] ... found polling page loop exception at pc = 0x000001e873a0933f, stub =0x000001e8732b5b00
[2025-05-20T21:44:14.632+0300][7268][12352][debug][safepoint] ... found polling page loop exception at pc = 0x000001e8738b0160, stub =0x000001e8732b5280
[2025-05-20T21:44:14.632+0300][7268][11108][debug][safepoint] ... found polling page loop exception at pc = 0x000001e87391254a, stub =0x000001e8732b5280
[2025-05-20T21:44:14.632+0300][7268][14196][debug][safepoint] ... found polling page loop exception at pc = 0x000001e8738b0160, stub =0x000001e8732b5280
[2025-05-20T21:44:14.632+0300][7268][17524][debug][safepoint] ... found polling page loop exception at pc = 0x000001e8738b0160, stub =0x000001e8732b5280
[2025-05-20T21:44:14.632+0300][7268][12352][debug][safepoint] ... found polling page loop exception at pc = 0x000001e8738b0160, stub =0x000001e8732b5280
[2025-05-20T21:44:14.632+0300][7268][4208 ][debug][safepoint] ... found polling page loop exception at pc = 0x000001e8738bec8e, stub =0x000001e8732b5b00
[2025-05-20T21:44:14.632+0300][7268][13388][debug][safepoint] ... found polling page loop exception at pc = 0x000001e8738b0160, stub =0x000001e8732b5280
[2025-05-20T21:44:14.648+0300][7268][13548][info ][gc,phases] GC(26) Concurrent Mark 31.476ms
[2025-05-20T21:44:14.648+0300][7268][16908][debug][safepoint] Safepoint synchronization initiated using striped semaphore wait barrier. (19 threads)
[2025-05-20T21:44:14.648+0300][7268][17524][debug][safepoint] ... found polling page loop exception at pc = 0x000001e873a5bd44, stub =0x000001e8732b5280
[2025-05-20T21:44:14.648+0300][7268][4208 ][debug][safepoint] ... found polling page loop exception at pc = 0x000001e8738b0160, stub =0x000001e8732b5280
[2025-05-20T21:44:14.648+0300][7268][13388][debug][safepoint] ... found polling page loop exception at pc = 0x000001e8738cec4b, stub =0x000001e8732b5b00
[2025-05-20T21:44:14.648+0300][7268][11108][debug][safepoint] ... found polling page loop exception at pc = 0x000001e8738b0160, stub =0x000001e8732b5280
[2025-05-20T21:44:14.648+0300][7268][15860][debug][safepoint] ... found polling page loop exception at pc = 0x000001e87399a71e, stub =0x000001e8732b5b00
[2025-05-20T21:44:14.648+0300][7268][16908][info ][gc,phases] GC(26) Pause Mark End 0.015ms
[2025-05-20T21:44:14.648+0300][7268][16908][info ][safepoint] Safepoint "XMarkEnd", Time since last: 31601600 ns, Reaching safepoint: 296300 ns, Cleanup: 6600 ns, At safepoint: 72100 ns, Total: 375000 ns
[2025-05-20T21:44:14.648+0300][7268][13548][info ][gc,phases] GC(26) Concurrent Mark Free 0.001ms
[2025-05-20T21:44:14.648+0300][7268][13548][debug][gc,phases] GC(26) Concurrent References Process 0.329ms
[2025-05-20T21:44:14.648+0300][7268][13548][debug][gc,phases] GC(26) ClassLoaderData 0.017ms
[2025-05-20T21:44:14.648+0300][7268][13548][debug][gc,phases] GC(26) Trigger cleanups 0.001ms
[2025-05-20T21:44:14.654+0300][7268][13548][debug][gc,phases] GC(26) Concurrent Classes Unlink 5.373ms
[2025-05-20T21:44:14.654+0300][7268][14196][debug][safepoint] ... found polling page loop exception at pc = 0x000001e873957c12, stub =0x000001e8732b5280
[2025-05-20T21:44:14.654+0300][7268][17524][debug][safepoint] ... found polling page loop exception at pc = 0x000001e8738bec8e, stub =0x000001e8732b5b00
[2025-05-20T21:44:14.654+0300][7268][15860][debug][safepoint] ... found polling page loop exception at pc = 0x000001e8738b0160, stub =0x000001e8732b5280
[2025-05-20T21:44:14.654+0300][7268][13388][debug][safepoint] ... found polling page loop exception at pc = 0x000001e8738adc42, stub =0x000001e8732b5b00
[2025-05-20T21:44:14.664+0300][7268][13548][debug][gc,phases] GC(26) Concurrent Classes Purge 0.077ms
[2025-05-20T21:44:14.664+0300][7268][13548][debug][gc,phases] GC(26) Concurrent References Enqueue 0.008ms
[2025-05-20T21:44:14.664+0300][7268][13548][info ][gc,phases] GC(26) Concurrent Process Non-Strong References 15.675ms
[2025-05-20T21:44:14.664+0300][7268][13548][info ][gc,phases] GC(26) Concurrent Reset Relocation Set 0.015ms
[2025-05-20T21:44:14.666+0300][7268][13548][info ][gc,phases] GC(26) Concurrent Select Relocation Set 2.914ms
[2025-05-20T21:44:14.666+0300][7268][16908][debug][safepoint] Safepoint synchronization initiated using striped semaphore wait barrier. (19 threads)
[2025-05-20T21:44:14.666+0300][7268][11108][debug][safepoint] ... found polling page loop exception at pc = 0x000001e873a5bd44, stub =0x000001e8732b5280
[2025-05-20T21:44:14.666+0300][7268][4208 ][debug][safepoint] ... found polling page loop exception at pc = 0x000001e8738b0160, stub =0x000001e8732b5280
[2025-05-20T21:44:14.666+0300][7268][13388][debug][safepoint] ... found polling page loop exception at pc = 0x000001e8738b0160, stub =0x000001e8732b5280
[2025-05-20T21:44:14.666+0300][7268][17524][debug][safepoint] ... found polling page loop exception at pc = 0x000001e8738b0160, stub =0x000001e8732b5280
[2025-05-20T21:44:14.666+0300][7268][12352][debug][safepoint] ... found polling page loop exception at pc = 0x000001e8738b0160, stub =0x000001e8732b5280
[2025-05-20T21:44:14.666+0300][7268][16908][info ][gc,phases] GC(26) Pause Relocate Start 0.008ms
[2025-05-20T21:44:14.666+0300][7268][16908][info ][safepoint] Safepoint "XRelocateStart", Time since last: 18794800 ns, Reaching safepoint: 324400 ns, Cleanup: 4200 ns, At safepoint: 66700 ns, Total: 395300 ns
[2025-05-20T21:44:14.666+0300][7268][13548][info ][gc,phases] GC(26) Concurrent Relocate 0.602ms
[2025-05-20T21:44:14.666+0300][7268][13548][debug][gc,heap  ] GC(26) Heap after GC invocations=27 (full 27):
[2025-05-20T21:44:14.666+0300][7268][13548][debug][gc,heap  ] GC(26)  ZHeap           used 202M, capacity 4096M, max capacity 4096M
[2025-05-20T21:44:14.666+0300][7268][13548][debug][gc,heap  ] GC(26)  Metaspace       used 8693K, committed 9600K, reserved 1114112K
[2025-05-20T21:44:14.666+0300][7268][13548][debug][gc,heap  ] GC(26)   class space    used 874K, committed 1280K, reserved 1048576K
[2025-05-20T21:44:14.666+0300][7268][13548][info ][gc,heap  ] GC(26) Min Capacity: 4096M(100%)
[2025-05-20T21:44:14.666+0300][7268][13548][info ][gc,heap  ] GC(26) Max Capacity: 4096M(100%)
[2025-05-20T21:44:14.666+0300][7268][13548][info ][gc,heap  ] GC(26) Soft Max Capacity: 4096M(100%)
[2025-05-20T21:44:14.666+0300][7268][13548][info ][gc,heap  ] GC(26)                Mark Start          Mark End        Relocate Start      Relocate End           High               Low         
[2025-05-20T21:44:14.666+0300][7268][13548][info ][gc,heap  ] GC(26)  Capacity:     4096M (100%)       4096M (100%)       4096M (100%)       4096M (100%)       4096M (100%)       4096M (100%)   
[2025-05-20T21:44:14.666+0300][7268][13548][info ][gc,heap  ] GC(26)      Free:      590M (14%)         486M (12%)        3290M (80%)        3894M (95%)        3894M (95%)         440M (11%)    
[2025-05-20T21:44:14.666+0300][7268][13548][info ][gc,heap  ] GC(26)      Used:     3506M (86%)        3610M (88%)         806M (20%)         202M (5%)         3656M (89%)         202M (5%)     
[2025-05-20T21:44:14.666+0300][7268][13548][info ][gc,heap  ] GC(26)      Live:         -                11M (0%)           11M (0%)           11M (0%)             -                  -          
[2025-05-20T21:44:14.666+0300][7268][13548][info ][gc,heap  ] GC(26) Allocated:         -               104M (3%)          162M (4%)          161M (4%)             -                  -          
[2025-05-20T21:44:14.666+0300][7268][13548][info ][gc,heap  ] GC(26)   Garbage:         -              3494M (85%)         632M (15%)          29M (1%)             -                  -          
[2025-05-20T21:44:14.666+0300][7268][13548][info ][gc,heap  ] GC(26) Reclaimed:         -                  -              2862M (70%)        3465M (85%)            -                  -          
[2025-05-20T21:44:14.666+0300][7268][13548][info ][gc       ] GC(26) Garbage Collection (Allocation Rate) 3506M(86%)->202M(5%)
[2025-05-20T21:44:15.722+0300][7268][13548][debug][gc,heap  ] GC(27) Heap before GC invocations=27 (full 27):
[2025-05-20T21:44:15.722+0300][7268][13548][debug][gc,heap  ] GC(27)  ZHeap           used 3576M, capacity 4096M, max capacity 4096M
[2025-05-20T21:44:15.722+0300][7268][13548][debug][gc,heap  ] GC(27)  Metaspace       used 8693K, committed 9600K, reserved 1114112K
[2025-05-20T21:44:15.722+0300][7268][13548][debug][gc,heap  ] GC(27)   class space    used 874K, committed 1280K, reserved 1048576K
[2025-05-20T21:44:15.722+0300][7268][16908][debug][safepoint] Safepoint synchronization initiated using striped semaphore wait barrier. (19 threads)
[2025-05-20T21:44:15.722+0300][7268][17524][debug][safepoint] ... found polling page loop exception at pc = 0x000001e8738b0160, stub =0x000001e8732b5280
[2025-05-20T21:44:15.722+0300][7268][14360][debug][safepoint] ... found polling page loop exception at pc = 0x000001e8738b0160, stub =0x000001e8732b5280
[2025-05-20T21:44:15.722+0300][7268][12352][debug][safepoint] ... found polling page loop exception at pc = 0x000001e8738b0160, stub =0x000001e8732b5280
[2025-05-20T21:44:15.722+0300][7268][13388][debug][safepoint] ... found polling page loop exception at pc = 0x000001e8738abd86, stub =0x000001e8732b5b00
[2025-05-20T21:44:15.722+0300][7268][15860][debug][safepoint] ... found polling page loop exception at pc = 0x000001e8738b0160, stub =0x000001e8732b5280
[2025-05-20T21:44:15.722+0300][7268][4208 ][debug][safepoint] ... found polling page loop exception at pc = 0x000001e8738ede55, stub =0x000001e8732b5b00
[2025-05-20T21:44:15.722+0300][7268][11108][debug][safepoint] ... found polling page loop exception at pc = 0x000001e873a5b439, stub =0x000001e8732b5280
[2025-05-20T21:44:15.722+0300][7268][14196][debug][safepoint] ... found polling page loop exception at pc = 0x000001e8738abc20, stub =0x000001e8732b5b00
[2025-05-20T21:44:15.722+0300][7268][16908][info ][gc,phases] GC(27) Pause Mark Start 0.010ms
[2025-05-20T21:44:15.722+0300][7268][16908][info ][safepoint] Safepoint "XMarkStart", Time since last: 1054578600 ns, Reaching safepoint: 397100 ns, Cleanup: 6400 ns, At safepoint: 66100 ns, Total: 469600 ns
[2025-05-20T21:44:15.736+0300][7268][11108][debug][safepoint] ... found polling page loop exception at pc = 0x000001e8738b0160, stub =0x000001e8732b5280
[2025-05-20T21:44:15.736+0300][7268][13388][debug][safepoint] ... found polling page loop exception at pc = 0x000001e8738b0160, stub =0x000001e8732b5280
[2025-05-20T21:44:15.736+0300][7268][4208 ][debug][safepoint] ... found polling page loop exception at pc = 0x000001e8738b0160, stub =0x000001e8732b5280
[2025-05-20T21:44:15.736+0300][7268][17524][debug][safepoint] ... found polling page loop exception at pc = 0x000001e8738b0160, stub =0x000001e8732b5280
[2025-05-20T21:44:15.736+0300][7268][11108][debug][safepoint] ... found polling page loop exception at pc = 0x000001e8738b0160, stub =0x000001e8732b5280
[2025-05-20T21:44:15.736+0300][7268][4208 ][debug][safepoint] ... found polling page loop exception at pc = 0x000001e8738b0160, stub =0x000001e8732b5280
[2025-05-20T21:44:15.736+0300][7268][14196][debug][safepoint] ... found polling page loop exception at pc = 0x000001e8738b0160, stub =0x000001e8732b5280
[2025-05-20T21:44:15.736+0300][7268][12352][debug][safepoint] ... found polling page loop exception at pc = 0x000001e8738bec8e, stub =0x000001e8732b5b00
[2025-05-20T21:44:15.738+0300][7268][11108][debug][safepoint] ... found polling page loop exception at pc = 0x000001e8738b0160, stub =0x000001e8732b5280
[2025-05-20T21:44:15.738+0300][7268][14196][debug][safepoint] ... found polling page loop exception at pc = 0x000001e87391254a, stub =0x000001e8732b5280
[2025-05-20T21:44:15.738+0300][7268][12352][debug][safepoint] ... found polling page loop exception at pc = 0x000001e8738b0160, stub =0x000001e8732b5280
[2025-05-20T21:44:15.738+0300][7268][15860][debug][safepoint] ... found polling page loop exception at pc = 0x000001e873957c12, stub =0x000001e8732b5280
[2025-05-20T21:44:15.738+0300][7268][14360][debug][safepoint] ... found polling page loop exception at pc = 0x000001e8738b0160, stub =0x000001e8732b5280
[2025-05-20T21:44:15.740+0300][7268][13548][info ][gc,phases] GC(27) Concurrent Mark 19.251ms
[2025-05-20T21:44:15.742+0300][7268][16908][debug][safepoint] Safepoint synchronization initiated using striped semaphore wait barrier. (19 threads)
[2025-05-20T21:44:15.742+0300][7268][15860][debug][safepoint] ... found polling page loop exception at pc = 0x000001e8738b0160, stub =0x000001e8732b5280
[2025-05-20T21:44:15.742+0300][7268][4208 ][debug][safepoint] ... found polling page loop exception at pc = 0x000001e873a5bd44, stub =0x000001e8732b5280
[2025-05-20T21:44:15.742+0300][7268][13388][debug][safepoint] ... found polling page loop exception at pc = 0x000001e8738bec8e, stub =0x000001e8732b5b00
[2025-05-20T21:44:15.742+0300][7268][17524][debug][safepoint] ... found polling page loop exception at pc = 0x000001e8738b0160, stub =0x000001e8732b5280
[2025-05-20T21:44:15.742+0300][7268][11108][debug][safepoint] ... found polling page loop exception at pc = 0x000001e8738b0160, stub =0x000001e8732b5280
[2025-05-20T21:44:15.742+0300][7268][16908][info ][gc,phases] GC(27) Pause Mark End 0.015ms
[2025-05-20T21:44:15.742+0300][7268][16908][info ][safepoint] Safepoint "XMarkEnd", Time since last: 19359900 ns, Reaching safepoint: 364900 ns, Cleanup: 12000 ns, At safepoint: 76500 ns, Total: 453400 ns
[2025-05-20T21:44:15.742+0300][7268][13548][info ][gc,phases] GC(27) Concurrent Mark Free 0.001ms
[2025-05-20T21:44:15.742+0300][7268][13548][debug][gc,phases] GC(27) Concurrent References Process 0.295ms
[2025-05-20T21:44:15.742+0300][7268][13548][debug][gc,phases] GC(27) ClassLoaderData 0.018ms
[2025-05-20T21:44:15.742+0300][7268][13548][debug][gc,phases] GC(27) Trigger cleanups 0.001ms
[2025-05-20T21:44:15.748+0300][7268][13548][debug][gc,phases] GC(27) Concurrent Classes Unlink 5.413ms
[2025-05-20T21:44:15.748+0300][7268][12352][debug][safepoint] ... found polling page loop exception at pc = 0x000001e8738b0160, stub =0x000001e8732b5280
[2025-05-20T21:44:15.748+0300][7268][11108][debug][safepoint] ... found polling page loop exception at pc = 0x000001e8738abd86, stub =0x000001e8732b5b00
[2025-05-20T21:44:15.748+0300][7268][4208 ][debug][safepoint] ... found polling page loop exception at pc = 0x000001e8738abd86, stub =0x000001e8732b5b00
[2025-05-20T21:44:15.748+0300][7268][15860][debug][safepoint] ... found polling page loop exception at pc = 0x000001e8738b0160, stub =0x000001e8732b5280
[2025-05-20T21:44:15.748+0300][7268][13388][debug][safepoint] ... found polling page loop exception at pc = 0x000001e8738b0160, stub =0x000001e8732b5280
[2025-05-20T21:44:15.748+0300][7268][17524][debug][safepoint] ... found polling page loop exception at pc = 0x000001e8738b0160, stub =0x000001e8732b5280
[2025-05-20T21:44:15.754+0300][7268][13548][debug][gc,phases] GC(27) Concurrent Classes Purge 0.016ms
[2025-05-20T21:44:15.754+0300][7268][13548][debug][gc,phases] GC(27) Concurrent References Enqueue 0.007ms
[2025-05-20T21:44:15.754+0300][7268][13548][info ][gc,phases] GC(27) Concurrent Process Non-Strong References 11.657ms
[2025-05-20T21:44:15.754+0300][7268][13548][info ][gc,phases] GC(27) Concurrent Reset Relocation Set 0.013ms
[2025-05-20T21:44:15.756+0300][7268][13548][info ][gc,phases] GC(27) Concurrent Select Relocation Set 2.955ms
[2025-05-20T21:44:15.756+0300][7268][16908][debug][safepoint] Safepoint synchronization initiated using striped semaphore wait barrier. (19 threads)
[2025-05-20T21:44:15.756+0300][7268][15860][debug][safepoint] ... found polling page loop exception at pc = 0x000001e8738b0160, stub =0x000001e8732b5280
[2025-05-20T21:44:15.756+0300][7268][14360][debug][safepoint] ... found polling page loop exception at pc = 0x000001e8738b0160, stub =0x000001e8732b5280
[2025-05-20T21:44:15.756+0300][7268][17524][debug][safepoint] ... found polling page loop exception at pc = 0x000001e8738b0160, stub =0x000001e8732b5280
[2025-05-20T21:44:15.756+0300][7268][11108][debug][safepoint] ... found polling page loop exception at pc = 0x000001e87392ed9f, stub =0x000001e8732b5b00
[2025-05-20T21:44:15.756+0300][7268][13388][debug][safepoint] ... found polling page loop exception at pc = 0x000001e8738b0160, stub =0x000001e8732b5280
[2025-05-20T21:44:15.756+0300][7268][16908][info ][gc,phases] GC(27) Pause Relocate Start 0.008ms
[2025-05-20T21:44:15.756+0300][7268][16908][info ][safepoint] Safepoint "XRelocateStart", Time since last: 14820800 ns, Reaching safepoint: 269900 ns, Cleanup: 4700 ns, At safepoint: 68600 ns, Total: 343200 ns
[2025-05-20T21:44:15.756+0300][7268][13548][info ][gc,phases] GC(27) Concurrent Relocate 0.621ms
[2025-05-20T21:44:15.756+0300][7268][13548][debug][gc,heap  ] GC(27) Heap after GC invocations=28 (full 28):
[2025-05-20T21:44:15.756+0300][7268][13548][debug][gc,heap  ] GC(27)  ZHeap           used 156M, capacity 4096M, max capacity 4096M
[2025-05-20T21:44:15.756+0300][7268][13548][debug][gc,heap  ] GC(27)  Metaspace       used 8693K, committed 9600K, reserved 1114112K
[2025-05-20T21:44:15.756+0300][7268][13548][debug][gc,heap  ] GC(27)   class space    used 874K, committed 1280K, reserved 1048576K
[2025-05-20T21:44:15.756+0300][7268][13548][info ][gc,heap  ] GC(27) Min Capacity: 4096M(100%)
[2025-05-20T21:44:15.756+0300][7268][13548][info ][gc,heap  ] GC(27) Max Capacity: 4096M(100%)
[2025-05-20T21:44:15.756+0300][7268][13548][info ][gc,heap  ] GC(27) Soft Max Capacity: 4096M(100%)
[2025-05-20T21:44:15.756+0300][7268][13548][info ][gc,heap  ] GC(27)                Mark Start          Mark End        Relocate Start      Relocate End           High               Low         
[2025-05-20T21:44:15.756+0300][7268][13548][info ][gc,heap  ] GC(27)  Capacity:     4096M (100%)       4096M (100%)       4096M (100%)       4096M (100%)       4096M (100%)       4096M (100%)   
[2025-05-20T21:44:15.756+0300][7268][13548][info ][gc,heap  ] GC(27)      Free:      520M (13%)         456M (11%)        3330M (81%)        3940M (96%)        3940M (96%)         418M (10%)    
[2025-05-20T21:44:15.756+0300][7268][13548][info ][gc,heap  ] GC(27)      Used:     3576M (87%)        3640M (89%)         766M (19%)         156M (4%)         3678M (90%)         156M (4%)     
[2025-05-20T21:44:15.756+0300][7268][13548][info ][gc,heap  ] GC(27)      Live:         -                11M (0%)           11M (0%)           11M (0%)             -                  -          
[2025-05-20T21:44:15.756+0300][7268][13548][info ][gc,heap  ] GC(27) Allocated:         -                64M (2%)          112M (3%)          115M (3%)             -                  -          
[2025-05-20T21:44:15.756+0300][7268][13548][info ][gc,heap  ] GC(27)   Garbage:         -              3564M (87%)         642M (16%)          29M (1%)             -                  -          
[2025-05-20T21:44:15.756+0300][7268][13548][info ][gc,heap  ] GC(27) Reclaimed:         -                  -              2922M (71%)        3535M (86%)            -                  -          
[2025-05-20T21:44:15.756+0300][7268][13548][info ][gc       ] GC(27) Garbage Collection (Allocation Rate) 3576M(87%)->156M(4%)
[2025-05-20T21:44:16.356+0300][7268][16908][debug][safepoint] Safepoint synchronization initiated using striped semaphore wait barrier. (11 threads)
