[2025-05-18T22:49:28.786+0300][15084][5540][info][gc,init] Initializing The Z Garbage Collector
[2025-05-18T22:49:28.786+0300][15084][5540][info][gc,init] Version: 21.0.7+6-LTS (release)
[2025-05-18T22:49:28.786+0300][15084][5540][info][gc,init] Using legacy single-generation mode
[2025-05-18T22:49:28.786+0300][15084][5540][info][gc,init] NUMA Support: Disabled
[2025-05-18T22:49:28.786+0300][15084][5540][info][gc,init] CPUs: 8 total, 8 available
[2025-05-18T22:49:28.786+0300][15084][5540][info][gc,init] Memory: 16183M
[2025-05-18T22:49:28.786+0300][15084][5540][info][gc,init] Large Page Support: Disabled
[2025-05-18T22:49:28.787+0300][15084][5540][info][gc,init] GC Workers: 2 (dynamic)
[2025-05-18T22:49:28.788+0300][15084][5540][info][gc,init] Address Space Type: Contiguous/Unrestricted/Complete
[2025-05-18T22:49:28.788+0300][15084][5540][info][gc,init] Address Space Size: 196608M x 3 = 589824M
[2025-05-18T22:49:28.788+0300][15084][5540][info][gc,init] Min Capacity: 12288M
[2025-05-18T22:49:28.788+0300][15084][5540][info][gc,init] Initial Capacity: 12288M
[2025-05-18T22:49:28.788+0300][15084][5540][info][gc,init] Max Capacity: 12288M
[2025-05-18T22:49:28.788+0300][15084][5540][info][gc,init] Medium Page Size: 32M
[2025-05-18T22:49:28.788+0300][15084][5540][info][gc,init] Pre-touch: Disabled
[2025-05-18T22:49:28.788+0300][15084][5540][info][gc,init] Uncommit: Implicitly Disabled (-Xms equals -Xmx)
[2025-05-18T22:49:29.053+0300][15084][5540][info][gc,init] Runtime Workers: 5
[2025-05-18T22:49:29.054+0300][15084][5540][info][gc     ] Using The Z Garbage Collector
[2025-05-18T22:49:29.068+0300][15084][5540][info][gc,metaspace] CDS archive(s) mapped at: [0x0000028552000000-0x0000028552c80000-0x0000028552c80000), size 13107200, SharedBaseAddress: 0x0000028552000000, ArchiveRelocationMode: 1.
[2025-05-18T22:49:29.068+0300][15084][5540][info][gc,metaspace] Compressed class space mapped at: 0x0000028553000000-0x0000028593000000, reserved size: 1073741824
[2025-05-18T22:49:29.068+0300][15084][5540][info][gc,metaspace] Narrow klass base: 0x0000028552000000, Narrow klass shift: 0, Narrow klass range: 0x100000000
[2025-05-18T22:49:32.728+0300][15084][15876][info][gc,start    ] GC(0) Garbage Collection (System.gc())
[2025-05-18T22:49:32.728+0300][15084][15876][info][gc,task     ] GC(0) Using 2 workers
[2025-05-18T22:49:32.729+0300][15084][17492][info][gc,phases   ] GC(0) Pause Mark Start 0.007ms
[2025-05-18T22:49:32.762+0300][15084][15876][info][gc,phases   ] GC(0) Concurrent Mark 33.584ms
[2025-05-18T22:49:32.762+0300][15084][17492][info][gc,phases   ] GC(0) Pause Mark End 0.026ms
[2025-05-18T22:49:32.762+0300][15084][15876][info][gc,phases   ] GC(0) Concurrent Mark Free 0.001ms
[2025-05-18T22:49:32.766+0300][15084][15876][info][gc,phases   ] GC(0) Concurrent Process Non-Strong References 4.550ms
[2025-05-18T22:49:32.766+0300][15084][15876][info][gc,phases   ] GC(0) Concurrent Reset Relocation Set 0.001ms
[2025-05-18T22:49:32.772+0300][15084][15876][info][gc,phases   ] GC(0) Concurrent Select Relocation Set 5.162ms
[2025-05-18T22:49:32.774+0300][15084][17492][info][gc,phases   ] GC(0) Pause Relocate Start 1.085ms
[2025-05-18T22:49:32.779+0300][15084][15876][info][gc,phases   ] GC(0) Concurrent Relocate 5.335ms
[2025-05-18T22:49:32.779+0300][15084][15876][info][gc,load     ] GC(0) Load: 0.00/0.00/0.00
[2025-05-18T22:49:32.779+0300][15084][15876][info][gc,mmu      ] GC(0) MMU: 2ms/45.7%, 5ms/78.3%, 10ms/89.1%, 20ms/94.4%, 50ms/97.8%, 100ms/98.9%
[2025-05-18T22:49:32.779+0300][15084][15876][info][gc,marking  ] GC(0) Mark: 2 stripe(s), 1 proactive flush(es), 1 terminate flush(es), 0 completion(s), 0 continuation(s) 
[2025-05-18T22:49:32.779+0300][15084][15876][info][gc,marking  ] GC(0) Mark Stack Usage: 32M
[2025-05-18T22:49:32.779+0300][15084][15876][info][gc,nmethod  ] GC(0) NMethods: 2790 registered, 563 unregistered
[2025-05-18T22:49:32.779+0300][15084][15876][info][gc,metaspace] GC(0) Metaspace: 14M used, 15M committed, 1088M reserved
[2025-05-18T22:49:32.779+0300][15084][15876][info][gc,ref      ] GC(0) Soft: 3852 encountered, 0 discovered, 0 enqueued
[2025-05-18T22:49:32.779+0300][15084][15876][info][gc,ref      ] GC(0) Weak: 2618 encountered, 998 discovered, 780 enqueued
[2025-05-18T22:49:32.779+0300][15084][15876][info][gc,ref      ] GC(0) Final: 3 encountered, 0 discovered, 0 enqueued
[2025-05-18T22:49:32.779+0300][15084][15876][info][gc,ref      ] GC(0) Phantom: 912 encountered, 860 discovered, 673 enqueued
[2025-05-18T22:49:32.779+0300][15084][15876][info][gc,reloc    ] GC(0) Small Pages: 97 / 194M, Empty: 0M, Relocated: 11M, In-Place: 0
[2025-05-18T22:49:32.779+0300][15084][15876][info][gc,reloc    ] GC(0) Medium Pages: 0 / 0M, Empty: 0M, Relocated: 0M, In-Place: 0
[2025-05-18T22:49:32.779+0300][15084][15876][info][gc,reloc    ] GC(0) Large Pages: 0 / 0M, Empty: 0M, Relocated: 0M, In-Place: 0
[2025-05-18T22:49:32.779+0300][15084][15876][info][gc,reloc    ] GC(0) Forwarding Usage: 4M
[2025-05-18T22:49:32.779+0300][15084][15876][info][gc,heap     ] GC(0) Min Capacity: 12288M(100%)
[2025-05-18T22:49:32.779+0300][15084][15876][info][gc,heap     ] GC(0) Max Capacity: 12288M(100%)
[2025-05-18T22:49:32.779+0300][15084][15876][info][gc,heap     ] GC(0) Soft Max Capacity: 12288M(100%)
[2025-05-18T22:49:32.779+0300][15084][15876][info][gc,heap     ] GC(0)                Mark Start          Mark End        Relocate Start      Relocate End           High               Low         
[2025-05-18T22:49:32.779+0300][15084][15876][info][gc,heap     ] GC(0)  Capacity:    12288M (100%)      12288M (100%)      12288M (100%)      12288M (100%)      12288M (100%)      12288M (100%)   
[2025-05-18T22:49:32.779+0300][15084][15876][info][gc,heap     ] GC(0)      Free:    12094M (98%)       12094M (98%)       12090M (98%)       12270M (100%)      12270M (100%)      12088M (98%)    
[2025-05-18T22:49:32.779+0300][15084][15876][info][gc,heap     ] GC(0)      Used:      194M (2%)          194M (2%)          198M (2%)           18M (0%)          200M (2%)           18M (0%)     
[2025-05-18T22:49:32.779+0300][15084][15876][info][gc,heap     ] GC(0)      Live:         -                11M (0%)           11M (0%)           11M (0%)             -                  -          
[2025-05-18T22:49:32.779+0300][15084][15876][info][gc,heap     ] GC(0) Allocated:         -                 0M (0%)            4M (0%)            4M (0%)             -                  -          
[2025-05-18T22:49:32.779+0300][15084][15876][info][gc,heap     ] GC(0)   Garbage:         -               182M (1%)          182M (1%)            2M (0%)             -                  -          
[2025-05-18T22:49:32.779+0300][15084][15876][info][gc,heap     ] GC(0) Reclaimed:         -                  -                 0M (0%)          180M (1%)             -                  -          
[2025-05-18T22:49:32.779+0300][15084][15876][info][gc          ] GC(0) Garbage Collection (System.gc()) 194M(2%)->18M(0%)
[2025-05-18T22:49:33.712+0300][15084][15876][info][gc,start    ] GC(1) Garbage Collection (Metadata GC Threshold)
[2025-05-18T22:49:33.712+0300][15084][15876][info][gc,task     ] GC(1) Using 2 workers
[2025-05-18T22:49:33.712+0300][15084][17492][info][gc,phases   ] GC(1) Pause Mark Start 0.006ms
[2025-05-18T22:49:33.742+0300][15084][15876][info][gc,phases   ] GC(1) Concurrent Mark 29.894ms
[2025-05-18T22:49:33.742+0300][15084][17492][info][gc,phases   ] GC(1) Pause Mark End 0.021ms
[2025-05-18T22:49:33.742+0300][15084][15876][info][gc,phases   ] GC(1) Concurrent Mark Free 0.001ms
[2025-05-18T22:49:33.758+0300][15084][15876][info][gc,phases   ] GC(1) Concurrent Process Non-Strong References 16.020ms
[2025-05-18T22:49:33.758+0300][15084][15876][info][gc,phases   ] GC(1) Concurrent Reset Relocation Set 0.012ms
[2025-05-18T22:49:33.760+0300][15084][15876][info][gc,phases   ] GC(1) Concurrent Select Relocation Set 1.862ms
[2025-05-18T22:49:33.760+0300][15084][17492][info][gc,phases   ] GC(1) Pause Relocate Start 0.009ms
[2025-05-18T22:49:33.762+0300][15084][15876][info][gc,phases   ] GC(1) Concurrent Relocate 2.283ms
[2025-05-18T22:49:33.762+0300][15084][15876][info][gc,load     ] GC(1) Load: 0.00/0.00/0.00
[2025-05-18T22:49:33.762+0300][15084][15876][info][gc,mmu      ] GC(1) MMU: 2ms/45.7%, 5ms/78.3%, 10ms/89.1%, 20ms/94.4%, 50ms/97.8%, 100ms/98.9%
[2025-05-18T22:49:33.763+0300][15084][15876][info][gc,marking  ] GC(1) Mark: 2 stripe(s), 2 proactive flush(es), 1 terminate flush(es), 0 completion(s), 0 continuation(s) 
[2025-05-18T22:49:33.763+0300][15084][15876][info][gc,marking  ] GC(1) Mark Stack Usage: 32M
[2025-05-18T22:49:33.763+0300][15084][15876][info][gc,nmethod  ] GC(1) NMethods: 3358 registered, 745 unregistered
[2025-05-18T22:49:33.763+0300][15084][15876][info][gc,metaspace] GC(1) Metaspace: 25M used, 25M committed, 1088M reserved
[2025-05-18T22:49:33.763+0300][15084][15876][info][gc,ref      ] GC(1) Soft: 4006 encountered, 0 discovered, 0 enqueued
[2025-05-18T22:49:33.763+0300][15084][15876][info][gc,ref      ] GC(1) Weak: 2337 encountered, 617 discovered, 158 enqueued
[2025-05-18T22:49:33.763+0300][15084][15876][info][gc,ref      ] GC(1) Final: 3 encountered, 2 discovered, 0 enqueued
[2025-05-18T22:49:33.763+0300][15084][15876][info][gc,ref      ] GC(1) Phantom: 329 encountered, 181 discovered, 58 enqueued
[2025-05-18T22:49:33.763+0300][15084][15876][info][gc,reloc    ] GC(1) Small Pages: 76 / 152M, Empty: 32M, Relocated: 4M, In-Place: 0
[2025-05-18T22:49:33.763+0300][15084][15876][info][gc,reloc    ] GC(1) Medium Pages: 1 / 32M, Empty: 0M, Relocated: 0M, In-Place: 0
[2025-05-18T22:49:33.763+0300][15084][15876][info][gc,reloc    ] GC(1) Large Pages: 0 / 0M, Empty: 0M, Relocated: 0M, In-Place: 0
[2025-05-18T22:49:33.763+0300][15084][15876][info][gc,reloc    ] GC(1) Forwarding Usage: 1M
[2025-05-18T22:49:33.763+0300][15084][15876][info][gc,heap     ] GC(1) Min Capacity: 12288M(100%)
[2025-05-18T22:49:33.763+0300][15084][15876][info][gc,heap     ] GC(1) Max Capacity: 12288M(100%)
[2025-05-18T22:49:33.763+0300][15084][15876][info][gc,heap     ] GC(1) Soft Max Capacity: 12288M(100%)
[2025-05-18T22:49:33.763+0300][15084][15876][info][gc,heap     ] GC(1)                Mark Start          Mark End        Relocate Start      Relocate End           High               Low         
[2025-05-18T22:49:33.763+0300][15084][15876][info][gc,heap     ] GC(1)  Capacity:    12288M (100%)      12288M (100%)      12288M (100%)      12288M (100%)      12288M (100%)      12288M (100%)   
[2025-05-18T22:49:33.763+0300][15084][15876][info][gc,heap     ] GC(1)      Free:    12104M (99%)       12098M (98%)       12126M (99%)       12228M (100%)      12228M (100%)      12094M (98%)    
[2025-05-18T22:49:33.763+0300][15084][15876][info][gc,heap     ] GC(1)      Used:      184M (1%)          190M (2%)          162M (1%)           60M (0%)          194M (2%)           60M (0%)     
[2025-05-18T22:49:33.763+0300][15084][15876][info][gc,heap     ] GC(1)      Live:         -                16M (0%)           16M (0%)           16M (0%)             -                  -          
[2025-05-18T22:49:33.763+0300][15084][15876][info][gc,heap     ] GC(1) Allocated:         -                 6M (0%)           10M (0%)            9M (0%)             -                  -          
[2025-05-18T22:49:33.763+0300][15084][15876][info][gc,heap     ] GC(1)   Garbage:         -               167M (1%)          135M (1%)           33M (0%)             -                  -          
[2025-05-18T22:49:33.763+0300][15084][15876][info][gc,heap     ] GC(1) Reclaimed:         -                  -                32M (0%)          133M (1%)             -                  -          
[2025-05-18T22:49:33.763+0300][15084][15876][info][gc          ] GC(1) Garbage Collection (Metadata GC Threshold) 184M(1%)->60M(0%)
[2025-05-18T22:49:39.081+0300][15084][17464][info][gc,stats    ] === Garbage Collection Statistics =======================================================================================================================
[2025-05-18T22:49:39.081+0300][15084][17464][info][gc,stats    ]                                                              Last 10s              Last 10m              Last 10h                Total
[2025-05-18T22:49:39.081+0300][15084][17464][info][gc,stats    ]                                                              Avg / Max             Avg / Max             Avg / Max             Avg / Max
[2025-05-18T22:49:39.081+0300][15084][17464][info][gc,stats    ]   Collector: Garbage Collection Cycle                     50.768 / 50.796       50.768 / 50.796       50.768 / 50.796       50.768 / 50.796      ms
[2025-05-18T22:49:39.081+0300][15084][17464][info][gc,stats    ]  Contention: Mark Segment Reset Contention                     0 / 0                 0 / 0                 0 / 0                 0 / 0           ops/s
[2025-05-18T22:49:39.081+0300][15084][17464][info][gc,stats    ]  Contention: Mark SeqNum Reset Contention                      0 / 0                 0 / 0                 0 / 0                 0 / 0           ops/s
[2025-05-18T22:49:39.081+0300][15084][17464][info][gc,stats    ]    Critical: Allocation Stall                                  0 / 0                 0 / 0                 0 / 0                 0 / 0           ops/s
[2025-05-18T22:49:39.081+0300][15084][17464][info][gc,stats    ]    Critical: Allocation Stall                              0.000 / 0.000         0.000 / 0.000         0.000 / 0.000         0.000 / 0.000       ms
[2025-05-18T22:49:39.081+0300][15084][17464][info][gc,stats    ]    Critical: GC Locker Stall                                   0 / 0                 0 / 0                 0 / 0                 0 / 0           ops/s
[2025-05-18T22:49:39.081+0300][15084][17464][info][gc,stats    ]    Critical: GC Locker Stall                               0.000 / 0.000         0.000 / 0.000         0.000 / 0.000         0.000 / 0.000       ms
[2025-05-18T22:49:39.081+0300][15084][17464][info][gc,stats    ]    Critical: Relocation Stall                                  0 / 0                 0 / 0                 0 / 0                 0 / 0           ops/s
[2025-05-18T22:49:39.081+0300][15084][17464][info][gc,stats    ]    Critical: Relocation Stall                              0.000 / 0.000         0.000 / 0.000         0.000 / 0.000         0.000 / 0.000       ms
[2025-05-18T22:49:39.081+0300][15084][17464][info][gc,stats    ]      Memory: Allocation Rate                                  67 / 146              67 / 146              67 / 146              67 / 146         MB/s
[2025-05-18T22:49:39.081+0300][15084][17464][info][gc,stats    ]      Memory: Defragment                                        0 / 0                 0 / 0                 0 / 0                 0 / 0           ops/s
[2025-05-18T22:49:39.081+0300][15084][17464][info][gc,stats    ]      Memory: Out Of Memory                                     0 / 0                 0 / 0                 0 / 0                 0 / 0           ops/s
[2025-05-18T22:49:39.081+0300][15084][17464][info][gc,stats    ]      Memory: Page Cache Flush                                  0 / 0                 0 / 0                 0 / 0                 0 / 0           MB/s
[2025-05-18T22:49:39.081+0300][15084][17464][info][gc,stats    ]      Memory: Page Cache Hit L1                                16 / 76               16 / 76               16 / 76               16 / 76          ops/s
[2025-05-18T22:49:39.081+0300][15084][17464][info][gc,stats    ]      Memory: Page Cache Hit L2                                 0 / 0                 0 / 0                 0 / 0                 0 / 0           ops/s
[2025-05-18T22:49:39.081+0300][15084][17464][info][gc,stats    ]      Memory: Page Cache Hit L3                                16 / 34               16 / 34               16 / 34               16 / 34          ops/s
[2025-05-18T22:49:39.081+0300][15084][17464][info][gc,stats    ]      Memory: Page Cache Miss                                   0 / 1                 0 / 1                 0 / 1                 0 / 1           ops/s
[2025-05-18T22:49:39.081+0300][15084][17464][info][gc,stats    ]      Memory: Uncommit                                          0 / 0                 0 / 0                 0 / 0                 0 / 0           MB/s
[2025-05-18T22:49:39.081+0300][15084][17464][info][gc,stats    ]      Memory: Undo Object Allocation Failed                     0 / 0                 0 / 0                 0 / 0                 0 / 0           ops/s
[2025-05-18T22:49:39.081+0300][15084][17464][info][gc,stats    ]      Memory: Undo Object Allocation Succeeded                  0 / 0                 0 / 0                 0 / 0                 0 / 0           ops/s
[2025-05-18T22:49:39.081+0300][15084][17464][info][gc,stats    ]      Memory: Undo Page Allocation                              0 / 0                 0 / 0                 0 / 0                 0 / 0           ops/s
[2025-05-18T22:49:39.081+0300][15084][17464][info][gc,stats    ]       Phase: Concurrent Mark                              31.739 / 33.584       31.739 / 33.584       31.739 / 33.584       31.739 / 33.584      ms
[2025-05-18T22:49:39.081+0300][15084][17464][info][gc,stats    ]       Phase: Concurrent Mark Continue                      0.000 / 0.000         0.000 / 0.000         0.000 / 0.000         0.000 / 0.000       ms
[2025-05-18T22:49:39.081+0300][15084][17464][info][gc,stats    ]       Phase: Concurrent Mark Free                          0.001 / 0.001         0.001 / 0.001         0.001 / 0.001         0.001 / 0.001       ms
[2025-05-18T22:49:39.081+0300][15084][17464][info][gc,stats    ]       Phase: Concurrent Process Non-Strong References     10.285 / 16.020       10.285 / 16.020       10.285 / 16.020       10.285 / 16.020      ms
[2025-05-18T22:49:39.081+0300][15084][17464][info][gc,stats    ]       Phase: Concurrent Relocate                           3.809 / 5.335         3.809 / 5.335         3.809 / 5.335         3.809 / 5.335       ms
[2025-05-18T22:49:39.081+0300][15084][17464][info][gc,stats    ]       Phase: Concurrent Reset Relocation Set               0.006 / 0.012         0.006 / 0.012         0.006 / 0.012         0.006 / 0.012       ms
[2025-05-18T22:49:39.081+0300][15084][17464][info][gc,stats    ]       Phase: Concurrent Select Relocation Set              3.512 / 5.162         3.512 / 5.162         3.512 / 5.162         3.512 / 5.162       ms
[2025-05-18T22:49:39.081+0300][15084][17464][info][gc,stats    ]       Phase: Pause Mark End                                0.024 / 0.026         0.024 / 0.026         0.024 / 0.026         0.024 / 0.026       ms
[2025-05-18T22:49:39.081+0300][15084][17464][info][gc,stats    ]       Phase: Pause Mark Start                              0.007 / 0.007         0.007 / 0.007         0.007 / 0.007         0.007 / 0.007       ms
[2025-05-18T22:49:39.081+0300][15084][17464][info][gc,stats    ]       Phase: Pause Relocate Start                          0.547 / 1.085         0.547 / 1.085         0.547 / 1.085         0.547 / 1.085       ms
[2025-05-18T22:49:39.081+0300][15084][17464][info][gc,stats    ]    Subphase: Concurrent Classes Purge                      0.583 / 0.766         0.583 / 0.766         0.583 / 0.766         0.583 / 0.766       ms
[2025-05-18T22:49:39.081+0300][15084][17464][info][gc,stats    ]    Subphase: Concurrent Classes Unlink                     4.208 / 5.506         4.208 / 5.506         4.208 / 5.506         4.208 / 5.506       ms
[2025-05-18T22:49:39.081+0300][15084][17464][info][gc,stats    ]    Subphase: Concurrent Mark                              26.100 / 32.456       26.100 / 32.456       26.100 / 32.456       26.100 / 32.456      ms
[2025-05-18T22:49:39.081+0300][15084][17464][info][gc,stats    ]    Subphase: Concurrent Mark Try Flush                     0.120 / 0.178         0.120 / 0.178         0.120 / 0.178         0.120 / 0.178       ms
[2025-05-18T22:49:39.081+0300][15084][17464][info][gc,stats    ]    Subphase: Concurrent Mark Try Terminate                 2.676 / 14.031        2.676 / 14.031        2.676 / 14.031        2.676 / 14.031      ms
[2025-05-18T22:49:39.081+0300][15084][17464][info][gc,stats    ]    Subphase: Concurrent References Enqueue                 0.004 / 0.005         0.004 / 0.005         0.004 / 0.005         0.004 / 0.005       ms
[2025-05-18T22:49:39.081+0300][15084][17464][info][gc,stats    ]    Subphase: Concurrent References Process                 0.197 / 0.222         0.197 / 0.222         0.197 / 0.222         0.197 / 0.222       ms
[2025-05-18T22:49:39.081+0300][15084][17464][info][gc,stats    ]    Subphase: Concurrent Roots ClassLoaderDataGraph         0.121 / 0.255         0.121 / 0.255         0.121 / 0.255         0.121 / 0.255       ms
[2025-05-18T22:49:39.081+0300][15084][17464][info][gc,stats    ]    Subphase: Concurrent Roots CodeCache                    0.000 / 0.000         0.000 / 0.000         0.000 / 0.000         0.000 / 0.000       ms
[2025-05-18T22:49:39.081+0300][15084][17464][info][gc,stats    ]    Subphase: Concurrent Roots JavaThreads                  1.925 / 3.315         1.925 / 3.315         1.925 / 3.315         1.925 / 3.315       ms
[2025-05-18T22:49:39.081+0300][15084][17464][info][gc,stats    ]    Subphase: Concurrent Roots OopStorageSet                0.046 / 0.074         0.046 / 0.074         0.046 / 0.074         0.046 / 0.074       ms
[2025-05-18T22:49:39.081+0300][15084][17464][info][gc,stats    ]    Subphase: Concurrent Weak Roots OopStorageSet           0.774 / 1.152         0.774 / 1.152         0.774 / 1.152         0.774 / 1.152       ms
[2025-05-18T22:49:39.081+0300][15084][17464][info][gc,stats    ]    Subphase: Pause Mark Try Complete                       0.000 / 0.000         0.000 / 0.000         0.000 / 0.000         0.000 / 0.000       ms
[2025-05-18T22:49:39.081+0300][15084][17464][info][gc,stats    ]      System: Java Threads                                     29 / 34               29 / 34               29 / 34               29 / 34          threads
[2025-05-18T22:49:39.081+0300][15084][17464][info][gc,stats    ] =========================================================================================================================================================
[2025-05-18T22:49:49.093+0300][15084][17464][info][gc,stats    ] === Garbage Collection Statistics =======================================================================================================================
[2025-05-18T22:49:49.093+0300][15084][17464][info][gc,stats    ]                                                              Last 10s              Last 10m              Last 10h                Total
[2025-05-18T22:49:49.093+0300][15084][17464][info][gc,stats    ]                                                              Avg / Max             Avg / Max             Avg / Max             Avg / Max
[2025-05-18T22:49:49.093+0300][15084][17464][info][gc,stats    ]   Collector: Garbage Collection Cycle                      0.000 / 0.000        50.768 / 50.796       50.768 / 50.796       50.768 / 50.796      ms
[2025-05-18T22:49:49.093+0300][15084][17464][info][gc,stats    ]  Contention: Mark Segment Reset Contention                     0 / 0                 0 / 0                 0 / 0                 0 / 0           ops/s
[2025-05-18T22:49:49.093+0300][15084][17464][info][gc,stats    ]  Contention: Mark SeqNum Reset Contention                      0 / 0                 0 / 0                 0 / 0                 0 / 0           ops/s
[2025-05-18T22:49:49.093+0300][15084][17464][info][gc,stats    ]    Critical: Allocation Stall                                  0 / 0                 0 / 0                 0 / 0                 0 / 0           ops/s
[2025-05-18T22:49:49.093+0300][15084][17464][info][gc,stats    ]    Critical: Allocation Stall                              0.000 / 0.000         0.000 / 0.000         0.000 / 0.000         0.000 / 0.000       ms
[2025-05-18T22:49:49.093+0300][15084][17464][info][gc,stats    ]    Critical: GC Locker Stall                                   0 / 0                 0 / 0                 0 / 0                 0 / 0           ops/s
[2025-05-18T22:49:49.093+0300][15084][17464][info][gc,stats    ]    Critical: GC Locker Stall                               0.000 / 0.000         0.000 / 0.000         0.000 / 0.000         0.000 / 0.000       ms
[2025-05-18T22:49:49.093+0300][15084][17464][info][gc,stats    ]    Critical: Relocation Stall                                  0 / 0                 0 / 0                 0 / 0                 0 / 0           ops/s
[2025-05-18T22:49:49.093+0300][15084][17464][info][gc,stats    ]    Critical: Relocation Stall                              0.000 / 0.000         0.000 / 0.000         0.000 / 0.000         0.000 / 0.000       ms
[2025-05-18T22:49:49.093+0300][15084][17464][info][gc,stats    ]      Memory: Allocation Rate                                  36 / 42               51 / 146              51 / 146              51 / 146         MB/s
[2025-05-18T22:49:49.093+0300][15084][17464][info][gc,stats    ]      Memory: Defragment                                        0 / 0                 0 / 0                 0 / 0                 0 / 0           ops/s
[2025-05-18T22:49:49.093+0300][15084][17464][info][gc,stats    ]      Memory: Out Of Memory                                     0 / 0                 0 / 0                 0 / 0                 0 / 0           ops/s
[2025-05-18T22:49:49.093+0300][15084][17464][info][gc,stats    ]      Memory: Page Cache Flush                                  0 / 0                 0 / 0                 0 / 0                 0 / 0           MB/s
[2025-05-18T22:49:49.093+0300][15084][17464][info][gc,stats    ]      Memory: Page Cache Hit L1                                 0 / 1                 8 / 76                8 / 76                8 / 76          ops/s
[2025-05-18T22:49:49.093+0300][15084][17464][info][gc,stats    ]      Memory: Page Cache Hit L2                                 0 / 0                 0 / 0                 0 / 0                 0 / 0           ops/s
[2025-05-18T22:49:49.093+0300][15084][17464][info][gc,stats    ]      Memory: Page Cache Hit L3                                17 / 20               17 / 34               17 / 34               17 / 34          ops/s
[2025-05-18T22:49:49.093+0300][15084][17464][info][gc,stats    ]      Memory: Page Cache Miss                                   0 / 0                 0 / 1                 0 / 1                 0 / 1           ops/s
[2025-05-18T22:49:49.093+0300][15084][17464][info][gc,stats    ]      Memory: Uncommit                                          0 / 0                 0 / 0                 0 / 0                 0 / 0           MB/s
[2025-05-18T22:49:49.093+0300][15084][17464][info][gc,stats    ]      Memory: Undo Object Allocation Failed                     0 / 0                 0 / 0                 0 / 0                 0 / 0           ops/s
[2025-05-18T22:49:49.093+0300][15084][17464][info][gc,stats    ]      Memory: Undo Object Allocation Succeeded                  0 / 0                 0 / 0                 0 / 0                 0 / 0           ops/s
[2025-05-18T22:49:49.093+0300][15084][17464][info][gc,stats    ]      Memory: Undo Page Allocation                              0 / 1                 0 / 1                 0 / 1                 0 / 1           ops/s
[2025-05-18T22:49:49.093+0300][15084][17464][info][gc,stats    ]       Phase: Concurrent Mark                               0.000 / 0.000        31.739 / 33.584       31.739 / 33.584       31.739 / 33.584      ms
[2025-05-18T22:49:49.093+0300][15084][17464][info][gc,stats    ]       Phase: Concurrent Mark Continue                      0.000 / 0.000         0.000 / 0.000         0.000 / 0.000         0.000 / 0.000       ms
[2025-05-18T22:49:49.093+0300][15084][17464][info][gc,stats    ]       Phase: Concurrent Mark Free                          0.000 / 0.000         0.001 / 0.001         0.001 / 0.001         0.001 / 0.001       ms
[2025-05-18T22:49:49.093+0300][15084][17464][info][gc,stats    ]       Phase: Concurrent Process Non-Strong References      0.000 / 0.000        10.285 / 16.020       10.285 / 16.020       10.285 / 16.020      ms
[2025-05-18T22:49:49.093+0300][15084][17464][info][gc,stats    ]       Phase: Concurrent Relocate                           0.000 / 0.000         3.809 / 5.335         3.809 / 5.335         3.809 / 5.335       ms
[2025-05-18T22:49:49.093+0300][15084][17464][info][gc,stats    ]       Phase: Concurrent Reset Relocation Set               0.000 / 0.000         0.006 / 0.012         0.006 / 0.012         0.006 / 0.012       ms
[2025-05-18T22:49:49.093+0300][15084][17464][info][gc,stats    ]       Phase: Concurrent Select Relocation Set              0.000 / 0.000         3.512 / 5.162         3.512 / 5.162         3.512 / 5.162       ms
[2025-05-18T22:49:49.093+0300][15084][17464][info][gc,stats    ]       Phase: Pause Mark End                                0.000 / 0.000         0.024 / 0.026         0.024 / 0.026         0.024 / 0.026       ms
[2025-05-18T22:49:49.093+0300][15084][17464][info][gc,stats    ]       Phase: Pause Mark Start                              0.000 / 0.000         0.007 / 0.007         0.007 / 0.007         0.007 / 0.007       ms
[2025-05-18T22:49:49.093+0300][15084][17464][info][gc,stats    ]       Phase: Pause Relocate Start                          0.000 / 0.000         0.547 / 1.085         0.547 / 1.085         0.547 / 1.085       ms
[2025-05-18T22:49:49.093+0300][15084][17464][info][gc,stats    ]    Subphase: Concurrent Classes Purge                      0.000 / 0.000         0.583 / 0.766         0.583 / 0.766         0.583 / 0.766       ms
[2025-05-18T22:49:49.093+0300][15084][17464][info][gc,stats    ]    Subphase: Concurrent Classes Unlink                     0.000 / 0.000         4.208 / 5.506         4.208 / 5.506         4.208 / 5.506       ms
[2025-05-18T22:49:49.093+0300][15084][17464][info][gc,stats    ]    Subphase: Concurrent Mark                               0.000 / 0.000        26.100 / 32.456       26.100 / 32.456       26.100 / 32.456      ms
[2025-05-18T22:49:49.093+0300][15084][17464][info][gc,stats    ]    Subphase: Concurrent Mark Try Flush                     0.000 / 0.000         0.120 / 0.178         0.120 / 0.178         0.120 / 0.178       ms
[2025-05-18T22:49:49.093+0300][15084][17464][info][gc,stats    ]    Subphase: Concurrent Mark Try Terminate                 0.000 / 0.000         2.676 / 14.031        2.676 / 14.031        2.676 / 14.031      ms
[2025-05-18T22:49:49.093+0300][15084][17464][info][gc,stats    ]    Subphase: Concurrent References Enqueue                 0.000 / 0.000         0.004 / 0.005         0.004 / 0.005         0.004 / 0.005       ms
[2025-05-18T22:49:49.093+0300][15084][17464][info][gc,stats    ]    Subphase: Concurrent References Process                 0.000 / 0.000         0.197 / 0.222         0.197 / 0.222         0.197 / 0.222       ms
[2025-05-18T22:49:49.093+0300][15084][17464][info][gc,stats    ]    Subphase: Concurrent Roots ClassLoaderDataGraph         0.000 / 0.000         0.121 / 0.255         0.121 / 0.255         0.121 / 0.255       ms
[2025-05-18T22:49:49.093+0300][15084][17464][info][gc,stats    ]    Subphase: Concurrent Roots CodeCache                    0.000 / 0.000         0.000 / 0.000         0.000 / 0.000         0.000 / 0.000       ms
[2025-05-18T22:49:49.093+0300][15084][17464][info][gc,stats    ]    Subphase: Concurrent Roots JavaThreads                  0.000 / 0.000         1.925 / 3.315         1.925 / 3.315         1.925 / 3.315       ms
[2025-05-18T22:49:49.093+0300][15084][17464][info][gc,stats    ]    Subphase: Concurrent Roots OopStorageSet                0.000 / 0.000         0.046 / 0.074         0.046 / 0.074         0.046 / 0.074       ms
[2025-05-18T22:49:49.093+0300][15084][17464][info][gc,stats    ]    Subphase: Concurrent Weak Roots OopStorageSet           0.000 / 0.000         0.774 / 1.152         0.774 / 1.152         0.774 / 1.152       ms
[2025-05-18T22:49:49.093+0300][15084][17464][info][gc,stats    ]    Subphase: Pause Mark Try Complete                       0.000 / 0.000         0.000 / 0.000         0.000 / 0.000         0.000 / 0.000       ms
[2025-05-18T22:49:49.093+0300][15084][17464][info][gc,stats    ]      System: Java Threads                                      0 / 0                29 / 34               29 / 34               29 / 34          threads
[2025-05-18T22:49:49.093+0300][15084][17464][info][gc,stats    ] =========================================================================================================================================================
[2025-05-18T22:49:59.092+0300][15084][17464][info][gc,stats    ] === Garbage Collection Statistics =======================================================================================================================
[2025-05-18T22:49:59.092+0300][15084][17464][info][gc,stats    ]                                                              Last 10s              Last 10m              Last 10h                Total
[2025-05-18T22:49:59.092+0300][15084][17464][info][gc,stats    ]                                                              Avg / Max             Avg / Max             Avg / Max             Avg / Max
[2025-05-18T22:49:59.092+0300][15084][17464][info][gc,stats    ]   Collector: Garbage Collection Cycle                      0.000 / 0.000        50.768 / 50.796       50.768 / 50.796       50.768 / 50.796      ms
[2025-05-18T22:49:59.092+0300][15084][17464][info][gc,stats    ]  Contention: Mark Segment Reset Contention                     0 / 0                 0 / 0                 0 / 0                 0 / 0           ops/s
[2025-05-18T22:49:59.092+0300][15084][17464][info][gc,stats    ]  Contention: Mark SeqNum Reset Contention                      0 / 0                 0 / 0                 0 / 0                 0 / 0           ops/s
[2025-05-18T22:49:59.092+0300][15084][17464][info][gc,stats    ]    Critical: Allocation Stall                                  0 / 0                 0 / 0                 0 / 0                 0 / 0           ops/s
[2025-05-18T22:49:59.092+0300][15084][17464][info][gc,stats    ]    Critical: Allocation Stall                              0.000 / 0.000         0.000 / 0.000         0.000 / 0.000         0.000 / 0.000       ms
[2025-05-18T22:49:59.092+0300][15084][17464][info][gc,stats    ]    Critical: GC Locker Stall                                   0 / 0                 0 / 0                 0 / 0                 0 / 0           ops/s
[2025-05-18T22:49:59.092+0300][15084][17464][info][gc,stats    ]    Critical: GC Locker Stall                               0.000 / 0.000         0.000 / 0.000         0.000 / 0.000         0.000 / 0.000       ms
[2025-05-18T22:49:59.092+0300][15084][17464][info][gc,stats    ]    Critical: Relocation Stall                                  0 / 0                 0 / 0                 0 / 0                 0 / 0           ops/s
[2025-05-18T22:49:59.092+0300][15084][17464][info][gc,stats    ]    Critical: Relocation Stall                              0.000 / 0.000         0.000 / 0.000         0.000 / 0.000         0.000 / 0.000       ms
[2025-05-18T22:49:59.092+0300][15084][17464][info][gc,stats    ]      Memory: Allocation Rate                                  35 / 38               46 / 146              46 / 146              46 / 146         MB/s
[2025-05-18T22:49:59.092+0300][15084][17464][info][gc,stats    ]      Memory: Defragment                                        0 / 0                 0 / 0                 0 / 0                 0 / 0           ops/s
[2025-05-18T22:49:59.092+0300][15084][17464][info][gc,stats    ]      Memory: Out Of Memory                                     0 / 0                 0 / 0                 0 / 0                 0 / 0           ops/s
[2025-05-18T22:49:59.092+0300][15084][17464][info][gc,stats    ]      Memory: Page Cache Flush                                  0 / 0                 0 / 0                 0 / 0                 0 / 0           MB/s
[2025-05-18T22:49:59.092+0300][15084][17464][info][gc,stats    ]      Memory: Page Cache Hit L1                                 0 / 1                 5 / 76                5 / 76                5 / 76          ops/s
[2025-05-18T22:49:59.093+0300][15084][17464][info][gc,stats    ]      Memory: Page Cache Hit L2                                 0 / 0                 0 / 0                 0 / 0                 0 / 0           ops/s
[2025-05-18T22:49:59.093+0300][15084][17464][info][gc,stats    ]      Memory: Page Cache Hit L3                                17 / 19               17 / 34               17 / 34               17 / 34          ops/s
[2025-05-18T22:49:59.093+0300][15084][17464][info][gc,stats    ]      Memory: Page Cache Miss                                   0 / 0                 0 / 1                 0 / 1                 0 / 1           ops/s
[2025-05-18T22:49:59.093+0300][15084][17464][info][gc,stats    ]      Memory: Uncommit                                          0 / 0                 0 / 0                 0 / 0                 0 / 0           MB/s
[2025-05-18T22:49:59.093+0300][15084][17464][info][gc,stats    ]      Memory: Undo Object Allocation Failed                     0 / 0                 0 / 0                 0 / 0                 0 / 0           ops/s
[2025-05-18T22:49:59.093+0300][15084][17464][info][gc,stats    ]      Memory: Undo Object Allocation Succeeded                  0 / 0                 0 / 0                 0 / 0                 0 / 0           ops/s
[2025-05-18T22:49:59.093+0300][15084][17464][info][gc,stats    ]      Memory: Undo Page Allocation                              0 / 1                 0 / 1                 0 / 1                 0 / 1           ops/s
[2025-05-18T22:49:59.093+0300][15084][17464][info][gc,stats    ]       Phase: Concurrent Mark                               0.000 / 0.000        31.739 / 33.584       31.739 / 33.584       31.739 / 33.584      ms
[2025-05-18T22:49:59.093+0300][15084][17464][info][gc,stats    ]       Phase: Concurrent Mark Continue                      0.000 / 0.000         0.000 / 0.000         0.000 / 0.000         0.000 / 0.000       ms
[2025-05-18T22:49:59.093+0300][15084][17464][info][gc,stats    ]       Phase: Concurrent Mark Free                          0.000 / 0.000         0.001 / 0.001         0.001 / 0.001         0.001 / 0.001       ms
[2025-05-18T22:49:59.093+0300][15084][17464][info][gc,stats    ]       Phase: Concurrent Process Non-Strong References      0.000 / 0.000        10.285 / 16.020       10.285 / 16.020       10.285 / 16.020      ms
[2025-05-18T22:49:59.093+0300][15084][17464][info][gc,stats    ]       Phase: Concurrent Relocate                           0.000 / 0.000         3.809 / 5.335         3.809 / 5.335         3.809 / 5.335       ms
[2025-05-18T22:49:59.093+0300][15084][17464][info][gc,stats    ]       Phase: Concurrent Reset Relocation Set               0.000 / 0.000         0.006 / 0.012         0.006 / 0.012         0.006 / 0.012       ms
[2025-05-18T22:49:59.093+0300][15084][17464][info][gc,stats    ]       Phase: Concurrent Select Relocation Set              0.000 / 0.000         3.512 / 5.162         3.512 / 5.162         3.512 / 5.162       ms
[2025-05-18T22:49:59.093+0300][15084][17464][info][gc,stats    ]       Phase: Pause Mark End                                0.000 / 0.000         0.024 / 0.026         0.024 / 0.026         0.024 / 0.026       ms
[2025-05-18T22:49:59.093+0300][15084][17464][info][gc,stats    ]       Phase: Pause Mark Start                              0.000 / 0.000         0.007 / 0.007         0.007 / 0.007         0.007 / 0.007       ms
[2025-05-18T22:49:59.093+0300][15084][17464][info][gc,stats    ]       Phase: Pause Relocate Start                          0.000 / 0.000         0.547 / 1.085         0.547 / 1.085         0.547 / 1.085       ms
[2025-05-18T22:49:59.093+0300][15084][17464][info][gc,stats    ]    Subphase: Concurrent Classes Purge                      0.000 / 0.000         0.583 / 0.766         0.583 / 0.766         0.583 / 0.766       ms
[2025-05-18T22:49:59.093+0300][15084][17464][info][gc,stats    ]    Subphase: Concurrent Classes Unlink                     0.000 / 0.000         4.208 / 5.506         4.208 / 5.506         4.208 / 5.506       ms
[2025-05-18T22:49:59.093+0300][15084][17464][info][gc,stats    ]    Subphase: Concurrent Mark                               0.000 / 0.000        26.100 / 32.456       26.100 / 32.456       26.100 / 32.456      ms
[2025-05-18T22:49:59.093+0300][15084][17464][info][gc,stats    ]    Subphase: Concurrent Mark Try Flush                     0.000 / 0.000         0.120 / 0.178         0.120 / 0.178         0.120 / 0.178       ms
[2025-05-18T22:49:59.093+0300][15084][17464][info][gc,stats    ]    Subphase: Concurrent Mark Try Terminate                 0.000 / 0.000         2.676 / 14.031        2.676 / 14.031        2.676 / 14.031      ms
[2025-05-18T22:49:59.093+0300][15084][17464][info][gc,stats    ]    Subphase: Concurrent References Enqueue                 0.000 / 0.000         0.004 / 0.005         0.004 / 0.005         0.004 / 0.005       ms
[2025-05-18T22:49:59.093+0300][15084][17464][info][gc,stats    ]    Subphase: Concurrent References Process                 0.000 / 0.000         0.197 / 0.222         0.197 / 0.222         0.197 / 0.222       ms
[2025-05-18T22:49:59.093+0300][15084][17464][info][gc,stats    ]    Subphase: Concurrent Roots ClassLoaderDataGraph         0.000 / 0.000         0.121 / 0.255         0.121 / 0.255         0.121 / 0.255       ms
[2025-05-18T22:49:59.093+0300][15084][17464][info][gc,stats    ]    Subphase: Concurrent Roots CodeCache                    0.000 / 0.000         0.000 / 0.000         0.000 / 0.000         0.000 / 0.000       ms
[2025-05-18T22:49:59.093+0300][15084][17464][info][gc,stats    ]    Subphase: Concurrent Roots JavaThreads                  0.000 / 0.000         1.925 / 3.315         1.925 / 3.315         1.925 / 3.315       ms
[2025-05-18T22:49:59.093+0300][15084][17464][info][gc,stats    ]    Subphase: Concurrent Roots OopStorageSet                0.000 / 0.000         0.046 / 0.074         0.046 / 0.074         0.046 / 0.074       ms
[2025-05-18T22:49:59.093+0300][15084][17464][info][gc,stats    ]    Subphase: Concurrent Weak Roots OopStorageSet           0.000 / 0.000         0.774 / 1.152         0.774 / 1.152         0.774 / 1.152       ms
[2025-05-18T22:49:59.093+0300][15084][17464][info][gc,stats    ]    Subphase: Pause Mark Try Complete                       0.000 / 0.000         0.000 / 0.000         0.000 / 0.000         0.000 / 0.000       ms
[2025-05-18T22:49:59.093+0300][15084][17464][info][gc,stats    ]      System: Java Threads                                      0 / 0                29 / 34               29 / 34               29 / 34          threads
[2025-05-18T22:49:59.093+0300][15084][17464][info][gc,stats    ] =========================================================================================================================================================
[2025-05-18T22:50:03.784+0300][15084][15876][info][gc,start    ] GC(2) Garbage Collection (Warmup)
[2025-05-18T22:50:03.784+0300][15084][15876][info][gc,task     ] GC(2) Using 2 workers
[2025-05-18T22:50:03.784+0300][15084][17492][info][gc,phases   ] GC(2) Pause Mark Start 0.017ms
[2025-05-18T22:50:03.815+0300][15084][15876][info][gc,phases   ] GC(2) Concurrent Mark 31.092ms
[2025-05-18T22:50:03.815+0300][15084][17492][info][gc,phases   ] GC(2) Pause Mark End 0.013ms
[2025-05-18T22:50:03.815+0300][15084][15876][info][gc,phases   ] GC(2) Concurrent Mark Free 0.001ms
[2025-05-18T22:50:03.832+0300][15084][15876][info][gc,phases   ] GC(2) Concurrent Process Non-Strong References 16.295ms
[2025-05-18T22:50:03.832+0300][15084][15876][info][gc,phases   ] GC(2) Concurrent Reset Relocation Set 0.006ms
[2025-05-18T22:50:03.835+0300][15084][15876][info][gc,phases   ] GC(2) Concurrent Select Relocation Set 2.893ms
[2025-05-18T22:50:03.835+0300][15084][17492][info][gc,phases   ] GC(2) Pause Relocate Start 0.005ms
[2025-05-18T22:50:03.836+0300][15084][15876][info][gc,phases   ] GC(2) Concurrent Relocate 1.835ms
[2025-05-18T22:50:03.836+0300][15084][15876][info][gc,load     ] GC(2) Load: 0.00/0.00/0.00
[2025-05-18T22:50:03.836+0300][15084][15876][info][gc,mmu      ] GC(2) MMU: 2ms/45.7%, 5ms/78.3%, 10ms/89.1%, 20ms/94.4%, 50ms/97.8%, 100ms/98.9%
[2025-05-18T22:50:03.836+0300][15084][15876][info][gc,marking  ] GC(2) Mark: 2 stripe(s), 2 proactive flush(es), 1 terminate flush(es), 0 completion(s), 0 continuation(s) 
[2025-05-18T22:50:03.836+0300][15084][15876][info][gc,marking  ] GC(2) Mark Stack Usage: 32M
[2025-05-18T22:50:03.837+0300][15084][15876][info][gc,nmethod  ] GC(2) NMethods: 7882 registered, 1389 unregistered
[2025-05-18T22:50:03.837+0300][15084][15876][info][gc,metaspace] GC(2) Metaspace: 33M used, 34M committed, 1088M reserved
[2025-05-18T22:50:03.837+0300][15084][15876][info][gc,ref      ] GC(2) Soft: 4640 encountered, 0 discovered, 0 enqueued
[2025-05-18T22:50:03.837+0300][15084][15876][info][gc,ref      ] GC(2) Weak: 4651 encountered, 1695 discovered, 1285 enqueued
[2025-05-18T22:50:03.837+0300][15084][15876][info][gc,ref      ] GC(2) Final: 3 encountered, 1 discovered, 0 enqueued
[2025-05-18T22:50:03.837+0300][15084][15876][info][gc,ref      ] GC(2) Phantom: 468 encountered, 364 discovered, 191 enqueued
[2025-05-18T22:50:03.837+0300][15084][15876][info][gc,reloc    ] GC(2) Small Pages: 599 / 1198M, Empty: 618M, Relocated: 2M, In-Place: 0
[2025-05-18T22:50:03.837+0300][15084][15876][info][gc,reloc    ] GC(2) Medium Pages: 1 / 32M, Empty: 0M, Relocated: 0M, In-Place: 0
[2025-05-18T22:50:03.837+0300][15084][15876][info][gc,reloc    ] GC(2) Large Pages: 0 / 0M, Empty: 0M, Relocated: 0M, In-Place: 0
[2025-05-18T22:50:03.837+0300][15084][15876][info][gc,reloc    ] GC(2) Forwarding Usage: 1M
[2025-05-18T22:50:03.837+0300][15084][15876][info][gc,heap     ] GC(2) Min Capacity: 12288M(100%)
[2025-05-18T22:50:03.837+0300][15084][15876][info][gc,heap     ] GC(2) Max Capacity: 12288M(100%)
[2025-05-18T22:50:03.837+0300][15084][15876][info][gc,heap     ] GC(2) Soft Max Capacity: 12288M(100%)
[2025-05-18T22:50:03.837+0300][15084][15876][info][gc,heap     ] GC(2)                Mark Start          Mark End        Relocate Start      Relocate End           High               Low         
[2025-05-18T22:50:03.837+0300][15084][15876][info][gc,heap     ] GC(2)  Capacity:    12288M (100%)      12288M (100%)      12288M (100%)      12288M (100%)      12288M (100%)      12288M (100%)   
[2025-05-18T22:50:03.837+0300][15084][15876][info][gc,heap     ] GC(2)      Free:    11058M (90%)       11044M (90%)       11662M (95%)       12222M (99%)       12222M (99%)       11044M (90%)    
[2025-05-18T22:50:03.837+0300][15084][15876][info][gc,heap     ] GC(2)      Used:     1230M (10%)        1244M (10%)         626M (5%)           66M (1%)         1244M (10%)          66M (1%)     
[2025-05-18T22:50:03.837+0300][15084][15876][info][gc,heap     ] GC(2)      Live:         -                18M (0%)           18M (0%)           18M (0%)             -                  -          
[2025-05-18T22:50:03.837+0300][15084][15876][info][gc,heap     ] GC(2) Allocated:         -                14M (0%)           14M (0%)           14M (0%)             -                  -          
[2025-05-18T22:50:03.837+0300][15084][15876][info][gc,heap     ] GC(2)   Garbage:         -              1211M (10%)         593M (5%)           33M (0%)             -                  -          
[2025-05-18T22:50:03.837+0300][15084][15876][info][gc,heap     ] GC(2) Reclaimed:         -                  -               618M (5%)         1178M (10%)            -                  -          
[2025-05-18T22:50:03.837+0300][15084][15876][info][gc          ] GC(2) Garbage Collection (Warmup) 1230M(10%)->66M(1%)
[2025-05-18T22:50:09.080+0300][15084][17464][info][gc,stats    ] === Garbage Collection Statistics =======================================================================================================================
[2025-05-18T22:50:09.080+0300][15084][17464][info][gc,stats    ]                                                              Last 10s              Last 10m              Last 10h                Total
[2025-05-18T22:50:09.080+0300][15084][17464][info][gc,stats    ]                                                              Avg / Max             Avg / Max             Avg / Max             Avg / Max
[2025-05-18T22:50:09.080+0300][15084][17464][info][gc,stats    ]   Collector: Garbage Collection Cycle                     53.225 / 53.225       51.587 / 53.225       51.587 / 53.225       51.587 / 53.225      ms
[2025-05-18T22:50:09.080+0300][15084][17464][info][gc,stats    ]  Contention: Mark Segment Reset Contention                     0 / 0                 0 / 0                 0 / 0                 0 / 0           ops/s
[2025-05-18T22:50:09.080+0300][15084][17464][info][gc,stats    ]  Contention: Mark SeqNum Reset Contention                      0 / 0                 0 / 0                 0 / 0                 0 / 0           ops/s
[2025-05-18T22:50:09.080+0300][15084][17464][info][gc,stats    ]    Critical: Allocation Stall                                  0 / 0                 0 / 0                 0 / 0                 0 / 0           ops/s
[2025-05-18T22:50:09.080+0300][15084][17464][info][gc,stats    ]    Critical: Allocation Stall                              0.000 / 0.000         0.000 / 0.000         0.000 / 0.000         0.000 / 0.000       ms
[2025-05-18T22:50:09.080+0300][15084][17464][info][gc,stats    ]    Critical: GC Locker Stall                                   0 / 0                 0 / 0                 0 / 0                 0 / 0           ops/s
[2025-05-18T22:50:09.080+0300][15084][17464][info][gc,stats    ]    Critical: GC Locker Stall                               0.000 / 0.000         0.000 / 0.000         0.000 / 0.000         0.000 / 0.000       ms
[2025-05-18T22:50:09.080+0300][15084][17464][info][gc,stats    ]    Critical: Relocation Stall                                  0 / 0                 0 / 0                 0 / 0                 0 / 0           ops/s
[2025-05-18T22:50:09.080+0300][15084][17464][info][gc,stats    ]    Critical: Relocation Stall                              0.000 / 0.000         0.000 / 0.000         0.000 / 0.000         0.000 / 0.000       ms
[2025-05-18T22:50:09.080+0300][15084][17464][info][gc,stats    ]      Memory: Allocation Rate                                  35 / 42               43 / 146              43 / 146              43 / 146         MB/s
[2025-05-18T22:50:09.080+0300][15084][17464][info][gc,stats    ]      Memory: Defragment                                        0 / 0                 0 / 0                 0 / 0                 0 / 0           ops/s
[2025-05-18T22:50:09.080+0300][15084][17464][info][gc,stats    ]      Memory: Out Of Memory                                     0 / 0                 0 / 0                 0 / 0                 0 / 0           ops/s
[2025-05-18T22:50:09.080+0300][15084][17464][info][gc,stats    ]      Memory: Page Cache Flush                                  0 / 0                 0 / 0                 0 / 0                 0 / 0           MB/s
[2025-05-18T22:50:09.080+0300][15084][17464][info][gc,stats    ]      Memory: Page Cache Hit L1                                 9 / 18                6 / 76                6 / 76                6 / 76          ops/s
[2025-05-18T22:50:09.080+0300][15084][17464][info][gc,stats    ]      Memory: Page Cache Hit L2                                 0 / 0                 0 / 0                 0 / 0                 0 / 0           ops/s
[2025-05-18T22:50:09.080+0300][15084][17464][info][gc,stats    ]      Memory: Page Cache Hit L3                                 8 / 19               15 / 34               15 / 34               15 / 34          ops/s
[2025-05-18T22:50:09.080+0300][15084][17464][info][gc,stats    ]      Memory: Page Cache Miss                                   0 / 0                 0 / 1                 0 / 1                 0 / 1           ops/s
[2025-05-18T22:50:09.080+0300][15084][17464][info][gc,stats    ]      Memory: Uncommit                                          0 / 0                 0 / 0                 0 / 0                 0 / 0           MB/s
[2025-05-18T22:50:09.080+0300][15084][17464][info][gc,stats    ]      Memory: Undo Object Allocation Failed                     0 / 0                 0 / 0                 0 / 0                 0 / 0           ops/s
[2025-05-18T22:50:09.080+0300][15084][17464][info][gc,stats    ]      Memory: Undo Object Allocation Succeeded                  0 / 0                 0 / 0                 0 / 0                 0 / 0           ops/s
[2025-05-18T22:50:09.080+0300][15084][17464][info][gc,stats    ]      Memory: Undo Page Allocation                              0 / 0                 0 / 1                 0 / 1                 0 / 1           ops/s
[2025-05-18T22:50:09.080+0300][15084][17464][info][gc,stats    ]       Phase: Concurrent Mark                              31.092 / 31.092       31.524 / 33.584       31.524 / 33.584       31.524 / 33.584      ms
[2025-05-18T22:50:09.080+0300][15084][17464][info][gc,stats    ]       Phase: Concurrent Mark Continue                      0.000 / 0.000         0.000 / 0.000         0.000 / 0.000         0.000 / 0.000       ms
[2025-05-18T22:50:09.080+0300][15084][17464][info][gc,stats    ]       Phase: Concurrent Mark Free                          0.001 / 0.001         0.001 / 0.001         0.001 / 0.001         0.001 / 0.001       ms
[2025-05-18T22:50:09.080+0300][15084][17464][info][gc,stats    ]       Phase: Concurrent Process Non-Strong References     16.295 / 16.295       12.288 / 16.295       12.288 / 16.295       12.288 / 16.295      ms
[2025-05-18T22:50:09.080+0300][15084][17464][info][gc,stats    ]       Phase: Concurrent Relocate                           1.835 / 1.835         3.151 / 5.335         3.151 / 5.335         3.151 / 5.335       ms
[2025-05-18T22:50:09.080+0300][15084][17464][info][gc,stats    ]       Phase: Concurrent Reset Relocation Set               0.006 / 0.006         0.006 / 0.012         0.006 / 0.012         0.006 / 0.012       ms
[2025-05-18T22:50:09.080+0300][15084][17464][info][gc,stats    ]       Phase: Concurrent Select Relocation Set              2.893 / 2.893         3.306 / 5.162         3.306 / 5.162         3.306 / 5.162       ms
[2025-05-18T22:50:09.080+0300][15084][17464][info][gc,stats    ]       Phase: Pause Mark End                                0.013 / 0.013         0.020 / 0.026         0.020 / 0.026         0.020 / 0.026       ms
[2025-05-18T22:50:09.080+0300][15084][17464][info][gc,stats    ]       Phase: Pause Mark Start                              0.017 / 0.017         0.010 / 0.017         0.010 / 0.017         0.010 / 0.017       ms
[2025-05-18T22:50:09.080+0300][15084][17464][info][gc,stats    ]       Phase: Pause Relocate Start                          0.005 / 0.005         0.366 / 1.085         0.366 / 1.085         0.366 / 1.085       ms
[2025-05-18T22:50:09.080+0300][15084][17464][info][gc,stats    ]    Subphase: Concurrent Classes Purge                      2.420 / 2.420         1.195 / 2.420         1.195 / 2.420         1.195 / 2.420       ms
[2025-05-18T22:50:09.080+0300][15084][17464][info][gc,stats    ]    Subphase: Concurrent Classes Unlink                    12.605 / 12.605        7.007 / 12.605        7.007 / 12.605        7.007 / 12.605      ms
[2025-05-18T22:50:09.080+0300][15084][17464][info][gc,stats    ]    Subphase: Concurrent Mark                              26.255 / 29.841       26.152 / 32.456       26.152 / 32.456       26.152 / 32.456      ms
[2025-05-18T22:50:09.080+0300][15084][17464][info][gc,stats    ]    Subphase: Concurrent Mark Try Flush                     0.141 / 0.160         0.128 / 0.178         0.128 / 0.178         0.128 / 0.178       ms
[2025-05-18T22:50:09.080+0300][15084][17464][info][gc,stats    ]    Subphase: Concurrent Mark Try Terminate                 3.280 / 9.714         2.877 / 14.031        2.877 / 14.031        2.877 / 14.031      ms
[2025-05-18T22:50:09.080+0300][15084][17464][info][gc,stats    ]    Subphase: Concurrent References Enqueue                 0.004 / 0.004         0.004 / 0.005         0.004 / 0.005         0.004 / 0.005       ms
[2025-05-18T22:50:09.080+0300][15084][17464][info][gc,stats    ]    Subphase: Concurrent References Process                 0.315 / 0.315         0.237 / 0.315         0.237 / 0.315         0.237 / 0.315       ms
[2025-05-18T22:50:09.080+0300][15084][17464][info][gc,stats    ]    Subphase: Concurrent Roots ClassLoaderDataGraph         0.493 / 0.975         0.245 / 0.975         0.245 / 0.975         0.245 / 0.975       ms
[2025-05-18T22:50:09.080+0300][15084][17464][info][gc,stats    ]    Subphase: Concurrent Roots CodeCache                    0.000 / 0.000         0.000 / 0.000         0.000 / 0.000         0.000 / 0.000       ms
[2025-05-18T22:50:09.080+0300][15084][17464][info][gc,stats    ]    Subphase: Concurrent Roots JavaThreads                  0.751 / 0.751         1.691 / 3.315         1.691 / 3.315         1.691 / 3.315       ms
[2025-05-18T22:50:09.080+0300][15084][17464][info][gc,stats    ]    Subphase: Concurrent Roots OopStorageSet                0.086 / 0.130         0.059 / 0.130         0.059 / 0.130         0.059 / 0.130       ms
[2025-05-18T22:50:09.080+0300][15084][17464][info][gc,stats    ]    Subphase: Concurrent Weak Roots OopStorageSet           0.653 / 0.656         0.734 / 1.152         0.734 / 1.152         0.734 / 1.152       ms
[2025-05-18T22:50:09.080+0300][15084][17464][info][gc,stats    ]    Subphase: Pause Mark Try Complete                       0.000 / 0.000         0.000 / 0.000         0.000 / 0.000         0.000 / 0.000       ms
[2025-05-18T22:50:09.080+0300][15084][17464][info][gc,stats    ]      System: Java Threads                                     32 / 32               30 / 34               30 / 34               30 / 34          threads
[2025-05-18T22:50:09.080+0300][15084][17464][info][gc,stats    ] =========================================================================================================================================================
[2025-05-18T22:50:19.090+0300][15084][17464][info][gc,stats    ] === Garbage Collection Statistics =======================================================================================================================
[2025-05-18T22:50:19.090+0300][15084][17464][info][gc,stats    ]                                                              Last 10s              Last 10m              Last 10h                Total
[2025-05-18T22:50:19.090+0300][15084][17464][info][gc,stats    ]                                                              Avg / Max             Avg / Max             Avg / Max             Avg / Max
[2025-05-18T22:50:19.090+0300][15084][17464][info][gc,stats    ]   Collector: Garbage Collection Cycle                      0.000 / 0.000        51.587 / 53.225       51.587 / 53.225       51.587 / 53.225      ms
[2025-05-18T22:50:19.090+0300][15084][17464][info][gc,stats    ]  Contention: Mark Segment Reset Contention                     0 / 0                 0 / 0                 0 / 0                 0 / 0           ops/s
[2025-05-18T22:50:19.090+0300][15084][17464][info][gc,stats    ]  Contention: Mark SeqNum Reset Contention                      0 / 0                 0 / 0                 0 / 0                 0 / 0           ops/s
[2025-05-18T22:50:19.090+0300][15084][17464][info][gc,stats    ]    Critical: Allocation Stall                                  0 / 0                 0 / 0                 0 / 0                 0 / 0           ops/s
[2025-05-18T22:50:19.090+0300][15084][17464][info][gc,stats    ]    Critical: Allocation Stall                              0.000 / 0.000         0.000 / 0.000         0.000 / 0.000         0.000 / 0.000       ms
[2025-05-18T22:50:19.090+0300][15084][17464][info][gc,stats    ]    Critical: GC Locker Stall                                   0 / 0                 0 / 0                 0 / 0                 0 / 0           ops/s
[2025-05-18T22:50:19.090+0300][15084][17464][info][gc,stats    ]    Critical: GC Locker Stall                               0.000 / 0.000         0.000 / 0.000         0.000 / 0.000         0.000 / 0.000       ms
[2025-05-18T22:50:19.090+0300][15084][17464][info][gc,stats    ]    Critical: Relocation Stall                                  0 / 0                 0 / 0                 0 / 0                 0 / 0           ops/s
[2025-05-18T22:50:19.090+0300][15084][17464][info][gc,stats    ]    Critical: Relocation Stall                              0.000 / 0.000         0.000 / 0.000         0.000 / 0.000         0.000 / 0.000       ms
[2025-05-18T22:50:19.090+0300][15084][17464][info][gc,stats    ]      Memory: Allocation Rate                                  34 / 40               41 / 146              41 / 146              41 / 146         MB/s
[2025-05-18T22:50:19.090+0300][15084][17464][info][gc,stats    ]      Memory: Defragment                                        0 / 0                 0 / 0                 0 / 0                 0 / 0           ops/s
[2025-05-18T22:50:19.090+0300][15084][17464][info][gc,stats    ]      Memory: Out Of Memory                                     0 / 0                 0 / 0                 0 / 0                 0 / 0           ops/s
[2025-05-18T22:50:19.090+0300][15084][17464][info][gc,stats    ]      Memory: Page Cache Flush                                  0 / 0                 0 / 0                 0 / 0                 0 / 0           MB/s
[2025-05-18T22:50:19.090+0300][15084][17464][info][gc,stats    ]      Memory: Page Cache Hit L1                                17 / 20                8 / 76                8 / 76                8 / 76          ops/s
[2025-05-18T22:50:19.090+0300][15084][17464][info][gc,stats    ]      Memory: Page Cache Hit L2                                 0 / 0                 0 / 0                 0 / 0                 0 / 0           ops/s
[2025-05-18T22:50:19.091+0300][15084][17464][info][gc,stats    ]      Memory: Page Cache Hit L3                                 0 / 0                12 / 34               12 / 34               12 / 34          ops/s
[2025-05-18T22:50:19.091+0300][15084][17464][info][gc,stats    ]      Memory: Page Cache Miss                                   0 / 0                 0 / 1                 0 / 1                 0 / 1           ops/s
[2025-05-18T22:50:19.091+0300][15084][17464][info][gc,stats    ]      Memory: Uncommit                                          0 / 0                 0 / 0                 0 / 0                 0 / 0           MB/s
[2025-05-18T22:50:19.091+0300][15084][17464][info][gc,stats    ]      Memory: Undo Object Allocation Failed                     0 / 0                 0 / 0                 0 / 0                 0 / 0           ops/s
[2025-05-18T22:50:19.091+0300][15084][17464][info][gc,stats    ]      Memory: Undo Object Allocation Succeeded                  0 / 0                 0 / 0                 0 / 0                 0 / 0           ops/s
[2025-05-18T22:50:19.091+0300][15084][17464][info][gc,stats    ]      Memory: Undo Page Allocation                              0 / 0                 0 / 1                 0 / 1                 0 / 1           ops/s
[2025-05-18T22:50:19.091+0300][15084][17464][info][gc,stats    ]       Phase: Concurrent Mark                               0.000 / 0.000        31.524 / 33.584       31.524 / 33.584       31.524 / 33.584      ms
[2025-05-18T22:50:19.091+0300][15084][17464][info][gc,stats    ]       Phase: Concurrent Mark Continue                      0.000 / 0.000         0.000 / 0.000         0.000 / 0.000         0.000 / 0.000       ms
[2025-05-18T22:50:19.091+0300][15084][17464][info][gc,stats    ]       Phase: Concurrent Mark Free                          0.000 / 0.000         0.001 / 0.001         0.001 / 0.001         0.001 / 0.001       ms
[2025-05-18T22:50:19.091+0300][15084][17464][info][gc,stats    ]       Phase: Concurrent Process Non-Strong References      0.000 / 0.000        12.288 / 16.295       12.288 / 16.295       12.288 / 16.295      ms
[2025-05-18T22:50:19.091+0300][15084][17464][info][gc,stats    ]       Phase: Concurrent Relocate                           0.000 / 0.000         3.151 / 5.335         3.151 / 5.335         3.151 / 5.335       ms
[2025-05-18T22:50:19.091+0300][15084][17464][info][gc,stats    ]       Phase: Concurrent Reset Relocation Set               0.000 / 0.000         0.006 / 0.012         0.006 / 0.012         0.006 / 0.012       ms
[2025-05-18T22:50:19.091+0300][15084][17464][info][gc,stats    ]       Phase: Concurrent Select Relocation Set              0.000 / 0.000         3.306 / 5.162         3.306 / 5.162         3.306 / 5.162       ms
[2025-05-18T22:50:19.091+0300][15084][17464][info][gc,stats    ]       Phase: Pause Mark End                                0.000 / 0.000         0.020 / 0.026         0.020 / 0.026         0.020 / 0.026       ms
[2025-05-18T22:50:19.091+0300][15084][17464][info][gc,stats    ]       Phase: Pause Mark Start                              0.000 / 0.000         0.010 / 0.017         0.010 / 0.017         0.010 / 0.017       ms
[2025-05-18T22:50:19.091+0300][15084][17464][info][gc,stats    ]       Phase: Pause Relocate Start                          0.000 / 0.000         0.366 / 1.085         0.366 / 1.085         0.366 / 1.085       ms
[2025-05-18T22:50:19.091+0300][15084][17464][info][gc,stats    ]    Subphase: Concurrent Classes Purge                      0.000 / 0.000         1.195 / 2.420         1.195 / 2.420         1.195 / 2.420       ms
[2025-05-18T22:50:19.091+0300][15084][17464][info][gc,stats    ]    Subphase: Concurrent Classes Unlink                     0.000 / 0.000         7.007 / 12.605        7.007 / 12.605        7.007 / 12.605      ms
[2025-05-18T22:50:19.091+0300][15084][17464][info][gc,stats    ]    Subphase: Concurrent Mark                               0.000 / 0.000        26.152 / 32.456       26.152 / 32.456       26.152 / 32.456      ms
[2025-05-18T22:50:19.091+0300][15084][17464][info][gc,stats    ]    Subphase: Concurrent Mark Try Flush                     0.000 / 0.000         0.128 / 0.178         0.128 / 0.178         0.128 / 0.178       ms
[2025-05-18T22:50:19.091+0300][15084][17464][info][gc,stats    ]    Subphase: Concurrent Mark Try Terminate                 0.000 / 0.000         2.877 / 14.031        2.877 / 14.031        2.877 / 14.031      ms
[2025-05-18T22:50:19.091+0300][15084][17464][info][gc,stats    ]    Subphase: Concurrent References Enqueue                 0.000 / 0.000         0.004 / 0.005         0.004 / 0.005         0.004 / 0.005       ms
[2025-05-18T22:50:19.091+0300][15084][17464][info][gc,stats    ]    Subphase: Concurrent References Process                 0.000 / 0.000         0.237 / 0.315         0.237 / 0.315         0.237 / 0.315       ms
[2025-05-18T22:50:19.091+0300][15084][17464][info][gc,stats    ]    Subphase: Concurrent Roots ClassLoaderDataGraph         0.000 / 0.000         0.245 / 0.975         0.245 / 0.975         0.245 / 0.975       ms
[2025-05-18T22:50:19.091+0300][15084][17464][info][gc,stats    ]    Subphase: Concurrent Roots CodeCache                    0.000 / 0.000         0.000 / 0.000         0.000 / 0.000         0.000 / 0.000       ms
[2025-05-18T22:50:19.091+0300][15084][17464][info][gc,stats    ]    Subphase: Concurrent Roots JavaThreads                  0.000 / 0.000         1.691 / 3.315         1.691 / 3.315         1.691 / 3.315       ms
[2025-05-18T22:50:19.091+0300][15084][17464][info][gc,stats    ]    Subphase: Concurrent Roots OopStorageSet                0.000 / 0.000         0.059 / 0.130         0.059 / 0.130         0.059 / 0.130       ms
[2025-05-18T22:50:19.092+0300][15084][17464][info][gc,stats    ]    Subphase: Concurrent Weak Roots OopStorageSet           0.000 / 0.000         0.734 / 1.152         0.734 / 1.152         0.734 / 1.152       ms
[2025-05-18T22:50:19.092+0300][15084][17464][info][gc,stats    ]    Subphase: Pause Mark Try Complete                       0.000 / 0.000         0.000 / 0.000         0.000 / 0.000         0.000 / 0.000       ms
[2025-05-18T22:50:19.092+0300][15084][17464][info][gc,stats    ]      System: Java Threads                                      0 / 0                30 / 34               30 / 34               30 / 34          threads
[2025-05-18T22:50:19.092+0300][15084][17464][info][gc,stats    ] =========================================================================================================================================================
[2025-05-18T22:50:29.093+0300][15084][17464][info][gc,stats    ] === Garbage Collection Statistics =======================================================================================================================
[2025-05-18T22:50:29.093+0300][15084][17464][info][gc,stats    ]                                                              Last 10s              Last 10m              Last 10h                Total
[2025-05-18T22:50:29.093+0300][15084][17464][info][gc,stats    ]                                                              Avg / Max             Avg / Max             Avg / Max             Avg / Max
[2025-05-18T22:50:29.093+0300][15084][17464][info][gc,stats    ]   Collector: Garbage Collection Cycle                      0.000 / 0.000        51.587 / 53.225       51.587 / 53.225       51.587 / 53.225      ms
[2025-05-18T22:50:29.093+0300][15084][17464][info][gc,stats    ]  Contention: Mark Segment Reset Contention                     0 / 0                 0 / 0                 0 / 0                 0 / 0           ops/s
[2025-05-18T22:50:29.093+0300][15084][17464][info][gc,stats    ]  Contention: Mark SeqNum Reset Contention                      0 / 0                 0 / 0                 0 / 0                 0 / 0           ops/s
[2025-05-18T22:50:29.093+0300][15084][17464][info][gc,stats    ]    Critical: Allocation Stall                                  0 / 0                 0 / 0                 0 / 0                 0 / 0           ops/s
[2025-05-18T22:50:29.093+0300][15084][17464][info][gc,stats    ]    Critical: Allocation Stall                              0.000 / 0.000         0.000 / 0.000         0.000 / 0.000         0.000 / 0.000       ms
[2025-05-18T22:50:29.093+0300][15084][17464][info][gc,stats    ]    Critical: GC Locker Stall                                   0 / 0                 0 / 0                 0 / 0                 0 / 0           ops/s
[2025-05-18T22:50:29.093+0300][15084][17464][info][gc,stats    ]    Critical: GC Locker Stall                               0.000 / 0.000         0.000 / 0.000         0.000 / 0.000         0.000 / 0.000       ms
[2025-05-18T22:50:29.094+0300][15084][17464][info][gc,stats    ]    Critical: Relocation Stall                                  0 / 0                 0 / 0                 0 / 0                 0 / 0           ops/s
[2025-05-18T22:50:29.094+0300][15084][17464][info][gc,stats    ]    Critical: Relocation Stall                              0.000 / 0.000         0.000 / 0.000         0.000 / 0.000         0.000 / 0.000       ms
[2025-05-18T22:50:29.094+0300][15084][17464][info][gc,stats    ]      Memory: Allocation Rate                                  34 / 38               40 / 146              40 / 146              40 / 146         MB/s
[2025-05-18T22:50:29.094+0300][15084][17464][info][gc,stats    ]      Memory: Defragment                                        0 / 0                 0 / 0                 0 / 0                 0 / 0           ops/s
[2025-05-18T22:50:29.094+0300][15084][17464][info][gc,stats    ]      Memory: Out Of Memory                                     0 / 0                 0 / 0                 0 / 0                 0 / 0           ops/s
[2025-05-18T22:50:29.094+0300][15084][17464][info][gc,stats    ]      Memory: Page Cache Flush                                  0 / 0                 0 / 0                 0 / 0                 0 / 0           MB/s
[2025-05-18T22:50:29.094+0300][15084][17464][info][gc,stats    ]      Memory: Page Cache Hit L1                                17 / 19               10 / 76               10 / 76               10 / 76          ops/s
[2025-05-18T22:50:29.094+0300][15084][17464][info][gc,stats    ]      Memory: Page Cache Hit L2                                 0 / 0                 0 / 0                 0 / 0                 0 / 0           ops/s
[2025-05-18T22:50:29.094+0300][15084][17464][info][gc,stats    ]      Memory: Page Cache Hit L3                                 0 / 0                10 / 34               10 / 34               10 / 34          ops/s
[2025-05-18T22:50:29.094+0300][15084][17464][info][gc,stats    ]      Memory: Page Cache Miss                                   0 / 0                 0 / 1                 0 / 1                 0 / 1           ops/s
[2025-05-18T22:50:29.094+0300][15084][17464][info][gc,stats    ]      Memory: Uncommit                                          0 / 0                 0 / 0                 0 / 0                 0 / 0           MB/s
[2025-05-18T22:50:29.094+0300][15084][17464][info][gc,stats    ]      Memory: Undo Object Allocation Failed                     0 / 0                 0 / 0                 0 / 0                 0 / 0           ops/s
[2025-05-18T22:50:29.094+0300][15084][17464][info][gc,stats    ]      Memory: Undo Object Allocation Succeeded                  0 / 0                 0 / 0                 0 / 0                 0 / 0           ops/s
[2025-05-18T22:50:29.094+0300][15084][17464][info][gc,stats    ]      Memory: Undo Page Allocation                              0 / 1                 0 / 1                 0 / 1                 0 / 1           ops/s
[2025-05-18T22:50:29.094+0300][15084][17464][info][gc,stats    ]       Phase: Concurrent Mark                               0.000 / 0.000        31.524 / 33.584       31.524 / 33.584       31.524 / 33.584      ms
[2025-05-18T22:50:29.094+0300][15084][17464][info][gc,stats    ]       Phase: Concurrent Mark Continue                      0.000 / 0.000         0.000 / 0.000         0.000 / 0.000         0.000 / 0.000       ms
[2025-05-18T22:50:29.094+0300][15084][17464][info][gc,stats    ]       Phase: Concurrent Mark Free                          0.000 / 0.000         0.001 / 0.001         0.001 / 0.001         0.001 / 0.001       ms
[2025-05-18T22:50:29.094+0300][15084][17464][info][gc,stats    ]       Phase: Concurrent Process Non-Strong References      0.000 / 0.000        12.288 / 16.295       12.288 / 16.295       12.288 / 16.295      ms
[2025-05-18T22:50:29.094+0300][15084][17464][info][gc,stats    ]       Phase: Concurrent Relocate                           0.000 / 0.000         3.151 / 5.335         3.151 / 5.335         3.151 / 5.335       ms
[2025-05-18T22:50:29.094+0300][15084][17464][info][gc,stats    ]       Phase: Concurrent Reset Relocation Set               0.000 / 0.000         0.006 / 0.012         0.006 / 0.012         0.006 / 0.012       ms
[2025-05-18T22:50:29.094+0300][15084][17464][info][gc,stats    ]       Phase: Concurrent Select Relocation Set              0.000 / 0.000         3.306 / 5.162         3.306 / 5.162         3.306 / 5.162       ms
[2025-05-18T22:50:29.094+0300][15084][17464][info][gc,stats    ]       Phase: Pause Mark End                                0.000 / 0.000         0.020 / 0.026         0.020 / 0.026         0.020 / 0.026       ms
[2025-05-18T22:50:29.094+0300][15084][17464][info][gc,stats    ]       Phase: Pause Mark Start                              0.000 / 0.000         0.010 / 0.017         0.010 / 0.017         0.010 / 0.017       ms
[2025-05-18T22:50:29.094+0300][15084][17464][info][gc,stats    ]       Phase: Pause Relocate Start                          0.000 / 0.000         0.366 / 1.085         0.366 / 1.085         0.366 / 1.085       ms
[2025-05-18T22:50:29.094+0300][15084][17464][info][gc,stats    ]    Subphase: Concurrent Classes Purge                      0.000 / 0.000         1.195 / 2.420         1.195 / 2.420         1.195 / 2.420       ms
[2025-05-18T22:50:29.095+0300][15084][17464][info][gc,stats    ]    Subphase: Concurrent Classes Unlink                     0.000 / 0.000         7.007 / 12.605        7.007 / 12.605        7.007 / 12.605      ms
[2025-05-18T22:50:29.095+0300][15084][17464][info][gc,stats    ]    Subphase: Concurrent Mark                               0.000 / 0.000        26.152 / 32.456       26.152 / 32.456       26.152 / 32.456      ms
[2025-05-18T22:50:29.095+0300][15084][17464][info][gc,stats    ]    Subphase: Concurrent Mark Try Flush                     0.000 / 0.000         0.128 / 0.178         0.128 / 0.178         0.128 / 0.178       ms
[2025-05-18T22:50:29.095+0300][15084][17464][info][gc,stats    ]    Subphase: Concurrent Mark Try Terminate                 0.000 / 0.000         2.877 / 14.031        2.877 / 14.031        2.877 / 14.031      ms
[2025-05-18T22:50:29.095+0300][15084][17464][info][gc,stats    ]    Subphase: Concurrent References Enqueue                 0.000 / 0.000         0.004 / 0.005         0.004 / 0.005         0.004 / 0.005       ms
[2025-05-18T22:50:29.095+0300][15084][17464][info][gc,stats    ]    Subphase: Concurrent References Process                 0.000 / 0.000         0.237 / 0.315         0.237 / 0.315         0.237 / 0.315       ms
[2025-05-18T22:50:29.095+0300][15084][17464][info][gc,stats    ]    Subphase: Concurrent Roots ClassLoaderDataGraph         0.000 / 0.000         0.245 / 0.975         0.245 / 0.975         0.245 / 0.975       ms
[2025-05-18T22:50:29.095+0300][15084][17464][info][gc,stats    ]    Subphase: Concurrent Roots CodeCache                    0.000 / 0.000         0.000 / 0.000         0.000 / 0.000         0.000 / 0.000       ms
[2025-05-18T22:50:29.095+0300][15084][17464][info][gc,stats    ]    Subphase: Concurrent Roots JavaThreads                  0.000 / 0.000         1.691 / 3.315         1.691 / 3.315         1.691 / 3.315       ms
[2025-05-18T22:50:29.095+0300][15084][17464][info][gc,stats    ]    Subphase: Concurrent Roots OopStorageSet                0.000 / 0.000         0.059 / 0.130         0.059 / 0.130         0.059 / 0.130       ms
[2025-05-18T22:50:29.095+0300][15084][17464][info][gc,stats    ]    Subphase: Concurrent Weak Roots OopStorageSet           0.000 / 0.000         0.734 / 1.152         0.734 / 1.152         0.734 / 1.152       ms
[2025-05-18T22:50:29.095+0300][15084][17464][info][gc,stats    ]    Subphase: Pause Mark Try Complete                       0.000 / 0.000         0.000 / 0.000         0.000 / 0.000         0.000 / 0.000       ms
[2025-05-18T22:50:29.095+0300][15084][17464][info][gc,stats    ]      System: Java Threads                                      0 / 0                30 / 34               30 / 34               30 / 34          threads
[2025-05-18T22:50:29.095+0300][15084][17464][info][gc,stats    ] =========================================================================================================================================================
[2025-05-18T22:50:39.087+0300][15084][17464][info][gc,stats    ] === Garbage Collection Statistics =======================================================================================================================
[2025-05-18T22:50:39.087+0300][15084][17464][info][gc,stats    ]                                                              Last 10s              Last 10m              Last 10h                Total
[2025-05-18T22:50:39.087+0300][15084][17464][info][gc,stats    ]                                                              Avg / Max             Avg / Max             Avg / Max             Avg / Max
[2025-05-18T22:50:39.087+0300][15084][17464][info][gc,stats    ]   Collector: Garbage Collection Cycle                      0.000 / 0.000        51.587 / 53.225       51.587 / 53.225       51.587 / 53.225      ms
[2025-05-18T22:50:39.087+0300][15084][17464][info][gc,stats    ]  Contention: Mark Segment Reset Contention                     0 / 0                 0 / 0                 0 / 0                 0 / 0           ops/s
[2025-05-18T22:50:39.087+0300][15084][17464][info][gc,stats    ]  Contention: Mark SeqNum Reset Contention                      0 / 0                 0 / 0                 0 / 0                 0 / 0           ops/s
[2025-05-18T22:50:39.087+0300][15084][17464][info][gc,stats    ]    Critical: Allocation Stall                                  0 / 0                 0 / 0                 0 / 0                 0 / 0           ops/s
[2025-05-18T22:50:39.087+0300][15084][17464][info][gc,stats    ]    Critical: Allocation Stall                              0.000 / 0.000         0.000 / 0.000         0.000 / 0.000         0.000 / 0.000       ms
[2025-05-18T22:50:39.087+0300][15084][17464][info][gc,stats    ]    Critical: GC Locker Stall                                   0 / 0                 0 / 0                 0 / 0                 0 / 0           ops/s
[2025-05-18T22:50:39.087+0300][15084][17464][info][gc,stats    ]    Critical: GC Locker Stall                               0.000 / 0.000         0.000 / 0.000         0.000 / 0.000         0.000 / 0.000       ms
[2025-05-18T22:50:39.087+0300][15084][17464][info][gc,stats    ]    Critical: Relocation Stall                                  0 / 0                 0 / 0                 0 / 0                 0 / 0           ops/s
[2025-05-18T22:50:39.088+0300][15084][17464][info][gc,stats    ]    Critical: Relocation Stall                              0.000 / 0.000         0.000 / 0.000         0.000 / 0.000         0.000 / 0.000       ms
[2025-05-18T22:50:39.088+0300][15084][17464][info][gc,stats    ]      Memory: Allocation Rate                                  33 / 40               39 / 146              39 / 146              39 / 146         MB/s
[2025-05-18T22:50:39.088+0300][15084][17464][info][gc,stats    ]      Memory: Defragment                                        0 / 0                 0 / 0                 0 / 0                 0 / 0           ops/s
[2025-05-18T22:50:39.088+0300][15084][17464][info][gc,stats    ]      Memory: Out Of Memory                                     0 / 0                 0 / 0                 0 / 0                 0 / 0           ops/s
[2025-05-18T22:50:39.088+0300][15084][17464][info][gc,stats    ]      Memory: Page Cache Flush                                  0 / 0                 0 / 0                 0 / 0                 0 / 0           MB/s
[2025-05-18T22:50:39.088+0300][15084][17464][info][gc,stats    ]      Memory: Page Cache Hit L1                                15 / 20               10 / 76               10 / 76               10 / 76          ops/s
[2025-05-18T22:50:39.088+0300][15084][17464][info][gc,stats    ]      Memory: Page Cache Hit L2                                 0 / 0                 0 / 0                 0 / 0                 0 / 0           ops/s
[2025-05-18T22:50:39.088+0300][15084][17464][info][gc,stats    ]      Memory: Page Cache Hit L3                                 1 / 13                8 / 34                8 / 34                8 / 34          ops/s
[2025-05-18T22:50:39.088+0300][15084][17464][info][gc,stats    ]      Memory: Page Cache Miss                                   0 / 0                 0 / 1                 0 / 1                 0 / 1           ops/s
[2025-05-18T22:50:39.088+0300][15084][17464][info][gc,stats    ]      Memory: Uncommit                                          0 / 0                 0 / 0                 0 / 0                 0 / 0           MB/s
[2025-05-18T22:50:39.088+0300][15084][17464][info][gc,stats    ]      Memory: Undo Object Allocation Failed                     0 / 0                 0 / 0                 0 / 0                 0 / 0           ops/s
[2025-05-18T22:50:39.088+0300][15084][17464][info][gc,stats    ]      Memory: Undo Object Allocation Succeeded                  0 / 0                 0 / 0                 0 / 0                 0 / 0           ops/s
[2025-05-18T22:50:39.088+0300][15084][17464][info][gc,stats    ]      Memory: Undo Page Allocation                              0 / 0                 0 / 1                 0 / 1                 0 / 1           ops/s
[2025-05-18T22:50:39.088+0300][15084][17464][info][gc,stats    ]       Phase: Concurrent Mark                               0.000 / 0.000        31.524 / 33.584       31.524 / 33.584       31.524 / 33.584      ms
[2025-05-18T22:50:39.088+0300][15084][17464][info][gc,stats    ]       Phase: Concurrent Mark Continue                      0.000 / 0.000         0.000 / 0.000         0.000 / 0.000         0.000 / 0.000       ms
[2025-05-18T22:50:39.088+0300][15084][17464][info][gc,stats    ]       Phase: Concurrent Mark Free                          0.000 / 0.000         0.001 / 0.001         0.001 / 0.001         0.001 / 0.001       ms
[2025-05-18T22:50:39.088+0300][15084][17464][info][gc,stats    ]       Phase: Concurrent Process Non-Strong References      0.000 / 0.000        12.288 / 16.295       12.288 / 16.295       12.288 / 16.295      ms
[2025-05-18T22:50:39.088+0300][15084][17464][info][gc,stats    ]       Phase: Concurrent Relocate                           0.000 / 0.000         3.151 / 5.335         3.151 / 5.335         3.151 / 5.335       ms
[2025-05-18T22:50:39.088+0300][15084][17464][info][gc,stats    ]       Phase: Concurrent Reset Relocation Set               0.000 / 0.000         0.006 / 0.012         0.006 / 0.012         0.006 / 0.012       ms
[2025-05-18T22:50:39.088+0300][15084][17464][info][gc,stats    ]       Phase: Concurrent Select Relocation Set              0.000 / 0.000         3.306 / 5.162         3.306 / 5.162         3.306 / 5.162       ms
[2025-05-18T22:50:39.088+0300][15084][17464][info][gc,stats    ]       Phase: Pause Mark End                                0.000 / 0.000         0.020 / 0.026         0.020 / 0.026         0.020 / 0.026       ms
[2025-05-18T22:50:39.088+0300][15084][17464][info][gc,stats    ]       Phase: Pause Mark Start                              0.000 / 0.000         0.010 / 0.017         0.010 / 0.017         0.010 / 0.017       ms
[2025-05-18T22:50:39.088+0300][15084][17464][info][gc,stats    ]       Phase: Pause Relocate Start                          0.000 / 0.000         0.366 / 1.085         0.366 / 1.085         0.366 / 1.085       ms
[2025-05-18T22:50:39.088+0300][15084][17464][info][gc,stats    ]    Subphase: Concurrent Classes Purge                      0.000 / 0.000         1.195 / 2.420         1.195 / 2.420         1.195 / 2.420       ms
[2025-05-18T22:50:39.088+0300][15084][17464][info][gc,stats    ]    Subphase: Concurrent Classes Unlink                     0.000 / 0.000         7.007 / 12.605        7.007 / 12.605        7.007 / 12.605      ms
[2025-05-18T22:50:39.088+0300][15084][17464][info][gc,stats    ]    Subphase: Concurrent Mark                               0.000 / 0.000        26.152 / 32.456       26.152 / 32.456       26.152 / 32.456      ms
[2025-05-18T22:50:39.089+0300][15084][17464][info][gc,stats    ]    Subphase: Concurrent Mark Try Flush                     0.000 / 0.000         0.128 / 0.178         0.128 / 0.178         0.128 / 0.178       ms
[2025-05-18T22:50:39.089+0300][15084][17464][info][gc,stats    ]    Subphase: Concurrent Mark Try Terminate                 0.000 / 0.000         2.877 / 14.031        2.877 / 14.031        2.877 / 14.031      ms
[2025-05-18T22:50:39.089+0300][15084][17464][info][gc,stats    ]    Subphase: Concurrent References Enqueue                 0.000 / 0.000         0.004 / 0.005         0.004 / 0.005         0.004 / 0.005       ms
[2025-05-18T22:50:39.089+0300][15084][17464][info][gc,stats    ]    Subphase: Concurrent References Process                 0.000 / 0.000         0.237 / 0.315         0.237 / 0.315         0.237 / 0.315       ms
[2025-05-18T22:50:39.089+0300][15084][17464][info][gc,stats    ]    Subphase: Concurrent Roots ClassLoaderDataGraph         0.000 / 0.000         0.245 / 0.975         0.245 / 0.975         0.245 / 0.975       ms
[2025-05-18T22:50:39.089+0300][15084][17464][info][gc,stats    ]    Subphase: Concurrent Roots CodeCache                    0.000 / 0.000         0.000 / 0.000         0.000 / 0.000         0.000 / 0.000       ms
[2025-05-18T22:50:39.089+0300][15084][17464][info][gc,stats    ]    Subphase: Concurrent Roots JavaThreads                  0.000 / 0.000         1.691 / 3.315         1.691 / 3.315         1.691 / 3.315       ms
[2025-05-18T22:50:39.089+0300][15084][17464][info][gc,stats    ]    Subphase: Concurrent Roots OopStorageSet                0.000 / 0.000         0.059 / 0.130         0.059 / 0.130         0.059 / 0.130       ms
[2025-05-18T22:50:39.089+0300][15084][17464][info][gc,stats    ]    Subphase: Concurrent Weak Roots OopStorageSet           0.000 / 0.000         0.734 / 1.152         0.734 / 1.152         0.734 / 1.152       ms
[2025-05-18T22:50:39.089+0300][15084][17464][info][gc,stats    ]    Subphase: Pause Mark Try Complete                       0.000 / 0.000         0.000 / 0.000         0.000 / 0.000         0.000 / 0.000       ms
[2025-05-18T22:50:39.089+0300][15084][17464][info][gc,stats    ]      System: Java Threads                                      0 / 0                30 / 34               30 / 34               30 / 34          threads
[2025-05-18T22:50:39.089+0300][15084][17464][info][gc,stats    ] =========================================================================================================================================================
[2025-05-18T22:50:49.079+0300][15084][17464][info][gc,stats    ] === Garbage Collection Statistics =======================================================================================================================
[2025-05-18T22:50:49.079+0300][15084][17464][info][gc,stats    ]                                                              Last 10s              Last 10m              Last 10h                Total
[2025-05-18T22:50:49.079+0300][15084][17464][info][gc,stats    ]                                                              Avg / Max             Avg / Max             Avg / Max             Avg / Max
[2025-05-18T22:50:49.079+0300][15084][17464][info][gc,stats    ]   Collector: Garbage Collection Cycle                      0.000 / 0.000        51.587 / 53.225       51.587 / 53.225       51.587 / 53.225      ms
[2025-05-18T22:50:49.079+0300][15084][17464][info][gc,stats    ]  Contention: Mark Segment Reset Contention                     0 / 0                 0 / 0                 0 / 0                 0 / 0           ops/s
[2025-05-18T22:50:49.079+0300][15084][17464][info][gc,stats    ]  Contention: Mark SeqNum Reset Contention                      0 / 0                 0 / 0                 0 / 0                 0 / 0           ops/s
[2025-05-18T22:50:49.079+0300][15084][17464][info][gc,stats    ]    Critical: Allocation Stall                                  0 / 0                 0 / 0                 0 / 0                 0 / 0           ops/s
[2025-05-18T22:50:49.079+0300][15084][17464][info][gc,stats    ]    Critical: Allocation Stall                              0.000 / 0.000         0.000 / 0.000         0.000 / 0.000         0.000 / 0.000       ms
[2025-05-18T22:50:49.079+0300][15084][17464][info][gc,stats    ]    Critical: GC Locker Stall                                   0 / 0                 0 / 0                 0 / 0                 0 / 0           ops/s
[2025-05-18T22:50:49.079+0300][15084][17464][info][gc,stats    ]    Critical: GC Locker Stall                               0.000 / 0.000         0.000 / 0.000         0.000 / 0.000         0.000 / 0.000       ms
[2025-05-18T22:50:49.079+0300][15084][17464][info][gc,stats    ]    Critical: Relocation Stall                                  0 / 0                 0 / 0                 0 / 0                 0 / 0           ops/s
[2025-05-18T22:50:49.079+0300][15084][17464][info][gc,stats    ]    Critical: Relocation Stall                              0.000 / 0.000         0.000 / 0.000         0.000 / 0.000         0.000 / 0.000       ms
[2025-05-18T22:50:49.079+0300][15084][17464][info][gc,stats    ]      Memory: Allocation Rate                                  34 / 40               38 / 146              38 / 146              38 / 146         MB/s
[2025-05-18T22:50:49.079+0300][15084][17464][info][gc,stats    ]      Memory: Defragment                                        0 / 0                 0 / 0                 0 / 0                 0 / 0           ops/s
[2025-05-18T22:50:49.079+0300][15084][17464][info][gc,stats    ]      Memory: Out Of Memory                                     0 / 0                 0 / 0                 0 / 0                 0 / 0           ops/s
[2025-05-18T22:50:49.079+0300][15084][17464][info][gc,stats    ]      Memory: Page Cache Flush                                  0 / 0                 0 / 0                 0 / 0                 0 / 0           MB/s
[2025-05-18T22:50:49.079+0300][15084][17464][info][gc,stats    ]      Memory: Page Cache Hit L1                                 0 / 2                 9 / 76                9 / 76                9 / 76          ops/s
[2025-05-18T22:50:49.079+0300][15084][17464][info][gc,stats    ]      Memory: Page Cache Hit L2                                 0 / 0                 0 / 0                 0 / 0                 0 / 0           ops/s
[2025-05-18T22:50:49.079+0300][15084][17464][info][gc,stats    ]      Memory: Page Cache Hit L3                                17 / 20                9 / 34                9 / 34                9 / 34          ops/s
[2025-05-18T22:50:49.079+0300][15084][17464][info][gc,stats    ]      Memory: Page Cache Miss                                   0 / 0                 0 / 1                 0 / 1                 0 / 1           ops/s
[2025-05-18T22:50:49.079+0300][15084][17464][info][gc,stats    ]      Memory: Uncommit                                          0 / 0                 0 / 0                 0 / 0                 0 / 0           MB/s
[2025-05-18T22:50:49.079+0300][15084][17464][info][gc,stats    ]      Memory: Undo Object Allocation Failed                     0 / 0                 0 / 0                 0 / 0                 0 / 0           ops/s
[2025-05-18T22:50:49.079+0300][15084][17464][info][gc,stats    ]      Memory: Undo Object Allocation Succeeded                  0 / 0                 0 / 0                 0 / 0                 0 / 0           ops/s
[2025-05-18T22:50:49.079+0300][15084][17464][info][gc,stats    ]      Memory: Undo Page Allocation                              0 / 2                 0 / 2                 0 / 2                 0 / 2           ops/s
[2025-05-18T22:50:49.079+0300][15084][17464][info][gc,stats    ]       Phase: Concurrent Mark                               0.000 / 0.000        31.524 / 33.584       31.524 / 33.584       31.524 / 33.584      ms
[2025-05-18T22:50:49.079+0300][15084][17464][info][gc,stats    ]       Phase: Concurrent Mark Continue                      0.000 / 0.000         0.000 / 0.000         0.000 / 0.000         0.000 / 0.000       ms
[2025-05-18T22:50:49.079+0300][15084][17464][info][gc,stats    ]       Phase: Concurrent Mark Free                          0.000 / 0.000         0.001 / 0.001         0.001 / 0.001         0.001 / 0.001       ms
[2025-05-18T22:50:49.079+0300][15084][17464][info][gc,stats    ]       Phase: Concurrent Process Non-Strong References      0.000 / 0.000        12.288 / 16.295       12.288 / 16.295       12.288 / 16.295      ms
[2025-05-18T22:50:49.079+0300][15084][17464][info][gc,stats    ]       Phase: Concurrent Relocate                           0.000 / 0.000         3.151 / 5.335         3.151 / 5.335         3.151 / 5.335       ms
[2025-05-18T22:50:49.079+0300][15084][17464][info][gc,stats    ]       Phase: Concurrent Reset Relocation Set               0.000 / 0.000         0.006 / 0.012         0.006 / 0.012         0.006 / 0.012       ms
[2025-05-18T22:50:49.079+0300][15084][17464][info][gc,stats    ]       Phase: Concurrent Select Relocation Set              0.000 / 0.000         3.306 / 5.162         3.306 / 5.162         3.306 / 5.162       ms
[2025-05-18T22:50:49.079+0300][15084][17464][info][gc,stats    ]       Phase: Pause Mark End                                0.000 / 0.000         0.020 / 0.026         0.020 / 0.026         0.020 / 0.026       ms
[2025-05-18T22:50:49.079+0300][15084][17464][info][gc,stats    ]       Phase: Pause Mark Start                              0.000 / 0.000         0.010 / 0.017         0.010 / 0.017         0.010 / 0.017       ms
[2025-05-18T22:50:49.079+0300][15084][17464][info][gc,stats    ]       Phase: Pause Relocate Start                          0.000 / 0.000         0.366 / 1.085         0.366 / 1.085         0.366 / 1.085       ms
[2025-05-18T22:50:49.079+0300][15084][17464][info][gc,stats    ]    Subphase: Concurrent Classes Purge                      0.000 / 0.000         1.195 / 2.420         1.195 / 2.420         1.195 / 2.420       ms
[2025-05-18T22:50:49.079+0300][15084][17464][info][gc,stats    ]    Subphase: Concurrent Classes Unlink                     0.000 / 0.000         7.007 / 12.605        7.007 / 12.605        7.007 / 12.605      ms
[2025-05-18T22:50:49.079+0300][15084][17464][info][gc,stats    ]    Subphase: Concurrent Mark                               0.000 / 0.000        26.152 / 32.456       26.152 / 32.456       26.152 / 32.456      ms
[2025-05-18T22:50:49.079+0300][15084][17464][info][gc,stats    ]    Subphase: Concurrent Mark Try Flush                     0.000 / 0.000         0.128 / 0.178         0.128 / 0.178         0.128 / 0.178       ms
[2025-05-18T22:50:49.079+0300][15084][17464][info][gc,stats    ]    Subphase: Concurrent Mark Try Terminate                 0.000 / 0.000         2.877 / 14.031        2.877 / 14.031        2.877 / 14.031      ms
[2025-05-18T22:50:49.079+0300][15084][17464][info][gc,stats    ]    Subphase: Concurrent References Enqueue                 0.000 / 0.000         0.004 / 0.005         0.004 / 0.005         0.004 / 0.005       ms
[2025-05-18T22:50:49.079+0300][15084][17464][info][gc,stats    ]    Subphase: Concurrent References Process                 0.000 / 0.000         0.237 / 0.315         0.237 / 0.315         0.237 / 0.315       ms
[2025-05-18T22:50:49.079+0300][15084][17464][info][gc,stats    ]    Subphase: Concurrent Roots ClassLoaderDataGraph         0.000 / 0.000         0.245 / 0.975         0.245 / 0.975         0.245 / 0.975       ms
[2025-05-18T22:50:49.079+0300][15084][17464][info][gc,stats    ]    Subphase: Concurrent Roots CodeCache                    0.000 / 0.000         0.000 / 0.000         0.000 / 0.000         0.000 / 0.000       ms
[2025-05-18T22:50:49.079+0300][15084][17464][info][gc,stats    ]    Subphase: Concurrent Roots JavaThreads                  0.000 / 0.000         1.691 / 3.315         1.691 / 3.315         1.691 / 3.315       ms
[2025-05-18T22:50:49.079+0300][15084][17464][info][gc,stats    ]    Subphase: Concurrent Roots OopStorageSet                0.000 / 0.000         0.059 / 0.130         0.059 / 0.130         0.059 / 0.130       ms
[2025-05-18T22:50:49.079+0300][15084][17464][info][gc,stats    ]    Subphase: Concurrent Weak Roots OopStorageSet           0.000 / 0.000         0.734 / 1.152         0.734 / 1.152         0.734 / 1.152       ms
[2025-05-18T22:50:49.079+0300][15084][17464][info][gc,stats    ]    Subphase: Pause Mark Try Complete                       0.000 / 0.000         0.000 / 0.000         0.000 / 0.000         0.000 / 0.000       ms
[2025-05-18T22:50:49.079+0300][15084][17464][info][gc,stats    ]      System: Java Threads                                      0 / 0                30 / 34               30 / 34               30 / 34          threads
[2025-05-18T22:50:49.081+0300][15084][17464][info][gc,stats    ] =========================================================================================================================================================
[2025-05-18T22:50:59.083+0300][15084][17464][info][gc,stats    ] === Garbage Collection Statistics =======================================================================================================================
[2025-05-18T22:50:59.083+0300][15084][17464][info][gc,stats    ]                                                              Last 10s              Last 10m              Last 10h                Total
[2025-05-18T22:50:59.083+0300][15084][17464][info][gc,stats    ]                                                              Avg / Max             Avg / Max             Avg / Max             Avg / Max
[2025-05-18T22:50:59.083+0300][15084][17464][info][gc,stats    ]   Collector: Garbage Collection Cycle                      0.000 / 0.000        51.587 / 53.225       51.587 / 53.225       51.587 / 53.225      ms
[2025-05-18T22:50:59.083+0300][15084][17464][info][gc,stats    ]  Contention: Mark Segment Reset Contention                     0 / 0                 0 / 0                 0 / 0                 0 / 0           ops/s
[2025-05-18T22:50:59.083+0300][15084][17464][info][gc,stats    ]  Contention: Mark SeqNum Reset Contention                      0 / 0                 0 / 0                 0 / 0                 0 / 0           ops/s
[2025-05-18T22:50:59.083+0300][15084][17464][info][gc,stats    ]    Critical: Allocation Stall                                  0 / 0                 0 / 0                 0 / 0                 0 / 0           ops/s
[2025-05-18T22:50:59.083+0300][15084][17464][info][gc,stats    ]    Critical: Allocation Stall                              0.000 / 0.000         0.000 / 0.000         0.000 / 0.000         0.000 / 0.000       ms
[2025-05-18T22:50:59.083+0300][15084][17464][info][gc,stats    ]    Critical: GC Locker Stall                                   0 / 0                 0 / 0                 0 / 0                 0 / 0           ops/s
[2025-05-18T22:50:59.083+0300][15084][17464][info][gc,stats    ]    Critical: GC Locker Stall                               0.000 / 0.000         0.000 / 0.000         0.000 / 0.000         0.000 / 0.000       ms
[2025-05-18T22:50:59.084+0300][15084][17464][info][gc,stats    ]    Critical: Relocation Stall                                  0 / 0                 0 / 0                 0 / 0                 0 / 0           ops/s
[2025-05-18T22:50:59.084+0300][15084][17464][info][gc,stats    ]    Critical: Relocation Stall                              0.000 / 0.000         0.000 / 0.000         0.000 / 0.000         0.000 / 0.000       ms
[2025-05-18T22:50:59.084+0300][15084][17464][info][gc,stats    ]      Memory: Allocation Rate                                  34 / 38               38 / 146              38 / 146              38 / 146         MB/s
[2025-05-18T22:50:59.084+0300][15084][17464][info][gc,stats    ]      Memory: Defragment                                        0 / 0                 0 / 0                 0 / 0                 0 / 0           ops/s
[2025-05-18T22:50:59.084+0300][15084][17464][info][gc,stats    ]      Memory: Out Of Memory                                     0 / 0                 0 / 0                 0 / 0                 0 / 0           ops/s
[2025-05-18T22:50:59.084+0300][15084][17464][info][gc,stats    ]      Memory: Page Cache Flush                                  0 / 0                 0 / 0                 0 / 0                 0 / 0           MB/s
[2025-05-18T22:50:59.084+0300][15084][17464][info][gc,stats    ]      Memory: Page Cache Hit L1                                 0 / 1                 8 / 76                8 / 76                8 / 76          ops/s
[2025-05-18T22:50:59.084+0300][15084][17464][info][gc,stats    ]      Memory: Page Cache Hit L2                                 0 / 0                 0 / 0                 0 / 0                 0 / 0           ops/s
[2025-05-18T22:50:59.084+0300][15084][17464][info][gc,stats    ]      Memory: Page Cache Hit L3                                17 / 19               10 / 34               10 / 34               10 / 34          ops/s
[2025-05-18T22:50:59.084+0300][15084][17464][info][gc,stats    ]      Memory: Page Cache Miss                                   0 / 0                 0 / 1                 0 / 1                 0 / 1           ops/s
[2025-05-18T22:50:59.084+0300][15084][17464][info][gc,stats    ]      Memory: Uncommit                                          0 / 0                 0 / 0                 0 / 0                 0 / 0           MB/s
[2025-05-18T22:50:59.084+0300][15084][17464][info][gc,stats    ]      Memory: Undo Object Allocation Failed                     0 / 0                 0 / 0                 0 / 0                 0 / 0           ops/s
[2025-05-18T22:50:59.084+0300][15084][17464][info][gc,stats    ]      Memory: Undo Object Allocation Succeeded                  0 / 0                 0 / 0                 0 / 0                 0 / 0           ops/s
[2025-05-18T22:50:59.084+0300][15084][17464][info][gc,stats    ]      Memory: Undo Page Allocation                              0 / 1                 0 / 2                 0 / 2                 0 / 2           ops/s
[2025-05-18T22:50:59.084+0300][15084][17464][info][gc,stats    ]       Phase: Concurrent Mark                               0.000 / 0.000        31.524 / 33.584       31.524 / 33.584       31.524 / 33.584      ms
[2025-05-18T22:50:59.084+0300][15084][17464][info][gc,stats    ]       Phase: Concurrent Mark Continue                      0.000 / 0.000         0.000 / 0.000         0.000 / 0.000         0.000 / 0.000       ms
[2025-05-18T22:50:59.084+0300][15084][17464][info][gc,stats    ]       Phase: Concurrent Mark Free                          0.000 / 0.000         0.001 / 0.001         0.001 / 0.001         0.001 / 0.001       ms
[2025-05-18T22:50:59.084+0300][15084][17464][info][gc,stats    ]       Phase: Concurrent Process Non-Strong References      0.000 / 0.000        12.288 / 16.295       12.288 / 16.295       12.288 / 16.295      ms
[2025-05-18T22:50:59.084+0300][15084][17464][info][gc,stats    ]       Phase: Concurrent Relocate                           0.000 / 0.000         3.151 / 5.335         3.151 / 5.335         3.151 / 5.335       ms
[2025-05-18T22:50:59.084+0300][15084][17464][info][gc,stats    ]       Phase: Concurrent Reset Relocation Set               0.000 / 0.000         0.006 / 0.012         0.006 / 0.012         0.006 / 0.012       ms
[2025-05-18T22:50:59.084+0300][15084][17464][info][gc,stats    ]       Phase: Concurrent Select Relocation Set              0.000 / 0.000         3.306 / 5.162         3.306 / 5.162         3.306 / 5.162       ms
[2025-05-18T22:50:59.084+0300][15084][17464][info][gc,stats    ]       Phase: Pause Mark End                                0.000 / 0.000         0.020 / 0.026         0.020 / 0.026         0.020 / 0.026       ms
[2025-05-18T22:50:59.084+0300][15084][17464][info][gc,stats    ]       Phase: Pause Mark Start                              0.000 / 0.000         0.010 / 0.017         0.010 / 0.017         0.010 / 0.017       ms
[2025-05-18T22:50:59.084+0300][15084][17464][info][gc,stats    ]       Phase: Pause Relocate Start                          0.000 / 0.000         0.366 / 1.085         0.366 / 1.085         0.366 / 1.085       ms
[2025-05-18T22:50:59.085+0300][15084][17464][info][gc,stats    ]    Subphase: Concurrent Classes Purge                      0.000 / 0.000         1.195 / 2.420         1.195 / 2.420         1.195 / 2.420       ms
[2025-05-18T22:50:59.085+0300][15084][17464][info][gc,stats    ]    Subphase: Concurrent Classes Unlink                     0.000 / 0.000         7.007 / 12.605        7.007 / 12.605        7.007 / 12.605      ms
[2025-05-18T22:50:59.085+0300][15084][17464][info][gc,stats    ]    Subphase: Concurrent Mark                               0.000 / 0.000        26.152 / 32.456       26.152 / 32.456       26.152 / 32.456      ms
[2025-05-18T22:50:59.085+0300][15084][17464][info][gc,stats    ]    Subphase: Concurrent Mark Try Flush                     0.000 / 0.000         0.128 / 0.178         0.128 / 0.178         0.128 / 0.178       ms
[2025-05-18T22:50:59.085+0300][15084][17464][info][gc,stats    ]    Subphase: Concurrent Mark Try Terminate                 0.000 / 0.000         2.877 / 14.031        2.877 / 14.031        2.877 / 14.031      ms
[2025-05-18T22:50:59.085+0300][15084][17464][info][gc,stats    ]    Subphase: Concurrent References Enqueue                 0.000 / 0.000         0.004 / 0.005         0.004 / 0.005         0.004 / 0.005       ms
[2025-05-18T22:50:59.085+0300][15084][17464][info][gc,stats    ]    Subphase: Concurrent References Process                 0.000 / 0.000         0.237 / 0.315         0.237 / 0.315         0.237 / 0.315       ms
[2025-05-18T22:50:59.085+0300][15084][17464][info][gc,stats    ]    Subphase: Concurrent Roots ClassLoaderDataGraph         0.000 / 0.000         0.245 / 0.975         0.245 / 0.975         0.245 / 0.975       ms
[2025-05-18T22:50:59.085+0300][15084][17464][info][gc,stats    ]    Subphase: Concurrent Roots CodeCache                    0.000 / 0.000         0.000 / 0.000         0.000 / 0.000         0.000 / 0.000       ms
[2025-05-18T22:50:59.085+0300][15084][17464][info][gc,stats    ]    Subphase: Concurrent Roots JavaThreads                  0.000 / 0.000         1.691 / 3.315         1.691 / 3.315         1.691 / 3.315       ms
[2025-05-18T22:50:59.085+0300][15084][17464][info][gc,stats    ]    Subphase: Concurrent Roots OopStorageSet                0.000 / 0.000         0.059 / 0.130         0.059 / 0.130         0.059 / 0.130       ms
[2025-05-18T22:50:59.085+0300][15084][17464][info][gc,stats    ]    Subphase: Concurrent Weak Roots OopStorageSet           0.000 / 0.000         0.734 / 1.152         0.734 / 1.152         0.734 / 1.152       ms
[2025-05-18T22:50:59.085+0300][15084][17464][info][gc,stats    ]    Subphase: Pause Mark Try Complete                       0.000 / 0.000         0.000 / 0.000         0.000 / 0.000         0.000 / 0.000       ms
[2025-05-18T22:50:59.085+0300][15084][17464][info][gc,stats    ]      System: Java Threads                                      0 / 0                30 / 34               30 / 34               30 / 34          threads
[2025-05-18T22:50:59.085+0300][15084][17464][info][gc,stats    ] =========================================================================================================================================================
[2025-05-18T22:51:09.088+0300][15084][17464][info][gc,stats    ] === Garbage Collection Statistics =======================================================================================================================
[2025-05-18T22:51:09.088+0300][15084][17464][info][gc,stats    ]                                                              Last 10s              Last 10m              Last 10h                Total
[2025-05-18T22:51:09.088+0300][15084][17464][info][gc,stats    ]                                                              Avg / Max             Avg / Max             Avg / Max             Avg / Max
[2025-05-18T22:51:09.088+0300][15084][17464][info][gc,stats    ]   Collector: Garbage Collection Cycle                      0.000 / 0.000        51.587 / 53.225       51.587 / 53.225       51.587 / 53.225      ms
[2025-05-18T22:51:09.088+0300][15084][17464][info][gc,stats    ]  Contention: Mark Segment Reset Contention                     0 / 0                 0 / 0                 0 / 0                 0 / 0           ops/s
[2025-05-18T22:51:09.088+0300][15084][17464][info][gc,stats    ]  Contention: Mark SeqNum Reset Contention                      0 / 0                 0 / 0                 0 / 0                 0 / 0           ops/s
[2025-05-18T22:51:09.088+0300][15084][17464][info][gc,stats    ]    Critical: Allocation Stall                                  0 / 0                 0 / 0                 0 / 0                 0 / 0           ops/s
[2025-05-18T22:51:09.088+0300][15084][17464][info][gc,stats    ]    Critical: Allocation Stall                              0.000 / 0.000         0.000 / 0.000         0.000 / 0.000         0.000 / 0.000       ms
[2025-05-18T22:51:09.088+0300][15084][17464][info][gc,stats    ]    Critical: GC Locker Stall                                   0 / 0                 0 / 0                 0 / 0                 0 / 0           ops/s
[2025-05-18T22:51:09.088+0300][15084][17464][info][gc,stats    ]    Critical: GC Locker Stall                               0.000 / 0.000         0.000 / 0.000         0.000 / 0.000         0.000 / 0.000       ms
[2025-05-18T22:51:09.089+0300][15084][17464][info][gc,stats    ]    Critical: Relocation Stall                                  0 / 0                 0 / 0                 0 / 0                 0 / 0           ops/s
[2025-05-18T22:51:09.089+0300][15084][17464][info][gc,stats    ]    Critical: Relocation Stall                              0.000 / 0.000         0.000 / 0.000         0.000 / 0.000         0.000 / 0.000       ms
[2025-05-18T22:51:09.089+0300][15084][17464][info][gc,stats    ]      Memory: Allocation Rate                                  34 / 40               38 / 146              38 / 146              38 / 146         MB/s
[2025-05-18T22:51:09.089+0300][15084][17464][info][gc,stats    ]      Memory: Defragment                                        0 / 0                 0 / 0                 0 / 0                 0 / 0           ops/s
[2025-05-18T22:51:09.089+0300][15084][17464][info][gc,stats    ]      Memory: Out Of Memory                                     0 / 0                 0 / 0                 0 / 0                 0 / 0           ops/s
[2025-05-18T22:51:09.089+0300][15084][17464][info][gc,stats    ]      Memory: Page Cache Flush                                  0 / 0                 0 / 0                 0 / 0                 0 / 0           MB/s
[2025-05-18T22:51:09.089+0300][15084][17464][info][gc,stats    ]      Memory: Page Cache Hit L1                                 0 / 0                 7 / 76                7 / 76                7 / 76          ops/s
[2025-05-18T22:51:09.089+0300][15084][17464][info][gc,stats    ]      Memory: Page Cache Hit L2                                 0 / 0                 0 / 0                 0 / 0                 0 / 0           ops/s
[2025-05-18T22:51:09.089+0300][15084][17464][info][gc,stats    ]      Memory: Page Cache Hit L3                                17 / 20               11 / 34               11 / 34               11 / 34          ops/s
[2025-05-18T22:51:09.089+0300][15084][17464][info][gc,stats    ]      Memory: Page Cache Miss                                   0 / 0                 0 / 1                 0 / 1                 0 / 1           ops/s
[2025-05-18T22:51:09.089+0300][15084][17464][info][gc,stats    ]      Memory: Uncommit                                          0 / 0                 0 / 0                 0 / 0                 0 / 0           MB/s
[2025-05-18T22:51:09.089+0300][15084][17464][info][gc,stats    ]      Memory: Undo Object Allocation Failed                     0 / 0                 0 / 0                 0 / 0                 0 / 0           ops/s
[2025-05-18T22:51:09.089+0300][15084][17464][info][gc,stats    ]      Memory: Undo Object Allocation Succeeded                  0 / 0                 0 / 0                 0 / 0                 0 / 0           ops/s
[2025-05-18T22:51:09.089+0300][15084][17464][info][gc,stats    ]      Memory: Undo Page Allocation                              0 / 0                 0 / 2                 0 / 2                 0 / 2           ops/s
[2025-05-18T22:51:09.089+0300][15084][17464][info][gc,stats    ]       Phase: Concurrent Mark                               0.000 / 0.000        31.524 / 33.584       31.524 / 33.584       31.524 / 33.584      ms
[2025-05-18T22:51:09.089+0300][15084][17464][info][gc,stats    ]       Phase: Concurrent Mark Continue                      0.000 / 0.000         0.000 / 0.000         0.000 / 0.000         0.000 / 0.000       ms
[2025-05-18T22:51:09.089+0300][15084][17464][info][gc,stats    ]       Phase: Concurrent Mark Free                          0.000 / 0.000         0.001 / 0.001         0.001 / 0.001         0.001 / 0.001       ms
[2025-05-18T22:51:09.089+0300][15084][17464][info][gc,stats    ]       Phase: Concurrent Process Non-Strong References      0.000 / 0.000        12.288 / 16.295       12.288 / 16.295       12.288 / 16.295      ms
[2025-05-18T22:51:09.089+0300][15084][17464][info][gc,stats    ]       Phase: Concurrent Relocate                           0.000 / 0.000         3.151 / 5.335         3.151 / 5.335         3.151 / 5.335       ms
[2025-05-18T22:51:09.089+0300][15084][17464][info][gc,stats    ]       Phase: Concurrent Reset Relocation Set               0.000 / 0.000         0.006 / 0.012         0.006 / 0.012         0.006 / 0.012       ms
[2025-05-18T22:51:09.089+0300][15084][17464][info][gc,stats    ]       Phase: Concurrent Select Relocation Set              0.000 / 0.000         3.306 / 5.162         3.306 / 5.162         3.306 / 5.162       ms
[2025-05-18T22:51:09.089+0300][15084][17464][info][gc,stats    ]       Phase: Pause Mark End                                0.000 / 0.000         0.020 / 0.026         0.020 / 0.026         0.020 / 0.026       ms
[2025-05-18T22:51:09.089+0300][15084][17464][info][gc,stats    ]       Phase: Pause Mark Start                              0.000 / 0.000         0.010 / 0.017         0.010 / 0.017         0.010 / 0.017       ms
[2025-05-18T22:51:09.090+0300][15084][17464][info][gc,stats    ]       Phase: Pause Relocate Start                          0.000 / 0.000         0.366 / 1.085         0.366 / 1.085         0.366 / 1.085       ms
[2025-05-18T22:51:09.090+0300][15084][17464][info][gc,stats    ]    Subphase: Concurrent Classes Purge                      0.000 / 0.000         1.195 / 2.420         1.195 / 2.420         1.195 / 2.420       ms
[2025-05-18T22:51:09.090+0300][15084][17464][info][gc,stats    ]    Subphase: Concurrent Classes Unlink                     0.000 / 0.000         7.007 / 12.605        7.007 / 12.605        7.007 / 12.605      ms
[2025-05-18T22:51:09.090+0300][15084][17464][info][gc,stats    ]    Subphase: Concurrent Mark                               0.000 / 0.000        26.152 / 32.456       26.152 / 32.456       26.152 / 32.456      ms
[2025-05-18T22:51:09.090+0300][15084][17464][info][gc,stats    ]    Subphase: Concurrent Mark Try Flush                     0.000 / 0.000         0.128 / 0.178         0.128 / 0.178         0.128 / 0.178       ms
[2025-05-18T22:51:09.090+0300][15084][17464][info][gc,stats    ]    Subphase: Concurrent Mark Try Terminate                 0.000 / 0.000         2.877 / 14.031        2.877 / 14.031        2.877 / 14.031      ms
[2025-05-18T22:51:09.090+0300][15084][17464][info][gc,stats    ]    Subphase: Concurrent References Enqueue                 0.000 / 0.000         0.004 / 0.005         0.004 / 0.005         0.004 / 0.005       ms
[2025-05-18T22:51:09.090+0300][15084][17464][info][gc,stats    ]    Subphase: Concurrent References Process                 0.000 / 0.000         0.237 / 0.315         0.237 / 0.315         0.237 / 0.315       ms
[2025-05-18T22:51:09.090+0300][15084][17464][info][gc,stats    ]    Subphase: Concurrent Roots ClassLoaderDataGraph         0.000 / 0.000         0.245 / 0.975         0.245 / 0.975         0.245 / 0.975       ms
[2025-05-18T22:51:09.090+0300][15084][17464][info][gc,stats    ]    Subphase: Concurrent Roots CodeCache                    0.000 / 0.000         0.000 / 0.000         0.000 / 0.000         0.000 / 0.000       ms
[2025-05-18T22:51:09.090+0300][15084][17464][info][gc,stats    ]    Subphase: Concurrent Roots JavaThreads                  0.000 / 0.000         1.691 / 3.315         1.691 / 3.315         1.691 / 3.315       ms
[2025-05-18T22:51:09.090+0300][15084][17464][info][gc,stats    ]    Subphase: Concurrent Roots OopStorageSet                0.000 / 0.000         0.059 / 0.130         0.059 / 0.130         0.059 / 0.130       ms
[2025-05-18T22:51:09.090+0300][15084][17464][info][gc,stats    ]    Subphase: Concurrent Weak Roots OopStorageSet           0.000 / 0.000         0.734 / 1.152         0.734 / 1.152         0.734 / 1.152       ms
[2025-05-18T22:51:09.090+0300][15084][17464][info][gc,stats    ]    Subphase: Pause Mark Try Complete                       0.000 / 0.000         0.000 / 0.000         0.000 / 0.000         0.000 / 0.000       ms
[2025-05-18T22:51:09.090+0300][15084][17464][info][gc,stats    ]      System: Java Threads                                      0 / 0                30 / 34               30 / 34               30 / 34          threads
[2025-05-18T22:51:09.090+0300][15084][17464][info][gc,stats    ] =========================================================================================================================================================
[2025-05-18T22:51:13.687+0300][15084][15876][info][gc,start    ] GC(3) Garbage Collection (Warmup)
[2025-05-18T22:51:13.687+0300][15084][15876][info][gc,task     ] GC(3) Using 2 workers
[2025-05-18T22:51:13.687+0300][15084][17492][info][gc,phases   ] GC(3) Pause Mark Start 0.014ms
[2025-05-18T22:51:13.719+0300][15084][15876][info][gc,phases   ] GC(3) Concurrent Mark 31.093ms
[2025-05-18T22:51:13.719+0300][15084][17492][info][gc,phases   ] GC(3) Pause Mark End 0.021ms
[2025-05-18T22:51:13.719+0300][15084][15876][info][gc,phases   ] GC(3) Concurrent Mark Free 0.001ms
[2025-05-18T22:51:13.728+0300][15084][15876][info][gc,phases   ] GC(3) Concurrent Process Non-Strong References 8.531ms
[2025-05-18T22:51:13.728+0300][15084][15876][info][gc,phases   ] GC(3) Concurrent Reset Relocation Set 0.028ms
[2025-05-18T22:51:13.729+0300][15084][15876][info][gc,phases   ] GC(3) Concurrent Select Relocation Set 1.340ms
[2025-05-18T22:51:13.730+0300][15084][17492][info][gc,phases   ] GC(3) Pause Relocate Start 0.006ms
[2025-05-18T22:51:13.731+0300][15084][15876][info][gc,phases   ] GC(3) Concurrent Relocate 0.942ms
[2025-05-18T22:51:13.731+0300][15084][15876][info][gc,load     ] GC(3) Load: 0.00/0.00/0.00
[2025-05-18T22:51:13.731+0300][15084][15876][info][gc,mmu      ] GC(3) MMU: 2ms/45.7%, 5ms/78.3%, 10ms/89.1%, 20ms/94.4%, 50ms/97.8%, 100ms/98.9%
[2025-05-18T22:51:13.731+0300][15084][15876][info][gc,marking  ] GC(3) Mark: 2 stripe(s), 2 proactive flush(es), 1 terminate flush(es), 0 completion(s), 0 continuation(s) 
[2025-05-18T22:51:13.731+0300][15084][15876][info][gc,marking  ] GC(3) Mark Stack Usage: 32M
[2025-05-18T22:51:13.731+0300][15084][15876][info][gc,nmethod  ] GC(3) NMethods: 8108 registered, 1614 unregistered
[2025-05-18T22:51:13.731+0300][15084][15876][info][gc,metaspace] GC(3) Metaspace: 33M used, 34M committed, 1088M reserved
[2025-05-18T22:51:13.731+0300][15084][15876][info][gc,ref      ] GC(3) Soft: 4640 encountered, 0 discovered, 0 enqueued
[2025-05-18T22:51:13.731+0300][15084][15876][info][gc,ref      ] GC(3) Weak: 3366 encountered, 689 discovered, 0 enqueued
[2025-05-18T22:51:13.731+0300][15084][15876][info][gc,ref      ] GC(3) Final: 3 encountered, 3 discovered, 0 enqueued
[2025-05-18T22:51:13.731+0300][15084][15876][info][gc,ref      ] GC(3) Phantom: 277 encountered, 185 discovered, 0 enqueued
[2025-05-18T22:51:13.731+0300][15084][15876][info][gc,reloc    ] GC(3) Small Pages: 1214 / 2428M, Empty: 2140M, Relocated: 1M, In-Place: 0
[2025-05-18T22:51:13.731+0300][15084][15876][info][gc,reloc    ] GC(3) Medium Pages: 1 / 32M, Empty: 0M, Relocated: 0M, In-Place: 0
[2025-05-18T22:51:13.731+0300][15084][15876][info][gc,reloc    ] GC(3) Large Pages: 0 / 0M, Empty: 0M, Relocated: 0M, In-Place: 0
[2025-05-18T22:51:13.731+0300][15084][15876][info][gc,reloc    ] GC(3) Forwarding Usage: 0M
[2025-05-18T22:51:13.731+0300][15084][15876][info][gc,heap     ] GC(3) Min Capacity: 12288M(100%)
[2025-05-18T22:51:13.731+0300][15084][15876][info][gc,heap     ] GC(3) Max Capacity: 12288M(100%)
[2025-05-18T22:51:13.731+0300][15084][15876][info][gc,heap     ] GC(3) Soft Max Capacity: 12288M(100%)
[2025-05-18T22:51:13.731+0300][15084][15876][info][gc,heap     ] GC(3)                Mark Start          Mark End        Relocate Start      Relocate End           High               Low         
[2025-05-18T22:51:13.731+0300][15084][15876][info][gc,heap     ] GC(3)  Capacity:    12288M (100%)      12288M (100%)      12288M (100%)      12288M (100%)      12288M (100%)      12288M (100%)   
[2025-05-18T22:51:13.731+0300][15084][15876][info][gc,heap     ] GC(3)      Free:     9828M (80%)        9816M (80%)       11956M (97%)       12222M (99%)       12222M (99%)        9814M (80%)    
[2025-05-18T22:51:13.731+0300][15084][15876][info][gc,heap     ] GC(3)      Used:     2460M (20%)        2472M (20%)         332M (3%)           66M (1%)         2474M (20%)          66M (1%)     
[2025-05-18T22:51:13.731+0300][15084][15876][info][gc,heap     ] GC(3)      Live:         -                18M (0%)           18M (0%)           18M (0%)             -                  -          
[2025-05-18T22:51:13.731+0300][15084][15876][info][gc,heap     ] GC(3) Allocated:         -                12M (0%)           12M (0%)           12M (0%)             -                  -          
[2025-05-18T22:51:13.731+0300][15084][15876][info][gc,heap     ] GC(3)   Garbage:         -              2441M (20%)         301M (2%)           35M (0%)             -                  -          
[2025-05-18T22:51:13.731+0300][15084][15876][info][gc,heap     ] GC(3) Reclaimed:         -                  -              2140M (17%)        2406M (20%)            -                  -          
[2025-05-18T22:51:13.731+0300][15084][15876][info][gc          ] GC(3) Garbage Collection (Warmup) 2460M(20%)->66M(1%)
[2025-05-18T22:51:19.092+0300][15084][17464][info][gc,stats    ] === Garbage Collection Statistics =======================================================================================================================
[2025-05-18T22:51:19.092+0300][15084][17464][info][gc,stats    ]                                                              Last 10s              Last 10m              Last 10h                Total
[2025-05-18T22:51:19.092+0300][15084][17464][info][gc,stats    ]                                                              Avg / Max             Avg / Max             Avg / Max             Avg / Max
[2025-05-18T22:51:19.092+0300][15084][17464][info][gc,stats    ]   Collector: Garbage Collection Cycle                     43.042 / 43.042       49.451 / 53.225       49.451 / 53.225       49.451 / 53.225      ms
[2025-05-18T22:51:19.092+0300][15084][17464][info][gc,stats    ]  Contention: Mark Segment Reset Contention                     0 / 0                 0 / 0                 0 / 0                 0 / 0           ops/s
[2025-05-18T22:51:19.092+0300][15084][17464][info][gc,stats    ]  Contention: Mark SeqNum Reset Contention                      0 / 0                 0 / 0                 0 / 0                 0 / 0           ops/s
[2025-05-18T22:51:19.092+0300][15084][17464][info][gc,stats    ]    Critical: Allocation Stall                                  0 / 0                 0 / 0                 0 / 0                 0 / 0           ops/s
[2025-05-18T22:51:19.092+0300][15084][17464][info][gc,stats    ]    Critical: Allocation Stall                              0.000 / 0.000         0.000 / 0.000         0.000 / 0.000         0.000 / 0.000       ms
[2025-05-18T22:51:19.092+0300][15084][17464][info][gc,stats    ]    Critical: GC Locker Stall                                   0 / 0                 0 / 0                 0 / 0                 0 / 0           ops/s
[2025-05-18T22:51:19.092+0300][15084][17464][info][gc,stats    ]    Critical: GC Locker Stall                               0.000 / 0.000         0.000 / 0.000         0.000 / 0.000         0.000 / 0.000       ms
[2025-05-18T22:51:19.092+0300][15084][17464][info][gc,stats    ]    Critical: Relocation Stall                                  0 / 0                 0 / 0                 0 / 0                 0 / 0           ops/s
[2025-05-18T22:51:19.092+0300][15084][17464][info][gc,stats    ]    Critical: Relocation Stall                              0.000 / 0.000         0.000 / 0.000         0.000 / 0.000         0.000 / 0.000       ms
[2025-05-18T22:51:19.092+0300][15084][17464][info][gc,stats    ]      Memory: Allocation Rate                                  36 / 50               37 / 146              37 / 146              37 / 146         MB/s
[2025-05-18T22:51:19.092+0300][15084][17464][info][gc,stats    ]      Memory: Defragment                                        0 / 0                 0 / 0                 0 / 0                 0 / 0           ops/s
[2025-05-18T22:51:19.092+0300][15084][17464][info][gc,stats    ]      Memory: Out Of Memory                                     0 / 0                 0 / 0                 0 / 0                 0 / 0           ops/s
[2025-05-18T22:51:19.092+0300][15084][17464][info][gc,stats    ]      Memory: Page Cache Flush                                  0 / 0                 0 / 0                 0 / 0                 0 / 0           MB/s
[2025-05-18T22:51:19.092+0300][15084][17464][info][gc,stats    ]      Memory: Page Cache Hit L1                                 9 / 20                7 / 76                7 / 76                7 / 76          ops/s
[2025-05-18T22:51:19.092+0300][15084][17464][info][gc,stats    ]      Memory: Page Cache Hit L2                                 0 / 0                 0 / 0                 0 / 0                 0 / 0           ops/s
[2025-05-18T22:51:19.092+0300][15084][17464][info][gc,stats    ]      Memory: Page Cache Hit L3                                 8 / 19               11 / 34               11 / 34               11 / 34          ops/s
[2025-05-18T22:51:19.093+0300][15084][17464][info][gc,stats    ]      Memory: Page Cache Miss                                   0 / 0                 0 / 1                 0 / 1                 0 / 1           ops/s
[2025-05-18T22:51:19.093+0300][15084][17464][info][gc,stats    ]      Memory: Uncommit                                          0 / 0                 0 / 0                 0 / 0                 0 / 0           MB/s
[2025-05-18T22:51:19.093+0300][15084][17464][info][gc,stats    ]      Memory: Undo Object Allocation Failed                     0 / 0                 0 / 0                 0 / 0                 0 / 0           ops/s
[2025-05-18T22:51:19.093+0300][15084][17464][info][gc,stats    ]      Memory: Undo Object Allocation Succeeded                  0 / 0                 0 / 0                 0 / 0                 0 / 0           ops/s
[2025-05-18T22:51:19.093+0300][15084][17464][info][gc,stats    ]      Memory: Undo Page Allocation                              0 / 3                 0 / 3                 0 / 3                 0 / 3           ops/s
[2025-05-18T22:51:19.093+0300][15084][17464][info][gc,stats    ]       Phase: Concurrent Mark                              31.093 / 31.093       31.416 / 33.584       31.416 / 33.584       31.416 / 33.584      ms
[2025-05-18T22:51:19.093+0300][15084][17464][info][gc,stats    ]       Phase: Concurrent Mark Continue                      0.000 / 0.000         0.000 / 0.000         0.000 / 0.000         0.000 / 0.000       ms
[2025-05-18T22:51:19.093+0300][15084][17464][info][gc,stats    ]       Phase: Concurrent Mark Free                          0.001 / 0.001         0.001 / 0.001         0.001 / 0.001         0.001 / 0.001       ms
[2025-05-18T22:51:19.093+0300][15084][17464][info][gc,stats    ]       Phase: Concurrent Process Non-Strong References      8.531 / 8.531        11.349 / 16.295       11.349 / 16.295       11.349 / 16.295      ms
[2025-05-18T22:51:19.093+0300][15084][17464][info][gc,stats    ]       Phase: Concurrent Relocate                           0.942 / 0.942         2.599 / 5.335         2.599 / 5.335         2.599 / 5.335       ms
[2025-05-18T22:51:19.093+0300][15084][17464][info][gc,stats    ]       Phase: Concurrent Reset Relocation Set               0.028 / 0.028         0.011 / 0.028         0.011 / 0.028         0.011 / 0.028       ms
[2025-05-18T22:51:19.093+0300][15084][17464][info][gc,stats    ]       Phase: Concurrent Select Relocation Set              1.340 / 1.340         2.814 / 5.162         2.814 / 5.162         2.814 / 5.162       ms
[2025-05-18T22:51:19.093+0300][15084][17464][info][gc,stats    ]       Phase: Pause Mark End                                0.021 / 0.021         0.020 / 0.026         0.020 / 0.026         0.020 / 0.026       ms
[2025-05-18T22:51:19.093+0300][15084][17464][info][gc,stats    ]       Phase: Pause Mark Start                              0.014 / 0.014         0.011 / 0.017         0.011 / 0.017         0.011 / 0.017       ms
[2025-05-18T22:51:19.093+0300][15084][17464][info][gc,stats    ]       Phase: Pause Relocate Start                          0.006 / 0.006         0.276 / 1.085         0.276 / 1.085         0.276 / 1.085       ms
[2025-05-18T22:51:19.093+0300][15084][17464][info][gc,stats    ]    Subphase: Concurrent Classes Purge                      0.337 / 0.337         0.981 / 2.420         0.981 / 2.420         0.981 / 2.420       ms
[2025-05-18T22:51:19.093+0300][15084][17464][info][gc,stats    ]    Subphase: Concurrent Classes Unlink                     7.079 / 7.079         7.025 / 12.605        7.025 / 12.605        7.025 / 12.605      ms
[2025-05-18T22:51:19.093+0300][15084][17464][info][gc,stats    ]    Subphase: Concurrent Mark                              23.168 / 30.122       25.406 / 32.456       25.406 / 32.456       25.406 / 32.456      ms
[2025-05-18T22:51:19.093+0300][15084][17464][info][gc,stats    ]    Subphase: Concurrent Mark Try Flush                     0.148 / 0.179         0.133 / 0.179         0.133 / 0.179         0.133 / 0.179       ms
[2025-05-18T22:51:19.093+0300][15084][17464][info][gc,stats    ]    Subphase: Concurrent Mark Try Terminate                 4.903 / 14.540        3.384 / 14.540        3.384 / 14.540        3.384 / 14.540      ms
[2025-05-18T22:51:19.093+0300][15084][17464][info][gc,stats    ]    Subphase: Concurrent References Enqueue                 0.000 / 0.000         0.003 / 0.005         0.003 / 0.005         0.003 / 0.005       ms
[2025-05-18T22:51:19.094+0300][15084][17464][info][gc,stats    ]    Subphase: Concurrent References Process                 0.119 / 0.119         0.207 / 0.315         0.207 / 0.315         0.207 / 0.315       ms
[2025-05-18T22:51:19.094+0300][15084][17464][info][gc,stats    ]    Subphase: Concurrent Roots ClassLoaderDataGraph         0.353 / 0.663         0.272 / 0.975         0.272 / 0.975         0.272 / 0.975       ms
[2025-05-18T22:51:19.094+0300][15084][17464][info][gc,stats    ]    Subphase: Concurrent Roots CodeCache                    0.000 / 0.000         0.000 / 0.000         0.000 / 0.000         0.000 / 0.000       ms
[2025-05-18T22:51:19.094+0300][15084][17464][info][gc,stats    ]    Subphase: Concurrent Roots JavaThreads                  0.417 / 0.694         1.327 / 3.315         1.327 / 3.315         1.327 / 3.315       ms
[2025-05-18T22:51:19.094+0300][15084][17464][info][gc,stats    ]    Subphase: Concurrent Roots OopStorageSet                0.038 / 0.051         0.054 / 0.130         0.054 / 0.130         0.054 / 0.130       ms
[2025-05-18T22:51:19.094+0300][15084][17464][info][gc,stats    ]    Subphase: Concurrent Weak Roots OopStorageSet           0.678 / 0.682         0.720 / 1.152         0.720 / 1.152         0.720 / 1.152       ms
[2025-05-18T22:51:19.094+0300][15084][17464][info][gc,stats    ]    Subphase: Pause Mark Try Complete                       0.000 / 0.000         0.000 / 0.000         0.000 / 0.000         0.000 / 0.000       ms
[2025-05-18T22:51:19.094+0300][15084][17464][info][gc,stats    ]      System: Java Threads                                     32 / 32               30 / 34               30 / 34               30 / 34          threads
[2025-05-18T22:51:19.094+0300][15084][17464][info][gc,stats    ] =========================================================================================================================================================
[2025-05-18T22:51:29.092+0300][15084][17464][info][gc,stats    ] === Garbage Collection Statistics =======================================================================================================================
[2025-05-18T22:51:29.092+0300][15084][17464][info][gc,stats    ]                                                              Last 10s              Last 10m              Last 10h                Total
[2025-05-18T22:51:29.092+0300][15084][17464][info][gc,stats    ]                                                              Avg / Max             Avg / Max             Avg / Max             Avg / Max
[2025-05-18T22:51:29.092+0300][15084][17464][info][gc,stats    ]   Collector: Garbage Collection Cycle                      0.000 / 0.000        49.451 / 53.225       49.451 / 53.225       49.451 / 53.225      ms
[2025-05-18T22:51:29.092+0300][15084][17464][info][gc,stats    ]  Contention: Mark Segment Reset Contention                     0 / 0                 0 / 0                 0 / 0                 0 / 0           ops/s
[2025-05-18T22:51:29.092+0300][15084][17464][info][gc,stats    ]  Contention: Mark SeqNum Reset Contention                      0 / 0                 0 / 0                 0 / 0                 0 / 0           ops/s
[2025-05-18T22:51:29.092+0300][15084][17464][info][gc,stats    ]    Critical: Allocation Stall                                  0 / 0                 0 / 0                 0 / 0                 0 / 0           ops/s
[2025-05-18T22:51:29.092+0300][15084][17464][info][gc,stats    ]    Critical: Allocation Stall                              0.000 / 0.000         0.000 / 0.000         0.000 / 0.000         0.000 / 0.000       ms
[2025-05-18T22:51:29.092+0300][15084][17464][info][gc,stats    ]    Critical: GC Locker Stall                                   0 / 0                 0 / 0                 0 / 0                 0 / 0           ops/s
[2025-05-18T22:51:29.092+0300][15084][17464][info][gc,stats    ]    Critical: GC Locker Stall                               0.000 / 0.000         0.000 / 0.000         0.000 / 0.000         0.000 / 0.000       ms
[2025-05-18T22:51:29.092+0300][15084][17464][info][gc,stats    ]    Critical: Relocation Stall                                  0 / 0                 0 / 0                 0 / 0                 0 / 0           ops/s
[2025-05-18T22:51:29.092+0300][15084][17464][info][gc,stats    ]    Critical: Relocation Stall                              0.000 / 0.000         0.000 / 0.000         0.000 / 0.000         0.000 / 0.000       ms
[2025-05-18T22:51:29.092+0300][15084][17464][info][gc,stats    ]      Memory: Allocation Rate                                  34 / 38               37 / 146              37 / 146              37 / 146         MB/s
[2025-05-18T22:51:29.092+0300][15084][17464][info][gc,stats    ]      Memory: Defragment                                        0 / 0                 0 / 0                 0 / 0                 0 / 0           ops/s
[2025-05-18T22:51:29.092+0300][15084][17464][info][gc,stats    ]      Memory: Out Of Memory                                     0 / 0                 0 / 0                 0 / 0                 0 / 0           ops/s
[2025-05-18T22:51:29.092+0300][15084][17464][info][gc,stats    ]      Memory: Page Cache Flush                                  0 / 0                 0 / 0                 0 / 0                 0 / 0           MB/s
[2025-05-18T22:51:29.092+0300][15084][17464][info][gc,stats    ]      Memory: Page Cache Hit L1                                17 / 19                8 / 76                8 / 76                8 / 76          ops/s
[2025-05-18T22:51:29.092+0300][15084][17464][info][gc,stats    ]      Memory: Page Cache Hit L2                                 0 / 0                 0 / 0                 0 / 0                 0 / 0           ops/s
[2025-05-18T22:51:29.092+0300][15084][17464][info][gc,stats    ]      Memory: Page Cache Hit L3                                 0 / 0                10 / 34               10 / 34               10 / 34          ops/s
[2025-05-18T22:51:29.092+0300][15084][17464][info][gc,stats    ]      Memory: Page Cache Miss                                   0 / 0                 0 / 1                 0 / 1                 0 / 1           ops/s
[2025-05-18T22:51:29.092+0300][15084][17464][info][gc,stats    ]      Memory: Uncommit                                          0 / 0                 0 / 0                 0 / 0                 0 / 0           MB/s
[2025-05-18T22:51:29.092+0300][15084][17464][info][gc,stats    ]      Memory: Undo Object Allocation Failed                     0 / 0                 0 / 0                 0 / 0                 0 / 0           ops/s
[2025-05-18T22:51:29.092+0300][15084][17464][info][gc,stats    ]      Memory: Undo Object Allocation Succeeded                  0 / 0                 0 / 0                 0 / 0                 0 / 0           ops/s
[2025-05-18T22:51:29.093+0300][15084][17464][info][gc,stats    ]      Memory: Undo Page Allocation                              0 / 0                 0 / 3                 0 / 3                 0 / 3           ops/s
[2025-05-18T22:51:29.093+0300][15084][17464][info][gc,stats    ]       Phase: Concurrent Mark                               0.000 / 0.000        31.416 / 33.584       31.416 / 33.584       31.416 / 33.584      ms
[2025-05-18T22:51:29.093+0300][15084][17464][info][gc,stats    ]       Phase: Concurrent Mark Continue                      0.000 / 0.000         0.000 / 0.000         0.000 / 0.000         0.000 / 0.000       ms
[2025-05-18T22:51:29.093+0300][15084][17464][info][gc,stats    ]       Phase: Concurrent Mark Free                          0.000 / 0.000         0.001 / 0.001         0.001 / 0.001         0.001 / 0.001       ms
[2025-05-18T22:51:29.093+0300][15084][17464][info][gc,stats    ]       Phase: Concurrent Process Non-Strong References      0.000 / 0.000        11.349 / 16.295       11.349 / 16.295       11.349 / 16.295      ms
[2025-05-18T22:51:29.093+0300][15084][17464][info][gc,stats    ]       Phase: Concurrent Relocate                           0.000 / 0.000         2.599 / 5.335         2.599 / 5.335         2.599 / 5.335       ms
[2025-05-18T22:51:29.093+0300][15084][17464][info][gc,stats    ]       Phase: Concurrent Reset Relocation Set               0.000 / 0.000         0.011 / 0.028         0.011 / 0.028         0.011 / 0.028       ms
[2025-05-18T22:51:29.093+0300][15084][17464][info][gc,stats    ]       Phase: Concurrent Select Relocation Set              0.000 / 0.000         2.814 / 5.162         2.814 / 5.162         2.814 / 5.162       ms
[2025-05-18T22:51:29.093+0300][15084][17464][info][gc,stats    ]       Phase: Pause Mark End                                0.000 / 0.000         0.020 / 0.026         0.020 / 0.026         0.020 / 0.026       ms
[2025-05-18T22:51:29.093+0300][15084][17464][info][gc,stats    ]       Phase: Pause Mark Start                              0.000 / 0.000         0.011 / 0.017         0.011 / 0.017         0.011 / 0.017       ms
[2025-05-18T22:51:29.093+0300][15084][17464][info][gc,stats    ]       Phase: Pause Relocate Start                          0.000 / 0.000         0.276 / 1.085         0.276 / 1.085         0.276 / 1.085       ms
[2025-05-18T22:51:29.093+0300][15084][17464][info][gc,stats    ]    Subphase: Concurrent Classes Purge                      0.000 / 0.000         0.981 / 2.420         0.981 / 2.420         0.981 / 2.420       ms
[2025-05-18T22:51:29.093+0300][15084][17464][info][gc,stats    ]    Subphase: Concurrent Classes Unlink                     0.000 / 0.000         7.025 / 12.605        7.025 / 12.605        7.025 / 12.605      ms
[2025-05-18T22:51:29.093+0300][15084][17464][info][gc,stats    ]    Subphase: Concurrent Mark                               0.000 / 0.000        25.406 / 32.456       25.406 / 32.456       25.406 / 32.456      ms
[2025-05-18T22:51:29.093+0300][15084][17464][info][gc,stats    ]    Subphase: Concurrent Mark Try Flush                     0.000 / 0.000         0.133 / 0.179         0.133 / 0.179         0.133 / 0.179       ms
[2025-05-18T22:51:29.093+0300][15084][17464][info][gc,stats    ]    Subphase: Concurrent Mark Try Terminate                 0.000 / 0.000         3.384 / 14.540        3.384 / 14.540        3.384 / 14.540      ms
[2025-05-18T22:51:29.093+0300][15084][17464][info][gc,stats    ]    Subphase: Concurrent References Enqueue                 0.000 / 0.000         0.003 / 0.005         0.003 / 0.005         0.003 / 0.005       ms
[2025-05-18T22:51:29.093+0300][15084][17464][info][gc,stats    ]    Subphase: Concurrent References Process                 0.000 / 0.000         0.207 / 0.315         0.207 / 0.315         0.207 / 0.315       ms
[2025-05-18T22:51:29.093+0300][15084][17464][info][gc,stats    ]    Subphase: Concurrent Roots ClassLoaderDataGraph         0.000 / 0.000         0.272 / 0.975         0.272 / 0.975         0.272 / 0.975       ms
[2025-05-18T22:51:29.093+0300][15084][17464][info][gc,stats    ]    Subphase: Concurrent Roots CodeCache                    0.000 / 0.000         0.000 / 0.000         0.000 / 0.000         0.000 / 0.000       ms
[2025-05-18T22:51:29.093+0300][15084][17464][info][gc,stats    ]    Subphase: Concurrent Roots JavaThreads                  0.000 / 0.000         1.327 / 3.315         1.327 / 3.315         1.327 / 3.315       ms
[2025-05-18T22:51:29.093+0300][15084][17464][info][gc,stats    ]    Subphase: Concurrent Roots OopStorageSet                0.000 / 0.000         0.054 / 0.130         0.054 / 0.130         0.054 / 0.130       ms
[2025-05-18T22:51:29.093+0300][15084][17464][info][gc,stats    ]    Subphase: Concurrent Weak Roots OopStorageSet           0.000 / 0.000         0.720 / 1.152         0.720 / 1.152         0.720 / 1.152       ms
[2025-05-18T22:51:29.093+0300][15084][17464][info][gc,stats    ]    Subphase: Pause Mark Try Complete                       0.000 / 0.000         0.000 / 0.000         0.000 / 0.000         0.000 / 0.000       ms
[2025-05-18T22:51:29.093+0300][15084][17464][info][gc,stats    ]      System: Java Threads                                      0 / 0                30 / 34               30 / 34               30 / 34          threads
[2025-05-18T22:51:29.093+0300][15084][17464][info][gc,stats    ] =========================================================================================================================================================
[2025-05-18T22:51:39.088+0300][15084][17464][info][gc,stats    ] === Garbage Collection Statistics =======================================================================================================================
[2025-05-18T22:51:39.088+0300][15084][17464][info][gc,stats    ]                                                              Last 10s              Last 10m              Last 10h                Total
[2025-05-18T22:51:39.088+0300][15084][17464][info][gc,stats    ]                                                              Avg / Max             Avg / Max             Avg / Max             Avg / Max
[2025-05-18T22:51:39.088+0300][15084][17464][info][gc,stats    ]   Collector: Garbage Collection Cycle                      0.000 / 0.000        49.451 / 53.225       49.451 / 53.225       49.451 / 53.225      ms
[2025-05-18T22:51:39.088+0300][15084][17464][info][gc,stats    ]  Contention: Mark Segment Reset Contention                     0 / 0                 0 / 0                 0 / 0                 0 / 0           ops/s
[2025-05-18T22:51:39.088+0300][15084][17464][info][gc,stats    ]  Contention: Mark SeqNum Reset Contention                      0 / 0                 0 / 0                 0 / 0                 0 / 0           ops/s
[2025-05-18T22:51:39.088+0300][15084][17464][info][gc,stats    ]    Critical: Allocation Stall                                  0 / 0                 0 / 0                 0 / 0                 0 / 0           ops/s
[2025-05-18T22:51:39.088+0300][15084][17464][info][gc,stats    ]    Critical: Allocation Stall                              0.000 / 0.000         0.000 / 0.000         0.000 / 0.000         0.000 / 0.000       ms
[2025-05-18T22:51:39.089+0300][15084][17464][info][gc,stats    ]    Critical: GC Locker Stall                                   0 / 0                 0 / 0                 0 / 0                 0 / 0           ops/s
[2025-05-18T22:51:39.089+0300][15084][17464][info][gc,stats    ]    Critical: GC Locker Stall                               0.000 / 0.000         0.000 / 0.000         0.000 / 0.000         0.000 / 0.000       ms
[2025-05-18T22:51:39.089+0300][15084][17464][info][gc,stats    ]    Critical: Relocation Stall                                  0 / 0                 0 / 0                 0 / 0                 0 / 0           ops/s
[2025-05-18T22:51:39.089+0300][15084][17464][info][gc,stats    ]    Critical: Relocation Stall                              0.000 / 0.000         0.000 / 0.000         0.000 / 0.000         0.000 / 0.000       ms
[2025-05-18T22:51:39.089+0300][15084][17464][info][gc,stats    ]      Memory: Allocation Rate                                  34 / 38               37 / 146              37 / 146              37 / 146         MB/s
[2025-05-18T22:51:39.089+0300][15084][17464][info][gc,stats    ]      Memory: Defragment                                        0 / 0                 0 / 0                 0 / 0                 0 / 0           ops/s
[2025-05-18T22:51:39.089+0300][15084][17464][info][gc,stats    ]      Memory: Out Of Memory                                     0 / 0                 0 / 0                 0 / 0                 0 / 0           ops/s
[2025-05-18T22:51:39.089+0300][15084][17464][info][gc,stats    ]      Memory: Page Cache Flush                                  0 / 0                 0 / 0                 0 / 0                 0 / 0           MB/s
[2025-05-18T22:51:39.089+0300][15084][17464][info][gc,stats    ]      Memory: Page Cache Hit L1                                17 / 19                9 / 76                9 / 76                9 / 76          ops/s
[2025-05-18T22:51:39.089+0300][15084][17464][info][gc,stats    ]      Memory: Page Cache Hit L2                                 0 / 0                 0 / 0                 0 / 0                 0 / 0           ops/s
[2025-05-18T22:51:39.089+0300][15084][17464][info][gc,stats    ]      Memory: Page Cache Hit L3                                 0 / 0                 9 / 34                9 / 34                9 / 34          ops/s
[2025-05-18T22:51:39.089+0300][15084][17464][info][gc,stats    ]      Memory: Page Cache Miss                                   0 / 0                 0 / 1                 0 / 1                 0 / 1           ops/s
[2025-05-18T22:51:39.089+0300][15084][17464][info][gc,stats    ]      Memory: Uncommit                                          0 / 0                 0 / 0                 0 / 0                 0 / 0           MB/s
[2025-05-18T22:51:39.089+0300][15084][17464][info][gc,stats    ]      Memory: Undo Object Allocation Failed                     0 / 0                 0 / 0                 0 / 0                 0 / 0           ops/s
[2025-05-18T22:51:39.089+0300][15084][17464][info][gc,stats    ]      Memory: Undo Object Allocation Succeeded                  0 / 0                 0 / 0                 0 / 0                 0 / 0           ops/s
[2025-05-18T22:51:39.089+0300][15084][17464][info][gc,stats    ]      Memory: Undo Page Allocation                              0 / 0                 0 / 3                 0 / 3                 0 / 3           ops/s
[2025-05-18T22:51:39.089+0300][15084][17464][info][gc,stats    ]       Phase: Concurrent Mark                               0.000 / 0.000        31.416 / 33.584       31.416 / 33.584       31.416 / 33.584      ms
[2025-05-18T22:51:39.089+0300][15084][17464][info][gc,stats    ]       Phase: Concurrent Mark Continue                      0.000 / 0.000         0.000 / 0.000         0.000 / 0.000         0.000 / 0.000       ms
[2025-05-18T22:51:39.089+0300][15084][17464][info][gc,stats    ]       Phase: Concurrent Mark Free                          0.000 / 0.000         0.001 / 0.001         0.001 / 0.001         0.001 / 0.001       ms
[2025-05-18T22:51:39.089+0300][15084][17464][info][gc,stats    ]       Phase: Concurrent Process Non-Strong References      0.000 / 0.000        11.349 / 16.295       11.349 / 16.295       11.349 / 16.295      ms
[2025-05-18T22:51:39.089+0300][15084][17464][info][gc,stats    ]       Phase: Concurrent Relocate                           0.000 / 0.000         2.599 / 5.335         2.599 / 5.335         2.599 / 5.335       ms
[2025-05-18T22:51:39.089+0300][15084][17464][info][gc,stats    ]       Phase: Concurrent Reset Relocation Set               0.000 / 0.000         0.011 / 0.028         0.011 / 0.028         0.011 / 0.028       ms
[2025-05-18T22:51:39.089+0300][15084][17464][info][gc,stats    ]       Phase: Concurrent Select Relocation Set              0.000 / 0.000         2.814 / 5.162         2.814 / 5.162         2.814 / 5.162       ms
[2025-05-18T22:51:39.090+0300][15084][17464][info][gc,stats    ]       Phase: Pause Mark End                                0.000 / 0.000         0.020 / 0.026         0.020 / 0.026         0.020 / 0.026       ms
[2025-05-18T22:51:39.090+0300][15084][17464][info][gc,stats    ]       Phase: Pause Mark Start                              0.000 / 0.000         0.011 / 0.017         0.011 / 0.017         0.011 / 0.017       ms
[2025-05-18T22:51:39.090+0300][15084][17464][info][gc,stats    ]       Phase: Pause Relocate Start                          0.000 / 0.000         0.276 / 1.085         0.276 / 1.085         0.276 / 1.085       ms
[2025-05-18T22:51:39.090+0300][15084][17464][info][gc,stats    ]    Subphase: Concurrent Classes Purge                      0.000 / 0.000         0.981 / 2.420         0.981 / 2.420         0.981 / 2.420       ms
[2025-05-18T22:51:39.090+0300][15084][17464][info][gc,stats    ]    Subphase: Concurrent Classes Unlink                     0.000 / 0.000         7.025 / 12.605        7.025 / 12.605        7.025 / 12.605      ms
[2025-05-18T22:51:39.090+0300][15084][17464][info][gc,stats    ]    Subphase: Concurrent Mark                               0.000 / 0.000        25.406 / 32.456       25.406 / 32.456       25.406 / 32.456      ms
[2025-05-18T22:51:39.090+0300][15084][17464][info][gc,stats    ]    Subphase: Concurrent Mark Try Flush                     0.000 / 0.000         0.133 / 0.179         0.133 / 0.179         0.133 / 0.179       ms
[2025-05-18T22:51:39.090+0300][15084][17464][info][gc,stats    ]    Subphase: Concurrent Mark Try Terminate                 0.000 / 0.000         3.384 / 14.540        3.384 / 14.540        3.384 / 14.540      ms
[2025-05-18T22:51:39.090+0300][15084][17464][info][gc,stats    ]    Subphase: Concurrent References Enqueue                 0.000 / 0.000         0.003 / 0.005         0.003 / 0.005         0.003 / 0.005       ms
[2025-05-18T22:51:39.090+0300][15084][17464][info][gc,stats    ]    Subphase: Concurrent References Process                 0.000 / 0.000         0.207 / 0.315         0.207 / 0.315         0.207 / 0.315       ms
[2025-05-18T22:51:39.090+0300][15084][17464][info][gc,stats    ]    Subphase: Concurrent Roots ClassLoaderDataGraph         0.000 / 0.000         0.272 / 0.975         0.272 / 0.975         0.272 / 0.975       ms
[2025-05-18T22:51:39.090+0300][15084][17464][info][gc,stats    ]    Subphase: Concurrent Roots CodeCache                    0.000 / 0.000         0.000 / 0.000         0.000 / 0.000         0.000 / 0.000       ms
[2025-05-18T22:51:39.090+0300][15084][17464][info][gc,stats    ]    Subphase: Concurrent Roots JavaThreads                  0.000 / 0.000         1.327 / 3.315         1.327 / 3.315         1.327 / 3.315       ms
[2025-05-18T22:51:39.090+0300][15084][17464][info][gc,stats    ]    Subphase: Concurrent Roots OopStorageSet                0.000 / 0.000         0.054 / 0.130         0.054 / 0.130         0.054 / 0.130       ms
[2025-05-18T22:51:39.090+0300][15084][17464][info][gc,stats    ]    Subphase: Concurrent Weak Roots OopStorageSet           0.000 / 0.000         0.720 / 1.152         0.720 / 1.152         0.720 / 1.152       ms
[2025-05-18T22:51:39.090+0300][15084][17464][info][gc,stats    ]    Subphase: Pause Mark Try Complete                       0.000 / 0.000         0.000 / 0.000         0.000 / 0.000         0.000 / 0.000       ms
[2025-05-18T22:51:39.090+0300][15084][17464][info][gc,stats    ]      System: Java Threads                                      0 / 0                30 / 34               30 / 34               30 / 34          threads
[2025-05-18T22:51:39.090+0300][15084][17464][info][gc,stats    ] =========================================================================================================================================================
[2025-05-18T22:51:49.092+0300][15084][17464][info][gc,stats    ] === Garbage Collection Statistics =======================================================================================================================
[2025-05-18T22:51:49.092+0300][15084][17464][info][gc,stats    ]                                                              Last 10s              Last 10m              Last 10h                Total
[2025-05-18T22:51:49.092+0300][15084][17464][info][gc,stats    ]                                                              Avg / Max             Avg / Max             Avg / Max             Avg / Max
[2025-05-18T22:51:49.092+0300][15084][17464][info][gc,stats    ]   Collector: Garbage Collection Cycle                      0.000 / 0.000        49.451 / 53.225       49.451 / 53.225       49.451 / 53.225      ms
[2025-05-18T22:51:49.092+0300][15084][17464][info][gc,stats    ]  Contention: Mark Segment Reset Contention                     0 / 0                 0 / 0                 0 / 0                 0 / 0           ops/s
[2025-05-18T22:51:49.092+0300][15084][17464][info][gc,stats    ]  Contention: Mark SeqNum Reset Contention                      0 / 0                 0 / 0                 0 / 0                 0 / 0           ops/s
[2025-05-18T22:51:49.092+0300][15084][17464][info][gc,stats    ]    Critical: Allocation Stall                                  0 / 0                 0 / 0                 0 / 0                 0 / 0           ops/s
[2025-05-18T22:51:49.092+0300][15084][17464][info][gc,stats    ]    Critical: Allocation Stall                              0.000 / 0.000         0.000 / 0.000         0.000 / 0.000         0.000 / 0.000       ms
[2025-05-18T22:51:49.092+0300][15084][17464][info][gc,stats    ]    Critical: GC Locker Stall                                   0 / 0                 0 / 0                 0 / 0                 0 / 0           ops/s
[2025-05-18T22:51:49.092+0300][15084][17464][info][gc,stats    ]    Critical: GC Locker Stall                               0.000 / 0.000         0.000 / 0.000         0.000 / 0.000         0.000 / 0.000       ms
[2025-05-18T22:51:49.092+0300][15084][17464][info][gc,stats    ]    Critical: Relocation Stall                                  0 / 0                 0 / 0                 0 / 0                 0 / 0           ops/s
[2025-05-18T22:51:49.092+0300][15084][17464][info][gc,stats    ]    Critical: Relocation Stall                              0.000 / 0.000         0.000 / 0.000         0.000 / 0.000         0.000 / 0.000       ms
[2025-05-18T22:51:49.092+0300][15084][17464][info][gc,stats    ]      Memory: Allocation Rate                                  35 / 38               37 / 146              37 / 146              37 / 146         MB/s
[2025-05-18T22:51:49.092+0300][15084][17464][info][gc,stats    ]      Memory: Defragment                                        0 / 0                 0 / 0                 0 / 0                 0 / 0           ops/s
[2025-05-18T22:51:49.092+0300][15084][17464][info][gc,stats    ]      Memory: Out Of Memory                                     0 / 0                 0 / 0                 0 / 0                 0 / 0           ops/s
[2025-05-18T22:51:49.092+0300][15084][17464][info][gc,stats    ]      Memory: Page Cache Flush                                  0 / 0                 0 / 0                 0 / 0                 0 / 0           MB/s
[2025-05-18T22:51:49.092+0300][15084][17464][info][gc,stats    ]      Memory: Page Cache Hit L1                                17 / 19                9 / 76                9 / 76                9 / 76          ops/s
[2025-05-18T22:51:49.092+0300][15084][17464][info][gc,stats    ]      Memory: Page Cache Hit L2                                 0 / 0                 0 / 0                 0 / 0                 0 / 0           ops/s
[2025-05-18T22:51:49.092+0300][15084][17464][info][gc,stats    ]      Memory: Page Cache Hit L3                                 0 / 0                 8 / 34                8 / 34                8 / 34          ops/s
[2025-05-18T22:51:49.092+0300][15084][17464][info][gc,stats    ]      Memory: Page Cache Miss                                   0 / 0                 0 / 1                 0 / 1                 0 / 1           ops/s
[2025-05-18T22:51:49.092+0300][15084][17464][info][gc,stats    ]      Memory: Uncommit                                          0 / 0                 0 / 0                 0 / 0                 0 / 0           MB/s
[2025-05-18T22:51:49.092+0300][15084][17464][info][gc,stats    ]      Memory: Undo Object Allocation Failed                     0 / 0                 0 / 0                 0 / 0                 0 / 0           ops/s
[2025-05-18T22:51:49.092+0300][15084][17464][info][gc,stats    ]      Memory: Undo Object Allocation Succeeded                  0 / 0                 0 / 0                 0 / 0                 0 / 0           ops/s
[2025-05-18T22:51:49.092+0300][15084][17464][info][gc,stats    ]      Memory: Undo Page Allocation                              0 / 1                 0 / 3                 0 / 3                 0 / 3           ops/s
[2025-05-18T22:51:49.092+0300][15084][17464][info][gc,stats    ]       Phase: Concurrent Mark                               0.000 / 0.000        31.416 / 33.584       31.416 / 33.584       31.416 / 33.584      ms
[2025-05-18T22:51:49.092+0300][15084][17464][info][gc,stats    ]       Phase: Concurrent Mark Continue                      0.000 / 0.000         0.000 / 0.000         0.000 / 0.000         0.000 / 0.000       ms
[2025-05-18T22:51:49.092+0300][15084][17464][info][gc,stats    ]       Phase: Concurrent Mark Free                          0.000 / 0.000         0.001 / 0.001         0.001 / 0.001         0.001 / 0.001       ms
[2025-05-18T22:51:49.092+0300][15084][17464][info][gc,stats    ]       Phase: Concurrent Process Non-Strong References      0.000 / 0.000        11.349 / 16.295       11.349 / 16.295       11.349 / 16.295      ms
[2025-05-18T22:51:49.092+0300][15084][17464][info][gc,stats    ]       Phase: Concurrent Relocate                           0.000 / 0.000         2.599 / 5.335         2.599 / 5.335         2.599 / 5.335       ms
[2025-05-18T22:51:49.092+0300][15084][17464][info][gc,stats    ]       Phase: Concurrent Reset Relocation Set               0.000 / 0.000         0.011 / 0.028         0.011 / 0.028         0.011 / 0.028       ms
[2025-05-18T22:51:49.092+0300][15084][17464][info][gc,stats    ]       Phase: Concurrent Select Relocation Set              0.000 / 0.000         2.814 / 5.162         2.814 / 5.162         2.814 / 5.162       ms
[2025-05-18T22:51:49.092+0300][15084][17464][info][gc,stats    ]       Phase: Pause Mark End                                0.000 / 0.000         0.020 / 0.026         0.020 / 0.026         0.020 / 0.026       ms
[2025-05-18T22:51:49.092+0300][15084][17464][info][gc,stats    ]       Phase: Pause Mark Start                              0.000 / 0.000         0.011 / 0.017         0.011 / 0.017         0.011 / 0.017       ms
[2025-05-18T22:51:49.092+0300][15084][17464][info][gc,stats    ]       Phase: Pause Relocate Start                          0.000 / 0.000         0.276 / 1.085         0.276 / 1.085         0.276 / 1.085       ms
[2025-05-18T22:51:49.092+0300][15084][17464][info][gc,stats    ]    Subphase: Concurrent Classes Purge                      0.000 / 0.000         0.981 / 2.420         0.981 / 2.420         0.981 / 2.420       ms
[2025-05-18T22:51:49.092+0300][15084][17464][info][gc,stats    ]    Subphase: Concurrent Classes Unlink                     0.000 / 0.000         7.025 / 12.605        7.025 / 12.605        7.025 / 12.605      ms
[2025-05-18T22:51:49.092+0300][15084][17464][info][gc,stats    ]    Subphase: Concurrent Mark                               0.000 / 0.000        25.406 / 32.456       25.406 / 32.456       25.406 / 32.456      ms
[2025-05-18T22:51:49.092+0300][15084][17464][info][gc,stats    ]    Subphase: Concurrent Mark Try Flush                     0.000 / 0.000         0.133 / 0.179         0.133 / 0.179         0.133 / 0.179       ms
[2025-05-18T22:51:49.092+0300][15084][17464][info][gc,stats    ]    Subphase: Concurrent Mark Try Terminate                 0.000 / 0.000         3.384 / 14.540        3.384 / 14.540        3.384 / 14.540      ms
[2025-05-18T22:51:49.093+0300][15084][17464][info][gc,stats    ]    Subphase: Concurrent References Enqueue                 0.000 / 0.000         0.003 / 0.005         0.003 / 0.005         0.003 / 0.005       ms
[2025-05-18T22:51:49.093+0300][15084][17464][info][gc,stats    ]    Subphase: Concurrent References Process                 0.000 / 0.000         0.207 / 0.315         0.207 / 0.315         0.207 / 0.315       ms
[2025-05-18T22:51:49.093+0300][15084][17464][info][gc,stats    ]    Subphase: Concurrent Roots ClassLoaderDataGraph         0.000 / 0.000         0.272 / 0.975         0.272 / 0.975         0.272 / 0.975       ms
[2025-05-18T22:51:49.093+0300][15084][17464][info][gc,stats    ]    Subphase: Concurrent Roots CodeCache                    0.000 / 0.000         0.000 / 0.000         0.000 / 0.000         0.000 / 0.000       ms
[2025-05-18T22:51:49.093+0300][15084][17464][info][gc,stats    ]    Subphase: Concurrent Roots JavaThreads                  0.000 / 0.000         1.327 / 3.315         1.327 / 3.315         1.327 / 3.315       ms
[2025-05-18T22:51:49.093+0300][15084][17464][info][gc,stats    ]    Subphase: Concurrent Roots OopStorageSet                0.000 / 0.000         0.054 / 0.130         0.054 / 0.130         0.054 / 0.130       ms
[2025-05-18T22:51:49.093+0300][15084][17464][info][gc,stats    ]    Subphase: Concurrent Weak Roots OopStorageSet           0.000 / 0.000         0.720 / 1.152         0.720 / 1.152         0.720 / 1.152       ms
[2025-05-18T22:51:49.093+0300][15084][17464][info][gc,stats    ]    Subphase: Pause Mark Try Complete                       0.000 / 0.000         0.000 / 0.000         0.000 / 0.000         0.000 / 0.000       ms
[2025-05-18T22:51:49.093+0300][15084][17464][info][gc,stats    ]      System: Java Threads                                      0 / 0                30 / 34               30 / 34               30 / 34          threads
[2025-05-18T22:51:49.093+0300][15084][17464][info][gc,stats    ] =========================================================================================================================================================
[2025-05-18T22:51:59.091+0300][15084][17464][info][gc,stats    ] === Garbage Collection Statistics =======================================================================================================================
[2025-05-18T22:51:59.091+0300][15084][17464][info][gc,stats    ]                                                              Last 10s              Last 10m              Last 10h                Total
[2025-05-18T22:51:59.091+0300][15084][17464][info][gc,stats    ]                                                              Avg / Max             Avg / Max             Avg / Max             Avg / Max
[2025-05-18T22:51:59.091+0300][15084][17464][info][gc,stats    ]   Collector: Garbage Collection Cycle                      0.000 / 0.000        49.451 / 53.225       49.451 / 53.225       49.451 / 53.225      ms
[2025-05-18T22:51:59.091+0300][15084][17464][info][gc,stats    ]  Contention: Mark Segment Reset Contention                     0 / 0                 0 / 0                 0 / 0                 0 / 0           ops/s
[2025-05-18T22:51:59.091+0300][15084][17464][info][gc,stats    ]  Contention: Mark SeqNum Reset Contention                      0 / 0                 0 / 0                 0 / 0                 0 / 0           ops/s
[2025-05-18T22:51:59.091+0300][15084][17464][info][gc,stats    ]    Critical: Allocation Stall                                  0 / 0                 0 / 0                 0 / 0                 0 / 0           ops/s
[2025-05-18T22:51:59.091+0300][15084][17464][info][gc,stats    ]    Critical: Allocation Stall                              0.000 / 0.000         0.000 / 0.000         0.000 / 0.000         0.000 / 0.000       ms
[2025-05-18T22:51:59.091+0300][15084][17464][info][gc,stats    ]    Critical: GC Locker Stall                                   0 / 0                 0 / 0                 0 / 0                 0 / 0           ops/s
[2025-05-18T22:51:59.091+0300][15084][17464][info][gc,stats    ]    Critical: GC Locker Stall                               0.000 / 0.000         0.000 / 0.000         0.000 / 0.000         0.000 / 0.000       ms
[2025-05-18T22:51:59.091+0300][15084][17464][info][gc,stats    ]    Critical: Relocation Stall                                  0 / 0                 0 / 0                 0 / 0                 0 / 0           ops/s
[2025-05-18T22:51:59.091+0300][15084][17464][info][gc,stats    ]    Critical: Relocation Stall                              0.000 / 0.000         0.000 / 0.000         0.000 / 0.000         0.000 / 0.000       ms
[2025-05-18T22:51:59.092+0300][15084][17464][info][gc,stats    ]      Memory: Allocation Rate                                  35 / 40               37 / 146              37 / 146              37 / 146         MB/s
[2025-05-18T22:51:59.092+0300][15084][17464][info][gc,stats    ]      Memory: Defragment                                        0 / 0                 0 / 0                 0 / 0                 0 / 0           ops/s
[2025-05-18T22:51:59.092+0300][15084][17464][info][gc,stats    ]      Memory: Out Of Memory                                     0 / 0                 0 / 0                 0 / 0                 0 / 0           ops/s
[2025-05-18T22:51:59.092+0300][15084][17464][info][gc,stats    ]      Memory: Page Cache Flush                                  0 / 0                 0 / 0                 0 / 0                 0 / 0           MB/s
[2025-05-18T22:51:59.092+0300][15084][17464][info][gc,stats    ]      Memory: Page Cache Hit L1                                17 / 20               10 / 76               10 / 76               10 / 76          ops/s
[2025-05-18T22:51:59.092+0300][15084][17464][info][gc,stats    ]      Memory: Page Cache Hit L2                                 0 / 0                 0 / 0                 0 / 0                 0 / 0           ops/s
[2025-05-18T22:51:59.092+0300][15084][17464][info][gc,stats    ]      Memory: Page Cache Hit L3                                 0 / 0                 8 / 34                8 / 34                8 / 34          ops/s
[2025-05-18T22:51:59.092+0300][15084][17464][info][gc,stats    ]      Memory: Page Cache Miss                                   0 / 0                 0 / 1                 0 / 1                 0 / 1           ops/s
[2025-05-18T22:51:59.092+0300][15084][17464][info][gc,stats    ]      Memory: Uncommit                                          0 / 0                 0 / 0                 0 / 0                 0 / 0           MB/s
[2025-05-18T22:51:59.092+0300][15084][17464][info][gc,stats    ]      Memory: Undo Object Allocation Failed                     0 / 0                 0 / 0                 0 / 0                 0 / 0           ops/s
[2025-05-18T22:51:59.092+0300][15084][17464][info][gc,stats    ]      Memory: Undo Object Allocation Succeeded                  0 / 0                 0 / 0                 0 / 0                 0 / 0           ops/s
[2025-05-18T22:51:59.092+0300][15084][17464][info][gc,stats    ]      Memory: Undo Page Allocation                              0 / 0                 0 / 3                 0 / 3                 0 / 3           ops/s
[2025-05-18T22:51:59.092+0300][15084][17464][info][gc,stats    ]       Phase: Concurrent Mark                               0.000 / 0.000        31.416 / 33.584       31.416 / 33.584       31.416 / 33.584      ms
[2025-05-18T22:51:59.092+0300][15084][17464][info][gc,stats    ]       Phase: Concurrent Mark Continue                      0.000 / 0.000         0.000 / 0.000         0.000 / 0.000         0.000 / 0.000       ms
[2025-05-18T22:51:59.092+0300][15084][17464][info][gc,stats    ]       Phase: Concurrent Mark Free                          0.000 / 0.000         0.001 / 0.001         0.001 / 0.001         0.001 / 0.001       ms
[2025-05-18T22:51:59.092+0300][15084][17464][info][gc,stats    ]       Phase: Concurrent Process Non-Strong References      0.000 / 0.000        11.349 / 16.295       11.349 / 16.295       11.349 / 16.295      ms
[2025-05-18T22:51:59.092+0300][15084][17464][info][gc,stats    ]       Phase: Concurrent Relocate                           0.000 / 0.000         2.599 / 5.335         2.599 / 5.335         2.599 / 5.335       ms
[2025-05-18T22:51:59.092+0300][15084][17464][info][gc,stats    ]       Phase: Concurrent Reset Relocation Set               0.000 / 0.000         0.011 / 0.028         0.011 / 0.028         0.011 / 0.028       ms
[2025-05-18T22:51:59.092+0300][15084][17464][info][gc,stats    ]       Phase: Concurrent Select Relocation Set              0.000 / 0.000         2.814 / 5.162         2.814 / 5.162         2.814 / 5.162       ms
[2025-05-18T22:51:59.092+0300][15084][17464][info][gc,stats    ]       Phase: Pause Mark End                                0.000 / 0.000         0.020 / 0.026         0.020 / 0.026         0.020 / 0.026       ms
[2025-05-18T22:51:59.092+0300][15084][17464][info][gc,stats    ]       Phase: Pause Mark Start                              0.000 / 0.000         0.011 / 0.017         0.011 / 0.017         0.011 / 0.017       ms
[2025-05-18T22:51:59.092+0300][15084][17464][info][gc,stats    ]       Phase: Pause Relocate Start                          0.000 / 0.000         0.276 / 1.085         0.276 / 1.085         0.276 / 1.085       ms
[2025-05-18T22:51:59.092+0300][15084][17464][info][gc,stats    ]    Subphase: Concurrent Classes Purge                      0.000 / 0.000         0.981 / 2.420         0.981 / 2.420         0.981 / 2.420       ms
[2025-05-18T22:51:59.092+0300][15084][17464][info][gc,stats    ]    Subphase: Concurrent Classes Unlink                     0.000 / 0.000         7.025 / 12.605        7.025 / 12.605        7.025 / 12.605      ms
[2025-05-18T22:51:59.092+0300][15084][17464][info][gc,stats    ]    Subphase: Concurrent Mark                               0.000 / 0.000        25.406 / 32.456       25.406 / 32.456       25.406 / 32.456      ms
[2025-05-18T22:51:59.092+0300][15084][17464][info][gc,stats    ]    Subphase: Concurrent Mark Try Flush                     0.000 / 0.000         0.133 / 0.179         0.133 / 0.179         0.133 / 0.179       ms
[2025-05-18T22:51:59.093+0300][15084][17464][info][gc,stats    ]    Subphase: Concurrent Mark Try Terminate                 0.000 / 0.000         3.384 / 14.540        3.384 / 14.540        3.384 / 14.540      ms
[2025-05-18T22:51:59.093+0300][15084][17464][info][gc,stats    ]    Subphase: Concurrent References Enqueue                 0.000 / 0.000         0.003 / 0.005         0.003 / 0.005         0.003 / 0.005       ms
[2025-05-18T22:51:59.093+0300][15084][17464][info][gc,stats    ]    Subphase: Concurrent References Process                 0.000 / 0.000         0.207 / 0.315         0.207 / 0.315         0.207 / 0.315       ms
[2025-05-18T22:51:59.093+0300][15084][17464][info][gc,stats    ]    Subphase: Concurrent Roots ClassLoaderDataGraph         0.000 / 0.000         0.272 / 0.975         0.272 / 0.975         0.272 / 0.975       ms
[2025-05-18T22:51:59.093+0300][15084][17464][info][gc,stats    ]    Subphase: Concurrent Roots CodeCache                    0.000 / 0.000         0.000 / 0.000         0.000 / 0.000         0.000 / 0.000       ms
[2025-05-18T22:51:59.093+0300][15084][17464][info][gc,stats    ]    Subphase: Concurrent Roots JavaThreads                  0.000 / 0.000         1.327 / 3.315         1.327 / 3.315         1.327 / 3.315       ms
[2025-05-18T22:51:59.093+0300][15084][17464][info][gc,stats    ]    Subphase: Concurrent Roots OopStorageSet                0.000 / 0.000         0.054 / 0.130         0.054 / 0.130         0.054 / 0.130       ms
[2025-05-18T22:51:59.093+0300][15084][17464][info][gc,stats    ]    Subphase: Concurrent Weak Roots OopStorageSet           0.000 / 0.000         0.720 / 1.152         0.720 / 1.152         0.720 / 1.152       ms
[2025-05-18T22:51:59.093+0300][15084][17464][info][gc,stats    ]    Subphase: Pause Mark Try Complete                       0.000 / 0.000         0.000 / 0.000         0.000 / 0.000         0.000 / 0.000       ms
[2025-05-18T22:51:59.093+0300][15084][17464][info][gc,stats    ]      System: Java Threads                                      0 / 0                30 / 34               30 / 34               30 / 34          threads
[2025-05-18T22:51:59.093+0300][15084][17464][info][gc,stats    ] =========================================================================================================================================================
[2025-05-18T22:52:09.089+0300][15084][17464][info][gc,stats    ] === Garbage Collection Statistics =======================================================================================================================
[2025-05-18T22:52:09.089+0300][15084][17464][info][gc,stats    ]                                                              Last 10s              Last 10m              Last 10h                Total
[2025-05-18T22:52:09.089+0300][15084][17464][info][gc,stats    ]                                                              Avg / Max             Avg / Max             Avg / Max             Avg / Max
[2025-05-18T22:52:09.089+0300][15084][17464][info][gc,stats    ]   Collector: Garbage Collection Cycle                      0.000 / 0.000        49.451 / 53.225       49.451 / 53.225       49.451 / 53.225      ms
[2025-05-18T22:52:09.089+0300][15084][17464][info][gc,stats    ]  Contention: Mark Segment Reset Contention                     0 / 0                 0 / 0                 0 / 0                 0 / 0           ops/s
[2025-05-18T22:52:09.089+0300][15084][17464][info][gc,stats    ]  Contention: Mark SeqNum Reset Contention                      0 / 0                 0 / 0                 0 / 0                 0 / 0           ops/s
[2025-05-18T22:52:09.089+0300][15084][17464][info][gc,stats    ]    Critical: Allocation Stall                                  0 / 0                 0 / 0                 0 / 0                 0 / 0           ops/s
[2025-05-18T22:52:09.089+0300][15084][17464][info][gc,stats    ]    Critical: Allocation Stall                              0.000 / 0.000         0.000 / 0.000         0.000 / 0.000         0.000 / 0.000       ms
[2025-05-18T22:52:09.089+0300][15084][17464][info][gc,stats    ]    Critical: GC Locker Stall                                   0 / 0                 0 / 0                 0 / 0                 0 / 0           ops/s
[2025-05-18T22:52:09.089+0300][15084][17464][info][gc,stats    ]    Critical: GC Locker Stall                               0.000 / 0.000         0.000 / 0.000         0.000 / 0.000         0.000 / 0.000       ms
[2025-05-18T22:52:09.089+0300][15084][17464][info][gc,stats    ]    Critical: Relocation Stall                                  0 / 0                 0 / 0                 0 / 0                 0 / 0           ops/s
[2025-05-18T22:52:09.089+0300][15084][17464][info][gc,stats    ]    Critical: Relocation Stall                              0.000 / 0.000         0.000 / 0.000         0.000 / 0.000         0.000 / 0.000       ms
[2025-05-18T22:52:09.089+0300][15084][17464][info][gc,stats    ]      Memory: Allocation Rate                                  34 / 40               36 / 146              36 / 146              36 / 146         MB/s
[2025-05-18T22:52:09.089+0300][15084][17464][info][gc,stats    ]      Memory: Defragment                                        0 / 0                 0 / 0                 0 / 0                 0 / 0           ops/s
[2025-05-18T22:52:09.089+0300][15084][17464][info][gc,stats    ]      Memory: Out Of Memory                                     0 / 0                 0 / 0                 0 / 0                 0 / 0           ops/s
[2025-05-18T22:52:09.089+0300][15084][17464][info][gc,stats    ]      Memory: Page Cache Flush                                  0 / 0                 0 / 0                 0 / 0                 0 / 0           MB/s
[2025-05-18T22:52:09.089+0300][15084][17464][info][gc,stats    ]      Memory: Page Cache Hit L1                                17 / 20               10 / 76               10 / 76               10 / 76          ops/s
[2025-05-18T22:52:09.089+0300][15084][17464][info][gc,stats    ]      Memory: Page Cache Hit L2                                 0 / 0                 0 / 0                 0 / 0                 0 / 0           ops/s
[2025-05-18T22:52:09.089+0300][15084][17464][info][gc,stats    ]      Memory: Page Cache Hit L3                                 0 / 0                 7 / 34                7 / 34                7 / 34          ops/s
[2025-05-18T22:52:09.090+0300][15084][17464][info][gc,stats    ]      Memory: Page Cache Miss                                   0 / 0                 0 / 1                 0 / 1                 0 / 1           ops/s
[2025-05-18T22:52:09.090+0300][15084][17464][info][gc,stats    ]      Memory: Uncommit                                          0 / 0                 0 / 0                 0 / 0                 0 / 0           MB/s
[2025-05-18T22:52:09.090+0300][15084][17464][info][gc,stats    ]      Memory: Undo Object Allocation Failed                     0 / 0                 0 / 0                 0 / 0                 0 / 0           ops/s
[2025-05-18T22:52:09.090+0300][15084][17464][info][gc,stats    ]      Memory: Undo Object Allocation Succeeded                  0 / 0                 0 / 0                 0 / 0                 0 / 0           ops/s
[2025-05-18T22:52:09.090+0300][15084][17464][info][gc,stats    ]      Memory: Undo Page Allocation                              0 / 0                 0 / 3                 0 / 3                 0 / 3           ops/s
[2025-05-18T22:52:09.090+0300][15084][17464][info][gc,stats    ]       Phase: Concurrent Mark                               0.000 / 0.000        31.416 / 33.584       31.416 / 33.584       31.416 / 33.584      ms
[2025-05-18T22:52:09.090+0300][15084][17464][info][gc,stats    ]       Phase: Concurrent Mark Continue                      0.000 / 0.000         0.000 / 0.000         0.000 / 0.000         0.000 / 0.000       ms
[2025-05-18T22:52:09.090+0300][15084][17464][info][gc,stats    ]       Phase: Concurrent Mark Free                          0.000 / 0.000         0.001 / 0.001         0.001 / 0.001         0.001 / 0.001       ms
[2025-05-18T22:52:09.090+0300][15084][17464][info][gc,stats    ]       Phase: Concurrent Process Non-Strong References      0.000 / 0.000        11.349 / 16.295       11.349 / 16.295       11.349 / 16.295      ms
[2025-05-18T22:52:09.090+0300][15084][17464][info][gc,stats    ]       Phase: Concurrent Relocate                           0.000 / 0.000         2.599 / 5.335         2.599 / 5.335         2.599 / 5.335       ms
[2025-05-18T22:52:09.090+0300][15084][17464][info][gc,stats    ]       Phase: Concurrent Reset Relocation Set               0.000 / 0.000         0.011 / 0.028         0.011 / 0.028         0.011 / 0.028       ms
[2025-05-18T22:52:09.090+0300][15084][17464][info][gc,stats    ]       Phase: Concurrent Select Relocation Set              0.000 / 0.000         2.814 / 5.162         2.814 / 5.162         2.814 / 5.162       ms
[2025-05-18T22:52:09.090+0300][15084][17464][info][gc,stats    ]       Phase: Pause Mark End                                0.000 / 0.000         0.020 / 0.026         0.020 / 0.026         0.020 / 0.026       ms
[2025-05-18T22:52:09.090+0300][15084][17464][info][gc,stats    ]       Phase: Pause Mark Start                              0.000 / 0.000         0.011 / 0.017         0.011 / 0.017         0.011 / 0.017       ms
[2025-05-18T22:52:09.090+0300][15084][17464][info][gc,stats    ]       Phase: Pause Relocate Start                          0.000 / 0.000         0.276 / 1.085         0.276 / 1.085         0.276 / 1.085       ms
[2025-05-18T22:52:09.090+0300][15084][17464][info][gc,stats    ]    Subphase: Concurrent Classes Purge                      0.000 / 0.000         0.981 / 2.420         0.981 / 2.420         0.981 / 2.420       ms
[2025-05-18T22:52:09.090+0300][15084][17464][info][gc,stats    ]    Subphase: Concurrent Classes Unlink                     0.000 / 0.000         7.025 / 12.605        7.025 / 12.605        7.025 / 12.605      ms
[2025-05-18T22:52:09.090+0300][15084][17464][info][gc,stats    ]    Subphase: Concurrent Mark                               0.000 / 0.000        25.406 / 32.456       25.406 / 32.456       25.406 / 32.456      ms
[2025-05-18T22:52:09.090+0300][15084][17464][info][gc,stats    ]    Subphase: Concurrent Mark Try Flush                     0.000 / 0.000         0.133 / 0.179         0.133 / 0.179         0.133 / 0.179       ms
[2025-05-18T22:52:09.090+0300][15084][17464][info][gc,stats    ]    Subphase: Concurrent Mark Try Terminate                 0.000 / 0.000         3.384 / 14.540        3.384 / 14.540        3.384 / 14.540      ms
[2025-05-18T22:52:09.090+0300][15084][17464][info][gc,stats    ]    Subphase: Concurrent References Enqueue                 0.000 / 0.000         0.003 / 0.005         0.003 / 0.005         0.003 / 0.005       ms
[2025-05-18T22:52:09.090+0300][15084][17464][info][gc,stats    ]    Subphase: Concurrent References Process                 0.000 / 0.000         0.207 / 0.315         0.207 / 0.315         0.207 / 0.315       ms
[2025-05-18T22:52:09.090+0300][15084][17464][info][gc,stats    ]    Subphase: Concurrent Roots ClassLoaderDataGraph         0.000 / 0.000         0.272 / 0.975         0.272 / 0.975         0.272 / 0.975       ms
[2025-05-18T22:52:09.090+0300][15084][17464][info][gc,stats    ]    Subphase: Concurrent Roots CodeCache                    0.000 / 0.000         0.000 / 0.000         0.000 / 0.000         0.000 / 0.000       ms
[2025-05-18T22:52:09.090+0300][15084][17464][info][gc,stats    ]    Subphase: Concurrent Roots JavaThreads                  0.000 / 0.000         1.327 / 3.315         1.327 / 3.315         1.327 / 3.315       ms
[2025-05-18T22:52:09.090+0300][15084][17464][info][gc,stats    ]    Subphase: Concurrent Roots OopStorageSet                0.000 / 0.000         0.054 / 0.130         0.054 / 0.130         0.054 / 0.130       ms
[2025-05-18T22:52:09.090+0300][15084][17464][info][gc,stats    ]    Subphase: Concurrent Weak Roots OopStorageSet           0.000 / 0.000         0.720 / 1.152         0.720 / 1.152         0.720 / 1.152       ms
[2025-05-18T22:52:09.090+0300][15084][17464][info][gc,stats    ]    Subphase: Pause Mark Try Complete                       0.000 / 0.000         0.000 / 0.000         0.000 / 0.000         0.000 / 0.000       ms
[2025-05-18T22:52:09.090+0300][15084][17464][info][gc,stats    ]      System: Java Threads                                      0 / 0                30 / 34               30 / 34               30 / 34          threads
[2025-05-18T22:52:09.090+0300][15084][17464][info][gc,stats    ] =========================================================================================================================================================
[2025-05-18T22:52:19.089+0300][15084][17464][info][gc,stats    ] === Garbage Collection Statistics =======================================================================================================================
[2025-05-18T22:52:19.089+0300][15084][17464][info][gc,stats    ]                                                              Last 10s              Last 10m              Last 10h                Total
[2025-05-18T22:52:19.089+0300][15084][17464][info][gc,stats    ]                                                              Avg / Max             Avg / Max             Avg / Max             Avg / Max
[2025-05-18T22:52:19.089+0300][15084][17464][info][gc,stats    ]   Collector: Garbage Collection Cycle                      0.000 / 0.000        49.451 / 53.225       49.451 / 53.225       49.451 / 53.225      ms
[2025-05-18T22:52:19.089+0300][15084][17464][info][gc,stats    ]  Contention: Mark Segment Reset Contention                     0 / 0                 0 / 0                 0 / 0                 0 / 0           ops/s
[2025-05-18T22:52:19.089+0300][15084][17464][info][gc,stats    ]  Contention: Mark SeqNum Reset Contention                      0 / 0                 0 / 0                 0 / 0                 0 / 0           ops/s
[2025-05-18T22:52:19.089+0300][15084][17464][info][gc,stats    ]    Critical: Allocation Stall                                  0 / 0                 0 / 0                 0 / 0                 0 / 0           ops/s
[2025-05-18T22:52:19.089+0300][15084][17464][info][gc,stats    ]    Critical: Allocation Stall                              0.000 / 0.000         0.000 / 0.000         0.000 / 0.000         0.000 / 0.000       ms
[2025-05-18T22:52:19.089+0300][15084][17464][info][gc,stats    ]    Critical: GC Locker Stall                                   0 / 0                 0 / 0                 0 / 0                 0 / 0           ops/s
[2025-05-18T22:52:19.089+0300][15084][17464][info][gc,stats    ]    Critical: GC Locker Stall                               0.000 / 0.000         0.000 / 0.000         0.000 / 0.000         0.000 / 0.000       ms
[2025-05-18T22:52:19.089+0300][15084][17464][info][gc,stats    ]    Critical: Relocation Stall                                  0 / 0                 0 / 0                 0 / 0                 0 / 0           ops/s
[2025-05-18T22:52:19.089+0300][15084][17464][info][gc,stats    ]    Critical: Relocation Stall                              0.000 / 0.000         0.000 / 0.000         0.000 / 0.000         0.000 / 0.000       ms
[2025-05-18T22:52:19.089+0300][15084][17464][info][gc,stats    ]      Memory: Allocation Rate                                  34 / 38               36 / 146              36 / 146              36 / 146         MB/s
[2025-05-18T22:52:19.089+0300][15084][17464][info][gc,stats    ]      Memory: Defragment                                        0 / 0                 0 / 0                 0 / 0                 0 / 0           ops/s
[2025-05-18T22:52:19.089+0300][15084][17464][info][gc,stats    ]      Memory: Out Of Memory                                     0 / 0                 0 / 0                 0 / 0                 0 / 0           ops/s
[2025-05-18T22:52:19.089+0300][15084][17464][info][gc,stats    ]      Memory: Page Cache Flush                                  0 / 0                 0 / 0                 0 / 0                 0 / 0           MB/s
[2025-05-18T22:52:19.089+0300][15084][17464][info][gc,stats    ]      Memory: Page Cache Hit L1                                17 / 19               11 / 76               11 / 76               11 / 76          ops/s
[2025-05-18T22:52:19.089+0300][15084][17464][info][gc,stats    ]      Memory: Page Cache Hit L2                                 0 / 0                 0 / 0                 0 / 0                 0 / 0           ops/s
[2025-05-18T22:52:19.089+0300][15084][17464][info][gc,stats    ]      Memory: Page Cache Hit L3                                 0 / 0                 7 / 34                7 / 34                7 / 34          ops/s
[2025-05-18T22:52:19.089+0300][15084][17464][info][gc,stats    ]      Memory: Page Cache Miss                                   0 / 0                 0 / 1                 0 / 1                 0 / 1           ops/s
[2025-05-18T22:52:19.089+0300][15084][17464][info][gc,stats    ]      Memory: Uncommit                                          0 / 0                 0 / 0                 0 / 0                 0 / 0           MB/s
[2025-05-18T22:52:19.089+0300][15084][17464][info][gc,stats    ]      Memory: Undo Object Allocation Failed                     0 / 0                 0 / 0                 0 / 0                 0 / 0           ops/s
[2025-05-18T22:52:19.090+0300][15084][17464][info][gc,stats    ]      Memory: Undo Object Allocation Succeeded                  0 / 0                 0 / 0                 0 / 0                 0 / 0           ops/s
[2025-05-18T22:52:19.090+0300][15084][17464][info][gc,stats    ]      Memory: Undo Page Allocation                              0 / 0                 0 / 3                 0 / 3                 0 / 3           ops/s
[2025-05-18T22:52:19.090+0300][15084][17464][info][gc,stats    ]       Phase: Concurrent Mark                               0.000 / 0.000        31.416 / 33.584       31.416 / 33.584       31.416 / 33.584      ms
[2025-05-18T22:52:19.090+0300][15084][17464][info][gc,stats    ]       Phase: Concurrent Mark Continue                      0.000 / 0.000         0.000 / 0.000         0.000 / 0.000         0.000 / 0.000       ms
[2025-05-18T22:52:19.090+0300][15084][17464][info][gc,stats    ]       Phase: Concurrent Mark Free                          0.000 / 0.000         0.001 / 0.001         0.001 / 0.001         0.001 / 0.001       ms
[2025-05-18T22:52:19.090+0300][15084][17464][info][gc,stats    ]       Phase: Concurrent Process Non-Strong References      0.000 / 0.000        11.349 / 16.295       11.349 / 16.295       11.349 / 16.295      ms
[2025-05-18T22:52:19.090+0300][15084][17464][info][gc,stats    ]       Phase: Concurrent Relocate                           0.000 / 0.000         2.599 / 5.335         2.599 / 5.335         2.599 / 5.335       ms
[2025-05-18T22:52:19.090+0300][15084][17464][info][gc,stats    ]       Phase: Concurrent Reset Relocation Set               0.000 / 0.000         0.011 / 0.028         0.011 / 0.028         0.011 / 0.028       ms
[2025-05-18T22:52:19.090+0300][15084][17464][info][gc,stats    ]       Phase: Concurrent Select Relocation Set              0.000 / 0.000         2.814 / 5.162         2.814 / 5.162         2.814 / 5.162       ms
[2025-05-18T22:52:19.090+0300][15084][17464][info][gc,stats    ]       Phase: Pause Mark End                                0.000 / 0.000         0.020 / 0.026         0.020 / 0.026         0.020 / 0.026       ms
[2025-05-18T22:52:19.090+0300][15084][17464][info][gc,stats    ]       Phase: Pause Mark Start                              0.000 / 0.000         0.011 / 0.017         0.011 / 0.017         0.011 / 0.017       ms
[2025-05-18T22:52:19.090+0300][15084][17464][info][gc,stats    ]       Phase: Pause Relocate Start                          0.000 / 0.000         0.276 / 1.085         0.276 / 1.085         0.276 / 1.085       ms
[2025-05-18T22:52:19.090+0300][15084][17464][info][gc,stats    ]    Subphase: Concurrent Classes Purge                      0.000 / 0.000         0.981 / 2.420         0.981 / 2.420         0.981 / 2.420       ms
[2025-05-18T22:52:19.090+0300][15084][17464][info][gc,stats    ]    Subphase: Concurrent Classes Unlink                     0.000 / 0.000         7.025 / 12.605        7.025 / 12.605        7.025 / 12.605      ms
[2025-05-18T22:52:19.090+0300][15084][17464][info][gc,stats    ]    Subphase: Concurrent Mark                               0.000 / 0.000        25.406 / 32.456       25.406 / 32.456       25.406 / 32.456      ms
[2025-05-18T22:52:19.090+0300][15084][17464][info][gc,stats    ]    Subphase: Concurrent Mark Try Flush                     0.000 / 0.000         0.133 / 0.179         0.133 / 0.179         0.133 / 0.179       ms
[2025-05-18T22:52:19.090+0300][15084][17464][info][gc,stats    ]    Subphase: Concurrent Mark Try Terminate                 0.000 / 0.000         3.384 / 14.540        3.384 / 14.540        3.384 / 14.540      ms
[2025-05-18T22:52:19.090+0300][15084][17464][info][gc,stats    ]    Subphase: Concurrent References Enqueue                 0.000 / 0.000         0.003 / 0.005         0.003 / 0.005         0.003 / 0.005       ms
[2025-05-18T22:52:19.090+0300][15084][17464][info][gc,stats    ]    Subphase: Concurrent References Process                 0.000 / 0.000         0.207 / 0.315         0.207 / 0.315         0.207 / 0.315       ms
[2025-05-18T22:52:19.090+0300][15084][17464][info][gc,stats    ]    Subphase: Concurrent Roots ClassLoaderDataGraph         0.000 / 0.000         0.272 / 0.975         0.272 / 0.975         0.272 / 0.975       ms
[2025-05-18T22:52:19.090+0300][15084][17464][info][gc,stats    ]    Subphase: Concurrent Roots CodeCache                    0.000 / 0.000         0.000 / 0.000         0.000 / 0.000         0.000 / 0.000       ms
[2025-05-18T22:52:19.090+0300][15084][17464][info][gc,stats    ]    Subphase: Concurrent Roots JavaThreads                  0.000 / 0.000         1.327 / 3.315         1.327 / 3.315         1.327 / 3.315       ms
[2025-05-18T22:52:19.090+0300][15084][17464][info][gc,stats    ]    Subphase: Concurrent Roots OopStorageSet                0.000 / 0.000         0.054 / 0.130         0.054 / 0.130         0.054 / 0.130       ms
[2025-05-18T22:52:19.090+0300][15084][17464][info][gc,stats    ]    Subphase: Concurrent Weak Roots OopStorageSet           0.000 / 0.000         0.720 / 1.152         0.720 / 1.152         0.720 / 1.152       ms
[2025-05-18T22:52:19.090+0300][15084][17464][info][gc,stats    ]    Subphase: Pause Mark Try Complete                       0.000 / 0.000         0.000 / 0.000         0.000 / 0.000         0.000 / 0.000       ms
[2025-05-18T22:52:19.090+0300][15084][17464][info][gc,stats    ]      System: Java Threads                                      0 / 0                30 / 34               30 / 34               30 / 34          threads
[2025-05-18T22:52:19.090+0300][15084][17464][info][gc,stats    ] =========================================================================================================================================================
[2025-05-18T22:52:27.311+0300][15084][15876][info][gc,start    ] GC(4) Garbage Collection (System.gc())
[2025-05-18T22:52:27.311+0300][15084][15876][info][gc,task     ] GC(4) Using 2 workers
[2025-05-18T22:52:27.311+0300][15084][17492][info][gc,phases   ] GC(4) Pause Mark Start 0.006ms
[2025-05-18T22:52:27.331+0300][15084][15876][info][gc,phases   ] GC(4) Concurrent Mark 19.445ms
[2025-05-18T22:52:27.331+0300][15084][17492][info][gc,phases   ] GC(4) Pause Mark End 0.012ms
[2025-05-18T22:52:27.331+0300][15084][15876][info][gc,phases   ] GC(4) Concurrent Mark Free 0.001ms
[2025-05-18T22:52:27.344+0300][15084][15876][info][gc,phases   ] GC(4) Concurrent Process Non-Strong References 13.038ms
[2025-05-18T22:52:27.344+0300][15084][15876][info][gc,phases   ] GC(4) Concurrent Reset Relocation Set 0.003ms
[2025-05-18T22:52:27.346+0300][15084][15876][info][gc,phases   ] GC(4) Concurrent Select Relocation Set 1.613ms
[2025-05-18T22:52:27.346+0300][15084][17492][info][gc,phases   ] GC(4) Pause Relocate Start 0.006ms
[2025-05-18T22:52:27.347+0300][15084][15876][info][gc,phases   ] GC(4) Concurrent Relocate 1.020ms
[2025-05-18T22:52:27.347+0300][15084][15876][info][gc,load     ] GC(4) Load: 0.00/0.00/0.00
[2025-05-18T22:52:27.347+0300][15084][15876][info][gc,mmu      ] GC(4) MMU: 2ms/45.7%, 5ms/78.3%, 10ms/89.1%, 20ms/94.4%, 50ms/97.8%, 100ms/98.9%
[2025-05-18T22:52:27.347+0300][15084][15876][info][gc,marking  ] GC(4) Mark: 2 stripe(s), 2 proactive flush(es), 1 terminate flush(es), 0 completion(s), 0 continuation(s) 
[2025-05-18T22:52:27.347+0300][15084][15876][info][gc,marking  ] GC(4) Mark Stack Usage: 32M
[2025-05-18T22:52:27.347+0300][15084][15876][info][gc,nmethod  ] GC(4) NMethods: 7816 registered, 2124 unregistered
[2025-05-18T22:52:27.347+0300][15084][15876][info][gc,metaspace] GC(4) Metaspace: 32M used, 34M committed, 1088M reserved
[2025-05-18T22:52:27.347+0300][15084][15876][info][gc,ref      ] GC(4) Soft: 4167 encountered, 0 discovered, 0 enqueued
[2025-05-18T22:52:27.347+0300][15084][15876][info][gc,ref      ] GC(4) Weak: 2271 encountered, 742 discovered, 95 enqueued
[2025-05-18T22:52:27.347+0300][15084][15876][info][gc,ref      ] GC(4) Final: 3 encountered, 1 discovered, 0 enqueued
[2025-05-18T22:52:27.347+0300][15084][15876][info][gc,ref      ] GC(4) Phantom: 263 encountered, 209 discovered, 7 enqueued
[2025-05-18T22:52:27.347+0300][15084][15876][info][gc,reloc    ] GC(4) Small Pages: 1286 / 2572M, Empty: 2340M, Relocated: 0M, In-Place: 0
[2025-05-18T22:52:27.347+0300][15084][15876][info][gc,reloc    ] GC(4) Medium Pages: 2 / 64M, Empty: 32M, Relocated: 0M, In-Place: 0
[2025-05-18T22:52:27.347+0300][15084][15876][info][gc,reloc    ] GC(4) Large Pages: 0 / 0M, Empty: 0M, Relocated: 0M, In-Place: 0
[2025-05-18T22:52:27.347+0300][15084][15876][info][gc,reloc    ] GC(4) Forwarding Usage: 0M
[2025-05-18T22:52:27.347+0300][15084][15876][info][gc,heap     ] GC(4) Min Capacity: 12288M(100%)
[2025-05-18T22:52:27.347+0300][15084][15876][info][gc,heap     ] GC(4) Max Capacity: 12288M(100%)
[2025-05-18T22:52:27.347+0300][15084][15876][info][gc,heap     ] GC(4) Soft Max Capacity: 12288M(100%)
[2025-05-18T22:52:27.347+0300][15084][15876][info][gc,heap     ] GC(4)                Mark Start          Mark End        Relocate Start      Relocate End           High               Low         
[2025-05-18T22:52:27.347+0300][15084][15876][info][gc,heap     ] GC(4)  Capacity:    12288M (100%)      12288M (100%)      12288M (100%)      12288M (100%)      12288M (100%)      12288M (100%)   
[2025-05-18T22:52:27.347+0300][15084][15876][info][gc,heap     ] GC(4)      Free:     9652M (79%)        9652M (79%)       12018M (98%)       12228M (100%)      12228M (100%)       9652M (79%)    
[2025-05-18T22:52:27.347+0300][15084][15876][info][gc,heap     ] GC(4)      Used:     2636M (21%)        2636M (21%)         270M (2%)           60M (0%)         2636M (21%)          60M (0%)     
[2025-05-18T22:52:27.347+0300][15084][15876][info][gc,heap     ] GC(4)      Live:         -                16M (0%)           16M (0%)           16M (0%)             -                  -          
[2025-05-18T22:52:27.347+0300][15084][15876][info][gc,heap     ] GC(4) Allocated:         -                 0M (0%)            6M (0%)            6M (0%)             -                  -          
[2025-05-18T22:52:27.347+0300][15084][15876][info][gc,heap     ] GC(4)   Garbage:         -              2619M (21%)         247M (2%)           37M (0%)             -                  -          
[2025-05-18T22:52:27.347+0300][15084][15876][info][gc,heap     ] GC(4) Reclaimed:         -                  -              2372M (19%)        2582M (21%)            -                  -          
[2025-05-18T22:52:27.347+0300][15084][15876][info][gc          ] GC(4) Garbage Collection (System.gc()) 2636M(21%)->60M(0%)
[2025-05-18T22:52:29.087+0300][15084][17464][info][gc,stats    ] === Garbage Collection Statistics =======================================================================================================================
[2025-05-18T22:52:29.087+0300][15084][17464][info][gc,stats    ]                                                              Last 10s              Last 10m              Last 10h                Total
[2025-05-18T22:52:29.087+0300][15084][17464][info][gc,stats    ]                                                              Avg / Max             Avg / Max             Avg / Max             Avg / Max
[2025-05-18T22:52:29.087+0300][15084][17464][info][gc,stats    ]   Collector: Garbage Collection Cycle                     35.879 / 35.879       46.736 / 53.225       46.736 / 53.225       46.736 / 53.225      ms
[2025-05-18T22:52:29.087+0300][15084][17464][info][gc,stats    ]  Contention: Mark Segment Reset Contention                     0 / 0                 0 / 0                 0 / 0                 0 / 0           ops/s
[2025-05-18T22:52:29.087+0300][15084][17464][info][gc,stats    ]  Contention: Mark SeqNum Reset Contention                      0 / 0                 0 / 0                 0 / 0                 0 / 0           ops/s
[2025-05-18T22:52:29.087+0300][15084][17464][info][gc,stats    ]    Critical: Allocation Stall                                  0 / 0                 0 / 0                 0 / 0                 0 / 0           ops/s
[2025-05-18T22:52:29.087+0300][15084][17464][info][gc,stats    ]    Critical: Allocation Stall                              0.000 / 0.000         0.000 / 0.000         0.000 / 0.000         0.000 / 0.000       ms
[2025-05-18T22:52:29.087+0300][15084][17464][info][gc,stats    ]    Critical: GC Locker Stall                                   0 / 0                 0 / 0                 0 / 0                 0 / 0           ops/s
[2025-05-18T22:52:29.087+0300][15084][17464][info][gc,stats    ]    Critical: GC Locker Stall                               0.000 / 0.000         0.000 / 0.000         0.000 / 0.000         0.000 / 0.000       ms
[2025-05-18T22:52:29.087+0300][15084][17464][info][gc,stats    ]    Critical: Relocation Stall                                  0 / 0                 0 / 0                 0 / 0                 0 / 0           ops/s
[2025-05-18T22:52:29.087+0300][15084][17464][info][gc,stats    ]    Critical: Relocation Stall                              0.000 / 0.000         0.000 / 0.000         0.000 / 0.000         0.000 / 0.000       ms
[2025-05-18T22:52:29.087+0300][15084][17464][info][gc,stats    ]      Memory: Allocation Rate                                  44 / 136              37 / 146              37 / 146              37 / 146         MB/s
[2025-05-18T22:52:29.087+0300][15084][17464][info][gc,stats    ]      Memory: Defragment                                        0 / 0                 0 / 0                 0 / 0                 0 / 0           ops/s
[2025-05-18T22:52:29.087+0300][15084][17464][info][gc,stats    ]      Memory: Out Of Memory                                     0 / 0                 0 / 0                 0 / 0                 0 / 0           ops/s
[2025-05-18T22:52:29.087+0300][15084][17464][info][gc,stats    ]      Memory: Page Cache Flush                                  0 / 0                 0 / 0                 0 / 0                 0 / 0           MB/s
[2025-05-18T22:52:29.087+0300][15084][17464][info][gc,stats    ]      Memory: Page Cache Hit L1                                12 / 39               11 / 76               11 / 76               11 / 76          ops/s
[2025-05-18T22:52:29.087+0300][15084][17464][info][gc,stats    ]      Memory: Page Cache Hit L2                                 0 / 0                 0 / 0                 0 / 0                 0 / 0           ops/s
[2025-05-18T22:52:29.087+0300][15084][17464][info][gc,stats    ]      Memory: Page Cache Hit L3                                 6 / 17                7 / 34                7 / 34                7 / 34          ops/s
[2025-05-18T22:52:29.087+0300][15084][17464][info][gc,stats    ]      Memory: Page Cache Miss                                   0 / 0                 0 / 1                 0 / 1                 0 / 1           ops/s
[2025-05-18T22:52:29.087+0300][15084][17464][info][gc,stats    ]      Memory: Uncommit                                          0 / 0                 0 / 0                 0 / 0                 0 / 0           MB/s
[2025-05-18T22:52:29.087+0300][15084][17464][info][gc,stats    ]      Memory: Undo Object Allocation Failed                     0 / 0                 0 / 0                 0 / 0                 0 / 0           ops/s
[2025-05-18T22:52:29.087+0300][15084][17464][info][gc,stats    ]      Memory: Undo Object Allocation Succeeded                  0 / 0                 0 / 0                 0 / 0                 0 / 0           ops/s
[2025-05-18T22:52:29.087+0300][15084][17464][info][gc,stats    ]      Memory: Undo Page Allocation                              0 / 1                 0 / 3                 0 / 3                 0 / 3           ops/s
[2025-05-18T22:52:29.087+0300][15084][17464][info][gc,stats    ]       Phase: Concurrent Mark                              19.445 / 19.445       29.022 / 33.584       29.022 / 33.584       29.022 / 33.584      ms
[2025-05-18T22:52:29.087+0300][15084][17464][info][gc,stats    ]       Phase: Concurrent Mark Continue                      0.000 / 0.000         0.000 / 0.000         0.000 / 0.000         0.000 / 0.000       ms
[2025-05-18T22:52:29.087+0300][15084][17464][info][gc,stats    ]       Phase: Concurrent Mark Free                          0.001 / 0.001         0.001 / 0.001         0.001 / 0.001         0.001 / 0.001       ms
[2025-05-18T22:52:29.087+0300][15084][17464][info][gc,stats    ]       Phase: Concurrent Process Non-Strong References     13.038 / 13.038       11.687 / 16.295       11.687 / 16.295       11.687 / 16.295      ms
[2025-05-18T22:52:29.087+0300][15084][17464][info][gc,stats    ]       Phase: Concurrent Relocate                           1.020 / 1.020         2.283 / 5.335         2.283 / 5.335         2.283 / 5.335       ms
[2025-05-18T22:52:29.087+0300][15084][17464][info][gc,stats    ]       Phase: Concurrent Reset Relocation Set               0.003 / 0.003         0.010 / 0.028         0.010 / 0.028         0.010 / 0.028       ms
[2025-05-18T22:52:29.087+0300][15084][17464][info][gc,stats    ]       Phase: Concurrent Select Relocation Set              1.613 / 1.613         2.574 / 5.162         2.574 / 5.162         2.574 / 5.162       ms
[2025-05-18T22:52:29.087+0300][15084][17464][info][gc,stats    ]       Phase: Pause Mark End                                0.012 / 0.012         0.018 / 0.026         0.018 / 0.026         0.018 / 0.026       ms
[2025-05-18T22:52:29.087+0300][15084][17464][info][gc,stats    ]       Phase: Pause Mark Start                              0.006 / 0.006         0.010 / 0.017         0.010 / 0.017         0.010 / 0.017       ms
[2025-05-18T22:52:29.087+0300][15084][17464][info][gc,stats    ]       Phase: Pause Relocate Start                          0.006 / 0.006         0.222 / 1.085         0.222 / 1.085         0.222 / 1.085       ms
[2025-05-18T22:52:29.087+0300][15084][17464][info][gc,stats    ]    Subphase: Concurrent Classes Purge                      0.997 / 0.997         0.984 / 2.420         0.984 / 2.420         0.984 / 2.420       ms
[2025-05-18T22:52:29.087+0300][15084][17464][info][gc,stats    ]    Subphase: Concurrent Classes Unlink                    11.077 / 11.077        7.836 / 12.605        7.836 / 12.605        7.836 / 12.605      ms
[2025-05-18T22:52:29.087+0300][15084][17464][info][gc,stats    ]    Subphase: Concurrent Mark                              17.478 / 18.982       23.820 / 32.456       23.820 / 32.456       23.820 / 32.456      ms
[2025-05-18T22:52:29.087+0300][15084][17464][info][gc,stats    ]    Subphase: Concurrent Mark Try Flush                     0.175 / 0.270         0.142 / 0.270         0.142 / 0.270         0.142 / 0.270       ms
[2025-05-18T22:52:29.087+0300][15084][17464][info][gc,stats    ]    Subphase: Concurrent Mark Try Terminate                 1.198 / 3.468         2.946 / 14.540        2.946 / 14.540        2.946 / 14.540      ms
[2025-05-18T22:52:29.087+0300][15084][17464][info][gc,stats    ]    Subphase: Concurrent References Enqueue                 0.003 / 0.003         0.003 / 0.005         0.003 / 0.005         0.003 / 0.005       ms
[2025-05-18T22:52:29.087+0300][15084][17464][info][gc,stats    ]    Subphase: Concurrent References Process                 0.182 / 0.182         0.202 / 0.315         0.202 / 0.315         0.202 / 0.315       ms
[2025-05-18T22:52:29.087+0300][15084][17464][info][gc,stats    ]    Subphase: Concurrent Roots ClassLoaderDataGraph         0.121 / 0.210         0.242 / 0.975         0.242 / 0.975         0.242 / 0.975       ms
[2025-05-18T22:52:29.087+0300][15084][17464][info][gc,stats    ]    Subphase: Concurrent Roots CodeCache                    0.000 / 0.000         0.000 / 0.000         0.000 / 0.000         0.000 / 0.000       ms
[2025-05-18T22:52:29.087+0300][15084][17464][info][gc,stats    ]    Subphase: Concurrent Roots JavaThreads                  0.170 / 0.259         1.070 / 3.315         1.070 / 3.315         1.070 / 3.315       ms
[2025-05-18T22:52:29.087+0300][15084][17464][info][gc,stats    ]    Subphase: Concurrent Roots OopStorageSet                0.018 / 0.024         0.047 / 0.130         0.047 / 0.130         0.047 / 0.130       ms
[2025-05-18T22:52:29.087+0300][15084][17464][info][gc,stats    ]    Subphase: Concurrent Weak Roots OopStorageSet           0.483 / 0.500         0.672 / 1.152         0.672 / 1.152         0.672 / 1.152       ms
[2025-05-18T22:52:29.087+0300][15084][17464][info][gc,stats    ]    Subphase: Pause Mark Try Complete                       0.000 / 0.000         0.000 / 0.000         0.000 / 0.000         0.000 / 0.000       ms
[2025-05-18T22:52:29.087+0300][15084][17464][info][gc,stats    ]      System: Java Threads                                     25 / 25               29 / 34               29 / 34               29 / 34          threads
[2025-05-18T22:52:29.087+0300][15084][17464][info][gc,stats    ] =========================================================================================================================================================
[2025-05-18T22:52:39.090+0300][15084][17464][info][gc,stats    ] === Garbage Collection Statistics =======================================================================================================================
[2025-05-18T22:52:39.090+0300][15084][17464][info][gc,stats    ]                                                              Last 10s              Last 10m              Last 10h                Total
[2025-05-18T22:52:39.090+0300][15084][17464][info][gc,stats    ]                                                              Avg / Max             Avg / Max             Avg / Max             Avg / Max
[2025-05-18T22:52:39.090+0300][15084][17464][info][gc,stats    ]   Collector: Garbage Collection Cycle                      0.000 / 0.000        46.736 / 53.225       46.736 / 53.225       46.736 / 53.225      ms
[2025-05-18T22:52:39.090+0300][15084][17464][info][gc,stats    ]  Contention: Mark Segment Reset Contention                     0 / 0                 0 / 0                 0 / 0                 0 / 0           ops/s
[2025-05-18T22:52:39.090+0300][15084][17464][info][gc,stats    ]  Contention: Mark SeqNum Reset Contention                      0 / 0                 0 / 0                 0 / 0                 0 / 0           ops/s
[2025-05-18T22:52:39.090+0300][15084][17464][info][gc,stats    ]    Critical: Allocation Stall                                  0 / 0                 0 / 0                 0 / 0                 0 / 0           ops/s
[2025-05-18T22:52:39.090+0300][15084][17464][info][gc,stats    ]    Critical: Allocation Stall                              0.000 / 0.000         0.000 / 0.000         0.000 / 0.000         0.000 / 0.000       ms
[2025-05-18T22:52:39.090+0300][15084][17464][info][gc,stats    ]    Critical: GC Locker Stall                                   0 / 0                 0 / 0                 0 / 0                 0 / 0           ops/s
[2025-05-18T22:52:39.090+0300][15084][17464][info][gc,stats    ]    Critical: GC Locker Stall                               0.000 / 0.000         0.000 / 0.000         0.000 / 0.000         0.000 / 0.000       ms
[2025-05-18T22:52:39.090+0300][15084][17464][info][gc,stats    ]    Critical: Relocation Stall                                  0 / 0                 0 / 0                 0 / 0                 0 / 0           ops/s
[2025-05-18T22:52:39.090+0300][15084][17464][info][gc,stats    ]    Critical: Relocation Stall                              0.000 / 0.000         0.000 / 0.000         0.000 / 0.000         0.000 / 0.000       ms
[2025-05-18T22:52:39.090+0300][15084][17464][info][gc,stats    ]      Memory: Allocation Rate                                  34 / 42               37 / 146              37 / 146              37 / 146         MB/s
[2025-05-18T22:52:39.090+0300][15084][17464][info][gc,stats    ]      Memory: Defragment                                        0 / 0                 0 / 0                 0 / 0                 0 / 0           ops/s
[2025-05-18T22:52:39.090+0300][15084][17464][info][gc,stats    ]      Memory: Out Of Memory                                     0 / 0                 0 / 0                 0 / 0                 0 / 0           ops/s
[2025-05-18T22:52:39.090+0300][15084][17464][info][gc,stats    ]      Memory: Page Cache Flush                                  0 / 0                 0 / 0                 0 / 0                 0 / 0           MB/s
[2025-05-18T22:52:39.090+0300][15084][17464][info][gc,stats    ]      Memory: Page Cache Hit L1                                17 / 21               11 / 76               11 / 76               11 / 76          ops/s
[2025-05-18T22:52:39.090+0300][15084][17464][info][gc,stats    ]      Memory: Page Cache Hit L2                                 0 / 0                 0 / 0                 0 / 0                 0 / 0           ops/s
[2025-05-18T22:52:39.090+0300][15084][17464][info][gc,stats    ]      Memory: Page Cache Hit L3                                 0 / 0                 6 / 34                6 / 34                6 / 34          ops/s
[2025-05-18T22:52:39.090+0300][15084][17464][info][gc,stats    ]      Memory: Page Cache Miss                                   0 / 0                 0 / 1                 0 / 1                 0 / 1           ops/s
[2025-05-18T22:52:39.090+0300][15084][17464][info][gc,stats    ]      Memory: Uncommit                                          0 / 0                 0 / 0                 0 / 0                 0 / 0           MB/s
[2025-05-18T22:52:39.090+0300][15084][17464][info][gc,stats    ]      Memory: Undo Object Allocation Failed                     0 / 0                 0 / 0                 0 / 0                 0 / 0           ops/s
[2025-05-18T22:52:39.090+0300][15084][17464][info][gc,stats    ]      Memory: Undo Object Allocation Succeeded                  0 / 0                 0 / 0                 0 / 0                 0 / 0           ops/s
[2025-05-18T22:52:39.090+0300][15084][17464][info][gc,stats    ]      Memory: Undo Page Allocation                              0 / 0                 0 / 3                 0 / 3                 0 / 3           ops/s
[2025-05-18T22:52:39.090+0300][15084][17464][info][gc,stats    ]       Phase: Concurrent Mark                               0.000 / 0.000        29.022 / 33.584       29.022 / 33.584       29.022 / 33.584      ms
[2025-05-18T22:52:39.090+0300][15084][17464][info][gc,stats    ]       Phase: Concurrent Mark Continue                      0.000 / 0.000         0.000 / 0.000         0.000 / 0.000         0.000 / 0.000       ms
[2025-05-18T22:52:39.090+0300][15084][17464][info][gc,stats    ]       Phase: Concurrent Mark Free                          0.000 / 0.000         0.001 / 0.001         0.001 / 0.001         0.001 / 0.001       ms
[2025-05-18T22:52:39.090+0300][15084][17464][info][gc,stats    ]       Phase: Concurrent Process Non-Strong References      0.000 / 0.000        11.687 / 16.295       11.687 / 16.295       11.687 / 16.295      ms
[2025-05-18T22:52:39.090+0300][15084][17464][info][gc,stats    ]       Phase: Concurrent Relocate                           0.000 / 0.000         2.283 / 5.335         2.283 / 5.335         2.283 / 5.335       ms
[2025-05-18T22:52:39.090+0300][15084][17464][info][gc,stats    ]       Phase: Concurrent Reset Relocation Set               0.000 / 0.000         0.010 / 0.028         0.010 / 0.028         0.010 / 0.028       ms
[2025-05-18T22:52:39.090+0300][15084][17464][info][gc,stats    ]       Phase: Concurrent Select Relocation Set              0.000 / 0.000         2.574 / 5.162         2.574 / 5.162         2.574 / 5.162       ms
[2025-05-18T22:52:39.090+0300][15084][17464][info][gc,stats    ]       Phase: Pause Mark End                                0.000 / 0.000         0.018 / 0.026         0.018 / 0.026         0.018 / 0.026       ms
[2025-05-18T22:52:39.090+0300][15084][17464][info][gc,stats    ]       Phase: Pause Mark Start                              0.000 / 0.000         0.010 / 0.017         0.010 / 0.017         0.010 / 0.017       ms
[2025-05-18T22:52:39.090+0300][15084][17464][info][gc,stats    ]       Phase: Pause Relocate Start                          0.000 / 0.000         0.222 / 1.085         0.222 / 1.085         0.222 / 1.085       ms
[2025-05-18T22:52:39.090+0300][15084][17464][info][gc,stats    ]    Subphase: Concurrent Classes Purge                      0.000 / 0.000         0.984 / 2.420         0.984 / 2.420         0.984 / 2.420       ms
[2025-05-18T22:52:39.090+0300][15084][17464][info][gc,stats    ]    Subphase: Concurrent Classes Unlink                     0.000 / 0.000         7.836 / 12.605        7.836 / 12.605        7.836 / 12.605      ms
[2025-05-18T22:52:39.090+0300][15084][17464][info][gc,stats    ]    Subphase: Concurrent Mark                               0.000 / 0.000        23.820 / 32.456       23.820 / 32.456       23.820 / 32.456      ms
[2025-05-18T22:52:39.090+0300][15084][17464][info][gc,stats    ]    Subphase: Concurrent Mark Try Flush                     0.000 / 0.000         0.142 / 0.270         0.142 / 0.270         0.142 / 0.270       ms
[2025-05-18T22:52:39.090+0300][15084][17464][info][gc,stats    ]    Subphase: Concurrent Mark Try Terminate                 0.000 / 0.000         2.946 / 14.540        2.946 / 14.540        2.946 / 14.540      ms
[2025-05-18T22:52:39.090+0300][15084][17464][info][gc,stats    ]    Subphase: Concurrent References Enqueue                 0.000 / 0.000         0.003 / 0.005         0.003 / 0.005         0.003 / 0.005       ms
[2025-05-18T22:52:39.092+0300][15084][17464][info][gc,stats    ]    Subphase: Concurrent References Process                 0.000 / 0.000         0.202 / 0.315         0.202 / 0.315         0.202 / 0.315       ms
[2025-05-18T22:52:39.092+0300][15084][17464][info][gc,stats    ]    Subphase: Concurrent Roots ClassLoaderDataGraph         0.000 / 0.000         0.242 / 0.975         0.242 / 0.975         0.242 / 0.975       ms
[2025-05-18T22:52:39.092+0300][15084][17464][info][gc,stats    ]    Subphase: Concurrent Roots CodeCache                    0.000 / 0.000         0.000 / 0.000         0.000 / 0.000         0.000 / 0.000       ms
[2025-05-18T22:52:39.092+0300][15084][17464][info][gc,stats    ]    Subphase: Concurrent Roots JavaThreads                  0.000 / 0.000         1.070 / 3.315         1.070 / 3.315         1.070 / 3.315       ms
[2025-05-18T22:52:39.092+0300][15084][17464][info][gc,stats    ]    Subphase: Concurrent Roots OopStorageSet                0.000 / 0.000         0.047 / 0.130         0.047 / 0.130         0.047 / 0.130       ms
[2025-05-18T22:52:39.092+0300][15084][17464][info][gc,stats    ]    Subphase: Concurrent Weak Roots OopStorageSet           0.000 / 0.000         0.672 / 1.152         0.672 / 1.152         0.672 / 1.152       ms
[2025-05-18T22:52:39.092+0300][15084][17464][info][gc,stats    ]    Subphase: Pause Mark Try Complete                       0.000 / 0.000         0.000 / 0.000         0.000 / 0.000         0.000 / 0.000       ms
[2025-05-18T22:52:39.092+0300][15084][17464][info][gc,stats    ]      System: Java Threads                                      0 / 0                29 / 34               29 / 34               29 / 34          threads
[2025-05-18T22:52:39.092+0300][15084][17464][info][gc,stats    ] =========================================================================================================================================================
[2025-05-18T22:52:49.086+0300][15084][17464][info][gc,stats    ] === Garbage Collection Statistics =======================================================================================================================
[2025-05-18T22:52:49.086+0300][15084][17464][info][gc,stats    ]                                                              Last 10s              Last 10m              Last 10h                Total
[2025-05-18T22:52:49.086+0300][15084][17464][info][gc,stats    ]                                                              Avg / Max             Avg / Max             Avg / Max             Avg / Max
[2025-05-18T22:52:49.086+0300][15084][17464][info][gc,stats    ]   Collector: Garbage Collection Cycle                      0.000 / 0.000        46.736 / 53.225       46.736 / 53.225       46.736 / 53.225      ms
[2025-05-18T22:52:49.086+0300][15084][17464][info][gc,stats    ]  Contention: Mark Segment Reset Contention                     0 / 0                 0 / 0                 0 / 0                 0 / 0           ops/s
[2025-05-18T22:52:49.086+0300][15084][17464][info][gc,stats    ]  Contention: Mark SeqNum Reset Contention                      0 / 0                 0 / 0                 0 / 0                 0 / 0           ops/s
[2025-05-18T22:52:49.086+0300][15084][17464][info][gc,stats    ]    Critical: Allocation Stall                                  0 / 0                 0 / 0                 0 / 0                 0 / 0           ops/s
[2025-05-18T22:52:49.086+0300][15084][17464][info][gc,stats    ]    Critical: Allocation Stall                              0.000 / 0.000         0.000 / 0.000         0.000 / 0.000         0.000 / 0.000       ms
[2025-05-18T22:52:49.086+0300][15084][17464][info][gc,stats    ]    Critical: GC Locker Stall                                   0 / 0                 0 / 0                 0 / 0                 0 / 0           ops/s
[2025-05-18T22:52:49.086+0300][15084][17464][info][gc,stats    ]    Critical: GC Locker Stall                               0.000 / 0.000         0.000 / 0.000         0.000 / 0.000         0.000 / 0.000       ms
[2025-05-18T22:52:49.086+0300][15084][17464][info][gc,stats    ]    Critical: Relocation Stall                                  0 / 0                 0 / 0                 0 / 0                 0 / 0           ops/s
[2025-05-18T22:52:49.086+0300][15084][17464][info][gc,stats    ]    Critical: Relocation Stall                              0.000 / 0.000         0.000 / 0.000         0.000 / 0.000         0.000 / 0.000       ms
[2025-05-18T22:52:49.086+0300][15084][17464][info][gc,stats    ]      Memory: Allocation Rate                                  34 / 40               36 / 146              36 / 146              36 / 146         MB/s
[2025-05-18T22:52:49.086+0300][15084][17464][info][gc,stats    ]      Memory: Defragment                                        0 / 0                 0 / 0                 0 / 0                 0 / 0           ops/s
[2025-05-18T22:52:49.086+0300][15084][17464][info][gc,stats    ]      Memory: Out Of Memory                                     0 / 0                 0 / 0                 0 / 0                 0 / 0           ops/s
[2025-05-18T22:52:49.086+0300][15084][17464][info][gc,stats    ]      Memory: Page Cache Flush                                  0 / 0                 0 / 0                 0 / 0                 0 / 0           MB/s
[2025-05-18T22:52:49.086+0300][15084][17464][info][gc,stats    ]      Memory: Page Cache Hit L1                                17 / 20               11 / 76               11 / 76               11 / 76          ops/s
[2025-05-18T22:52:49.086+0300][15084][17464][info][gc,stats    ]      Memory: Page Cache Hit L2                                 0 / 0                 0 / 0                 0 / 0                 0 / 0           ops/s
[2025-05-18T22:52:49.086+0300][15084][17464][info][gc,stats    ]      Memory: Page Cache Hit L3                                 0 / 0                 6 / 34                6 / 34                6 / 34          ops/s
[2025-05-18T22:52:49.086+0300][15084][17464][info][gc,stats    ]      Memory: Page Cache Miss                                   0 / 0                 0 / 1                 0 / 1                 0 / 1           ops/s
[2025-05-18T22:52:49.086+0300][15084][17464][info][gc,stats    ]      Memory: Uncommit                                          0 / 0                 0 / 0                 0 / 0                 0 / 0           MB/s
[2025-05-18T22:52:49.086+0300][15084][17464][info][gc,stats    ]      Memory: Undo Object Allocation Failed                     0 / 0                 0 / 0                 0 / 0                 0 / 0           ops/s
[2025-05-18T22:52:49.086+0300][15084][17464][info][gc,stats    ]      Memory: Undo Object Allocation Succeeded                  0 / 0                 0 / 0                 0 / 0                 0 / 0           ops/s
[2025-05-18T22:52:49.086+0300][15084][17464][info][gc,stats    ]      Memory: Undo Page Allocation                              0 / 0                 0 / 3                 0 / 3                 0 / 3           ops/s
[2025-05-18T22:52:49.086+0300][15084][17464][info][gc,stats    ]       Phase: Concurrent Mark                               0.000 / 0.000        29.022 / 33.584       29.022 / 33.584       29.022 / 33.584      ms
[2025-05-18T22:52:49.087+0300][15084][17464][info][gc,stats    ]       Phase: Concurrent Mark Continue                      0.000 / 0.000         0.000 / 0.000         0.000 / 0.000         0.000 / 0.000       ms
[2025-05-18T22:52:49.087+0300][15084][17464][info][gc,stats    ]       Phase: Concurrent Mark Free                          0.000 / 0.000         0.001 / 0.001         0.001 / 0.001         0.001 / 0.001       ms
[2025-05-18T22:52:49.087+0300][15084][17464][info][gc,stats    ]       Phase: Concurrent Process Non-Strong References      0.000 / 0.000        11.687 / 16.295       11.687 / 16.295       11.687 / 16.295      ms
[2025-05-18T22:52:49.087+0300][15084][17464][info][gc,stats    ]       Phase: Concurrent Relocate                           0.000 / 0.000         2.283 / 5.335         2.283 / 5.335         2.283 / 5.335       ms
[2025-05-18T22:52:49.087+0300][15084][17464][info][gc,stats    ]       Phase: Concurrent Reset Relocation Set               0.000 / 0.000         0.010 / 0.028         0.010 / 0.028         0.010 / 0.028       ms
[2025-05-18T22:52:49.087+0300][15084][17464][info][gc,stats    ]       Phase: Concurrent Select Relocation Set              0.000 / 0.000         2.574 / 5.162         2.574 / 5.162         2.574 / 5.162       ms
[2025-05-18T22:52:49.087+0300][15084][17464][info][gc,stats    ]       Phase: Pause Mark End                                0.000 / 0.000         0.018 / 0.026         0.018 / 0.026         0.018 / 0.026       ms
[2025-05-18T22:52:49.087+0300][15084][17464][info][gc,stats    ]       Phase: Pause Mark Start                              0.000 / 0.000         0.010 / 0.017         0.010 / 0.017         0.010 / 0.017       ms
[2025-05-18T22:52:49.087+0300][15084][17464][info][gc,stats    ]       Phase: Pause Relocate Start                          0.000 / 0.000         0.222 / 1.085         0.222 / 1.085         0.222 / 1.085       ms
[2025-05-18T22:52:49.087+0300][15084][17464][info][gc,stats    ]    Subphase: Concurrent Classes Purge                      0.000 / 0.000         0.984 / 2.420         0.984 / 2.420         0.984 / 2.420       ms
[2025-05-18T22:52:49.087+0300][15084][17464][info][gc,stats    ]    Subphase: Concurrent Classes Unlink                     0.000 / 0.000         7.836 / 12.605        7.836 / 12.605        7.836 / 12.605      ms
[2025-05-18T22:52:49.087+0300][15084][17464][info][gc,stats    ]    Subphase: Concurrent Mark                               0.000 / 0.000        23.820 / 32.456       23.820 / 32.456       23.820 / 32.456      ms
[2025-05-18T22:52:49.087+0300][15084][17464][info][gc,stats    ]    Subphase: Concurrent Mark Try Flush                     0.000 / 0.000         0.142 / 0.270         0.142 / 0.270         0.142 / 0.270       ms
[2025-05-18T22:52:49.087+0300][15084][17464][info][gc,stats    ]    Subphase: Concurrent Mark Try Terminate                 0.000 / 0.000         2.946 / 14.540        2.946 / 14.540        2.946 / 14.540      ms
[2025-05-18T22:52:49.087+0300][15084][17464][info][gc,stats    ]    Subphase: Concurrent References Enqueue                 0.000 / 0.000         0.003 / 0.005         0.003 / 0.005         0.003 / 0.005       ms
[2025-05-18T22:52:49.087+0300][15084][17464][info][gc,stats    ]    Subphase: Concurrent References Process                 0.000 / 0.000         0.202 / 0.315         0.202 / 0.315         0.202 / 0.315       ms
[2025-05-18T22:52:49.087+0300][15084][17464][info][gc,stats    ]    Subphase: Concurrent Roots ClassLoaderDataGraph         0.000 / 0.000         0.242 / 0.975         0.242 / 0.975         0.242 / 0.975       ms
[2025-05-18T22:52:49.087+0300][15084][17464][info][gc,stats    ]    Subphase: Concurrent Roots CodeCache                    0.000 / 0.000         0.000 / 0.000         0.000 / 0.000         0.000 / 0.000       ms
[2025-05-18T22:52:49.087+0300][15084][17464][info][gc,stats    ]    Subphase: Concurrent Roots JavaThreads                  0.000 / 0.000         1.070 / 3.315         1.070 / 3.315         1.070 / 3.315       ms
[2025-05-18T22:52:49.087+0300][15084][17464][info][gc,stats    ]    Subphase: Concurrent Roots OopStorageSet                0.000 / 0.000         0.047 / 0.130         0.047 / 0.130         0.047 / 0.130       ms
[2025-05-18T22:52:49.087+0300][15084][17464][info][gc,stats    ]    Subphase: Concurrent Weak Roots OopStorageSet           0.000 / 0.000         0.672 / 1.152         0.672 / 1.152         0.672 / 1.152       ms
[2025-05-18T22:52:49.087+0300][15084][17464][info][gc,stats    ]    Subphase: Pause Mark Try Complete                       0.000 / 0.000         0.000 / 0.000         0.000 / 0.000         0.000 / 0.000       ms
[2025-05-18T22:52:49.087+0300][15084][17464][info][gc,stats    ]      System: Java Threads                                      0 / 0                29 / 34               29 / 34               29 / 34          threads
[2025-05-18T22:52:49.087+0300][15084][17464][info][gc,stats    ] =========================================================================================================================================================
[2025-05-18T22:52:59.087+0300][15084][17464][info][gc,stats    ] === Garbage Collection Statistics =======================================================================================================================
[2025-05-18T22:52:59.087+0300][15084][17464][info][gc,stats    ]                                                              Last 10s              Last 10m              Last 10h                Total
[2025-05-18T22:52:59.087+0300][15084][17464][info][gc,stats    ]                                                              Avg / Max             Avg / Max             Avg / Max             Avg / Max
[2025-05-18T22:52:59.087+0300][15084][17464][info][gc,stats    ]   Collector: Garbage Collection Cycle                      0.000 / 0.000        46.736 / 53.225       46.736 / 53.225       46.736 / 53.225      ms
[2025-05-18T22:52:59.087+0300][15084][17464][info][gc,stats    ]  Contention: Mark Segment Reset Contention                     0 / 0                 0 / 0                 0 / 0                 0 / 0           ops/s
[2025-05-18T22:52:59.087+0300][15084][17464][info][gc,stats    ]  Contention: Mark SeqNum Reset Contention                      0 / 0                 0 / 0                 0 / 0                 0 / 0           ops/s
[2025-05-18T22:52:59.087+0300][15084][17464][info][gc,stats    ]    Critical: Allocation Stall                                  0 / 0                 0 / 0                 0 / 0                 0 / 0           ops/s
[2025-05-18T22:52:59.087+0300][15084][17464][info][gc,stats    ]    Critical: Allocation Stall                              0.000 / 0.000         0.000 / 0.000         0.000 / 0.000         0.000 / 0.000       ms
[2025-05-18T22:52:59.087+0300][15084][17464][info][gc,stats    ]    Critical: GC Locker Stall                                   0 / 0                 0 / 0                 0 / 0                 0 / 0           ops/s
[2025-05-18T22:52:59.087+0300][15084][17464][info][gc,stats    ]    Critical: GC Locker Stall                               0.000 / 0.000         0.000 / 0.000         0.000 / 0.000         0.000 / 0.000       ms
[2025-05-18T22:52:59.087+0300][15084][17464][info][gc,stats    ]    Critical: Relocation Stall                                  0 / 0                 0 / 0                 0 / 0                 0 / 0           ops/s
[2025-05-18T22:52:59.088+0300][15084][17464][info][gc,stats    ]    Critical: Relocation Stall                              0.000 / 0.000         0.000 / 0.000         0.000 / 0.000         0.000 / 0.000       ms
[2025-05-18T22:52:59.088+0300][15084][17464][info][gc,stats    ]      Memory: Allocation Rate                                  33 / 40               36 / 146              36 / 146              36 / 146         MB/s
[2025-05-18T22:52:59.088+0300][15084][17464][info][gc,stats    ]      Memory: Defragment                                        0 / 0                 0 / 0                 0 / 0                 0 / 0           ops/s
[2025-05-18T22:52:59.088+0300][15084][17464][info][gc,stats    ]      Memory: Out Of Memory                                     0 / 0                 0 / 0                 0 / 0                 0 / 0           ops/s
[2025-05-18T22:52:59.088+0300][15084][17464][info][gc,stats    ]      Memory: Page Cache Flush                                  0 / 0                 0 / 0                 0 / 0                 0 / 0           MB/s
[2025-05-18T22:52:59.088+0300][15084][17464][info][gc,stats    ]      Memory: Page Cache Hit L1                                16 / 20               12 / 76               12 / 76               12 / 76          ops/s
[2025-05-18T22:52:59.088+0300][15084][17464][info][gc,stats    ]      Memory: Page Cache Hit L2                                 0 / 0                 0 / 0                 0 / 0                 0 / 0           ops/s
[2025-05-18T22:52:59.088+0300][15084][17464][info][gc,stats    ]      Memory: Page Cache Hit L3                                 0 / 0                 6 / 34                6 / 34                6 / 34          ops/s
[2025-05-18T22:52:59.088+0300][15084][17464][info][gc,stats    ]      Memory: Page Cache Miss                                   0 / 0                 0 / 1                 0 / 1                 0 / 1           ops/s
[2025-05-18T22:52:59.088+0300][15084][17464][info][gc,stats    ]      Memory: Uncommit                                          0 / 0                 0 / 0                 0 / 0                 0 / 0           MB/s
[2025-05-18T22:52:59.088+0300][15084][17464][info][gc,stats    ]      Memory: Undo Object Allocation Failed                     0 / 0                 0 / 0                 0 / 0                 0 / 0           ops/s
[2025-05-18T22:52:59.088+0300][15084][17464][info][gc,stats    ]      Memory: Undo Object Allocation Succeeded                  0 / 0                 0 / 0                 0 / 0                 0 / 0           ops/s
[2025-05-18T22:52:59.088+0300][15084][17464][info][gc,stats    ]      Memory: Undo Page Allocation                              0 / 0                 0 / 3                 0 / 3                 0 / 3           ops/s
[2025-05-18T22:52:59.088+0300][15084][17464][info][gc,stats    ]       Phase: Concurrent Mark                               0.000 / 0.000        29.022 / 33.584       29.022 / 33.584       29.022 / 33.584      ms
[2025-05-18T22:52:59.088+0300][15084][17464][info][gc,stats    ]       Phase: Concurrent Mark Continue                      0.000 / 0.000         0.000 / 0.000         0.000 / 0.000         0.000 / 0.000       ms
[2025-05-18T22:52:59.088+0300][15084][17464][info][gc,stats    ]       Phase: Concurrent Mark Free                          0.000 / 0.000         0.001 / 0.001         0.001 / 0.001         0.001 / 0.001       ms
[2025-05-18T22:52:59.088+0300][15084][17464][info][gc,stats    ]       Phase: Concurrent Process Non-Strong References      0.000 / 0.000        11.687 / 16.295       11.687 / 16.295       11.687 / 16.295      ms
[2025-05-18T22:52:59.088+0300][15084][17464][info][gc,stats    ]       Phase: Concurrent Relocate                           0.000 / 0.000         2.283 / 5.335         2.283 / 5.335         2.283 / 5.335       ms
[2025-05-18T22:52:59.088+0300][15084][17464][info][gc,stats    ]       Phase: Concurrent Reset Relocation Set               0.000 / 0.000         0.010 / 0.028         0.010 / 0.028         0.010 / 0.028       ms
[2025-05-18T22:52:59.088+0300][15084][17464][info][gc,stats    ]       Phase: Concurrent Select Relocation Set              0.000 / 0.000         2.574 / 5.162         2.574 / 5.162         2.574 / 5.162       ms
[2025-05-18T22:52:59.088+0300][15084][17464][info][gc,stats    ]       Phase: Pause Mark End                                0.000 / 0.000         0.018 / 0.026         0.018 / 0.026         0.018 / 0.026       ms
[2025-05-18T22:52:59.088+0300][15084][17464][info][gc,stats    ]       Phase: Pause Mark Start                              0.000 / 0.000         0.010 / 0.017         0.010 / 0.017         0.010 / 0.017       ms
[2025-05-18T22:52:59.088+0300][15084][17464][info][gc,stats    ]       Phase: Pause Relocate Start                          0.000 / 0.000         0.222 / 1.085         0.222 / 1.085         0.222 / 1.085       ms
[2025-05-18T22:52:59.089+0300][15084][17464][info][gc,stats    ]    Subphase: Concurrent Classes Purge                      0.000 / 0.000         0.984 / 2.420         0.984 / 2.420         0.984 / 2.420       ms
[2025-05-18T22:52:59.089+0300][15084][17464][info][gc,stats    ]    Subphase: Concurrent Classes Unlink                     0.000 / 0.000         7.836 / 12.605        7.836 / 12.605        7.836 / 12.605      ms
[2025-05-18T22:52:59.089+0300][15084][17464][info][gc,stats    ]    Subphase: Concurrent Mark                               0.000 / 0.000        23.820 / 32.456       23.820 / 32.456       23.820 / 32.456      ms
[2025-05-18T22:52:59.089+0300][15084][17464][info][gc,stats    ]    Subphase: Concurrent Mark Try Flush                     0.000 / 0.000         0.142 / 0.270         0.142 / 0.270         0.142 / 0.270       ms
[2025-05-18T22:52:59.089+0300][15084][17464][info][gc,stats    ]    Subphase: Concurrent Mark Try Terminate                 0.000 / 0.000         2.946 / 14.540        2.946 / 14.540        2.946 / 14.540      ms
[2025-05-18T22:52:59.089+0300][15084][17464][info][gc,stats    ]    Subphase: Concurrent References Enqueue                 0.000 / 0.000         0.003 / 0.005         0.003 / 0.005         0.003 / 0.005       ms
[2025-05-18T22:52:59.089+0300][15084][17464][info][gc,stats    ]    Subphase: Concurrent References Process                 0.000 / 0.000         0.202 / 0.315         0.202 / 0.315         0.202 / 0.315       ms
[2025-05-18T22:52:59.089+0300][15084][17464][info][gc,stats    ]    Subphase: Concurrent Roots ClassLoaderDataGraph         0.000 / 0.000         0.242 / 0.975         0.242 / 0.975         0.242 / 0.975       ms
[2025-05-18T22:52:59.089+0300][15084][17464][info][gc,stats    ]    Subphase: Concurrent Roots CodeCache                    0.000 / 0.000         0.000 / 0.000         0.000 / 0.000         0.000 / 0.000       ms
[2025-05-18T22:52:59.089+0300][15084][17464][info][gc,stats    ]    Subphase: Concurrent Roots JavaThreads                  0.000 / 0.000         1.070 / 3.315         1.070 / 3.315         1.070 / 3.315       ms
[2025-05-18T22:52:59.089+0300][15084][17464][info][gc,stats    ]    Subphase: Concurrent Roots OopStorageSet                0.000 / 0.000         0.047 / 0.130         0.047 / 0.130         0.047 / 0.130       ms
[2025-05-18T22:52:59.089+0300][15084][17464][info][gc,stats    ]    Subphase: Concurrent Weak Roots OopStorageSet           0.000 / 0.000         0.672 / 1.152         0.672 / 1.152         0.672 / 1.152       ms
[2025-05-18T22:52:59.089+0300][15084][17464][info][gc,stats    ]    Subphase: Pause Mark Try Complete                       0.000 / 0.000         0.000 / 0.000         0.000 / 0.000         0.000 / 0.000       ms
[2025-05-18T22:52:59.089+0300][15084][17464][info][gc,stats    ]      System: Java Threads                                      0 / 0                29 / 34               29 / 34               29 / 34          threads
[2025-05-18T22:52:59.089+0300][15084][17464][info][gc,stats    ] =========================================================================================================================================================
[2025-05-18T22:53:09.092+0300][15084][17464][info][gc,stats    ] === Garbage Collection Statistics =======================================================================================================================
[2025-05-18T22:53:09.092+0300][15084][17464][info][gc,stats    ]                                                              Last 10s              Last 10m              Last 10h                Total
[2025-05-18T22:53:09.092+0300][15084][17464][info][gc,stats    ]                                                              Avg / Max             Avg / Max             Avg / Max             Avg / Max
[2025-05-18T22:53:09.092+0300][15084][17464][info][gc,stats    ]   Collector: Garbage Collection Cycle                      0.000 / 0.000        46.736 / 53.225       46.736 / 53.225       46.736 / 53.225      ms
[2025-05-18T22:53:09.092+0300][15084][17464][info][gc,stats    ]  Contention: Mark Segment Reset Contention                     0 / 0                 0 / 0                 0 / 0                 0 / 0           ops/s
[2025-05-18T22:53:09.092+0300][15084][17464][info][gc,stats    ]  Contention: Mark SeqNum Reset Contention                      0 / 0                 0 / 0                 0 / 0                 0 / 0           ops/s
[2025-05-18T22:53:09.092+0300][15084][17464][info][gc,stats    ]    Critical: Allocation Stall                                  0 / 0                 0 / 0                 0 / 0                 0 / 0           ops/s
[2025-05-18T22:53:09.092+0300][15084][17464][info][gc,stats    ]    Critical: Allocation Stall                              0.000 / 0.000         0.000 / 0.000         0.000 / 0.000         0.000 / 0.000       ms
[2025-05-18T22:53:09.092+0300][15084][17464][info][gc,stats    ]    Critical: GC Locker Stall                                   0 / 0                 0 / 0                 0 / 0                 0 / 0           ops/s
[2025-05-18T22:53:09.092+0300][15084][17464][info][gc,stats    ]    Critical: GC Locker Stall                               0.000 / 0.000         0.000 / 0.000         0.000 / 0.000         0.000 / 0.000       ms
[2025-05-18T22:53:09.092+0300][15084][17464][info][gc,stats    ]    Critical: Relocation Stall                                  0 / 0                 0 / 0                 0 / 0                 0 / 0           ops/s
[2025-05-18T22:53:09.092+0300][15084][17464][info][gc,stats    ]    Critical: Relocation Stall                              0.000 / 0.000         0.000 / 0.000         0.000 / 0.000         0.000 / 0.000       ms
[2025-05-18T22:53:09.092+0300][15084][17464][info][gc,stats    ]      Memory: Allocation Rate                                  35 / 40               36 / 146              36 / 146              36 / 146         MB/s
[2025-05-18T22:53:09.092+0300][15084][17464][info][gc,stats    ]      Memory: Defragment                                        0 / 0                 0 / 0                 0 / 0                 0 / 0           ops/s
[2025-05-18T22:53:09.092+0300][15084][17464][info][gc,stats    ]      Memory: Out Of Memory                                     0 / 0                 0 / 0                 0 / 0                 0 / 0           ops/s
[2025-05-18T22:53:09.092+0300][15084][17464][info][gc,stats    ]      Memory: Page Cache Flush                                  0 / 0                 0 / 0                 0 / 0                 0 / 0           MB/s
[2025-05-18T22:53:09.092+0300][15084][17464][info][gc,stats    ]      Memory: Page Cache Hit L1                                17 / 20               12 / 76               12 / 76               12 / 76          ops/s
[2025-05-18T22:53:09.092+0300][15084][17464][info][gc,stats    ]      Memory: Page Cache Hit L2                                 0 / 0                 0 / 0                 0 / 0                 0 / 0           ops/s
[2025-05-18T22:53:09.092+0300][15084][17464][info][gc,stats    ]      Memory: Page Cache Hit L3                                 0 / 0                 5 / 34                5 / 34                5 / 34          ops/s
[2025-05-18T22:53:09.092+0300][15084][17464][info][gc,stats    ]      Memory: Page Cache Miss                                   0 / 0                 0 / 1                 0 / 1                 0 / 1           ops/s
[2025-05-18T22:53:09.092+0300][15084][17464][info][gc,stats    ]      Memory: Uncommit                                          0 / 0                 0 / 0                 0 / 0                 0 / 0           MB/s
[2025-05-18T22:53:09.092+0300][15084][17464][info][gc,stats    ]      Memory: Undo Object Allocation Failed                     0 / 0                 0 / 0                 0 / 0                 0 / 0           ops/s
[2025-05-18T22:53:09.093+0300][15084][17464][info][gc,stats    ]      Memory: Undo Object Allocation Succeeded                  0 / 0                 0 / 0                 0 / 0                 0 / 0           ops/s
[2025-05-18T22:53:09.093+0300][15084][17464][info][gc,stats    ]      Memory: Undo Page Allocation                              0 / 0                 0 / 3                 0 / 3                 0 / 3           ops/s
[2025-05-18T22:53:09.093+0300][15084][17464][info][gc,stats    ]       Phase: Concurrent Mark                               0.000 / 0.000        29.022 / 33.584       29.022 / 33.584       29.022 / 33.584      ms
[2025-05-18T22:53:09.093+0300][15084][17464][info][gc,stats    ]       Phase: Concurrent Mark Continue                      0.000 / 0.000         0.000 / 0.000         0.000 / 0.000         0.000 / 0.000       ms
[2025-05-18T22:53:09.093+0300][15084][17464][info][gc,stats    ]       Phase: Concurrent Mark Free                          0.000 / 0.000         0.001 / 0.001         0.001 / 0.001         0.001 / 0.001       ms
[2025-05-18T22:53:09.093+0300][15084][17464][info][gc,stats    ]       Phase: Concurrent Process Non-Strong References      0.000 / 0.000        11.687 / 16.295       11.687 / 16.295       11.687 / 16.295      ms
[2025-05-18T22:53:09.093+0300][15084][17464][info][gc,stats    ]       Phase: Concurrent Relocate                           0.000 / 0.000         2.283 / 5.335         2.283 / 5.335         2.283 / 5.335       ms
[2025-05-18T22:53:09.093+0300][15084][17464][info][gc,stats    ]       Phase: Concurrent Reset Relocation Set               0.000 / 0.000         0.010 / 0.028         0.010 / 0.028         0.010 / 0.028       ms
[2025-05-18T22:53:09.093+0300][15084][17464][info][gc,stats    ]       Phase: Concurrent Select Relocation Set              0.000 / 0.000         2.574 / 5.162         2.574 / 5.162         2.574 / 5.162       ms
[2025-05-18T22:53:09.093+0300][15084][17464][info][gc,stats    ]       Phase: Pause Mark End                                0.000 / 0.000         0.018 / 0.026         0.018 / 0.026         0.018 / 0.026       ms
[2025-05-18T22:53:09.093+0300][15084][17464][info][gc,stats    ]       Phase: Pause Mark Start                              0.000 / 0.000         0.010 / 0.017         0.010 / 0.017         0.010 / 0.017       ms
[2025-05-18T22:53:09.093+0300][15084][17464][info][gc,stats    ]       Phase: Pause Relocate Start                          0.000 / 0.000         0.222 / 1.085         0.222 / 1.085         0.222 / 1.085       ms
[2025-05-18T22:53:09.093+0300][15084][17464][info][gc,stats    ]    Subphase: Concurrent Classes Purge                      0.000 / 0.000         0.984 / 2.420         0.984 / 2.420         0.984 / 2.420       ms
[2025-05-18T22:53:09.093+0300][15084][17464][info][gc,stats    ]    Subphase: Concurrent Classes Unlink                     0.000 / 0.000         7.836 / 12.605        7.836 / 12.605        7.836 / 12.605      ms
[2025-05-18T22:53:09.093+0300][15084][17464][info][gc,stats    ]    Subphase: Concurrent Mark                               0.000 / 0.000        23.820 / 32.456       23.820 / 32.456       23.820 / 32.456      ms
[2025-05-18T22:53:09.093+0300][15084][17464][info][gc,stats    ]    Subphase: Concurrent Mark Try Flush                     0.000 / 0.000         0.142 / 0.270         0.142 / 0.270         0.142 / 0.270       ms
[2025-05-18T22:53:09.093+0300][15084][17464][info][gc,stats    ]    Subphase: Concurrent Mark Try Terminate                 0.000 / 0.000         2.946 / 14.540        2.946 / 14.540        2.946 / 14.540      ms
[2025-05-18T22:53:09.093+0300][15084][17464][info][gc,stats    ]    Subphase: Concurrent References Enqueue                 0.000 / 0.000         0.003 / 0.005         0.003 / 0.005         0.003 / 0.005       ms
[2025-05-18T22:53:09.093+0300][15084][17464][info][gc,stats    ]    Subphase: Concurrent References Process                 0.000 / 0.000         0.202 / 0.315         0.202 / 0.315         0.202 / 0.315       ms
[2025-05-18T22:53:09.093+0300][15084][17464][info][gc,stats    ]    Subphase: Concurrent Roots ClassLoaderDataGraph         0.000 / 0.000         0.242 / 0.975         0.242 / 0.975         0.242 / 0.975       ms
[2025-05-18T22:53:09.093+0300][15084][17464][info][gc,stats    ]    Subphase: Concurrent Roots CodeCache                    0.000 / 0.000         0.000 / 0.000         0.000 / 0.000         0.000 / 0.000       ms
[2025-05-18T22:53:09.093+0300][15084][17464][info][gc,stats    ]    Subphase: Concurrent Roots JavaThreads                  0.000 / 0.000         1.070 / 3.315         1.070 / 3.315         1.070 / 3.315       ms
[2025-05-18T22:53:09.093+0300][15084][17464][info][gc,stats    ]    Subphase: Concurrent Roots OopStorageSet                0.000 / 0.000         0.047 / 0.130         0.047 / 0.130         0.047 / 0.130       ms
[2025-05-18T22:53:09.093+0300][15084][17464][info][gc,stats    ]    Subphase: Concurrent Weak Roots OopStorageSet           0.000 / 0.000         0.672 / 1.152         0.672 / 1.152         0.672 / 1.152       ms
[2025-05-18T22:53:09.093+0300][15084][17464][info][gc,stats    ]    Subphase: Pause Mark Try Complete                       0.000 / 0.000         0.000 / 0.000         0.000 / 0.000         0.000 / 0.000       ms
[2025-05-18T22:53:09.093+0300][15084][17464][info][gc,stats    ]      System: Java Threads                                      0 / 0                29 / 34               29 / 34               29 / 34          threads
[2025-05-18T22:53:09.093+0300][15084][17464][info][gc,stats    ] =========================================================================================================================================================
[2025-05-18T22:53:19.091+0300][15084][17464][info][gc,stats    ] === Garbage Collection Statistics =======================================================================================================================
[2025-05-18T22:53:19.091+0300][15084][17464][info][gc,stats    ]                                                              Last 10s              Last 10m              Last 10h                Total
[2025-05-18T22:53:19.091+0300][15084][17464][info][gc,stats    ]                                                              Avg / Max             Avg / Max             Avg / Max             Avg / Max
[2025-05-18T22:53:19.091+0300][15084][17464][info][gc,stats    ]   Collector: Garbage Collection Cycle                      0.000 / 0.000        46.736 / 53.225       46.736 / 53.225       46.736 / 53.225      ms
[2025-05-18T22:53:19.091+0300][15084][17464][info][gc,stats    ]  Contention: Mark Segment Reset Contention                     0 / 0                 0 / 0                 0 / 0                 0 / 0           ops/s
[2025-05-18T22:53:19.091+0300][15084][17464][info][gc,stats    ]  Contention: Mark SeqNum Reset Contention                      0 / 0                 0 / 0                 0 / 0                 0 / 0           ops/s
[2025-05-18T22:53:19.091+0300][15084][17464][info][gc,stats    ]    Critical: Allocation Stall                                  0 / 0                 0 / 0                 0 / 0                 0 / 0           ops/s
[2025-05-18T22:53:19.091+0300][15084][17464][info][gc,stats    ]    Critical: Allocation Stall                              0.000 / 0.000         0.000 / 0.000         0.000 / 0.000         0.000 / 0.000       ms
[2025-05-18T22:53:19.091+0300][15084][17464][info][gc,stats    ]    Critical: GC Locker Stall                                   0 / 0                 0 / 0                 0 / 0                 0 / 0           ops/s
[2025-05-18T22:53:19.091+0300][15084][17464][info][gc,stats    ]    Critical: GC Locker Stall                               0.000 / 0.000         0.000 / 0.000         0.000 / 0.000         0.000 / 0.000       ms
[2025-05-18T22:53:19.091+0300][15084][17464][info][gc,stats    ]    Critical: Relocation Stall                                  0 / 0                 0 / 0                 0 / 0                 0 / 0           ops/s
[2025-05-18T22:53:19.092+0300][15084][17464][info][gc,stats    ]    Critical: Relocation Stall                              0.000 / 0.000         0.000 / 0.000         0.000 / 0.000         0.000 / 0.000       ms
[2025-05-18T22:53:19.092+0300][15084][17464][info][gc,stats    ]      Memory: Allocation Rate                                  34 / 38               36 / 146              36 / 146              36 / 146         MB/s
[2025-05-18T22:53:19.092+0300][15084][17464][info][gc,stats    ]      Memory: Defragment                                        0 / 0                 0 / 0                 0 / 0                 0 / 0           ops/s
[2025-05-18T22:53:19.092+0300][15084][17464][info][gc,stats    ]      Memory: Out Of Memory                                     0 / 0                 0 / 0                 0 / 0                 0 / 0           ops/s
[2025-05-18T22:53:19.092+0300][15084][17464][info][gc,stats    ]      Memory: Page Cache Flush                                  0 / 0                 0 / 0                 0 / 0                 0 / 0           MB/s
[2025-05-18T22:53:19.092+0300][15084][17464][info][gc,stats    ]      Memory: Page Cache Hit L1                                17 / 19               12 / 76               12 / 76               12 / 76          ops/s
[2025-05-18T22:53:19.092+0300][15084][17464][info][gc,stats    ]      Memory: Page Cache Hit L2                                 0 / 0                 0 / 0                 0 / 0                 0 / 0           ops/s
[2025-05-18T22:53:19.092+0300][15084][17464][info][gc,stats    ]      Memory: Page Cache Hit L3                                 0 / 0                 5 / 34                5 / 34                5 / 34          ops/s
[2025-05-18T22:53:19.092+0300][15084][17464][info][gc,stats    ]      Memory: Page Cache Miss                                   0 / 0                 0 / 1                 0 / 1                 0 / 1           ops/s
[2025-05-18T22:53:19.092+0300][15084][17464][info][gc,stats    ]      Memory: Uncommit                                          0 / 0                 0 / 0                 0 / 0                 0 / 0           MB/s
[2025-05-18T22:53:19.092+0300][15084][17464][info][gc,stats    ]      Memory: Undo Object Allocation Failed                     0 / 0                 0 / 0                 0 / 0                 0 / 0           ops/s
[2025-05-18T22:53:19.092+0300][15084][17464][info][gc,stats    ]      Memory: Undo Object Allocation Succeeded                  0 / 0                 0 / 0                 0 / 0                 0 / 0           ops/s
[2025-05-18T22:53:19.092+0300][15084][17464][info][gc,stats    ]      Memory: Undo Page Allocation                              0 / 0                 0 / 3                 0 / 3                 0 / 3           ops/s
[2025-05-18T22:53:19.093+0300][15084][17464][info][gc,stats    ]       Phase: Concurrent Mark                               0.000 / 0.000        29.022 / 33.584       29.022 / 33.584       29.022 / 33.584      ms
[2025-05-18T22:53:19.093+0300][15084][17464][info][gc,stats    ]       Phase: Concurrent Mark Continue                      0.000 / 0.000         0.000 / 0.000         0.000 / 0.000         0.000 / 0.000       ms
[2025-05-18T22:53:19.093+0300][15084][17464][info][gc,stats    ]       Phase: Concurrent Mark Free                          0.000 / 0.000         0.001 / 0.001         0.001 / 0.001         0.001 / 0.001       ms
[2025-05-18T22:53:19.093+0300][15084][17464][info][gc,stats    ]       Phase: Concurrent Process Non-Strong References      0.000 / 0.000        11.687 / 16.295       11.687 / 16.295       11.687 / 16.295      ms
[2025-05-18T22:53:19.093+0300][15084][17464][info][gc,stats    ]       Phase: Concurrent Relocate                           0.000 / 0.000         2.283 / 5.335         2.283 / 5.335         2.283 / 5.335       ms
[2025-05-18T22:53:19.093+0300][15084][17464][info][gc,stats    ]       Phase: Concurrent Reset Relocation Set               0.000 / 0.000         0.010 / 0.028         0.010 / 0.028         0.010 / 0.028       ms
[2025-05-18T22:53:19.093+0300][15084][17464][info][gc,stats    ]       Phase: Concurrent Select Relocation Set              0.000 / 0.000         2.574 / 5.162         2.574 / 5.162         2.574 / 5.162       ms
[2025-05-18T22:53:19.093+0300][15084][17464][info][gc,stats    ]       Phase: Pause Mark End                                0.000 / 0.000         0.018 / 0.026         0.018 / 0.026         0.018 / 0.026       ms
[2025-05-18T22:53:19.093+0300][15084][17464][info][gc,stats    ]       Phase: Pause Mark Start                              0.000 / 0.000         0.010 / 0.017         0.010 / 0.017         0.010 / 0.017       ms
[2025-05-18T22:53:19.093+0300][15084][17464][info][gc,stats    ]       Phase: Pause Relocate Start                          0.000 / 0.000         0.222 / 1.085         0.222 / 1.085         0.222 / 1.085       ms
[2025-05-18T22:53:19.093+0300][15084][17464][info][gc,stats    ]    Subphase: Concurrent Classes Purge                      0.000 / 0.000         0.984 / 2.420         0.984 / 2.420         0.984 / 2.420       ms
[2025-05-18T22:53:19.093+0300][15084][17464][info][gc,stats    ]    Subphase: Concurrent Classes Unlink                     0.000 / 0.000         7.836 / 12.605        7.836 / 12.605        7.836 / 12.605      ms
[2025-05-18T22:53:19.093+0300][15084][17464][info][gc,stats    ]    Subphase: Concurrent Mark                               0.000 / 0.000        23.820 / 32.456       23.820 / 32.456       23.820 / 32.456      ms
[2025-05-18T22:53:19.093+0300][15084][17464][info][gc,stats    ]    Subphase: Concurrent Mark Try Flush                     0.000 / 0.000         0.142 / 0.270         0.142 / 0.270         0.142 / 0.270       ms
[2025-05-18T22:53:19.093+0300][15084][17464][info][gc,stats    ]    Subphase: Concurrent Mark Try Terminate                 0.000 / 0.000         2.946 / 14.540        2.946 / 14.540        2.946 / 14.540      ms
[2025-05-18T22:53:19.093+0300][15084][17464][info][gc,stats    ]    Subphase: Concurrent References Enqueue                 0.000 / 0.000         0.003 / 0.005         0.003 / 0.005         0.003 / 0.005       ms
[2025-05-18T22:53:19.093+0300][15084][17464][info][gc,stats    ]    Subphase: Concurrent References Process                 0.000 / 0.000         0.202 / 0.315         0.202 / 0.315         0.202 / 0.315       ms
[2025-05-18T22:53:19.093+0300][15084][17464][info][gc,stats    ]    Subphase: Concurrent Roots ClassLoaderDataGraph         0.000 / 0.000         0.242 / 0.975         0.242 / 0.975         0.242 / 0.975       ms
[2025-05-18T22:53:19.093+0300][15084][17464][info][gc,stats    ]    Subphase: Concurrent Roots CodeCache                    0.000 / 0.000         0.000 / 0.000         0.000 / 0.000         0.000 / 0.000       ms
[2025-05-18T22:53:19.093+0300][15084][17464][info][gc,stats    ]    Subphase: Concurrent Roots JavaThreads                  0.000 / 0.000         1.070 / 3.315         1.070 / 3.315         1.070 / 3.315       ms
[2025-05-18T22:53:19.093+0300][15084][17464][info][gc,stats    ]    Subphase: Concurrent Roots OopStorageSet                0.000 / 0.000         0.047 / 0.130         0.047 / 0.130         0.047 / 0.130       ms
[2025-05-18T22:53:19.093+0300][15084][17464][info][gc,stats    ]    Subphase: Concurrent Weak Roots OopStorageSet           0.000 / 0.000         0.672 / 1.152         0.672 / 1.152         0.672 / 1.152       ms
[2025-05-18T22:53:19.093+0300][15084][17464][info][gc,stats    ]    Subphase: Pause Mark Try Complete                       0.000 / 0.000         0.000 / 0.000         0.000 / 0.000         0.000 / 0.000       ms
[2025-05-18T22:53:19.093+0300][15084][17464][info][gc,stats    ]      System: Java Threads                                      0 / 0                29 / 34               29 / 34               29 / 34          threads
[2025-05-18T22:53:19.093+0300][15084][17464][info][gc,stats    ] =========================================================================================================================================================
[2025-05-18T22:53:29.089+0300][15084][17464][info][gc,stats    ] === Garbage Collection Statistics =======================================================================================================================
[2025-05-18T22:53:29.089+0300][15084][17464][info][gc,stats    ]                                                              Last 10s              Last 10m              Last 10h                Total
[2025-05-18T22:53:29.089+0300][15084][17464][info][gc,stats    ]                                                              Avg / Max             Avg / Max             Avg / Max             Avg / Max
[2025-05-18T22:53:29.089+0300][15084][17464][info][gc,stats    ]   Collector: Garbage Collection Cycle                      0.000 / 0.000        46.736 / 53.225       46.736 / 53.225       46.736 / 53.225      ms
[2025-05-18T22:53:29.089+0300][15084][17464][info][gc,stats    ]  Contention: Mark Segment Reset Contention                     0 / 0                 0 / 0                 0 / 0                 0 / 0           ops/s
[2025-05-18T22:53:29.089+0300][15084][17464][info][gc,stats    ]  Contention: Mark SeqNum Reset Contention                      0 / 0                 0 / 0                 0 / 0                 0 / 0           ops/s
[2025-05-18T22:53:29.089+0300][15084][17464][info][gc,stats    ]    Critical: Allocation Stall                                  0 / 0                 0 / 0                 0 / 0                 0 / 0           ops/s
[2025-05-18T22:53:29.089+0300][15084][17464][info][gc,stats    ]    Critical: Allocation Stall                              0.000 / 0.000         0.000 / 0.000         0.000 / 0.000         0.000 / 0.000       ms
[2025-05-18T22:53:29.089+0300][15084][17464][info][gc,stats    ]    Critical: GC Locker Stall                                   0 / 0                 0 / 0                 0 / 0                 0 / 0           ops/s
[2025-05-18T22:53:29.089+0300][15084][17464][info][gc,stats    ]    Critical: GC Locker Stall                               0.000 / 0.000         0.000 / 0.000         0.000 / 0.000         0.000 / 0.000       ms
[2025-05-18T22:53:29.089+0300][15084][17464][info][gc,stats    ]    Critical: Relocation Stall                                  0 / 0                 0 / 0                 0 / 0                 0 / 0           ops/s
[2025-05-18T22:53:29.089+0300][15084][17464][info][gc,stats    ]    Critical: Relocation Stall                              0.000 / 0.000         0.000 / 0.000         0.000 / 0.000         0.000 / 0.000       ms
[2025-05-18T22:53:29.089+0300][15084][17464][info][gc,stats    ]      Memory: Allocation Rate                                  34 / 36               36 / 146              36 / 146              36 / 146         MB/s
[2025-05-18T22:53:29.089+0300][15084][17464][info][gc,stats    ]      Memory: Defragment                                        0 / 0                 0 / 0                 0 / 0                 0 / 0           ops/s
[2025-05-18T22:53:29.089+0300][15084][17464][info][gc,stats    ]      Memory: Out Of Memory                                     0 / 0                 0 / 0                 0 / 0                 0 / 0           ops/s
[2025-05-18T22:53:29.089+0300][15084][17464][info][gc,stats    ]      Memory: Page Cache Flush                                  0 / 0                 0 / 0                 0 / 0                 0 / 0           MB/s
[2025-05-18T22:53:29.089+0300][15084][17464][info][gc,stats    ]      Memory: Page Cache Hit L1                                17 / 18               12 / 76               12 / 76               12 / 76          ops/s
[2025-05-18T22:53:29.089+0300][15084][17464][info][gc,stats    ]      Memory: Page Cache Hit L2                                 0 / 0                 0 / 0                 0 / 0                 0 / 0           ops/s
[2025-05-18T22:53:29.089+0300][15084][17464][info][gc,stats    ]      Memory: Page Cache Hit L3                                 0 / 0                 5 / 34                5 / 34                5 / 34          ops/s
[2025-05-18T22:53:29.089+0300][15084][17464][info][gc,stats    ]      Memory: Page Cache Miss                                   0 / 0                 0 / 1                 0 / 1                 0 / 1           ops/s
[2025-05-18T22:53:29.089+0300][15084][17464][info][gc,stats    ]      Memory: Uncommit                                          0 / 0                 0 / 0                 0 / 0                 0 / 0           MB/s
[2025-05-18T22:53:29.089+0300][15084][17464][info][gc,stats    ]      Memory: Undo Object Allocation Failed                     0 / 0                 0 / 0                 0 / 0                 0 / 0           ops/s
[2025-05-18T22:53:29.089+0300][15084][17464][info][gc,stats    ]      Memory: Undo Object Allocation Succeeded                  0 / 0                 0 / 0                 0 / 0                 0 / 0           ops/s
[2025-05-18T22:53:29.089+0300][15084][17464][info][gc,stats    ]      Memory: Undo Page Allocation                              0 / 0                 0 / 3                 0 / 3                 0 / 3           ops/s
[2025-05-18T22:53:29.089+0300][15084][17464][info][gc,stats    ]       Phase: Concurrent Mark                               0.000 / 0.000        29.022 / 33.584       29.022 / 33.584       29.022 / 33.584      ms
[2025-05-18T22:53:29.089+0300][15084][17464][info][gc,stats    ]       Phase: Concurrent Mark Continue                      0.000 / 0.000         0.000 / 0.000         0.000 / 0.000         0.000 / 0.000       ms
[2025-05-18T22:53:29.089+0300][15084][17464][info][gc,stats    ]       Phase: Concurrent Mark Free                          0.000 / 0.000         0.001 / 0.001         0.001 / 0.001         0.001 / 0.001       ms
[2025-05-18T22:53:29.089+0300][15084][17464][info][gc,stats    ]       Phase: Concurrent Process Non-Strong References      0.000 / 0.000        11.687 / 16.295       11.687 / 16.295       11.687 / 16.295      ms
[2025-05-18T22:53:29.089+0300][15084][17464][info][gc,stats    ]       Phase: Concurrent Relocate                           0.000 / 0.000         2.283 / 5.335         2.283 / 5.335         2.283 / 5.335       ms
[2025-05-18T22:53:29.089+0300][15084][17464][info][gc,stats    ]       Phase: Concurrent Reset Relocation Set               0.000 / 0.000         0.010 / 0.028         0.010 / 0.028         0.010 / 0.028       ms
[2025-05-18T22:53:29.089+0300][15084][17464][info][gc,stats    ]       Phase: Concurrent Select Relocation Set              0.000 / 0.000         2.574 / 5.162         2.574 / 5.162         2.574 / 5.162       ms
[2025-05-18T22:53:29.089+0300][15084][17464][info][gc,stats    ]       Phase: Pause Mark End                                0.000 / 0.000         0.018 / 0.026         0.018 / 0.026         0.018 / 0.026       ms
[2025-05-18T22:53:29.089+0300][15084][17464][info][gc,stats    ]       Phase: Pause Mark Start                              0.000 / 0.000         0.010 / 0.017         0.010 / 0.017         0.010 / 0.017       ms
[2025-05-18T22:53:29.089+0300][15084][17464][info][gc,stats    ]       Phase: Pause Relocate Start                          0.000 / 0.000         0.222 / 1.085         0.222 / 1.085         0.222 / 1.085       ms
[2025-05-18T22:53:29.089+0300][15084][17464][info][gc,stats    ]    Subphase: Concurrent Classes Purge                      0.000 / 0.000         0.984 / 2.420         0.984 / 2.420         0.984 / 2.420       ms
[2025-05-18T22:53:29.089+0300][15084][17464][info][gc,stats    ]    Subphase: Concurrent Classes Unlink                     0.000 / 0.000         7.836 / 12.605        7.836 / 12.605        7.836 / 12.605      ms
[2025-05-18T22:53:29.089+0300][15084][17464][info][gc,stats    ]    Subphase: Concurrent Mark                               0.000 / 0.000        23.820 / 32.456       23.820 / 32.456       23.820 / 32.456      ms
[2025-05-18T22:53:29.089+0300][15084][17464][info][gc,stats    ]    Subphase: Concurrent Mark Try Flush                     0.000 / 0.000         0.142 / 0.270         0.142 / 0.270         0.142 / 0.270       ms
[2025-05-18T22:53:29.090+0300][15084][17464][info][gc,stats    ]    Subphase: Concurrent Mark Try Terminate                 0.000 / 0.000         2.946 / 14.540        2.946 / 14.540        2.946 / 14.540      ms
[2025-05-18T22:53:29.090+0300][15084][17464][info][gc,stats    ]    Subphase: Concurrent References Enqueue                 0.000 / 0.000         0.003 / 0.005         0.003 / 0.005         0.003 / 0.005       ms
[2025-05-18T22:53:29.090+0300][15084][17464][info][gc,stats    ]    Subphase: Concurrent References Process                 0.000 / 0.000         0.202 / 0.315         0.202 / 0.315         0.202 / 0.315       ms
[2025-05-18T22:53:29.090+0300][15084][17464][info][gc,stats    ]    Subphase: Concurrent Roots ClassLoaderDataGraph         0.000 / 0.000         0.242 / 0.975         0.242 / 0.975         0.242 / 0.975       ms
[2025-05-18T22:53:29.090+0300][15084][17464][info][gc,stats    ]    Subphase: Concurrent Roots CodeCache                    0.000 / 0.000         0.000 / 0.000         0.000 / 0.000         0.000 / 0.000       ms
[2025-05-18T22:53:29.090+0300][15084][17464][info][gc,stats    ]    Subphase: Concurrent Roots JavaThreads                  0.000 / 0.000         1.070 / 3.315         1.070 / 3.315         1.070 / 3.315       ms
[2025-05-18T22:53:29.090+0300][15084][17464][info][gc,stats    ]    Subphase: Concurrent Roots OopStorageSet                0.000 / 0.000         0.047 / 0.130         0.047 / 0.130         0.047 / 0.130       ms
[2025-05-18T22:53:29.090+0300][15084][17464][info][gc,stats    ]    Subphase: Concurrent Weak Roots OopStorageSet           0.000 / 0.000         0.672 / 1.152         0.672 / 1.152         0.672 / 1.152       ms
[2025-05-18T22:53:29.090+0300][15084][17464][info][gc,stats    ]    Subphase: Pause Mark Try Complete                       0.000 / 0.000         0.000 / 0.000         0.000 / 0.000         0.000 / 0.000       ms
[2025-05-18T22:53:29.090+0300][15084][17464][info][gc,stats    ]      System: Java Threads                                      0 / 0                29 / 34               29 / 34               29 / 34          threads
[2025-05-18T22:53:29.090+0300][15084][17464][info][gc,stats    ] =========================================================================================================================================================
[2025-05-18T22:53:39.090+0300][15084][17464][info][gc,stats    ] === Garbage Collection Statistics =======================================================================================================================
[2025-05-18T22:53:39.090+0300][15084][17464][info][gc,stats    ]                                                              Last 10s              Last 10m              Last 10h                Total
[2025-05-18T22:53:39.090+0300][15084][17464][info][gc,stats    ]                                                              Avg / Max             Avg / Max             Avg / Max             Avg / Max
[2025-05-18T22:53:39.090+0300][15084][17464][info][gc,stats    ]   Collector: Garbage Collection Cycle                      0.000 / 0.000        46.736 / 53.225       46.736 / 53.225       46.736 / 53.225      ms
[2025-05-18T22:53:39.090+0300][15084][17464][info][gc,stats    ]  Contention: Mark Segment Reset Contention                     0 / 0                 0 / 0                 0 / 0                 0 / 0           ops/s
[2025-05-18T22:53:39.090+0300][15084][17464][info][gc,stats    ]  Contention: Mark SeqNum Reset Contention                      0 / 0                 0 / 0                 0 / 0                 0 / 0           ops/s
[2025-05-18T22:53:39.090+0300][15084][17464][info][gc,stats    ]    Critical: Allocation Stall                                  0 / 0                 0 / 0                 0 / 0                 0 / 0           ops/s
[2025-05-18T22:53:39.090+0300][15084][17464][info][gc,stats    ]    Critical: Allocation Stall                              0.000 / 0.000         0.000 / 0.000         0.000 / 0.000         0.000 / 0.000       ms
[2025-05-18T22:53:39.090+0300][15084][17464][info][gc,stats    ]    Critical: GC Locker Stall                                   0 / 0                 0 / 0                 0 / 0                 0 / 0           ops/s
[2025-05-18T22:53:39.090+0300][15084][17464][info][gc,stats    ]    Critical: GC Locker Stall                               0.000 / 0.000         0.000 / 0.000         0.000 / 0.000         0.000 / 0.000       ms
[2025-05-18T22:53:39.090+0300][15084][17464][info][gc,stats    ]    Critical: Relocation Stall                                  0 / 0                 0 / 0                 0 / 0                 0 / 0           ops/s
[2025-05-18T22:53:39.090+0300][15084][17464][info][gc,stats    ]    Critical: Relocation Stall                              0.000 / 0.000         0.000 / 0.000         0.000 / 0.000         0.000 / 0.000       ms
[2025-05-18T22:53:39.090+0300][15084][17464][info][gc,stats    ]      Memory: Allocation Rate                                  33 / 36               36 / 146              36 / 146              36 / 146         MB/s
[2025-05-18T22:53:39.090+0300][15084][17464][info][gc,stats    ]      Memory: Defragment                                        0 / 0                 0 / 0                 0 / 0                 0 / 0           ops/s
[2025-05-18T22:53:39.090+0300][15084][17464][info][gc,stats    ]      Memory: Out Of Memory                                     0 / 0                 0 / 0                 0 / 0                 0 / 0           ops/s
[2025-05-18T22:53:39.090+0300][15084][17464][info][gc,stats    ]      Memory: Page Cache Flush                                  0 / 0                 0 / 0                 0 / 0                 0 / 0           MB/s
[2025-05-18T22:53:39.090+0300][15084][17464][info][gc,stats    ]      Memory: Page Cache Hit L1                                16 / 18               12 / 76               12 / 76               12 / 76          ops/s
[2025-05-18T22:53:39.090+0300][15084][17464][info][gc,stats    ]      Memory: Page Cache Hit L2                                 0 / 0                 0 / 0                 0 / 0                 0 / 0           ops/s
[2025-05-18T22:53:39.090+0300][15084][17464][info][gc,stats    ]      Memory: Page Cache Hit L3                                 0 / 0                 5 / 34                5 / 34                5 / 34          ops/s
[2025-05-18T22:53:39.090+0300][15084][17464][info][gc,stats    ]      Memory: Page Cache Miss                                   0 / 0                 0 / 1                 0 / 1                 0 / 1           ops/s
[2025-05-18T22:53:39.090+0300][15084][17464][info][gc,stats    ]      Memory: Uncommit                                          0 / 0                 0 / 0                 0 / 0                 0 / 0           MB/s
[2025-05-18T22:53:39.090+0300][15084][17464][info][gc,stats    ]      Memory: Undo Object Allocation Failed                     0 / 0                 0 / 0                 0 / 0                 0 / 0           ops/s
[2025-05-18T22:53:39.090+0300][15084][17464][info][gc,stats    ]      Memory: Undo Object Allocation Succeeded                  0 / 0                 0 / 0                 0 / 0                 0 / 0           ops/s
[2025-05-18T22:53:39.090+0300][15084][17464][info][gc,stats    ]      Memory: Undo Page Allocation                              0 / 0                 0 / 3                 0 / 3                 0 / 3           ops/s
[2025-05-18T22:53:39.090+0300][15084][17464][info][gc,stats    ]       Phase: Concurrent Mark                               0.000 / 0.000        29.022 / 33.584       29.022 / 33.584       29.022 / 33.584      ms
[2025-05-18T22:53:39.090+0300][15084][17464][info][gc,stats    ]       Phase: Concurrent Mark Continue                      0.000 / 0.000         0.000 / 0.000         0.000 / 0.000         0.000 / 0.000       ms
[2025-05-18T22:53:39.090+0300][15084][17464][info][gc,stats    ]       Phase: Concurrent Mark Free                          0.000 / 0.000         0.001 / 0.001         0.001 / 0.001         0.001 / 0.001       ms
[2025-05-18T22:53:39.090+0300][15084][17464][info][gc,stats    ]       Phase: Concurrent Process Non-Strong References      0.000 / 0.000        11.687 / 16.295       11.687 / 16.295       11.687 / 16.295      ms
[2025-05-18T22:53:39.090+0300][15084][17464][info][gc,stats    ]       Phase: Concurrent Relocate                           0.000 / 0.000         2.283 / 5.335         2.283 / 5.335         2.283 / 5.335       ms
[2025-05-18T22:53:39.090+0300][15084][17464][info][gc,stats    ]       Phase: Concurrent Reset Relocation Set               0.000 / 0.000         0.010 / 0.028         0.010 / 0.028         0.010 / 0.028       ms
[2025-05-18T22:53:39.090+0300][15084][17464][info][gc,stats    ]       Phase: Concurrent Select Relocation Set              0.000 / 0.000         2.574 / 5.162         2.574 / 5.162         2.574 / 5.162       ms
[2025-05-18T22:53:39.090+0300][15084][17464][info][gc,stats    ]       Phase: Pause Mark End                                0.000 / 0.000         0.018 / 0.026         0.018 / 0.026         0.018 / 0.026       ms
[2025-05-18T22:53:39.090+0300][15084][17464][info][gc,stats    ]       Phase: Pause Mark Start                              0.000 / 0.000         0.010 / 0.017         0.010 / 0.017         0.010 / 0.017       ms
[2025-05-18T22:53:39.091+0300][15084][17464][info][gc,stats    ]       Phase: Pause Relocate Start                          0.000 / 0.000         0.222 / 1.085         0.222 / 1.085         0.222 / 1.085       ms
[2025-05-18T22:53:39.091+0300][15084][17464][info][gc,stats    ]    Subphase: Concurrent Classes Purge                      0.000 / 0.000         0.984 / 2.420         0.984 / 2.420         0.984 / 2.420       ms
[2025-05-18T22:53:39.091+0300][15084][17464][info][gc,stats    ]    Subphase: Concurrent Classes Unlink                     0.000 / 0.000         7.836 / 12.605        7.836 / 12.605        7.836 / 12.605      ms
[2025-05-18T22:53:39.091+0300][15084][17464][info][gc,stats    ]    Subphase: Concurrent Mark                               0.000 / 0.000        23.820 / 32.456       23.820 / 32.456       23.820 / 32.456      ms
[2025-05-18T22:53:39.091+0300][15084][17464][info][gc,stats    ]    Subphase: Concurrent Mark Try Flush                     0.000 / 0.000         0.142 / 0.270         0.142 / 0.270         0.142 / 0.270       ms
[2025-05-18T22:53:39.091+0300][15084][17464][info][gc,stats    ]    Subphase: Concurrent Mark Try Terminate                 0.000 / 0.000         2.946 / 14.540        2.946 / 14.540        2.946 / 14.540      ms
[2025-05-18T22:53:39.091+0300][15084][17464][info][gc,stats    ]    Subphase: Concurrent References Enqueue                 0.000 / 0.000         0.003 / 0.005         0.003 / 0.005         0.003 / 0.005       ms
[2025-05-18T22:53:39.091+0300][15084][17464][info][gc,stats    ]    Subphase: Concurrent References Process                 0.000 / 0.000         0.202 / 0.315         0.202 / 0.315         0.202 / 0.315       ms
[2025-05-18T22:53:39.091+0300][15084][17464][info][gc,stats    ]    Subphase: Concurrent Roots ClassLoaderDataGraph         0.000 / 0.000         0.242 / 0.975         0.242 / 0.975         0.242 / 0.975       ms
[2025-05-18T22:53:39.091+0300][15084][17464][info][gc,stats    ]    Subphase: Concurrent Roots CodeCache                    0.000 / 0.000         0.000 / 0.000         0.000 / 0.000         0.000 / 0.000       ms
[2025-05-18T22:53:39.091+0300][15084][17464][info][gc,stats    ]    Subphase: Concurrent Roots JavaThreads                  0.000 / 0.000         1.070 / 3.315         1.070 / 3.315         1.070 / 3.315       ms
[2025-05-18T22:53:39.091+0300][15084][17464][info][gc,stats    ]    Subphase: Concurrent Roots OopStorageSet                0.000 / 0.000         0.047 / 0.130         0.047 / 0.130         0.047 / 0.130       ms
[2025-05-18T22:53:39.091+0300][15084][17464][info][gc,stats    ]    Subphase: Concurrent Weak Roots OopStorageSet           0.000 / 0.000         0.672 / 1.152         0.672 / 1.152         0.672 / 1.152       ms
[2025-05-18T22:53:39.091+0300][15084][17464][info][gc,stats    ]    Subphase: Pause Mark Try Complete                       0.000 / 0.000         0.000 / 0.000         0.000 / 0.000         0.000 / 0.000       ms
[2025-05-18T22:53:39.091+0300][15084][17464][info][gc,stats    ]      System: Java Threads                                      0 / 0                29 / 34               29 / 34               29 / 34          threads
[2025-05-18T22:53:39.091+0300][15084][17464][info][gc,stats    ] =========================================================================================================================================================
[2025-05-18T22:53:49.080+0300][15084][17464][info][gc,stats    ] === Garbage Collection Statistics =======================================================================================================================
[2025-05-18T22:53:49.080+0300][15084][17464][info][gc,stats    ]                                                              Last 10s              Last 10m              Last 10h                Total
[2025-05-18T22:53:49.080+0300][15084][17464][info][gc,stats    ]                                                              Avg / Max             Avg / Max             Avg / Max             Avg / Max
[2025-05-18T22:53:49.080+0300][15084][17464][info][gc,stats    ]   Collector: Garbage Collection Cycle                      0.000 / 0.000        46.736 / 53.225       46.736 / 53.225       46.736 / 53.225      ms
[2025-05-18T22:53:49.080+0300][15084][17464][info][gc,stats    ]  Contention: Mark Segment Reset Contention                     0 / 0                 0 / 0                 0 / 0                 0 / 0           ops/s
[2025-05-18T22:53:49.080+0300][15084][17464][info][gc,stats    ]  Contention: Mark SeqNum Reset Contention                      0 / 0                 0 / 0                 0 / 0                 0 / 0           ops/s
[2025-05-18T22:53:49.080+0300][15084][17464][info][gc,stats    ]    Critical: Allocation Stall                                  0 / 0                 0 / 0                 0 / 0                 0 / 0           ops/s
[2025-05-18T22:53:49.080+0300][15084][17464][info][gc,stats    ]    Critical: Allocation Stall                              0.000 / 0.000         0.000 / 0.000         0.000 / 0.000         0.000 / 0.000       ms
[2025-05-18T22:53:49.080+0300][15084][17464][info][gc,stats    ]    Critical: GC Locker Stall                                   0 / 0                 0 / 0                 0 / 0                 0 / 0           ops/s
[2025-05-18T22:53:49.080+0300][15084][17464][info][gc,stats    ]    Critical: GC Locker Stall                               0.000 / 0.000         0.000 / 0.000         0.000 / 0.000         0.000 / 0.000       ms
[2025-05-18T22:53:49.080+0300][15084][17464][info][gc,stats    ]    Critical: Relocation Stall                                  0 / 0                 0 / 0                 0 / 0                 0 / 0           ops/s
[2025-05-18T22:53:49.080+0300][15084][17464][info][gc,stats    ]    Critical: Relocation Stall                              0.000 / 0.000         0.000 / 0.000         0.000 / 0.000         0.000 / 0.000       ms
[2025-05-18T22:53:49.080+0300][15084][17464][info][gc,stats    ]      Memory: Allocation Rate                                  34 / 36               36 / 146              36 / 146              36 / 146         MB/s
[2025-05-18T22:53:49.080+0300][15084][17464][info][gc,stats    ]      Memory: Defragment                                        0 / 0                 0 / 0                 0 / 0                 0 / 0           ops/s
[2025-05-18T22:53:49.080+0300][15084][17464][info][gc,stats    ]      Memory: Out Of Memory                                     0 / 0                 0 / 0                 0 / 0                 0 / 0           ops/s
[2025-05-18T22:53:49.080+0300][15084][17464][info][gc,stats    ]      Memory: Page Cache Flush                                  0 / 0                 0 / 0                 0 / 0                 0 / 0           MB/s
[2025-05-18T22:53:49.080+0300][15084][17464][info][gc,stats    ]      Memory: Page Cache Hit L1                                 2 / 16               12 / 76               12 / 76               12 / 76          ops/s
[2025-05-18T22:53:49.080+0300][15084][17464][info][gc,stats    ]      Memory: Page Cache Hit L2                                 0 / 0                 0 / 0                 0 / 0                 0 / 0           ops/s
[2025-05-18T22:53:49.080+0300][15084][17464][info][gc,stats    ]      Memory: Page Cache Hit L3                                15 / 18                5 / 34                5 / 34                5 / 34          ops/s
[2025-05-18T22:53:49.080+0300][15084][17464][info][gc,stats    ]      Memory: Page Cache Miss                                   0 / 0                 0 / 1                 0 / 1                 0 / 1           ops/s
[2025-05-18T22:53:49.080+0300][15084][17464][info][gc,stats    ]      Memory: Uncommit                                          0 / 0                 0 / 0                 0 / 0                 0 / 0           MB/s
[2025-05-18T22:53:49.080+0300][15084][17464][info][gc,stats    ]      Memory: Undo Object Allocation Failed                     0 / 0                 0 / 0                 0 / 0                 0 / 0           ops/s
[2025-05-18T22:53:49.080+0300][15084][17464][info][gc,stats    ]      Memory: Undo Object Allocation Succeeded                  0 / 0                 0 / 0                 0 / 0                 0 / 0           ops/s
[2025-05-18T22:53:49.080+0300][15084][17464][info][gc,stats    ]      Memory: Undo Page Allocation                              0 / 0                 0 / 3                 0 / 3                 0 / 3           ops/s
[2025-05-18T22:53:49.080+0300][15084][17464][info][gc,stats    ]       Phase: Concurrent Mark                               0.000 / 0.000        29.022 / 33.584       29.022 / 33.584       29.022 / 33.584      ms
[2025-05-18T22:53:49.080+0300][15084][17464][info][gc,stats    ]       Phase: Concurrent Mark Continue                      0.000 / 0.000         0.000 / 0.000         0.000 / 0.000         0.000 / 0.000       ms
[2025-05-18T22:53:49.080+0300][15084][17464][info][gc,stats    ]       Phase: Concurrent Mark Free                          0.000 / 0.000         0.001 / 0.001         0.001 / 0.001         0.001 / 0.001       ms
[2025-05-18T22:53:49.080+0300][15084][17464][info][gc,stats    ]       Phase: Concurrent Process Non-Strong References      0.000 / 0.000        11.687 / 16.295       11.687 / 16.295       11.687 / 16.295      ms
[2025-05-18T22:53:49.080+0300][15084][17464][info][gc,stats    ]       Phase: Concurrent Relocate                           0.000 / 0.000         2.283 / 5.335         2.283 / 5.335         2.283 / 5.335       ms
[2025-05-18T22:53:49.080+0300][15084][17464][info][gc,stats    ]       Phase: Concurrent Reset Relocation Set               0.000 / 0.000         0.010 / 0.028         0.010 / 0.028         0.010 / 0.028       ms
[2025-05-18T22:53:49.080+0300][15084][17464][info][gc,stats    ]       Phase: Concurrent Select Relocation Set              0.000 / 0.000         2.574 / 5.162         2.574 / 5.162         2.574 / 5.162       ms
[2025-05-18T22:53:49.080+0300][15084][17464][info][gc,stats    ]       Phase: Pause Mark End                                0.000 / 0.000         0.018 / 0.026         0.018 / 0.026         0.018 / 0.026       ms
[2025-05-18T22:53:49.080+0300][15084][17464][info][gc,stats    ]       Phase: Pause Mark Start                              0.000 / 0.000         0.010 / 0.017         0.010 / 0.017         0.010 / 0.017       ms
[2025-05-18T22:53:49.080+0300][15084][17464][info][gc,stats    ]       Phase: Pause Relocate Start                          0.000 / 0.000         0.222 / 1.085         0.222 / 1.085         0.222 / 1.085       ms
[2025-05-18T22:53:49.080+0300][15084][17464][info][gc,stats    ]    Subphase: Concurrent Classes Purge                      0.000 / 0.000         0.984 / 2.420         0.984 / 2.420         0.984 / 2.420       ms
[2025-05-18T22:53:49.080+0300][15084][17464][info][gc,stats    ]    Subphase: Concurrent Classes Unlink                     0.000 / 0.000         7.836 / 12.605        7.836 / 12.605        7.836 / 12.605      ms
[2025-05-18T22:53:49.080+0300][15084][17464][info][gc,stats    ]    Subphase: Concurrent Mark                               0.000 / 0.000        23.820 / 32.456       23.820 / 32.456       23.820 / 32.456      ms
[2025-05-18T22:53:49.080+0300][15084][17464][info][gc,stats    ]    Subphase: Concurrent Mark Try Flush                     0.000 / 0.000         0.142 / 0.270         0.142 / 0.270         0.142 / 0.270       ms
[2025-05-18T22:53:49.080+0300][15084][17464][info][gc,stats    ]    Subphase: Concurrent Mark Try Terminate                 0.000 / 0.000         2.946 / 14.540        2.946 / 14.540        2.946 / 14.540      ms
[2025-05-18T22:53:49.080+0300][15084][17464][info][gc,stats    ]    Subphase: Concurrent References Enqueue                 0.000 / 0.000         0.003 / 0.005         0.003 / 0.005         0.003 / 0.005       ms
[2025-05-18T22:53:49.080+0300][15084][17464][info][gc,stats    ]    Subphase: Concurrent References Process                 0.000 / 0.000         0.202 / 0.315         0.202 / 0.315         0.202 / 0.315       ms
[2025-05-18T22:53:49.080+0300][15084][17464][info][gc,stats    ]    Subphase: Concurrent Roots ClassLoaderDataGraph         0.000 / 0.000         0.242 / 0.975         0.242 / 0.975         0.242 / 0.975       ms
[2025-05-18T22:53:49.080+0300][15084][17464][info][gc,stats    ]    Subphase: Concurrent Roots CodeCache                    0.000 / 0.000         0.000 / 0.000         0.000 / 0.000         0.000 / 0.000       ms
[2025-05-18T22:53:49.080+0300][15084][17464][info][gc,stats    ]    Subphase: Concurrent Roots JavaThreads                  0.000 / 0.000         1.070 / 3.315         1.070 / 3.315         1.070 / 3.315       ms
[2025-05-18T22:53:49.080+0300][15084][17464][info][gc,stats    ]    Subphase: Concurrent Roots OopStorageSet                0.000 / 0.000         0.047 / 0.130         0.047 / 0.130         0.047 / 0.130       ms
[2025-05-18T22:53:49.080+0300][15084][17464][info][gc,stats    ]    Subphase: Concurrent Weak Roots OopStorageSet           0.000 / 0.000         0.672 / 1.152         0.672 / 1.152         0.672 / 1.152       ms
[2025-05-18T22:53:49.080+0300][15084][17464][info][gc,stats    ]    Subphase: Pause Mark Try Complete                       0.000 / 0.000         0.000 / 0.000         0.000 / 0.000         0.000 / 0.000       ms
[2025-05-18T22:53:49.080+0300][15084][17464][info][gc,stats    ]      System: Java Threads                                      0 / 0                29 / 34               29 / 34               29 / 34          threads
[2025-05-18T22:53:49.080+0300][15084][17464][info][gc,stats    ] =========================================================================================================================================================
[2025-05-18T22:53:59.089+0300][15084][17464][info][gc,stats    ] === Garbage Collection Statistics =======================================================================================================================
[2025-05-18T22:53:59.089+0300][15084][17464][info][gc,stats    ]                                                              Last 10s              Last 10m              Last 10h                Total
[2025-05-18T22:53:59.089+0300][15084][17464][info][gc,stats    ]                                                              Avg / Max             Avg / Max             Avg / Max             Avg / Max
[2025-05-18T22:53:59.089+0300][15084][17464][info][gc,stats    ]   Collector: Garbage Collection Cycle                      0.000 / 0.000        46.736 / 53.225       46.736 / 53.225       46.736 / 53.225      ms
[2025-05-18T22:53:59.089+0300][15084][17464][info][gc,stats    ]  Contention: Mark Segment Reset Contention                     0 / 0                 0 / 0                 0 / 0                 0 / 0           ops/s
[2025-05-18T22:53:59.089+0300][15084][17464][info][gc,stats    ]  Contention: Mark SeqNum Reset Contention                      0 / 0                 0 / 0                 0 / 0                 0 / 0           ops/s
[2025-05-18T22:53:59.089+0300][15084][17464][info][gc,stats    ]    Critical: Allocation Stall                                  0 / 0                 0 / 0                 0 / 0                 0 / 0           ops/s
[2025-05-18T22:53:59.089+0300][15084][17464][info][gc,stats    ]    Critical: Allocation Stall                              0.000 / 0.000         0.000 / 0.000         0.000 / 0.000         0.000 / 0.000       ms
[2025-05-18T22:53:59.089+0300][15084][17464][info][gc,stats    ]    Critical: GC Locker Stall                                   0 / 0                 0 / 0                 0 / 0                 0 / 0           ops/s
[2025-05-18T22:53:59.089+0300][15084][17464][info][gc,stats    ]    Critical: GC Locker Stall                               0.000 / 0.000         0.000 / 0.000         0.000 / 0.000         0.000 / 0.000       ms
[2025-05-18T22:53:59.089+0300][15084][17464][info][gc,stats    ]    Critical: Relocation Stall                                  0 / 0                 0 / 0                 0 / 0                 0 / 0           ops/s
[2025-05-18T22:53:59.089+0300][15084][17464][info][gc,stats    ]    Critical: Relocation Stall                              0.000 / 0.000         0.000 / 0.000         0.000 / 0.000         0.000 / 0.000       ms
[2025-05-18T22:53:59.090+0300][15084][17464][info][gc,stats    ]      Memory: Allocation Rate                                  34 / 44               36 / 146              36 / 146              36 / 146         MB/s
[2025-05-18T22:53:59.090+0300][15084][17464][info][gc,stats    ]      Memory: Defragment                                        0 / 0                 0 / 0                 0 / 0                 0 / 0           ops/s
[2025-05-18T22:53:59.090+0300][15084][17464][info][gc,stats    ]      Memory: Out Of Memory                                     0 / 0                 0 / 0                 0 / 0                 0 / 0           ops/s
[2025-05-18T22:53:59.090+0300][15084][17464][info][gc,stats    ]      Memory: Page Cache Flush                                  0 / 0                 0 / 0                 0 / 0                 0 / 0           MB/s
[2025-05-18T22:53:59.090+0300][15084][17464][info][gc,stats    ]      Memory: Page Cache Hit L1                                 0 / 0                12 / 76               12 / 76               12 / 76          ops/s
[2025-05-18T22:53:59.090+0300][15084][17464][info][gc,stats    ]      Memory: Page Cache Hit L2                                 0 / 0                 0 / 0                 0 / 0                 0 / 0           ops/s
[2025-05-18T22:53:59.090+0300][15084][17464][info][gc,stats    ]      Memory: Page Cache Hit L3                                17 / 22                5 / 34                5 / 34                5 / 34          ops/s
[2025-05-18T22:53:59.090+0300][15084][17464][info][gc,stats    ]      Memory: Page Cache Miss                                   0 / 0                 0 / 1                 0 / 1                 0 / 1           ops/s
[2025-05-18T22:53:59.090+0300][15084][17464][info][gc,stats    ]      Memory: Uncommit                                          0 / 0                 0 / 0                 0 / 0                 0 / 0           MB/s
[2025-05-18T22:53:59.090+0300][15084][17464][info][gc,stats    ]      Memory: Undo Object Allocation Failed                     0 / 0                 0 / 0                 0 / 0                 0 / 0           ops/s
[2025-05-18T22:53:59.090+0300][15084][17464][info][gc,stats    ]      Memory: Undo Object Allocation Succeeded                  0 / 0                 0 / 0                 0 / 0                 0 / 0           ops/s
[2025-05-18T22:53:59.090+0300][15084][17464][info][gc,stats    ]      Memory: Undo Page Allocation                              0 / 0                 0 / 3                 0 / 3                 0 / 3           ops/s
[2025-05-18T22:53:59.090+0300][15084][17464][info][gc,stats    ]       Phase: Concurrent Mark                               0.000 / 0.000        29.022 / 33.584       29.022 / 33.584       29.022 / 33.584      ms
[2025-05-18T22:53:59.090+0300][15084][17464][info][gc,stats    ]       Phase: Concurrent Mark Continue                      0.000 / 0.000         0.000 / 0.000         0.000 / 0.000         0.000 / 0.000       ms
[2025-05-18T22:53:59.090+0300][15084][17464][info][gc,stats    ]       Phase: Concurrent Mark Free                          0.000 / 0.000         0.001 / 0.001         0.001 / 0.001         0.001 / 0.001       ms
[2025-05-18T22:53:59.090+0300][15084][17464][info][gc,stats    ]       Phase: Concurrent Process Non-Strong References      0.000 / 0.000        11.687 / 16.295       11.687 / 16.295       11.687 / 16.295      ms
[2025-05-18T22:53:59.090+0300][15084][17464][info][gc,stats    ]       Phase: Concurrent Relocate                           0.000 / 0.000         2.283 / 5.335         2.283 / 5.335         2.283 / 5.335       ms
[2025-05-18T22:53:59.090+0300][15084][17464][info][gc,stats    ]       Phase: Concurrent Reset Relocation Set               0.000 / 0.000         0.010 / 0.028         0.010 / 0.028         0.010 / 0.028       ms
[2025-05-18T22:53:59.090+0300][15084][17464][info][gc,stats    ]       Phase: Concurrent Select Relocation Set              0.000 / 0.000         2.574 / 5.162         2.574 / 5.162         2.574 / 5.162       ms
[2025-05-18T22:53:59.090+0300][15084][17464][info][gc,stats    ]       Phase: Pause Mark End                                0.000 / 0.000         0.018 / 0.026         0.018 / 0.026         0.018 / 0.026       ms
[2025-05-18T22:53:59.090+0300][15084][17464][info][gc,stats    ]       Phase: Pause Mark Start                              0.000 / 0.000         0.010 / 0.017         0.010 / 0.017         0.010 / 0.017       ms
[2025-05-18T22:53:59.090+0300][15084][17464][info][gc,stats    ]       Phase: Pause Relocate Start                          0.000 / 0.000         0.222 / 1.085         0.222 / 1.085         0.222 / 1.085       ms
[2025-05-18T22:53:59.090+0300][15084][17464][info][gc,stats    ]    Subphase: Concurrent Classes Purge                      0.000 / 0.000         0.984 / 2.420         0.984 / 2.420         0.984 / 2.420       ms
[2025-05-18T22:53:59.090+0300][15084][17464][info][gc,stats    ]    Subphase: Concurrent Classes Unlink                     0.000 / 0.000         7.836 / 12.605        7.836 / 12.605        7.836 / 12.605      ms
[2025-05-18T22:53:59.090+0300][15084][17464][info][gc,stats    ]    Subphase: Concurrent Mark                               0.000 / 0.000        23.820 / 32.456       23.820 / 32.456       23.820 / 32.456      ms
[2025-05-18T22:53:59.090+0300][15084][17464][info][gc,stats    ]    Subphase: Concurrent Mark Try Flush                     0.000 / 0.000         0.142 / 0.270         0.142 / 0.270         0.142 / 0.270       ms
[2025-05-18T22:53:59.090+0300][15084][17464][info][gc,stats    ]    Subphase: Concurrent Mark Try Terminate                 0.000 / 0.000         2.946 / 14.540        2.946 / 14.540        2.946 / 14.540      ms
[2025-05-18T22:53:59.090+0300][15084][17464][info][gc,stats    ]    Subphase: Concurrent References Enqueue                 0.000 / 0.000         0.003 / 0.005         0.003 / 0.005         0.003 / 0.005       ms
[2025-05-18T22:53:59.090+0300][15084][17464][info][gc,stats    ]    Subphase: Concurrent References Process                 0.000 / 0.000         0.202 / 0.315         0.202 / 0.315         0.202 / 0.315       ms
[2025-05-18T22:53:59.091+0300][15084][17464][info][gc,stats    ]    Subphase: Concurrent Roots ClassLoaderDataGraph         0.000 / 0.000         0.242 / 0.975         0.242 / 0.975         0.242 / 0.975       ms
[2025-05-18T22:53:59.091+0300][15084][17464][info][gc,stats    ]    Subphase: Concurrent Roots CodeCache                    0.000 / 0.000         0.000 / 0.000         0.000 / 0.000         0.000 / 0.000       ms
[2025-05-18T22:53:59.091+0300][15084][17464][info][gc,stats    ]    Subphase: Concurrent Roots JavaThreads                  0.000 / 0.000         1.070 / 3.315         1.070 / 3.315         1.070 / 3.315       ms
[2025-05-18T22:53:59.091+0300][15084][17464][info][gc,stats    ]    Subphase: Concurrent Roots OopStorageSet                0.000 / 0.000         0.047 / 0.130         0.047 / 0.130         0.047 / 0.130       ms
[2025-05-18T22:53:59.091+0300][15084][17464][info][gc,stats    ]    Subphase: Concurrent Weak Roots OopStorageSet           0.000 / 0.000         0.672 / 1.152         0.672 / 1.152         0.672 / 1.152       ms
[2025-05-18T22:53:59.091+0300][15084][17464][info][gc,stats    ]    Subphase: Pause Mark Try Complete                       0.000 / 0.000         0.000 / 0.000         0.000 / 0.000         0.000 / 0.000       ms
[2025-05-18T22:53:59.091+0300][15084][17464][info][gc,stats    ]      System: Java Threads                                      0 / 0                29 / 34               29 / 34               29 / 34          threads
[2025-05-18T22:53:59.091+0300][15084][17464][info][gc,stats    ] =========================================================================================================================================================
[2025-05-18T22:54:09.093+0300][15084][17464][info][gc,stats    ] === Garbage Collection Statistics =======================================================================================================================
[2025-05-18T22:54:09.093+0300][15084][17464][info][gc,stats    ]                                                              Last 10s              Last 10m              Last 10h                Total
[2025-05-18T22:54:09.093+0300][15084][17464][info][gc,stats    ]                                                              Avg / Max             Avg / Max             Avg / Max             Avg / Max
[2025-05-18T22:54:09.093+0300][15084][17464][info][gc,stats    ]   Collector: Garbage Collection Cycle                      0.000 / 0.000        46.736 / 53.225       46.736 / 53.225       46.736 / 53.225      ms
[2025-05-18T22:54:09.093+0300][15084][17464][info][gc,stats    ]  Contention: Mark Segment Reset Contention                     0 / 0                 0 / 0                 0 / 0                 0 / 0           ops/s
[2025-05-18T22:54:09.093+0300][15084][17464][info][gc,stats    ]  Contention: Mark SeqNum Reset Contention                      0 / 0                 0 / 0                 0 / 0                 0 / 0           ops/s
[2025-05-18T22:54:09.093+0300][15084][17464][info][gc,stats    ]    Critical: Allocation Stall                                  0 / 0                 0 / 0                 0 / 0                 0 / 0           ops/s
[2025-05-18T22:54:09.093+0300][15084][17464][info][gc,stats    ]    Critical: Allocation Stall                              0.000 / 0.000         0.000 / 0.000         0.000 / 0.000         0.000 / 0.000       ms
[2025-05-18T22:54:09.093+0300][15084][17464][info][gc,stats    ]    Critical: GC Locker Stall                                   0 / 0                 0 / 0                 0 / 0                 0 / 0           ops/s
[2025-05-18T22:54:09.093+0300][15084][17464][info][gc,stats    ]    Critical: GC Locker Stall                               0.000 / 0.000         0.000 / 0.000         0.000 / 0.000         0.000 / 0.000       ms
[2025-05-18T22:54:09.093+0300][15084][17464][info][gc,stats    ]    Critical: Relocation Stall                                  0 / 0                 0 / 0                 0 / 0                 0 / 0           ops/s
[2025-05-18T22:54:09.093+0300][15084][17464][info][gc,stats    ]    Critical: Relocation Stall                              0.000 / 0.000         0.000 / 0.000         0.000 / 0.000         0.000 / 0.000       ms
[2025-05-18T22:54:09.093+0300][15084][17464][info][gc,stats    ]      Memory: Allocation Rate                                  34 / 38               36 / 146              36 / 146              36 / 146         MB/s
[2025-05-18T22:54:09.093+0300][15084][17464][info][gc,stats    ]      Memory: Defragment                                        0 / 0                 0 / 0                 0 / 0                 0 / 0           ops/s
[2025-05-18T22:54:09.093+0300][15084][17464][info][gc,stats    ]      Memory: Out Of Memory                                     0 / 0                 0 / 0                 0 / 0                 0 / 0           ops/s
[2025-05-18T22:54:09.093+0300][15084][17464][info][gc,stats    ]      Memory: Page Cache Flush                                  0 / 0                 0 / 0                 0 / 0                 0 / 0           MB/s
[2025-05-18T22:54:09.093+0300][15084][17464][info][gc,stats    ]      Memory: Page Cache Hit L1                                 0 / 0                11 / 76               11 / 76               11 / 76          ops/s
[2025-05-18T22:54:09.093+0300][15084][17464][info][gc,stats    ]      Memory: Page Cache Hit L2                                 0 / 0                 0 / 0                 0 / 0                 0 / 0           ops/s
[2025-05-18T22:54:09.093+0300][15084][17464][info][gc,stats    ]      Memory: Page Cache Hit L3                                17 / 19                6 / 34                6 / 34                6 / 34          ops/s
[2025-05-18T22:54:09.093+0300][15084][17464][info][gc,stats    ]      Memory: Page Cache Miss                                   0 / 0                 0 / 1                 0 / 1                 0 / 1           ops/s
[2025-05-18T22:54:09.093+0300][15084][17464][info][gc,stats    ]      Memory: Uncommit                                          0 / 0                 0 / 0                 0 / 0                 0 / 0           MB/s
[2025-05-18T22:54:09.093+0300][15084][17464][info][gc,stats    ]      Memory: Undo Object Allocation Failed                     0 / 0                 0 / 0                 0 / 0                 0 / 0           ops/s
[2025-05-18T22:54:09.093+0300][15084][17464][info][gc,stats    ]      Memory: Undo Object Allocation Succeeded                  0 / 0                 0 / 0                 0 / 0                 0 / 0           ops/s
[2025-05-18T22:54:09.093+0300][15084][17464][info][gc,stats    ]      Memory: Undo Page Allocation                              0 / 0                 0 / 3                 0 / 3                 0 / 3           ops/s
[2025-05-18T22:54:09.093+0300][15084][17464][info][gc,stats    ]       Phase: Concurrent Mark                               0.000 / 0.000        29.022 / 33.584       29.022 / 33.584       29.022 / 33.584      ms
[2025-05-18T22:54:09.093+0300][15084][17464][info][gc,stats    ]       Phase: Concurrent Mark Continue                      0.000 / 0.000         0.000 / 0.000         0.000 / 0.000         0.000 / 0.000       ms
[2025-05-18T22:54:09.093+0300][15084][17464][info][gc,stats    ]       Phase: Concurrent Mark Free                          0.000 / 0.000         0.001 / 0.001         0.001 / 0.001         0.001 / 0.001       ms
[2025-05-18T22:54:09.093+0300][15084][17464][info][gc,stats    ]       Phase: Concurrent Process Non-Strong References      0.000 / 0.000        11.687 / 16.295       11.687 / 16.295       11.687 / 16.295      ms
[2025-05-18T22:54:09.093+0300][15084][17464][info][gc,stats    ]       Phase: Concurrent Relocate                           0.000 / 0.000         2.283 / 5.335         2.283 / 5.335         2.283 / 5.335       ms
[2025-05-18T22:54:09.093+0300][15084][17464][info][gc,stats    ]       Phase: Concurrent Reset Relocation Set               0.000 / 0.000         0.010 / 0.028         0.010 / 0.028         0.010 / 0.028       ms
[2025-05-18T22:54:09.093+0300][15084][17464][info][gc,stats    ]       Phase: Concurrent Select Relocation Set              0.000 / 0.000         2.574 / 5.162         2.574 / 5.162         2.574 / 5.162       ms
[2025-05-18T22:54:09.093+0300][15084][17464][info][gc,stats    ]       Phase: Pause Mark End                                0.000 / 0.000         0.018 / 0.026         0.018 / 0.026         0.018 / 0.026       ms
[2025-05-18T22:54:09.093+0300][15084][17464][info][gc,stats    ]       Phase: Pause Mark Start                              0.000 / 0.000         0.010 / 0.017         0.010 / 0.017         0.010 / 0.017       ms
[2025-05-18T22:54:09.093+0300][15084][17464][info][gc,stats    ]       Phase: Pause Relocate Start                          0.000 / 0.000         0.222 / 1.085         0.222 / 1.085         0.222 / 1.085       ms
[2025-05-18T22:54:09.093+0300][15084][17464][info][gc,stats    ]    Subphase: Concurrent Classes Purge                      0.000 / 0.000         0.984 / 2.420         0.984 / 2.420         0.984 / 2.420       ms
[2025-05-18T22:54:09.093+0300][15084][17464][info][gc,stats    ]    Subphase: Concurrent Classes Unlink                     0.000 / 0.000         7.836 / 12.605        7.836 / 12.605        7.836 / 12.605      ms
[2025-05-18T22:54:09.093+0300][15084][17464][info][gc,stats    ]    Subphase: Concurrent Mark                               0.000 / 0.000        23.820 / 32.456       23.820 / 32.456       23.820 / 32.456      ms
[2025-05-18T22:54:09.093+0300][15084][17464][info][gc,stats    ]    Subphase: Concurrent Mark Try Flush                     0.000 / 0.000         0.142 / 0.270         0.142 / 0.270         0.142 / 0.270       ms
[2025-05-18T22:54:09.093+0300][15084][17464][info][gc,stats    ]    Subphase: Concurrent Mark Try Terminate                 0.000 / 0.000         2.946 / 14.540        2.946 / 14.540        2.946 / 14.540      ms
[2025-05-18T22:54:09.093+0300][15084][17464][info][gc,stats    ]    Subphase: Concurrent References Enqueue                 0.000 / 0.000         0.003 / 0.005         0.003 / 0.005         0.003 / 0.005       ms
[2025-05-18T22:54:09.093+0300][15084][17464][info][gc,stats    ]    Subphase: Concurrent References Process                 0.000 / 0.000         0.202 / 0.315         0.202 / 0.315         0.202 / 0.315       ms
[2025-05-18T22:54:09.093+0300][15084][17464][info][gc,stats    ]    Subphase: Concurrent Roots ClassLoaderDataGraph         0.000 / 0.000         0.242 / 0.975         0.242 / 0.975         0.242 / 0.975       ms
[2025-05-18T22:54:09.093+0300][15084][17464][info][gc,stats    ]    Subphase: Concurrent Roots CodeCache                    0.000 / 0.000         0.000 / 0.000         0.000 / 0.000         0.000 / 0.000       ms
[2025-05-18T22:54:09.093+0300][15084][17464][info][gc,stats    ]    Subphase: Concurrent Roots JavaThreads                  0.000 / 0.000         1.070 / 3.315         1.070 / 3.315         1.070 / 3.315       ms
[2025-05-18T22:54:09.093+0300][15084][17464][info][gc,stats    ]    Subphase: Concurrent Roots OopStorageSet                0.000 / 0.000         0.047 / 0.130         0.047 / 0.130         0.047 / 0.130       ms
[2025-05-18T22:54:09.093+0300][15084][17464][info][gc,stats    ]    Subphase: Concurrent Weak Roots OopStorageSet           0.000 / 0.000         0.672 / 1.152         0.672 / 1.152         0.672 / 1.152       ms
[2025-05-18T22:54:09.093+0300][15084][17464][info][gc,stats    ]    Subphase: Pause Mark Try Complete                       0.000 / 0.000         0.000 / 0.000         0.000 / 0.000         0.000 / 0.000       ms
[2025-05-18T22:54:09.093+0300][15084][17464][info][gc,stats    ]      System: Java Threads                                      0 / 0                29 / 34               29 / 34               29 / 34          threads
[2025-05-18T22:54:09.093+0300][15084][17464][info][gc,stats    ] =========================================================================================================================================================
[2025-05-18T22:54:10.992+0300][15084][15876][info][gc,start    ] GC(5) Garbage Collection (Warmup)
[2025-05-18T22:54:10.992+0300][15084][15876][info][gc,task     ] GC(5) Using 2 workers
[2025-05-18T22:54:10.992+0300][15084][17492][info][gc,phases   ] GC(5) Pause Mark Start 0.014ms
[2025-05-18T22:54:11.023+0300][15084][15876][info][gc,phases   ] GC(5) Concurrent Mark 30.665ms
[2025-05-18T22:54:11.023+0300][15084][17492][info][gc,phases   ] GC(5) Pause Mark End 0.014ms
[2025-05-18T22:54:11.023+0300][15084][15876][info][gc,phases   ] GC(5) Concurrent Mark Free 0.001ms
[2025-05-18T22:54:11.034+0300][15084][15876][info][gc,phases   ] GC(5) Concurrent Process Non-Strong References 10.487ms
[2025-05-18T22:54:11.034+0300][15084][15876][info][gc,phases   ] GC(5) Concurrent Reset Relocation Set 0.003ms
[2025-05-18T22:54:11.036+0300][15084][15876][info][gc,phases   ] GC(5) Concurrent Select Relocation Set 1.838ms
[2025-05-18T22:54:11.036+0300][15084][17492][info][gc,phases   ] GC(5) Pause Relocate Start 0.006ms
[2025-05-18T22:54:11.038+0300][15084][15876][info][gc,phases   ] GC(5) Concurrent Relocate 1.500ms
[2025-05-18T22:54:11.038+0300][15084][15876][info][gc,load     ] GC(5) Load: 0.00/0.00/0.00
[2025-05-18T22:54:11.038+0300][15084][15876][info][gc,mmu      ] GC(5) MMU: 2ms/45.7%, 5ms/78.3%, 10ms/89.1%, 20ms/94.4%, 50ms/97.8%, 100ms/98.9%
[2025-05-18T22:54:11.038+0300][15084][15876][info][gc,marking  ] GC(5) Mark: 2 stripe(s), 2 proactive flush(es), 1 terminate flush(es), 0 completion(s), 0 continuation(s) 
[2025-05-18T22:54:11.038+0300][15084][15876][info][gc,marking  ] GC(5) Mark Stack Usage: 32M
[2025-05-18T22:54:11.038+0300][15084][15876][info][gc,nmethod  ] GC(5) NMethods: 4429 registered, 6360 unregistered
[2025-05-18T22:54:11.038+0300][15084][15876][info][gc,metaspace] GC(5) Metaspace: 33M used, 34M committed, 1088M reserved
[2025-05-18T22:54:11.038+0300][15084][15876][info][gc,ref      ] GC(5) Soft: 4274 encountered, 0 discovered, 0 enqueued
[2025-05-18T22:54:11.038+0300][15084][15876][info][gc,ref      ] GC(5) Weak: 2752 encountered, 604 discovered, 262 enqueued
[2025-05-18T22:54:11.038+0300][15084][15876][info][gc,ref      ] GC(5) Final: 3 encountered, 1 discovered, 0 enqueued
[2025-05-18T22:54:11.038+0300][15084][15876][info][gc,ref      ] GC(5) Phantom: 291 encountered, 201 discovered, 14 enqueued
[2025-05-18T22:54:11.038+0300][15084][15876][info][gc,reloc    ] GC(5) Small Pages: 1812 / 3624M, Empty: 3140M, Relocated: 3M, In-Place: 0
[2025-05-18T22:54:11.038+0300][15084][15876][info][gc,reloc    ] GC(5) Medium Pages: 2 / 64M, Empty: 32M, Relocated: 0M, In-Place: 0
[2025-05-18T22:54:11.038+0300][15084][15876][info][gc,reloc    ] GC(5) Large Pages: 0 / 0M, Empty: 0M, Relocated: 0M, In-Place: 0
[2025-05-18T22:54:11.038+0300][15084][15876][info][gc,reloc    ] GC(5) Forwarding Usage: 0M
[2025-05-18T22:54:11.038+0300][15084][15876][info][gc,heap     ] GC(5) Min Capacity: 12288M(100%)
[2025-05-18T22:54:11.038+0300][15084][15876][info][gc,heap     ] GC(5) Max Capacity: 12288M(100%)
[2025-05-18T22:54:11.038+0300][15084][15876][info][gc,heap     ] GC(5) Soft Max Capacity: 12288M(100%)
[2025-05-18T22:54:11.038+0300][15084][15876][info][gc,heap     ] GC(5)                Mark Start          Mark End        Relocate Start      Relocate End           High               Low         
[2025-05-18T22:54:11.038+0300][15084][15876][info][gc,heap     ] GC(5)  Capacity:    12288M (100%)      12288M (100%)      12288M (100%)      12288M (100%)      12288M (100%)      12288M (100%)   
[2025-05-18T22:54:11.038+0300][15084][15876][info][gc,heap     ] GC(5)      Free:     8600M (70%)        8586M (70%)       11758M (96%)       12222M (99%)       12222M (99%)        8586M (70%)    
[2025-05-18T22:54:11.038+0300][15084][15876][info][gc,heap     ] GC(5)      Used:     3688M (30%)        3702M (30%)         530M (4%)           66M (1%)         3702M (30%)          66M (1%)     
[2025-05-18T22:54:11.038+0300][15084][15876][info][gc,heap     ] GC(5)      Live:         -                18M (0%)           18M (0%)           18M (0%)             -                  -          
[2025-05-18T22:54:11.038+0300][15084][15876][info][gc,heap     ] GC(5) Allocated:         -                14M (0%)           14M (0%)           14M (0%)             -                  -          
[2025-05-18T22:54:11.038+0300][15084][15876][info][gc,heap     ] GC(5)   Garbage:         -              3669M (30%)         497M (4%)           33M (0%)             -                  -          
[2025-05-18T22:54:11.038+0300][15084][15876][info][gc,heap     ] GC(5) Reclaimed:         -                  -              3172M (26%)        3636M (30%)            -                  -          
[2025-05-18T22:54:11.038+0300][15084][15876][info][gc          ] GC(5) Garbage Collection (Warmup) 3688M(30%)->66M(1%)
[2025-05-18T22:54:19.089+0300][15084][17464][info][gc,stats    ] === Garbage Collection Statistics =======================================================================================================================
[2025-05-18T22:54:19.089+0300][15084][17464][info][gc,stats    ]                                                              Last 10s              Last 10m              Last 10h                Total
[2025-05-18T22:54:19.089+0300][15084][17464][info][gc,stats    ]                                                              Avg / Max             Avg / Max             Avg / Max             Avg / Max
[2025-05-18T22:54:19.089+0300][15084][17464][info][gc,stats    ]   Collector: Garbage Collection Cycle                     45.687 / 45.687       46.561 / 53.225       46.561 / 53.225       46.561 / 53.225      ms
[2025-05-18T22:54:19.089+0300][15084][17464][info][gc,stats    ]  Contention: Mark Segment Reset Contention                     0 / 0                 0 / 0                 0 / 0                 0 / 0           ops/s
[2025-05-18T22:54:19.089+0300][15084][17464][info][gc,stats    ]  Contention: Mark SeqNum Reset Contention                      0 / 0                 0 / 0                 0 / 0                 0 / 0           ops/s
[2025-05-18T22:54:19.089+0300][15084][17464][info][gc,stats    ]    Critical: Allocation Stall                                  0 / 0                 0 / 0                 0 / 0                 0 / 0           ops/s
[2025-05-18T22:54:19.089+0300][15084][17464][info][gc,stats    ]    Critical: Allocation Stall                              0.000 / 0.000         0.000 / 0.000         0.000 / 0.000         0.000 / 0.000       ms
[2025-05-18T22:54:19.090+0300][15084][17464][info][gc,stats    ]    Critical: GC Locker Stall                                   0 / 0                 0 / 0                 0 / 0                 0 / 0           ops/s
[2025-05-18T22:54:19.090+0300][15084][17464][info][gc,stats    ]    Critical: GC Locker Stall                               0.000 / 0.000         0.000 / 0.000         0.000 / 0.000         0.000 / 0.000       ms
[2025-05-18T22:54:19.090+0300][15084][17464][info][gc,stats    ]    Critical: Relocation Stall                                  0 / 0                 0 / 0                 0 / 0                 0 / 0           ops/s
[2025-05-18T22:54:19.090+0300][15084][17464][info][gc,stats    ]    Critical: Relocation Stall                              0.000 / 0.000         0.000 / 0.000         0.000 / 0.000         0.000 / 0.000       ms
[2025-05-18T22:54:19.090+0300][15084][17464][info][gc,stats    ]      Memory: Allocation Rate                                  35 / 48               36 / 146              36 / 146              36 / 146         MB/s
[2025-05-18T22:54:19.090+0300][15084][17464][info][gc,stats    ]      Memory: Defragment                                        0 / 0                 0 / 0                 0 / 0                 0 / 0           ops/s
[2025-05-18T22:54:19.090+0300][15084][17464][info][gc,stats    ]      Memory: Out Of Memory                                     0 / 0                 0 / 0                 0 / 0                 0 / 0           ops/s
[2025-05-18T22:54:19.090+0300][15084][17464][info][gc,stats    ]      Memory: Page Cache Flush                                  0 / 0                 0 / 0                 0 / 0                 0 / 0           MB/s
[2025-05-18T22:54:19.090+0300][15084][17464][info][gc,stats    ]      Memory: Page Cache Hit L1                                13 / 20               11 / 76               11 / 76               11 / 76          ops/s
[2025-05-18T22:54:19.090+0300][15084][17464][info][gc,stats    ]      Memory: Page Cache Hit L2                                 0 / 0                 0 / 0                 0 / 0                 0 / 0           ops/s
[2025-05-18T22:54:19.090+0300][15084][17464][info][gc,stats    ]      Memory: Page Cache Hit L3                                 3 / 22                6 / 34                6 / 34                6 / 34          ops/s
[2025-05-18T22:54:19.090+0300][15084][17464][info][gc,stats    ]      Memory: Page Cache Miss                                   0 / 0                 0 / 1                 0 / 1                 0 / 1           ops/s
[2025-05-18T22:54:19.090+0300][15084][17464][info][gc,stats    ]      Memory: Uncommit                                          0 / 0                 0 / 0                 0 / 0                 0 / 0           MB/s
[2025-05-18T22:54:19.090+0300][15084][17464][info][gc,stats    ]      Memory: Undo Object Allocation Failed                     0 / 0                 0 / 0                 0 / 0                 0 / 0           ops/s
[2025-05-18T22:54:19.090+0300][15084][17464][info][gc,stats    ]      Memory: Undo Object Allocation Succeeded                  0 / 0                 0 / 0                 0 / 0                 0 / 0           ops/s
[2025-05-18T22:54:19.090+0300][15084][17464][info][gc,stats    ]      Memory: Undo Page Allocation                              0 / 1                 0 / 3                 0 / 3                 0 / 3           ops/s
[2025-05-18T22:54:19.090+0300][15084][17464][info][gc,stats    ]       Phase: Concurrent Mark                              30.665 / 30.665       29.296 / 33.584       29.296 / 33.584       29.296 / 33.584      ms
[2025-05-18T22:54:19.090+0300][15084][17464][info][gc,stats    ]       Phase: Concurrent Mark Continue                      0.000 / 0.000         0.000 / 0.000         0.000 / 0.000         0.000 / 0.000       ms
[2025-05-18T22:54:19.090+0300][15084][17464][info][gc,stats    ]       Phase: Concurrent Mark Free                          0.001 / 0.001         0.001 / 0.001         0.001 / 0.001         0.001 / 0.001       ms
[2025-05-18T22:54:19.090+0300][15084][17464][info][gc,stats    ]       Phase: Concurrent Process Non-Strong References     10.487 / 10.487       11.487 / 16.295       11.487 / 16.295       11.487 / 16.295      ms
[2025-05-18T22:54:19.090+0300][15084][17464][info][gc,stats    ]       Phase: Concurrent Relocate                           1.500 / 1.500         2.152 / 5.335         2.152 / 5.335         2.152 / 5.335       ms
[2025-05-18T22:54:19.091+0300][15084][17464][info][gc,stats    ]       Phase: Concurrent Reset Relocation Set               0.003 / 0.003         0.009 / 0.028         0.009 / 0.028         0.009 / 0.028       ms
[2025-05-18T22:54:19.091+0300][15084][17464][info][gc,stats    ]       Phase: Concurrent Select Relocation Set              1.838 / 1.838         2.451 / 5.162         2.451 / 5.162         2.451 / 5.162       ms
[2025-05-18T22:54:19.091+0300][15084][17464][info][gc,stats    ]       Phase: Pause Mark End                                0.014 / 0.014         0.018 / 0.026         0.018 / 0.026         0.018 / 0.026       ms
[2025-05-18T22:54:19.091+0300][15084][17464][info][gc,stats    ]       Phase: Pause Mark Start                              0.014 / 0.014         0.011 / 0.017         0.011 / 0.017         0.011 / 0.017       ms
[2025-05-18T22:54:19.091+0300][15084][17464][info][gc,stats    ]       Phase: Pause Relocate Start                          0.006 / 0.006         0.186 / 1.085         0.186 / 1.085         0.186 / 1.085       ms
[2025-05-18T22:54:19.091+0300][15084][17464][info][gc,stats    ]    Subphase: Concurrent Classes Purge                      3.448 / 3.448         1.395 / 3.448         1.395 / 3.448         1.395 / 3.448       ms
[2025-05-18T22:54:19.091+0300][15084][17464][info][gc,stats    ]    Subphase: Concurrent Classes Unlink                     5.916 / 5.916         7.516 / 12.605        7.516 / 12.605        7.516 / 12.605      ms
[2025-05-18T22:54:19.091+0300][15084][17464][info][gc,stats    ]    Subphase: Concurrent Mark                              23.052 / 29.679       23.692 / 32.456       23.692 / 32.456       23.692 / 32.456      ms
[2025-05-18T22:54:19.091+0300][15084][17464][info][gc,stats    ]    Subphase: Concurrent Mark Try Flush                     0.168 / 0.233         0.147 / 0.270         0.147 / 0.270         0.147 / 0.270       ms
[2025-05-18T22:54:19.091+0300][15084][17464][info][gc,stats    ]    Subphase: Concurrent Mark Try Terminate                 4.629 / 13.771        3.227 / 14.540        3.227 / 14.540        3.227 / 14.540      ms
[2025-05-18T22:54:19.091+0300][15084][17464][info][gc,stats    ]    Subphase: Concurrent References Enqueue                 0.004 / 0.004         0.003 / 0.005         0.003 / 0.005         0.003 / 0.005       ms
[2025-05-18T22:54:19.091+0300][15084][17464][info][gc,stats    ]    Subphase: Concurrent References Process                 0.125 / 0.125         0.189 / 0.315         0.189 / 0.315         0.189 / 0.315       ms
[2025-05-18T22:54:19.091+0300][15084][17464][info][gc,stats    ]    Subphase: Concurrent Roots ClassLoaderDataGraph         0.308 / 0.562         0.253 / 0.975         0.253 / 0.975         0.253 / 0.975       ms
[2025-05-18T22:54:19.091+0300][15084][17464][info][gc,stats    ]    Subphase: Concurrent Roots CodeCache                    0.000 / 0.000         0.000 / 0.000         0.000 / 0.000         0.000 / 0.000       ms
[2025-05-18T22:54:19.091+0300][15084][17464][info][gc,stats    ]    Subphase: Concurrent Roots JavaThreads                  0.383 / 0.640         0.945 / 3.315         0.945 / 3.315         0.945 / 3.315       ms
[2025-05-18T22:54:19.091+0300][15084][17464][info][gc,stats    ]    Subphase: Concurrent Roots OopStorageSet                0.072 / 0.079         0.051 / 0.130         0.051 / 0.130         0.051 / 0.130       ms
[2025-05-18T22:54:19.091+0300][15084][17464][info][gc,stats    ]    Subphase: Concurrent Weak Roots OopStorageSet           0.679 / 0.681         0.674 / 1.152         0.674 / 1.152         0.674 / 1.152       ms
[2025-05-18T22:54:19.091+0300][15084][17464][info][gc,stats    ]    Subphase: Pause Mark Try Complete                       0.000 / 0.000         0.000 / 0.000         0.000 / 0.000         0.000 / 0.000       ms
[2025-05-18T22:54:19.091+0300][15084][17464][info][gc,stats    ]      System: Java Threads                                     32 / 32               30 / 34               30 / 34               30 / 34          threads
[2025-05-18T22:54:19.091+0300][15084][17464][info][gc,stats    ] =========================================================================================================================================================
[2025-05-18T22:54:29.090+0300][15084][17464][info][gc,stats    ] === Garbage Collection Statistics =======================================================================================================================
[2025-05-18T22:54:29.090+0300][15084][17464][info][gc,stats    ]                                                              Last 10s              Last 10m              Last 10h                Total
[2025-05-18T22:54:29.090+0300][15084][17464][info][gc,stats    ]                                                              Avg / Max             Avg / Max             Avg / Max             Avg / Max
[2025-05-18T22:54:29.090+0300][15084][17464][info][gc,stats    ]   Collector: Garbage Collection Cycle                      0.000 / 0.000        46.561 / 53.225       46.561 / 53.225       46.561 / 53.225      ms
[2025-05-18T22:54:29.090+0300][15084][17464][info][gc,stats    ]  Contention: Mark Segment Reset Contention                     0 / 0                 0 / 0                 0 / 0                 0 / 0           ops/s
[2025-05-18T22:54:29.090+0300][15084][17464][info][gc,stats    ]  Contention: Mark SeqNum Reset Contention                      0 / 0                 0 / 0                 0 / 0                 0 / 0           ops/s
[2025-05-18T22:54:29.090+0300][15084][17464][info][gc,stats    ]    Critical: Allocation Stall                                  0 / 0                 0 / 0                 0 / 0                 0 / 0           ops/s
[2025-05-18T22:54:29.090+0300][15084][17464][info][gc,stats    ]    Critical: Allocation Stall                              0.000 / 0.000         0.000 / 0.000         0.000 / 0.000         0.000 / 0.000       ms
[2025-05-18T22:54:29.090+0300][15084][17464][info][gc,stats    ]    Critical: GC Locker Stall                                   0 / 0                 0 / 0                 0 / 0                 0 / 0           ops/s
[2025-05-18T22:54:29.090+0300][15084][17464][info][gc,stats    ]    Critical: GC Locker Stall                               0.000 / 0.000         0.000 / 0.000         0.000 / 0.000         0.000 / 0.000       ms
[2025-05-18T22:54:29.090+0300][15084][17464][info][gc,stats    ]    Critical: Relocation Stall                                  0 / 0                 0 / 0                 0 / 0                 0 / 0           ops/s
[2025-05-18T22:54:29.090+0300][15084][17464][info][gc,stats    ]    Critical: Relocation Stall                              0.000 / 0.000         0.000 / 0.000         0.000 / 0.000         0.000 / 0.000       ms
[2025-05-18T22:54:29.091+0300][15084][17464][info][gc,stats    ]      Memory: Allocation Rate                                  33 / 38               36 / 146              36 / 146              36 / 146         MB/s
[2025-05-18T22:54:29.091+0300][15084][17464][info][gc,stats    ]      Memory: Defragment                                        0 / 0                 0 / 0                 0 / 0                 0 / 0           ops/s
[2025-05-18T22:54:29.091+0300][15084][17464][info][gc,stats    ]      Memory: Out Of Memory                                     0 / 0                 0 / 0                 0 / 0                 0 / 0           ops/s
[2025-05-18T22:54:29.091+0300][15084][17464][info][gc,stats    ]      Memory: Page Cache Flush                                  0 / 0                 0 / 0                 0 / 0                 0 / 0           MB/s
[2025-05-18T22:54:29.091+0300][15084][17464][info][gc,stats    ]      Memory: Page Cache Hit L1                                16 / 19               11 / 76               11 / 76               11 / 76          ops/s
[2025-05-18T22:54:29.091+0300][15084][17464][info][gc,stats    ]      Memory: Page Cache Hit L2                                 0 / 0                 0 / 0                 0 / 0                 0 / 0           ops/s
[2025-05-18T22:54:29.091+0300][15084][17464][info][gc,stats    ]      Memory: Page Cache Hit L3                                 0 / 0                 6 / 34                6 / 34                6 / 34          ops/s
[2025-05-18T22:54:29.091+0300][15084][17464][info][gc,stats    ]      Memory: Page Cache Miss                                   0 / 0                 0 / 1                 0 / 1                 0 / 1           ops/s
[2025-05-18T22:54:29.091+0300][15084][17464][info][gc,stats    ]      Memory: Uncommit                                          0 / 0                 0 / 0                 0 / 0                 0 / 0           MB/s
[2025-05-18T22:54:29.091+0300][15084][17464][info][gc,stats    ]      Memory: Undo Object Allocation Failed                     0 / 0                 0 / 0                 0 / 0                 0 / 0           ops/s
[2025-05-18T22:54:29.091+0300][15084][17464][info][gc,stats    ]      Memory: Undo Object Allocation Succeeded                  0 / 0                 0 / 0                 0 / 0                 0 / 0           ops/s
[2025-05-18T22:54:29.091+0300][15084][17464][info][gc,stats    ]      Memory: Undo Page Allocation                              0 / 0                 0 / 3                 0 / 3                 0 / 3           ops/s
[2025-05-18T22:54:29.091+0300][15084][17464][info][gc,stats    ]       Phase: Concurrent Mark                               0.000 / 0.000        29.296 / 33.584       29.296 / 33.584       29.296 / 33.584      ms
[2025-05-18T22:54:29.091+0300][15084][17464][info][gc,stats    ]       Phase: Concurrent Mark Continue                      0.000 / 0.000         0.000 / 0.000         0.000 / 0.000         0.000 / 0.000       ms
[2025-05-18T22:54:29.091+0300][15084][17464][info][gc,stats    ]       Phase: Concurrent Mark Free                          0.000 / 0.000         0.001 / 0.001         0.001 / 0.001         0.001 / 0.001       ms
[2025-05-18T22:54:29.091+0300][15084][17464][info][gc,stats    ]       Phase: Concurrent Process Non-Strong References      0.000 / 0.000        11.487 / 16.295       11.487 / 16.295       11.487 / 16.295      ms
[2025-05-18T22:54:29.091+0300][15084][17464][info][gc,stats    ]       Phase: Concurrent Relocate                           0.000 / 0.000         2.152 / 5.335         2.152 / 5.335         2.152 / 5.335       ms
[2025-05-18T22:54:29.091+0300][15084][17464][info][gc,stats    ]       Phase: Concurrent Reset Relocation Set               0.000 / 0.000         0.009 / 0.028         0.009 / 0.028         0.009 / 0.028       ms
[2025-05-18T22:54:29.091+0300][15084][17464][info][gc,stats    ]       Phase: Concurrent Select Relocation Set              0.000 / 0.000         2.451 / 5.162         2.451 / 5.162         2.451 / 5.162       ms
[2025-05-18T22:54:29.091+0300][15084][17464][info][gc,stats    ]       Phase: Pause Mark End                                0.000 / 0.000         0.018 / 0.026         0.018 / 0.026         0.018 / 0.026       ms
[2025-05-18T22:54:29.091+0300][15084][17464][info][gc,stats    ]       Phase: Pause Mark Start                              0.000 / 0.000         0.011 / 0.017         0.011 / 0.017         0.011 / 0.017       ms
[2025-05-18T22:54:29.091+0300][15084][17464][info][gc,stats    ]       Phase: Pause Relocate Start                          0.000 / 0.000         0.186 / 1.085         0.186 / 1.085         0.186 / 1.085       ms
[2025-05-18T22:54:29.091+0300][15084][17464][info][gc,stats    ]    Subphase: Concurrent Classes Purge                      0.000 / 0.000         1.395 / 3.448         1.395 / 3.448         1.395 / 3.448       ms
[2025-05-18T22:54:29.091+0300][15084][17464][info][gc,stats    ]    Subphase: Concurrent Classes Unlink                     0.000 / 0.000         7.516 / 12.605        7.516 / 12.605        7.516 / 12.605      ms
[2025-05-18T22:54:29.091+0300][15084][17464][info][gc,stats    ]    Subphase: Concurrent Mark                               0.000 / 0.000        23.692 / 32.456       23.692 / 32.456       23.692 / 32.456      ms
[2025-05-18T22:54:29.091+0300][15084][17464][info][gc,stats    ]    Subphase: Concurrent Mark Try Flush                     0.000 / 0.000         0.147 / 0.270         0.147 / 0.270         0.147 / 0.270       ms
[2025-05-18T22:54:29.091+0300][15084][17464][info][gc,stats    ]    Subphase: Concurrent Mark Try Terminate                 0.000 / 0.000         3.227 / 14.540        3.227 / 14.540        3.227 / 14.540      ms
[2025-05-18T22:54:29.091+0300][15084][17464][info][gc,stats    ]    Subphase: Concurrent References Enqueue                 0.000 / 0.000         0.003 / 0.005         0.003 / 0.005         0.003 / 0.005       ms
[2025-05-18T22:54:29.091+0300][15084][17464][info][gc,stats    ]    Subphase: Concurrent References Process                 0.000 / 0.000         0.189 / 0.315         0.189 / 0.315         0.189 / 0.315       ms
[2025-05-18T22:54:29.092+0300][15084][17464][info][gc,stats    ]    Subphase: Concurrent Roots ClassLoaderDataGraph         0.000 / 0.000         0.253 / 0.975         0.253 / 0.975         0.253 / 0.975       ms
[2025-05-18T22:54:29.092+0300][15084][17464][info][gc,stats    ]    Subphase: Concurrent Roots CodeCache                    0.000 / 0.000         0.000 / 0.000         0.000 / 0.000         0.000 / 0.000       ms
[2025-05-18T22:54:29.092+0300][15084][17464][info][gc,stats    ]    Subphase: Concurrent Roots JavaThreads                  0.000 / 0.000         0.945 / 3.315         0.945 / 3.315         0.945 / 3.315       ms
[2025-05-18T22:54:29.092+0300][15084][17464][info][gc,stats    ]    Subphase: Concurrent Roots OopStorageSet                0.000 / 0.000         0.051 / 0.130         0.051 / 0.130         0.051 / 0.130       ms
[2025-05-18T22:54:29.092+0300][15084][17464][info][gc,stats    ]    Subphase: Concurrent Weak Roots OopStorageSet           0.000 / 0.000         0.674 / 1.152         0.674 / 1.152         0.674 / 1.152       ms
[2025-05-18T22:54:29.092+0300][15084][17464][info][gc,stats    ]    Subphase: Pause Mark Try Complete                       0.000 / 0.000         0.000 / 0.000         0.000 / 0.000         0.000 / 0.000       ms
[2025-05-18T22:54:29.092+0300][15084][17464][info][gc,stats    ]      System: Java Threads                                      0 / 0                30 / 34               30 / 34               30 / 34          threads
[2025-05-18T22:54:29.092+0300][15084][17464][info][gc,stats    ] =========================================================================================================================================================
[2025-05-18T22:54:39.091+0300][15084][17464][info][gc,stats    ] === Garbage Collection Statistics =======================================================================================================================
[2025-05-18T22:54:39.091+0300][15084][17464][info][gc,stats    ]                                                              Last 10s              Last 10m              Last 10h                Total
[2025-05-18T22:54:39.091+0300][15084][17464][info][gc,stats    ]                                                              Avg / Max             Avg / Max             Avg / Max             Avg / Max
[2025-05-18T22:54:39.091+0300][15084][17464][info][gc,stats    ]   Collector: Garbage Collection Cycle                      0.000 / 0.000        46.561 / 53.225       46.561 / 53.225       46.561 / 53.225      ms
[2025-05-18T22:54:39.091+0300][15084][17464][info][gc,stats    ]  Contention: Mark Segment Reset Contention                     0 / 0                 0 / 0                 0 / 0                 0 / 0           ops/s
[2025-05-18T22:54:39.091+0300][15084][17464][info][gc,stats    ]  Contention: Mark SeqNum Reset Contention                      0 / 0                 0 / 0                 0 / 0                 0 / 0           ops/s
[2025-05-18T22:54:39.091+0300][15084][17464][info][gc,stats    ]    Critical: Allocation Stall                                  0 / 0                 0 / 0                 0 / 0                 0 / 0           ops/s
[2025-05-18T22:54:39.091+0300][15084][17464][info][gc,stats    ]    Critical: Allocation Stall                              0.000 / 0.000         0.000 / 0.000         0.000 / 0.000         0.000 / 0.000       ms
[2025-05-18T22:54:39.091+0300][15084][17464][info][gc,stats    ]    Critical: GC Locker Stall                                   0 / 0                 0 / 0                 0 / 0                 0 / 0           ops/s
[2025-05-18T22:54:39.091+0300][15084][17464][info][gc,stats    ]    Critical: GC Locker Stall                               0.000 / 0.000         0.000 / 0.000         0.000 / 0.000         0.000 / 0.000       ms
[2025-05-18T22:54:39.091+0300][15084][17464][info][gc,stats    ]    Critical: Relocation Stall                                  0 / 0                 0 / 0                 0 / 0                 0 / 0           ops/s
[2025-05-18T22:54:39.091+0300][15084][17464][info][gc,stats    ]    Critical: Relocation Stall                              0.000 / 0.000         0.000 / 0.000         0.000 / 0.000         0.000 / 0.000       ms
[2025-05-18T22:54:39.091+0300][15084][17464][info][gc,stats    ]      Memory: Allocation Rate                                  34 / 36               36 / 146              36 / 146              36 / 146         MB/s
[2025-05-18T22:54:39.091+0300][15084][17464][info][gc,stats    ]      Memory: Defragment                                        0 / 0                 0 / 0                 0 / 0                 0 / 0           ops/s
[2025-05-18T22:54:39.091+0300][15084][17464][info][gc,stats    ]      Memory: Out Of Memory                                     0 / 0                 0 / 0                 0 / 0                 0 / 0           ops/s
[2025-05-18T22:54:39.091+0300][15084][17464][info][gc,stats    ]      Memory: Page Cache Flush                                  0 / 0                 0 / 0                 0 / 0                 0 / 0           MB/s
[2025-05-18T22:54:39.091+0300][15084][17464][info][gc,stats    ]      Memory: Page Cache Hit L1                                17 / 18               12 / 76               12 / 76               12 / 76          ops/s
[2025-05-18T22:54:39.091+0300][15084][17464][info][gc,stats    ]      Memory: Page Cache Hit L2                                 0 / 0                 0 / 0                 0 / 0                 0 / 0           ops/s
[2025-05-18T22:54:39.091+0300][15084][17464][info][gc,stats    ]      Memory: Page Cache Hit L3                                 0 / 0                 5 / 34                5 / 34                5 / 34          ops/s
[2025-05-18T22:54:39.091+0300][15084][17464][info][gc,stats    ]      Memory: Page Cache Miss                                   0 / 0                 0 / 1                 0 / 1                 0 / 1           ops/s
[2025-05-18T22:54:39.091+0300][15084][17464][info][gc,stats    ]      Memory: Uncommit                                          0 / 0                 0 / 0                 0 / 0                 0 / 0           MB/s
[2025-05-18T22:54:39.091+0300][15084][17464][info][gc,stats    ]      Memory: Undo Object Allocation Failed                     0 / 0                 0 / 0                 0 / 0                 0 / 0           ops/s
[2025-05-18T22:54:39.091+0300][15084][17464][info][gc,stats    ]      Memory: Undo Object Allocation Succeeded                  0 / 0                 0 / 0                 0 / 0                 0 / 0           ops/s
[2025-05-18T22:54:39.091+0300][15084][17464][info][gc,stats    ]      Memory: Undo Page Allocation                              0 / 0                 0 / 3                 0 / 3                 0 / 3           ops/s
[2025-05-18T22:54:39.091+0300][15084][17464][info][gc,stats    ]       Phase: Concurrent Mark                               0.000 / 0.000        29.296 / 33.584       29.296 / 33.584       29.296 / 33.584      ms
[2025-05-18T22:54:39.091+0300][15084][17464][info][gc,stats    ]       Phase: Concurrent Mark Continue                      0.000 / 0.000         0.000 / 0.000         0.000 / 0.000         0.000 / 0.000       ms
[2025-05-18T22:54:39.091+0300][15084][17464][info][gc,stats    ]       Phase: Concurrent Mark Free                          0.000 / 0.000         0.001 / 0.001         0.001 / 0.001         0.001 / 0.001       ms
[2025-05-18T22:54:39.091+0300][15084][17464][info][gc,stats    ]       Phase: Concurrent Process Non-Strong References      0.000 / 0.000        11.487 / 16.295       11.487 / 16.295       11.487 / 16.295      ms
[2025-05-18T22:54:39.091+0300][15084][17464][info][gc,stats    ]       Phase: Concurrent Relocate                           0.000 / 0.000         2.152 / 5.335         2.152 / 5.335         2.152 / 5.335       ms
[2025-05-18T22:54:39.091+0300][15084][17464][info][gc,stats    ]       Phase: Concurrent Reset Relocation Set               0.000 / 0.000         0.009 / 0.028         0.009 / 0.028         0.009 / 0.028       ms
[2025-05-18T22:54:39.091+0300][15084][17464][info][gc,stats    ]       Phase: Concurrent Select Relocation Set              0.000 / 0.000         2.451 / 5.162         2.451 / 5.162         2.451 / 5.162       ms
[2025-05-18T22:54:39.091+0300][15084][17464][info][gc,stats    ]       Phase: Pause Mark End                                0.000 / 0.000         0.018 / 0.026         0.018 / 0.026         0.018 / 0.026       ms
[2025-05-18T22:54:39.091+0300][15084][17464][info][gc,stats    ]       Phase: Pause Mark Start                              0.000 / 0.000         0.011 / 0.017         0.011 / 0.017         0.011 / 0.017       ms
[2025-05-18T22:54:39.091+0300][15084][17464][info][gc,stats    ]       Phase: Pause Relocate Start                          0.000 / 0.000         0.186 / 1.085         0.186 / 1.085         0.186 / 1.085       ms
[2025-05-18T22:54:39.091+0300][15084][17464][info][gc,stats    ]    Subphase: Concurrent Classes Purge                      0.000 / 0.000         1.395 / 3.448         1.395 / 3.448         1.395 / 3.448       ms
[2025-05-18T22:54:39.091+0300][15084][17464][info][gc,stats    ]    Subphase: Concurrent Classes Unlink                     0.000 / 0.000         7.516 / 12.605        7.516 / 12.605        7.516 / 12.605      ms
[2025-05-18T22:54:39.091+0300][15084][17464][info][gc,stats    ]    Subphase: Concurrent Mark                               0.000 / 0.000        23.692 / 32.456       23.692 / 32.456       23.692 / 32.456      ms
[2025-05-18T22:54:39.091+0300][15084][17464][info][gc,stats    ]    Subphase: Concurrent Mark Try Flush                     0.000 / 0.000         0.147 / 0.270         0.147 / 0.270         0.147 / 0.270       ms
[2025-05-18T22:54:39.091+0300][15084][17464][info][gc,stats    ]    Subphase: Concurrent Mark Try Terminate                 0.000 / 0.000         3.227 / 14.540        3.227 / 14.540        3.227 / 14.540      ms
[2025-05-18T22:54:39.091+0300][15084][17464][info][gc,stats    ]    Subphase: Concurrent References Enqueue                 0.000 / 0.000         0.003 / 0.005         0.003 / 0.005         0.003 / 0.005       ms
[2025-05-18T22:54:39.091+0300][15084][17464][info][gc,stats    ]    Subphase: Concurrent References Process                 0.000 / 0.000         0.189 / 0.315         0.189 / 0.315         0.189 / 0.315       ms
[2025-05-18T22:54:39.091+0300][15084][17464][info][gc,stats    ]    Subphase: Concurrent Roots ClassLoaderDataGraph         0.000 / 0.000         0.253 / 0.975         0.253 / 0.975         0.253 / 0.975       ms
[2025-05-18T22:54:39.091+0300][15084][17464][info][gc,stats    ]    Subphase: Concurrent Roots CodeCache                    0.000 / 0.000         0.000 / 0.000         0.000 / 0.000         0.000 / 0.000       ms
[2025-05-18T22:54:39.091+0300][15084][17464][info][gc,stats    ]    Subphase: Concurrent Roots JavaThreads                  0.000 / 0.000         0.945 / 3.315         0.945 / 3.315         0.945 / 3.315       ms
[2025-05-18T22:54:39.091+0300][15084][17464][info][gc,stats    ]    Subphase: Concurrent Roots OopStorageSet                0.000 / 0.000         0.051 / 0.130         0.051 / 0.130         0.051 / 0.130       ms
[2025-05-18T22:54:39.091+0300][15084][17464][info][gc,stats    ]    Subphase: Concurrent Weak Roots OopStorageSet           0.000 / 0.000         0.674 / 1.152         0.674 / 1.152         0.674 / 1.152       ms
[2025-05-18T22:54:39.091+0300][15084][17464][info][gc,stats    ]    Subphase: Pause Mark Try Complete                       0.000 / 0.000         0.000 / 0.000         0.000 / 0.000         0.000 / 0.000       ms
[2025-05-18T22:54:39.091+0300][15084][17464][info][gc,stats    ]      System: Java Threads                                      0 / 0                30 / 34               30 / 34               30 / 34          threads
[2025-05-18T22:54:39.091+0300][15084][17464][info][gc,stats    ] =========================================================================================================================================================
[2025-05-18T22:54:47.188+0300][15084][15876][info][gc,start    ] GC(6) Garbage Collection (Proactive)
[2025-05-18T22:54:47.188+0300][15084][15876][info][gc,task     ] GC(6) Using 2 workers
[2025-05-18T22:54:47.189+0300][15084][17492][info][gc,phases   ] GC(6) Pause Mark Start 0.026ms
[2025-05-18T22:54:47.220+0300][15084][15876][info][gc,phases   ] GC(6) Concurrent Mark 30.426ms
[2025-05-18T22:54:47.220+0300][15084][17492][info][gc,phases   ] GC(6) Pause Mark End 0.018ms
[2025-05-18T22:54:47.220+0300][15084][15876][info][gc,phases   ] GC(6) Concurrent Mark Free 0.001ms
[2025-05-18T22:54:47.226+0300][15084][15876][info][gc,phases   ] GC(6) Concurrent Process Non-Strong References 6.490ms
[2025-05-18T22:54:47.226+0300][15084][15876][info][gc,phases   ] GC(6) Concurrent Reset Relocation Set 0.008ms
[2025-05-18T22:54:47.227+0300][15084][15876][info][gc,phases   ] GC(6) Concurrent Select Relocation Set 1.202ms
[2025-05-18T22:54:47.227+0300][15084][17492][info][gc,phases   ] GC(6) Pause Relocate Start 0.005ms
[2025-05-18T22:54:47.228+0300][15084][15876][info][gc,phases   ] GC(6) Concurrent Relocate 0.978ms
[2025-05-18T22:54:47.228+0300][15084][15876][info][gc,load     ] GC(6) Load: 0.00/0.00/0.00
[2025-05-18T22:54:47.228+0300][15084][15876][info][gc,mmu      ] GC(6) MMU: 2ms/45.7%, 5ms/78.3%, 10ms/89.1%, 20ms/94.4%, 50ms/97.8%, 100ms/98.9%
[2025-05-18T22:54:47.228+0300][15084][15876][info][gc,marking  ] GC(6) Mark: 2 stripe(s), 2 proactive flush(es), 1 terminate flush(es), 0 completion(s), 0 continuation(s) 
[2025-05-18T22:54:47.228+0300][15084][15876][info][gc,marking  ] GC(6) Mark Stack Usage: 32M
[2025-05-18T22:54:47.228+0300][15084][15876][info][gc,nmethod  ] GC(6) NMethods: 4448 registered, 53 unregistered
[2025-05-18T22:54:47.228+0300][15084][15876][info][gc,metaspace] GC(6) Metaspace: 33M used, 34M committed, 1088M reserved
[2025-05-18T22:54:47.228+0300][15084][15876][info][gc,ref      ] GC(6) Soft: 4274 encountered, 0 discovered, 0 enqueued
[2025-05-18T22:54:47.228+0300][15084][15876][info][gc,ref      ] GC(6) Weak: 2490 encountered, 516 discovered, 0 enqueued
[2025-05-18T22:54:47.228+0300][15084][15876][info][gc,ref      ] GC(6) Final: 3 encountered, 2 discovered, 0 enqueued
[2025-05-18T22:54:47.228+0300][15084][15876][info][gc,ref      ] GC(6) Phantom: 277 encountered, 221 discovered, 0 enqueued
[2025-05-18T22:54:47.228+0300][15084][15876][info][gc,reloc    ] GC(6) Small Pages: 632 / 1264M, Empty: 1080M, Relocated: 1M, In-Place: 0
[2025-05-18T22:54:47.228+0300][15084][15876][info][gc,reloc    ] GC(6) Medium Pages: 1 / 32M, Empty: 0M, Relocated: 0M, In-Place: 0
[2025-05-18T22:54:47.228+0300][15084][15876][info][gc,reloc    ] GC(6) Large Pages: 0 / 0M, Empty: 0M, Relocated: 0M, In-Place: 0
[2025-05-18T22:54:47.228+0300][15084][15876][info][gc,reloc    ] GC(6) Forwarding Usage: 0M
[2025-05-18T22:54:47.228+0300][15084][15876][info][gc,heap     ] GC(6) Min Capacity: 12288M(100%)
[2025-05-18T22:54:47.228+0300][15084][15876][info][gc,heap     ] GC(6) Max Capacity: 12288M(100%)
[2025-05-18T22:54:47.228+0300][15084][15876][info][gc,heap     ] GC(6) Soft Max Capacity: 12288M(100%)
[2025-05-18T22:54:47.228+0300][15084][15876][info][gc,heap     ] GC(6)                Mark Start          Mark End        Relocate Start      Relocate End           High               Low         
[2025-05-18T22:54:47.228+0300][15084][15876][info][gc,heap     ] GC(6)  Capacity:    12288M (100%)      12288M (100%)      12288M (100%)      12288M (100%)      12288M (100%)      12288M (100%)   
[2025-05-18T22:54:47.228+0300][15084][15876][info][gc,heap     ] GC(6)      Free:    10992M (89%)       10978M (89%)       12058M (98%)       12220M (99%)       12220M (99%)       10978M (89%)    
[2025-05-18T22:54:47.228+0300][15084][15876][info][gc,heap     ] GC(6)      Used:     1296M (11%)        1310M (11%)         230M (2%)           68M (1%)         1310M (11%)          68M (1%)     
[2025-05-18T22:54:47.229+0300][15084][15876][info][gc,heap     ] GC(6)      Live:         -                18M (0%)           18M (0%)           18M (0%)             -                  -          
[2025-05-18T22:54:47.229+0300][15084][15876][info][gc,heap     ] GC(6) Allocated:         -                14M (0%)           14M (0%)           14M (0%)             -                  -          
[2025-05-18T22:54:47.229+0300][15084][15876][info][gc,heap     ] GC(6)   Garbage:         -              1277M (10%)         197M (2%)           35M (0%)             -                  -          
[2025-05-18T22:54:47.229+0300][15084][15876][info][gc,heap     ] GC(6) Reclaimed:         -                  -              1080M (9%)         1242M (10%)            -                  -          
[2025-05-18T22:54:47.229+0300][15084][15876][info][gc          ] GC(6) Garbage Collection (Proactive) 1296M(11%)->68M(1%)
[2025-05-18T22:54:49.085+0300][15084][17464][info][gc,stats    ] === Garbage Collection Statistics =======================================================================================================================
[2025-05-18T22:54:49.085+0300][15084][17464][info][gc,stats    ]                                                              Last 10s              Last 10m              Last 10h                Total
[2025-05-18T22:54:49.085+0300][15084][17464][info][gc,stats    ]                                                              Avg / Max             Avg / Max             Avg / Max             Avg / Max
[2025-05-18T22:54:49.085+0300][15084][17464][info][gc,stats    ]   Collector: Garbage Collection Cycle                     40.151 / 40.151       45.646 / 53.225       45.646 / 53.225       45.646 / 53.225      ms
[2025-05-18T22:54:49.085+0300][15084][17464][info][gc,stats    ]  Contention: Mark Segment Reset Contention                     0 / 0                 0 / 0                 0 / 0                 0 / 0           ops/s
[2025-05-18T22:54:49.085+0300][15084][17464][info][gc,stats    ]  Contention: Mark SeqNum Reset Contention                      0 / 0                 0 / 0                 0 / 0                 0 / 0           ops/s
[2025-05-18T22:54:49.085+0300][15084][17464][info][gc,stats    ]    Critical: Allocation Stall                                  0 / 0                 0 / 0                 0 / 0                 0 / 0           ops/s
[2025-05-18T22:54:49.085+0300][15084][17464][info][gc,stats    ]    Critical: Allocation Stall                              0.000 / 0.000         0.000 / 0.000         0.000 / 0.000         0.000 / 0.000       ms
[2025-05-18T22:54:49.085+0300][15084][17464][info][gc,stats    ]    Critical: GC Locker Stall                                   0 / 0                 0 / 0                 0 / 0                 0 / 0           ops/s
[2025-05-18T22:54:49.085+0300][15084][17464][info][gc,stats    ]    Critical: GC Locker Stall                               0.000 / 0.000         0.000 / 0.000         0.000 / 0.000         0.000 / 0.000       ms
[2025-05-18T22:54:49.086+0300][15084][17464][info][gc,stats    ]    Critical: Relocation Stall                                  0 / 0                 0 / 0                 0 / 0                 0 / 0           ops/s
[2025-05-18T22:54:49.086+0300][15084][17464][info][gc,stats    ]    Critical: Relocation Stall                              0.000 / 0.000         0.000 / 0.000         0.000 / 0.000         0.000 / 0.000       ms
[2025-05-18T22:54:49.086+0300][15084][17464][info][gc,stats    ]      Memory: Allocation Rate                                  35 / 44               36 / 146              36 / 146              36 / 146         MB/s
[2025-05-18T22:54:49.086+0300][15084][17464][info][gc,stats    ]      Memory: Defragment                                        0 / 0                 0 / 0                 0 / 0                 0 / 0           ops/s
[2025-05-18T22:54:49.086+0300][15084][17464][info][gc,stats    ]      Memory: Out Of Memory                                     0 / 0                 0 / 0                 0 / 0                 0 / 0           ops/s
[2025-05-18T22:54:49.086+0300][15084][17464][info][gc,stats    ]      Memory: Page Cache Flush                                  0 / 0                 0 / 0                 0 / 0                 0 / 0           MB/s
[2025-05-18T22:54:49.086+0300][15084][17464][info][gc,stats    ]      Memory: Page Cache Hit L1                                17 / 24               12 / 76               12 / 76               12 / 76          ops/s
[2025-05-18T22:54:49.086+0300][15084][17464][info][gc,stats    ]      Memory: Page Cache Hit L2                                 0 / 0                 0 / 0                 0 / 0                 0 / 0           ops/s
[2025-05-18T22:54:49.086+0300][15084][17464][info][gc,stats    ]      Memory: Page Cache Hit L3                                 0 / 0                 5 / 34                5 / 34                5 / 34          ops/s
[2025-05-18T22:54:49.086+0300][15084][17464][info][gc,stats    ]      Memory: Page Cache Miss                                   0 / 0                 0 / 1                 0 / 1                 0 / 1           ops/s
[2025-05-18T22:54:49.086+0300][15084][17464][info][gc,stats    ]      Memory: Uncommit                                          0 / 0                 0 / 0                 0 / 0                 0 / 0           MB/s
[2025-05-18T22:54:49.086+0300][15084][17464][info][gc,stats    ]      Memory: Undo Object Allocation Failed                     0 / 0                 0 / 0                 0 / 0                 0 / 0           ops/s
[2025-05-18T22:54:49.086+0300][15084][17464][info][gc,stats    ]      Memory: Undo Object Allocation Succeeded                  0 / 0                 0 / 0                 0 / 0                 0 / 0           ops/s
[2025-05-18T22:54:49.086+0300][15084][17464][info][gc,stats    ]      Memory: Undo Page Allocation                              0 / 1                 0 / 3                 0 / 3                 0 / 3           ops/s
[2025-05-18T22:54:49.086+0300][15084][17464][info][gc,stats    ]       Phase: Concurrent Mark                              30.426 / 30.426       29.457 / 33.584       29.457 / 33.584       29.457 / 33.584      ms
[2025-05-18T22:54:49.086+0300][15084][17464][info][gc,stats    ]       Phase: Concurrent Mark Continue                      0.000 / 0.000         0.000 / 0.000         0.000 / 0.000         0.000 / 0.000       ms
[2025-05-18T22:54:49.086+0300][15084][17464][info][gc,stats    ]       Phase: Concurrent Mark Free                          0.001 / 0.001         0.001 / 0.001         0.001 / 0.001         0.001 / 0.001       ms
[2025-05-18T22:54:49.086+0300][15084][17464][info][gc,stats    ]       Phase: Concurrent Process Non-Strong References      6.490 / 6.490        10.773 / 16.295       10.773 / 16.295       10.773 / 16.295      ms
[2025-05-18T22:54:49.086+0300][15084][17464][info][gc,stats    ]       Phase: Concurrent Relocate                           0.978 / 0.978         1.985 / 5.335         1.985 / 5.335         1.985 / 5.335       ms
[2025-05-18T22:54:49.086+0300][15084][17464][info][gc,stats    ]       Phase: Concurrent Reset Relocation Set               0.008 / 0.008         0.009 / 0.028         0.009 / 0.028         0.009 / 0.028       ms
[2025-05-18T22:54:49.086+0300][15084][17464][info][gc,stats    ]       Phase: Concurrent Select Relocation Set              1.202 / 1.202         2.273 / 5.162         2.273 / 5.162         2.273 / 5.162       ms
[2025-05-18T22:54:49.086+0300][15084][17464][info][gc,stats    ]       Phase: Pause Mark End                                0.018 / 0.018         0.018 / 0.026         0.018 / 0.026         0.018 / 0.026       ms
[2025-05-18T22:54:49.086+0300][15084][17464][info][gc,stats    ]       Phase: Pause Mark Start                              0.026 / 0.026         0.013 / 0.026         0.013 / 0.026         0.013 / 0.026       ms
[2025-05-18T22:54:49.086+0300][15084][17464][info][gc,stats    ]       Phase: Pause Relocate Start                          0.005 / 0.005         0.160 / 1.085         0.160 / 1.085         0.160 / 1.085       ms
[2025-05-18T22:54:49.086+0300][15084][17464][info][gc,stats    ]    Subphase: Concurrent Classes Purge                      0.176 / 0.176         1.221 / 3.448         1.221 / 3.448         1.221 / 3.448       ms
[2025-05-18T22:54:49.086+0300][15084][17464][info][gc,stats    ]    Subphase: Concurrent Classes Unlink                     5.070 / 5.070         7.166 / 12.605        7.166 / 12.605        7.166 / 12.605      ms
[2025-05-18T22:54:49.086+0300][15084][17464][info][gc,stats    ]    Subphase: Concurrent Mark                              22.213 / 29.289       23.481 / 32.456       23.481 / 32.456       23.481 / 32.456      ms
[2025-05-18T22:54:49.086+0300][15084][17464][info][gc,stats    ]    Subphase: Concurrent Mark Try Flush                     0.140 / 0.164         0.146 / 0.270         0.146 / 0.270         0.146 / 0.270       ms
[2025-05-18T22:54:49.086+0300][15084][17464][info][gc,stats    ]    Subphase: Concurrent Mark Try Terminate                 5.022 / 14.953        3.483 / 14.953        3.483 / 14.953        3.483 / 14.953      ms
[2025-05-18T22:54:49.086+0300][15084][17464][info][gc,stats    ]    Subphase: Concurrent References Enqueue                 0.000 / 0.000         0.003 / 0.005         0.003 / 0.005         0.003 / 0.005       ms
[2025-05-18T22:54:49.086+0300][15084][17464][info][gc,stats    ]    Subphase: Concurrent References Process                 0.123 / 0.123         0.180 / 0.315         0.180 / 0.315         0.180 / 0.315       ms
[2025-05-18T22:54:49.086+0300][15084][17464][info][gc,stats    ]    Subphase: Concurrent Roots ClassLoaderDataGraph         0.380 / 0.712         0.271 / 0.975         0.271 / 0.975         0.271 / 0.975       ms
[2025-05-18T22:54:49.086+0300][15084][17464][info][gc,stats    ]    Subphase: Concurrent Roots CodeCache                    0.000 / 0.000         0.000 / 0.000         0.000 / 0.000         0.000 / 0.000       ms
[2025-05-18T22:54:49.086+0300][15084][17464][info][gc,stats    ]    Subphase: Concurrent Roots JavaThreads                  0.552 / 0.880         0.884 / 3.315         0.884 / 3.315         0.884 / 3.315       ms
[2025-05-18T22:54:49.086+0300][15084][17464][info][gc,stats    ]    Subphase: Concurrent Roots OopStorageSet                0.052 / 0.077         0.051 / 0.130         0.051 / 0.130         0.051 / 0.130       ms
[2025-05-18T22:54:49.086+0300][15084][17464][info][gc,stats    ]    Subphase: Concurrent Weak Roots OopStorageSet           0.772 / 0.774         0.688 / 1.152         0.688 / 1.152         0.688 / 1.152       ms
[2025-05-18T22:54:49.086+0300][15084][17464][info][gc,stats    ]    Subphase: Pause Mark Try Complete                       0.000 / 0.000         0.000 / 0.000         0.000 / 0.000         0.000 / 0.000       ms
[2025-05-18T22:54:49.086+0300][15084][17464][info][gc,stats    ]      System: Java Threads                                     32 / 32               30 / 34               30 / 34               30 / 34          threads
[2025-05-18T22:54:49.086+0300][15084][17464][info][gc,stats    ] =========================================================================================================================================================
[2025-05-18T22:54:59.080+0300][15084][17464][info][gc,stats    ] === Garbage Collection Statistics =======================================================================================================================
[2025-05-18T22:54:59.080+0300][15084][17464][info][gc,stats    ]                                                              Last 10s              Last 10m              Last 10h                Total
[2025-05-18T22:54:59.080+0300][15084][17464][info][gc,stats    ]                                                              Avg / Max             Avg / Max             Avg / Max             Avg / Max
[2025-05-18T22:54:59.080+0300][15084][17464][info][gc,stats    ]   Collector: Garbage Collection Cycle                      0.000 / 0.000        45.646 / 53.225       45.646 / 53.225       45.646 / 53.225      ms
[2025-05-18T22:54:59.080+0300][15084][17464][info][gc,stats    ]  Contention: Mark Segment Reset Contention                     0 / 0                 0 / 0                 0 / 0                 0 / 0           ops/s
[2025-05-18T22:54:59.080+0300][15084][17464][info][gc,stats    ]  Contention: Mark SeqNum Reset Contention                      0 / 0                 0 / 0                 0 / 0                 0 / 0           ops/s
[2025-05-18T22:54:59.080+0300][15084][17464][info][gc,stats    ]    Critical: Allocation Stall                                  0 / 0                 0 / 0                 0 / 0                 0 / 0           ops/s
[2025-05-18T22:54:59.080+0300][15084][17464][info][gc,stats    ]    Critical: Allocation Stall                              0.000 / 0.000         0.000 / 0.000         0.000 / 0.000         0.000 / 0.000       ms
[2025-05-18T22:54:59.080+0300][15084][17464][info][gc,stats    ]    Critical: GC Locker Stall                                   0 / 0                 0 / 0                 0 / 0                 0 / 0           ops/s
[2025-05-18T22:54:59.080+0300][15084][17464][info][gc,stats    ]    Critical: GC Locker Stall                               0.000 / 0.000         0.000 / 0.000         0.000 / 0.000         0.000 / 0.000       ms
[2025-05-18T22:54:59.080+0300][15084][17464][info][gc,stats    ]    Critical: Relocation Stall                                  0 / 0                 0 / 0                 0 / 0                 0 / 0           ops/s
[2025-05-18T22:54:59.080+0300][15084][17464][info][gc,stats    ]    Critical: Relocation Stall                              0.000 / 0.000         0.000 / 0.000         0.000 / 0.000         0.000 / 0.000       ms
[2025-05-18T22:54:59.080+0300][15084][17464][info][gc,stats    ]      Memory: Allocation Rate                                  34 / 38               35 / 146              35 / 146              35 / 146         MB/s
[2025-05-18T22:54:59.080+0300][15084][17464][info][gc,stats    ]      Memory: Defragment                                        0 / 0                 0 / 0                 0 / 0                 0 / 0           ops/s
[2025-05-18T22:54:59.080+0300][15084][17464][info][gc,stats    ]      Memory: Out Of Memory                                     0 / 0                 0 / 0                 0 / 0                 0 / 0           ops/s
[2025-05-18T22:54:59.080+0300][15084][17464][info][gc,stats    ]      Memory: Page Cache Flush                                  0 / 0                 0 / 0                 0 / 0                 0 / 0           MB/s
[2025-05-18T22:54:59.080+0300][15084][17464][info][gc,stats    ]      Memory: Page Cache Hit L1                                17 / 19               12 / 76               12 / 76               12 / 76          ops/s
[2025-05-18T22:54:59.080+0300][15084][17464][info][gc,stats    ]      Memory: Page Cache Hit L2                                 0 / 0                 0 / 0                 0 / 0                 0 / 0           ops/s
[2025-05-18T22:54:59.080+0300][15084][17464][info][gc,stats    ]      Memory: Page Cache Hit L3                                 0 / 0                 5 / 34                5 / 34                5 / 34          ops/s
[2025-05-18T22:54:59.080+0300][15084][17464][info][gc,stats    ]      Memory: Page Cache Miss                                   0 / 0                 0 / 1                 0 / 1                 0 / 1           ops/s
[2025-05-18T22:54:59.080+0300][15084][17464][info][gc,stats    ]      Memory: Uncommit                                          0 / 0                 0 / 0                 0 / 0                 0 / 0           MB/s
[2025-05-18T22:54:59.080+0300][15084][17464][info][gc,stats    ]      Memory: Undo Object Allocation Failed                     0 / 0                 0 / 0                 0 / 0                 0 / 0           ops/s
[2025-05-18T22:54:59.080+0300][15084][17464][info][gc,stats    ]      Memory: Undo Object Allocation Succeeded                  0 / 0                 0 / 0                 0 / 0                 0 / 0           ops/s
[2025-05-18T22:54:59.080+0300][15084][17464][info][gc,stats    ]      Memory: Undo Page Allocation                              0 / 0                 0 / 3                 0 / 3                 0 / 3           ops/s
[2025-05-18T22:54:59.080+0300][15084][17464][info][gc,stats    ]       Phase: Concurrent Mark                               0.000 / 0.000        29.457 / 33.584       29.457 / 33.584       29.457 / 33.584      ms
[2025-05-18T22:54:59.080+0300][15084][17464][info][gc,stats    ]       Phase: Concurrent Mark Continue                      0.000 / 0.000         0.000 / 0.000         0.000 / 0.000         0.000 / 0.000       ms
[2025-05-18T22:54:59.080+0300][15084][17464][info][gc,stats    ]       Phase: Concurrent Mark Free                          0.000 / 0.000         0.001 / 0.001         0.001 / 0.001         0.001 / 0.001       ms
[2025-05-18T22:54:59.080+0300][15084][17464][info][gc,stats    ]       Phase: Concurrent Process Non-Strong References      0.000 / 0.000        10.773 / 16.295       10.773 / 16.295       10.773 / 16.295      ms
[2025-05-18T22:54:59.080+0300][15084][17464][info][gc,stats    ]       Phase: Concurrent Relocate                           0.000 / 0.000         1.985 / 5.335         1.985 / 5.335         1.985 / 5.335       ms
[2025-05-18T22:54:59.081+0300][15084][17464][info][gc,stats    ]       Phase: Concurrent Reset Relocation Set               0.000 / 0.000         0.009 / 0.028         0.009 / 0.028         0.009 / 0.028       ms
[2025-05-18T22:54:59.081+0300][15084][17464][info][gc,stats    ]       Phase: Concurrent Select Relocation Set              0.000 / 0.000         2.273 / 5.162         2.273 / 5.162         2.273 / 5.162       ms
[2025-05-18T22:54:59.081+0300][15084][17464][info][gc,stats    ]       Phase: Pause Mark End                                0.000 / 0.000         0.018 / 0.026         0.018 / 0.026         0.018 / 0.026       ms
[2025-05-18T22:54:59.081+0300][15084][17464][info][gc,stats    ]       Phase: Pause Mark Start                              0.000 / 0.000         0.013 / 0.026         0.013 / 0.026         0.013 / 0.026       ms
[2025-05-18T22:54:59.081+0300][15084][17464][info][gc,stats    ]       Phase: Pause Relocate Start                          0.000 / 0.000         0.160 / 1.085         0.160 / 1.085         0.160 / 1.085       ms
[2025-05-18T22:54:59.081+0300][15084][17464][info][gc,stats    ]    Subphase: Concurrent Classes Purge                      0.000 / 0.000         1.221 / 3.448         1.221 / 3.448         1.221 / 3.448       ms
[2025-05-18T22:54:59.081+0300][15084][17464][info][gc,stats    ]    Subphase: Concurrent Classes Unlink                     0.000 / 0.000         7.166 / 12.605        7.166 / 12.605        7.166 / 12.605      ms
[2025-05-18T22:54:59.081+0300][15084][17464][info][gc,stats    ]    Subphase: Concurrent Mark                               0.000 / 0.000        23.481 / 32.456       23.481 / 32.456       23.481 / 32.456      ms
[2025-05-18T22:54:59.081+0300][15084][17464][info][gc,stats    ]    Subphase: Concurrent Mark Try Flush                     0.000 / 0.000         0.146 / 0.270         0.146 / 0.270         0.146 / 0.270       ms
[2025-05-18T22:54:59.081+0300][15084][17464][info][gc,stats    ]    Subphase: Concurrent Mark Try Terminate                 0.000 / 0.000         3.483 / 14.953        3.483 / 14.953        3.483 / 14.953      ms
[2025-05-18T22:54:59.081+0300][15084][17464][info][gc,stats    ]    Subphase: Concurrent References Enqueue                 0.000 / 0.000         0.003 / 0.005         0.003 / 0.005         0.003 / 0.005       ms
[2025-05-18T22:54:59.081+0300][15084][17464][info][gc,stats    ]    Subphase: Concurrent References Process                 0.000 / 0.000         0.180 / 0.315         0.180 / 0.315         0.180 / 0.315       ms
[2025-05-18T22:54:59.081+0300][15084][17464][info][gc,stats    ]    Subphase: Concurrent Roots ClassLoaderDataGraph         0.000 / 0.000         0.271 / 0.975         0.271 / 0.975         0.271 / 0.975       ms
[2025-05-18T22:54:59.081+0300][15084][17464][info][gc,stats    ]    Subphase: Concurrent Roots CodeCache                    0.000 / 0.000         0.000 / 0.000         0.000 / 0.000         0.000 / 0.000       ms
[2025-05-18T22:54:59.081+0300][15084][17464][info][gc,stats    ]    Subphase: Concurrent Roots JavaThreads                  0.000 / 0.000         0.884 / 3.315         0.884 / 3.315         0.884 / 3.315       ms
[2025-05-18T22:54:59.081+0300][15084][17464][info][gc,stats    ]    Subphase: Concurrent Roots OopStorageSet                0.000 / 0.000         0.051 / 0.130         0.051 / 0.130         0.051 / 0.130       ms
[2025-05-18T22:54:59.081+0300][15084][17464][info][gc,stats    ]    Subphase: Concurrent Weak Roots OopStorageSet           0.000 / 0.000         0.688 / 1.152         0.688 / 1.152         0.688 / 1.152       ms
[2025-05-18T22:54:59.081+0300][15084][17464][info][gc,stats    ]    Subphase: Pause Mark Try Complete                       0.000 / 0.000         0.000 / 0.000         0.000 / 0.000         0.000 / 0.000       ms
[2025-05-18T22:54:59.081+0300][15084][17464][info][gc,stats    ]      System: Java Threads                                      0 / 0                30 / 34               30 / 34               30 / 34          threads
[2025-05-18T22:54:59.081+0300][15084][17464][info][gc,stats    ] =========================================================================================================================================================
[2025-05-18T22:55:09.080+0300][15084][17464][info][gc,stats    ] === Garbage Collection Statistics =======================================================================================================================
[2025-05-18T22:55:09.080+0300][15084][17464][info][gc,stats    ]                                                              Last 10s              Last 10m              Last 10h                Total
[2025-05-18T22:55:09.080+0300][15084][17464][info][gc,stats    ]                                                              Avg / Max             Avg / Max             Avg / Max             Avg / Max
[2025-05-18T22:55:09.080+0300][15084][17464][info][gc,stats    ]   Collector: Garbage Collection Cycle                      0.000 / 0.000        45.646 / 53.225       45.646 / 53.225       45.646 / 53.225      ms
[2025-05-18T22:55:09.080+0300][15084][17464][info][gc,stats    ]  Contention: Mark Segment Reset Contention                     0 / 0                 0 / 0                 0 / 0                 0 / 0           ops/s
[2025-05-18T22:55:09.080+0300][15084][17464][info][gc,stats    ]  Contention: Mark SeqNum Reset Contention                      0 / 0                 0 / 0                 0 / 0                 0 / 0           ops/s
[2025-05-18T22:55:09.080+0300][15084][17464][info][gc,stats    ]    Critical: Allocation Stall                                  0 / 0                 0 / 0                 0 / 0                 0 / 0           ops/s
[2025-05-18T22:55:09.080+0300][15084][17464][info][gc,stats    ]    Critical: Allocation Stall                              0.000 / 0.000         0.000 / 0.000         0.000 / 0.000         0.000 / 0.000       ms
[2025-05-18T22:55:09.080+0300][15084][17464][info][gc,stats    ]    Critical: GC Locker Stall                                   0 / 0                 0 / 0                 0 / 0                 0 / 0           ops/s
[2025-05-18T22:55:09.080+0300][15084][17464][info][gc,stats    ]    Critical: GC Locker Stall                               0.000 / 0.000         0.000 / 0.000         0.000 / 0.000         0.000 / 0.000       ms
[2025-05-18T22:55:09.080+0300][15084][17464][info][gc,stats    ]    Critical: Relocation Stall                                  0 / 0                 0 / 0                 0 / 0                 0 / 0           ops/s
[2025-05-18T22:55:09.080+0300][15084][17464][info][gc,stats    ]    Critical: Relocation Stall                              0.000 / 0.000         0.000 / 0.000         0.000 / 0.000         0.000 / 0.000       ms
[2025-05-18T22:55:09.080+0300][15084][17464][info][gc,stats    ]      Memory: Allocation Rate                                  34 / 40               35 / 146              35 / 146              35 / 146         MB/s
[2025-05-18T22:55:09.080+0300][15084][17464][info][gc,stats    ]      Memory: Defragment                                        0 / 0                 0 / 0                 0 / 0                 0 / 0           ops/s
[2025-05-18T22:55:09.080+0300][15084][17464][info][gc,stats    ]      Memory: Out Of Memory                                     0 / 0                 0 / 0                 0 / 0                 0 / 0           ops/s
[2025-05-18T22:55:09.080+0300][15084][17464][info][gc,stats    ]      Memory: Page Cache Flush                                  0 / 0                 0 / 0                 0 / 0                 0 / 0           MB/s
[2025-05-18T22:55:09.080+0300][15084][17464][info][gc,stats    ]      Memory: Page Cache Hit L1                                17 / 20               12 / 76               12 / 76               12 / 76          ops/s
[2025-05-18T22:55:09.080+0300][15084][17464][info][gc,stats    ]      Memory: Page Cache Hit L2                                 0 / 0                 0 / 0                 0 / 0                 0 / 0           ops/s
[2025-05-18T22:55:09.080+0300][15084][17464][info][gc,stats    ]      Memory: Page Cache Hit L3                                 0 / 0                 5 / 34                5 / 34                5 / 34          ops/s
[2025-05-18T22:55:09.080+0300][15084][17464][info][gc,stats    ]      Memory: Page Cache Miss                                   0 / 0                 0 / 1                 0 / 1                 0 / 1           ops/s
[2025-05-18T22:55:09.080+0300][15084][17464][info][gc,stats    ]      Memory: Uncommit                                          0 / 0                 0 / 0                 0 / 0                 0 / 0           MB/s
[2025-05-18T22:55:09.080+0300][15084][17464][info][gc,stats    ]      Memory: Undo Object Allocation Failed                     0 / 0                 0 / 0                 0 / 0                 0 / 0           ops/s
[2025-05-18T22:55:09.080+0300][15084][17464][info][gc,stats    ]      Memory: Undo Object Allocation Succeeded                  0 / 0                 0 / 0                 0 / 0                 0 / 0           ops/s
[2025-05-18T22:55:09.080+0300][15084][17464][info][gc,stats    ]      Memory: Undo Page Allocation                              0 / 1                 0 / 3                 0 / 3                 0 / 3           ops/s
[2025-05-18T22:55:09.080+0300][15084][17464][info][gc,stats    ]       Phase: Concurrent Mark                               0.000 / 0.000        29.457 / 33.584       29.457 / 33.584       29.457 / 33.584      ms
[2025-05-18T22:55:09.080+0300][15084][17464][info][gc,stats    ]       Phase: Concurrent Mark Continue                      0.000 / 0.000         0.000 / 0.000         0.000 / 0.000         0.000 / 0.000       ms
[2025-05-18T22:55:09.080+0300][15084][17464][info][gc,stats    ]       Phase: Concurrent Mark Free                          0.000 / 0.000         0.001 / 0.001         0.001 / 0.001         0.001 / 0.001       ms
[2025-05-18T22:55:09.080+0300][15084][17464][info][gc,stats    ]       Phase: Concurrent Process Non-Strong References      0.000 / 0.000        10.773 / 16.295       10.773 / 16.295       10.773 / 16.295      ms
[2025-05-18T22:55:09.081+0300][15084][17464][info][gc,stats    ]       Phase: Concurrent Relocate                           0.000 / 0.000         1.985 / 5.335         1.985 / 5.335         1.985 / 5.335       ms
[2025-05-18T22:55:09.081+0300][15084][17464][info][gc,stats    ]       Phase: Concurrent Reset Relocation Set               0.000 / 0.000         0.009 / 0.028         0.009 / 0.028         0.009 / 0.028       ms
[2025-05-18T22:55:09.081+0300][15084][17464][info][gc,stats    ]       Phase: Concurrent Select Relocation Set              0.000 / 0.000         2.273 / 5.162         2.273 / 5.162         2.273 / 5.162       ms
[2025-05-18T22:55:09.081+0300][15084][17464][info][gc,stats    ]       Phase: Pause Mark End                                0.000 / 0.000         0.018 / 0.026         0.018 / 0.026         0.018 / 0.026       ms
[2025-05-18T22:55:09.081+0300][15084][17464][info][gc,stats    ]       Phase: Pause Mark Start                              0.000 / 0.000         0.013 / 0.026         0.013 / 0.026         0.013 / 0.026       ms
[2025-05-18T22:55:09.081+0300][15084][17464][info][gc,stats    ]       Phase: Pause Relocate Start                          0.000 / 0.000         0.160 / 1.085         0.160 / 1.085         0.160 / 1.085       ms
[2025-05-18T22:55:09.081+0300][15084][17464][info][gc,stats    ]    Subphase: Concurrent Classes Purge                      0.000 / 0.000         1.221 / 3.448         1.221 / 3.448         1.221 / 3.448       ms
[2025-05-18T22:55:09.081+0300][15084][17464][info][gc,stats    ]    Subphase: Concurrent Classes Unlink                     0.000 / 0.000         7.166 / 12.605        7.166 / 12.605        7.166 / 12.605      ms
[2025-05-18T22:55:09.081+0300][15084][17464][info][gc,stats    ]    Subphase: Concurrent Mark                               0.000 / 0.000        23.481 / 32.456       23.481 / 32.456       23.481 / 32.456      ms
[2025-05-18T22:55:09.081+0300][15084][17464][info][gc,stats    ]    Subphase: Concurrent Mark Try Flush                     0.000 / 0.000         0.146 / 0.270         0.146 / 0.270         0.146 / 0.270       ms
[2025-05-18T22:55:09.081+0300][15084][17464][info][gc,stats    ]    Subphase: Concurrent Mark Try Terminate                 0.000 / 0.000         3.483 / 14.953        3.483 / 14.953        3.483 / 14.953      ms
[2025-05-18T22:55:09.081+0300][15084][17464][info][gc,stats    ]    Subphase: Concurrent References Enqueue                 0.000 / 0.000         0.003 / 0.005         0.003 / 0.005         0.003 / 0.005       ms
[2025-05-18T22:55:09.081+0300][15084][17464][info][gc,stats    ]    Subphase: Concurrent References Process                 0.000 / 0.000         0.180 / 0.315         0.180 / 0.315         0.180 / 0.315       ms
[2025-05-18T22:55:09.081+0300][15084][17464][info][gc,stats    ]    Subphase: Concurrent Roots ClassLoaderDataGraph         0.000 / 0.000         0.271 / 0.975         0.271 / 0.975         0.271 / 0.975       ms
[2025-05-18T22:55:09.081+0300][15084][17464][info][gc,stats    ]    Subphase: Concurrent Roots CodeCache                    0.000 / 0.000         0.000 / 0.000         0.000 / 0.000         0.000 / 0.000       ms
[2025-05-18T22:55:09.081+0300][15084][17464][info][gc,stats    ]    Subphase: Concurrent Roots JavaThreads                  0.000 / 0.000         0.884 / 3.315         0.884 / 3.315         0.884 / 3.315       ms
[2025-05-18T22:55:09.081+0300][15084][17464][info][gc,stats    ]    Subphase: Concurrent Roots OopStorageSet                0.000 / 0.000         0.051 / 0.130         0.051 / 0.130         0.051 / 0.130       ms
[2025-05-18T22:55:09.081+0300][15084][17464][info][gc,stats    ]    Subphase: Concurrent Weak Roots OopStorageSet           0.000 / 0.000         0.688 / 1.152         0.688 / 1.152         0.688 / 1.152       ms
[2025-05-18T22:55:09.081+0300][15084][17464][info][gc,stats    ]    Subphase: Pause Mark Try Complete                       0.000 / 0.000         0.000 / 0.000         0.000 / 0.000         0.000 / 0.000       ms
[2025-05-18T22:55:09.081+0300][15084][17464][info][gc,stats    ]      System: Java Threads                                      0 / 0                30 / 34               30 / 34               30 / 34          threads
[2025-05-18T22:55:09.081+0300][15084][17464][info][gc,stats    ] =========================================================================================================================================================
[2025-05-18T22:55:18.883+0300][15084][15876][info][gc,start    ] GC(7) Garbage Collection (System.gc())
[2025-05-18T22:55:18.883+0300][15084][15876][info][gc,task     ] GC(7) Using 2 workers
[2025-05-18T22:55:18.883+0300][15084][17492][info][gc,phases   ] GC(7) Pause Mark Start 0.009ms
[2025-05-18T22:55:18.897+0300][15084][15876][info][gc,phases   ] GC(7) Concurrent Mark 13.620ms
[2025-05-18T22:55:18.897+0300][15084][17492][info][gc,phases   ] GC(7) Pause Mark End 0.021ms
[2025-05-18T22:55:18.897+0300][15084][15876][info][gc,phases   ] GC(7) Concurrent Mark Free 0.001ms
[2025-05-18T22:55:18.917+0300][15084][15876][info][gc,phases   ] GC(7) Concurrent Process Non-Strong References 19.302ms
[2025-05-18T22:55:18.917+0300][15084][15876][info][gc,phases   ] GC(7) Concurrent Reset Relocation Set 0.003ms
[2025-05-18T22:55:18.920+0300][15084][15876][info][gc,phases   ] GC(7) Concurrent Select Relocation Set 2.367ms
[2025-05-18T22:55:18.920+0300][15084][17492][info][gc,phases   ] GC(7) Pause Relocate Start 0.006ms
[2025-05-18T22:55:18.921+0300][15084][15876][info][gc,phases   ] GC(7) Concurrent Relocate 0.702ms
[2025-05-18T22:55:18.921+0300][15084][15876][info][gc,load     ] GC(7) Load: 0.00/0.00/0.00
[2025-05-18T22:55:18.921+0300][15084][15876][info][gc,mmu      ] GC(7) MMU: 2ms/45.7%, 5ms/78.3%, 10ms/89.1%, 20ms/94.4%, 50ms/97.8%, 100ms/98.9%
[2025-05-18T22:55:18.921+0300][15084][15876][info][gc,marking  ] GC(7) Mark: 2 stripe(s), 2 proactive flush(es), 1 terminate flush(es), 0 completion(s), 0 continuation(s) 
[2025-05-18T22:55:18.921+0300][15084][15876][info][gc,marking  ] GC(7) Mark Stack Usage: 32M
[2025-05-18T22:55:18.921+0300][15084][15876][info][gc,nmethod  ] GC(7) NMethods: 3966 registered, 570 unregistered
[2025-05-18T22:55:18.921+0300][15084][15876][info][gc,metaspace] GC(7) Metaspace: 32M used, 34M committed, 1088M reserved
[2025-05-18T22:55:18.921+0300][15084][15876][info][gc,ref      ] GC(7) Soft: 4153 encountered, 0 discovered, 0 enqueued
[2025-05-18T22:55:18.921+0300][15084][15876][info][gc,ref      ] GC(7) Weak: 2243 encountered, 445 discovered, 87 enqueued
[2025-05-18T22:55:18.921+0300][15084][15876][info][gc,ref      ] GC(7) Final: 3 encountered, 1 discovered, 0 enqueued
[2025-05-18T22:55:18.921+0300][15084][15876][info][gc,ref      ] GC(7) Phantom: 259 encountered, 211 discovered, 3 enqueued
[2025-05-18T22:55:18.921+0300][15084][15876][info][gc,reloc    ] GC(7) Small Pages: 551 / 1102M, Empty: 962M, Relocated: 0M, In-Place: 0
[2025-05-18T22:55:18.921+0300][15084][15876][info][gc,reloc    ] GC(7) Medium Pages: 2 / 64M, Empty: 32M, Relocated: 0M, In-Place: 0
[2025-05-18T22:55:18.921+0300][15084][15876][info][gc,reloc    ] GC(7) Large Pages: 0 / 0M, Empty: 0M, Relocated: 0M, In-Place: 0
[2025-05-18T22:55:18.921+0300][15084][15876][info][gc,reloc    ] GC(7) Forwarding Usage: 0M
[2025-05-18T22:55:18.921+0300][15084][15876][info][gc,heap     ] GC(7) Min Capacity: 12288M(100%)
[2025-05-18T22:55:18.921+0300][15084][15876][info][gc,heap     ] GC(7) Max Capacity: 12288M(100%)
[2025-05-18T22:55:18.921+0300][15084][15876][info][gc,heap     ] GC(7) Soft Max Capacity: 12288M(100%)
[2025-05-18T22:55:18.921+0300][15084][15876][info][gc,heap     ] GC(7)                Mark Start          Mark End        Relocate Start      Relocate End           High               Low         
[2025-05-18T22:55:18.921+0300][15084][15876][info][gc,heap     ] GC(7)  Capacity:    12288M (100%)      12288M (100%)      12288M (100%)      12288M (100%)      12288M (100%)      12288M (100%)   
[2025-05-18T22:55:18.921+0300][15084][15876][info][gc,heap     ] GC(7)      Free:    11122M (91%)       11122M (91%)       12110M (99%)       12228M (100%)      12228M (100%)      11122M (91%)    
[2025-05-18T22:55:18.921+0300][15084][15876][info][gc,heap     ] GC(7)      Used:     1166M (9%)         1166M (9%)          178M (1%)           60M (0%)         1166M (9%)           60M (0%)     
[2025-05-18T22:55:18.921+0300][15084][15876][info][gc,heap     ] GC(7)      Live:         -                16M (0%)           16M (0%)           16M (0%)             -                  -          
[2025-05-18T22:55:18.921+0300][15084][15876][info][gc,heap     ] GC(7) Allocated:         -                 0M (0%)            6M (0%)            6M (0%)             -                  -          
[2025-05-18T22:55:18.921+0300][15084][15876][info][gc,heap     ] GC(7)   Garbage:         -              1149M (9%)          155M (1%)           37M (0%)             -                  -          
[2025-05-18T22:55:18.921+0300][15084][15876][info][gc,heap     ] GC(7) Reclaimed:         -                  -               994M (8%)         1112M (9%)             -                  -          
[2025-05-18T22:55:18.921+0300][15084][15876][info][gc          ] GC(7) Garbage Collection (System.gc()) 1166M(9%)->60M(0%)
[2025-05-18T22:55:19.088+0300][15084][17464][info][gc,stats    ] === Garbage Collection Statistics =======================================================================================================================
[2025-05-18T22:55:19.088+0300][15084][17464][info][gc,stats    ]                                                              Last 10s              Last 10m              Last 10h                Total
[2025-05-18T22:55:19.088+0300][15084][17464][info][gc,stats    ]                                                              Avg / Max             Avg / Max             Avg / Max             Avg / Max
[2025-05-18T22:55:19.088+0300][15084][17464][info][gc,stats    ]   Collector: Garbage Collection Cycle                     37.017 / 37.017       44.567 / 53.225       44.567 / 53.225       44.567 / 53.225      ms
[2025-05-18T22:55:19.088+0300][15084][17464][info][gc,stats    ]  Contention: Mark Segment Reset Contention                     0 / 0                 0 / 0                 0 / 0                 0 / 0           ops/s
[2025-05-18T22:55:19.088+0300][15084][17464][info][gc,stats    ]  Contention: Mark SeqNum Reset Contention                      0 / 0                 0 / 0                 0 / 0                 0 / 0           ops/s
[2025-05-18T22:55:19.088+0300][15084][17464][info][gc,stats    ]    Critical: Allocation Stall                                  0 / 0                 0 / 0                 0 / 0                 0 / 0           ops/s
[2025-05-18T22:55:19.088+0300][15084][17464][info][gc,stats    ]    Critical: Allocation Stall                              0.000 / 0.000         0.000 / 0.000         0.000 / 0.000         0.000 / 0.000       ms
[2025-05-18T22:55:19.088+0300][15084][17464][info][gc,stats    ]    Critical: GC Locker Stall                                   0 / 0                 0 / 0                 0 / 0                 0 / 0           ops/s
[2025-05-18T22:55:19.088+0300][15084][17464][info][gc,stats    ]    Critical: GC Locker Stall                               0.000 / 0.000         0.000 / 0.000         0.000 / 0.000         0.000 / 0.000       ms
[2025-05-18T22:55:19.088+0300][15084][17464][info][gc,stats    ]    Critical: Relocation Stall                                  0 / 0                 0 / 0                 0 / 0                 0 / 0           ops/s
[2025-05-18T22:55:19.088+0300][15084][17464][info][gc,stats    ]    Critical: Relocation Stall                              0.000 / 0.000         0.000 / 0.000         0.000 / 0.000         0.000 / 0.000       ms
[2025-05-18T22:55:19.088+0300][15084][17464][info][gc,stats    ]      Memory: Allocation Rate                                  38 / 70               35 / 146              35 / 146              35 / 146         MB/s
[2025-05-18T22:55:19.088+0300][15084][17464][info][gc,stats    ]      Memory: Defragment                                        0 / 0                 0 / 0                 0 / 0                 0 / 0           ops/s
[2025-05-18T22:55:19.088+0300][15084][17464][info][gc,stats    ]      Memory: Out Of Memory                                     0 / 0                 0 / 0                 0 / 0                 0 / 0           ops/s
[2025-05-18T22:55:19.088+0300][15084][17464][info][gc,stats    ]      Memory: Page Cache Flush                                  0 / 0                 0 / 0                 0 / 0                 0 / 0           MB/s
[2025-05-18T22:55:19.088+0300][15084][17464][info][gc,stats    ]      Memory: Page Cache Hit L1                                17 / 22               12 / 76               12 / 76               12 / 76          ops/s
[2025-05-18T22:55:19.088+0300][15084][17464][info][gc,stats    ]      Memory: Page Cache Hit L2                                 0 / 0                 0 / 0                 0 / 0                 0 / 0           ops/s
[2025-05-18T22:55:19.088+0300][15084][17464][info][gc,stats    ]      Memory: Page Cache Hit L3                                 0 / 0                 5 / 34                5 / 34                5 / 34          ops/s
[2025-05-18T22:55:19.088+0300][15084][17464][info][gc,stats    ]      Memory: Page Cache Miss                                   0 / 0                 0 / 1                 0 / 1                 0 / 1           ops/s
[2025-05-18T22:55:19.088+0300][15084][17464][info][gc,stats    ]      Memory: Uncommit                                          0 / 0                 0 / 0                 0 / 0                 0 / 0           MB/s
[2025-05-18T22:55:19.088+0300][15084][17464][info][gc,stats    ]      Memory: Undo Object Allocation Failed                     0 / 0                 0 / 0                 0 / 0                 0 / 0           ops/s
[2025-05-18T22:55:19.088+0300][15084][17464][info][gc,stats    ]      Memory: Undo Object Allocation Succeeded                  0 / 0                 0 / 0                 0 / 0                 0 / 0           ops/s
[2025-05-18T22:55:19.088+0300][15084][17464][info][gc,stats    ]      Memory: Undo Page Allocation                              0 / 0                 0 / 3                 0 / 3                 0 / 3           ops/s
[2025-05-18T22:55:19.088+0300][15084][17464][info][gc,stats    ]       Phase: Concurrent Mark                              13.620 / 13.620       27.477 / 33.584       27.477 / 33.584       27.477 / 33.584      ms
[2025-05-18T22:55:19.088+0300][15084][17464][info][gc,stats    ]       Phase: Concurrent Mark Continue                      0.000 / 0.000         0.000 / 0.000         0.000 / 0.000         0.000 / 0.000       ms
[2025-05-18T22:55:19.088+0300][15084][17464][info][gc,stats    ]       Phase: Concurrent Mark Free                          0.001 / 0.001         0.001 / 0.001         0.001 / 0.001         0.001 / 0.001       ms
[2025-05-18T22:55:19.088+0300][15084][17464][info][gc,stats    ]       Phase: Concurrent Process Non-Strong References     19.302 / 19.302       11.839 / 19.302       11.839 / 19.302       11.839 / 19.302      ms
[2025-05-18T22:55:19.088+0300][15084][17464][info][gc,stats    ]       Phase: Concurrent Relocate                           0.702 / 0.702         1.824 / 5.335         1.824 / 5.335         1.824 / 5.335       ms
[2025-05-18T22:55:19.088+0300][15084][17464][info][gc,stats    ]       Phase: Concurrent Reset Relocation Set               0.003 / 0.003         0.008 / 0.028         0.008 / 0.028         0.008 / 0.028       ms
[2025-05-18T22:55:19.088+0300][15084][17464][info][gc,stats    ]       Phase: Concurrent Select Relocation Set              2.367 / 2.367         2.284 / 5.162         2.284 / 5.162         2.284 / 5.162       ms
[2025-05-18T22:55:19.088+0300][15084][17464][info][gc,stats    ]       Phase: Pause Mark End                                0.021 / 0.021         0.018 / 0.026         0.018 / 0.026         0.018 / 0.026       ms
[2025-05-18T22:55:19.088+0300][15084][17464][info][gc,stats    ]       Phase: Pause Mark Start                              0.009 / 0.009         0.012 / 0.026         0.012 / 0.026         0.012 / 0.026       ms
[2025-05-18T22:55:19.088+0300][15084][17464][info][gc,stats    ]       Phase: Pause Relocate Start                          0.006 / 0.006         0.141 / 1.085         0.141 / 1.085         0.141 / 1.085       ms
[2025-05-18T22:55:19.088+0300][15084][17464][info][gc,stats    ]    Subphase: Concurrent Classes Purge                      1.107 / 1.107         1.207 / 3.448         1.207 / 3.448         1.207 / 3.448       ms
[2025-05-18T22:55:19.088+0300][15084][17464][info][gc,stats    ]    Subphase: Concurrent Classes Unlink                    17.154 / 17.154        8.415 / 17.154        8.415 / 17.154        8.415 / 17.154      ms
[2025-05-18T22:55:19.088+0300][15084][17464][info][gc,stats    ]    Subphase: Concurrent Mark                              12.019 / 13.035       22.048 / 32.456       22.048 / 32.456       22.048 / 32.456      ms
[2025-05-18T22:55:19.088+0300][15084][17464][info][gc,stats    ]    Subphase: Concurrent Mark Try Flush                     0.156 / 0.233         0.147 / 0.270         0.147 / 0.270         0.147 / 0.270       ms
[2025-05-18T22:55:19.088+0300][15084][17464][info][gc,stats    ]    Subphase: Concurrent Mark Try Terminate                 1.252 / 3.624         3.204 / 14.953        3.204 / 14.953        3.204 / 14.953      ms
[2025-05-18T22:55:19.088+0300][15084][17464][info][gc,stats    ]    Subphase: Concurrent References Enqueue                 0.003 / 0.003         0.003 / 0.005         0.003 / 0.005         0.003 / 0.005       ms
[2025-05-18T22:55:19.088+0300][15084][17464][info][gc,stats    ]    Subphase: Concurrent References Process                 0.200 / 0.200         0.182 / 0.315         0.182 / 0.315         0.182 / 0.315       ms
[2025-05-18T22:55:19.088+0300][15084][17464][info][gc,stats    ]    Subphase: Concurrent Roots ClassLoaderDataGraph         0.136 / 0.222         0.254 / 0.975         0.254 / 0.975         0.254 / 0.975       ms
[2025-05-18T22:55:19.088+0300][15084][17464][info][gc,stats    ]    Subphase: Concurrent Roots CodeCache                    0.000 / 0.000         0.000 / 0.000         0.000 / 0.000         0.000 / 0.000       ms
[2025-05-18T22:55:19.088+0300][15084][17464][info][gc,stats    ]    Subphase: Concurrent Roots JavaThreads                  0.115 / 0.198         0.782 / 3.315         0.782 / 3.315         0.782 / 3.315       ms
[2025-05-18T22:55:19.088+0300][15084][17464][info][gc,stats    ]    Subphase: Concurrent Roots OopStorageSet                0.047 / 0.047         0.051 / 0.130         0.051 / 0.130         0.051 / 0.130       ms
[2025-05-18T22:55:19.089+0300][15084][17464][info][gc,stats    ]    Subphase: Concurrent Weak Roots OopStorageSet           0.526 / 0.526         0.667 / 1.152         0.667 / 1.152         0.667 / 1.152       ms
[2025-05-18T22:55:19.089+0300][15084][17464][info][gc,stats    ]    Subphase: Pause Mark Try Complete                       0.000 / 0.000         0.000 / 0.000         0.000 / 0.000         0.000 / 0.000       ms
[2025-05-18T22:55:19.089+0300][15084][17464][info][gc,stats    ]      System: Java Threads                                     24 / 24               29 / 34               29 / 34               29 / 34          threads
[2025-05-18T22:55:19.089+0300][15084][17464][info][gc,stats    ] =========================================================================================================================================================
[2025-05-18T22:55:29.088+0300][15084][17464][info][gc,stats    ] === Garbage Collection Statistics =======================================================================================================================
[2025-05-18T22:55:29.088+0300][15084][17464][info][gc,stats    ]                                                              Last 10s              Last 10m              Last 10h                Total
[2025-05-18T22:55:29.088+0300][15084][17464][info][gc,stats    ]                                                              Avg / Max             Avg / Max             Avg / Max             Avg / Max
[2025-05-18T22:55:29.088+0300][15084][17464][info][gc,stats    ]   Collector: Garbage Collection Cycle                      0.000 / 0.000        44.567 / 53.225       44.567 / 53.225       44.567 / 53.225      ms
[2025-05-18T22:55:29.088+0300][15084][17464][info][gc,stats    ]  Contention: Mark Segment Reset Contention                     0 / 0                 0 / 0                 0 / 0                 0 / 0           ops/s
[2025-05-18T22:55:29.088+0300][15084][17464][info][gc,stats    ]  Contention: Mark SeqNum Reset Contention                      0 / 0                 0 / 0                 0 / 0                 0 / 0           ops/s
[2025-05-18T22:55:29.088+0300][15084][17464][info][gc,stats    ]    Critical: Allocation Stall                                  0 / 0                 0 / 0                 0 / 0                 0 / 0           ops/s
[2025-05-18T22:55:29.088+0300][15084][17464][info][gc,stats    ]    Critical: Allocation Stall                              0.000 / 0.000         0.000 / 0.000         0.000 / 0.000         0.000 / 0.000       ms
[2025-05-18T22:55:29.088+0300][15084][17464][info][gc,stats    ]    Critical: GC Locker Stall                                   0 / 0                 0 / 0                 0 / 0                 0 / 0           ops/s
[2025-05-18T22:55:29.088+0300][15084][17464][info][gc,stats    ]    Critical: GC Locker Stall                               0.000 / 0.000         0.000 / 0.000         0.000 / 0.000         0.000 / 0.000       ms
[2025-05-18T22:55:29.088+0300][15084][17464][info][gc,stats    ]    Critical: Relocation Stall                                  0 / 0                 0 / 0                 0 / 0                 0 / 0           ops/s
[2025-05-18T22:55:29.088+0300][15084][17464][info][gc,stats    ]    Critical: Relocation Stall                              0.000 / 0.000         0.000 / 0.000         0.000 / 0.000         0.000 / 0.000       ms
[2025-05-18T22:55:29.088+0300][15084][17464][info][gc,stats    ]      Memory: Allocation Rate                                  40 / 102              36 / 146              36 / 146              36 / 146         MB/s
[2025-05-18T22:55:29.088+0300][15084][17464][info][gc,stats    ]      Memory: Defragment                                        0 / 0                 0 / 0                 0 / 0                 0 / 0           ops/s
[2025-05-18T22:55:29.088+0300][15084][17464][info][gc,stats    ]      Memory: Out Of Memory                                     0 / 0                 0 / 0                 0 / 0                 0 / 0           ops/s
[2025-05-18T22:55:29.088+0300][15084][17464][info][gc,stats    ]      Memory: Page Cache Flush                                  0 / 0                 0 / 0                 0 / 0                 0 / 0           MB/s
[2025-05-18T22:55:29.088+0300][15084][17464][info][gc,stats    ]      Memory: Page Cache Hit L1                                18 / 36               12 / 76               12 / 76               12 / 76          ops/s
[2025-05-18T22:55:29.088+0300][15084][17464][info][gc,stats    ]      Memory: Page Cache Hit L2                                 0 / 0                 0 / 0                 0 / 0                 0 / 0           ops/s
[2025-05-18T22:55:29.088+0300][15084][17464][info][gc,stats    ]      Memory: Page Cache Hit L3                                 0 / 0                 5 / 34                5 / 34                5 / 34          ops/s
[2025-05-18T22:55:29.088+0300][15084][17464][info][gc,stats    ]      Memory: Page Cache Miss                                   0 / 0                 0 / 1                 0 / 1                 0 / 1           ops/s
[2025-05-18T22:55:29.088+0300][15084][17464][info][gc,stats    ]      Memory: Uncommit                                          0 / 0                 0 / 0                 0 / 0                 0 / 0           MB/s
[2025-05-18T22:55:29.088+0300][15084][17464][info][gc,stats    ]      Memory: Undo Object Allocation Failed                     0 / 0                 0 / 0                 0 / 0                 0 / 0           ops/s
[2025-05-18T22:55:29.088+0300][15084][17464][info][gc,stats    ]      Memory: Undo Object Allocation Succeeded                  0 / 0                 0 / 0                 0 / 0                 0 / 0           ops/s
[2025-05-18T22:55:29.088+0300][15084][17464][info][gc,stats    ]      Memory: Undo Page Allocation                              0 / 0                 0 / 3                 0 / 3                 0 / 3           ops/s
[2025-05-18T22:55:29.088+0300][15084][17464][info][gc,stats    ]       Phase: Concurrent Mark                               0.000 / 0.000        27.477 / 33.584       27.477 / 33.584       27.477 / 33.584      ms
[2025-05-18T22:55:29.088+0300][15084][17464][info][gc,stats    ]       Phase: Concurrent Mark Continue                      0.000 / 0.000         0.000 / 0.000         0.000 / 0.000         0.000 / 0.000       ms
[2025-05-18T22:55:29.089+0300][15084][17464][info][gc,stats    ]       Phase: Concurrent Mark Free                          0.000 / 0.000         0.001 / 0.001         0.001 / 0.001         0.001 / 0.001       ms
[2025-05-18T22:55:29.089+0300][15084][17464][info][gc,stats    ]       Phase: Concurrent Process Non-Strong References      0.000 / 0.000        11.839 / 19.302       11.839 / 19.302       11.839 / 19.302      ms
[2025-05-18T22:55:29.089+0300][15084][17464][info][gc,stats    ]       Phase: Concurrent Relocate                           0.000 / 0.000         1.824 / 5.335         1.824 / 5.335         1.824 / 5.335       ms
[2025-05-18T22:55:29.089+0300][15084][17464][info][gc,stats    ]       Phase: Concurrent Reset Relocation Set               0.000 / 0.000         0.008 / 0.028         0.008 / 0.028         0.008 / 0.028       ms
[2025-05-18T22:55:29.089+0300][15084][17464][info][gc,stats    ]       Phase: Concurrent Select Relocation Set              0.000 / 0.000         2.284 / 5.162         2.284 / 5.162         2.284 / 5.162       ms
[2025-05-18T22:55:29.089+0300][15084][17464][info][gc,stats    ]       Phase: Pause Mark End                                0.000 / 0.000         0.018 / 0.026         0.018 / 0.026         0.018 / 0.026       ms
[2025-05-18T22:55:29.089+0300][15084][17464][info][gc,stats    ]       Phase: Pause Mark Start                              0.000 / 0.000         0.012 / 0.026         0.012 / 0.026         0.012 / 0.026       ms
[2025-05-18T22:55:29.089+0300][15084][17464][info][gc,stats    ]       Phase: Pause Relocate Start                          0.000 / 0.000         0.141 / 1.085         0.141 / 1.085         0.141 / 1.085       ms
[2025-05-18T22:55:29.089+0300][15084][17464][info][gc,stats    ]    Subphase: Concurrent Classes Purge                      0.000 / 0.000         1.207 / 3.448         1.207 / 3.448         1.207 / 3.448       ms
[2025-05-18T22:55:29.089+0300][15084][17464][info][gc,stats    ]    Subphase: Concurrent Classes Unlink                     0.000 / 0.000         8.415 / 17.154        8.415 / 17.154        8.415 / 17.154      ms
[2025-05-18T22:55:29.089+0300][15084][17464][info][gc,stats    ]    Subphase: Concurrent Mark                               0.000 / 0.000        22.048 / 32.456       22.048 / 32.456       22.048 / 32.456      ms
[2025-05-18T22:55:29.089+0300][15084][17464][info][gc,stats    ]    Subphase: Concurrent Mark Try Flush                     0.000 / 0.000         0.147 / 0.270         0.147 / 0.270         0.147 / 0.270       ms
[2025-05-18T22:55:29.089+0300][15084][17464][info][gc,stats    ]    Subphase: Concurrent Mark Try Terminate                 0.000 / 0.000         3.204 / 14.953        3.204 / 14.953        3.204 / 14.953      ms
[2025-05-18T22:55:29.089+0300][15084][17464][info][gc,stats    ]    Subphase: Concurrent References Enqueue                 0.000 / 0.000         0.003 / 0.005         0.003 / 0.005         0.003 / 0.005       ms
[2025-05-18T22:55:29.089+0300][15084][17464][info][gc,stats    ]    Subphase: Concurrent References Process                 0.000 / 0.000         0.182 / 0.315         0.182 / 0.315         0.182 / 0.315       ms
[2025-05-18T22:55:29.089+0300][15084][17464][info][gc,stats    ]    Subphase: Concurrent Roots ClassLoaderDataGraph         0.000 / 0.000         0.254 / 0.975         0.254 / 0.975         0.254 / 0.975       ms
[2025-05-18T22:55:29.089+0300][15084][17464][info][gc,stats    ]    Subphase: Concurrent Roots CodeCache                    0.000 / 0.000         0.000 / 0.000         0.000 / 0.000         0.000 / 0.000       ms
[2025-05-18T22:55:29.089+0300][15084][17464][info][gc,stats    ]    Subphase: Concurrent Roots JavaThreads                  0.000 / 0.000         0.782 / 3.315         0.782 / 3.315         0.782 / 3.315       ms
[2025-05-18T22:55:29.089+0300][15084][17464][info][gc,stats    ]    Subphase: Concurrent Roots OopStorageSet                0.000 / 0.000         0.051 / 0.130         0.051 / 0.130         0.051 / 0.130       ms
[2025-05-18T22:55:29.089+0300][15084][17464][info][gc,stats    ]    Subphase: Concurrent Weak Roots OopStorageSet           0.000 / 0.000         0.667 / 1.152         0.667 / 1.152         0.667 / 1.152       ms
[2025-05-18T22:55:29.089+0300][15084][17464][info][gc,stats    ]    Subphase: Pause Mark Try Complete                       0.000 / 0.000         0.000 / 0.000         0.000 / 0.000         0.000 / 0.000       ms
[2025-05-18T22:55:29.089+0300][15084][17464][info][gc,stats    ]      System: Java Threads                                      0 / 0                29 / 34               29 / 34               29 / 34          threads
[2025-05-18T22:55:29.089+0300][15084][17464][info][gc,stats    ] =========================================================================================================================================================
[2025-05-18T22:55:39.086+0300][15084][17464][info][gc,stats    ] === Garbage Collection Statistics =======================================================================================================================
[2025-05-18T22:55:39.086+0300][15084][17464][info][gc,stats    ]                                                              Last 10s              Last 10m              Last 10h                Total
[2025-05-18T22:55:39.086+0300][15084][17464][info][gc,stats    ]                                                              Avg / Max             Avg / Max             Avg / Max             Avg / Max
[2025-05-18T22:55:39.086+0300][15084][17464][info][gc,stats    ]   Collector: Garbage Collection Cycle                      0.000 / 0.000        44.567 / 53.225       44.567 / 53.225       44.567 / 53.225      ms
[2025-05-18T22:55:39.086+0300][15084][17464][info][gc,stats    ]  Contention: Mark Segment Reset Contention                     0 / 0                 0 / 0                 0 / 0                 0 / 0           ops/s
[2025-05-18T22:55:39.086+0300][15084][17464][info][gc,stats    ]  Contention: Mark SeqNum Reset Contention                      0 / 0                 0 / 0                 0 / 0                 0 / 0           ops/s
[2025-05-18T22:55:39.086+0300][15084][17464][info][gc,stats    ]    Critical: Allocation Stall                                  0 / 0                 0 / 0                 0 / 0                 0 / 0           ops/s
[2025-05-18T22:55:39.086+0300][15084][17464][info][gc,stats    ]    Critical: Allocation Stall                              0.000 / 0.000         0.000 / 0.000         0.000 / 0.000         0.000 / 0.000       ms
[2025-05-18T22:55:39.086+0300][15084][17464][info][gc,stats    ]    Critical: GC Locker Stall                                   0 / 0                 0 / 0                 0 / 0                 0 / 0           ops/s
[2025-05-18T22:55:39.086+0300][15084][17464][info][gc,stats    ]    Critical: GC Locker Stall                               0.000 / 0.000         0.000 / 0.000         0.000 / 0.000         0.000 / 0.000       ms
[2025-05-18T22:55:39.086+0300][15084][17464][info][gc,stats    ]    Critical: Relocation Stall                                  0 / 0                 0 / 0                 0 / 0                 0 / 0           ops/s
[2025-05-18T22:55:39.086+0300][15084][17464][info][gc,stats    ]    Critical: Relocation Stall                              0.000 / 0.000         0.000 / 0.000         0.000 / 0.000         0.000 / 0.000       ms
[2025-05-18T22:55:39.086+0300][15084][17464][info][gc,stats    ]      Memory: Allocation Rate                                  34 / 40               36 / 146              36 / 146              36 / 146         MB/s
[2025-05-18T22:55:39.086+0300][15084][17464][info][gc,stats    ]      Memory: Defragment                                        0 / 0                 0 / 0                 0 / 0                 0 / 0           ops/s
[2025-05-18T22:55:39.086+0300][15084][17464][info][gc,stats    ]      Memory: Out Of Memory                                     0 / 0                 0 / 0                 0 / 0                 0 / 0           ops/s
[2025-05-18T22:55:39.086+0300][15084][17464][info][gc,stats    ]      Memory: Page Cache Flush                                  0 / 0                 0 / 0                 0 / 0                 0 / 0           MB/s
[2025-05-18T22:55:39.086+0300][15084][17464][info][gc,stats    ]      Memory: Page Cache Hit L1                                17 / 20               12 / 76               12 / 76               12 / 76          ops/s
[2025-05-18T22:55:39.087+0300][15084][17464][info][gc,stats    ]      Memory: Page Cache Hit L2                                 0 / 0                 0 / 0                 0 / 0                 0 / 0           ops/s
[2025-05-18T22:55:39.087+0300][15084][17464][info][gc,stats    ]      Memory: Page Cache Hit L3                                 0 / 0                 4 / 34                4 / 34                4 / 34          ops/s
[2025-05-18T22:55:39.087+0300][15084][17464][info][gc,stats    ]      Memory: Page Cache Miss                                   0 / 0                 0 / 1                 0 / 1                 0 / 1           ops/s
[2025-05-18T22:55:39.087+0300][15084][17464][info][gc,stats    ]      Memory: Uncommit                                          0 / 0                 0 / 0                 0 / 0                 0 / 0           MB/s
[2025-05-18T22:55:39.087+0300][15084][17464][info][gc,stats    ]      Memory: Undo Object Allocation Failed                     0 / 0                 0 / 0                 0 / 0                 0 / 0           ops/s
[2025-05-18T22:55:39.087+0300][15084][17464][info][gc,stats    ]      Memory: Undo Object Allocation Succeeded                  0 / 0                 0 / 0                 0 / 0                 0 / 0           ops/s
[2025-05-18T22:55:39.087+0300][15084][17464][info][gc,stats    ]      Memory: Undo Page Allocation                              0 / 0                 0 / 3                 0 / 3                 0 / 3           ops/s
[2025-05-18T22:55:39.087+0300][15084][17464][info][gc,stats    ]       Phase: Concurrent Mark                               0.000 / 0.000        27.477 / 33.584       27.477 / 33.584       27.477 / 33.584      ms
[2025-05-18T22:55:39.087+0300][15084][17464][info][gc,stats    ]       Phase: Concurrent Mark Continue                      0.000 / 0.000         0.000 / 0.000         0.000 / 0.000         0.000 / 0.000       ms
[2025-05-18T22:55:39.087+0300][15084][17464][info][gc,stats    ]       Phase: Concurrent Mark Free                          0.000 / 0.000         0.001 / 0.001         0.001 / 0.001         0.001 / 0.001       ms
[2025-05-18T22:55:39.087+0300][15084][17464][info][gc,stats    ]       Phase: Concurrent Process Non-Strong References      0.000 / 0.000        11.839 / 19.302       11.839 / 19.302       11.839 / 19.302      ms
[2025-05-18T22:55:39.087+0300][15084][17464][info][gc,stats    ]       Phase: Concurrent Relocate                           0.000 / 0.000         1.824 / 5.335         1.824 / 5.335         1.824 / 5.335       ms
[2025-05-18T22:55:39.087+0300][15084][17464][info][gc,stats    ]       Phase: Concurrent Reset Relocation Set               0.000 / 0.000         0.008 / 0.028         0.008 / 0.028         0.008 / 0.028       ms
[2025-05-18T22:55:39.087+0300][15084][17464][info][gc,stats    ]       Phase: Concurrent Select Relocation Set              0.000 / 0.000         2.284 / 5.162         2.284 / 5.162         2.284 / 5.162       ms
[2025-05-18T22:55:39.087+0300][15084][17464][info][gc,stats    ]       Phase: Pause Mark End                                0.000 / 0.000         0.018 / 0.026         0.018 / 0.026         0.018 / 0.026       ms
[2025-05-18T22:55:39.087+0300][15084][17464][info][gc,stats    ]       Phase: Pause Mark Start                              0.000 / 0.000         0.012 / 0.026         0.012 / 0.026         0.012 / 0.026       ms
[2025-05-18T22:55:39.087+0300][15084][17464][info][gc,stats    ]       Phase: Pause Relocate Start                          0.000 / 0.000         0.141 / 1.085         0.141 / 1.085         0.141 / 1.085       ms
[2025-05-18T22:55:39.087+0300][15084][17464][info][gc,stats    ]    Subphase: Concurrent Classes Purge                      0.000 / 0.000         1.207 / 3.448         1.207 / 3.448         1.207 / 3.448       ms
[2025-05-18T22:55:39.087+0300][15084][17464][info][gc,stats    ]    Subphase: Concurrent Classes Unlink                     0.000 / 0.000         8.415 / 17.154        8.415 / 17.154        8.415 / 17.154      ms
[2025-05-18T22:55:39.087+0300][15084][17464][info][gc,stats    ]    Subphase: Concurrent Mark                               0.000 / 0.000        22.048 / 32.456       22.048 / 32.456       22.048 / 32.456      ms
[2025-05-18T22:55:39.087+0300][15084][17464][info][gc,stats    ]    Subphase: Concurrent Mark Try Flush                     0.000 / 0.000         0.147 / 0.270         0.147 / 0.270         0.147 / 0.270       ms
[2025-05-18T22:55:39.087+0300][15084][17464][info][gc,stats    ]    Subphase: Concurrent Mark Try Terminate                 0.000 / 0.000         3.204 / 14.953        3.204 / 14.953        3.204 / 14.953      ms
[2025-05-18T22:55:39.087+0300][15084][17464][info][gc,stats    ]    Subphase: Concurrent References Enqueue                 0.000 / 0.000         0.003 / 0.005         0.003 / 0.005         0.003 / 0.005       ms
[2025-05-18T22:55:39.087+0300][15084][17464][info][gc,stats    ]    Subphase: Concurrent References Process                 0.000 / 0.000         0.182 / 0.315         0.182 / 0.315         0.182 / 0.315       ms
[2025-05-18T22:55:39.087+0300][15084][17464][info][gc,stats    ]    Subphase: Concurrent Roots ClassLoaderDataGraph         0.000 / 0.000         0.254 / 0.975         0.254 / 0.975         0.254 / 0.975       ms
[2025-05-18T22:55:39.087+0300][15084][17464][info][gc,stats    ]    Subphase: Concurrent Roots CodeCache                    0.000 / 0.000         0.000 / 0.000         0.000 / 0.000         0.000 / 0.000       ms
[2025-05-18T22:55:39.087+0300][15084][17464][info][gc,stats    ]    Subphase: Concurrent Roots JavaThreads                  0.000 / 0.000         0.782 / 3.315         0.782 / 3.315         0.782 / 3.315       ms
[2025-05-18T22:55:39.087+0300][15084][17464][info][gc,stats    ]    Subphase: Concurrent Roots OopStorageSet                0.000 / 0.000         0.051 / 0.130         0.051 / 0.130         0.051 / 0.130       ms
[2025-05-18T22:55:39.087+0300][15084][17464][info][gc,stats    ]    Subphase: Concurrent Weak Roots OopStorageSet           0.000 / 0.000         0.667 / 1.152         0.667 / 1.152         0.667 / 1.152       ms
[2025-05-18T22:55:39.087+0300][15084][17464][info][gc,stats    ]    Subphase: Pause Mark Try Complete                       0.000 / 0.000         0.000 / 0.000         0.000 / 0.000         0.000 / 0.000       ms
[2025-05-18T22:55:39.087+0300][15084][17464][info][gc,stats    ]      System: Java Threads                                      0 / 0                29 / 34               29 / 34               29 / 34          threads
[2025-05-18T22:55:39.087+0300][15084][17464][info][gc,stats    ] =========================================================================================================================================================
[2025-05-18T22:55:49.086+0300][15084][17464][info][gc,stats    ] === Garbage Collection Statistics =======================================================================================================================
[2025-05-18T22:55:49.086+0300][15084][17464][info][gc,stats    ]                                                              Last 10s              Last 10m              Last 10h                Total
[2025-05-18T22:55:49.086+0300][15084][17464][info][gc,stats    ]                                                              Avg / Max             Avg / Max             Avg / Max             Avg / Max
[2025-05-18T22:55:49.086+0300][15084][17464][info][gc,stats    ]   Collector: Garbage Collection Cycle                      0.000 / 0.000        44.567 / 53.225       44.567 / 53.225       44.567 / 53.225      ms
[2025-05-18T22:55:49.086+0300][15084][17464][info][gc,stats    ]  Contention: Mark Segment Reset Contention                     0 / 0                 0 / 0                 0 / 0                 0 / 0           ops/s
[2025-05-18T22:55:49.086+0300][15084][17464][info][gc,stats    ]  Contention: Mark SeqNum Reset Contention                      0 / 0                 0 / 0                 0 / 0                 0 / 0           ops/s
[2025-05-18T22:55:49.086+0300][15084][17464][info][gc,stats    ]    Critical: Allocation Stall                                  0 / 0                 0 / 0                 0 / 0                 0 / 0           ops/s
[2025-05-18T22:55:49.086+0300][15084][17464][info][gc,stats    ]    Critical: Allocation Stall                              0.000 / 0.000         0.000 / 0.000         0.000 / 0.000         0.000 / 0.000       ms
[2025-05-18T22:55:49.087+0300][15084][17464][info][gc,stats    ]    Critical: GC Locker Stall                                   0 / 0                 0 / 0                 0 / 0                 0 / 0           ops/s
[2025-05-18T22:55:49.087+0300][15084][17464][info][gc,stats    ]    Critical: GC Locker Stall                               0.000 / 0.000         0.000 / 0.000         0.000 / 0.000         0.000 / 0.000       ms
[2025-05-18T22:55:49.087+0300][15084][17464][info][gc,stats    ]    Critical: Relocation Stall                                  0 / 0                 0 / 0                 0 / 0                 0 / 0           ops/s
[2025-05-18T22:55:49.087+0300][15084][17464][info][gc,stats    ]    Critical: Relocation Stall                              0.000 / 0.000         0.000 / 0.000         0.000 / 0.000         0.000 / 0.000       ms
[2025-05-18T22:55:49.087+0300][15084][17464][info][gc,stats    ]      Memory: Allocation Rate                                  34 / 38               36 / 146              36 / 146              36 / 146         MB/s
[2025-05-18T22:55:49.087+0300][15084][17464][info][gc,stats    ]      Memory: Defragment                                        0 / 0                 0 / 0                 0 / 0                 0 / 0           ops/s
[2025-05-18T22:55:49.087+0300][15084][17464][info][gc,stats    ]      Memory: Out Of Memory                                     0 / 0                 0 / 0                 0 / 0                 0 / 0           ops/s
[2025-05-18T22:55:49.087+0300][15084][17464][info][gc,stats    ]      Memory: Page Cache Flush                                  0 / 0                 0 / 0                 0 / 0                 0 / 0           MB/s
[2025-05-18T22:55:49.087+0300][15084][17464][info][gc,stats    ]      Memory: Page Cache Hit L1                                17 / 19               13 / 76               13 / 76               13 / 76          ops/s
[2025-05-18T22:55:49.087+0300][15084][17464][info][gc,stats    ]      Memory: Page Cache Hit L2                                 0 / 0                 0 / 0                 0 / 0                 0 / 0           ops/s
[2025-05-18T22:55:49.087+0300][15084][17464][info][gc,stats    ]      Memory: Page Cache Hit L3                                 0 / 0                 4 / 34                4 / 34                4 / 34          ops/s
[2025-05-18T22:55:49.087+0300][15084][17464][info][gc,stats    ]      Memory: Page Cache Miss                                   0 / 0                 0 / 1                 0 / 1                 0 / 1           ops/s
[2025-05-18T22:55:49.087+0300][15084][17464][info][gc,stats    ]      Memory: Uncommit                                          0 / 0                 0 / 0                 0 / 0                 0 / 0           MB/s
[2025-05-18T22:55:49.087+0300][15084][17464][info][gc,stats    ]      Memory: Undo Object Allocation Failed                     0 / 0                 0 / 0                 0 / 0                 0 / 0           ops/s
[2025-05-18T22:55:49.087+0300][15084][17464][info][gc,stats    ]      Memory: Undo Object Allocation Succeeded                  0 / 0                 0 / 0                 0 / 0                 0 / 0           ops/s
[2025-05-18T22:55:49.087+0300][15084][17464][info][gc,stats    ]      Memory: Undo Page Allocation                              0 / 0                 0 / 3                 0 / 3                 0 / 3           ops/s
[2025-05-18T22:55:49.087+0300][15084][17464][info][gc,stats    ]       Phase: Concurrent Mark                               0.000 / 0.000        27.477 / 33.584       27.477 / 33.584       27.477 / 33.584      ms
[2025-05-18T22:55:49.087+0300][15084][17464][info][gc,stats    ]       Phase: Concurrent Mark Continue                      0.000 / 0.000         0.000 / 0.000         0.000 / 0.000         0.000 / 0.000       ms
[2025-05-18T22:55:49.087+0300][15084][17464][info][gc,stats    ]       Phase: Concurrent Mark Free                          0.000 / 0.000         0.001 / 0.001         0.001 / 0.001         0.001 / 0.001       ms
[2025-05-18T22:55:49.087+0300][15084][17464][info][gc,stats    ]       Phase: Concurrent Process Non-Strong References      0.000 / 0.000        11.839 / 19.302       11.839 / 19.302       11.839 / 19.302      ms
[2025-05-18T22:55:49.088+0300][15084][17464][info][gc,stats    ]       Phase: Concurrent Relocate                           0.000 / 0.000         1.824 / 5.335         1.824 / 5.335         1.824 / 5.335       ms
[2025-05-18T22:55:49.088+0300][15084][17464][info][gc,stats    ]       Phase: Concurrent Reset Relocation Set               0.000 / 0.000         0.008 / 0.028         0.008 / 0.028         0.008 / 0.028       ms
[2025-05-18T22:55:49.088+0300][15084][17464][info][gc,stats    ]       Phase: Concurrent Select Relocation Set              0.000 / 0.000         2.284 / 5.162         2.284 / 5.162         2.284 / 5.162       ms
[2025-05-18T22:55:49.088+0300][15084][17464][info][gc,stats    ]       Phase: Pause Mark End                                0.000 / 0.000         0.018 / 0.026         0.018 / 0.026         0.018 / 0.026       ms
[2025-05-18T22:55:49.088+0300][15084][17464][info][gc,stats    ]       Phase: Pause Mark Start                              0.000 / 0.000         0.012 / 0.026         0.012 / 0.026         0.012 / 0.026       ms
[2025-05-18T22:55:49.088+0300][15084][17464][info][gc,stats    ]       Phase: Pause Relocate Start                          0.000 / 0.000         0.141 / 1.085         0.141 / 1.085         0.141 / 1.085       ms
[2025-05-18T22:55:49.088+0300][15084][17464][info][gc,stats    ]    Subphase: Concurrent Classes Purge                      0.000 / 0.000         1.207 / 3.448         1.207 / 3.448         1.207 / 3.448       ms
[2025-05-18T22:55:49.088+0300][15084][17464][info][gc,stats    ]    Subphase: Concurrent Classes Unlink                     0.000 / 0.000         8.415 / 17.154        8.415 / 17.154        8.415 / 17.154      ms
[2025-05-18T22:55:49.088+0300][15084][17464][info][gc,stats    ]    Subphase: Concurrent Mark                               0.000 / 0.000        22.048 / 32.456       22.048 / 32.456       22.048 / 32.456      ms
[2025-05-18T22:55:49.088+0300][15084][17464][info][gc,stats    ]    Subphase: Concurrent Mark Try Flush                     0.000 / 0.000         0.147 / 0.270         0.147 / 0.270         0.147 / 0.270       ms
[2025-05-18T22:55:49.088+0300][15084][17464][info][gc,stats    ]    Subphase: Concurrent Mark Try Terminate                 0.000 / 0.000         3.204 / 14.953        3.204 / 14.953        3.204 / 14.953      ms
[2025-05-18T22:55:49.088+0300][15084][17464][info][gc,stats    ]    Subphase: Concurrent References Enqueue                 0.000 / 0.000         0.003 / 0.005         0.003 / 0.005         0.003 / 0.005       ms
[2025-05-18T22:55:49.088+0300][15084][17464][info][gc,stats    ]    Subphase: Concurrent References Process                 0.000 / 0.000         0.182 / 0.315         0.182 / 0.315         0.182 / 0.315       ms
[2025-05-18T22:55:49.088+0300][15084][17464][info][gc,stats    ]    Subphase: Concurrent Roots ClassLoaderDataGraph         0.000 / 0.000         0.254 / 0.975         0.254 / 0.975         0.254 / 0.975       ms
[2025-05-18T22:55:49.088+0300][15084][17464][info][gc,stats    ]    Subphase: Concurrent Roots CodeCache                    0.000 / 0.000         0.000 / 0.000         0.000 / 0.000         0.000 / 0.000       ms
[2025-05-18T22:55:49.088+0300][15084][17464][info][gc,stats    ]    Subphase: Concurrent Roots JavaThreads                  0.000 / 0.000         0.782 / 3.315         0.782 / 3.315         0.782 / 3.315       ms
[2025-05-18T22:55:49.088+0300][15084][17464][info][gc,stats    ]    Subphase: Concurrent Roots OopStorageSet                0.000 / 0.000         0.051 / 0.130         0.051 / 0.130         0.051 / 0.130       ms
[2025-05-18T22:55:49.088+0300][15084][17464][info][gc,stats    ]    Subphase: Concurrent Weak Roots OopStorageSet           0.000 / 0.000         0.667 / 1.152         0.667 / 1.152         0.667 / 1.152       ms
[2025-05-18T22:55:49.088+0300][15084][17464][info][gc,stats    ]    Subphase: Pause Mark Try Complete                       0.000 / 0.000         0.000 / 0.000         0.000 / 0.000         0.000 / 0.000       ms
[2025-05-18T22:55:49.088+0300][15084][17464][info][gc,stats    ]      System: Java Threads                                      0 / 0                29 / 34               29 / 34               29 / 34          threads
[2025-05-18T22:55:49.088+0300][15084][17464][info][gc,stats    ] =========================================================================================================================================================
[2025-05-18T22:55:52.486+0300][15084][15876][info][gc,start    ] GC(8) Garbage Collection (Proactive)
[2025-05-18T22:55:52.486+0300][15084][15876][info][gc,task     ] GC(8) Using 2 workers
[2025-05-18T22:55:52.486+0300][15084][17492][info][gc,phases   ] GC(8) Pause Mark Start 0.012ms
[2025-05-18T22:55:52.518+0300][15084][15876][info][gc,phases   ] GC(8) Concurrent Mark 31.489ms
[2025-05-18T22:55:52.518+0300][15084][17492][info][gc,phases   ] GC(8) Pause Mark End 0.015ms
[2025-05-18T22:55:52.518+0300][15084][15876][info][gc,phases   ] GC(8) Concurrent Mark Free 0.001ms
[2025-05-18T22:55:52.524+0300][15084][15876][info][gc,phases   ] GC(8) Concurrent Process Non-Strong References 5.252ms
[2025-05-18T22:55:52.524+0300][15084][15876][info][gc,phases   ] GC(8) Concurrent Reset Relocation Set 0.002ms
[2025-05-18T22:55:52.525+0300][15084][15876][info][gc,phases   ] GC(8) Concurrent Select Relocation Set 1.419ms
[2025-05-18T22:55:52.525+0300][15084][17492][info][gc,phases   ] GC(8) Pause Relocate Start 0.006ms
[2025-05-18T22:55:52.527+0300][15084][15876][info][gc,phases   ] GC(8) Concurrent Relocate 1.308ms
[2025-05-18T22:55:52.527+0300][15084][15876][info][gc,load     ] GC(8) Load: 0.00/0.00/0.00
[2025-05-18T22:55:52.527+0300][15084][15876][info][gc,mmu      ] GC(8) MMU: 2ms/45.7%, 5ms/78.3%, 10ms/89.1%, 20ms/94.4%, 50ms/97.8%, 100ms/98.9%
[2025-05-18T22:55:52.527+0300][15084][15876][info][gc,marking  ] GC(8) Mark: 2 stripe(s), 2 proactive flush(es), 1 terminate flush(es), 0 completion(s), 0 continuation(s) 
[2025-05-18T22:55:52.527+0300][15084][15876][info][gc,marking  ] GC(8) Mark Stack Usage: 32M
[2025-05-18T22:55:52.527+0300][15084][15876][info][gc,nmethod  ] GC(8) NMethods: 4363 registered, 635 unregistered
[2025-05-18T22:55:52.527+0300][15084][15876][info][gc,metaspace] GC(8) Metaspace: 33M used, 34M committed, 1088M reserved
[2025-05-18T22:55:52.527+0300][15084][15876][info][gc,ref      ] GC(8) Soft: 4274 encountered, 0 discovered, 0 enqueued
[2025-05-18T22:55:52.527+0300][15084][15876][info][gc,ref      ] GC(8) Weak: 2753 encountered, 817 discovered, 262 enqueued
[2025-05-18T22:55:52.527+0300][15084][15876][info][gc,ref      ] GC(8) Final: 3 encountered, 2 discovered, 0 enqueued
[2025-05-18T22:55:52.527+0300][15084][15876][info][gc,ref      ] GC(8) Phantom: 307 encountered, 207 discovered, 30 enqueued
[2025-05-18T22:55:52.527+0300][15084][15876][info][gc,reloc    ] GC(8) Small Pages: 613 / 1226M, Empty: 916M, Relocated: 3M, In-Place: 0
[2025-05-18T22:55:52.527+0300][15084][15876][info][gc,reloc    ] GC(8) Medium Pages: 2 / 64M, Empty: 32M, Relocated: 0M, In-Place: 0
[2025-05-18T22:55:52.527+0300][15084][15876][info][gc,reloc    ] GC(8) Large Pages: 0 / 0M, Empty: 0M, Relocated: 0M, In-Place: 0
[2025-05-18T22:55:52.527+0300][15084][15876][info][gc,reloc    ] GC(8) Forwarding Usage: 0M
[2025-05-18T22:55:52.527+0300][15084][15876][info][gc,heap     ] GC(8) Min Capacity: 12288M(100%)
[2025-05-18T22:55:52.527+0300][15084][15876][info][gc,heap     ] GC(8) Max Capacity: 12288M(100%)
[2025-05-18T22:55:52.527+0300][15084][15876][info][gc,heap     ] GC(8) Soft Max Capacity: 12288M(100%)
[2025-05-18T22:55:52.527+0300][15084][15876][info][gc,heap     ] GC(8)                Mark Start          Mark End        Relocate Start      Relocate End           High               Low         
[2025-05-18T22:55:52.527+0300][15084][15876][info][gc,heap     ] GC(8)  Capacity:    12288M (100%)      12288M (100%)      12288M (100%)      12288M (100%)      12288M (100%)      12288M (100%)   
[2025-05-18T22:55:52.527+0300][15084][15876][info][gc,heap     ] GC(8)      Free:    10998M (90%)       10986M (89%)       11934M (97%)       12224M (99%)       12224M (99%)       10986M (89%)    
[2025-05-18T22:55:52.527+0300][15084][15876][info][gc,heap     ] GC(8)      Used:     1290M (10%)        1302M (11%)         354M (3%)           64M (1%)         1302M (11%)          64M (1%)     
[2025-05-18T22:55:52.527+0300][15084][15876][info][gc,heap     ] GC(8)      Live:         -                18M (0%)           18M (0%)           18M (0%)             -                  -          
[2025-05-18T22:55:52.527+0300][15084][15876][info][gc,heap     ] GC(8) Allocated:         -                12M (0%)           12M (0%)           12M (0%)             -                  -          
[2025-05-18T22:55:52.527+0300][15084][15876][info][gc,heap     ] GC(8)   Garbage:         -              1271M (10%)         323M (3%)           33M (0%)             -                  -          
[2025-05-18T22:55:52.527+0300][15084][15876][info][gc,heap     ] GC(8) Reclaimed:         -                  -               948M (8%)         1238M (10%)            -                  -          
[2025-05-18T22:55:52.527+0300][15084][15876][info][gc          ] GC(8) Garbage Collection (Proactive) 1290M(10%)->64M(1%)
[2025-05-18T22:55:59.083+0300][15084][17464][info][gc,stats    ] === Garbage Collection Statistics =======================================================================================================================
[2025-05-18T22:55:59.083+0300][15084][17464][info][gc,stats    ]                                                              Last 10s              Last 10m              Last 10h                Total
[2025-05-18T22:55:59.083+0300][15084][17464][info][gc,stats    ]                                                              Avg / Max             Avg / Max             Avg / Max             Avg / Max
[2025-05-18T22:55:59.083+0300][15084][17464][info][gc,stats    ]   Collector: Garbage Collection Cycle                     40.537 / 40.537       44.119 / 53.225       44.119 / 53.225       44.119 / 53.225      ms
[2025-05-18T22:55:59.083+0300][15084][17464][info][gc,stats    ]  Contention: Mark Segment Reset Contention                     0 / 0                 0 / 0                 0 / 0                 0 / 0           ops/s
[2025-05-18T22:55:59.083+0300][15084][17464][info][gc,stats    ]  Contention: Mark SeqNum Reset Contention                      0 / 0                 0 / 0                 0 / 0                 0 / 0           ops/s
[2025-05-18T22:55:59.083+0300][15084][17464][info][gc,stats    ]    Critical: Allocation Stall                                  0 / 0                 0 / 0                 0 / 0                 0 / 0           ops/s
[2025-05-18T22:55:59.083+0300][15084][17464][info][gc,stats    ]    Critical: Allocation Stall                              0.000 / 0.000         0.000 / 0.000         0.000 / 0.000         0.000 / 0.000       ms
[2025-05-18T22:55:59.083+0300][15084][17464][info][gc,stats    ]    Critical: GC Locker Stall                                   0 / 0                 0 / 0                 0 / 0                 0 / 0           ops/s
[2025-05-18T22:55:59.083+0300][15084][17464][info][gc,stats    ]    Critical: GC Locker Stall                               0.000 / 0.000         0.000 / 0.000         0.000 / 0.000         0.000 / 0.000       ms
[2025-05-18T22:55:59.083+0300][15084][17464][info][gc,stats    ]    Critical: Relocation Stall                                  0 / 0                 0 / 0                 0 / 0                 0 / 0           ops/s
[2025-05-18T22:55:59.083+0300][15084][17464][info][gc,stats    ]    Critical: Relocation Stall                              0.000 / 0.000         0.000 / 0.000         0.000 / 0.000         0.000 / 0.000       ms
[2025-05-18T22:55:59.083+0300][15084][17464][info][gc,stats    ]      Memory: Allocation Rate                                  35 / 46               35 / 146              35 / 146              35 / 146         MB/s
[2025-05-18T22:55:59.083+0300][15084][17464][info][gc,stats    ]      Memory: Defragment                                        0 / 0                 0 / 0                 0 / 0                 0 / 0           ops/s
[2025-05-18T22:55:59.084+0300][15084][17464][info][gc,stats    ]      Memory: Out Of Memory                                     0 / 0                 0 / 0                 0 / 0                 0 / 0           ops/s
[2025-05-18T22:55:59.084+0300][15084][17464][info][gc,stats    ]      Memory: Page Cache Flush                                  0 / 0                 0 / 0                 0 / 0                 0 / 0           MB/s
[2025-05-18T22:55:59.084+0300][15084][17464][info][gc,stats    ]      Memory: Page Cache Hit L1                                17 / 25               13 / 76               13 / 76               13 / 76          ops/s
[2025-05-18T22:55:59.084+0300][15084][17464][info][gc,stats    ]      Memory: Page Cache Hit L2                                 0 / 0                 0 / 0                 0 / 0                 0 / 0           ops/s
[2025-05-18T22:55:59.084+0300][15084][17464][info][gc,stats    ]      Memory: Page Cache Hit L3                                 0 / 0                 4 / 34                4 / 34                4 / 34          ops/s
[2025-05-18T22:55:59.084+0300][15084][17464][info][gc,stats    ]      Memory: Page Cache Miss                                   0 / 0                 0 / 1                 0 / 1                 0 / 1           ops/s
[2025-05-18T22:55:59.084+0300][15084][17464][info][gc,stats    ]      Memory: Uncommit                                          0 / 0                 0 / 0                 0 / 0                 0 / 0           MB/s
[2025-05-18T22:55:59.084+0300][15084][17464][info][gc,stats    ]      Memory: Undo Object Allocation Failed                     0 / 0                 0 / 0                 0 / 0                 0 / 0           ops/s
[2025-05-18T22:55:59.084+0300][15084][17464][info][gc,stats    ]      Memory: Undo Object Allocation Succeeded                  0 / 0                 0 / 0                 0 / 0                 0 / 0           ops/s
[2025-05-18T22:55:59.084+0300][15084][17464][info][gc,stats    ]      Memory: Undo Page Allocation                              0 / 0                 0 / 3                 0 / 3                 0 / 3           ops/s
[2025-05-18T22:55:59.084+0300][15084][17464][info][gc,stats    ]       Phase: Concurrent Mark                              31.489 / 31.489       27.923 / 33.584       27.923 / 33.584       27.923 / 33.584      ms
[2025-05-18T22:55:59.084+0300][15084][17464][info][gc,stats    ]       Phase: Concurrent Mark Continue                      0.000 / 0.000         0.000 / 0.000         0.000 / 0.000         0.000 / 0.000       ms
[2025-05-18T22:55:59.084+0300][15084][17464][info][gc,stats    ]       Phase: Concurrent Mark Free                          0.001 / 0.001         0.001 / 0.001         0.001 / 0.001         0.001 / 0.001       ms
[2025-05-18T22:55:59.084+0300][15084][17464][info][gc,stats    ]       Phase: Concurrent Process Non-Strong References      5.252 / 5.252        11.107 / 19.302       11.107 / 19.302       11.107 / 19.302      ms
[2025-05-18T22:55:59.084+0300][15084][17464][info][gc,stats    ]       Phase: Concurrent Relocate                           1.308 / 1.308         1.767 / 5.335         1.767 / 5.335         1.767 / 5.335       ms
[2025-05-18T22:55:59.084+0300][15084][17464][info][gc,stats    ]       Phase: Concurrent Reset Relocation Set               0.002 / 0.002         0.007 / 0.028         0.007 / 0.028         0.007 / 0.028       ms
[2025-05-18T22:55:59.084+0300][15084][17464][info][gc,stats    ]       Phase: Concurrent Select Relocation Set              1.419 / 1.419         2.188 / 5.162         2.188 / 5.162         2.188 / 5.162       ms
[2025-05-18T22:55:59.084+0300][15084][17464][info][gc,stats    ]       Phase: Pause Mark End                                0.015 / 0.015         0.018 / 0.026         0.018 / 0.026         0.018 / 0.026       ms
[2025-05-18T22:55:59.084+0300][15084][17464][info][gc,stats    ]       Phase: Pause Mark Start                              0.012 / 0.012         0.012 / 0.026         0.012 / 0.026         0.012 / 0.026       ms
[2025-05-18T22:55:59.084+0300][15084][17464][info][gc,stats    ]       Phase: Pause Relocate Start                          0.006 / 0.006         0.126 / 1.085         0.126 / 1.085         0.126 / 1.085       ms
[2025-05-18T22:55:59.084+0300][15084][17464][info][gc,stats    ]    Subphase: Concurrent Classes Purge                      0.183 / 0.183         1.093 / 3.448         1.093 / 3.448         1.093 / 3.448       ms
[2025-05-18T22:55:59.085+0300][15084][17464][info][gc,stats    ]    Subphase: Concurrent Classes Unlink                     3.927 / 3.927         7.916 / 17.154        7.916 / 17.154        7.916 / 17.154      ms
[2025-05-18T22:55:59.085+0300][15084][17464][info][gc,stats    ]    Subphase: Concurrent Mark                              23.719 / 30.630       22.234 / 32.456       22.234 / 32.456       22.234 / 32.456      ms
[2025-05-18T22:55:59.085+0300][15084][17464][info][gc,stats    ]    Subphase: Concurrent Mark Try Flush                     0.172 / 0.218         0.150 / 0.270         0.150 / 0.270         0.150 / 0.270       ms
[2025-05-18T22:55:59.085+0300][15084][17464][info][gc,stats    ]    Subphase: Concurrent Mark Try Terminate                 4.808 / 14.286        3.383 / 14.953        3.383 / 14.953        3.383 / 14.953      ms
[2025-05-18T22:55:59.085+0300][15084][17464][info][gc,stats    ]    Subphase: Concurrent References Enqueue                 0.003 / 0.003         0.003 / 0.005         0.003 / 0.005         0.003 / 0.005       ms
[2025-05-18T22:55:59.085+0300][15084][17464][info][gc,stats    ]    Subphase: Concurrent References Process                 0.162 / 0.162         0.180 / 0.315         0.180 / 0.315         0.180 / 0.315       ms
[2025-05-18T22:55:59.085+0300][15084][17464][info][gc,stats    ]    Subphase: Concurrent Roots ClassLoaderDataGraph         0.324 / 0.598         0.262 / 0.975         0.262 / 0.975         0.262 / 0.975       ms
[2025-05-18T22:55:59.085+0300][15084][17464][info][gc,stats    ]    Subphase: Concurrent Roots CodeCache                    0.000 / 0.000         0.000 / 0.000         0.000 / 0.000         0.000 / 0.000       ms
[2025-05-18T22:55:59.085+0300][15084][17464][info][gc,stats    ]    Subphase: Concurrent Roots JavaThreads                  0.332 / 0.611         0.729 / 3.315         0.729 / 3.315         0.729 / 3.315       ms
[2025-05-18T22:55:59.085+0300][15084][17464][info][gc,stats    ]    Subphase: Concurrent Roots OopStorageSet                0.062 / 0.068         0.052 / 0.130         0.052 / 0.130         0.052 / 0.130       ms
[2025-05-18T22:55:59.085+0300][15084][17464][info][gc,stats    ]    Subphase: Concurrent Weak Roots OopStorageSet           0.685 / 0.695         0.669 / 1.152         0.669 / 1.152         0.669 / 1.152       ms
[2025-05-18T22:55:59.085+0300][15084][17464][info][gc,stats    ]    Subphase: Pause Mark Try Complete                       0.000 / 0.000         0.000 / 0.000         0.000 / 0.000         0.000 / 0.000       ms
[2025-05-18T22:55:59.085+0300][15084][17464][info][gc,stats    ]      System: Java Threads                                     32 / 32               29 / 34               29 / 34               29 / 34          threads
[2025-05-18T22:55:59.085+0300][15084][17464][info][gc,stats    ] =========================================================================================================================================================
[2025-05-18T22:56:09.094+0300][15084][17464][info][gc,stats    ] === Garbage Collection Statistics =======================================================================================================================
[2025-05-18T22:56:09.094+0300][15084][17464][info][gc,stats    ]                                                              Last 10s              Last 10m              Last 10h                Total
[2025-05-18T22:56:09.094+0300][15084][17464][info][gc,stats    ]                                                              Avg / Max             Avg / Max             Avg / Max             Avg / Max
[2025-05-18T22:56:09.094+0300][15084][17464][info][gc,stats    ]   Collector: Garbage Collection Cycle                      0.000 / 0.000        44.119 / 53.225       44.119 / 53.225       44.119 / 53.225      ms
[2025-05-18T22:56:09.094+0300][15084][17464][info][gc,stats    ]  Contention: Mark Segment Reset Contention                     0 / 0                 0 / 0                 0 / 0                 0 / 0           ops/s
[2025-05-18T22:56:09.094+0300][15084][17464][info][gc,stats    ]  Contention: Mark SeqNum Reset Contention                      0 / 0                 0 / 0                 0 / 0                 0 / 0           ops/s
[2025-05-18T22:56:09.094+0300][15084][17464][info][gc,stats    ]    Critical: Allocation Stall                                  0 / 0                 0 / 0                 0 / 0                 0 / 0           ops/s
[2025-05-18T22:56:09.094+0300][15084][17464][info][gc,stats    ]    Critical: Allocation Stall                              0.000 / 0.000         0.000 / 0.000         0.000 / 0.000         0.000 / 0.000       ms
[2025-05-18T22:56:09.094+0300][15084][17464][info][gc,stats    ]    Critical: GC Locker Stall                                   0 / 0                 0 / 0                 0 / 0                 0 / 0           ops/s
[2025-05-18T22:56:09.094+0300][15084][17464][info][gc,stats    ]    Critical: GC Locker Stall                               0.000 / 0.000         0.000 / 0.000         0.000 / 0.000         0.000 / 0.000       ms
[2025-05-18T22:56:09.094+0300][15084][17464][info][gc,stats    ]    Critical: Relocation Stall                                  0 / 0                 0 / 0                 0 / 0                 0 / 0           ops/s
[2025-05-18T22:56:09.094+0300][15084][17464][info][gc,stats    ]    Critical: Relocation Stall                              0.000 / 0.000         0.000 / 0.000         0.000 / 0.000         0.000 / 0.000       ms
[2025-05-18T22:56:09.094+0300][15084][17464][info][gc,stats    ]      Memory: Allocation Rate                                  35 / 38               35 / 146              35 / 146              35 / 146         MB/s
[2025-05-18T22:56:09.094+0300][15084][17464][info][gc,stats    ]      Memory: Defragment                                        0 / 0                 0 / 0                 0 / 0                 0 / 0           ops/s
[2025-05-18T22:56:09.094+0300][15084][17464][info][gc,stats    ]      Memory: Out Of Memory                                     0 / 0                 0 / 0                 0 / 0                 0 / 0           ops/s
[2025-05-18T22:56:09.094+0300][15084][17464][info][gc,stats    ]      Memory: Page Cache Flush                                  0 / 0                 0 / 0                 0 / 0                 0 / 0           MB/s
[2025-05-18T22:56:09.094+0300][15084][17464][info][gc,stats    ]      Memory: Page Cache Hit L1                                17 / 19               13 / 76               13 / 76               13 / 76          ops/s
[2025-05-18T22:56:09.094+0300][15084][17464][info][gc,stats    ]      Memory: Page Cache Hit L2                                 0 / 0                 0 / 0                 0 / 0                 0 / 0           ops/s
[2025-05-18T22:56:09.094+0300][15084][17464][info][gc,stats    ]      Memory: Page Cache Hit L3                                 0 / 0                 4 / 34                4 / 34                4 / 34          ops/s
[2025-05-18T22:56:09.094+0300][15084][17464][info][gc,stats    ]      Memory: Page Cache Miss                                   0 / 0                 0 / 1                 0 / 1                 0 / 1           ops/s
[2025-05-18T22:56:09.094+0300][15084][17464][info][gc,stats    ]      Memory: Uncommit                                          0 / 0                 0 / 0                 0 / 0                 0 / 0           MB/s
[2025-05-18T22:56:09.094+0300][15084][17464][info][gc,stats    ]      Memory: Undo Object Allocation Failed                     0 / 0                 0 / 0                 0 / 0                 0 / 0           ops/s
[2025-05-18T22:56:09.094+0300][15084][17464][info][gc,stats    ]      Memory: Undo Object Allocation Succeeded                  0 / 0                 0 / 0                 0 / 0                 0 / 0           ops/s
[2025-05-18T22:56:09.094+0300][15084][17464][info][gc,stats    ]      Memory: Undo Page Allocation                              0 / 0                 0 / 3                 0 / 3                 0 / 3           ops/s
[2025-05-18T22:56:09.094+0300][15084][17464][info][gc,stats    ]       Phase: Concurrent Mark                               0.000 / 0.000        27.923 / 33.584       27.923 / 33.584       27.923 / 33.584      ms
[2025-05-18T22:56:09.094+0300][15084][17464][info][gc,stats    ]       Phase: Concurrent Mark Continue                      0.000 / 0.000         0.000 / 0.000         0.000 / 0.000         0.000 / 0.000       ms
[2025-05-18T22:56:09.094+0300][15084][17464][info][gc,stats    ]       Phase: Concurrent Mark Free                          0.000 / 0.000         0.001 / 0.001         0.001 / 0.001         0.001 / 0.001       ms
[2025-05-18T22:56:09.094+0300][15084][17464][info][gc,stats    ]       Phase: Concurrent Process Non-Strong References      0.000 / 0.000        11.107 / 19.302       11.107 / 19.302       11.107 / 19.302      ms
[2025-05-18T22:56:09.094+0300][15084][17464][info][gc,stats    ]       Phase: Concurrent Relocate                           0.000 / 0.000         1.767 / 5.335         1.767 / 5.335         1.767 / 5.335       ms
[2025-05-18T22:56:09.094+0300][15084][17464][info][gc,stats    ]       Phase: Concurrent Reset Relocation Set               0.000 / 0.000         0.007 / 0.028         0.007 / 0.028         0.007 / 0.028       ms
[2025-05-18T22:56:09.094+0300][15084][17464][info][gc,stats    ]       Phase: Concurrent Select Relocation Set              0.000 / 0.000         2.188 / 5.162         2.188 / 5.162         2.188 / 5.162       ms
[2025-05-18T22:56:09.094+0300][15084][17464][info][gc,stats    ]       Phase: Pause Mark End                                0.000 / 0.000         0.018 / 0.026         0.018 / 0.026         0.018 / 0.026       ms
[2025-05-18T22:56:09.094+0300][15084][17464][info][gc,stats    ]       Phase: Pause Mark Start                              0.000 / 0.000         0.012 / 0.026         0.012 / 0.026         0.012 / 0.026       ms
[2025-05-18T22:56:09.094+0300][15084][17464][info][gc,stats    ]       Phase: Pause Relocate Start                          0.000 / 0.000         0.126 / 1.085         0.126 / 1.085         0.126 / 1.085       ms
[2025-05-18T22:56:09.095+0300][15084][17464][info][gc,stats    ]    Subphase: Concurrent Classes Purge                      0.000 / 0.000         1.093 / 3.448         1.093 / 3.448         1.093 / 3.448       ms
[2025-05-18T22:56:09.095+0300][15084][17464][info][gc,stats    ]    Subphase: Concurrent Classes Unlink                     0.000 / 0.000         7.916 / 17.154        7.916 / 17.154        7.916 / 17.154      ms
[2025-05-18T22:56:09.095+0300][15084][17464][info][gc,stats    ]    Subphase: Concurrent Mark                               0.000 / 0.000        22.234 / 32.456       22.234 / 32.456       22.234 / 32.456      ms
[2025-05-18T22:56:09.095+0300][15084][17464][info][gc,stats    ]    Subphase: Concurrent Mark Try Flush                     0.000 / 0.000         0.150 / 0.270         0.150 / 0.270         0.150 / 0.270       ms
[2025-05-18T22:56:09.095+0300][15084][17464][info][gc,stats    ]    Subphase: Concurrent Mark Try Terminate                 0.000 / 0.000         3.383 / 14.953        3.383 / 14.953        3.383 / 14.953      ms
[2025-05-18T22:56:09.095+0300][15084][17464][info][gc,stats    ]    Subphase: Concurrent References Enqueue                 0.000 / 0.000         0.003 / 0.005         0.003 / 0.005         0.003 / 0.005       ms
[2025-05-18T22:56:09.095+0300][15084][17464][info][gc,stats    ]    Subphase: Concurrent References Process                 0.000 / 0.000         0.180 / 0.315         0.180 / 0.315         0.180 / 0.315       ms
[2025-05-18T22:56:09.095+0300][15084][17464][info][gc,stats    ]    Subphase: Concurrent Roots ClassLoaderDataGraph         0.000 / 0.000         0.262 / 0.975         0.262 / 0.975         0.262 / 0.975       ms
[2025-05-18T22:56:09.095+0300][15084][17464][info][gc,stats    ]    Subphase: Concurrent Roots CodeCache                    0.000 / 0.000         0.000 / 0.000         0.000 / 0.000         0.000 / 0.000       ms
[2025-05-18T22:56:09.095+0300][15084][17464][info][gc,stats    ]    Subphase: Concurrent Roots JavaThreads                  0.000 / 0.000         0.729 / 3.315         0.729 / 3.315         0.729 / 3.315       ms
[2025-05-18T22:56:09.095+0300][15084][17464][info][gc,stats    ]    Subphase: Concurrent Roots OopStorageSet                0.000 / 0.000         0.052 / 0.130         0.052 / 0.130         0.052 / 0.130       ms
[2025-05-18T22:56:09.095+0300][15084][17464][info][gc,stats    ]    Subphase: Concurrent Weak Roots OopStorageSet           0.000 / 0.000         0.669 / 1.152         0.669 / 1.152         0.669 / 1.152       ms
[2025-05-18T22:56:09.095+0300][15084][17464][info][gc,stats    ]    Subphase: Pause Mark Try Complete                       0.000 / 0.000         0.000 / 0.000         0.000 / 0.000         0.000 / 0.000       ms
[2025-05-18T22:56:09.095+0300][15084][17464][info][gc,stats    ]      System: Java Threads                                      0 / 0                29 / 34               29 / 34               29 / 34          threads
[2025-05-18T22:56:09.095+0300][15084][17464][info][gc,stats    ] =========================================================================================================================================================
[2025-05-18T22:56:19.091+0300][15084][17464][info][gc,stats    ] === Garbage Collection Statistics =======================================================================================================================
[2025-05-18T22:56:19.091+0300][15084][17464][info][gc,stats    ]                                                              Last 10s              Last 10m              Last 10h                Total
[2025-05-18T22:56:19.091+0300][15084][17464][info][gc,stats    ]                                                              Avg / Max             Avg / Max             Avg / Max             Avg / Max
[2025-05-18T22:56:19.091+0300][15084][17464][info][gc,stats    ]   Collector: Garbage Collection Cycle                      0.000 / 0.000        44.119 / 53.225       44.119 / 53.225       44.119 / 53.225      ms
[2025-05-18T22:56:19.091+0300][15084][17464][info][gc,stats    ]  Contention: Mark Segment Reset Contention                     0 / 0                 0 / 0                 0 / 0                 0 / 0           ops/s
[2025-05-18T22:56:19.091+0300][15084][17464][info][gc,stats    ]  Contention: Mark SeqNum Reset Contention                      0 / 0                 0 / 0                 0 / 0                 0 / 0           ops/s
[2025-05-18T22:56:19.091+0300][15084][17464][info][gc,stats    ]    Critical: Allocation Stall                                  0 / 0                 0 / 0                 0 / 0                 0 / 0           ops/s
[2025-05-18T22:56:19.091+0300][15084][17464][info][gc,stats    ]    Critical: Allocation Stall                              0.000 / 0.000         0.000 / 0.000         0.000 / 0.000         0.000 / 0.000       ms
[2025-05-18T22:56:19.091+0300][15084][17464][info][gc,stats    ]    Critical: GC Locker Stall                                   0 / 0                 0 / 0                 0 / 0                 0 / 0           ops/s
[2025-05-18T22:56:19.091+0300][15084][17464][info][gc,stats    ]    Critical: GC Locker Stall                               0.000 / 0.000         0.000 / 0.000         0.000 / 0.000         0.000 / 0.000       ms
[2025-05-18T22:56:19.092+0300][15084][17464][info][gc,stats    ]    Critical: Relocation Stall                                  0 / 0                 0 / 0                 0 / 0                 0 / 0           ops/s
[2025-05-18T22:56:19.092+0300][15084][17464][info][gc,stats    ]    Critical: Relocation Stall                              0.000 / 0.000         0.000 / 0.000         0.000 / 0.000         0.000 / 0.000       ms
[2025-05-18T22:56:19.092+0300][15084][17464][info][gc,stats    ]      Memory: Allocation Rate                                  34 / 42               35 / 146              35 / 146              35 / 146         MB/s
[2025-05-18T22:56:19.092+0300][15084][17464][info][gc,stats    ]      Memory: Defragment                                        0 / 0                 0 / 0                 0 / 0                 0 / 0           ops/s
[2025-05-18T22:56:19.092+0300][15084][17464][info][gc,stats    ]      Memory: Out Of Memory                                     0 / 0                 0 / 0                 0 / 0                 0 / 0           ops/s
[2025-05-18T22:56:19.092+0300][15084][17464][info][gc,stats    ]      Memory: Page Cache Flush                                  0 / 0                 0 / 0                 0 / 0                 0 / 0           MB/s
[2025-05-18T22:56:19.092+0300][15084][17464][info][gc,stats    ]      Memory: Page Cache Hit L1                                17 / 21               13 / 76               13 / 76               13 / 76          ops/s
[2025-05-18T22:56:19.092+0300][15084][17464][info][gc,stats    ]      Memory: Page Cache Hit L2                                 0 / 0                 0 / 0                 0 / 0                 0 / 0           ops/s
[2025-05-18T22:56:19.092+0300][15084][17464][info][gc,stats    ]      Memory: Page Cache Hit L3                                 0 / 0                 4 / 34                4 / 34                4 / 34          ops/s
[2025-05-18T22:56:19.092+0300][15084][17464][info][gc,stats    ]      Memory: Page Cache Miss                                   0 / 0                 0 / 1                 0 / 1                 0 / 1           ops/s
[2025-05-18T22:56:19.092+0300][15084][17464][info][gc,stats    ]      Memory: Uncommit                                          0 / 0                 0 / 0                 0 / 0                 0 / 0           MB/s
[2025-05-18T22:56:19.092+0300][15084][17464][info][gc,stats    ]      Memory: Undo Object Allocation Failed                     0 / 0                 0 / 0                 0 / 0                 0 / 0           ops/s
[2025-05-18T22:56:19.092+0300][15084][17464][info][gc,stats    ]      Memory: Undo Object Allocation Succeeded                  0 / 0                 0 / 0                 0 / 0                 0 / 0           ops/s
[2025-05-18T22:56:19.092+0300][15084][17464][info][gc,stats    ]      Memory: Undo Page Allocation                              0 / 1                 0 / 3                 0 / 3                 0 / 3           ops/s
[2025-05-18T22:56:19.092+0300][15084][17464][info][gc,stats    ]       Phase: Concurrent Mark                               0.000 / 0.000        27.923 / 33.584       27.923 / 33.584       27.923 / 33.584      ms
[2025-05-18T22:56:19.092+0300][15084][17464][info][gc,stats    ]       Phase: Concurrent Mark Continue                      0.000 / 0.000         0.000 / 0.000         0.000 / 0.000         0.000 / 0.000       ms
[2025-05-18T22:56:19.092+0300][15084][17464][info][gc,stats    ]       Phase: Concurrent Mark Free                          0.000 / 0.000         0.001 / 0.001         0.001 / 0.001         0.001 / 0.001       ms
[2025-05-18T22:56:19.092+0300][15084][17464][info][gc,stats    ]       Phase: Concurrent Process Non-Strong References      0.000 / 0.000        11.107 / 19.302       11.107 / 19.302       11.107 / 19.302      ms
[2025-05-18T22:56:19.092+0300][15084][17464][info][gc,stats    ]       Phase: Concurrent Relocate                           0.000 / 0.000         1.767 / 5.335         1.767 / 5.335         1.767 / 5.335       ms
[2025-05-18T22:56:19.092+0300][15084][17464][info][gc,stats    ]       Phase: Concurrent Reset Relocation Set               0.000 / 0.000         0.007 / 0.028         0.007 / 0.028         0.007 / 0.028       ms
[2025-05-18T22:56:19.092+0300][15084][17464][info][gc,stats    ]       Phase: Concurrent Select Relocation Set              0.000 / 0.000         2.188 / 5.162         2.188 / 5.162         2.188 / 5.162       ms
[2025-05-18T22:56:19.092+0300][15084][17464][info][gc,stats    ]       Phase: Pause Mark End                                0.000 / 0.000         0.018 / 0.026         0.018 / 0.026         0.018 / 0.026       ms
[2025-05-18T22:56:19.092+0300][15084][17464][info][gc,stats    ]       Phase: Pause Mark Start                              0.000 / 0.000         0.012 / 0.026         0.012 / 0.026         0.012 / 0.026       ms
[2025-05-18T22:56:19.092+0300][15084][17464][info][gc,stats    ]       Phase: Pause Relocate Start                          0.000 / 0.000         0.126 / 1.085         0.126 / 1.085         0.126 / 1.085       ms
[2025-05-18T22:56:19.092+0300][15084][17464][info][gc,stats    ]    Subphase: Concurrent Classes Purge                      0.000 / 0.000         1.093 / 3.448         1.093 / 3.448         1.093 / 3.448       ms
[2025-05-18T22:56:19.092+0300][15084][17464][info][gc,stats    ]    Subphase: Concurrent Classes Unlink                     0.000 / 0.000         7.916 / 17.154        7.916 / 17.154        7.916 / 17.154      ms
[2025-05-18T22:56:19.093+0300][15084][17464][info][gc,stats    ]    Subphase: Concurrent Mark                               0.000 / 0.000        22.234 / 32.456       22.234 / 32.456       22.234 / 32.456      ms
[2025-05-18T22:56:19.093+0300][15084][17464][info][gc,stats    ]    Subphase: Concurrent Mark Try Flush                     0.000 / 0.000         0.150 / 0.270         0.150 / 0.270         0.150 / 0.270       ms
[2025-05-18T22:56:19.093+0300][15084][17464][info][gc,stats    ]    Subphase: Concurrent Mark Try Terminate                 0.000 / 0.000         3.383 / 14.953        3.383 / 14.953        3.383 / 14.953      ms
[2025-05-18T22:56:19.093+0300][15084][17464][info][gc,stats    ]    Subphase: Concurrent References Enqueue                 0.000 / 0.000         0.003 / 0.005         0.003 / 0.005         0.003 / 0.005       ms
[2025-05-18T22:56:19.093+0300][15084][17464][info][gc,stats    ]    Subphase: Concurrent References Process                 0.000 / 0.000         0.180 / 0.315         0.180 / 0.315         0.180 / 0.315       ms
[2025-05-18T22:56:19.093+0300][15084][17464][info][gc,stats    ]    Subphase: Concurrent Roots ClassLoaderDataGraph         0.000 / 0.000         0.262 / 0.975         0.262 / 0.975         0.262 / 0.975       ms
[2025-05-18T22:56:19.093+0300][15084][17464][info][gc,stats    ]    Subphase: Concurrent Roots CodeCache                    0.000 / 0.000         0.000 / 0.000         0.000 / 0.000         0.000 / 0.000       ms
[2025-05-18T22:56:19.093+0300][15084][17464][info][gc,stats    ]    Subphase: Concurrent Roots JavaThreads                  0.000 / 0.000         0.729 / 3.315         0.729 / 3.315         0.729 / 3.315       ms
[2025-05-18T22:56:19.093+0300][15084][17464][info][gc,stats    ]    Subphase: Concurrent Roots OopStorageSet                0.000 / 0.000         0.052 / 0.130         0.052 / 0.130         0.052 / 0.130       ms
[2025-05-18T22:56:19.093+0300][15084][17464][info][gc,stats    ]    Subphase: Concurrent Weak Roots OopStorageSet           0.000 / 0.000         0.669 / 1.152         0.669 / 1.152         0.669 / 1.152       ms
[2025-05-18T22:56:19.093+0300][15084][17464][info][gc,stats    ]    Subphase: Pause Mark Try Complete                       0.000 / 0.000         0.000 / 0.000         0.000 / 0.000         0.000 / 0.000       ms
[2025-05-18T22:56:19.093+0300][15084][17464][info][gc,stats    ]      System: Java Threads                                      0 / 0                29 / 34               29 / 34               29 / 34          threads
[2025-05-18T22:56:19.093+0300][15084][17464][info][gc,stats    ] =========================================================================================================================================================
[2025-05-18T22:56:27.992+0300][15084][15876][info][gc,start    ] GC(9) Garbage Collection (Proactive)
[2025-05-18T22:56:27.992+0300][15084][15876][info][gc,task     ] GC(9) Using 2 workers
[2025-05-18T22:56:27.992+0300][15084][17492][info][gc,phases   ] GC(9) Pause Mark Start 0.022ms
[2025-05-18T22:56:28.024+0300][15084][15876][info][gc,phases   ] GC(9) Concurrent Mark 31.291ms
[2025-05-18T22:56:28.024+0300][15084][17492][info][gc,phases   ] GC(9) Pause Mark End 0.019ms
[2025-05-18T22:56:28.024+0300][15084][15876][info][gc,phases   ] GC(9) Concurrent Mark Free 0.001ms
[2025-05-18T22:56:28.030+0300][15084][15876][info][gc,phases   ] GC(9) Concurrent Process Non-Strong References 6.948ms
[2025-05-18T22:56:28.030+0300][15084][15876][info][gc,phases   ] GC(9) Concurrent Reset Relocation Set 0.004ms
[2025-05-18T22:56:28.033+0300][15084][15876][info][gc,phases   ] GC(9) Concurrent Select Relocation Set 1.255ms
[2025-05-18T22:56:28.033+0300][15084][17492][info][gc,phases   ] GC(9) Pause Relocate Start 0.006ms
[2025-05-18T22:56:28.034+0300][15084][15876][info][gc,phases   ] GC(9) Concurrent Relocate 1.082ms
[2025-05-18T22:56:28.034+0300][15084][15876][info][gc,load     ] GC(9) Load: 0.00/0.00/0.00
[2025-05-18T22:56:28.034+0300][15084][15876][info][gc,mmu      ] GC(9) MMU: 2ms/45.7%, 5ms/78.3%, 10ms/89.1%, 20ms/94.4%, 50ms/97.8%, 100ms/98.9%
[2025-05-18T22:56:28.034+0300][15084][15876][info][gc,marking  ] GC(9) Mark: 2 stripe(s), 2 proactive flush(es), 1 terminate flush(es), 0 completion(s), 0 continuation(s) 
[2025-05-18T22:56:28.034+0300][15084][15876][info][gc,marking  ] GC(9) Mark Stack Usage: 32M
[2025-05-18T22:56:28.034+0300][15084][15876][info][gc,nmethod  ] GC(9) NMethods: 3927 registered, 1118 unregistered
[2025-05-18T22:56:28.034+0300][15084][15876][info][gc,metaspace] GC(9) Metaspace: 33M used, 34M committed, 1088M reserved
[2025-05-18T22:56:28.034+0300][15084][15876][info][gc,ref      ] GC(9) Soft: 4274 encountered, 0 discovered, 0 enqueued
[2025-05-18T22:56:28.034+0300][15084][15876][info][gc,ref      ] GC(9) Weak: 2491 encountered, 466 discovered, 0 enqueued
[2025-05-18T22:56:28.034+0300][15084][15876][info][gc,ref      ] GC(9) Final: 3 encountered, 2 discovered, 0 enqueued
[2025-05-18T22:56:28.034+0300][15084][15876][info][gc,ref      ] GC(9) Phantom: 276 encountered, 204 discovered, 0 enqueued
[2025-05-18T22:56:28.034+0300][15084][15876][info][gc,reloc    ] GC(9) Small Pages: 631 / 1262M, Empty: 1084M, Relocated: 1M, In-Place: 0
[2025-05-18T22:56:28.034+0300][15084][15876][info][gc,reloc    ] GC(9) Medium Pages: 1 / 32M, Empty: 0M, Relocated: 0M, In-Place: 0
[2025-05-18T22:56:28.034+0300][15084][15876][info][gc,reloc    ] GC(9) Large Pages: 0 / 0M, Empty: 0M, Relocated: 0M, In-Place: 0
[2025-05-18T22:56:28.034+0300][15084][15876][info][gc,reloc    ] GC(9) Forwarding Usage: 0M
[2025-05-18T22:56:28.034+0300][15084][15876][info][gc,heap     ] GC(9) Min Capacity: 12288M(100%)
[2025-05-18T22:56:28.034+0300][15084][15876][info][gc,heap     ] GC(9) Max Capacity: 12288M(100%)
[2025-05-18T22:56:28.034+0300][15084][15876][info][gc,heap     ] GC(9) Soft Max Capacity: 12288M(100%)
[2025-05-18T22:56:28.034+0300][15084][15876][info][gc,heap     ] GC(9)                Mark Start          Mark End        Relocate Start      Relocate End           High               Low         
[2025-05-18T22:56:28.034+0300][15084][15876][info][gc,heap     ] GC(9)  Capacity:    12288M (100%)      12288M (100%)      12288M (100%)      12288M (100%)      12288M (100%)      12288M (100%)   
[2025-05-18T22:56:28.034+0300][15084][15876][info][gc,heap     ] GC(9)      Free:    10994M (89%)       10982M (89%)       12066M (98%)       12222M (99%)       12222M (99%)       10982M (89%)    
[2025-05-18T22:56:28.034+0300][15084][15876][info][gc,heap     ] GC(9)      Used:     1294M (11%)        1306M (11%)         222M (2%)           66M (1%)         1306M (11%)          66M (1%)     
[2025-05-18T22:56:28.034+0300][15084][15876][info][gc,heap     ] GC(9)      Live:         -                18M (0%)           18M (0%)           18M (0%)             -                  -          
[2025-05-18T22:56:28.034+0300][15084][15876][info][gc,heap     ] GC(9) Allocated:         -                12M (0%)           12M (0%)           12M (0%)             -                  -          
[2025-05-18T22:56:28.034+0300][15084][15876][info][gc,heap     ] GC(9)   Garbage:         -              1275M (10%)         191M (2%)           35M (0%)             -                  -          
[2025-05-18T22:56:28.034+0300][15084][15876][info][gc,heap     ] GC(9) Reclaimed:         -                  -              1084M (9%)         1240M (10%)            -                  -          
[2025-05-18T22:56:28.034+0300][15084][15876][info][gc          ] GC(9) Garbage Collection (Proactive) 1294M(11%)->66M(1%)
[2025-05-18T22:56:29.089+0300][15084][17464][info][gc,stats    ] === Garbage Collection Statistics =======================================================================================================================
[2025-05-18T22:56:29.089+0300][15084][17464][info][gc,stats    ]                                                              Last 10s              Last 10m              Last 10h                Total
[2025-05-18T22:56:29.089+0300][15084][17464][info][gc,stats    ]                                                              Avg / Max             Avg / Max             Avg / Max             Avg / Max
[2025-05-18T22:56:29.089+0300][15084][17464][info][gc,stats    ]   Collector: Garbage Collection Cycle                     41.704 / 41.704       43.878 / 53.225       43.878 / 53.225       43.878 / 53.225      ms
[2025-05-18T22:56:29.089+0300][15084][17464][info][gc,stats    ]  Contention: Mark Segment Reset Contention                     0 / 0                 0 / 0                 0 / 0                 0 / 0           ops/s
[2025-05-18T22:56:29.089+0300][15084][17464][info][gc,stats    ]  Contention: Mark SeqNum Reset Contention                      0 / 0                 0 / 0                 0 / 0                 0 / 0           ops/s
[2025-05-18T22:56:29.089+0300][15084][17464][info][gc,stats    ]    Critical: Allocation Stall                                  0 / 0                 0 / 0                 0 / 0                 0 / 0           ops/s
[2025-05-18T22:56:29.089+0300][15084][17464][info][gc,stats    ]    Critical: Allocation Stall                              0.000 / 0.000         0.000 / 0.000         0.000 / 0.000         0.000 / 0.000       ms
[2025-05-18T22:56:29.089+0300][15084][17464][info][gc,stats    ]    Critical: GC Locker Stall                                   0 / 0                 0 / 0                 0 / 0                 0 / 0           ops/s
[2025-05-18T22:56:29.089+0300][15084][17464][info][gc,stats    ]    Critical: GC Locker Stall                               0.000 / 0.000         0.000 / 0.000         0.000 / 0.000         0.000 / 0.000       ms
[2025-05-18T22:56:29.089+0300][15084][17464][info][gc,stats    ]    Critical: Relocation Stall                                  0 / 0                 0 / 0                 0 / 0                 0 / 0           ops/s
[2025-05-18T22:56:29.089+0300][15084][17464][info][gc,stats    ]    Critical: Relocation Stall                              0.000 / 0.000         0.000 / 0.000         0.000 / 0.000         0.000 / 0.000       ms
[2025-05-18T22:56:29.089+0300][15084][17464][info][gc,stats    ]      Memory: Allocation Rate                                  35 / 50               35 / 146              35 / 146              35 / 146         MB/s
[2025-05-18T22:56:29.089+0300][15084][17464][info][gc,stats    ]      Memory: Defragment                                        0 / 0                 0 / 0                 0 / 0                 0 / 0           ops/s
[2025-05-18T22:56:29.090+0300][15084][17464][info][gc,stats    ]      Memory: Out Of Memory                                     0 / 0                 0 / 0                 0 / 0                 0 / 0           ops/s
[2025-05-18T22:56:29.090+0300][15084][17464][info][gc,stats    ]      Memory: Page Cache Flush                                  0 / 0                 0 / 0                 0 / 0                 0 / 0           MB/s
[2025-05-18T22:56:29.090+0300][15084][17464][info][gc,stats    ]      Memory: Page Cache Hit L1                                17 / 27               13 / 76               13 / 76               13 / 76          ops/s
[2025-05-18T22:56:29.090+0300][15084][17464][info][gc,stats    ]      Memory: Page Cache Hit L2                                 0 / 0                 0 / 0                 0 / 0                 0 / 0           ops/s
[2025-05-18T22:56:29.090+0300][15084][17464][info][gc,stats    ]      Memory: Page Cache Hit L3                                 0 / 0                 4 / 34                4 / 34                4 / 34          ops/s
[2025-05-18T22:56:29.090+0300][15084][17464][info][gc,stats    ]      Memory: Page Cache Miss                                   0 / 0                 0 / 1                 0 / 1                 0 / 1           ops/s
[2025-05-18T22:56:29.090+0300][15084][17464][info][gc,stats    ]      Memory: Uncommit                                          0 / 0                 0 / 0                 0 / 0                 0 / 0           MB/s
[2025-05-18T22:56:29.090+0300][15084][17464][info][gc,stats    ]      Memory: Undo Object Allocation Failed                     0 / 0                 0 / 0                 0 / 0                 0 / 0           ops/s
[2025-05-18T22:56:29.090+0300][15084][17464][info][gc,stats    ]      Memory: Undo Object Allocation Succeeded                  0 / 0                 0 / 0                 0 / 0                 0 / 0           ops/s
[2025-05-18T22:56:29.090+0300][15084][17464][info][gc,stats    ]      Memory: Undo Page Allocation                              0 / 0                 0 / 3                 0 / 3                 0 / 3           ops/s
[2025-05-18T22:56:29.090+0300][15084][17464][info][gc,stats    ]       Phase: Concurrent Mark                              31.291 / 31.291       28.260 / 33.584       28.260 / 33.584       28.260 / 33.584      ms
[2025-05-18T22:56:29.090+0300][15084][17464][info][gc,stats    ]       Phase: Concurrent Mark Continue                      0.000 / 0.000         0.000 / 0.000         0.000 / 0.000         0.000 / 0.000       ms
[2025-05-18T22:56:29.090+0300][15084][17464][info][gc,stats    ]       Phase: Concurrent Mark Free                          0.001 / 0.001         0.001 / 0.001         0.001 / 0.001         0.001 / 0.001       ms
[2025-05-18T22:56:29.090+0300][15084][17464][info][gc,stats    ]       Phase: Concurrent Process Non-Strong References      6.948 / 6.948        10.691 / 19.302       10.691 / 19.302       10.691 / 19.302      ms
[2025-05-18T22:56:29.090+0300][15084][17464][info][gc,stats    ]       Phase: Concurrent Relocate                           1.082 / 1.082         1.698 / 5.335         1.698 / 5.335         1.698 / 5.335       ms
[2025-05-18T22:56:29.090+0300][15084][17464][info][gc,stats    ]       Phase: Concurrent Reset Relocation Set               0.004 / 0.004         0.007 / 0.028         0.007 / 0.028         0.007 / 0.028       ms
[2025-05-18T22:56:29.090+0300][15084][17464][info][gc,stats    ]       Phase: Concurrent Select Relocation Set              1.255 / 1.255         2.095 / 5.162         2.095 / 5.162         2.095 / 5.162       ms
[2025-05-18T22:56:29.090+0300][15084][17464][info][gc,stats    ]       Phase: Pause Mark End                                0.019 / 0.019         0.018 / 0.026         0.018 / 0.026         0.018 / 0.026       ms
[2025-05-18T22:56:29.090+0300][15084][17464][info][gc,stats    ]       Phase: Pause Mark Start                              0.022 / 0.022         0.013 / 0.026         0.013 / 0.026         0.013 / 0.026       ms
[2025-05-18T22:56:29.090+0300][15084][17464][info][gc,stats    ]       Phase: Pause Relocate Start                          0.006 / 0.006         0.114 / 1.085         0.114 / 1.085         0.114 / 1.085       ms
[2025-05-18T22:56:29.090+0300][15084][17464][info][gc,stats    ]    Subphase: Concurrent Classes Purge                      0.534 / 0.534         1.037 / 3.448         1.037 / 3.448         1.037 / 3.448       ms
[2025-05-18T22:56:29.090+0300][15084][17464][info][gc,stats    ]    Subphase: Concurrent Classes Unlink                     5.209 / 5.209         7.645 / 17.154        7.645 / 17.154        7.645 / 17.154      ms
[2025-05-18T22:56:29.090+0300][15084][17464][info][gc,stats    ]    Subphase: Concurrent Mark                              22.398 / 30.135       22.250 / 32.456       22.250 / 32.456       22.250 / 32.456      ms
[2025-05-18T22:56:29.090+0300][15084][17464][info][gc,stats    ]    Subphase: Concurrent Mark Try Flush                     0.089 / 0.125         0.144 / 0.270         0.144 / 0.270         0.144 / 0.270       ms
[2025-05-18T22:56:29.090+0300][15084][17464][info][gc,stats    ]    Subphase: Concurrent Mark Try Terminate                 5.466 / 16.350        3.591 / 16.350        3.591 / 16.350        3.591 / 16.350      ms
[2025-05-18T22:56:29.090+0300][15084][17464][info][gc,stats    ]    Subphase: Concurrent References Enqueue                 0.000 / 0.000         0.003 / 0.005         0.003 / 0.005         0.003 / 0.005       ms
[2025-05-18T22:56:29.090+0300][15084][17464][info][gc,stats    ]    Subphase: Concurrent References Process                 0.100 / 0.100         0.172 / 0.315         0.172 / 0.315         0.172 / 0.315       ms
[2025-05-18T22:56:29.091+0300][15084][17464][info][gc,stats    ]    Subphase: Concurrent Roots ClassLoaderDataGraph         0.448 / 0.799         0.280 / 0.975         0.280 / 0.975         0.280 / 0.975       ms
[2025-05-18T22:56:29.091+0300][15084][17464][info][gc,stats    ]    Subphase: Concurrent Roots CodeCache                    0.000 / 0.000         0.000 / 0.000         0.000 / 0.000         0.000 / 0.000       ms
[2025-05-18T22:56:29.091+0300][15084][17464][info][gc,stats    ]    Subphase: Concurrent Roots JavaThreads                  0.428 / 0.740         0.697 / 3.315         0.697 / 3.315         0.697 / 3.315       ms
[2025-05-18T22:56:29.091+0300][15084][17464][info][gc,stats    ]    Subphase: Concurrent Roots OopStorageSet                0.064 / 0.093         0.053 / 0.130         0.053 / 0.130         0.053 / 0.130       ms
[2025-05-18T22:56:29.091+0300][15084][17464][info][gc,stats    ]    Subphase: Concurrent Weak Roots OopStorageSet           0.781 / 0.782         0.680 / 1.152         0.680 / 1.152         0.680 / 1.152       ms
[2025-05-18T22:56:29.091+0300][15084][17464][info][gc,stats    ]    Subphase: Pause Mark Try Complete                       0.000 / 0.000         0.000 / 0.000         0.000 / 0.000         0.000 / 0.000       ms
[2025-05-18T22:56:29.091+0300][15084][17464][info][gc,stats    ]      System: Java Threads                                     32 / 32               30 / 34               30 / 34               30 / 34          threads
[2025-05-18T22:56:29.091+0300][15084][17464][info][gc,stats    ] =========================================================================================================================================================
[2025-05-18T22:56:39.095+0300][15084][17464][info][gc,stats    ] === Garbage Collection Statistics =======================================================================================================================
[2025-05-18T22:56:39.095+0300][15084][17464][info][gc,stats    ]                                                              Last 10s              Last 10m              Last 10h                Total
[2025-05-18T22:56:39.095+0300][15084][17464][info][gc,stats    ]                                                              Avg / Max             Avg / Max             Avg / Max             Avg / Max
[2025-05-18T22:56:39.095+0300][15084][17464][info][gc,stats    ]   Collector: Garbage Collection Cycle                      0.000 / 0.000        43.878 / 53.225       43.878 / 53.225       43.878 / 53.225      ms
[2025-05-18T22:56:39.095+0300][15084][17464][info][gc,stats    ]  Contention: Mark Segment Reset Contention                     0 / 0                 0 / 0                 0 / 0                 0 / 0           ops/s
[2025-05-18T22:56:39.095+0300][15084][17464][info][gc,stats    ]  Contention: Mark SeqNum Reset Contention                      0 / 0                 0 / 0                 0 / 0                 0 / 0           ops/s
[2025-05-18T22:56:39.095+0300][15084][17464][info][gc,stats    ]    Critical: Allocation Stall                                  0 / 0                 0 / 0                 0 / 0                 0 / 0           ops/s
[2025-05-18T22:56:39.095+0300][15084][17464][info][gc,stats    ]    Critical: Allocation Stall                              0.000 / 0.000         0.000 / 0.000         0.000 / 0.000         0.000 / 0.000       ms
[2025-05-18T22:56:39.095+0300][15084][17464][info][gc,stats    ]    Critical: GC Locker Stall                                   0 / 0                 0 / 0                 0 / 0                 0 / 0           ops/s
[2025-05-18T22:56:39.095+0300][15084][17464][info][gc,stats    ]    Critical: GC Locker Stall                               0.000 / 0.000         0.000 / 0.000         0.000 / 0.000         0.000 / 0.000       ms
[2025-05-18T22:56:39.095+0300][15084][17464][info][gc,stats    ]    Critical: Relocation Stall                                  0 / 0                 0 / 0                 0 / 0                 0 / 0           ops/s
[2025-05-18T22:56:39.095+0300][15084][17464][info][gc,stats    ]    Critical: Relocation Stall                              0.000 / 0.000         0.000 / 0.000         0.000 / 0.000         0.000 / 0.000       ms
[2025-05-18T22:56:39.095+0300][15084][17464][info][gc,stats    ]      Memory: Allocation Rate                                  34 / 36               35 / 146              35 / 146              35 / 146         MB/s
[2025-05-18T22:56:39.095+0300][15084][17464][info][gc,stats    ]      Memory: Defragment                                        0 / 0                 0 / 0                 0 / 0                 0 / 0           ops/s
[2025-05-18T22:56:39.096+0300][15084][17464][info][gc,stats    ]      Memory: Out Of Memory                                     0 / 0                 0 / 0                 0 / 0                 0 / 0           ops/s
[2025-05-18T22:56:39.096+0300][15084][17464][info][gc,stats    ]      Memory: Page Cache Flush                                  0 / 0                 0 / 0                 0 / 0                 0 / 0           MB/s
[2025-05-18T22:56:39.096+0300][15084][17464][info][gc,stats    ]      Memory: Page Cache Hit L1                                17 / 18               13 / 76               13 / 76               13 / 76          ops/s
[2025-05-18T22:56:39.096+0300][15084][17464][info][gc,stats    ]      Memory: Page Cache Hit L2                                 0 / 0                 0 / 0                 0 / 0                 0 / 0           ops/s
[2025-05-18T22:56:39.096+0300][15084][17464][info][gc,stats    ]      Memory: Page Cache Hit L3                                 0 / 0                 4 / 34                4 / 34                4 / 34          ops/s
[2025-05-18T22:56:39.096+0300][15084][17464][info][gc,stats    ]      Memory: Page Cache Miss                                   0 / 0                 0 / 1                 0 / 1                 0 / 1           ops/s
[2025-05-18T22:56:39.096+0300][15084][17464][info][gc,stats    ]      Memory: Uncommit                                          0 / 0                 0 / 0                 0 / 0                 0 / 0           MB/s
[2025-05-18T22:56:39.096+0300][15084][17464][info][gc,stats    ]      Memory: Undo Object Allocation Failed                     0 / 0                 0 / 0                 0 / 0                 0 / 0           ops/s
[2025-05-18T22:56:39.096+0300][15084][17464][info][gc,stats    ]      Memory: Undo Object Allocation Succeeded                  0 / 0                 0 / 0                 0 / 0                 0 / 0           ops/s
[2025-05-18T22:56:39.096+0300][15084][17464][info][gc,stats    ]      Memory: Undo Page Allocation                              0 / 0                 0 / 3                 0 / 3                 0 / 3           ops/s
[2025-05-18T22:56:39.096+0300][15084][17464][info][gc,stats    ]       Phase: Concurrent Mark                               0.000 / 0.000        28.260 / 33.584       28.260 / 33.584       28.260 / 33.584      ms
[2025-05-18T22:56:39.096+0300][15084][17464][info][gc,stats    ]       Phase: Concurrent Mark Continue                      0.000 / 0.000         0.000 / 0.000         0.000 / 0.000         0.000 / 0.000       ms
[2025-05-18T22:56:39.096+0300][15084][17464][info][gc,stats    ]       Phase: Concurrent Mark Free                          0.000 / 0.000         0.001 / 0.001         0.001 / 0.001         0.001 / 0.001       ms
[2025-05-18T22:56:39.096+0300][15084][17464][info][gc,stats    ]       Phase: Concurrent Process Non-Strong References      0.000 / 0.000        10.691 / 19.302       10.691 / 19.302       10.691 / 19.302      ms
[2025-05-18T22:56:39.096+0300][15084][17464][info][gc,stats    ]       Phase: Concurrent Relocate                           0.000 / 0.000         1.698 / 5.335         1.698 / 5.335         1.698 / 5.335       ms
[2025-05-18T22:56:39.096+0300][15084][17464][info][gc,stats    ]       Phase: Concurrent Reset Relocation Set               0.000 / 0.000         0.007 / 0.028         0.007 / 0.028         0.007 / 0.028       ms
[2025-05-18T22:56:39.096+0300][15084][17464][info][gc,stats    ]       Phase: Concurrent Select Relocation Set              0.000 / 0.000         2.095 / 5.162         2.095 / 5.162         2.095 / 5.162       ms
[2025-05-18T22:56:39.096+0300][15084][17464][info][gc,stats    ]       Phase: Pause Mark End                                0.000 / 0.000         0.018 / 0.026         0.018 / 0.026         0.018 / 0.026       ms
[2025-05-18T22:56:39.096+0300][15084][17464][info][gc,stats    ]       Phase: Pause Mark Start                              0.000 / 0.000         0.013 / 0.026         0.013 / 0.026         0.013 / 0.026       ms
[2025-05-18T22:56:39.096+0300][15084][17464][info][gc,stats    ]       Phase: Pause Relocate Start                          0.000 / 0.000         0.114 / 1.085         0.114 / 1.085         0.114 / 1.085       ms
[2025-05-18T22:56:39.096+0300][15084][17464][info][gc,stats    ]    Subphase: Concurrent Classes Purge                      0.000 / 0.000         1.037 / 3.448         1.037 / 3.448         1.037 / 3.448       ms
[2025-05-18T22:56:39.096+0300][15084][17464][info][gc,stats    ]    Subphase: Concurrent Classes Unlink                     0.000 / 0.000         7.645 / 17.154        7.645 / 17.154        7.645 / 17.154      ms
[2025-05-18T22:56:39.096+0300][15084][17464][info][gc,stats    ]    Subphase: Concurrent Mark                               0.000 / 0.000        22.250 / 32.456       22.250 / 32.456       22.250 / 32.456      ms
[2025-05-18T22:56:39.096+0300][15084][17464][info][gc,stats    ]    Subphase: Concurrent Mark Try Flush                     0.000 / 0.000         0.144 / 0.270         0.144 / 0.270         0.144 / 0.270       ms
[2025-05-18T22:56:39.096+0300][15084][17464][info][gc,stats    ]    Subphase: Concurrent Mark Try Terminate                 0.000 / 0.000         3.591 / 16.350        3.591 / 16.350        3.591 / 16.350      ms
[2025-05-18T22:56:39.096+0300][15084][17464][info][gc,stats    ]    Subphase: Concurrent References Enqueue                 0.000 / 0.000         0.003 / 0.005         0.003 / 0.005         0.003 / 0.005       ms
[2025-05-18T22:56:39.096+0300][15084][17464][info][gc,stats    ]    Subphase: Concurrent References Process                 0.000 / 0.000         0.172 / 0.315         0.172 / 0.315         0.172 / 0.315       ms
[2025-05-18T22:56:39.096+0300][15084][17464][info][gc,stats    ]    Subphase: Concurrent Roots ClassLoaderDataGraph         0.000 / 0.000         0.280 / 0.975         0.280 / 0.975         0.280 / 0.975       ms
[2025-05-18T22:56:39.097+0300][15084][17464][info][gc,stats    ]    Subphase: Concurrent Roots CodeCache                    0.000 / 0.000         0.000 / 0.000         0.000 / 0.000         0.000 / 0.000       ms
[2025-05-18T22:56:39.097+0300][15084][17464][info][gc,stats    ]    Subphase: Concurrent Roots JavaThreads                  0.000 / 0.000         0.697 / 3.315         0.697 / 3.315         0.697 / 3.315       ms
[2025-05-18T22:56:39.097+0300][15084][17464][info][gc,stats    ]    Subphase: Concurrent Roots OopStorageSet                0.000 / 0.000         0.053 / 0.130         0.053 / 0.130         0.053 / 0.130       ms
[2025-05-18T22:56:39.097+0300][15084][17464][info][gc,stats    ]    Subphase: Concurrent Weak Roots OopStorageSet           0.000 / 0.000         0.680 / 1.152         0.680 / 1.152         0.680 / 1.152       ms
[2025-05-18T22:56:39.097+0300][15084][17464][info][gc,stats    ]    Subphase: Pause Mark Try Complete                       0.000 / 0.000         0.000 / 0.000         0.000 / 0.000         0.000 / 0.000       ms
[2025-05-18T22:56:39.097+0300][15084][17464][info][gc,stats    ]      System: Java Threads                                      0 / 0                30 / 34               30 / 34               30 / 34          threads
[2025-05-18T22:56:39.097+0300][15084][17464][info][gc,stats    ] =========================================================================================================================================================
[2025-05-18T22:56:49.080+0300][15084][17464][info][gc,stats    ] === Garbage Collection Statistics =======================================================================================================================
[2025-05-18T22:56:49.080+0300][15084][17464][info][gc,stats    ]                                                              Last 10s              Last 10m              Last 10h                Total
[2025-05-18T22:56:49.080+0300][15084][17464][info][gc,stats    ]                                                              Avg / Max             Avg / Max             Avg / Max             Avg / Max
[2025-05-18T22:56:49.080+0300][15084][17464][info][gc,stats    ]   Collector: Garbage Collection Cycle                      0.000 / 0.000        43.878 / 53.225       43.878 / 53.225       43.878 / 53.225      ms
[2025-05-18T22:56:49.080+0300][15084][17464][info][gc,stats    ]  Contention: Mark Segment Reset Contention                     0 / 0                 0 / 0                 0 / 0                 0 / 0           ops/s
[2025-05-18T22:56:49.080+0300][15084][17464][info][gc,stats    ]  Contention: Mark SeqNum Reset Contention                      0 / 0                 0 / 0                 0 / 0                 0 / 0           ops/s
[2025-05-18T22:56:49.080+0300][15084][17464][info][gc,stats    ]    Critical: Allocation Stall                                  0 / 0                 0 / 0                 0 / 0                 0 / 0           ops/s
[2025-05-18T22:56:49.080+0300][15084][17464][info][gc,stats    ]    Critical: Allocation Stall                              0.000 / 0.000         0.000 / 0.000         0.000 / 0.000         0.000 / 0.000       ms
[2025-05-18T22:56:49.080+0300][15084][17464][info][gc,stats    ]    Critical: GC Locker Stall                                   0 / 0                 0 / 0                 0 / 0                 0 / 0           ops/s
[2025-05-18T22:56:49.080+0300][15084][17464][info][gc,stats    ]    Critical: GC Locker Stall                               0.000 / 0.000         0.000 / 0.000         0.000 / 0.000         0.000 / 0.000       ms
[2025-05-18T22:56:49.080+0300][15084][17464][info][gc,stats    ]    Critical: Relocation Stall                                  0 / 0                 0 / 0                 0 / 0                 0 / 0           ops/s
[2025-05-18T22:56:49.080+0300][15084][17464][info][gc,stats    ]    Critical: Relocation Stall                              0.000 / 0.000         0.000 / 0.000         0.000 / 0.000         0.000 / 0.000       ms
[2025-05-18T22:56:49.080+0300][15084][17464][info][gc,stats    ]      Memory: Allocation Rate                                  33 / 36               35 / 146              35 / 146              35 / 146         MB/s
[2025-05-18T22:56:49.080+0300][15084][17464][info][gc,stats    ]      Memory: Defragment                                        0 / 0                 0 / 0                 0 / 0                 0 / 0           ops/s
[2025-05-18T22:56:49.080+0300][15084][17464][info][gc,stats    ]      Memory: Out Of Memory                                     0 / 0                 0 / 0                 0 / 0                 0 / 0           ops/s
[2025-05-18T22:56:49.080+0300][15084][17464][info][gc,stats    ]      Memory: Page Cache Flush                                  0 / 0                 0 / 0                 0 / 0                 0 / 0           MB/s
[2025-05-18T22:56:49.080+0300][15084][17464][info][gc,stats    ]      Memory: Page Cache Hit L1                                16 / 18               13 / 76               13 / 76               13 / 76          ops/s
[2025-05-18T22:56:49.080+0300][15084][17464][info][gc,stats    ]      Memory: Page Cache Hit L2                                 0 / 0                 0 / 0                 0 / 0                 0 / 0           ops/s
[2025-05-18T22:56:49.080+0300][15084][17464][info][gc,stats    ]      Memory: Page Cache Hit L3                                 0 / 0                 4 / 34                4 / 34                4 / 34          ops/s
[2025-05-18T22:56:49.080+0300][15084][17464][info][gc,stats    ]      Memory: Page Cache Miss                                   0 / 0                 0 / 1                 0 / 1                 0 / 1           ops/s
[2025-05-18T22:56:49.080+0300][15084][17464][info][gc,stats    ]      Memory: Uncommit                                          0 / 0                 0 / 0                 0 / 0                 0 / 0           MB/s
[2025-05-18T22:56:49.080+0300][15084][17464][info][gc,stats    ]      Memory: Undo Object Allocation Failed                     0 / 0                 0 / 0                 0 / 0                 0 / 0           ops/s
[2025-05-18T22:56:49.080+0300][15084][17464][info][gc,stats    ]      Memory: Undo Object Allocation Succeeded                  0 / 0                 0 / 0                 0 / 0                 0 / 0           ops/s
[2025-05-18T22:56:49.080+0300][15084][17464][info][gc,stats    ]      Memory: Undo Page Allocation                              0 / 0                 0 / 3                 0 / 3                 0 / 3           ops/s
[2025-05-18T22:56:49.080+0300][15084][17464][info][gc,stats    ]       Phase: Concurrent Mark                               0.000 / 0.000        28.260 / 33.584       28.260 / 33.584       28.260 / 33.584      ms
[2025-05-18T22:56:49.080+0300][15084][17464][info][gc,stats    ]       Phase: Concurrent Mark Continue                      0.000 / 0.000         0.000 / 0.000         0.000 / 0.000         0.000 / 0.000       ms
[2025-05-18T22:56:49.080+0300][15084][17464][info][gc,stats    ]       Phase: Concurrent Mark Free                          0.000 / 0.000         0.001 / 0.001         0.001 / 0.001         0.001 / 0.001       ms
[2025-05-18T22:56:49.080+0300][15084][17464][info][gc,stats    ]       Phase: Concurrent Process Non-Strong References      0.000 / 0.000        10.691 / 19.302       10.691 / 19.302       10.691 / 19.302      ms
[2025-05-18T22:56:49.080+0300][15084][17464][info][gc,stats    ]       Phase: Concurrent Relocate                           0.000 / 0.000         1.698 / 5.335         1.698 / 5.335         1.698 / 5.335       ms
[2025-05-18T22:56:49.080+0300][15084][17464][info][gc,stats    ]       Phase: Concurrent Reset Relocation Set               0.000 / 0.000         0.007 / 0.028         0.007 / 0.028         0.007 / 0.028       ms
[2025-05-18T22:56:49.080+0300][15084][17464][info][gc,stats    ]       Phase: Concurrent Select Relocation Set              0.000 / 0.000         2.095 / 5.162         2.095 / 5.162         2.095 / 5.162       ms
[2025-05-18T22:56:49.080+0300][15084][17464][info][gc,stats    ]       Phase: Pause Mark End                                0.000 / 0.000         0.018 / 0.026         0.018 / 0.026         0.018 / 0.026       ms
[2025-05-18T22:56:49.080+0300][15084][17464][info][gc,stats    ]       Phase: Pause Mark Start                              0.000 / 0.000         0.013 / 0.026         0.013 / 0.026         0.013 / 0.026       ms
[2025-05-18T22:56:49.080+0300][15084][17464][info][gc,stats    ]       Phase: Pause Relocate Start                          0.000 / 0.000         0.114 / 1.085         0.114 / 1.085         0.114 / 1.085       ms
[2025-05-18T22:56:49.080+0300][15084][17464][info][gc,stats    ]    Subphase: Concurrent Classes Purge                      0.000 / 0.000         1.037 / 3.448         1.037 / 3.448         1.037 / 3.448       ms
[2025-05-18T22:56:49.080+0300][15084][17464][info][gc,stats    ]    Subphase: Concurrent Classes Unlink                     0.000 / 0.000         7.645 / 17.154        7.645 / 17.154        7.645 / 17.154      ms
[2025-05-18T22:56:49.080+0300][15084][17464][info][gc,stats    ]    Subphase: Concurrent Mark                               0.000 / 0.000        22.250 / 32.456       22.250 / 32.456       22.250 / 32.456      ms
[2025-05-18T22:56:49.080+0300][15084][17464][info][gc,stats    ]    Subphase: Concurrent Mark Try Flush                     0.000 / 0.000         0.144 / 0.270         0.144 / 0.270         0.144 / 0.270       ms
[2025-05-18T22:56:49.080+0300][15084][17464][info][gc,stats    ]    Subphase: Concurrent Mark Try Terminate                 0.000 / 0.000         3.591 / 16.350        3.591 / 16.350        3.591 / 16.350      ms
[2025-05-18T22:56:49.080+0300][15084][17464][info][gc,stats    ]    Subphase: Concurrent References Enqueue                 0.000 / 0.000         0.003 / 0.005         0.003 / 0.005         0.003 / 0.005       ms
[2025-05-18T22:56:49.080+0300][15084][17464][info][gc,stats    ]    Subphase: Concurrent References Process                 0.000 / 0.000         0.172 / 0.315         0.172 / 0.315         0.172 / 0.315       ms
[2025-05-18T22:56:49.080+0300][15084][17464][info][gc,stats    ]    Subphase: Concurrent Roots ClassLoaderDataGraph         0.000 / 0.000         0.280 / 0.975         0.280 / 0.975         0.280 / 0.975       ms
[2025-05-18T22:56:49.080+0300][15084][17464][info][gc,stats    ]    Subphase: Concurrent Roots CodeCache                    0.000 / 0.000         0.000 / 0.000         0.000 / 0.000         0.000 / 0.000       ms
[2025-05-18T22:56:49.081+0300][15084][17464][info][gc,stats    ]    Subphase: Concurrent Roots JavaThreads                  0.000 / 0.000         0.697 / 3.315         0.697 / 3.315         0.697 / 3.315       ms
[2025-05-18T22:56:49.081+0300][15084][17464][info][gc,stats    ]    Subphase: Concurrent Roots OopStorageSet                0.000 / 0.000         0.053 / 0.130         0.053 / 0.130         0.053 / 0.130       ms
[2025-05-18T22:56:49.081+0300][15084][17464][info][gc,stats    ]    Subphase: Concurrent Weak Roots OopStorageSet           0.000 / 0.000         0.680 / 1.152         0.680 / 1.152         0.680 / 1.152       ms
[2025-05-18T22:56:49.081+0300][15084][17464][info][gc,stats    ]    Subphase: Pause Mark Try Complete                       0.000 / 0.000         0.000 / 0.000         0.000 / 0.000         0.000 / 0.000       ms
[2025-05-18T22:56:49.081+0300][15084][17464][info][gc,stats    ]      System: Java Threads                                      0 / 0                30 / 34               30 / 34               30 / 34          threads
[2025-05-18T22:56:49.081+0300][15084][17464][info][gc,stats    ] =========================================================================================================================================================
[2025-05-18T22:56:59.095+0300][15084][17464][info][gc,stats    ] === Garbage Collection Statistics =======================================================================================================================
[2025-05-18T22:56:59.095+0300][15084][17464][info][gc,stats    ]                                                              Last 10s              Last 10m              Last 10h                Total
[2025-05-18T22:56:59.095+0300][15084][17464][info][gc,stats    ]                                                              Avg / Max             Avg / Max             Avg / Max             Avg / Max
[2025-05-18T22:56:59.095+0300][15084][17464][info][gc,stats    ]   Collector: Garbage Collection Cycle                      0.000 / 0.000        43.878 / 53.225       43.878 / 53.225       43.878 / 53.225      ms
[2025-05-18T22:56:59.095+0300][15084][17464][info][gc,stats    ]  Contention: Mark Segment Reset Contention                     0 / 0                 0 / 0                 0 / 0                 0 / 0           ops/s
[2025-05-18T22:56:59.095+0300][15084][17464][info][gc,stats    ]  Contention: Mark SeqNum Reset Contention                      0 / 0                 0 / 0                 0 / 0                 0 / 0           ops/s
[2025-05-18T22:56:59.095+0300][15084][17464][info][gc,stats    ]    Critical: Allocation Stall                                  0 / 0                 0 / 0                 0 / 0                 0 / 0           ops/s
[2025-05-18T22:56:59.095+0300][15084][17464][info][gc,stats    ]    Critical: Allocation Stall                              0.000 / 0.000         0.000 / 0.000         0.000 / 0.000         0.000 / 0.000       ms
[2025-05-18T22:56:59.095+0300][15084][17464][info][gc,stats    ]    Critical: GC Locker Stall                                   0 / 0                 0 / 0                 0 / 0                 0 / 0           ops/s
[2025-05-18T22:56:59.095+0300][15084][17464][info][gc,stats    ]    Critical: GC Locker Stall                               0.000 / 0.000         0.000 / 0.000         0.000 / 0.000         0.000 / 0.000       ms
[2025-05-18T22:56:59.095+0300][15084][17464][info][gc,stats    ]    Critical: Relocation Stall                                  0 / 0                 0 / 0                 0 / 0                 0 / 0           ops/s
[2025-05-18T22:56:59.096+0300][15084][17464][info][gc,stats    ]    Critical: Relocation Stall                              0.000 / 0.000         0.000 / 0.000         0.000 / 0.000         0.000 / 0.000       ms
[2025-05-18T22:56:59.096+0300][15084][17464][info][gc,stats    ]      Memory: Allocation Rate                                  34 / 40               35 / 146              35 / 146              35 / 146         MB/s
[2025-05-18T22:56:59.096+0300][15084][17464][info][gc,stats    ]      Memory: Defragment                                        0 / 0                 0 / 0                 0 / 0                 0 / 0           ops/s
[2025-05-18T22:56:59.096+0300][15084][17464][info][gc,stats    ]      Memory: Out Of Memory                                     0 / 0                 0 / 0                 0 / 0                 0 / 0           ops/s
[2025-05-18T22:56:59.096+0300][15084][17464][info][gc,stats    ]      Memory: Page Cache Flush                                  0 / 0                 0 / 0                 0 / 0                 0 / 0           MB/s
[2025-05-18T22:56:59.096+0300][15084][17464][info][gc,stats    ]      Memory: Page Cache Hit L1                                17 / 20               13 / 76               13 / 76               13 / 76          ops/s
[2025-05-18T22:56:59.096+0300][15084][17464][info][gc,stats    ]      Memory: Page Cache Hit L2                                 0 / 0                 0 / 0                 0 / 0                 0 / 0           ops/s
[2025-05-18T22:56:59.096+0300][15084][17464][info][gc,stats    ]      Memory: Page Cache Hit L3                                 0 / 0                 4 / 34                4 / 34                4 / 34          ops/s
[2025-05-18T22:56:59.096+0300][15084][17464][info][gc,stats    ]      Memory: Page Cache Miss                                   0 / 0                 0 / 1                 0 / 1                 0 / 1           ops/s
[2025-05-18T22:56:59.096+0300][15084][17464][info][gc,stats    ]      Memory: Uncommit                                          0 / 0                 0 / 0                 0 / 0                 0 / 0           MB/s
[2025-05-18T22:56:59.096+0300][15084][17464][info][gc,stats    ]      Memory: Undo Object Allocation Failed                     0 / 0                 0 / 0                 0 / 0                 0 / 0           ops/s
[2025-05-18T22:56:59.096+0300][15084][17464][info][gc,stats    ]      Memory: Undo Object Allocation Succeeded                  0 / 0                 0 / 0                 0 / 0                 0 / 0           ops/s
[2025-05-18T22:56:59.096+0300][15084][17464][info][gc,stats    ]      Memory: Undo Page Allocation                              0 / 0                 0 / 3                 0 / 3                 0 / 3           ops/s
[2025-05-18T22:56:59.096+0300][15084][17464][info][gc,stats    ]       Phase: Concurrent Mark                               0.000 / 0.000        28.260 / 33.584       28.260 / 33.584       28.260 / 33.584      ms
[2025-05-18T22:56:59.096+0300][15084][17464][info][gc,stats    ]       Phase: Concurrent Mark Continue                      0.000 / 0.000         0.000 / 0.000         0.000 / 0.000         0.000 / 0.000       ms
[2025-05-18T22:56:59.096+0300][15084][17464][info][gc,stats    ]       Phase: Concurrent Mark Free                          0.000 / 0.000         0.001 / 0.001         0.001 / 0.001         0.001 / 0.001       ms
[2025-05-18T22:56:59.096+0300][15084][17464][info][gc,stats    ]       Phase: Concurrent Process Non-Strong References      0.000 / 0.000        10.691 / 19.302       10.691 / 19.302       10.691 / 19.302      ms
[2025-05-18T22:56:59.096+0300][15084][17464][info][gc,stats    ]       Phase: Concurrent Relocate                           0.000 / 0.000         1.698 / 5.335         1.698 / 5.335         1.698 / 5.335       ms
[2025-05-18T22:56:59.096+0300][15084][17464][info][gc,stats    ]       Phase: Concurrent Reset Relocation Set               0.000 / 0.000         0.007 / 0.028         0.007 / 0.028         0.007 / 0.028       ms
[2025-05-18T22:56:59.096+0300][15084][17464][info][gc,stats    ]       Phase: Concurrent Select Relocation Set              0.000 / 0.000         2.095 / 5.162         2.095 / 5.162         2.095 / 5.162       ms
[2025-05-18T22:56:59.096+0300][15084][17464][info][gc,stats    ]       Phase: Pause Mark End                                0.000 / 0.000         0.018 / 0.026         0.018 / 0.026         0.018 / 0.026       ms
[2025-05-18T22:56:59.096+0300][15084][17464][info][gc,stats    ]       Phase: Pause Mark Start                              0.000 / 0.000         0.013 / 0.026         0.013 / 0.026         0.013 / 0.026       ms
[2025-05-18T22:56:59.096+0300][15084][17464][info][gc,stats    ]       Phase: Pause Relocate Start                          0.000 / 0.000         0.114 / 1.085         0.114 / 1.085         0.114 / 1.085       ms
[2025-05-18T22:56:59.097+0300][15084][17464][info][gc,stats    ]    Subphase: Concurrent Classes Purge                      0.000 / 0.000         1.037 / 3.448         1.037 / 3.448         1.037 / 3.448       ms
[2025-05-18T22:56:59.097+0300][15084][17464][info][gc,stats    ]    Subphase: Concurrent Classes Unlink                     0.000 / 0.000         7.645 / 17.154        7.645 / 17.154        7.645 / 17.154      ms
[2025-05-18T22:56:59.097+0300][15084][17464][info][gc,stats    ]    Subphase: Concurrent Mark                               0.000 / 0.000        22.250 / 32.456       22.250 / 32.456       22.250 / 32.456      ms
[2025-05-18T22:56:59.097+0300][15084][17464][info][gc,stats    ]    Subphase: Concurrent Mark Try Flush                     0.000 / 0.000         0.144 / 0.270         0.144 / 0.270         0.144 / 0.270       ms
[2025-05-18T22:56:59.097+0300][15084][17464][info][gc,stats    ]    Subphase: Concurrent Mark Try Terminate                 0.000 / 0.000         3.591 / 16.350        3.591 / 16.350        3.591 / 16.350      ms
[2025-05-18T22:56:59.097+0300][15084][17464][info][gc,stats    ]    Subphase: Concurrent References Enqueue                 0.000 / 0.000         0.003 / 0.005         0.003 / 0.005         0.003 / 0.005       ms
[2025-05-18T22:56:59.097+0300][15084][17464][info][gc,stats    ]    Subphase: Concurrent References Process                 0.000 / 0.000         0.172 / 0.315         0.172 / 0.315         0.172 / 0.315       ms
[2025-05-18T22:56:59.097+0300][15084][17464][info][gc,stats    ]    Subphase: Concurrent Roots ClassLoaderDataGraph         0.000 / 0.000         0.280 / 0.975         0.280 / 0.975         0.280 / 0.975       ms
[2025-05-18T22:56:59.097+0300][15084][17464][info][gc,stats    ]    Subphase: Concurrent Roots CodeCache                    0.000 / 0.000         0.000 / 0.000         0.000 / 0.000         0.000 / 0.000       ms
[2025-05-18T22:56:59.097+0300][15084][17464][info][gc,stats    ]    Subphase: Concurrent Roots JavaThreads                  0.000 / 0.000         0.697 / 3.315         0.697 / 3.315         0.697 / 3.315       ms
[2025-05-18T22:56:59.097+0300][15084][17464][info][gc,stats    ]    Subphase: Concurrent Roots OopStorageSet                0.000 / 0.000         0.053 / 0.130         0.053 / 0.130         0.053 / 0.130       ms
[2025-05-18T22:56:59.097+0300][15084][17464][info][gc,stats    ]    Subphase: Concurrent Weak Roots OopStorageSet           0.000 / 0.000         0.680 / 1.152         0.680 / 1.152         0.680 / 1.152       ms
[2025-05-18T22:56:59.097+0300][15084][17464][info][gc,stats    ]    Subphase: Pause Mark Try Complete                       0.000 / 0.000         0.000 / 0.000         0.000 / 0.000         0.000 / 0.000       ms
[2025-05-18T22:56:59.097+0300][15084][17464][info][gc,stats    ]      System: Java Threads                                      0 / 0                30 / 34               30 / 34               30 / 34          threads
[2025-05-18T22:56:59.097+0300][15084][17464][info][gc,stats    ] =========================================================================================================================================================
[2025-05-18T22:57:04.093+0300][15084][15876][info][gc,start    ] GC(10) Garbage Collection (Proactive)
[2025-05-18T22:57:04.093+0300][15084][15876][info][gc,task     ] GC(10) Using 2 workers
[2025-05-18T22:57:04.093+0300][15084][17492][info][gc,phases   ] GC(10) Pause Mark Start 0.012ms
[2025-05-18T22:57:04.124+0300][15084][15876][info][gc,phases   ] GC(10) Concurrent Mark 29.512ms
[2025-05-18T22:57:04.124+0300][15084][17492][info][gc,phases   ] GC(10) Pause Mark End 0.024ms
[2025-05-18T22:57:04.124+0300][15084][15876][info][gc,phases   ] GC(10) Concurrent Mark Free 0.002ms
[2025-05-18T22:57:04.128+0300][15084][15876][info][gc,phases   ] GC(10) Concurrent Process Non-Strong References 4.685ms
[2025-05-18T22:57:04.128+0300][15084][15876][info][gc,phases   ] GC(10) Concurrent Reset Relocation Set 0.003ms
[2025-05-18T22:57:04.129+0300][15084][15876][info][gc,phases   ] GC(10) Concurrent Select Relocation Set 1.234ms
[2025-05-18T22:57:04.129+0300][15084][17492][info][gc,phases   ] GC(10) Pause Relocate Start 0.005ms
[2025-05-18T22:57:04.131+0300][15084][15876][info][gc,phases   ] GC(10) Concurrent Relocate 1.033ms
[2025-05-18T22:57:04.131+0300][15084][15876][info][gc,load     ] GC(10) Load: 0.00/0.00/0.00
[2025-05-18T22:57:04.131+0300][15084][15876][info][gc,mmu      ] GC(10) MMU: 2ms/45.7%, 5ms/78.3%, 10ms/89.1%, 20ms/94.4%, 50ms/97.8%, 100ms/98.9%
[2025-05-18T22:57:04.131+0300][15084][15876][info][gc,marking  ] GC(10) Mark: 2 stripe(s), 2 proactive flush(es), 1 terminate flush(es), 0 completion(s), 0 continuation(s) 
[2025-05-18T22:57:04.131+0300][15084][15876][info][gc,marking  ] GC(10) Mark Stack Usage: 32M
[2025-05-18T22:57:04.131+0300][15084][15876][info][gc,nmethod  ] GC(10) NMethods: 3933 registered, 1169 unregistered
[2025-05-18T22:57:04.131+0300][15084][15876][info][gc,metaspace] GC(10) Metaspace: 33M used, 34M committed, 1088M reserved
[2025-05-18T22:57:04.131+0300][15084][15876][info][gc,ref      ] GC(10) Soft: 4274 encountered, 0 discovered, 0 enqueued
[2025-05-18T22:57:04.131+0300][15084][15876][info][gc,ref      ] GC(10) Weak: 2491 encountered, 475 discovered, 0 enqueued
[2025-05-18T22:57:04.131+0300][15084][15876][info][gc,ref      ] GC(10) Final: 3 encountered, 2 discovered, 0 enqueued
[2025-05-18T22:57:04.131+0300][15084][15876][info][gc,ref      ] GC(10) Phantom: 277 encountered, 216 discovered, 0 enqueued
[2025-05-18T22:57:04.131+0300][15084][15876][info][gc,reloc    ] GC(10) Small Pages: 633 / 1266M, Empty: 1086M, Relocated: 1M, In-Place: 0
[2025-05-18T22:57:04.131+0300][15084][15876][info][gc,reloc    ] GC(10) Medium Pages: 1 / 32M, Empty: 0M, Relocated: 0M, In-Place: 0
[2025-05-18T22:57:04.131+0300][15084][15876][info][gc,reloc    ] GC(10) Large Pages: 0 / 0M, Empty: 0M, Relocated: 0M, In-Place: 0
[2025-05-18T22:57:04.131+0300][15084][15876][info][gc,reloc    ] GC(10) Forwarding Usage: 0M
[2025-05-18T22:57:04.131+0300][15084][15876][info][gc,heap     ] GC(10) Min Capacity: 12288M(100%)
[2025-05-18T22:57:04.131+0300][15084][15876][info][gc,heap     ] GC(10) Max Capacity: 12288M(100%)
[2025-05-18T22:57:04.131+0300][15084][15876][info][gc,heap     ] GC(10) Soft Max Capacity: 12288M(100%)
[2025-05-18T22:57:04.131+0300][15084][15876][info][gc,heap     ] GC(10)                Mark Start          Mark End        Relocate Start      Relocate End           High               Low         
[2025-05-18T22:57:04.131+0300][15084][15876][info][gc,heap     ] GC(10)  Capacity:    12288M (100%)      12288M (100%)      12288M (100%)      12288M (100%)      12288M (100%)      12288M (100%)   
[2025-05-18T22:57:04.131+0300][15084][15876][info][gc,heap     ] GC(10)      Free:    10990M (89%)       10978M (89%)       12064M (98%)       12222M (99%)       12222M (99%)       10978M (89%)    
[2025-05-18T22:57:04.131+0300][15084][15876][info][gc,heap     ] GC(10)      Used:     1298M (11%)        1310M (11%)         224M (2%)           66M (1%)         1310M (11%)          66M (1%)     
[2025-05-18T22:57:04.131+0300][15084][15876][info][gc,heap     ] GC(10)      Live:         -                18M (0%)           18M (0%)           18M (0%)             -                  -          
[2025-05-18T22:57:04.131+0300][15084][15876][info][gc,heap     ] GC(10) Allocated:         -                12M (0%)           12M (0%)           12M (0%)             -                  -          
[2025-05-18T22:57:04.131+0300][15084][15876][info][gc,heap     ] GC(10)   Garbage:         -              1279M (10%)         193M (2%)           35M (0%)             -                  -          
[2025-05-18T22:57:04.131+0300][15084][15876][info][gc,heap     ] GC(10) Reclaimed:         -                  -              1086M (9%)         1244M (10%)            -                  -          
[2025-05-18T22:57:04.131+0300][15084][15876][info][gc          ] GC(10) Garbage Collection (Proactive) 1298M(11%)->66M(1%)
[2025-05-18T22:57:09.087+0300][15084][17464][info][gc,stats    ] === Garbage Collection Statistics =======================================================================================================================
[2025-05-18T22:57:09.087+0300][15084][17464][info][gc,stats    ]                                                              Last 10s              Last 10m              Last 10h                Total
[2025-05-18T22:57:09.087+0300][15084][17464][info][gc,stats    ]                                                              Avg / Max             Avg / Max             Avg / Max             Avg / Max
[2025-05-18T22:57:09.087+0300][15084][17464][info][gc,stats    ]   Collector: Garbage Collection Cycle                     37.792 / 37.792       43.325 / 53.225       43.325 / 53.225       43.325 / 53.225      ms
[2025-05-18T22:57:09.087+0300][15084][17464][info][gc,stats    ]  Contention: Mark Segment Reset Contention                     0 / 0                 0 / 0                 0 / 0                 0 / 0           ops/s
[2025-05-18T22:57:09.087+0300][15084][17464][info][gc,stats    ]  Contention: Mark SeqNum Reset Contention                      0 / 0                 0 / 0                 0 / 0                 0 / 0           ops/s
[2025-05-18T22:57:09.087+0300][15084][17464][info][gc,stats    ]    Critical: Allocation Stall                                  0 / 0                 0 / 0                 0 / 0                 0 / 0           ops/s
[2025-05-18T22:57:09.087+0300][15084][17464][info][gc,stats    ]    Critical: Allocation Stall                              0.000 / 0.000         0.000 / 0.000         0.000 / 0.000         0.000 / 0.000       ms
[2025-05-18T22:57:09.087+0300][15084][17464][info][gc,stats    ]    Critical: GC Locker Stall                                   0 / 0                 0 / 0                 0 / 0                 0 / 0           ops/s
[2025-05-18T22:57:09.087+0300][15084][17464][info][gc,stats    ]    Critical: GC Locker Stall                               0.000 / 0.000         0.000 / 0.000         0.000 / 0.000         0.000 / 0.000       ms
[2025-05-18T22:57:09.087+0300][15084][17464][info][gc,stats    ]    Critical: Relocation Stall                                  0 / 0                 0 / 0                 0 / 0                 0 / 0           ops/s
[2025-05-18T22:57:09.088+0300][15084][17464][info][gc,stats    ]    Critical: Relocation Stall                              0.000 / 0.000         0.000 / 0.000         0.000 / 0.000         0.000 / 0.000       ms
[2025-05-18T22:57:09.088+0300][15084][17464][info][gc,stats    ]      Memory: Allocation Rate                                  36 / 46               35 / 146              35 / 146              35 / 146         MB/s
[2025-05-18T22:57:09.088+0300][15084][17464][info][gc,stats    ]      Memory: Defragment                                        0 / 0                 0 / 0                 0 / 0                 0 / 0           ops/s
[2025-05-18T22:57:09.088+0300][15084][17464][info][gc,stats    ]      Memory: Out Of Memory                                     0 / 0                 0 / 0                 0 / 0                 0 / 0           ops/s
[2025-05-18T22:57:09.088+0300][15084][17464][info][gc,stats    ]      Memory: Page Cache Flush                                  0 / 0                 0 / 0                 0 / 0                 0 / 0           MB/s
[2025-05-18T22:57:09.088+0300][15084][17464][info][gc,stats    ]      Memory: Page Cache Hit L1                                18 / 25               13 / 76               13 / 76               13 / 76          ops/s
[2025-05-18T22:57:09.088+0300][15084][17464][info][gc,stats    ]      Memory: Page Cache Hit L2                                 0 / 0                 0 / 0                 0 / 0                 0 / 0           ops/s
[2025-05-18T22:57:09.088+0300][15084][17464][info][gc,stats    ]      Memory: Page Cache Hit L3                                 0 / 0                 3 / 34                3 / 34                3 / 34          ops/s
[2025-05-18T22:57:09.088+0300][15084][17464][info][gc,stats    ]      Memory: Page Cache Miss                                   0 / 0                 0 / 1                 0 / 1                 0 / 1           ops/s
[2025-05-18T22:57:09.088+0300][15084][17464][info][gc,stats    ]      Memory: Uncommit                                          0 / 0                 0 / 0                 0 / 0                 0 / 0           MB/s
[2025-05-18T22:57:09.088+0300][15084][17464][info][gc,stats    ]      Memory: Undo Object Allocation Failed                     0 / 0                 0 / 0                 0 / 0                 0 / 0           ops/s
[2025-05-18T22:57:09.088+0300][15084][17464][info][gc,stats    ]      Memory: Undo Object Allocation Succeeded                  0 / 0                 0 / 0                 0 / 0                 0 / 0           ops/s
[2025-05-18T22:57:09.088+0300][15084][17464][info][gc,stats    ]      Memory: Undo Page Allocation                              0 / 0                 0 / 3                 0 / 3                 0 / 3           ops/s
[2025-05-18T22:57:09.088+0300][15084][17464][info][gc,stats    ]       Phase: Concurrent Mark                              29.512 / 29.512       28.374 / 33.584       28.374 / 33.584       28.374 / 33.584      ms
[2025-05-18T22:57:09.088+0300][15084][17464][info][gc,stats    ]       Phase: Concurrent Mark Continue                      0.000 / 0.000         0.000 / 0.000         0.000 / 0.000         0.000 / 0.000       ms
[2025-05-18T22:57:09.088+0300][15084][17464][info][gc,stats    ]       Phase: Concurrent Mark Free                          0.002 / 0.002         0.001 / 0.002         0.001 / 0.002         0.001 / 0.002       ms
[2025-05-18T22:57:09.088+0300][15084][17464][info][gc,stats    ]       Phase: Concurrent Process Non-Strong References      4.685 / 4.685        10.145 / 19.302       10.145 / 19.302       10.145 / 19.302      ms
[2025-05-18T22:57:09.088+0300][15084][17464][info][gc,stats    ]       Phase: Concurrent Relocate                           1.033 / 1.033         1.638 / 5.335         1.638 / 5.335         1.638 / 5.335       ms
[2025-05-18T22:57:09.088+0300][15084][17464][info][gc,stats    ]       Phase: Concurrent Reset Relocation Set               0.003 / 0.003         0.006 / 0.028         0.006 / 0.028         0.006 / 0.028       ms
[2025-05-18T22:57:09.088+0300][15084][17464][info][gc,stats    ]       Phase: Concurrent Select Relocation Set              1.234 / 1.234         2.017 / 5.162         2.017 / 5.162         2.017 / 5.162       ms
[2025-05-18T22:57:09.088+0300][15084][17464][info][gc,stats    ]       Phase: Pause Mark End                                0.024 / 0.024         0.018 / 0.026         0.018 / 0.026         0.018 / 0.026       ms
[2025-05-18T22:57:09.088+0300][15084][17464][info][gc,stats    ]       Phase: Pause Mark Start                              0.012 / 0.012         0.013 / 0.026         0.013 / 0.026         0.013 / 0.026       ms
[2025-05-18T22:57:09.089+0300][15084][17464][info][gc,stats    ]       Phase: Pause Relocate Start                          0.005 / 0.005         0.104 / 1.085         0.104 / 1.085         0.104 / 1.085       ms
[2025-05-18T22:57:09.089+0300][15084][17464][info][gc,stats    ]    Subphase: Concurrent Classes Purge                      0.131 / 0.131         0.955 / 3.448         0.955 / 3.448         0.955 / 3.448       ms
[2025-05-18T22:57:09.089+0300][15084][17464][info][gc,stats    ]    Subphase: Concurrent Classes Unlink                     3.516 / 3.516         7.270 / 17.154        7.270 / 17.154        7.270 / 17.154      ms
[2025-05-18T22:57:09.089+0300][15084][17464][info][gc,stats    ]    Subphase: Concurrent Mark                              21.146 / 28.884       22.150 / 32.456       22.150 / 32.456       22.150 / 32.456      ms
[2025-05-18T22:57:09.089+0300][15084][17464][info][gc,stats    ]    Subphase: Concurrent Mark Try Flush                     0.175 / 0.241         0.147 / 0.270         0.147 / 0.270         0.147 / 0.270       ms
[2025-05-18T22:57:09.089+0300][15084][17464][info][gc,stats    ]    Subphase: Concurrent Mark Try Terminate                 5.394 / 16.040        3.755 / 16.350        3.755 / 16.350        3.755 / 16.350      ms
[2025-05-18T22:57:09.089+0300][15084][17464][info][gc,stats    ]    Subphase: Concurrent References Enqueue                 0.000 / 0.000         0.003 / 0.005         0.003 / 0.005         0.003 / 0.005       ms
[2025-05-18T22:57:09.089+0300][15084][17464][info][gc,stats    ]    Subphase: Concurrent References Process                 0.118 / 0.118         0.167 / 0.315         0.167 / 0.315         0.167 / 0.315       ms
[2025-05-18T22:57:09.089+0300][15084][17464][info][gc,stats    ]    Subphase: Concurrent Roots ClassLoaderDataGraph         0.232 / 0.433         0.276 / 0.975         0.276 / 0.975         0.276 / 0.975       ms
[2025-05-18T22:57:09.089+0300][15084][17464][info][gc,stats    ]    Subphase: Concurrent Roots CodeCache                    0.000 / 0.000         0.000 / 0.000         0.000 / 0.000         0.000 / 0.000       ms
[2025-05-18T22:57:09.089+0300][15084][17464][info][gc,stats    ]    Subphase: Concurrent Roots JavaThreads                  0.246 / 0.432         0.654 / 3.315         0.654 / 3.315         0.654 / 3.315       ms
[2025-05-18T22:57:09.089+0300][15084][17464][info][gc,stats    ]    Subphase: Concurrent Roots OopStorageSet                0.038 / 0.053         0.052 / 0.130         0.052 / 0.130         0.052 / 0.130       ms
[2025-05-18T22:57:09.089+0300][15084][17464][info][gc,stats    ]    Subphase: Concurrent Weak Roots OopStorageSet           0.694 / 0.697         0.682 / 1.152         0.682 / 1.152         0.682 / 1.152       ms
[2025-05-18T22:57:09.089+0300][15084][17464][info][gc,stats    ]    Subphase: Pause Mark Try Complete                       0.000 / 0.000         0.000 / 0.000         0.000 / 0.000         0.000 / 0.000       ms
[2025-05-18T22:57:09.089+0300][15084][17464][info][gc,stats    ]      System: Java Threads                                     32 / 32               30 / 34               30 / 34               30 / 34          threads
[2025-05-18T22:57:09.089+0300][15084][17464][info][gc,stats    ] =========================================================================================================================================================
[2025-05-18T22:57:19.093+0300][15084][17464][info][gc,stats    ] === Garbage Collection Statistics =======================================================================================================================
[2025-05-18T22:57:19.093+0300][15084][17464][info][gc,stats    ]                                                              Last 10s              Last 10m              Last 10h                Total
[2025-05-18T22:57:19.093+0300][15084][17464][info][gc,stats    ]                                                              Avg / Max             Avg / Max             Avg / Max             Avg / Max
[2025-05-18T22:57:19.093+0300][15084][17464][info][gc,stats    ]   Collector: Garbage Collection Cycle                      0.000 / 0.000        43.325 / 53.225       43.325 / 53.225       43.325 / 53.225      ms
[2025-05-18T22:57:19.093+0300][15084][17464][info][gc,stats    ]  Contention: Mark Segment Reset Contention                     0 / 0                 0 / 0                 0 / 0                 0 / 0           ops/s
[2025-05-18T22:57:19.093+0300][15084][17464][info][gc,stats    ]  Contention: Mark SeqNum Reset Contention                      0 / 0                 0 / 0                 0 / 0                 0 / 0           ops/s
[2025-05-18T22:57:19.093+0300][15084][17464][info][gc,stats    ]    Critical: Allocation Stall                                  0 / 0                 0 / 0                 0 / 0                 0 / 0           ops/s
[2025-05-18T22:57:19.093+0300][15084][17464][info][gc,stats    ]    Critical: Allocation Stall                              0.000 / 0.000         0.000 / 0.000         0.000 / 0.000         0.000 / 0.000       ms
[2025-05-18T22:57:19.093+0300][15084][17464][info][gc,stats    ]    Critical: GC Locker Stall                                   0 / 0                 0 / 0                 0 / 0                 0 / 0           ops/s
[2025-05-18T22:57:19.093+0300][15084][17464][info][gc,stats    ]    Critical: GC Locker Stall                               0.000 / 0.000         0.000 / 0.000         0.000 / 0.000         0.000 / 0.000       ms
[2025-05-18T22:57:19.093+0300][15084][17464][info][gc,stats    ]    Critical: Relocation Stall                                  0 / 0                 0 / 0                 0 / 0                 0 / 0           ops/s
[2025-05-18T22:57:19.093+0300][15084][17464][info][gc,stats    ]    Critical: Relocation Stall                              0.000 / 0.000         0.000 / 0.000         0.000 / 0.000         0.000 / 0.000       ms
[2025-05-18T22:57:19.093+0300][15084][17464][info][gc,stats    ]      Memory: Allocation Rate                                  34 / 40               35 / 146              35 / 146              35 / 146         MB/s
[2025-05-18T22:57:19.093+0300][15084][17464][info][gc,stats    ]      Memory: Defragment                                        0 / 0                 0 / 0                 0 / 0                 0 / 0           ops/s
[2025-05-18T22:57:19.093+0300][15084][17464][info][gc,stats    ]      Memory: Out Of Memory                                     0 / 0                 0 / 0                 0 / 0                 0 / 0           ops/s
[2025-05-18T22:57:19.093+0300][15084][17464][info][gc,stats    ]      Memory: Page Cache Flush                                  0 / 0                 0 / 0                 0 / 0                 0 / 0           MB/s
[2025-05-18T22:57:19.094+0300][15084][17464][info][gc,stats    ]      Memory: Page Cache Hit L1                                17 / 20               13 / 76               13 / 76               13 / 76          ops/s
[2025-05-18T22:57:19.094+0300][15084][17464][info][gc,stats    ]      Memory: Page Cache Hit L2                                 0 / 0                 0 / 0                 0 / 0                 0 / 0           ops/s
[2025-05-18T22:57:19.094+0300][15084][17464][info][gc,stats    ]      Memory: Page Cache Hit L3                                 0 / 0                 3 / 34                3 / 34                3 / 34          ops/s
[2025-05-18T22:57:19.094+0300][15084][17464][info][gc,stats    ]      Memory: Page Cache Miss                                   0 / 0                 0 / 1                 0 / 1                 0 / 1           ops/s
[2025-05-18T22:57:19.094+0300][15084][17464][info][gc,stats    ]      Memory: Uncommit                                          0 / 0                 0 / 0                 0 / 0                 0 / 0           MB/s
[2025-05-18T22:57:19.094+0300][15084][17464][info][gc,stats    ]      Memory: Undo Object Allocation Failed                     0 / 0                 0 / 0                 0 / 0                 0 / 0           ops/s
[2025-05-18T22:57:19.094+0300][15084][17464][info][gc,stats    ]      Memory: Undo Object Allocation Succeeded                  0 / 0                 0 / 0                 0 / 0                 0 / 0           ops/s
[2025-05-18T22:57:19.094+0300][15084][17464][info][gc,stats    ]      Memory: Undo Page Allocation                              0 / 0                 0 / 3                 0 / 3                 0 / 3           ops/s
[2025-05-18T22:57:19.094+0300][15084][17464][info][gc,stats    ]       Phase: Concurrent Mark                               0.000 / 0.000        28.374 / 33.584       28.374 / 33.584       28.374 / 33.584      ms
[2025-05-18T22:57:19.094+0300][15084][17464][info][gc,stats    ]       Phase: Concurrent Mark Continue                      0.000 / 0.000         0.000 / 0.000         0.000 / 0.000         0.000 / 0.000       ms
[2025-05-18T22:57:19.094+0300][15084][17464][info][gc,stats    ]       Phase: Concurrent Mark Free                          0.000 / 0.000         0.001 / 0.002         0.001 / 0.002         0.001 / 0.002       ms
[2025-05-18T22:57:19.094+0300][15084][17464][info][gc,stats    ]       Phase: Concurrent Process Non-Strong References      0.000 / 0.000        10.145 / 19.302       10.145 / 19.302       10.145 / 19.302      ms
[2025-05-18T22:57:19.094+0300][15084][17464][info][gc,stats    ]       Phase: Concurrent Relocate                           0.000 / 0.000         1.638 / 5.335         1.638 / 5.335         1.638 / 5.335       ms
[2025-05-18T22:57:19.094+0300][15084][17464][info][gc,stats    ]       Phase: Concurrent Reset Relocation Set               0.000 / 0.000         0.006 / 0.028         0.006 / 0.028         0.006 / 0.028       ms
[2025-05-18T22:57:19.094+0300][15084][17464][info][gc,stats    ]       Phase: Concurrent Select Relocation Set              0.000 / 0.000         2.017 / 5.162         2.017 / 5.162         2.017 / 5.162       ms
[2025-05-18T22:57:19.094+0300][15084][17464][info][gc,stats    ]       Phase: Pause Mark End                                0.000 / 0.000         0.018 / 0.026         0.018 / 0.026         0.018 / 0.026       ms
[2025-05-18T22:57:19.094+0300][15084][17464][info][gc,stats    ]       Phase: Pause Mark Start                              0.000 / 0.000         0.013 / 0.026         0.013 / 0.026         0.013 / 0.026       ms
[2025-05-18T22:57:19.094+0300][15084][17464][info][gc,stats    ]       Phase: Pause Relocate Start                          0.000 / 0.000         0.104 / 1.085         0.104 / 1.085         0.104 / 1.085       ms
[2025-05-18T22:57:19.094+0300][15084][17464][info][gc,stats    ]    Subphase: Concurrent Classes Purge                      0.000 / 0.000         0.955 / 3.448         0.955 / 3.448         0.955 / 3.448       ms
[2025-05-18T22:57:19.094+0300][15084][17464][info][gc,stats    ]    Subphase: Concurrent Classes Unlink                     0.000 / 0.000         7.270 / 17.154        7.270 / 17.154        7.270 / 17.154      ms
[2025-05-18T22:57:19.094+0300][15084][17464][info][gc,stats    ]    Subphase: Concurrent Mark                               0.000 / 0.000        22.150 / 32.456       22.150 / 32.456       22.150 / 32.456      ms
[2025-05-18T22:57:19.094+0300][15084][17464][info][gc,stats    ]    Subphase: Concurrent Mark Try Flush                     0.000 / 0.000         0.147 / 0.270         0.147 / 0.270         0.147 / 0.270       ms
[2025-05-18T22:57:19.094+0300][15084][17464][info][gc,stats    ]    Subphase: Concurrent Mark Try Terminate                 0.000 / 0.000         3.755 / 16.350        3.755 / 16.350        3.755 / 16.350      ms
[2025-05-18T22:57:19.094+0300][15084][17464][info][gc,stats    ]    Subphase: Concurrent References Enqueue                 0.000 / 0.000         0.003 / 0.005         0.003 / 0.005         0.003 / 0.005       ms
[2025-05-18T22:57:19.094+0300][15084][17464][info][gc,stats    ]    Subphase: Concurrent References Process                 0.000 / 0.000         0.167 / 0.315         0.167 / 0.315         0.167 / 0.315       ms
[2025-05-18T22:57:19.094+0300][15084][17464][info][gc,stats    ]    Subphase: Concurrent Roots ClassLoaderDataGraph         0.000 / 0.000         0.276 / 0.975         0.276 / 0.975         0.276 / 0.975       ms
[2025-05-18T22:57:19.094+0300][15084][17464][info][gc,stats    ]    Subphase: Concurrent Roots CodeCache                    0.000 / 0.000         0.000 / 0.000         0.000 / 0.000         0.000 / 0.000       ms
[2025-05-18T22:57:19.094+0300][15084][17464][info][gc,stats    ]    Subphase: Concurrent Roots JavaThreads                  0.000 / 0.000         0.654 / 3.315         0.654 / 3.315         0.654 / 3.315       ms
[2025-05-18T22:57:19.095+0300][15084][17464][info][gc,stats    ]    Subphase: Concurrent Roots OopStorageSet                0.000 / 0.000         0.052 / 0.130         0.052 / 0.130         0.052 / 0.130       ms
[2025-05-18T22:57:19.095+0300][15084][17464][info][gc,stats    ]    Subphase: Concurrent Weak Roots OopStorageSet           0.000 / 0.000         0.682 / 1.152         0.682 / 1.152         0.682 / 1.152       ms
[2025-05-18T22:57:19.095+0300][15084][17464][info][gc,stats    ]    Subphase: Pause Mark Try Complete                       0.000 / 0.000         0.000 / 0.000         0.000 / 0.000         0.000 / 0.000       ms
[2025-05-18T22:57:19.095+0300][15084][17464][info][gc,stats    ]      System: Java Threads                                      0 / 0                30 / 34               30 / 34               30 / 34          threads
[2025-05-18T22:57:19.095+0300][15084][17464][info][gc,stats    ] =========================================================================================================================================================
[2025-05-18T22:57:29.081+0300][15084][17464][info][gc,stats    ] === Garbage Collection Statistics =======================================================================================================================
[2025-05-18T22:57:29.081+0300][15084][17464][info][gc,stats    ]                                                              Last 10s              Last 10m              Last 10h                Total
[2025-05-18T22:57:29.081+0300][15084][17464][info][gc,stats    ]                                                              Avg / Max             Avg / Max             Avg / Max             Avg / Max
[2025-05-18T22:57:29.081+0300][15084][17464][info][gc,stats    ]   Collector: Garbage Collection Cycle                      0.000 / 0.000        43.325 / 53.225       43.325 / 53.225       43.325 / 53.225      ms
[2025-05-18T22:57:29.081+0300][15084][17464][info][gc,stats    ]  Contention: Mark Segment Reset Contention                     0 / 0                 0 / 0                 0 / 0                 0 / 0           ops/s
[2025-05-18T22:57:29.081+0300][15084][17464][info][gc,stats    ]  Contention: Mark SeqNum Reset Contention                      0 / 0                 0 / 0                 0 / 0                 0 / 0           ops/s
[2025-05-18T22:57:29.081+0300][15084][17464][info][gc,stats    ]    Critical: Allocation Stall                                  0 / 0                 0 / 0                 0 / 0                 0 / 0           ops/s
[2025-05-18T22:57:29.081+0300][15084][17464][info][gc,stats    ]    Critical: Allocation Stall                              0.000 / 0.000         0.000 / 0.000         0.000 / 0.000         0.000 / 0.000       ms
[2025-05-18T22:57:29.082+0300][15084][17464][info][gc,stats    ]    Critical: GC Locker Stall                                   0 / 0                 0 / 0                 0 / 0                 0 / 0           ops/s
[2025-05-18T22:57:29.082+0300][15084][17464][info][gc,stats    ]    Critical: GC Locker Stall                               0.000 / 0.000         0.000 / 0.000         0.000 / 0.000         0.000 / 0.000       ms
[2025-05-18T22:57:29.082+0300][15084][17464][info][gc,stats    ]    Critical: Relocation Stall                                  0 / 0                 0 / 0                 0 / 0                 0 / 0           ops/s
[2025-05-18T22:57:29.082+0300][15084][17464][info][gc,stats    ]    Critical: Relocation Stall                              0.000 / 0.000         0.000 / 0.000         0.000 / 0.000         0.000 / 0.000       ms
[2025-05-18T22:57:29.082+0300][15084][17464][info][gc,stats    ]      Memory: Allocation Rate                                  34 / 40               35 / 146              35 / 146              35 / 146         MB/s
[2025-05-18T22:57:29.082+0300][15084][17464][info][gc,stats    ]      Memory: Defragment                                        0 / 0                 0 / 0                 0 / 0                 0 / 0           ops/s
[2025-05-18T22:57:29.082+0300][15084][17464][info][gc,stats    ]      Memory: Out Of Memory                                     0 / 0                 0 / 0                 0 / 0                 0 / 0           ops/s
[2025-05-18T22:57:29.082+0300][15084][17464][info][gc,stats    ]      Memory: Page Cache Flush                                  0 / 0                 0 / 0                 0 / 0                 0 / 0           MB/s
[2025-05-18T22:57:29.082+0300][15084][17464][info][gc,stats    ]      Memory: Page Cache Hit L1                                17 / 20               13 / 76               13 / 76               13 / 76          ops/s
[2025-05-18T22:57:29.082+0300][15084][17464][info][gc,stats    ]      Memory: Page Cache Hit L2                                 0 / 0                 0 / 0                 0 / 0                 0 / 0           ops/s
[2025-05-18T22:57:29.082+0300][15084][17464][info][gc,stats    ]      Memory: Page Cache Hit L3                                 0 / 0                 3 / 34                3 / 34                3 / 34          ops/s
[2025-05-18T22:57:29.082+0300][15084][17464][info][gc,stats    ]      Memory: Page Cache Miss                                   0 / 0                 0 / 1                 0 / 1                 0 / 1           ops/s
[2025-05-18T22:57:29.082+0300][15084][17464][info][gc,stats    ]      Memory: Uncommit                                          0 / 0                 0 / 0                 0 / 0                 0 / 0           MB/s
[2025-05-18T22:57:29.082+0300][15084][17464][info][gc,stats    ]      Memory: Undo Object Allocation Failed                     0 / 0                 0 / 0                 0 / 0                 0 / 0           ops/s
[2025-05-18T22:57:29.082+0300][15084][17464][info][gc,stats    ]      Memory: Undo Object Allocation Succeeded                  0 / 0                 0 / 0                 0 / 0                 0 / 0           ops/s
[2025-05-18T22:57:29.082+0300][15084][17464][info][gc,stats    ]      Memory: Undo Page Allocation                              0 / 1                 0 / 3                 0 / 3                 0 / 3           ops/s
[2025-05-18T22:57:29.082+0300][15084][17464][info][gc,stats    ]       Phase: Concurrent Mark                               0.000 / 0.000        28.374 / 33.584       28.374 / 33.584       28.374 / 33.584      ms
[2025-05-18T22:57:29.082+0300][15084][17464][info][gc,stats    ]       Phase: Concurrent Mark Continue                      0.000 / 0.000         0.000 / 0.000         0.000 / 0.000         0.000 / 0.000       ms
[2025-05-18T22:57:29.082+0300][15084][17464][info][gc,stats    ]       Phase: Concurrent Mark Free                          0.000 / 0.000         0.001 / 0.002         0.001 / 0.002         0.001 / 0.002       ms
[2025-05-18T22:57:29.082+0300][15084][17464][info][gc,stats    ]       Phase: Concurrent Process Non-Strong References      0.000 / 0.000        10.145 / 19.302       10.145 / 19.302       10.145 / 19.302      ms
[2025-05-18T22:57:29.082+0300][15084][17464][info][gc,stats    ]       Phase: Concurrent Relocate                           0.000 / 0.000         1.638 / 5.335         1.638 / 5.335         1.638 / 5.335       ms
[2025-05-18T22:57:29.082+0300][15084][17464][info][gc,stats    ]       Phase: Concurrent Reset Relocation Set               0.000 / 0.000         0.006 / 0.028         0.006 / 0.028         0.006 / 0.028       ms
[2025-05-18T22:57:29.082+0300][15084][17464][info][gc,stats    ]       Phase: Concurrent Select Relocation Set              0.000 / 0.000         2.017 / 5.162         2.017 / 5.162         2.017 / 5.162       ms
[2025-05-18T22:57:29.082+0300][15084][17464][info][gc,stats    ]       Phase: Pause Mark End                                0.000 / 0.000         0.018 / 0.026         0.018 / 0.026         0.018 / 0.026       ms
[2025-05-18T22:57:29.082+0300][15084][17464][info][gc,stats    ]       Phase: Pause Mark Start                              0.000 / 0.000         0.013 / 0.026         0.013 / 0.026         0.013 / 0.026       ms
[2025-05-18T22:57:29.082+0300][15084][17464][info][gc,stats    ]       Phase: Pause Relocate Start                          0.000 / 0.000         0.104 / 1.085         0.104 / 1.085         0.104 / 1.085       ms
[2025-05-18T22:57:29.082+0300][15084][17464][info][gc,stats    ]    Subphase: Concurrent Classes Purge                      0.000 / 0.000         0.955 / 3.448         0.955 / 3.448         0.955 / 3.448       ms
[2025-05-18T22:57:29.082+0300][15084][17464][info][gc,stats    ]    Subphase: Concurrent Classes Unlink                     0.000 / 0.000         7.270 / 17.154        7.270 / 17.154        7.270 / 17.154      ms
[2025-05-18T22:57:29.083+0300][15084][17464][info][gc,stats    ]    Subphase: Concurrent Mark                               0.000 / 0.000        22.150 / 32.456       22.150 / 32.456       22.150 / 32.456      ms
[2025-05-18T22:57:29.083+0300][15084][17464][info][gc,stats    ]    Subphase: Concurrent Mark Try Flush                     0.000 / 0.000         0.147 / 0.270         0.147 / 0.270         0.147 / 0.270       ms
[2025-05-18T22:57:29.083+0300][15084][17464][info][gc,stats    ]    Subphase: Concurrent Mark Try Terminate                 0.000 / 0.000         3.755 / 16.350        3.755 / 16.350        3.755 / 16.350      ms
[2025-05-18T22:57:29.083+0300][15084][17464][info][gc,stats    ]    Subphase: Concurrent References Enqueue                 0.000 / 0.000         0.003 / 0.005         0.003 / 0.005         0.003 / 0.005       ms
[2025-05-18T22:57:29.083+0300][15084][17464][info][gc,stats    ]    Subphase: Concurrent References Process                 0.000 / 0.000         0.167 / 0.315         0.167 / 0.315         0.167 / 0.315       ms
[2025-05-18T22:57:29.083+0300][15084][17464][info][gc,stats    ]    Subphase: Concurrent Roots ClassLoaderDataGraph         0.000 / 0.000         0.276 / 0.975         0.276 / 0.975         0.276 / 0.975       ms
[2025-05-18T22:57:29.083+0300][15084][17464][info][gc,stats    ]    Subphase: Concurrent Roots CodeCache                    0.000 / 0.000         0.000 / 0.000         0.000 / 0.000         0.000 / 0.000       ms
[2025-05-18T22:57:29.083+0300][15084][17464][info][gc,stats    ]    Subphase: Concurrent Roots JavaThreads                  0.000 / 0.000         0.654 / 3.315         0.654 / 3.315         0.654 / 3.315       ms
[2025-05-18T22:57:29.083+0300][15084][17464][info][gc,stats    ]    Subphase: Concurrent Roots OopStorageSet                0.000 / 0.000         0.052 / 0.130         0.052 / 0.130         0.052 / 0.130       ms
[2025-05-18T22:57:29.083+0300][15084][17464][info][gc,stats    ]    Subphase: Concurrent Weak Roots OopStorageSet           0.000 / 0.000         0.682 / 1.152         0.682 / 1.152         0.682 / 1.152       ms
[2025-05-18T22:57:29.083+0300][15084][17464][info][gc,stats    ]    Subphase: Pause Mark Try Complete                       0.000 / 0.000         0.000 / 0.000         0.000 / 0.000         0.000 / 0.000       ms
[2025-05-18T22:57:29.083+0300][15084][17464][info][gc,stats    ]      System: Java Threads                                      0 / 0                30 / 34               30 / 34               30 / 34          threads
[2025-05-18T22:57:29.083+0300][15084][17464][info][gc,stats    ] =========================================================================================================================================================
[2025-05-18T22:57:39.080+0300][15084][17464][info][gc,stats    ] === Garbage Collection Statistics =======================================================================================================================
[2025-05-18T22:57:39.080+0300][15084][17464][info][gc,stats    ]                                                              Last 10s              Last 10m              Last 10h                Total
[2025-05-18T22:57:39.080+0300][15084][17464][info][gc,stats    ]                                                              Avg / Max             Avg / Max             Avg / Max             Avg / Max
[2025-05-18T22:57:39.080+0300][15084][17464][info][gc,stats    ]   Collector: Garbage Collection Cycle                      0.000 / 0.000        43.325 / 53.225       43.325 / 53.225       43.325 / 53.225      ms
[2025-05-18T22:57:39.080+0300][15084][17464][info][gc,stats    ]  Contention: Mark Segment Reset Contention                     0 / 0                 0 / 0                 0 / 0                 0 / 0           ops/s
[2025-05-18T22:57:39.080+0300][15084][17464][info][gc,stats    ]  Contention: Mark SeqNum Reset Contention                      0 / 0                 0 / 0                 0 / 0                 0 / 0           ops/s
[2025-05-18T22:57:39.080+0300][15084][17464][info][gc,stats    ]    Critical: Allocation Stall                                  0 / 0                 0 / 0                 0 / 0                 0 / 0           ops/s
[2025-05-18T22:57:39.080+0300][15084][17464][info][gc,stats    ]    Critical: Allocation Stall                              0.000 / 0.000         0.000 / 0.000         0.000 / 0.000         0.000 / 0.000       ms
[2025-05-18T22:57:39.080+0300][15084][17464][info][gc,stats    ]    Critical: GC Locker Stall                                   0 / 0                 0 / 0                 0 / 0                 0 / 0           ops/s
[2025-05-18T22:57:39.080+0300][15084][17464][info][gc,stats    ]    Critical: GC Locker Stall                               0.000 / 0.000         0.000 / 0.000         0.000 / 0.000         0.000 / 0.000       ms
[2025-05-18T22:57:39.080+0300][15084][17464][info][gc,stats    ]    Critical: Relocation Stall                                  0 / 0                 0 / 0                 0 / 0                 0 / 0           ops/s
[2025-05-18T22:57:39.080+0300][15084][17464][info][gc,stats    ]    Critical: Relocation Stall                              0.000 / 0.000         0.000 / 0.000         0.000 / 0.000         0.000 / 0.000       ms
[2025-05-18T22:57:39.080+0300][15084][17464][info][gc,stats    ]      Memory: Allocation Rate                                  35 / 42               35 / 146              35 / 146              35 / 146         MB/s
[2025-05-18T22:57:39.080+0300][15084][17464][info][gc,stats    ]      Memory: Defragment                                        0 / 0                 0 / 0                 0 / 0                 0 / 0           ops/s
[2025-05-18T22:57:39.080+0300][15084][17464][info][gc,stats    ]      Memory: Out Of Memory                                     0 / 0                 0 / 0                 0 / 0                 0 / 0           ops/s
[2025-05-18T22:57:39.080+0300][15084][17464][info][gc,stats    ]      Memory: Page Cache Flush                                  0 / 0                 0 / 0                 0 / 0                 0 / 0           MB/s
[2025-05-18T22:57:39.080+0300][15084][17464][info][gc,stats    ]      Memory: Page Cache Hit L1                                17 / 21               14 / 76               14 / 76               14 / 76          ops/s
[2025-05-18T22:57:39.080+0300][15084][17464][info][gc,stats    ]      Memory: Page Cache Hit L2                                 0 / 0                 0 / 0                 0 / 0                 0 / 0           ops/s
[2025-05-18T22:57:39.081+0300][15084][17464][info][gc,stats    ]      Memory: Page Cache Hit L3                                 0 / 0                 3 / 34                3 / 34                3 / 34          ops/s
[2025-05-18T22:57:39.081+0300][15084][17464][info][gc,stats    ]      Memory: Page Cache Miss                                   0 / 0                 0 / 1                 0 / 1                 0 / 1           ops/s
[2025-05-18T22:57:39.081+0300][15084][17464][info][gc,stats    ]      Memory: Uncommit                                          0 / 0                 0 / 0                 0 / 0                 0 / 0           MB/s
[2025-05-18T22:57:39.081+0300][15084][17464][info][gc,stats    ]      Memory: Undo Object Allocation Failed                     0 / 0                 0 / 0                 0 / 0                 0 / 0           ops/s
[2025-05-18T22:57:39.081+0300][15084][17464][info][gc,stats    ]      Memory: Undo Object Allocation Succeeded                  0 / 0                 0 / 0                 0 / 0                 0 / 0           ops/s
[2025-05-18T22:57:39.081+0300][15084][17464][info][gc,stats    ]      Memory: Undo Page Allocation                              0 / 0                 0 / 3                 0 / 3                 0 / 3           ops/s
[2025-05-18T22:57:39.081+0300][15084][17464][info][gc,stats    ]       Phase: Concurrent Mark                               0.000 / 0.000        28.374 / 33.584       28.374 / 33.584       28.374 / 33.584      ms
[2025-05-18T22:57:39.081+0300][15084][17464][info][gc,stats    ]       Phase: Concurrent Mark Continue                      0.000 / 0.000         0.000 / 0.000         0.000 / 0.000         0.000 / 0.000       ms
[2025-05-18T22:57:39.081+0300][15084][17464][info][gc,stats    ]       Phase: Concurrent Mark Free                          0.000 / 0.000         0.001 / 0.002         0.001 / 0.002         0.001 / 0.002       ms
[2025-05-18T22:57:39.081+0300][15084][17464][info][gc,stats    ]       Phase: Concurrent Process Non-Strong References      0.000 / 0.000        10.145 / 19.302       10.145 / 19.302       10.145 / 19.302      ms
[2025-05-18T22:57:39.081+0300][15084][17464][info][gc,stats    ]       Phase: Concurrent Relocate                           0.000 / 0.000         1.638 / 5.335         1.638 / 5.335         1.638 / 5.335       ms
[2025-05-18T22:57:39.081+0300][15084][17464][info][gc,stats    ]       Phase: Concurrent Reset Relocation Set               0.000 / 0.000         0.006 / 0.028         0.006 / 0.028         0.006 / 0.028       ms
[2025-05-18T22:57:39.081+0300][15084][17464][info][gc,stats    ]       Phase: Concurrent Select Relocation Set              0.000 / 0.000         2.017 / 5.162         2.017 / 5.162         2.017 / 5.162       ms
[2025-05-18T22:57:39.081+0300][15084][17464][info][gc,stats    ]       Phase: Pause Mark End                                0.000 / 0.000         0.018 / 0.026         0.018 / 0.026         0.018 / 0.026       ms
[2025-05-18T22:57:39.081+0300][15084][17464][info][gc,stats    ]       Phase: Pause Mark Start                              0.000 / 0.000         0.013 / 0.026         0.013 / 0.026         0.013 / 0.026       ms
[2025-05-18T22:57:39.081+0300][15084][17464][info][gc,stats    ]       Phase: Pause Relocate Start                          0.000 / 0.000         0.104 / 1.085         0.104 / 1.085         0.104 / 1.085       ms
[2025-05-18T22:57:39.081+0300][15084][17464][info][gc,stats    ]    Subphase: Concurrent Classes Purge                      0.000 / 0.000         0.955 / 3.448         0.955 / 3.448         0.955 / 3.448       ms
[2025-05-18T22:57:39.081+0300][15084][17464][info][gc,stats    ]    Subphase: Concurrent Classes Unlink                     0.000 / 0.000         7.270 / 17.154        7.270 / 17.154        7.270 / 17.154      ms
[2025-05-18T22:57:39.081+0300][15084][17464][info][gc,stats    ]    Subphase: Concurrent Mark                               0.000 / 0.000        22.150 / 32.456       22.150 / 32.456       22.150 / 32.456      ms
[2025-05-18T22:57:39.081+0300][15084][17464][info][gc,stats    ]    Subphase: Concurrent Mark Try Flush                     0.000 / 0.000         0.147 / 0.270         0.147 / 0.270         0.147 / 0.270       ms
[2025-05-18T22:57:39.081+0300][15084][17464][info][gc,stats    ]    Subphase: Concurrent Mark Try Terminate                 0.000 / 0.000         3.755 / 16.350        3.755 / 16.350        3.755 / 16.350      ms
[2025-05-18T22:57:39.081+0300][15084][17464][info][gc,stats    ]    Subphase: Concurrent References Enqueue                 0.000 / 0.000         0.003 / 0.005         0.003 / 0.005         0.003 / 0.005       ms
[2025-05-18T22:57:39.081+0300][15084][17464][info][gc,stats    ]    Subphase: Concurrent References Process                 0.000 / 0.000         0.167 / 0.315         0.167 / 0.315         0.167 / 0.315       ms
[2025-05-18T22:57:39.082+0300][15084][17464][info][gc,stats    ]    Subphase: Concurrent Roots ClassLoaderDataGraph         0.000 / 0.000         0.276 / 0.975         0.276 / 0.975         0.276 / 0.975       ms
[2025-05-18T22:57:39.082+0300][15084][17464][info][gc,stats    ]    Subphase: Concurrent Roots CodeCache                    0.000 / 0.000         0.000 / 0.000         0.000 / 0.000         0.000 / 0.000       ms
[2025-05-18T22:57:39.082+0300][15084][17464][info][gc,stats    ]    Subphase: Concurrent Roots JavaThreads                  0.000 / 0.000         0.654 / 3.315         0.654 / 3.315         0.654 / 3.315       ms
[2025-05-18T22:57:39.082+0300][15084][17464][info][gc,stats    ]    Subphase: Concurrent Roots OopStorageSet                0.000 / 0.000         0.052 / 0.130         0.052 / 0.130         0.052 / 0.130       ms
[2025-05-18T22:57:39.082+0300][15084][17464][info][gc,stats    ]    Subphase: Concurrent Weak Roots OopStorageSet           0.000 / 0.000         0.682 / 1.152         0.682 / 1.152         0.682 / 1.152       ms
[2025-05-18T22:57:39.082+0300][15084][17464][info][gc,stats    ]    Subphase: Pause Mark Try Complete                       0.000 / 0.000         0.000 / 0.000         0.000 / 0.000         0.000 / 0.000       ms
[2025-05-18T22:57:39.082+0300][15084][17464][info][gc,stats    ]      System: Java Threads                                      0 / 0                30 / 34               30 / 34               30 / 34          threads
[2025-05-18T22:57:39.082+0300][15084][17464][info][gc,stats    ] =========================================================================================================================================================
[2025-05-18T22:57:39.394+0300][15084][15876][info][gc,start    ] GC(11) Garbage Collection (Proactive)
[2025-05-18T22:57:39.394+0300][15084][15876][info][gc,task     ] GC(11) Using 2 workers
[2025-05-18T22:57:39.394+0300][15084][17492][info][gc,phases   ] GC(11) Pause Mark Start 0.017ms
[2025-05-18T22:57:39.425+0300][15084][15876][info][gc,phases   ] GC(11) Concurrent Mark 30.388ms
[2025-05-18T22:57:39.425+0300][15084][17492][info][gc,phases   ] GC(11) Pause Mark End 0.013ms
[2025-05-18T22:57:39.425+0300][15084][15876][info][gc,phases   ] GC(11) Concurrent Mark Free 0.001ms
[2025-05-18T22:57:39.430+0300][15084][15876][info][gc,phases   ] GC(11) Concurrent Process Non-Strong References 4.861ms
[2025-05-18T22:57:39.430+0300][15084][15876][info][gc,phases   ] GC(11) Concurrent Reset Relocation Set 0.003ms
[2025-05-18T22:57:39.431+0300][15084][15876][info][gc,phases   ] GC(11) Concurrent Select Relocation Set 1.337ms
[2025-05-18T22:57:39.431+0300][15084][17492][info][gc,phases   ] GC(11) Pause Relocate Start 0.006ms
[2025-05-18T22:57:39.433+0300][15084][15876][info][gc,phases   ] GC(11) Concurrent Relocate 1.114ms
[2025-05-18T22:57:39.433+0300][15084][15876][info][gc,load     ] GC(11) Load: 0.00/0.00/0.00
[2025-05-18T22:57:39.433+0300][15084][15876][info][gc,mmu      ] GC(11) MMU: 2ms/45.7%, 5ms/78.3%, 10ms/89.1%, 20ms/94.4%, 50ms/97.8%, 100ms/98.9%
[2025-05-18T22:57:39.433+0300][15084][15876][info][gc,marking  ] GC(11) Mark: 2 stripe(s), 3 proactive flush(es), 1 terminate flush(es), 0 completion(s), 0 continuation(s) 
[2025-05-18T22:57:39.433+0300][15084][15876][info][gc,marking  ] GC(11) Mark Stack Usage: 32M
[2025-05-18T22:57:39.433+0300][15084][15876][info][gc,nmethod  ] GC(11) NMethods: 3928 registered, 1310 unregistered
[2025-05-18T22:57:39.433+0300][15084][15876][info][gc,metaspace] GC(11) Metaspace: 33M used, 34M committed, 1088M reserved
[2025-05-18T22:57:39.433+0300][15084][15876][info][gc,ref      ] GC(11) Soft: 4274 encountered, 0 discovered, 0 enqueued
[2025-05-18T22:57:39.433+0300][15084][15876][info][gc,ref      ] GC(11) Weak: 2491 encountered, 171 discovered, 0 enqueued
[2025-05-18T22:57:39.433+0300][15084][15876][info][gc,ref      ] GC(11) Final: 3 encountered, 0 discovered, 0 enqueued
[2025-05-18T22:57:39.433+0300][15084][15876][info][gc,ref      ] GC(11) Phantom: 277 encountered, 218 discovered, 0 enqueued
[2025-05-18T22:57:39.433+0300][15084][15876][info][gc,reloc    ] GC(11) Small Pages: 632 / 1264M, Empty: 1090M, Relocated: 1M, In-Place: 0
[2025-05-18T22:57:39.433+0300][15084][15876][info][gc,reloc    ] GC(11) Medium Pages: 1 / 32M, Empty: 0M, Relocated: 0M, In-Place: 0
[2025-05-18T22:57:39.433+0300][15084][15876][info][gc,reloc    ] GC(11) Large Pages: 0 / 0M, Empty: 0M, Relocated: 0M, In-Place: 0
[2025-05-18T22:57:39.433+0300][15084][15876][info][gc,reloc    ] GC(11) Forwarding Usage: 0M
[2025-05-18T22:57:39.433+0300][15084][15876][info][gc,heap     ] GC(11) Min Capacity: 12288M(100%)
[2025-05-18T22:57:39.433+0300][15084][15876][info][gc,heap     ] GC(11) Max Capacity: 12288M(100%)
[2025-05-18T22:57:39.433+0300][15084][15876][info][gc,heap     ] GC(11) Soft Max Capacity: 12288M(100%)
[2025-05-18T22:57:39.433+0300][15084][15876][info][gc,heap     ] GC(11)                Mark Start          Mark End        Relocate Start      Relocate End           High               Low         
[2025-05-18T22:57:39.433+0300][15084][15876][info][gc,heap     ] GC(11)  Capacity:    12288M (100%)      12288M (100%)      12288M (100%)      12288M (100%)      12288M (100%)      12288M (100%)   
[2025-05-18T22:57:39.433+0300][15084][15876][info][gc,heap     ] GC(11)      Free:    10992M (89%)       10976M (89%)       12066M (98%)       12218M (99%)       12218M (99%)       10976M (89%)    
[2025-05-18T22:57:39.433+0300][15084][15876][info][gc,heap     ] GC(11)      Used:     1296M (11%)        1312M (11%)         222M (2%)           70M (1%)         1312M (11%)          70M (1%)     
[2025-05-18T22:57:39.433+0300][15084][15876][info][gc,heap     ] GC(11)      Live:         -                18M (0%)           18M (0%)           18M (0%)             -                  -          
[2025-05-18T22:57:39.433+0300][15084][15876][info][gc,heap     ] GC(11) Allocated:         -                16M (0%)           16M (0%)           16M (0%)             -                  -          
[2025-05-18T22:57:39.433+0300][15084][15876][info][gc,heap     ] GC(11)   Garbage:         -              1277M (10%)         187M (2%)           35M (0%)             -                  -          
[2025-05-18T22:57:39.433+0300][15084][15876][info][gc,heap     ] GC(11) Reclaimed:         -                  -              1090M (9%)         1242M (10%)            -                  -          
[2025-05-18T22:57:39.433+0300][15084][15876][info][gc          ] GC(11) Garbage Collection (Proactive) 1296M(11%)->70M(1%)
[2025-05-18T22:57:49.080+0300][15084][17464][info][gc,stats    ] === Garbage Collection Statistics =======================================================================================================================
[2025-05-18T22:57:49.080+0300][15084][17464][info][gc,stats    ]                                                              Last 10s              Last 10m              Last 10h                Total
[2025-05-18T22:57:49.080+0300][15084][17464][info][gc,stats    ]                                                              Avg / Max             Avg / Max             Avg / Max             Avg / Max
[2025-05-18T22:57:49.080+0300][15084][17464][info][gc,stats    ]   Collector: Garbage Collection Cycle                     39.012 / 39.012       42.965 / 53.225       42.965 / 53.225       42.965 / 53.225      ms
[2025-05-18T22:57:49.080+0300][15084][17464][info][gc,stats    ]  Contention: Mark Segment Reset Contention                     0 / 0                 0 / 0                 0 / 0                 0 / 0           ops/s
[2025-05-18T22:57:49.080+0300][15084][17464][info][gc,stats    ]  Contention: Mark SeqNum Reset Contention                      0 / 0                 0 / 0                 0 / 0                 0 / 0           ops/s
[2025-05-18T22:57:49.080+0300][15084][17464][info][gc,stats    ]    Critical: Allocation Stall                                  0 / 0                 0 / 0                 0 / 0                 0 / 0           ops/s
[2025-05-18T22:57:49.080+0300][15084][17464][info][gc,stats    ]    Critical: Allocation Stall                              0.000 / 0.000         0.000 / 0.000         0.000 / 0.000         0.000 / 0.000       ms
[2025-05-18T22:57:49.080+0300][15084][17464][info][gc,stats    ]    Critical: GC Locker Stall                                   0 / 0                 0 / 0                 0 / 0                 0 / 0           ops/s
[2025-05-18T22:57:49.080+0300][15084][17464][info][gc,stats    ]    Critical: GC Locker Stall                               0.000 / 0.000         0.000 / 0.000         0.000 / 0.000         0.000 / 0.000       ms
[2025-05-18T22:57:49.080+0300][15084][17464][info][gc,stats    ]    Critical: Relocation Stall                                  0 / 0                 0 / 0                 0 / 0                 0 / 0           ops/s
[2025-05-18T22:57:49.080+0300][15084][17464][info][gc,stats    ]    Critical: Relocation Stall                              0.000 / 0.000         0.000 / 0.000         0.000 / 0.000         0.000 / 0.000       ms
[2025-05-18T22:57:49.080+0300][15084][17464][info][gc,stats    ]      Memory: Allocation Rate                                  36 / 44               35 / 146              35 / 146              35 / 146         MB/s
[2025-05-18T22:57:49.080+0300][15084][17464][info][gc,stats    ]      Memory: Defragment                                        0 / 0                 0 / 0                 0 / 0                 0 / 0           ops/s
[2025-05-18T22:57:49.080+0300][15084][17464][info][gc,stats    ]      Memory: Out Of Memory                                     0 / 0                 0 / 0                 0 / 0                 0 / 0           ops/s
[2025-05-18T22:57:49.080+0300][15084][17464][info][gc,stats    ]      Memory: Page Cache Flush                                  0 / 0                 0 / 0                 0 / 0                 0 / 0           MB/s
[2025-05-18T22:57:49.080+0300][15084][17464][info][gc,stats    ]      Memory: Page Cache Hit L1                                18 / 24               14 / 76               14 / 76               14 / 76          ops/s
[2025-05-18T22:57:49.080+0300][15084][17464][info][gc,stats    ]      Memory: Page Cache Hit L2                                 0 / 0                 0 / 0                 0 / 0                 0 / 0           ops/s
[2025-05-18T22:57:49.080+0300][15084][17464][info][gc,stats    ]      Memory: Page Cache Hit L3                                 0 / 0                 3 / 34                3 / 34                3 / 34          ops/s
[2025-05-18T22:57:49.080+0300][15084][17464][info][gc,stats    ]      Memory: Page Cache Miss                                   0 / 0                 0 / 1                 0 / 1                 0 / 1           ops/s
[2025-05-18T22:57:49.080+0300][15084][17464][info][gc,stats    ]      Memory: Uncommit                                          0 / 0                 0 / 0                 0 / 0                 0 / 0           MB/s
[2025-05-18T22:57:49.080+0300][15084][17464][info][gc,stats    ]      Memory: Undo Object Allocation Failed                     0 / 0                 0 / 0                 0 / 0                 0 / 0           ops/s
[2025-05-18T22:57:49.080+0300][15084][17464][info][gc,stats    ]      Memory: Undo Object Allocation Succeeded                  0 / 0                 0 / 0                 0 / 0                 0 / 0           ops/s
[2025-05-18T22:57:49.080+0300][15084][17464][info][gc,stats    ]      Memory: Undo Page Allocation                              0 / 0                 0 / 3                 0 / 3                 0 / 3           ops/s
[2025-05-18T22:57:49.080+0300][15084][17464][info][gc,stats    ]       Phase: Concurrent Mark                              30.388 / 30.388       28.542 / 33.584       28.542 / 33.584       28.542 / 33.584      ms
[2025-05-18T22:57:49.080+0300][15084][17464][info][gc,stats    ]       Phase: Concurrent Mark Continue                      0.000 / 0.000         0.000 / 0.000         0.000 / 0.000         0.000 / 0.000       ms
[2025-05-18T22:57:49.081+0300][15084][17464][info][gc,stats    ]       Phase: Concurrent Mark Free                          0.001 / 0.001         0.001 / 0.002         0.001 / 0.002         0.001 / 0.002       ms
[2025-05-18T22:57:49.081+0300][15084][17464][info][gc,stats    ]       Phase: Concurrent Process Non-Strong References      4.861 / 4.861         9.705 / 19.302        9.705 / 19.302        9.705 / 19.302      ms
[2025-05-18T22:57:49.081+0300][15084][17464][info][gc,stats    ]       Phase: Concurrent Relocate                           1.114 / 1.114         1.594 / 5.335         1.594 / 5.335         1.594 / 5.335       ms
[2025-05-18T22:57:49.081+0300][15084][17464][info][gc,stats    ]       Phase: Concurrent Reset Relocation Set               0.003 / 0.003         0.006 / 0.028         0.006 / 0.028         0.006 / 0.028       ms
[2025-05-18T22:57:49.081+0300][15084][17464][info][gc,stats    ]       Phase: Concurrent Select Relocation Set              1.337 / 1.337         1.960 / 5.162         1.960 / 5.162         1.960 / 5.162       ms
[2025-05-18T22:57:49.081+0300][15084][17464][info][gc,stats    ]       Phase: Pause Mark End                                0.013 / 0.013         0.018 / 0.026         0.018 / 0.026         0.018 / 0.026       ms
[2025-05-18T22:57:49.081+0300][15084][17464][info][gc,stats    ]       Phase: Pause Mark Start                              0.017 / 0.017         0.013 / 0.026         0.013 / 0.026         0.013 / 0.026       ms
[2025-05-18T22:57:49.081+0300][15084][17464][info][gc,stats    ]       Phase: Pause Relocate Start                          0.006 / 0.006         0.096 / 1.085         0.096 / 1.085         0.096 / 1.085       ms
[2025-05-18T22:57:49.081+0300][15084][17464][info][gc,stats    ]    Subphase: Concurrent Classes Purge                      0.235 / 0.235         0.895 / 3.448         0.895 / 3.448         0.895 / 3.448       ms
[2025-05-18T22:57:49.081+0300][15084][17464][info][gc,stats    ]    Subphase: Concurrent Classes Unlink                     3.566 / 3.566         6.961 / 17.154        6.961 / 17.154        6.961 / 17.154      ms
[2025-05-18T22:57:49.081+0300][15084][17464][info][gc,stats    ]    Subphase: Concurrent Mark                              21.676 / 29.395       22.110 / 32.456       22.110 / 32.456       22.110 / 32.456      ms
[2025-05-18T22:57:49.081+0300][15084][17464][info][gc,stats    ]    Subphase: Concurrent Mark Try Flush                     0.144 / 0.159         0.146 / 0.270         0.146 / 0.270         0.146 / 0.270       ms
[2025-05-18T22:57:49.081+0300][15084][17464][info][gc,stats    ]    Subphase: Concurrent Mark Try Terminate                 5.345 / 15.876        3.887 / 16.350        3.887 / 16.350        3.887 / 16.350      ms
[2025-05-18T22:57:49.081+0300][15084][17464][info][gc,stats    ]    Subphase: Concurrent References Enqueue                 0.000 / 0.000         0.002 / 0.005         0.002 / 0.005         0.002 / 0.005       ms
[2025-05-18T22:57:49.081+0300][15084][17464][info][gc,stats    ]    Subphase: Concurrent References Process                 0.049 / 0.049         0.157 / 0.315         0.157 / 0.315         0.157 / 0.315       ms
[2025-05-18T22:57:49.081+0300][15084][17464][info][gc,stats    ]    Subphase: Concurrent Roots ClassLoaderDataGraph         0.387 / 0.727         0.285 / 0.975         0.285 / 0.975         0.285 / 0.975       ms
[2025-05-18T22:57:49.081+0300][15084][17464][info][gc,stats    ]    Subphase: Concurrent Roots CodeCache                    0.000 / 0.000         0.000 / 0.000         0.000 / 0.000         0.000 / 0.000       ms
[2025-05-18T22:57:49.081+0300][15084][17464][info][gc,stats    ]    Subphase: Concurrent Roots JavaThreads                  0.370 / 0.683         0.630 / 3.315         0.630 / 3.315         0.630 / 3.315       ms
[2025-05-18T22:57:49.081+0300][15084][17464][info][gc,stats    ]    Subphase: Concurrent Roots OopStorageSet                0.067 / 0.098         0.053 / 0.130         0.053 / 0.130         0.053 / 0.130       ms
[2025-05-18T22:57:49.081+0300][15084][17464][info][gc,stats    ]    Subphase: Concurrent Weak Roots OopStorageSet           0.663 / 0.665         0.680 / 1.152         0.680 / 1.152         0.680 / 1.152       ms
[2025-05-18T22:57:49.081+0300][15084][17464][info][gc,stats    ]    Subphase: Pause Mark Try Complete                       0.000 / 0.000         0.000 / 0.000         0.000 / 0.000         0.000 / 0.000       ms
[2025-05-18T22:57:49.081+0300][15084][17464][info][gc,stats    ]      System: Java Threads                                     32 / 32               30 / 34               30 / 34               30 / 34          threads
[2025-05-18T22:57:49.081+0300][15084][17464][info][gc,stats    ] =========================================================================================================================================================
[2025-05-18T22:57:59.087+0300][15084][17464][info][gc,stats    ] === Garbage Collection Statistics =======================================================================================================================
[2025-05-18T22:57:59.087+0300][15084][17464][info][gc,stats    ]                                                              Last 10s              Last 10m              Last 10h                Total
[2025-05-18T22:57:59.087+0300][15084][17464][info][gc,stats    ]                                                              Avg / Max             Avg / Max             Avg / Max             Avg / Max
[2025-05-18T22:57:59.087+0300][15084][17464][info][gc,stats    ]   Collector: Garbage Collection Cycle                      0.000 / 0.000        42.965 / 53.225       42.965 / 53.225       42.965 / 53.225      ms
[2025-05-18T22:57:59.087+0300][15084][17464][info][gc,stats    ]  Contention: Mark Segment Reset Contention                     0 / 0                 0 / 0                 0 / 0                 0 / 0           ops/s
[2025-05-18T22:57:59.087+0300][15084][17464][info][gc,stats    ]  Contention: Mark SeqNum Reset Contention                      0 / 0                 0 / 0                 0 / 0                 0 / 0           ops/s
[2025-05-18T22:57:59.087+0300][15084][17464][info][gc,stats    ]    Critical: Allocation Stall                                  0 / 0                 0 / 0                 0 / 0                 0 / 0           ops/s
[2025-05-18T22:57:59.087+0300][15084][17464][info][gc,stats    ]    Critical: Allocation Stall                              0.000 / 0.000         0.000 / 0.000         0.000 / 0.000         0.000 / 0.000       ms
[2025-05-18T22:57:59.088+0300][15084][17464][info][gc,stats    ]    Critical: GC Locker Stall                                   0 / 0                 0 / 0                 0 / 0                 0 / 0           ops/s
[2025-05-18T22:57:59.088+0300][15084][17464][info][gc,stats    ]    Critical: GC Locker Stall                               0.000 / 0.000         0.000 / 0.000         0.000 / 0.000         0.000 / 0.000       ms
[2025-05-18T22:57:59.088+0300][15084][17464][info][gc,stats    ]    Critical: Relocation Stall                                  0 / 0                 0 / 0                 0 / 0                 0 / 0           ops/s
[2025-05-18T22:57:59.088+0300][15084][17464][info][gc,stats    ]    Critical: Relocation Stall                              0.000 / 0.000         0.000 / 0.000         0.000 / 0.000         0.000 / 0.000       ms
[2025-05-18T22:57:59.088+0300][15084][17464][info][gc,stats    ]      Memory: Allocation Rate                                  34 / 38               35 / 146              35 / 146              35 / 146         MB/s
[2025-05-18T22:57:59.088+0300][15084][17464][info][gc,stats    ]      Memory: Defragment                                        0 / 0                 0 / 0                 0 / 0                 0 / 0           ops/s
[2025-05-18T22:57:59.088+0300][15084][17464][info][gc,stats    ]      Memory: Out Of Memory                                     0 / 0                 0 / 0                 0 / 0                 0 / 0           ops/s
[2025-05-18T22:57:59.088+0300][15084][17464][info][gc,stats    ]      Memory: Page Cache Flush                                  0 / 0                 0 / 0                 0 / 0                 0 / 0           MB/s
[2025-05-18T22:57:59.088+0300][15084][17464][info][gc,stats    ]      Memory: Page Cache Hit L1                                17 / 19               14 / 76               14 / 76               14 / 76          ops/s
[2025-05-18T22:57:59.088+0300][15084][17464][info][gc,stats    ]      Memory: Page Cache Hit L2                                 0 / 0                 0 / 0                 0 / 0                 0 / 0           ops/s
[2025-05-18T22:57:59.088+0300][15084][17464][info][gc,stats    ]      Memory: Page Cache Hit L3                                 0 / 0                 3 / 34                3 / 34                3 / 34          ops/s
[2025-05-18T22:57:59.088+0300][15084][17464][info][gc,stats    ]      Memory: Page Cache Miss                                   0 / 0                 0 / 1                 0 / 1                 0 / 1           ops/s
[2025-05-18T22:57:59.088+0300][15084][17464][info][gc,stats    ]      Memory: Uncommit                                          0 / 0                 0 / 0                 0 / 0                 0 / 0           MB/s
[2025-05-18T22:57:59.088+0300][15084][17464][info][gc,stats    ]      Memory: Undo Object Allocation Failed                     0 / 0                 0 / 0                 0 / 0                 0 / 0           ops/s
[2025-05-18T22:57:59.088+0300][15084][17464][info][gc,stats    ]      Memory: Undo Object Allocation Succeeded                  0 / 0                 0 / 0                 0 / 0                 0 / 0           ops/s
[2025-05-18T22:57:59.088+0300][15084][17464][info][gc,stats    ]      Memory: Undo Page Allocation                              0 / 0                 0 / 3                 0 / 3                 0 / 3           ops/s
[2025-05-18T22:57:59.088+0300][15084][17464][info][gc,stats    ]       Phase: Concurrent Mark                               0.000 / 0.000        28.542 / 33.584       28.542 / 33.584       28.542 / 33.584      ms
[2025-05-18T22:57:59.088+0300][15084][17464][info][gc,stats    ]       Phase: Concurrent Mark Continue                      0.000 / 0.000         0.000 / 0.000         0.000 / 0.000         0.000 / 0.000       ms
[2025-05-18T22:57:59.088+0300][15084][17464][info][gc,stats    ]       Phase: Concurrent Mark Free                          0.000 / 0.000         0.001 / 0.002         0.001 / 0.002         0.001 / 0.002       ms
[2025-05-18T22:57:59.088+0300][15084][17464][info][gc,stats    ]       Phase: Concurrent Process Non-Strong References      0.000 / 0.000         9.705 / 19.302        9.705 / 19.302        9.705 / 19.302      ms
[2025-05-18T22:57:59.088+0300][15084][17464][info][gc,stats    ]       Phase: Concurrent Relocate                           0.000 / 0.000         1.594 / 5.335         1.594 / 5.335         1.594 / 5.335       ms
[2025-05-18T22:57:59.088+0300][15084][17464][info][gc,stats    ]       Phase: Concurrent Reset Relocation Set               0.000 / 0.000         0.006 / 0.028         0.006 / 0.028         0.006 / 0.028       ms
[2025-05-18T22:57:59.088+0300][15084][17464][info][gc,stats    ]       Phase: Concurrent Select Relocation Set              0.000 / 0.000         1.960 / 5.162         1.960 / 5.162         1.960 / 5.162       ms
[2025-05-18T22:57:59.088+0300][15084][17464][info][gc,stats    ]       Phase: Pause Mark End                                0.000 / 0.000         0.018 / 0.026         0.018 / 0.026         0.018 / 0.026       ms
[2025-05-18T22:57:59.088+0300][15084][17464][info][gc,stats    ]       Phase: Pause Mark Start                              0.000 / 0.000         0.013 / 0.026         0.013 / 0.026         0.013 / 0.026       ms
[2025-05-18T22:57:59.089+0300][15084][17464][info][gc,stats    ]       Phase: Pause Relocate Start                          0.000 / 0.000         0.096 / 1.085         0.096 / 1.085         0.096 / 1.085       ms
[2025-05-18T22:57:59.089+0300][15084][17464][info][gc,stats    ]    Subphase: Concurrent Classes Purge                      0.000 / 0.000         0.895 / 3.448         0.895 / 3.448         0.895 / 3.448       ms
[2025-05-18T22:57:59.089+0300][15084][17464][info][gc,stats    ]    Subphase: Concurrent Classes Unlink                     0.000 / 0.000         6.961 / 17.154        6.961 / 17.154        6.961 / 17.154      ms
[2025-05-18T22:57:59.089+0300][15084][17464][info][gc,stats    ]    Subphase: Concurrent Mark                               0.000 / 0.000        22.110 / 32.456       22.110 / 32.456       22.110 / 32.456      ms
[2025-05-18T22:57:59.089+0300][15084][17464][info][gc,stats    ]    Subphase: Concurrent Mark Try Flush                     0.000 / 0.000         0.146 / 0.270         0.146 / 0.270         0.146 / 0.270       ms
[2025-05-18T22:57:59.089+0300][15084][17464][info][gc,stats    ]    Subphase: Concurrent Mark Try Terminate                 0.000 / 0.000         3.887 / 16.350        3.887 / 16.350        3.887 / 16.350      ms
[2025-05-18T22:57:59.089+0300][15084][17464][info][gc,stats    ]    Subphase: Concurrent References Enqueue                 0.000 / 0.000         0.002 / 0.005         0.002 / 0.005         0.002 / 0.005       ms
[2025-05-18T22:57:59.089+0300][15084][17464][info][gc,stats    ]    Subphase: Concurrent References Process                 0.000 / 0.000         0.157 / 0.315         0.157 / 0.315         0.157 / 0.315       ms
[2025-05-18T22:57:59.089+0300][15084][17464][info][gc,stats    ]    Subphase: Concurrent Roots ClassLoaderDataGraph         0.000 / 0.000         0.285 / 0.975         0.285 / 0.975         0.285 / 0.975       ms
[2025-05-18T22:57:59.089+0300][15084][17464][info][gc,stats    ]    Subphase: Concurrent Roots CodeCache                    0.000 / 0.000         0.000 / 0.000         0.000 / 0.000         0.000 / 0.000       ms
[2025-05-18T22:57:59.089+0300][15084][17464][info][gc,stats    ]    Subphase: Concurrent Roots JavaThreads                  0.000 / 0.000         0.630 / 3.315         0.630 / 3.315         0.630 / 3.315       ms
[2025-05-18T22:57:59.089+0300][15084][17464][info][gc,stats    ]    Subphase: Concurrent Roots OopStorageSet                0.000 / 0.000         0.053 / 0.130         0.053 / 0.130         0.053 / 0.130       ms
[2025-05-18T22:57:59.089+0300][15084][17464][info][gc,stats    ]    Subphase: Concurrent Weak Roots OopStorageSet           0.000 / 0.000         0.680 / 1.152         0.680 / 1.152         0.680 / 1.152       ms
[2025-05-18T22:57:59.089+0300][15084][17464][info][gc,stats    ]    Subphase: Pause Mark Try Complete                       0.000 / 0.000         0.000 / 0.000         0.000 / 0.000         0.000 / 0.000       ms
[2025-05-18T22:57:59.089+0300][15084][17464][info][gc,stats    ]      System: Java Threads                                      0 / 0                30 / 34               30 / 34               30 / 34          threads
[2025-05-18T22:57:59.089+0300][15084][17464][info][gc,stats    ] =========================================================================================================================================================
[2025-05-18T22:58:08.981+0300][15084][5540 ][info][gc,heap,exit] Heap
[2025-05-18T22:58:08.981+0300][15084][5540 ][info][gc,heap,exit]  ZHeap           used 1102M, capacity 12288M, max capacity 12288M
[2025-05-18T22:58:08.981+0300][15084][5540 ][info][gc,heap,exit]  Metaspace       used 34433K, committed 35520K, reserved 1114112K
[2025-05-18T22:58:08.981+0300][15084][5540 ][info][gc,heap,exit]   class space    used 2866K, committed 3328K, reserved 1048576K
