[2025-05-18T20:48:11.879+0300][9008][9344][info][gc,init] Initializing The Z Garbage Collector
[2025-05-18T20:48:11.879+0300][9008][9344][info][gc,init] Version: 21.0.6+8-LTS-188 (release)
[2025-05-18T20:48:11.879+0300][9008][9344][info][gc,init] Using legacy single-generation mode
[2025-05-18T20:48:11.879+0300][9008][9344][info][gc,init] NUMA Support: Disabled
[2025-05-18T20:48:11.879+0300][9008][9344][info][gc,init] CPUs: 8 total, 8 available
[2025-05-18T20:48:11.879+0300][9008][9344][info][gc,init] Memory: 16183M
[2025-05-18T20:48:11.879+0300][9008][9344][info][gc,init] Large Page Support: Disabled
[2025-05-18T20:48:11.880+0300][9008][9344][info][gc,init] GC Workers: 2 (dynamic)
[2025-05-18T20:48:11.881+0300][9008][9344][info][gc,init] Address Space Type: Contiguous/Unrestricted/Complete
[2025-05-18T20:48:11.881+0300][9008][9344][info][gc,init] Address Space Size: 65536M x 3 = 196608M
[2025-05-18T20:48:11.881+0300][9008][9344][info][gc,init] Min Capacity: 4096M
[2025-05-18T20:48:11.881+0300][9008][9344][info][gc,init] Initial Capacity: 4096M
[2025-05-18T20:48:11.881+0300][9008][9344][info][gc,init] Max Capacity: 4096M
[2025-05-18T20:48:11.881+0300][9008][9344][info][gc,init] Medium Page Size: 32M
[2025-05-18T20:48:11.881+0300][9008][9344][info][gc,init] Pre-touch: Disabled
[2025-05-18T20:48:11.881+0300][9008][9344][info][gc,init] Uncommit: Implicitly Disabled (-Xms equals -Xmx)
[2025-05-18T20:48:11.998+0300][9008][9344][info][gc,init] Runtime Workers: 5
[2025-05-18T20:48:11.999+0300][9008][9344][info][gc     ] Using The Z Garbage Collector
[2025-05-18T20:48:12.007+0300][9008][9344][info][gc,metaspace] CDS archive(s) mapped at: [0x000001345b000000-0x000001345bc90000-0x000001345bc90000), size 13172736, SharedBaseAddress: 0x000001345b000000, ArchiveRelocationMode: 1.
[2025-05-18T20:48:12.007+0300][9008][9344][info][gc,metaspace] Compressed class space mapped at: 0x000001345c000000-0x000001349c000000, reserved size: 1073741824
[2025-05-18T20:48:12.007+0300][9008][9344][info][gc,metaspace] Narrow klass base: 0x000001345b000000, Narrow klass shift: 0, Narrow klass range: 0x100000000
[2025-05-18T20:48:15.786+0300][9008][21940][info][gc,start    ] GC(0) Garbage Collection (System.gc())
[2025-05-18T20:48:15.786+0300][9008][21940][info][gc,task     ] GC(0) Using 2 workers
[2025-05-18T20:48:15.786+0300][9008][14992][info][gc,phases   ] GC(0) Pause Mark Start 0.005ms
[2025-05-18T20:48:15.822+0300][9008][21940][info][gc,phases   ] GC(0) Concurrent Mark 35.338ms
[2025-05-18T20:48:15.822+0300][9008][14992][info][gc,phases   ] GC(0) Pause Mark End 0.042ms
[2025-05-18T20:48:15.822+0300][9008][21940][info][gc,phases   ] GC(0) Concurrent Mark Free 0.001ms
[2025-05-18T20:48:15.826+0300][9008][21940][info][gc,phases   ] GC(0) Concurrent Process Non-Strong References 4.658ms
[2025-05-18T20:48:15.826+0300][9008][21940][info][gc,phases   ] GC(0) Concurrent Reset Relocation Set 0.001ms
[2025-05-18T20:48:15.832+0300][9008][21940][info][gc,phases   ] GC(0) Concurrent Select Relocation Set 5.621ms
[2025-05-18T20:48:15.832+0300][9008][14992][info][gc,phases   ] GC(0) Pause Relocate Start 0.011ms
[2025-05-18T20:48:15.840+0300][9008][21940][info][gc,phases   ] GC(0) Concurrent Relocate 6.830ms
[2025-05-18T20:48:15.840+0300][9008][21940][info][gc,load     ] GC(0) Load: 0.00/0.00/0.00
[2025-05-18T20:48:15.840+0300][9008][21940][info][gc,mmu      ] GC(0) MMU: 2ms/97.9%, 5ms/99.2%, 10ms/99.6%, 20ms/99.7%, 50ms/99.9%, 100ms/99.9%
[2025-05-18T20:48:15.840+0300][9008][21940][info][gc,marking  ] GC(0) Mark: 2 stripe(s), 1 proactive flush(es), 1 terminate flush(es), 0 completion(s), 0 continuation(s) 
[2025-05-18T20:48:15.840+0300][9008][21940][info][gc,marking  ] GC(0) Mark Stack Usage: 32M
[2025-05-18T20:48:15.840+0300][9008][21940][info][gc,nmethod  ] GC(0) NMethods: 2787 registered, 576 unregistered
[2025-05-18T20:48:15.840+0300][9008][21940][info][gc,metaspace] GC(0) Metaspace: 15M used, 15M committed, 1088M reserved
[2025-05-18T20:48:15.840+0300][9008][21940][info][gc,ref      ] GC(0) Soft: 3850 encountered, 0 discovered, 0 enqueued
[2025-05-18T20:48:15.840+0300][9008][21940][info][gc,ref      ] GC(0) Weak: 2628 encountered, 1521 discovered, 786 enqueued
[2025-05-18T20:48:15.840+0300][9008][21940][info][gc,ref      ] GC(0) Final: 3 encountered, 3 discovered, 0 enqueued
[2025-05-18T20:48:15.840+0300][9008][21940][info][gc,ref      ] GC(0) Phantom: 918 encountered, 841 discovered, 678 enqueued
[2025-05-18T20:48:15.840+0300][9008][21940][info][gc,reloc    ] GC(0) Small Pages: 96 / 192M, Empty: 0M, Relocated: 11M, In-Place: 0
[2025-05-18T20:48:15.840+0300][9008][21940][info][gc,reloc    ] GC(0) Medium Pages: 0 / 0M, Empty: 0M, Relocated: 0M, In-Place: 0
[2025-05-18T20:48:15.840+0300][9008][21940][info][gc,reloc    ] GC(0) Large Pages: 0 / 0M, Empty: 0M, Relocated: 0M, In-Place: 0
[2025-05-18T20:48:15.840+0300][9008][21940][info][gc,reloc    ] GC(0) Forwarding Usage: 3M
[2025-05-18T20:48:15.840+0300][9008][21940][info][gc,heap     ] GC(0) Min Capacity: 4096M(100%)
[2025-05-18T20:48:15.840+0300][9008][21940][info][gc,heap     ] GC(0) Max Capacity: 4096M(100%)
[2025-05-18T20:48:15.840+0300][9008][21940][info][gc,heap     ] GC(0) Soft Max Capacity: 4096M(100%)
[2025-05-18T20:48:15.840+0300][9008][21940][info][gc,heap     ] GC(0)                Mark Start          Mark End        Relocate Start      Relocate End           High               Low         
[2025-05-18T20:48:15.840+0300][9008][21940][info][gc,heap     ] GC(0)  Capacity:     4096M (100%)       4096M (100%)       4096M (100%)       4096M (100%)       4096M (100%)       4096M (100%)   
[2025-05-18T20:48:15.840+0300][9008][21940][info][gc,heap     ] GC(0)      Free:     3904M (95%)        3904M (95%)        3900M (95%)        4078M (100%)       4078M (100%)       3896M (95%)    
[2025-05-18T20:48:15.840+0300][9008][21940][info][gc,heap     ] GC(0)      Used:      192M (5%)          192M (5%)          196M (5%)           18M (0%)          200M (5%)           18M (0%)     
[2025-05-18T20:48:15.840+0300][9008][21940][info][gc,heap     ] GC(0)      Live:         -                11M (0%)           11M (0%)           11M (0%)             -                  -          
[2025-05-18T20:48:15.840+0300][9008][21940][info][gc,heap     ] GC(0) Allocated:         -                 0M (0%)            4M (0%)            4M (0%)             -                  -          
[2025-05-18T20:48:15.840+0300][9008][21940][info][gc,heap     ] GC(0)   Garbage:         -               180M (4%)          180M (4%)            2M (0%)             -                  -          
[2025-05-18T20:48:15.840+0300][9008][21940][info][gc,heap     ] GC(0) Reclaimed:         -                  -                 0M (0%)          178M (4%)             -                  -          
[2025-05-18T20:48:15.840+0300][9008][21940][info][gc          ] GC(0) Garbage Collection (System.gc()) 192M(5%)->18M(0%)
[2025-05-18T20:48:16.676+0300][9008][21940][info][gc,start    ] GC(1) Garbage Collection (Metadata GC Threshold)
[2025-05-18T20:48:16.676+0300][9008][21940][info][gc,task     ] GC(1) Using 2 workers
[2025-05-18T20:48:16.677+0300][9008][14992][info][gc,phases   ] GC(1) Pause Mark Start 0.008ms
[2025-05-18T20:48:16.715+0300][9008][21940][info][gc,phases   ] GC(1) Concurrent Mark 37.584ms
[2025-05-18T20:48:16.715+0300][9008][14992][info][gc,phases   ] GC(1) Pause Mark End 0.017ms
[2025-05-18T20:48:16.715+0300][9008][21940][info][gc,phases   ] GC(1) Concurrent Mark Free 0.001ms
[2025-05-18T20:48:16.720+0300][9008][21940][info][gc,phases   ] GC(1) Concurrent Process Non-Strong References 5.725ms
[2025-05-18T20:48:16.720+0300][9008][21940][info][gc,phases   ] GC(1) Concurrent Reset Relocation Set 0.006ms
[2025-05-18T20:48:16.722+0300][9008][21940][info][gc,phases   ] GC(1) Concurrent Select Relocation Set 2.122ms
[2025-05-18T20:48:16.722+0300][9008][14992][info][gc,phases   ] GC(1) Pause Relocate Start 0.011ms
[2025-05-18T20:48:16.726+0300][9008][21940][info][gc,phases   ] GC(1) Concurrent Relocate 2.532ms
[2025-05-18T20:48:16.726+0300][9008][21940][info][gc,load     ] GC(1) Load: 0.00/0.00/0.00
[2025-05-18T20:48:16.726+0300][9008][21940][info][gc,mmu      ] GC(1) MMU: 2ms/97.9%, 5ms/99.2%, 10ms/99.6%, 20ms/99.7%, 50ms/99.9%, 100ms/99.9%
[2025-05-18T20:48:16.726+0300][9008][21940][info][gc,marking  ] GC(1) Mark: 2 stripe(s), 2 proactive flush(es), 1 terminate flush(es), 0 completion(s), 0 continuation(s) 
[2025-05-18T20:48:16.726+0300][9008][21940][info][gc,marking  ] GC(1) Mark Stack Usage: 32M
[2025-05-18T20:48:16.726+0300][9008][21940][info][gc,nmethod  ] GC(1) NMethods: 3380 registered, 746 unregistered
[2025-05-18T20:48:16.726+0300][9008][21940][info][gc,metaspace] GC(1) Metaspace: 25M used, 25M committed, 1088M reserved
[2025-05-18T20:48:16.726+0300][9008][21940][info][gc,ref      ] GC(1) Soft: 4004 encountered, 0 discovered, 0 enqueued
[2025-05-18T20:48:16.726+0300][9008][21940][info][gc,ref      ] GC(1) Weak: 2346 encountered, 634 discovered, 164 enqueued
[2025-05-18T20:48:16.726+0300][9008][21940][info][gc,ref      ] GC(1) Final: 3 encountered, 0 discovered, 0 enqueued
[2025-05-18T20:48:16.726+0300][9008][21940][info][gc,ref      ] GC(1) Phantom: 333 encountered, 212 discovered, 61 enqueued
[2025-05-18T20:48:16.726+0300][9008][21940][info][gc,reloc    ] GC(1) Small Pages: 76 / 152M, Empty: 34M, Relocated: 4M, In-Place: 0
[2025-05-18T20:48:16.726+0300][9008][21940][info][gc,reloc    ] GC(1) Medium Pages: 1 / 32M, Empty: 0M, Relocated: 0M, In-Place: 0
[2025-05-18T20:48:16.726+0300][9008][21940][info][gc,reloc    ] GC(1) Large Pages: 0 / 0M, Empty: 0M, Relocated: 0M, In-Place: 0
[2025-05-18T20:48:16.726+0300][9008][21940][info][gc,reloc    ] GC(1) Forwarding Usage: 1M
[2025-05-18T20:48:16.726+0300][9008][21940][info][gc,heap     ] GC(1) Min Capacity: 4096M(100%)
[2025-05-18T20:48:16.726+0300][9008][21940][info][gc,heap     ] GC(1) Max Capacity: 4096M(100%)
[2025-05-18T20:48:16.726+0300][9008][21940][info][gc,heap     ] GC(1) Soft Max Capacity: 4096M(100%)
[2025-05-18T20:48:16.726+0300][9008][21940][info][gc,heap     ] GC(1)                Mark Start          Mark End        Relocate Start      Relocate End           High               Low         
[2025-05-18T20:48:16.726+0300][9008][21940][info][gc,heap     ] GC(1)  Capacity:     4096M (100%)       4096M (100%)       4096M (100%)       4096M (100%)       4096M (100%)       4096M (100%)   
[2025-05-18T20:48:16.726+0300][9008][21940][info][gc,heap     ] GC(1)      Free:     3912M (96%)        3908M (95%)        3940M (96%)        4034M (98%)        4034M (98%)        3906M (95%)    
[2025-05-18T20:48:16.726+0300][9008][21940][info][gc,heap     ] GC(1)      Used:      184M (4%)          188M (5%)          156M (4%)           62M (2%)          190M (5%)           62M (2%)     
[2025-05-18T20:48:16.726+0300][9008][21940][info][gc,heap     ] GC(1)      Live:         -                16M (0%)           16M (0%)           16M (0%)             -                  -          
[2025-05-18T20:48:16.726+0300][9008][21940][info][gc,heap     ] GC(1) Allocated:         -                 4M (0%)            6M (0%)            9M (0%)             -                  -          
[2025-05-18T20:48:16.726+0300][9008][21940][info][gc,heap     ] GC(1)   Garbage:         -               167M (4%)          133M (3%)           35M (1%)             -                  -          
[2025-05-18T20:48:16.726+0300][9008][21940][info][gc,heap     ] GC(1) Reclaimed:         -                  -                34M (1%)          131M (3%)             -                  -          
[2025-05-18T20:48:16.726+0300][9008][21940][info][gc          ] GC(1) Garbage Collection (Metadata GC Threshold) 184M(4%)->62M(2%)
[2025-05-18T20:48:22.021+0300][9008][9208 ][info][gc,stats    ] === Garbage Collection Statistics =======================================================================================================================
[2025-05-18T20:48:22.021+0300][9008][9208 ][info][gc,stats    ]                                                              Last 10s              Last 10m              Last 10h                Total
[2025-05-18T20:48:22.021+0300][9008][9208 ][info][gc,stats    ]                                                              Avg / Max             Avg / Max             Avg / Max             Avg / Max
[2025-05-18T20:48:22.021+0300][9008][9208 ][info][gc,stats    ]   Collector: Garbage Collection Cycle                     51.328 / 53.624       51.328 / 53.624       51.328 / 53.624       51.328 / 53.624      ms
[2025-05-18T20:48:22.021+0300][9008][9208 ][info][gc,stats    ]  Contention: Mark Segment Reset Contention                     0 / 0                 0 / 0                 0 / 0                 0 / 0           ops/s
[2025-05-18T20:48:22.021+0300][9008][9208 ][info][gc,stats    ]  Contention: Mark SeqNum Reset Contention                      0 / 0                 0 / 0                 0 / 0                 0 / 0           ops/s
[2025-05-18T20:48:22.021+0300][9008][9208 ][info][gc,stats    ]    Critical: Allocation Stall                                  0 / 0                 0 / 0                 0 / 0                 0 / 0           ops/s
[2025-05-18T20:48:22.021+0300][9008][9208 ][info][gc,stats    ]    Critical: Allocation Stall                              0.000 / 0.000         0.000 / 0.000         0.000 / 0.000         0.000 / 0.000       ms
[2025-05-18T20:48:22.021+0300][9008][9208 ][info][gc,stats    ]    Critical: GC Locker Stall                                   0 / 0                 0 / 0                 0 / 0                 0 / 0           ops/s
[2025-05-18T20:48:22.021+0300][9008][9208 ][info][gc,stats    ]    Critical: GC Locker Stall                               0.000 / 0.000         0.000 / 0.000         0.000 / 0.000         0.000 / 0.000       ms
[2025-05-18T20:48:22.021+0300][9008][9208 ][info][gc,stats    ]    Critical: Relocation Stall                                  0 / 0                 0 / 0                 0 / 0                 0 / 0           ops/s
[2025-05-18T20:48:22.021+0300][9008][9208 ][info][gc,stats    ]    Critical: Relocation Stall                              0.000 / 0.000         0.000 / 0.000         0.000 / 0.000         0.000 / 0.000       ms
[2025-05-18T20:48:22.021+0300][9008][9208 ][info][gc,stats    ]      Memory: Allocation Rate                                  62 / 142              62 / 142              62 / 142              62 / 142         MB/s
[2025-05-18T20:48:22.021+0300][9008][9208 ][info][gc,stats    ]      Memory: Defragment                                        0 / 0                 0 / 0                 0 / 0                 0 / 0           ops/s
[2025-05-18T20:48:22.021+0300][9008][9208 ][info][gc,stats    ]      Memory: Out Of Memory                                     0 / 0                 0 / 0                 0 / 0                 0 / 0           ops/s
[2025-05-18T20:48:22.021+0300][9008][9208 ][info][gc,stats    ]      Memory: Page Cache Flush                                  0 / 0                 0 / 0                 0 / 0                 0 / 0           MB/s
[2025-05-18T20:48:22.021+0300][9008][9208 ][info][gc,stats    ]      Memory: Page Cache Hit L1                                16 / 75               16 / 75               16 / 75               16 / 75          ops/s
[2025-05-18T20:48:22.021+0300][9008][9208 ][info][gc,stats    ]      Memory: Page Cache Hit L2                                 0 / 0                 0 / 0                 0 / 0                 0 / 0           ops/s
[2025-05-18T20:48:22.021+0300][9008][9208 ][info][gc,stats    ]      Memory: Page Cache Hit L3                                14 / 42               14 / 42               14 / 42               14 / 42          ops/s
[2025-05-18T20:48:22.021+0300][9008][9208 ][info][gc,stats    ]      Memory: Page Cache Miss                                   0 / 1                 0 / 1                 0 / 1                 0 / 1           ops/s
[2025-05-18T20:48:22.021+0300][9008][9208 ][info][gc,stats    ]      Memory: Uncommit                                          0 / 0                 0 / 0                 0 / 0                 0 / 0           MB/s
[2025-05-18T20:48:22.021+0300][9008][9208 ][info][gc,stats    ]      Memory: Undo Object Allocation Failed                     0 / 0                 0 / 0                 0 / 0                 0 / 0           ops/s
[2025-05-18T20:48:22.021+0300][9008][9208 ][info][gc,stats    ]      Memory: Undo Object Allocation Succeeded                  0 / 0                 0 / 0                 0 / 0                 0 / 0           ops/s
[2025-05-18T20:48:22.021+0300][9008][9208 ][info][gc,stats    ]      Memory: Undo Page Allocation                              0 / 0                 0 / 0                 0 / 0                 0 / 0           ops/s
[2025-05-18T20:48:22.021+0300][9008][9208 ][info][gc,stats    ]       Phase: Concurrent Mark                              36.461 / 37.584       36.461 / 37.584       36.461 / 37.584       36.461 / 37.584      ms
[2025-05-18T20:48:22.021+0300][9008][9208 ][info][gc,stats    ]       Phase: Concurrent Mark Continue                      0.000 / 0.000         0.000 / 0.000         0.000 / 0.000         0.000 / 0.000       ms
[2025-05-18T20:48:22.021+0300][9008][9208 ][info][gc,stats    ]       Phase: Concurrent Mark Free                          0.001 / 0.001         0.001 / 0.001         0.001 / 0.001         0.001 / 0.001       ms
[2025-05-18T20:48:22.021+0300][9008][9208 ][info][gc,stats    ]       Phase: Concurrent Process Non-Strong References      5.191 / 5.725         5.191 / 5.725         5.191 / 5.725         5.191 / 5.725       ms
[2025-05-18T20:48:22.021+0300][9008][9208 ][info][gc,stats    ]       Phase: Concurrent Relocate                           4.681 / 6.830         4.681 / 6.830         4.681 / 6.830         4.681 / 6.830       ms
[2025-05-18T20:48:22.021+0300][9008][9208 ][info][gc,stats    ]       Phase: Concurrent Reset Relocation Set               0.003 / 0.006         0.003 / 0.006         0.003 / 0.006         0.003 / 0.006       ms
[2025-05-18T20:48:22.021+0300][9008][9208 ][info][gc,stats    ]       Phase: Concurrent Select Relocation Set              3.872 / 5.621         3.872 / 5.621         3.872 / 5.621         3.872 / 5.621       ms
[2025-05-18T20:48:22.021+0300][9008][9208 ][info][gc,stats    ]       Phase: Pause Mark End                                0.029 / 0.042         0.029 / 0.042         0.029 / 0.042         0.029 / 0.042       ms
[2025-05-18T20:48:22.021+0300][9008][9208 ][info][gc,stats    ]       Phase: Pause Mark Start                              0.006 / 0.008         0.006 / 0.008         0.006 / 0.008         0.006 / 0.008       ms
[2025-05-18T20:48:22.021+0300][9008][9208 ][info][gc,stats    ]       Phase: Pause Relocate Start                          0.011 / 0.011         0.011 / 0.011         0.011 / 0.011         0.011 / 0.011       ms
[2025-05-18T20:48:22.021+0300][9008][9208 ][info][gc,stats    ]    Subphase: Concurrent Classes Purge                      0.439 / 0.606         0.439 / 0.606         0.439 / 0.606         0.439 / 0.606       ms
[2025-05-18T20:48:22.021+0300][9008][9208 ][info][gc,stats    ]    Subphase: Concurrent Classes Unlink                     3.304 / 3.560         3.304 / 3.560         3.304 / 3.560         3.304 / 3.560       ms
[2025-05-18T20:48:22.021+0300][9008][9208 ][info][gc,stats    ]    Subphase: Concurrent Mark                              28.876 / 32.948       28.876 / 32.948       28.876 / 32.948       28.876 / 32.948      ms
[2025-05-18T20:48:22.021+0300][9008][9208 ][info][gc,stats    ]    Subphase: Concurrent Mark Try Flush                     0.281 / 1.122         0.281 / 1.122         0.281 / 1.122         0.281 / 1.122       ms
[2025-05-18T20:48:22.021+0300][9008][9208 ][info][gc,stats    ]    Subphase: Concurrent Mark Try Terminate                 2.959 / 14.365        2.959 / 14.365        2.959 / 14.365        2.959 / 14.365      ms
[2025-05-18T20:48:22.021+0300][9008][9208 ][info][gc,stats    ]    Subphase: Concurrent References Enqueue                 0.005 / 0.006         0.005 / 0.006         0.005 / 0.006         0.005 / 0.006       ms
[2025-05-18T20:48:22.021+0300][9008][9208 ][info][gc,stats    ]    Subphase: Concurrent References Process                 0.210 / 0.310         0.210 / 0.310         0.210 / 0.310         0.210 / 0.310       ms
[2025-05-18T20:48:22.021+0300][9008][9208 ][info][gc,stats    ]    Subphase: Concurrent Roots ClassLoaderDataGraph         0.119 / 0.240         0.119 / 0.240         0.119 / 0.240         0.119 / 0.240       ms
[2025-05-18T20:48:22.021+0300][9008][9208 ][info][gc,stats    ]    Subphase: Concurrent Roots CodeCache                    0.000 / 0.000         0.000 / 0.000         0.000 / 0.000         0.000 / 0.000       ms
[2025-05-18T20:48:22.021+0300][9008][9208 ][info][gc,stats    ]    Subphase: Concurrent Roots JavaThreads                  3.730 / 5.503         3.730 / 5.503         3.730 / 5.503         3.730 / 5.503       ms
[2025-05-18T20:48:22.021+0300][9008][9208 ][info][gc,stats    ]    Subphase: Concurrent Roots OopStorageSet                0.062 / 0.093         0.062 / 0.093         0.062 / 0.093         0.062 / 0.093       ms
[2025-05-18T20:48:22.021+0300][9008][9208 ][info][gc,stats    ]    Subphase: Concurrent Weak Roots OopStorageSet           1.020 / 1.602         1.020 / 1.602         1.020 / 1.602         1.020 / 1.602       ms
[2025-05-18T20:48:22.021+0300][9008][9208 ][info][gc,stats    ]    Subphase: Pause Mark Try Complete                       0.000 / 0.000         0.000 / 0.000         0.000 / 0.000         0.000 / 0.000       ms
[2025-05-18T20:48:22.021+0300][9008][9208 ][info][gc,stats    ]      System: Java Threads                                     29 / 34               29 / 34               29 / 34               29 / 34          threads
[2025-05-18T20:48:22.021+0300][9008][9208 ][info][gc,stats    ] =========================================================================================================================================================
[2025-05-18T20:48:24.430+0300][9008][21940][info][gc,start    ] GC(2) Garbage Collection (Warmup)
[2025-05-18T20:48:24.430+0300][9008][21940][info][gc,task     ] GC(2) Using 2 workers
[2025-05-18T20:48:24.431+0300][9008][14992][info][gc,phases   ] GC(2) Pause Mark Start 0.010ms
[2025-05-18T20:48:24.476+0300][9008][21940][info][gc,phases   ] GC(2) Concurrent Mark 45.076ms
[2025-05-18T20:48:24.476+0300][9008][14992][info][gc,phases   ] GC(2) Pause Mark End 0.017ms
[2025-05-18T20:48:24.476+0300][9008][21940][info][gc,phases   ] GC(2) Concurrent Mark Free 0.001ms
[2025-05-18T20:48:24.501+0300][9008][21940][info][gc,phases   ] GC(2) Concurrent Process Non-Strong References 25.052ms
[2025-05-18T20:48:24.501+0300][9008][21940][info][gc,phases   ] GC(2) Concurrent Reset Relocation Set 0.008ms
[2025-05-18T20:48:24.504+0300][9008][21940][info][gc,phases   ] GC(2) Concurrent Select Relocation Set 2.875ms
[2025-05-18T20:48:24.504+0300][9008][14992][info][gc,phases   ] GC(2) Pause Relocate Start 0.008ms
[2025-05-18T20:48:24.507+0300][9008][21940][info][gc,phases   ] GC(2) Concurrent Relocate 3.029ms
[2025-05-18T20:48:24.507+0300][9008][21940][info][gc,load     ] GC(2) Load: 0.00/0.00/0.00
[2025-05-18T20:48:24.507+0300][9008][21940][info][gc,mmu      ] GC(2) MMU: 2ms/97.9%, 5ms/99.2%, 10ms/99.6%, 20ms/99.7%, 50ms/99.9%, 100ms/99.9%
[2025-05-18T20:48:24.507+0300][9008][21940][info][gc,marking  ] GC(2) Mark: 2 stripe(s), 3 proactive flush(es), 1 terminate flush(es), 0 completion(s), 0 continuation(s) 
[2025-05-18T20:48:24.507+0300][9008][21940][info][gc,marking  ] GC(2) Mark Stack Usage: 32M
[2025-05-18T20:48:24.507+0300][9008][21940][info][gc,nmethod  ] GC(2) NMethods: 6966 registered, 809 unregistered
[2025-05-18T20:48:24.507+0300][9008][21940][info][gc,metaspace] GC(2) Metaspace: 32M used, 33M committed, 1088M reserved
[2025-05-18T20:48:24.507+0300][9008][21940][info][gc,ref      ] GC(2) Soft: 4638 encountered, 0 discovered, 0 enqueued
[2025-05-18T20:48:24.507+0300][9008][21940][info][gc,ref      ] GC(2) Weak: 4642 encountered, 2019 discovered, 1275 enqueued
[2025-05-18T20:48:24.507+0300][9008][21940][info][gc,ref      ] GC(2) Final: 3 encountered, 1 discovered, 0 enqueued
[2025-05-18T20:48:24.507+0300][9008][21940][info][gc,ref      ] GC(2) Phantom: 467 encountered, 351 discovered, 183 enqueued
[2025-05-18T20:48:24.507+0300][9008][21940][info][gc,reloc    ] GC(2) Small Pages: 190 / 380M, Empty: 12M, Relocated: 3M, In-Place: 0
[2025-05-18T20:48:24.507+0300][9008][21940][info][gc,reloc    ] GC(2) Medium Pages: 1 / 32M, Empty: 0M, Relocated: 0M, In-Place: 0
[2025-05-18T20:48:24.507+0300][9008][21940][info][gc,reloc    ] GC(2) Large Pages: 0 / 0M, Empty: 0M, Relocated: 0M, In-Place: 0
[2025-05-18T20:48:24.507+0300][9008][21940][info][gc,reloc    ] GC(2) Forwarding Usage: 1M
[2025-05-18T20:48:24.507+0300][9008][21940][info][gc,heap     ] GC(2) Min Capacity: 4096M(100%)
[2025-05-18T20:48:24.507+0300][9008][21940][info][gc,heap     ] GC(2) Max Capacity: 4096M(100%)
[2025-05-18T20:48:24.507+0300][9008][21940][info][gc,heap     ] GC(2) Soft Max Capacity: 4096M(100%)
[2025-05-18T20:48:24.507+0300][9008][21940][info][gc,heap     ] GC(2)                Mark Start          Mark End        Relocate Start      Relocate End           High               Low         
[2025-05-18T20:48:24.507+0300][9008][21940][info][gc,heap     ] GC(2)  Capacity:     4096M (100%)       4096M (100%)       4096M (100%)       4096M (100%)       4096M (100%)       4096M (100%)   
[2025-05-18T20:48:24.507+0300][9008][21940][info][gc,heap     ] GC(2)      Free:     3684M (90%)        3668M (90%)        3680M (90%)        4026M (98%)        4026M (98%)        3668M (90%)    
[2025-05-18T20:48:24.507+0300][9008][21940][info][gc,heap     ] GC(2)      Used:      412M (10%)         428M (10%)         416M (10%)          70M (2%)          428M (10%)          70M (2%)     
[2025-05-18T20:48:24.507+0300][9008][21940][info][gc,heap     ] GC(2)      Live:         -                18M (0%)           18M (0%)           18M (0%)             -                  -          
[2025-05-18T20:48:24.507+0300][9008][21940][info][gc,heap     ] GC(2) Allocated:         -                16M (0%)           16M (0%)           15M (0%)             -                  -          
[2025-05-18T20:48:24.507+0300][9008][21940][info][gc,heap     ] GC(2)   Garbage:         -               393M (10%)         381M (9%)           35M (1%)             -                  -          
[2025-05-18T20:48:24.507+0300][9008][21940][info][gc,heap     ] GC(2) Reclaimed:         -                  -                12M (0%)          357M (9%)             -                  -          
[2025-05-18T20:48:24.507+0300][9008][21940][info][gc          ] GC(2) Garbage Collection (Warmup) 412M(10%)->70M(2%)
[2025-05-18T20:48:32.023+0300][9008][9208 ][info][gc,stats    ] === Garbage Collection Statistics =======================================================================================================================
[2025-05-18T20:48:32.023+0300][9008][9208 ][info][gc,stats    ]                                                              Last 10s              Last 10m              Last 10h                Total
[2025-05-18T20:48:32.023+0300][9008][9208 ][info][gc,stats    ]                                                              Avg / Max             Avg / Max             Avg / Max             Avg / Max
[2025-05-18T20:48:32.023+0300][9008][9208 ][info][gc,stats    ]   Collector: Garbage Collection Cycle                     77.625 / 77.625       60.093 / 77.625       60.093 / 77.625       60.093 / 77.625      ms
[2025-05-18T20:48:32.023+0300][9008][9208 ][info][gc,stats    ]  Contention: Mark Segment Reset Contention                     0 / 0                 0 / 0                 0 / 0                 0 / 0           ops/s
[2025-05-18T20:48:32.023+0300][9008][9208 ][info][gc,stats    ]  Contention: Mark SeqNum Reset Contention                      0 / 1                 0 / 1                 0 / 1                 0 / 1           ops/s
[2025-05-18T20:48:32.023+0300][9008][9208 ][info][gc,stats    ]    Critical: Allocation Stall                                  0 / 0                 0 / 0                 0 / 0                 0 / 0           ops/s
[2025-05-18T20:48:32.023+0300][9008][9208 ][info][gc,stats    ]    Critical: Allocation Stall                              0.000 / 0.000         0.000 / 0.000         0.000 / 0.000         0.000 / 0.000       ms
[2025-05-18T20:48:32.023+0300][9008][9208 ][info][gc,stats    ]    Critical: GC Locker Stall                                   0 / 0                 0 / 0                 0 / 0                 0 / 0           ops/s
[2025-05-18T20:48:32.023+0300][9008][9208 ][info][gc,stats    ]    Critical: GC Locker Stall                               0.000 / 0.000         0.000 / 0.000         0.000 / 0.000         0.000 / 0.000       ms
[2025-05-18T20:48:32.023+0300][9008][9208 ][info][gc,stats    ]    Critical: Relocation Stall                                  0 / 0                 0 / 0                 0 / 0                 0 / 0           ops/s
[2025-05-18T20:48:32.023+0300][9008][9208 ][info][gc,stats    ]    Critical: Relocation Stall                              0.000 / 0.000         0.000 / 0.000         0.000 / 0.000         0.000 / 0.000       ms
[2025-05-18T20:48:32.023+0300][9008][9208 ][info][gc,stats    ]      Memory: Allocation Rate                                  35 / 48               49 / 142              49 / 142              49 / 142         MB/s
[2025-05-18T20:48:32.023+0300][9008][9208 ][info][gc,stats    ]      Memory: Defragment                                        0 / 0                 0 / 0                 0 / 0                 0 / 0           ops/s
[2025-05-18T20:48:32.023+0300][9008][9208 ][info][gc,stats    ]      Memory: Out Of Memory                                     0 / 0                 0 / 0                 0 / 0                 0 / 0           ops/s
[2025-05-18T20:48:32.023+0300][9008][9208 ][info][gc,stats    ]      Memory: Page Cache Flush                                  0 / 0                 0 / 0                 0 / 0                 0 / 0           MB/s
[2025-05-18T20:48:32.023+0300][9008][9208 ][info][gc,stats    ]      Memory: Page Cache Hit L1                                12 / 18               14 / 75               14 / 75               14 / 75          ops/s
[2025-05-18T20:48:32.023+0300][9008][9208 ][info][gc,stats    ]      Memory: Page Cache Hit L2                                 0 / 0                 0 / 0                 0 / 0                 0 / 0           ops/s
[2025-05-18T20:48:32.023+0300][9008][9208 ][info][gc,stats    ]      Memory: Page Cache Hit L3                                 5 / 22                9 / 42                9 / 42                9 / 42          ops/s
[2025-05-18T20:48:32.023+0300][9008][9208 ][info][gc,stats    ]      Memory: Page Cache Miss                                   0 / 0                 0 / 1                 0 / 1                 0 / 1           ops/s
[2025-05-18T20:48:32.023+0300][9008][9208 ][info][gc,stats    ]      Memory: Uncommit                                          0 / 0                 0 / 0                 0 / 0                 0 / 0           MB/s
[2025-05-18T20:48:32.023+0300][9008][9208 ][info][gc,stats    ]      Memory: Undo Object Allocation Failed                     0 / 0                 0 / 0                 0 / 0                 0 / 0           ops/s
[2025-05-18T20:48:32.023+0300][9008][9208 ][info][gc,stats    ]      Memory: Undo Object Allocation Succeeded                  1 / 12                0 / 12                0 / 12                0 / 12          ops/s
[2025-05-18T20:48:32.023+0300][9008][9208 ][info][gc,stats    ]      Memory: Undo Page Allocation                              0 / 0                 0 / 0                 0 / 0                 0 / 0           ops/s
[2025-05-18T20:48:32.023+0300][9008][9208 ][info][gc,stats    ]       Phase: Concurrent Mark                              45.076 / 45.076       39.333 / 45.076       39.333 / 45.076       39.333 / 45.076      ms
[2025-05-18T20:48:32.023+0300][9008][9208 ][info][gc,stats    ]       Phase: Concurrent Mark Continue                      0.000 / 0.000         0.000 / 0.000         0.000 / 0.000         0.000 / 0.000       ms
[2025-05-18T20:48:32.024+0300][9008][9208 ][info][gc,stats    ]       Phase: Concurrent Mark Free                          0.001 / 0.001         0.001 / 0.001         0.001 / 0.001         0.001 / 0.001       ms
[2025-05-18T20:48:32.024+0300][9008][9208 ][info][gc,stats    ]       Phase: Concurrent Process Non-Strong References     25.052 / 25.052       11.812 / 25.052       11.812 / 25.052       11.812 / 25.052      ms
[2025-05-18T20:48:32.024+0300][9008][9208 ][info][gc,stats    ]       Phase: Concurrent Relocate                           3.029 / 3.029         4.130 / 6.830         4.130 / 6.830         4.130 / 6.830       ms
[2025-05-18T20:48:32.024+0300][9008][9208 ][info][gc,stats    ]       Phase: Concurrent Reset Relocation Set               0.008 / 0.008         0.005 / 0.008         0.005 / 0.008         0.005 / 0.008       ms
[2025-05-18T20:48:32.024+0300][9008][9208 ][info][gc,stats    ]       Phase: Concurrent Select Relocation Set              2.875 / 2.875         3.539 / 5.621         3.539 / 5.621         3.539 / 5.621       ms
[2025-05-18T20:48:32.025+0300][9008][9208 ][info][gc,stats    ]       Phase: Pause Mark End                                0.017 / 0.017         0.025 / 0.042         0.025 / 0.042         0.025 / 0.042       ms
[2025-05-18T20:48:32.025+0300][9008][9208 ][info][gc,stats    ]       Phase: Pause Mark Start                              0.010 / 0.010         0.008 / 0.010         0.008 / 0.010         0.008 / 0.010       ms
[2025-05-18T20:48:32.025+0300][9008][9208 ][info][gc,stats    ]       Phase: Pause Relocate Start                          0.008 / 0.008         0.010 / 0.011         0.010 / 0.011         0.010 / 0.011       ms
[2025-05-18T20:48:32.025+0300][9008][9208 ][info][gc,stats    ]    Subphase: Concurrent Classes Purge                      1.732 / 1.732         0.870 / 1.732         0.870 / 1.732         0.870 / 1.732       ms
[2025-05-18T20:48:32.025+0300][9008][9208 ][info][gc,stats    ]    Subphase: Concurrent Classes Unlink                    21.925 / 21.925        9.511 / 21.925        9.511 / 21.925        9.511 / 21.925      ms
[2025-05-18T20:48:32.025+0300][9008][9208 ][info][gc,stats    ]    Subphase: Concurrent Mark                              36.848 / 41.381       31.533 / 41.381       31.533 / 41.381       31.533 / 41.381      ms
[2025-05-18T20:48:32.025+0300][9008][9208 ][info][gc,stats    ]    Subphase: Concurrent Mark Try Flush                     0.244 / 0.634         0.264 / 1.122         0.264 / 1.122         0.264 / 1.122       ms
[2025-05-18T20:48:32.025+0300][9008][9208 ][info][gc,stats    ]    Subphase: Concurrent Mark Try Terminate                 3.206 / 9.521         3.041 / 14.365        3.041 / 14.365        3.041 / 14.365      ms
[2025-05-18T20:48:32.025+0300][9008][9208 ][info][gc,stats    ]    Subphase: Concurrent References Enqueue                 0.012 / 0.012         0.008 / 0.012         0.008 / 0.012         0.008 / 0.012       ms
[2025-05-18T20:48:32.025+0300][9008][9208 ][info][gc,stats    ]    Subphase: Concurrent References Process                 0.325 / 0.325         0.248 / 0.325         0.248 / 0.325         0.248 / 0.325       ms
[2025-05-18T20:48:32.025+0300][9008][9208 ][info][gc,stats    ]    Subphase: Concurrent Roots ClassLoaderDataGraph         0.254 / 0.465         0.164 / 0.465         0.164 / 0.465         0.164 / 0.465       ms
[2025-05-18T20:48:32.025+0300][9008][9208 ][info][gc,stats    ]    Subphase: Concurrent Roots CodeCache                    0.000 / 0.000         0.000 / 0.000         0.000 / 0.000         0.000 / 0.000       ms
[2025-05-18T20:48:32.025+0300][9008][9208 ][info][gc,stats    ]    Subphase: Concurrent Roots JavaThreads                  3.331 / 3.525         3.597 / 5.503         3.597 / 5.503         3.597 / 5.503       ms
[2025-05-18T20:48:32.025+0300][9008][9208 ][info][gc,stats    ]    Subphase: Concurrent Roots OopStorageSet                0.028 / 0.041         0.051 / 0.093         0.051 / 0.093         0.051 / 0.093       ms
[2025-05-18T20:48:32.025+0300][9008][9208 ][info][gc,stats    ]    Subphase: Concurrent Weak Roots OopStorageSet           0.913 / 0.921         0.984 / 1.602         0.984 / 1.602         0.984 / 1.602       ms
[2025-05-18T20:48:32.025+0300][9008][9208 ][info][gc,stats    ]    Subphase: Pause Mark Try Complete                       0.000 / 0.000         0.000 / 0.000         0.000 / 0.000         0.000 / 0.000       ms
[2025-05-18T20:48:32.025+0300][9008][9208 ][info][gc,stats    ]      System: Java Threads                                     33 / 33               30 / 34               30 / 34               30 / 34          threads
[2025-05-18T20:48:32.025+0300][9008][9208 ][info][gc,stats    ] =========================================================================================================================================================
[2025-05-18T20:48:42.022+0300][9008][9208 ][info][gc,stats    ] === Garbage Collection Statistics =======================================================================================================================
[2025-05-18T20:48:42.022+0300][9008][9208 ][info][gc,stats    ]                                                              Last 10s              Last 10m              Last 10h                Total
[2025-05-18T20:48:42.022+0300][9008][9208 ][info][gc,stats    ]                                                              Avg / Max             Avg / Max             Avg / Max             Avg / Max
[2025-05-18T20:48:42.022+0300][9008][9208 ][info][gc,stats    ]   Collector: Garbage Collection Cycle                      0.000 / 0.000        60.093 / 77.625       60.093 / 77.625       60.093 / 77.625      ms
[2025-05-18T20:48:42.022+0300][9008][9208 ][info][gc,stats    ]  Contention: Mark Segment Reset Contention                     0 / 0                 0 / 0                 0 / 0                 0 / 0           ops/s
[2025-05-18T20:48:42.022+0300][9008][9208 ][info][gc,stats    ]  Contention: Mark SeqNum Reset Contention                      0 / 0                 0 / 1                 0 / 1                 0 / 1           ops/s
[2025-05-18T20:48:42.022+0300][9008][9208 ][info][gc,stats    ]    Critical: Allocation Stall                                  0 / 0                 0 / 0                 0 / 0                 0 / 0           ops/s
[2025-05-18T20:48:42.022+0300][9008][9208 ][info][gc,stats    ]    Critical: Allocation Stall                              0.000 / 0.000         0.000 / 0.000         0.000 / 0.000         0.000 / 0.000       ms
[2025-05-18T20:48:42.022+0300][9008][9208 ][info][gc,stats    ]    Critical: GC Locker Stall                                   0 / 0                 0 / 0                 0 / 0                 0 / 0           ops/s
[2025-05-18T20:48:42.022+0300][9008][9208 ][info][gc,stats    ]    Critical: GC Locker Stall                               0.000 / 0.000         0.000 / 0.000         0.000 / 0.000         0.000 / 0.000       ms
[2025-05-18T20:48:42.022+0300][9008][9208 ][info][gc,stats    ]    Critical: Relocation Stall                                  0 / 0                 0 / 0                 0 / 0                 0 / 0           ops/s
[2025-05-18T20:48:42.022+0300][9008][9208 ][info][gc,stats    ]    Critical: Relocation Stall                              0.000 / 0.000         0.000 / 0.000         0.000 / 0.000         0.000 / 0.000       ms
[2025-05-18T20:48:42.022+0300][9008][9208 ][info][gc,stats    ]      Memory: Allocation Rate                                  33 / 38               44 / 142              44 / 142              44 / 142         MB/s
[2025-05-18T20:48:42.022+0300][9008][9208 ][info][gc,stats    ]      Memory: Defragment                                        0 / 0                 0 / 0                 0 / 0                 0 / 0           ops/s
[2025-05-18T20:48:42.023+0300][9008][9208 ][info][gc,stats    ]      Memory: Out Of Memory                                     0 / 0                 0 / 0                 0 / 0                 0 / 0           ops/s
[2025-05-18T20:48:42.023+0300][9008][9208 ][info][gc,stats    ]      Memory: Page Cache Flush                                  0 / 0                 0 / 0                 0 / 0                 0 / 0           MB/s
[2025-05-18T20:48:42.023+0300][9008][9208 ][info][gc,stats    ]      Memory: Page Cache Hit L1                                 5 / 19               11 / 75               11 / 75               11 / 75          ops/s
[2025-05-18T20:48:42.023+0300][9008][9208 ][info][gc,stats    ]      Memory: Page Cache Hit L2                                 0 / 0                 0 / 0                 0 / 0                 0 / 0           ops/s
[2025-05-18T20:48:42.023+0300][9008][9208 ][info][gc,stats    ]      Memory: Page Cache Hit L3                                11 / 19               10 / 42               10 / 42               10 / 42          ops/s
[2025-05-18T20:48:42.023+0300][9008][9208 ][info][gc,stats    ]      Memory: Page Cache Miss                                   0 / 0                 0 / 1                 0 / 1                 0 / 1           ops/s
[2025-05-18T20:48:42.023+0300][9008][9208 ][info][gc,stats    ]      Memory: Uncommit                                          0 / 0                 0 / 0                 0 / 0                 0 / 0           MB/s
[2025-05-18T20:48:42.023+0300][9008][9208 ][info][gc,stats    ]      Memory: Undo Object Allocation Failed                     0 / 0                 0 / 0                 0 / 0                 0 / 0           ops/s
[2025-05-18T20:48:42.023+0300][9008][9208 ][info][gc,stats    ]      Memory: Undo Object Allocation Succeeded                  0 / 0                 0 / 12                0 / 12                0 / 12          ops/s
[2025-05-18T20:48:42.023+0300][9008][9208 ][info][gc,stats    ]      Memory: Undo Page Allocation                              0 / 0                 0 / 0                 0 / 0                 0 / 0           ops/s
[2025-05-18T20:48:42.023+0300][9008][9208 ][info][gc,stats    ]       Phase: Concurrent Mark                               0.000 / 0.000        39.333 / 45.076       39.333 / 45.076       39.333 / 45.076      ms
[2025-05-18T20:48:42.023+0300][9008][9208 ][info][gc,stats    ]       Phase: Concurrent Mark Continue                      0.000 / 0.000         0.000 / 0.000         0.000 / 0.000         0.000 / 0.000       ms
[2025-05-18T20:48:42.023+0300][9008][9208 ][info][gc,stats    ]       Phase: Concurrent Mark Free                          0.000 / 0.000         0.001 / 0.001         0.001 / 0.001         0.001 / 0.001       ms
[2025-05-18T20:48:42.023+0300][9008][9208 ][info][gc,stats    ]       Phase: Concurrent Process Non-Strong References      0.000 / 0.000        11.812 / 25.052       11.812 / 25.052       11.812 / 25.052      ms
[2025-05-18T20:48:42.023+0300][9008][9208 ][info][gc,stats    ]       Phase: Concurrent Relocate                           0.000 / 0.000         4.130 / 6.830         4.130 / 6.830         4.130 / 6.830       ms
[2025-05-18T20:48:42.023+0300][9008][9208 ][info][gc,stats    ]       Phase: Concurrent Reset Relocation Set               0.000 / 0.000         0.005 / 0.008         0.005 / 0.008         0.005 / 0.008       ms
[2025-05-18T20:48:42.023+0300][9008][9208 ][info][gc,stats    ]       Phase: Concurrent Select Relocation Set              0.000 / 0.000         3.539 / 5.621         3.539 / 5.621         3.539 / 5.621       ms
[2025-05-18T20:48:42.023+0300][9008][9208 ][info][gc,stats    ]       Phase: Pause Mark End                                0.000 / 0.000         0.025 / 0.042         0.025 / 0.042         0.025 / 0.042       ms
[2025-05-18T20:48:42.023+0300][9008][9208 ][info][gc,stats    ]       Phase: Pause Mark Start                              0.000 / 0.000         0.008 / 0.010         0.008 / 0.010         0.008 / 0.010       ms
[2025-05-18T20:48:42.023+0300][9008][9208 ][info][gc,stats    ]       Phase: Pause Relocate Start                          0.000 / 0.000         0.010 / 0.011         0.010 / 0.011         0.010 / 0.011       ms
[2025-05-18T20:48:42.023+0300][9008][9208 ][info][gc,stats    ]    Subphase: Concurrent Classes Purge                      0.000 / 0.000         0.870 / 1.732         0.870 / 1.732         0.870 / 1.732       ms
[2025-05-18T20:48:42.024+0300][9008][9208 ][info][gc,stats    ]    Subphase: Concurrent Classes Unlink                     0.000 / 0.000         9.511 / 21.925        9.511 / 21.925        9.511 / 21.925      ms
[2025-05-18T20:48:42.024+0300][9008][9208 ][info][gc,stats    ]    Subphase: Concurrent Mark                               0.000 / 0.000        31.533 / 41.381       31.533 / 41.381       31.533 / 41.381      ms
[2025-05-18T20:48:42.024+0300][9008][9208 ][info][gc,stats    ]    Subphase: Concurrent Mark Try Flush                     0.000 / 0.000         0.264 / 1.122         0.264 / 1.122         0.264 / 1.122       ms
[2025-05-18T20:48:42.024+0300][9008][9208 ][info][gc,stats    ]    Subphase: Concurrent Mark Try Terminate                 0.000 / 0.000         3.041 / 14.365        3.041 / 14.365        3.041 / 14.365      ms
[2025-05-18T20:48:42.024+0300][9008][9208 ][info][gc,stats    ]    Subphase: Concurrent References Enqueue                 0.000 / 0.000         0.008 / 0.012         0.008 / 0.012         0.008 / 0.012       ms
[2025-05-18T20:48:42.024+0300][9008][9208 ][info][gc,stats    ]    Subphase: Concurrent References Process                 0.000 / 0.000         0.248 / 0.325         0.248 / 0.325         0.248 / 0.325       ms
[2025-05-18T20:48:42.024+0300][9008][9208 ][info][gc,stats    ]    Subphase: Concurrent Roots ClassLoaderDataGraph         0.000 / 0.000         0.164 / 0.465         0.164 / 0.465         0.164 / 0.465       ms
[2025-05-18T20:48:42.024+0300][9008][9208 ][info][gc,stats    ]    Subphase: Concurrent Roots CodeCache                    0.000 / 0.000         0.000 / 0.000         0.000 / 0.000         0.000 / 0.000       ms
[2025-05-18T20:48:42.024+0300][9008][9208 ][info][gc,stats    ]    Subphase: Concurrent Roots JavaThreads                  0.000 / 0.000         3.597 / 5.503         3.597 / 5.503         3.597 / 5.503       ms
[2025-05-18T20:48:42.024+0300][9008][9208 ][info][gc,stats    ]    Subphase: Concurrent Roots OopStorageSet                0.000 / 0.000         0.051 / 0.093         0.051 / 0.093         0.051 / 0.093       ms
[2025-05-18T20:48:42.024+0300][9008][9208 ][info][gc,stats    ]    Subphase: Concurrent Weak Roots OopStorageSet           0.000 / 0.000         0.984 / 1.602         0.984 / 1.602         0.984 / 1.602       ms
[2025-05-18T20:48:42.024+0300][9008][9208 ][info][gc,stats    ]    Subphase: Pause Mark Try Complete                       0.000 / 0.000         0.000 / 0.000         0.000 / 0.000         0.000 / 0.000       ms
[2025-05-18T20:48:42.024+0300][9008][9208 ][info][gc,stats    ]      System: Java Threads                                      0 / 0                30 / 34               30 / 34               30 / 34          threads
[2025-05-18T20:48:42.024+0300][9008][9208 ][info][gc,stats    ] =========================================================================================================================================================
[2025-05-18T20:48:47.133+0300][9008][21940][info][gc,start    ] GC(3) Garbage Collection (Warmup)
[2025-05-18T20:48:47.133+0300][9008][21940][info][gc,task     ] GC(3) Using 2 workers
[2025-05-18T20:48:47.133+0300][9008][14992][info][gc,phases   ] GC(3) Pause Mark Start 0.014ms
[2025-05-18T20:48:47.195+0300][9008][21940][info][gc,phases   ] GC(3) Concurrent Mark 61.472ms
[2025-05-18T20:48:47.195+0300][9008][14992][info][gc,phases   ] GC(3) Pause Mark End 0.023ms
[2025-05-18T20:48:47.195+0300][9008][21940][info][gc,phases   ] GC(3) Concurrent Mark Free 0.001ms
[2025-05-18T20:48:47.219+0300][9008][21940][info][gc,phases   ] GC(3) Concurrent Process Non-Strong References 23.707ms
[2025-05-18T20:48:47.219+0300][9008][21940][info][gc,phases   ] GC(3) Concurrent Reset Relocation Set 0.033ms
[2025-05-18T20:48:47.223+0300][9008][21940][info][gc,phases   ] GC(3) Concurrent Select Relocation Set 3.894ms
[2025-05-18T20:48:47.224+0300][9008][14992][info][gc,phases   ] GC(3) Pause Relocate Start 0.024ms
[2025-05-18T20:48:47.228+0300][9008][21940][info][gc,phases   ] GC(3) Concurrent Relocate 4.495ms
[2025-05-18T20:48:47.228+0300][9008][21940][info][gc,load     ] GC(3) Load: 0.00/0.00/0.00
[2025-05-18T20:48:47.228+0300][9008][21940][info][gc,mmu      ] GC(3) MMU: 2ms/97.9%, 5ms/99.2%, 10ms/99.6%, 20ms/99.7%, 50ms/99.9%, 100ms/99.9%
[2025-05-18T20:48:47.228+0300][9008][21940][info][gc,marking  ] GC(3) Mark: 2 stripe(s), 2 proactive flush(es), 1 terminate flush(es), 0 completion(s), 0 continuation(s) 
[2025-05-18T20:48:47.228+0300][9008][21940][info][gc,marking  ] GC(3) Mark Stack Usage: 32M
[2025-05-18T20:48:47.228+0300][9008][21940][info][gc,nmethod  ] GC(3) NMethods: 7823 registered, 1358 unregistered
[2025-05-18T20:48:47.228+0300][9008][21940][info][gc,metaspace] GC(3) Metaspace: 33M used, 34M committed, 1088M reserved
[2025-05-18T20:48:47.228+0300][9008][21940][info][gc,ref      ] GC(3) Soft: 4638 encountered, 0 discovered, 0 enqueued
[2025-05-18T20:48:47.228+0300][9008][21940][info][gc,ref      ] GC(3) Weak: 3379 encountered, 541 discovered, 9 enqueued
[2025-05-18T20:48:47.228+0300][9008][21940][info][gc,ref      ] GC(3) Final: 3 encountered, 1 discovered, 0 enqueued
[2025-05-18T20:48:47.228+0300][9008][21940][info][gc,ref      ] GC(3) Phantom: 280 encountered, 166 discovered, 3 enqueued
[2025-05-18T20:48:47.228+0300][9008][21940][info][gc,reloc    ] GC(3) Small Pages: 395 / 790M, Empty: 538M, Relocated: 1M, In-Place: 0
[2025-05-18T20:48:47.228+0300][9008][21940][info][gc,reloc    ] GC(3) Medium Pages: 1 / 32M, Empty: 0M, Relocated: 0M, In-Place: 0
[2025-05-18T20:48:47.228+0300][9008][21940][info][gc,reloc    ] GC(3) Large Pages: 0 / 0M, Empty: 0M, Relocated: 0M, In-Place: 0
[2025-05-18T20:48:47.228+0300][9008][21940][info][gc,reloc    ] GC(3) Forwarding Usage: 0M
[2025-05-18T20:48:47.228+0300][9008][21940][info][gc,heap     ] GC(3) Min Capacity: 4096M(100%)
[2025-05-18T20:48:47.228+0300][9008][21940][info][gc,heap     ] GC(3) Max Capacity: 4096M(100%)
[2025-05-18T20:48:47.228+0300][9008][21940][info][gc,heap     ] GC(3) Soft Max Capacity: 4096M(100%)
[2025-05-18T20:48:47.228+0300][9008][21940][info][gc,heap     ] GC(3)                Mark Start          Mark End        Relocate Start      Relocate End           High               Low         
[2025-05-18T20:48:47.228+0300][9008][21940][info][gc,heap     ] GC(3)  Capacity:     4096M (100%)       4096M (100%)       4096M (100%)       4096M (100%)       4096M (100%)       4096M (100%)   
[2025-05-18T20:48:47.228+0300][9008][21940][info][gc,heap     ] GC(3)      Free:     3274M (80%)        3260M (80%)        3796M (93%)        4026M (98%)        4026M (98%)        3258M (80%)    
[2025-05-18T20:48:47.228+0300][9008][21940][info][gc,heap     ] GC(3)      Used:      822M (20%)         836M (20%)         300M (7%)           70M (2%)          838M (20%)          70M (2%)     
[2025-05-18T20:48:47.229+0300][9008][21940][info][gc,heap     ] GC(3)      Live:         -                18M (0%)           18M (0%)           18M (0%)             -                  -          
[2025-05-18T20:48:47.229+0300][9008][21940][info][gc,heap     ] GC(3) Allocated:         -                14M (0%)           16M (0%)           15M (0%)             -                  -          
[2025-05-18T20:48:47.229+0300][9008][21940][info][gc,heap     ] GC(3)   Garbage:         -               803M (20%)         265M (6%)           35M (1%)             -                  -          
[2025-05-18T20:48:47.229+0300][9008][21940][info][gc,heap     ] GC(3) Reclaimed:         -                  -               538M (13%)         767M (19%)            -                  -          
[2025-05-18T20:48:47.229+0300][9008][21940][info][gc          ] GC(3) Garbage Collection (Warmup) 822M(20%)->70M(2%)
[2025-05-18T20:48:52.020+0300][9008][9208 ][info][gc,stats    ] === Garbage Collection Statistics =======================================================================================================================
[2025-05-18T20:48:52.020+0300][9008][9208 ][info][gc,stats    ]                                                              Last 10s              Last 10m              Last 10h                Total
[2025-05-18T20:48:52.020+0300][9008][9208 ][info][gc,stats    ]                                                              Avg / Max             Avg / Max             Avg / Max             Avg / Max
[2025-05-18T20:48:52.020+0300][9008][9208 ][info][gc,stats    ]   Collector: Garbage Collection Cycle                     95.839 / 95.839       69.030 / 95.839       69.030 / 95.839       69.030 / 95.839      ms
[2025-05-18T20:48:52.020+0300][9008][9208 ][info][gc,stats    ]  Contention: Mark Segment Reset Contention                     0 / 0                 0 / 0                 0 / 0                 0 / 0           ops/s
[2025-05-18T20:48:52.020+0300][9008][9208 ][info][gc,stats    ]  Contention: Mark SeqNum Reset Contention                      0 / 0                 0 / 1                 0 / 1                 0 / 1           ops/s
[2025-05-18T20:48:52.020+0300][9008][9208 ][info][gc,stats    ]    Critical: Allocation Stall                                  0 / 0                 0 / 0                 0 / 0                 0 / 0           ops/s
[2025-05-18T20:48:52.020+0300][9008][9208 ][info][gc,stats    ]    Critical: Allocation Stall                              0.000 / 0.000         0.000 / 0.000         0.000 / 0.000         0.000 / 0.000       ms
[2025-05-18T20:48:52.020+0300][9008][9208 ][info][gc,stats    ]    Critical: GC Locker Stall                                   0 / 0                 0 / 0                 0 / 0                 0 / 0           ops/s
[2025-05-18T20:48:52.020+0300][9008][9208 ][info][gc,stats    ]    Critical: GC Locker Stall                               0.000 / 0.000         0.000 / 0.000         0.000 / 0.000         0.000 / 0.000       ms
[2025-05-18T20:48:52.020+0300][9008][9208 ][info][gc,stats    ]    Critical: Relocation Stall                                  0 / 0                 0 / 0                 0 / 0                 0 / 0           ops/s
[2025-05-18T20:48:52.020+0300][9008][9208 ][info][gc,stats    ]    Critical: Relocation Stall                              0.000 / 0.000         0.000 / 0.000         0.000 / 0.000         0.000 / 0.000       ms
[2025-05-18T20:48:52.020+0300][9008][9208 ][info][gc,stats    ]      Memory: Allocation Rate                                  33 / 44               41 / 142              41 / 142              41 / 142         MB/s
[2025-05-18T20:48:52.021+0300][9008][9208 ][info][gc,stats    ]      Memory: Defragment                                        0 / 0                 0 / 0                 0 / 0                 0 / 0           ops/s
[2025-05-18T20:48:52.021+0300][9008][9208 ][info][gc,stats    ]      Memory: Out Of Memory                                     0 / 0                 0 / 0                 0 / 0                 0 / 0           ops/s
[2025-05-18T20:48:52.021+0300][9008][9208 ][info][gc,stats    ]      Memory: Page Cache Flush                                  0 / 0                 0 / 0                 0 / 0                 0 / 0           MB/s
[2025-05-18T20:48:52.021+0300][9008][9208 ][info][gc,stats    ]      Memory: Page Cache Hit L1                                 8 / 17               10 / 75               10 / 75               10 / 75          ops/s
[2025-05-18T20:48:52.021+0300][9008][9208 ][info][gc,stats    ]      Memory: Page Cache Hit L2                                 0 / 0                 0 / 0                 0 / 0                 0 / 0           ops/s
[2025-05-18T20:48:52.021+0300][9008][9208 ][info][gc,stats    ]      Memory: Page Cache Hit L3                                 9 / 19               10 / 42               10 / 42               10 / 42          ops/s
[2025-05-18T20:48:52.021+0300][9008][9208 ][info][gc,stats    ]      Memory: Page Cache Miss                                   0 / 0                 0 / 1                 0 / 1                 0 / 1           ops/s
[2025-05-18T20:48:52.021+0300][9008][9208 ][info][gc,stats    ]      Memory: Uncommit                                          0 / 0                 0 / 0                 0 / 0                 0 / 0           MB/s
[2025-05-18T20:48:52.021+0300][9008][9208 ][info][gc,stats    ]      Memory: Undo Object Allocation Failed                     0 / 0                 0 / 0                 0 / 0                 0 / 0           ops/s
[2025-05-18T20:48:52.021+0300][9008][9208 ][info][gc,stats    ]      Memory: Undo Object Allocation Succeeded                  0 / 2                 0 / 12                0 / 12                0 / 12          ops/s
[2025-05-18T20:48:52.021+0300][9008][9208 ][info][gc,stats    ]      Memory: Undo Page Allocation                              0 / 0                 0 / 0                 0 / 0                 0 / 0           ops/s
[2025-05-18T20:48:52.021+0300][9008][9208 ][info][gc,stats    ]       Phase: Concurrent Mark                              61.472 / 61.472       44.868 / 61.472       44.868 / 61.472       44.868 / 61.472      ms
[2025-05-18T20:48:52.021+0300][9008][9208 ][info][gc,stats    ]       Phase: Concurrent Mark Continue                      0.000 / 0.000         0.000 / 0.000         0.000 / 0.000         0.000 / 0.000       ms
[2025-05-18T20:48:52.021+0300][9008][9208 ][info][gc,stats    ]       Phase: Concurrent Mark Free                          0.001 / 0.001         0.001 / 0.001         0.001 / 0.001         0.001 / 0.001       ms
[2025-05-18T20:48:52.021+0300][9008][9208 ][info][gc,stats    ]       Phase: Concurrent Process Non-Strong References     23.707 / 23.707       14.785 / 25.052       14.785 / 25.052       14.785 / 25.052      ms
[2025-05-18T20:48:52.021+0300][9008][9208 ][info][gc,stats    ]       Phase: Concurrent Relocate                           4.495 / 4.495         4.221 / 6.830         4.221 / 6.830         4.221 / 6.830       ms
[2025-05-18T20:48:52.021+0300][9008][9208 ][info][gc,stats    ]       Phase: Concurrent Reset Relocation Set               0.033 / 0.033         0.012 / 0.033         0.012 / 0.033         0.012 / 0.033       ms
[2025-05-18T20:48:52.021+0300][9008][9208 ][info][gc,stats    ]       Phase: Concurrent Select Relocation Set              3.894 / 3.894         3.628 / 5.621         3.628 / 5.621         3.628 / 5.621       ms
[2025-05-18T20:48:52.021+0300][9008][9208 ][info][gc,stats    ]       Phase: Pause Mark End                                0.023 / 0.023         0.025 / 0.042         0.025 / 0.042         0.025 / 0.042       ms
[2025-05-18T20:48:52.021+0300][9008][9208 ][info][gc,stats    ]       Phase: Pause Mark Start                              0.014 / 0.014         0.009 / 0.014         0.009 / 0.014         0.009 / 0.014       ms
[2025-05-18T20:48:52.021+0300][9008][9208 ][info][gc,stats    ]       Phase: Pause Relocate Start                          0.024 / 0.024         0.013 / 0.024         0.013 / 0.024         0.013 / 0.024       ms
[2025-05-18T20:48:52.021+0300][9008][9208 ][info][gc,stats    ]    Subphase: Concurrent Classes Purge                      1.967 / 1.967         1.144 / 1.967         1.144 / 1.967         1.144 / 1.967       ms
[2025-05-18T20:48:52.021+0300][9008][9208 ][info][gc,stats    ]    Subphase: Concurrent Classes Unlink                    20.014 / 20.014       12.137 / 21.925       12.137 / 21.925       12.137 / 21.925      ms
[2025-05-18T20:48:52.023+0300][9008][9208 ][info][gc,stats    ]    Subphase: Concurrent Mark                              55.800 / 58.660       37.600 / 58.660       37.600 / 58.660       37.600 / 58.660      ms
[2025-05-18T20:48:52.023+0300][9008][9208 ][info][gc,stats    ]    Subphase: Concurrent Mark Try Flush                     0.110 / 0.141         0.226 / 1.122         0.226 / 1.122         0.226 / 1.122       ms
[2025-05-18T20:48:52.023+0300][9008][9208 ][info][gc,stats    ]    Subphase: Concurrent Mark Try Terminate                 2.219 / 6.575         2.836 / 14.365        2.836 / 14.365        2.836 / 14.365      ms
[2025-05-18T20:48:52.023+0300][9008][9208 ][info][gc,stats    ]    Subphase: Concurrent References Enqueue                 0.009 / 0.009         0.008 / 0.012         0.008 / 0.012         0.008 / 0.012       ms
[2025-05-18T20:48:52.023+0300][9008][9208 ][info][gc,stats    ]    Subphase: Concurrent References Process                 0.127 / 0.127         0.218 / 0.325         0.218 / 0.325         0.218 / 0.325       ms
[2025-05-18T20:48:52.023+0300][9008][9208 ][info][gc,stats    ]    Subphase: Concurrent Roots ClassLoaderDataGraph         0.405 / 0.765         0.225 / 0.765         0.225 / 0.765         0.225 / 0.765       ms
[2025-05-18T20:48:52.023+0300][9008][9208 ][info][gc,stats    ]    Subphase: Concurrent Roots CodeCache                    0.000 / 0.000         0.000 / 0.000         0.000 / 0.000         0.000 / 0.000       ms
[2025-05-18T20:48:52.023+0300][9008][9208 ][info][gc,stats    ]    Subphase: Concurrent Roots JavaThreads                  2.182 / 2.480         3.243 / 5.503         3.243 / 5.503         3.243 / 5.503       ms
[2025-05-18T20:48:52.023+0300][9008][9208 ][info][gc,stats    ]    Subphase: Concurrent Roots OopStorageSet                0.053 / 0.071         0.051 / 0.093         0.051 / 0.093         0.051 / 0.093       ms
[2025-05-18T20:48:52.023+0300][9008][9208 ][info][gc,stats    ]    Subphase: Concurrent Weak Roots OopStorageSet           1.382 / 1.386         1.084 / 1.602         1.084 / 1.602         1.084 / 1.602       ms
[2025-05-18T20:48:52.023+0300][9008][9208 ][info][gc,stats    ]    Subphase: Pause Mark Try Complete                       0.000 / 0.000         0.000 / 0.000         0.000 / 0.000         0.000 / 0.000       ms
[2025-05-18T20:48:52.023+0300][9008][9208 ][info][gc,stats    ]      System: Java Threads                                     32 / 32               31 / 34               31 / 34               31 / 34          threads
[2025-05-18T20:48:52.023+0300][9008][9208 ][info][gc,stats    ] =========================================================================================================================================================
[2025-05-18T20:49:02.034+0300][9008][9208 ][info][gc,stats    ] === Garbage Collection Statistics =======================================================================================================================
[2025-05-18T20:49:02.034+0300][9008][9208 ][info][gc,stats    ]                                                              Last 10s              Last 10m              Last 10h                Total
[2025-05-18T20:49:02.034+0300][9008][9208 ][info][gc,stats    ]                                                              Avg / Max             Avg / Max             Avg / Max             Avg / Max
[2025-05-18T20:49:02.034+0300][9008][9208 ][info][gc,stats    ]   Collector: Garbage Collection Cycle                      0.000 / 0.000        69.030 / 95.839       69.030 / 95.839       69.030 / 95.839      ms
[2025-05-18T20:49:02.035+0300][9008][9208 ][info][gc,stats    ]  Contention: Mark Segment Reset Contention                     0 / 0                 0 / 0                 0 / 0                 0 / 0           ops/s
[2025-05-18T20:49:02.035+0300][9008][9208 ][info][gc,stats    ]  Contention: Mark SeqNum Reset Contention                      0 / 0                 0 / 1                 0 / 1                 0 / 1           ops/s
[2025-05-18T20:49:02.035+0300][9008][9208 ][info][gc,stats    ]    Critical: Allocation Stall                                  0 / 0                 0 / 0                 0 / 0                 0 / 0           ops/s
[2025-05-18T20:49:02.035+0300][9008][9208 ][info][gc,stats    ]    Critical: Allocation Stall                              0.000 / 0.000         0.000 / 0.000         0.000 / 0.000         0.000 / 0.000       ms
[2025-05-18T20:49:02.035+0300][9008][9208 ][info][gc,stats    ]    Critical: GC Locker Stall                                   0 / 0                 0 / 0                 0 / 0                 0 / 0           ops/s
[2025-05-18T20:49:02.035+0300][9008][9208 ][info][gc,stats    ]    Critical: GC Locker Stall                               0.000 / 0.000         0.000 / 0.000         0.000 / 0.000         0.000 / 0.000       ms
[2025-05-18T20:49:02.035+0300][9008][9208 ][info][gc,stats    ]    Critical: Relocation Stall                                  0 / 0                 0 / 0                 0 / 0                 0 / 0           ops/s
[2025-05-18T20:49:02.035+0300][9008][9208 ][info][gc,stats    ]    Critical: Relocation Stall                              0.000 / 0.000         0.000 / 0.000         0.000 / 0.000         0.000 / 0.000       ms
[2025-05-18T20:49:02.035+0300][9008][9208 ][info][gc,stats    ]      Memory: Allocation Rate                                  33 / 36               39 / 142              39 / 142              39 / 142         MB/s
[2025-05-18T20:49:02.035+0300][9008][9208 ][info][gc,stats    ]      Memory: Defragment                                        0 / 0                 0 / 0                 0 / 0                 0 / 0           ops/s
[2025-05-18T20:49:02.035+0300][9008][9208 ][info][gc,stats    ]      Memory: Out Of Memory                                     0 / 0                 0 / 0                 0 / 0                 0 / 0           ops/s
[2025-05-18T20:49:02.035+0300][9008][9208 ][info][gc,stats    ]      Memory: Page Cache Flush                                  0 / 0                 0 / 0                 0 / 0                 0 / 0           MB/s
[2025-05-18T20:49:02.035+0300][9008][9208 ][info][gc,stats    ]      Memory: Page Cache Hit L1                                16 / 18               11 / 75               11 / 75               11 / 75          ops/s
[2025-05-18T20:49:02.035+0300][9008][9208 ][info][gc,stats    ]      Memory: Page Cache Hit L2                                 0 / 0                 0 / 0                 0 / 0                 0 / 0           ops/s
[2025-05-18T20:49:02.035+0300][9008][9208 ][info][gc,stats    ]      Memory: Page Cache Hit L3                                 0 / 0                 8 / 42                8 / 42                8 / 42          ops/s
[2025-05-18T20:49:02.035+0300][9008][9208 ][info][gc,stats    ]      Memory: Page Cache Miss                                   0 / 0                 0 / 1                 0 / 1                 0 / 1           ops/s
[2025-05-18T20:49:02.035+0300][9008][9208 ][info][gc,stats    ]      Memory: Uncommit                                          0 / 0                 0 / 0                 0 / 0                 0 / 0           MB/s
[2025-05-18T20:49:02.035+0300][9008][9208 ][info][gc,stats    ]      Memory: Undo Object Allocation Failed                     0 / 0                 0 / 0                 0 / 0                 0 / 0           ops/s
[2025-05-18T20:49:02.035+0300][9008][9208 ][info][gc,stats    ]      Memory: Undo Object Allocation Succeeded                  0 / 0                 0 / 12                0 / 12                0 / 12          ops/s
[2025-05-18T20:49:02.035+0300][9008][9208 ][info][gc,stats    ]      Memory: Undo Page Allocation                              0 / 0                 0 / 0                 0 / 0                 0 / 0           ops/s
[2025-05-18T20:49:02.035+0300][9008][9208 ][info][gc,stats    ]       Phase: Concurrent Mark                               0.000 / 0.000        44.868 / 61.472       44.868 / 61.472       44.868 / 61.472      ms
[2025-05-18T20:49:02.035+0300][9008][9208 ][info][gc,stats    ]       Phase: Concurrent Mark Continue                      0.000 / 0.000         0.000 / 0.000         0.000 / 0.000         0.000 / 0.000       ms
[2025-05-18T20:49:02.035+0300][9008][9208 ][info][gc,stats    ]       Phase: Concurrent Mark Free                          0.000 / 0.000         0.001 / 0.001         0.001 / 0.001         0.001 / 0.001       ms
[2025-05-18T20:49:02.035+0300][9008][9208 ][info][gc,stats    ]       Phase: Concurrent Process Non-Strong References      0.000 / 0.000        14.785 / 25.052       14.785 / 25.052       14.785 / 25.052      ms
[2025-05-18T20:49:02.036+0300][9008][9208 ][info][gc,stats    ]       Phase: Concurrent Relocate                           0.000 / 0.000         4.221 / 6.830         4.221 / 6.830         4.221 / 6.830       ms
[2025-05-18T20:49:02.036+0300][9008][9208 ][info][gc,stats    ]       Phase: Concurrent Reset Relocation Set               0.000 / 0.000         0.012 / 0.033         0.012 / 0.033         0.012 / 0.033       ms
[2025-05-18T20:49:02.036+0300][9008][9208 ][info][gc,stats    ]       Phase: Concurrent Select Relocation Set              0.000 / 0.000         3.628 / 5.621         3.628 / 5.621         3.628 / 5.621       ms
[2025-05-18T20:49:02.036+0300][9008][9208 ][info][gc,stats    ]       Phase: Pause Mark End                                0.000 / 0.000         0.025 / 0.042         0.025 / 0.042         0.025 / 0.042       ms
[2025-05-18T20:49:02.036+0300][9008][9208 ][info][gc,stats    ]       Phase: Pause Mark Start                              0.000 / 0.000         0.009 / 0.014         0.009 / 0.014         0.009 / 0.014       ms
[2025-05-18T20:49:02.036+0300][9008][9208 ][info][gc,stats    ]       Phase: Pause Relocate Start                          0.000 / 0.000         0.013 / 0.024         0.013 / 0.024         0.013 / 0.024       ms
[2025-05-18T20:49:02.036+0300][9008][9208 ][info][gc,stats    ]    Subphase: Concurrent Classes Purge                      0.000 / 0.000         1.144 / 1.967         1.144 / 1.967         1.144 / 1.967       ms
[2025-05-18T20:49:02.036+0300][9008][9208 ][info][gc,stats    ]    Subphase: Concurrent Classes Unlink                     0.000 / 0.000        12.137 / 21.925       12.137 / 21.925       12.137 / 21.925      ms
[2025-05-18T20:49:02.036+0300][9008][9208 ][info][gc,stats    ]    Subphase: Concurrent Mark                               0.000 / 0.000        37.600 / 58.660       37.600 / 58.660       37.600 / 58.660      ms
[2025-05-18T20:49:02.036+0300][9008][9208 ][info][gc,stats    ]    Subphase: Concurrent Mark Try Flush                     0.000 / 0.000         0.226 / 1.122         0.226 / 1.122         0.226 / 1.122       ms
[2025-05-18T20:49:02.036+0300][9008][9208 ][info][gc,stats    ]    Subphase: Concurrent Mark Try Terminate                 0.000 / 0.000         2.836 / 14.365        2.836 / 14.365        2.836 / 14.365      ms
[2025-05-18T20:49:02.036+0300][9008][9208 ][info][gc,stats    ]    Subphase: Concurrent References Enqueue                 0.000 / 0.000         0.008 / 0.012         0.008 / 0.012         0.008 / 0.012       ms
[2025-05-18T20:49:02.036+0300][9008][9208 ][info][gc,stats    ]    Subphase: Concurrent References Process                 0.000 / 0.000         0.218 / 0.325         0.218 / 0.325         0.218 / 0.325       ms
[2025-05-18T20:49:02.036+0300][9008][9208 ][info][gc,stats    ]    Subphase: Concurrent Roots ClassLoaderDataGraph         0.000 / 0.000         0.225 / 0.765         0.225 / 0.765         0.225 / 0.765       ms
[2025-05-18T20:49:02.036+0300][9008][9208 ][info][gc,stats    ]    Subphase: Concurrent Roots CodeCache                    0.000 / 0.000         0.000 / 0.000         0.000 / 0.000         0.000 / 0.000       ms
[2025-05-18T20:49:02.036+0300][9008][9208 ][info][gc,stats    ]    Subphase: Concurrent Roots JavaThreads                  0.000 / 0.000         3.243 / 5.503         3.243 / 5.503         3.243 / 5.503       ms
[2025-05-18T20:49:02.036+0300][9008][9208 ][info][gc,stats    ]    Subphase: Concurrent Roots OopStorageSet                0.000 / 0.000         0.051 / 0.093         0.051 / 0.093         0.051 / 0.093       ms
[2025-05-18T20:49:02.036+0300][9008][9208 ][info][gc,stats    ]    Subphase: Concurrent Weak Roots OopStorageSet           0.000 / 0.000         1.084 / 1.602         1.084 / 1.602         1.084 / 1.602       ms
[2025-05-18T20:49:02.036+0300][9008][9208 ][info][gc,stats    ]    Subphase: Pause Mark Try Complete                       0.000 / 0.000         0.000 / 0.000         0.000 / 0.000         0.000 / 0.000       ms
[2025-05-18T20:49:02.036+0300][9008][9208 ][info][gc,stats    ]      System: Java Threads                                      0 / 0                31 / 34               31 / 34               31 / 34          threads
[2025-05-18T20:49:02.036+0300][9008][9208 ][info][gc,stats    ] =========================================================================================================================================================
[2025-05-18T20:49:12.029+0300][9008][9208 ][info][gc,stats    ] === Garbage Collection Statistics =======================================================================================================================
[2025-05-18T20:49:12.029+0300][9008][9208 ][info][gc,stats    ]                                                              Last 10s              Last 10m              Last 10h                Total
[2025-05-18T20:49:12.029+0300][9008][9208 ][info][gc,stats    ]                                                              Avg / Max             Avg / Max             Avg / Max             Avg / Max
[2025-05-18T20:49:12.029+0300][9008][9208 ][info][gc,stats    ]   Collector: Garbage Collection Cycle                      0.000 / 0.000        69.030 / 95.839       69.030 / 95.839       69.030 / 95.839      ms
[2025-05-18T20:49:12.029+0300][9008][9208 ][info][gc,stats    ]  Contention: Mark Segment Reset Contention                     0 / 0                 0 / 0                 0 / 0                 0 / 0           ops/s
[2025-05-18T20:49:12.029+0300][9008][9208 ][info][gc,stats    ]  Contention: Mark SeqNum Reset Contention                      0 / 0                 0 / 1                 0 / 1                 0 / 1           ops/s
[2025-05-18T20:49:12.029+0300][9008][9208 ][info][gc,stats    ]    Critical: Allocation Stall                                  0 / 0                 0 / 0                 0 / 0                 0 / 0           ops/s
[2025-05-18T20:49:12.029+0300][9008][9208 ][info][gc,stats    ]    Critical: Allocation Stall                              0.000 / 0.000         0.000 / 0.000         0.000 / 0.000         0.000 / 0.000       ms
[2025-05-18T20:49:12.029+0300][9008][9208 ][info][gc,stats    ]    Critical: GC Locker Stall                                   0 / 0                 0 / 0                 0 / 0                 0 / 0           ops/s
[2025-05-18T20:49:12.029+0300][9008][9208 ][info][gc,stats    ]    Critical: GC Locker Stall                               0.000 / 0.000         0.000 / 0.000         0.000 / 0.000         0.000 / 0.000       ms
[2025-05-18T20:49:12.029+0300][9008][9208 ][info][gc,stats    ]    Critical: Relocation Stall                                  0 / 0                 0 / 0                 0 / 0                 0 / 0           ops/s
[2025-05-18T20:49:12.029+0300][9008][9208 ][info][gc,stats    ]    Critical: Relocation Stall                              0.000 / 0.000         0.000 / 0.000         0.000 / 0.000         0.000 / 0.000       ms
[2025-05-18T20:49:12.029+0300][9008][9208 ][info][gc,stats    ]      Memory: Allocation Rate                                  32 / 38               38 / 142              38 / 142              38 / 142         MB/s
[2025-05-18T20:49:12.029+0300][9008][9208 ][info][gc,stats    ]      Memory: Defragment                                        0 / 0                 0 / 0                 0 / 0                 0 / 0           ops/s
[2025-05-18T20:49:12.029+0300][9008][9208 ][info][gc,stats    ]      Memory: Out Of Memory                                     0 / 0                 0 / 0                 0 / 0                 0 / 0           ops/s
[2025-05-18T20:49:12.029+0300][9008][9208 ][info][gc,stats    ]      Memory: Page Cache Flush                                  0 / 0                 0 / 0                 0 / 0                 0 / 0           MB/s
[2025-05-18T20:49:12.030+0300][9008][9208 ][info][gc,stats    ]      Memory: Page Cache Hit L1                                14 / 19               12 / 75               12 / 75               12 / 75          ops/s
[2025-05-18T20:49:12.030+0300][9008][9208 ][info][gc,stats    ]      Memory: Page Cache Hit L2                                 0 / 0                 0 / 0                 0 / 0                 0 / 0           ops/s
[2025-05-18T20:49:12.030+0300][9008][9208 ][info][gc,stats    ]      Memory: Page Cache Hit L3                                 2 / 16                7 / 42                7 / 42                7 / 42          ops/s
[2025-05-18T20:49:12.030+0300][9008][9208 ][info][gc,stats    ]      Memory: Page Cache Miss                                   0 / 0                 0 / 1                 0 / 1                 0 / 1           ops/s
[2025-05-18T20:49:12.030+0300][9008][9208 ][info][gc,stats    ]      Memory: Uncommit                                          0 / 0                 0 / 0                 0 / 0                 0 / 0           MB/s
[2025-05-18T20:49:12.030+0300][9008][9208 ][info][gc,stats    ]      Memory: Undo Object Allocation Failed                     0 / 0                 0 / 0                 0 / 0                 0 / 0           ops/s
[2025-05-18T20:49:12.030+0300][9008][9208 ][info][gc,stats    ]      Memory: Undo Object Allocation Succeeded                  0 / 0                 0 / 12                0 / 12                0 / 12          ops/s
[2025-05-18T20:49:12.030+0300][9008][9208 ][info][gc,stats    ]      Memory: Undo Page Allocation                              0 / 1                 0 / 1                 0 / 1                 0 / 1           ops/s
[2025-05-18T20:49:12.030+0300][9008][9208 ][info][gc,stats    ]       Phase: Concurrent Mark                               0.000 / 0.000        44.868 / 61.472       44.868 / 61.472       44.868 / 61.472      ms
[2025-05-18T20:49:12.030+0300][9008][9208 ][info][gc,stats    ]       Phase: Concurrent Mark Continue                      0.000 / 0.000         0.000 / 0.000         0.000 / 0.000         0.000 / 0.000       ms
[2025-05-18T20:49:12.030+0300][9008][9208 ][info][gc,stats    ]       Phase: Concurrent Mark Free                          0.000 / 0.000         0.001 / 0.001         0.001 / 0.001         0.001 / 0.001       ms
[2025-05-18T20:49:12.030+0300][9008][9208 ][info][gc,stats    ]       Phase: Concurrent Process Non-Strong References      0.000 / 0.000        14.785 / 25.052       14.785 / 25.052       14.785 / 25.052      ms
[2025-05-18T20:49:12.030+0300][9008][9208 ][info][gc,stats    ]       Phase: Concurrent Relocate                           0.000 / 0.000         4.221 / 6.830         4.221 / 6.830         4.221 / 6.830       ms
[2025-05-18T20:49:12.030+0300][9008][9208 ][info][gc,stats    ]       Phase: Concurrent Reset Relocation Set               0.000 / 0.000         0.012 / 0.033         0.012 / 0.033         0.012 / 0.033       ms
[2025-05-18T20:49:12.030+0300][9008][9208 ][info][gc,stats    ]       Phase: Concurrent Select Relocation Set              0.000 / 0.000         3.628 / 5.621         3.628 / 5.621         3.628 / 5.621       ms
[2025-05-18T20:49:12.030+0300][9008][9208 ][info][gc,stats    ]       Phase: Pause Mark End                                0.000 / 0.000         0.025 / 0.042         0.025 / 0.042         0.025 / 0.042       ms
[2025-05-18T20:49:12.030+0300][9008][9208 ][info][gc,stats    ]       Phase: Pause Mark Start                              0.000 / 0.000         0.009 / 0.014         0.009 / 0.014         0.009 / 0.014       ms
[2025-05-18T20:49:12.030+0300][9008][9208 ][info][gc,stats    ]       Phase: Pause Relocate Start                          0.000 / 0.000         0.013 / 0.024         0.013 / 0.024         0.013 / 0.024       ms
[2025-05-18T20:49:12.030+0300][9008][9208 ][info][gc,stats    ]    Subphase: Concurrent Classes Purge                      0.000 / 0.000         1.144 / 1.967         1.144 / 1.967         1.144 / 1.967       ms
[2025-05-18T20:49:12.030+0300][9008][9208 ][info][gc,stats    ]    Subphase: Concurrent Classes Unlink                     0.000 / 0.000        12.137 / 21.925       12.137 / 21.925       12.137 / 21.925      ms
[2025-05-18T20:49:12.031+0300][9008][9208 ][info][gc,stats    ]    Subphase: Concurrent Mark                               0.000 / 0.000        37.600 / 58.660       37.600 / 58.660       37.600 / 58.660      ms
[2025-05-18T20:49:12.031+0300][9008][9208 ][info][gc,stats    ]    Subphase: Concurrent Mark Try Flush                     0.000 / 0.000         0.226 / 1.122         0.226 / 1.122         0.226 / 1.122       ms
[2025-05-18T20:49:12.031+0300][9008][9208 ][info][gc,stats    ]    Subphase: Concurrent Mark Try Terminate                 0.000 / 0.000         2.836 / 14.365        2.836 / 14.365        2.836 / 14.365      ms
[2025-05-18T20:49:12.031+0300][9008][9208 ][info][gc,stats    ]    Subphase: Concurrent References Enqueue                 0.000 / 0.000         0.008 / 0.012         0.008 / 0.012         0.008 / 0.012       ms
[2025-05-18T20:49:12.031+0300][9008][9208 ][info][gc,stats    ]    Subphase: Concurrent References Process                 0.000 / 0.000         0.218 / 0.325         0.218 / 0.325         0.218 / 0.325       ms
[2025-05-18T20:49:12.031+0300][9008][9208 ][info][gc,stats    ]    Subphase: Concurrent Roots ClassLoaderDataGraph         0.000 / 0.000         0.225 / 0.765         0.225 / 0.765         0.225 / 0.765       ms
[2025-05-18T20:49:12.031+0300][9008][9208 ][info][gc,stats    ]    Subphase: Concurrent Roots CodeCache                    0.000 / 0.000         0.000 / 0.000         0.000 / 0.000         0.000 / 0.000       ms
[2025-05-18T20:49:12.031+0300][9008][9208 ][info][gc,stats    ]    Subphase: Concurrent Roots JavaThreads                  0.000 / 0.000         3.243 / 5.503         3.243 / 5.503         3.243 / 5.503       ms
[2025-05-18T20:49:12.031+0300][9008][9208 ][info][gc,stats    ]    Subphase: Concurrent Roots OopStorageSet                0.000 / 0.000         0.051 / 0.093         0.051 / 0.093         0.051 / 0.093       ms
[2025-05-18T20:49:12.031+0300][9008][9208 ][info][gc,stats    ]    Subphase: Concurrent Weak Roots OopStorageSet           0.000 / 0.000         1.084 / 1.602         1.084 / 1.602         1.084 / 1.602       ms
[2025-05-18T20:49:12.031+0300][9008][9208 ][info][gc,stats    ]    Subphase: Pause Mark Try Complete                       0.000 / 0.000         0.000 / 0.000         0.000 / 0.000         0.000 / 0.000       ms
[2025-05-18T20:49:12.031+0300][9008][9208 ][info][gc,stats    ]      System: Java Threads                                      0 / 0                31 / 34               31 / 34               31 / 34          threads
[2025-05-18T20:49:12.031+0300][9008][9208 ][info][gc,stats    ] =========================================================================================================================================================
[2025-05-18T20:49:22.021+0300][9008][9208 ][info][gc,stats    ] === Garbage Collection Statistics =======================================================================================================================
[2025-05-18T20:49:22.021+0300][9008][9208 ][info][gc,stats    ]                                                              Last 10s              Last 10m              Last 10h                Total
[2025-05-18T20:49:22.021+0300][9008][9208 ][info][gc,stats    ]                                                              Avg / Max             Avg / Max             Avg / Max             Avg / Max
[2025-05-18T20:49:22.021+0300][9008][9208 ][info][gc,stats    ]   Collector: Garbage Collection Cycle                      0.000 / 0.000        69.030 / 95.839       69.030 / 95.839       69.030 / 95.839      ms
[2025-05-18T20:49:22.021+0300][9008][9208 ][info][gc,stats    ]  Contention: Mark Segment Reset Contention                     0 / 0                 0 / 0                 0 / 0                 0 / 0           ops/s
[2025-05-18T20:49:22.021+0300][9008][9208 ][info][gc,stats    ]  Contention: Mark SeqNum Reset Contention                      0 / 0                 0 / 1                 0 / 1                 0 / 1           ops/s
[2025-05-18T20:49:22.021+0300][9008][9208 ][info][gc,stats    ]    Critical: Allocation Stall                                  0 / 0                 0 / 0                 0 / 0                 0 / 0           ops/s
[2025-05-18T20:49:22.021+0300][9008][9208 ][info][gc,stats    ]    Critical: Allocation Stall                              0.000 / 0.000         0.000 / 0.000         0.000 / 0.000         0.000 / 0.000       ms
[2025-05-18T20:49:22.021+0300][9008][9208 ][info][gc,stats    ]    Critical: GC Locker Stall                                   0 / 0                 0 / 0                 0 / 0                 0 / 0           ops/s
[2025-05-18T20:49:22.021+0300][9008][9208 ][info][gc,stats    ]    Critical: GC Locker Stall                               0.000 / 0.000         0.000 / 0.000         0.000 / 0.000         0.000 / 0.000       ms
[2025-05-18T20:49:22.021+0300][9008][9208 ][info][gc,stats    ]    Critical: Relocation Stall                                  0 / 0                 0 / 0                 0 / 0                 0 / 0           ops/s
[2025-05-18T20:49:22.021+0300][9008][9208 ][info][gc,stats    ]    Critical: Relocation Stall                              0.000 / 0.000         0.000 / 0.000         0.000 / 0.000         0.000 / 0.000       ms
[2025-05-18T20:49:22.021+0300][9008][9208 ][info][gc,stats    ]      Memory: Allocation Rate                                  33 / 38               37 / 142              37 / 142              37 / 142         MB/s
[2025-05-18T20:49:22.021+0300][9008][9208 ][info][gc,stats    ]      Memory: Defragment                                        0 / 0                 0 / 0                 0 / 0                 0 / 0           ops/s
[2025-05-18T20:49:22.021+0300][9008][9208 ][info][gc,stats    ]      Memory: Out Of Memory                                     0 / 0                 0 / 0                 0 / 0                 0 / 0           ops/s
[2025-05-18T20:49:22.021+0300][9008][9208 ][info][gc,stats    ]      Memory: Page Cache Flush                                  0 / 0                 0 / 0                 0 / 0                 0 / 0           MB/s
[2025-05-18T20:49:22.021+0300][9008][9208 ][info][gc,stats    ]      Memory: Page Cache Hit L1                                 0 / 1                10 / 75               10 / 75               10 / 75          ops/s
[2025-05-18T20:49:22.021+0300][9008][9208 ][info][gc,stats    ]      Memory: Page Cache Hit L2                                 0 / 0                 0 / 0                 0 / 0                 0 / 0           ops/s
[2025-05-18T20:49:22.021+0300][9008][9208 ][info][gc,stats    ]      Memory: Page Cache Hit L3                                16 / 19                8 / 42                8 / 42                8 / 42          ops/s
[2025-05-18T20:49:22.021+0300][9008][9208 ][info][gc,stats    ]      Memory: Page Cache Miss                                   0 / 0                 0 / 1                 0 / 1                 0 / 1           ops/s
[2025-05-18T20:49:22.021+0300][9008][9208 ][info][gc,stats    ]      Memory: Uncommit                                          0 / 0                 0 / 0                 0 / 0                 0 / 0           MB/s
[2025-05-18T20:49:22.021+0300][9008][9208 ][info][gc,stats    ]      Memory: Undo Object Allocation Failed                     0 / 0                 0 / 0                 0 / 0                 0 / 0           ops/s
[2025-05-18T20:49:22.022+0300][9008][9208 ][info][gc,stats    ]      Memory: Undo Object Allocation Succeeded                  0 / 0                 0 / 12                0 / 12                0 / 12          ops/s
[2025-05-18T20:49:22.022+0300][9008][9208 ][info][gc,stats    ]      Memory: Undo Page Allocation                              0 / 1                 0 / 1                 0 / 1                 0 / 1           ops/s
[2025-05-18T20:49:22.022+0300][9008][9208 ][info][gc,stats    ]       Phase: Concurrent Mark                               0.000 / 0.000        44.868 / 61.472       44.868 / 61.472       44.868 / 61.472      ms
[2025-05-18T20:49:22.022+0300][9008][9208 ][info][gc,stats    ]       Phase: Concurrent Mark Continue                      0.000 / 0.000         0.000 / 0.000         0.000 / 0.000         0.000 / 0.000       ms
[2025-05-18T20:49:22.022+0300][9008][9208 ][info][gc,stats    ]       Phase: Concurrent Mark Free                          0.000 / 0.000         0.001 / 0.001         0.001 / 0.001         0.001 / 0.001       ms
[2025-05-18T20:49:22.022+0300][9008][9208 ][info][gc,stats    ]       Phase: Concurrent Process Non-Strong References      0.000 / 0.000        14.785 / 25.052       14.785 / 25.052       14.785 / 25.052      ms
[2025-05-18T20:49:22.022+0300][9008][9208 ][info][gc,stats    ]       Phase: Concurrent Relocate                           0.000 / 0.000         4.221 / 6.830         4.221 / 6.830         4.221 / 6.830       ms
[2025-05-18T20:49:22.022+0300][9008][9208 ][info][gc,stats    ]       Phase: Concurrent Reset Relocation Set               0.000 / 0.000         0.012 / 0.033         0.012 / 0.033         0.012 / 0.033       ms
[2025-05-18T20:49:22.022+0300][9008][9208 ][info][gc,stats    ]       Phase: Concurrent Select Relocation Set              0.000 / 0.000         3.628 / 5.621         3.628 / 5.621         3.628 / 5.621       ms
[2025-05-18T20:49:22.022+0300][9008][9208 ][info][gc,stats    ]       Phase: Pause Mark End                                0.000 / 0.000         0.025 / 0.042         0.025 / 0.042         0.025 / 0.042       ms
[2025-05-18T20:49:22.022+0300][9008][9208 ][info][gc,stats    ]       Phase: Pause Mark Start                              0.000 / 0.000         0.009 / 0.014         0.009 / 0.014         0.009 / 0.014       ms
[2025-05-18T20:49:22.022+0300][9008][9208 ][info][gc,stats    ]       Phase: Pause Relocate Start                          0.000 / 0.000         0.013 / 0.024         0.013 / 0.024         0.013 / 0.024       ms
[2025-05-18T20:49:22.022+0300][9008][9208 ][info][gc,stats    ]    Subphase: Concurrent Classes Purge                      0.000 / 0.000         1.144 / 1.967         1.144 / 1.967         1.144 / 1.967       ms
[2025-05-18T20:49:22.022+0300][9008][9208 ][info][gc,stats    ]    Subphase: Concurrent Classes Unlink                     0.000 / 0.000        12.137 / 21.925       12.137 / 21.925       12.137 / 21.925      ms
[2025-05-18T20:49:22.022+0300][9008][9208 ][info][gc,stats    ]    Subphase: Concurrent Mark                               0.000 / 0.000        37.600 / 58.660       37.600 / 58.660       37.600 / 58.660      ms
[2025-05-18T20:49:22.022+0300][9008][9208 ][info][gc,stats    ]    Subphase: Concurrent Mark Try Flush                     0.000 / 0.000         0.226 / 1.122         0.226 / 1.122         0.226 / 1.122       ms
[2025-05-18T20:49:22.022+0300][9008][9208 ][info][gc,stats    ]    Subphase: Concurrent Mark Try Terminate                 0.000 / 0.000         2.836 / 14.365        2.836 / 14.365        2.836 / 14.365      ms
[2025-05-18T20:49:22.022+0300][9008][9208 ][info][gc,stats    ]    Subphase: Concurrent References Enqueue                 0.000 / 0.000         0.008 / 0.012         0.008 / 0.012         0.008 / 0.012       ms
[2025-05-18T20:49:22.022+0300][9008][9208 ][info][gc,stats    ]    Subphase: Concurrent References Process                 0.000 / 0.000         0.218 / 0.325         0.218 / 0.325         0.218 / 0.325       ms
[2025-05-18T20:49:22.022+0300][9008][9208 ][info][gc,stats    ]    Subphase: Concurrent Roots ClassLoaderDataGraph         0.000 / 0.000         0.225 / 0.765         0.225 / 0.765         0.225 / 0.765       ms
[2025-05-18T20:49:22.022+0300][9008][9208 ][info][gc,stats    ]    Subphase: Concurrent Roots CodeCache                    0.000 / 0.000         0.000 / 0.000         0.000 / 0.000         0.000 / 0.000       ms
[2025-05-18T20:49:22.022+0300][9008][9208 ][info][gc,stats    ]    Subphase: Concurrent Roots JavaThreads                  0.000 / 0.000         3.243 / 5.503         3.243 / 5.503         3.243 / 5.503       ms
[2025-05-18T20:49:22.022+0300][9008][9208 ][info][gc,stats    ]    Subphase: Concurrent Roots OopStorageSet                0.000 / 0.000         0.051 / 0.093         0.051 / 0.093         0.051 / 0.093       ms
[2025-05-18T20:49:22.022+0300][9008][9208 ][info][gc,stats    ]    Subphase: Concurrent Weak Roots OopStorageSet           0.000 / 0.000         1.084 / 1.602         1.084 / 1.602         1.084 / 1.602       ms
[2025-05-18T20:49:22.022+0300][9008][9208 ][info][gc,stats    ]    Subphase: Pause Mark Try Complete                       0.000 / 0.000         0.000 / 0.000         0.000 / 0.000         0.000 / 0.000       ms
[2025-05-18T20:49:22.022+0300][9008][9208 ][info][gc,stats    ]      System: Java Threads                                      0 / 0                31 / 34               31 / 34               31 / 34          threads
[2025-05-18T20:49:22.022+0300][9008][9208 ][info][gc,stats    ] =========================================================================================================================================================
[2025-05-18T20:49:22.627+0300][9008][21940][info][gc,start    ] GC(4) Garbage Collection (Warmup)
[2025-05-18T20:49:22.627+0300][9008][21940][info][gc,task     ] GC(4) Using 2 workers
[2025-05-18T20:49:22.627+0300][9008][14992][info][gc,phases   ] GC(4) Pause Mark Start 0.013ms
[2025-05-18T20:49:22.690+0300][9008][21940][info][gc,phases   ] GC(4) Concurrent Mark 61.828ms
[2025-05-18T20:49:22.690+0300][9008][14992][info][gc,phases   ] GC(4) Pause Mark End 0.021ms
[2025-05-18T20:49:22.690+0300][9008][21940][info][gc,phases   ] GC(4) Concurrent Mark Free 0.002ms
[2025-05-18T20:49:22.713+0300][9008][21940][info][gc,phases   ] GC(4) Concurrent Process Non-Strong References 22.196ms
[2025-05-18T20:49:22.713+0300][9008][21940][info][gc,phases   ] GC(4) Concurrent Reset Relocation Set 0.017ms
[2025-05-18T20:49:22.718+0300][9008][21940][info][gc,phases   ] GC(4) Concurrent Select Relocation Set 4.762ms
[2025-05-18T20:49:22.718+0300][9008][14992][info][gc,phases   ] GC(4) Pause Relocate Start 0.013ms
[2025-05-18T20:49:22.721+0300][9008][21940][info][gc,phases   ] GC(4) Concurrent Relocate 2.628ms
[2025-05-18T20:49:22.721+0300][9008][21940][info][gc,load     ] GC(4) Load: 0.00/0.00/0.00
[2025-05-18T20:49:22.721+0300][9008][21940][info][gc,mmu      ] GC(4) MMU: 2ms/97.9%, 5ms/99.2%, 10ms/99.6%, 20ms/99.7%, 50ms/99.9%, 100ms/99.9%
[2025-05-18T20:49:22.721+0300][9008][21940][info][gc,marking  ] GC(4) Mark: 2 stripe(s), 2 proactive flush(es), 1 terminate flush(es), 0 completion(s), 0 continuation(s) 
[2025-05-18T20:49:22.721+0300][9008][21940][info][gc,marking  ] GC(4) Mark Stack Usage: 32M
[2025-05-18T20:49:22.721+0300][9008][21940][info][gc,nmethod  ] GC(4) NMethods: 8045 registered, 1493 unregistered
[2025-05-18T20:49:22.721+0300][9008][21940][info][gc,metaspace] GC(4) Metaspace: 33M used, 34M committed, 1088M reserved
[2025-05-18T20:49:22.721+0300][9008][21940][info][gc,ref      ] GC(4) Soft: 4638 encountered, 0 discovered, 0 enqueued
[2025-05-18T20:49:22.721+0300][9008][21940][info][gc,ref      ] GC(4) Weak: 3370 encountered, 234 discovered, 0 enqueued
[2025-05-18T20:49:22.721+0300][9008][21940][info][gc,ref      ] GC(4) Final: 3 encountered, 1 discovered, 0 enqueued
[2025-05-18T20:49:22.721+0300][9008][21940][info][gc,ref      ] GC(4) Phantom: 278 encountered, 200 discovered, 0 enqueued
[2025-05-18T20:49:22.721+0300][9008][21940][info][gc,reloc    ] GC(4) Small Pages: 599 / 1198M, Empty: 988M, Relocated: 1M, In-Place: 0
[2025-05-18T20:49:22.721+0300][9008][21940][info][gc,reloc    ] GC(4) Medium Pages: 1 / 32M, Empty: 0M, Relocated: 0M, In-Place: 0
[2025-05-18T20:49:22.721+0300][9008][21940][info][gc,reloc    ] GC(4) Large Pages: 0 / 0M, Empty: 0M, Relocated: 0M, In-Place: 0
[2025-05-18T20:49:22.721+0300][9008][21940][info][gc,reloc    ] GC(4) Forwarding Usage: 0M
[2025-05-18T20:49:22.722+0300][9008][21940][info][gc,heap     ] GC(4) Min Capacity: 4096M(100%)
[2025-05-18T20:49:22.722+0300][9008][21940][info][gc,heap     ] GC(4) Max Capacity: 4096M(100%)
[2025-05-18T20:49:22.722+0300][9008][21940][info][gc,heap     ] GC(4) Soft Max Capacity: 4096M(100%)
[2025-05-18T20:49:22.722+0300][9008][21940][info][gc,heap     ] GC(4)                Mark Start          Mark End        Relocate Start      Relocate End           High               Low         
[2025-05-18T20:49:22.722+0300][9008][21940][info][gc,heap     ] GC(4)  Capacity:     4096M (100%)       4096M (100%)       4096M (100%)       4096M (100%)       4096M (100%)       4096M (100%)   
[2025-05-18T20:49:22.722+0300][9008][21940][info][gc,heap     ] GC(4)      Free:     2866M (70%)        2850M (70%)        3838M (94%)        4026M (98%)        4026M (98%)        2850M (70%)    
[2025-05-18T20:49:22.722+0300][9008][21940][info][gc,heap     ] GC(4)      Used:     1230M (30%)        1246M (30%)         258M (6%)           70M (2%)         1246M (30%)          70M (2%)     
[2025-05-18T20:49:22.722+0300][9008][21940][info][gc,heap     ] GC(4)      Live:         -                18M (0%)           18M (0%)           18M (0%)             -                  -          
[2025-05-18T20:49:22.722+0300][9008][21940][info][gc,heap     ] GC(4) Allocated:         -                16M (0%)           16M (0%)           16M (0%)             -                  -          
[2025-05-18T20:49:22.722+0300][9008][21940][info][gc,heap     ] GC(4)   Garbage:         -              1211M (30%)         223M (5%)           35M (1%)             -                  -          
[2025-05-18T20:49:22.722+0300][9008][21940][info][gc,heap     ] GC(4) Reclaimed:         -                  -               988M (24%)        1176M (29%)            -                  -          
[2025-05-18T20:49:22.722+0300][9008][21940][info][gc          ] GC(4) Garbage Collection (Warmup) 1230M(30%)->70M(2%)
[2025-05-18T20:49:32.022+0300][9008][9208 ][info][gc,stats    ] === Garbage Collection Statistics =======================================================================================================================
[2025-05-18T20:49:32.022+0300][9008][9208 ][info][gc,stats    ]                                                              Last 10s              Last 10m              Last 10h                Total
[2025-05-18T20:49:32.022+0300][9008][9208 ][info][gc,stats    ]                                                              Avg / Max             Avg / Max             Avg / Max             Avg / Max
[2025-05-18T20:49:32.022+0300][9008][9208 ][info][gc,stats    ]   Collector: Garbage Collection Cycle                     93.302 / 93.302       73.884 / 95.839       73.884 / 95.839       73.884 / 95.839      ms
[2025-05-18T20:49:32.023+0300][9008][9208 ][info][gc,stats    ]  Contention: Mark Segment Reset Contention                     0 / 0                 0 / 0                 0 / 0                 0 / 0           ops/s
[2025-05-18T20:49:32.023+0300][9008][9208 ][info][gc,stats    ]  Contention: Mark SeqNum Reset Contention                      0 / 0                 0 / 1                 0 / 1                 0 / 1           ops/s
[2025-05-18T20:49:32.023+0300][9008][9208 ][info][gc,stats    ]    Critical: Allocation Stall                                  0 / 0                 0 / 0                 0 / 0                 0 / 0           ops/s
[2025-05-18T20:49:32.023+0300][9008][9208 ][info][gc,stats    ]    Critical: Allocation Stall                              0.000 / 0.000         0.000 / 0.000         0.000 / 0.000         0.000 / 0.000       ms
[2025-05-18T20:49:32.023+0300][9008][9208 ][info][gc,stats    ]    Critical: GC Locker Stall                                   0 / 0                 0 / 0                 0 / 0                 0 / 0           ops/s
[2025-05-18T20:49:32.023+0300][9008][9208 ][info][gc,stats    ]    Critical: GC Locker Stall                               0.000 / 0.000         0.000 / 0.000         0.000 / 0.000         0.000 / 0.000       ms
[2025-05-18T20:49:32.023+0300][9008][9208 ][info][gc,stats    ]    Critical: Relocation Stall                                  0 / 0                 0 / 0                 0 / 0                 0 / 0           ops/s
[2025-05-18T20:49:32.023+0300][9008][9208 ][info][gc,stats    ]    Critical: Relocation Stall                              0.000 / 0.000         0.000 / 0.000         0.000 / 0.000         0.000 / 0.000       ms
[2025-05-18T20:49:32.023+0300][9008][9208 ][info][gc,stats    ]      Memory: Allocation Rate                                  33 / 40               37 / 142              37 / 142              37 / 142         MB/s
[2025-05-18T20:49:32.023+0300][9008][9208 ][info][gc,stats    ]      Memory: Defragment                                        0 / 0                 0 / 0                 0 / 0                 0 / 0           ops/s
[2025-05-18T20:49:32.023+0300][9008][9208 ][info][gc,stats    ]      Memory: Out Of Memory                                     0 / 0                 0 / 0                 0 / 0                 0 / 0           ops/s
[2025-05-18T20:49:32.023+0300][9008][9208 ][info][gc,stats    ]      Memory: Page Cache Flush                                  0 / 0                 0 / 0                 0 / 0                 0 / 0           MB/s
[2025-05-18T20:49:32.023+0300][9008][9208 ][info][gc,stats    ]      Memory: Page Cache Hit L1                                15 / 18               11 / 75               11 / 75               11 / 75          ops/s
[2025-05-18T20:49:32.023+0300][9008][9208 ][info][gc,stats    ]      Memory: Page Cache Hit L2                                 0 / 0                 0 / 0                 0 / 0                 0 / 0           ops/s
[2025-05-18T20:49:32.023+0300][9008][9208 ][info][gc,stats    ]      Memory: Page Cache Hit L3                                 1 / 17                7 / 42                7 / 42                7 / 42          ops/s
[2025-05-18T20:49:32.023+0300][9008][9208 ][info][gc,stats    ]      Memory: Page Cache Miss                                   0 / 0                 0 / 1                 0 / 1                 0 / 1           ops/s
[2025-05-18T20:49:32.023+0300][9008][9208 ][info][gc,stats    ]      Memory: Uncommit                                          0 / 0                 0 / 0                 0 / 0                 0 / 0           MB/s
[2025-05-18T20:49:32.023+0300][9008][9208 ][info][gc,stats    ]      Memory: Undo Object Allocation Failed                     0 / 0                 0 / 0                 0 / 0                 0 / 0           ops/s
[2025-05-18T20:49:32.023+0300][9008][9208 ][info][gc,stats    ]      Memory: Undo Object Allocation Succeeded                  0 / 0                 0 / 12                0 / 12                0 / 12          ops/s
[2025-05-18T20:49:32.023+0300][9008][9208 ][info][gc,stats    ]      Memory: Undo Page Allocation                              0 / 0                 0 / 1                 0 / 1                 0 / 1           ops/s
[2025-05-18T20:49:32.023+0300][9008][9208 ][info][gc,stats    ]       Phase: Concurrent Mark                              61.828 / 61.828       48.260 / 61.828       48.260 / 61.828       48.260 / 61.828      ms
[2025-05-18T20:49:32.023+0300][9008][9208 ][info][gc,stats    ]       Phase: Concurrent Mark Continue                      0.000 / 0.000         0.000 / 0.000         0.000 / 0.000         0.000 / 0.000       ms
[2025-05-18T20:49:32.023+0300][9008][9208 ][info][gc,stats    ]       Phase: Concurrent Mark Free                          0.002 / 0.002         0.001 / 0.002         0.001 / 0.002         0.001 / 0.002       ms
[2025-05-18T20:49:32.024+0300][9008][9208 ][info][gc,stats    ]       Phase: Concurrent Process Non-Strong References     22.196 / 22.196       16.267 / 25.052       16.267 / 25.052       16.267 / 25.052      ms
[2025-05-18T20:49:32.024+0300][9008][9208 ][info][gc,stats    ]       Phase: Concurrent Relocate                           2.628 / 2.628         3.903 / 6.830         3.903 / 6.830         3.903 / 6.830       ms
[2025-05-18T20:49:32.024+0300][9008][9208 ][info][gc,stats    ]       Phase: Concurrent Reset Relocation Set               0.017 / 0.017         0.013 / 0.033         0.013 / 0.033         0.013 / 0.033       ms
[2025-05-18T20:49:32.024+0300][9008][9208 ][info][gc,stats    ]       Phase: Concurrent Select Relocation Set              4.762 / 4.762         3.855 / 5.621         3.855 / 5.621         3.855 / 5.621       ms
[2025-05-18T20:49:32.024+0300][9008][9208 ][info][gc,stats    ]       Phase: Pause Mark End                                0.021 / 0.021         0.024 / 0.042         0.024 / 0.042         0.024 / 0.042       ms
[2025-05-18T20:49:32.024+0300][9008][9208 ][info][gc,stats    ]       Phase: Pause Mark Start                              0.013 / 0.013         0.010 / 0.014         0.010 / 0.014         0.010 / 0.014       ms
[2025-05-18T20:49:32.024+0300][9008][9208 ][info][gc,stats    ]       Phase: Pause Relocate Start                          0.013 / 0.013         0.013 / 0.024         0.013 / 0.024         0.013 / 0.024       ms
[2025-05-18T20:49:32.024+0300][9008][9208 ][info][gc,stats    ]    Subphase: Concurrent Classes Purge                      0.670 / 0.670         1.049 / 1.967         1.049 / 1.967         1.049 / 1.967       ms
[2025-05-18T20:49:32.024+0300][9008][9208 ][info][gc,stats    ]    Subphase: Concurrent Classes Unlink                    19.392 / 19.392       13.588 / 21.925       13.588 / 21.925       13.588 / 21.925      ms
[2025-05-18T20:49:32.024+0300][9008][9208 ][info][gc,stats    ]    Subphase: Concurrent Mark                              53.636 / 59.347       40.807 / 59.347       40.807 / 59.347       40.807 / 59.347      ms
[2025-05-18T20:49:32.024+0300][9008][9208 ][info][gc,stats    ]    Subphase: Concurrent Mark Try Flush                     0.105 / 0.198         0.202 / 1.122         0.202 / 1.122         0.202 / 1.122       ms
[2025-05-18T20:49:32.025+0300][9008][9208 ][info][gc,stats    ]    Subphase: Concurrent Mark Try Terminate                 4.032 / 12.044        3.075 / 14.365        3.075 / 14.365        3.075 / 14.365      ms
[2025-05-18T20:49:32.025+0300][9008][9208 ][info][gc,stats    ]    Subphase: Concurrent References Enqueue                 0.001 / 0.001         0.007 / 0.012         0.007 / 0.012         0.007 / 0.012       ms
[2025-05-18T20:49:32.025+0300][9008][9208 ][info][gc,stats    ]    Subphase: Concurrent References Process                 0.107 / 0.107         0.196 / 0.325         0.196 / 0.325         0.196 / 0.325       ms
[2025-05-18T20:49:32.025+0300][9008][9208 ][info][gc,stats    ]    Subphase: Concurrent Roots ClassLoaderDataGraph         0.420 / 0.802         0.264 / 0.802         0.264 / 0.802         0.264 / 0.802       ms
[2025-05-18T20:49:32.025+0300][9008][9208 ][info][gc,stats    ]    Subphase: Concurrent Roots CodeCache                    0.000 / 0.000         0.000 / 0.000         0.000 / 0.000         0.000 / 0.000       ms
[2025-05-18T20:49:32.025+0300][9008][9208 ][info][gc,stats    ]    Subphase: Concurrent Roots JavaThreads                  1.691 / 2.013         2.933 / 5.503         2.933 / 5.503         2.933 / 5.503       ms
[2025-05-18T20:49:32.025+0300][9008][9208 ][info][gc,stats    ]    Subphase: Concurrent Roots OopStorageSet                0.062 / 0.088         0.054 / 0.093         0.054 / 0.093         0.054 / 0.093       ms
[2025-05-18T20:49:32.025+0300][9008][9208 ][info][gc,stats    ]    Subphase: Concurrent Weak Roots OopStorageSet           1.773 / 1.782         1.222 / 1.782         1.222 / 1.782         1.222 / 1.782       ms
[2025-05-18T20:49:32.025+0300][9008][9208 ][info][gc,stats    ]    Subphase: Pause Mark Try Complete                       0.000 / 0.000         0.000 / 0.000         0.000 / 0.000         0.000 / 0.000       ms
[2025-05-18T20:49:32.025+0300][9008][9208 ][info][gc,stats    ]      System: Java Threads                                     32 / 32               31 / 34               31 / 34               31 / 34          threads
[2025-05-18T20:49:32.025+0300][9008][9208 ][info][gc,stats    ] =========================================================================================================================================================
[2025-05-18T20:49:35.329+0300][9008][21940][info][gc,start    ] GC(5) Garbage Collection (Proactive)
[2025-05-18T20:49:35.329+0300][9008][21940][info][gc,task     ] GC(5) Using 2 workers
[2025-05-18T20:49:35.329+0300][9008][14992][info][gc,phases   ] GC(5) Pause Mark Start 0.011ms
[2025-05-18T20:49:35.392+0300][9008][21940][info][gc,phases   ] GC(5) Concurrent Mark 62.566ms
[2025-05-18T20:49:35.392+0300][9008][14992][info][gc,phases   ] GC(5) Pause Mark End 0.036ms
[2025-05-18T20:49:35.392+0300][9008][21940][info][gc,phases   ] GC(5) Concurrent Mark Free 0.002ms
[2025-05-18T20:49:35.415+0300][9008][21940][info][gc,phases   ] GC(5) Concurrent Process Non-Strong References 21.998ms
[2025-05-18T20:49:35.415+0300][9008][21940][info][gc,phases   ] GC(5) Concurrent Reset Relocation Set 0.008ms
[2025-05-18T20:49:35.418+0300][9008][21940][info][gc,phases   ] GC(5) Concurrent Select Relocation Set 2.901ms
[2025-05-18T20:49:35.418+0300][9008][14992][info][gc,phases   ] GC(5) Pause Relocate Start 0.015ms
[2025-05-18T20:49:35.422+0300][9008][21940][info][gc,phases   ] GC(5) Concurrent Relocate 3.478ms
[2025-05-18T20:49:35.422+0300][9008][21940][info][gc,load     ] GC(5) Load: 0.00/0.00/0.00
[2025-05-18T20:49:35.422+0300][9008][21940][info][gc,mmu      ] GC(5) MMU: 2ms/97.9%, 5ms/99.2%, 10ms/99.6%, 20ms/99.7%, 50ms/99.9%, 100ms/99.9%
[2025-05-18T20:49:35.422+0300][9008][21940][info][gc,marking  ] GC(5) Mark: 2 stripe(s), 2 proactive flush(es), 1 terminate flush(es), 0 completion(s), 0 continuation(s) 
[2025-05-18T20:49:35.422+0300][9008][21940][info][gc,marking  ] GC(5) Mark Stack Usage: 32M
[2025-05-18T20:49:35.422+0300][9008][21940][info][gc,nmethod  ] GC(5) NMethods: 8059 registered, 1538 unregistered
[2025-05-18T20:49:35.422+0300][9008][21940][info][gc,metaspace] GC(5) Metaspace: 33M used, 34M committed, 1088M reserved
[2025-05-18T20:49:35.422+0300][9008][21940][info][gc,ref      ] GC(5) Soft: 4638 encountered, 0 discovered, 0 enqueued
[2025-05-18T20:49:35.422+0300][9008][21940][info][gc,ref      ] GC(5) Weak: 3370 encountered, 191 discovered, 0 enqueued
[2025-05-18T20:49:35.422+0300][9008][21940][info][gc,ref      ] GC(5) Final: 3 encountered, 0 discovered, 0 enqueued
[2025-05-18T20:49:35.422+0300][9008][21940][info][gc,ref      ] GC(5) Phantom: 278 encountered, 171 discovered, 0 enqueued
[2025-05-18T20:49:35.422+0300][9008][21940][info][gc,reloc    ] GC(5) Small Pages: 225 / 450M, Empty: 328M, Relocated: 1M, In-Place: 0
[2025-05-18T20:49:35.422+0300][9008][21940][info][gc,reloc    ] GC(5) Medium Pages: 1 / 32M, Empty: 0M, Relocated: 0M, In-Place: 0
[2025-05-18T20:49:35.423+0300][9008][21940][info][gc,reloc    ] GC(5) Large Pages: 0 / 0M, Empty: 0M, Relocated: 0M, In-Place: 0
[2025-05-18T20:49:35.423+0300][9008][21940][info][gc,reloc    ] GC(5) Forwarding Usage: 0M
[2025-05-18T20:49:35.423+0300][9008][21940][info][gc,heap     ] GC(5) Min Capacity: 4096M(100%)
[2025-05-18T20:49:35.423+0300][9008][21940][info][gc,heap     ] GC(5) Max Capacity: 4096M(100%)
[2025-05-18T20:49:35.423+0300][9008][21940][info][gc,heap     ] GC(5) Soft Max Capacity: 4096M(100%)
[2025-05-18T20:49:35.423+0300][9008][21940][info][gc,heap     ] GC(5)                Mark Start          Mark End        Relocate Start      Relocate End           High               Low         
[2025-05-18T20:49:35.423+0300][9008][21940][info][gc,heap     ] GC(5)  Capacity:     4096M (100%)       4096M (100%)       4096M (100%)       4096M (100%)       4096M (100%)       4096M (100%)   
[2025-05-18T20:49:35.423+0300][9008][21940][info][gc,heap     ] GC(5)      Free:     3614M (88%)        3600M (88%)        3926M (96%)        4026M (98%)        4026M (98%)        3598M (88%)    
[2025-05-18T20:49:35.423+0300][9008][21940][info][gc,heap     ] GC(5)      Used:      482M (12%)         496M (12%)         170M (4%)           70M (2%)          498M (12%)          70M (2%)     
[2025-05-18T20:49:35.423+0300][9008][21940][info][gc,heap     ] GC(5)      Live:         -                18M (0%)           18M (0%)           18M (0%)             -                  -          
[2025-05-18T20:49:35.423+0300][9008][21940][info][gc,heap     ] GC(5) Allocated:         -                14M (0%)           16M (0%)           15M (0%)             -                  -          
[2025-05-18T20:49:35.423+0300][9008][21940][info][gc,heap     ] GC(5)   Garbage:         -               463M (11%)         135M (3%)           35M (1%)             -                  -          
[2025-05-18T20:49:35.423+0300][9008][21940][info][gc,heap     ] GC(5) Reclaimed:         -                  -               328M (8%)          427M (10%)            -                  -          
[2025-05-18T20:49:35.423+0300][9008][21940][info][gc          ] GC(5) Garbage Collection (Proactive) 482M(12%)->70M(2%)
[2025-05-18T20:49:42.028+0300][9008][9208 ][info][gc,stats    ] === Garbage Collection Statistics =======================================================================================================================
[2025-05-18T20:49:42.028+0300][9008][9208 ][info][gc,stats    ]                                                              Last 10s              Last 10m              Last 10h                Total
[2025-05-18T20:49:42.028+0300][9008][9208 ][info][gc,stats    ]                                                              Avg / Max             Avg / Max             Avg / Max             Avg / Max
[2025-05-18T20:49:42.028+0300][9008][9208 ][info][gc,stats    ]   Collector: Garbage Collection Cycle                     92.826 / 92.826       77.041 / 95.839       77.041 / 95.839       77.041 / 95.839      ms
[2025-05-18T20:49:42.028+0300][9008][9208 ][info][gc,stats    ]  Contention: Mark Segment Reset Contention                     0 / 0                 0 / 0                 0 / 0                 0 / 0           ops/s
[2025-05-18T20:49:42.028+0300][9008][9208 ][info][gc,stats    ]  Contention: Mark SeqNum Reset Contention                      0 / 0                 0 / 1                 0 / 1                 0 / 1           ops/s
[2025-05-18T20:49:42.028+0300][9008][9208 ][info][gc,stats    ]    Critical: Allocation Stall                                  0 / 0                 0 / 0                 0 / 0                 0 / 0           ops/s
[2025-05-18T20:49:42.028+0300][9008][9208 ][info][gc,stats    ]    Critical: Allocation Stall                              0.000 / 0.000         0.000 / 0.000         0.000 / 0.000         0.000 / 0.000       ms
[2025-05-18T20:49:42.028+0300][9008][9208 ][info][gc,stats    ]    Critical: GC Locker Stall                                   0 / 0                 0 / 0                 0 / 0                 0 / 0           ops/s
[2025-05-18T20:49:42.029+0300][9008][9208 ][info][gc,stats    ]    Critical: GC Locker Stall                               0.000 / 0.000         0.000 / 0.000         0.000 / 0.000         0.000 / 0.000       ms
[2025-05-18T20:49:42.029+0300][9008][9208 ][info][gc,stats    ]    Critical: Relocation Stall                                  0 / 0                 0 / 0                 0 / 0                 0 / 0           ops/s
[2025-05-18T20:49:42.029+0300][9008][9208 ][info][gc,stats    ]    Critical: Relocation Stall                              0.000 / 0.000         0.000 / 0.000         0.000 / 0.000         0.000 / 0.000       ms
[2025-05-18T20:49:42.029+0300][9008][9208 ][info][gc,stats    ]      Memory: Allocation Rate                                  33 / 40               36 / 142              36 / 142              36 / 142         MB/s
[2025-05-18T20:49:42.029+0300][9008][9208 ][info][gc,stats    ]      Memory: Defragment                                        0 / 0                 0 / 0                 0 / 0                 0 / 0           ops/s
[2025-05-18T20:49:42.029+0300][9008][9208 ][info][gc,stats    ]      Memory: Out Of Memory                                     0 / 0                 0 / 0                 0 / 0                 0 / 0           ops/s
[2025-05-18T20:49:42.029+0300][9008][9208 ][info][gc,stats    ]      Memory: Page Cache Flush                                  0 / 0                 0 / 0                 0 / 0                 0 / 0           MB/s
[2025-05-18T20:49:42.029+0300][9008][9208 ][info][gc,stats    ]      Memory: Page Cache Hit L1                                17 / 22               11 / 75               11 / 75               11 / 75          ops/s
[2025-05-18T20:49:42.029+0300][9008][9208 ][info][gc,stats    ]      Memory: Page Cache Hit L2                                 0 / 0                 0 / 0                 0 / 0                 0 / 0           ops/s
[2025-05-18T20:49:42.029+0300][9008][9208 ][info][gc,stats    ]      Memory: Page Cache Hit L3                                 0 / 0                 6 / 42                6 / 42                6 / 42          ops/s
[2025-05-18T20:49:42.029+0300][9008][9208 ][info][gc,stats    ]      Memory: Page Cache Miss                                   0 / 0                 0 / 1                 0 / 1                 0 / 1           ops/s
[2025-05-18T20:49:42.029+0300][9008][9208 ][info][gc,stats    ]      Memory: Uncommit                                          0 / 0                 0 / 0                 0 / 0                 0 / 0           MB/s
[2025-05-18T20:49:42.029+0300][9008][9208 ][info][gc,stats    ]      Memory: Undo Object Allocation Failed                     0 / 0                 0 / 0                 0 / 0                 0 / 0           ops/s
[2025-05-18T20:49:42.029+0300][9008][9208 ][info][gc,stats    ]      Memory: Undo Object Allocation Succeeded                  0 / 0                 0 / 12                0 / 12                0 / 12          ops/s
[2025-05-18T20:49:42.029+0300][9008][9208 ][info][gc,stats    ]      Memory: Undo Page Allocation                              0 / 0                 0 / 1                 0 / 1                 0 / 1           ops/s
[2025-05-18T20:49:42.029+0300][9008][9208 ][info][gc,stats    ]       Phase: Concurrent Mark                              62.566 / 62.566       50.644 / 62.566       50.644 / 62.566       50.644 / 62.566      ms
[2025-05-18T20:49:42.029+0300][9008][9208 ][info][gc,stats    ]       Phase: Concurrent Mark Continue                      0.000 / 0.000         0.000 / 0.000         0.000 / 0.000         0.000 / 0.000       ms
[2025-05-18T20:49:42.029+0300][9008][9208 ][info][gc,stats    ]       Phase: Concurrent Mark Free                          0.002 / 0.002         0.001 / 0.002         0.001 / 0.002         0.001 / 0.002       ms
[2025-05-18T20:49:42.029+0300][9008][9208 ][info][gc,stats    ]       Phase: Concurrent Process Non-Strong References     21.998 / 21.998       17.223 / 25.052       17.223 / 25.052       17.223 / 25.052      ms
[2025-05-18T20:49:42.029+0300][9008][9208 ][info][gc,stats    ]       Phase: Concurrent Relocate                           3.478 / 3.478         3.832 / 6.830         3.832 / 6.830         3.832 / 6.830       ms
[2025-05-18T20:49:42.029+0300][9008][9208 ][info][gc,stats    ]       Phase: Concurrent Reset Relocation Set               0.008 / 0.008         0.012 / 0.033         0.012 / 0.033         0.012 / 0.033       ms
[2025-05-18T20:49:42.029+0300][9008][9208 ][info][gc,stats    ]       Phase: Concurrent Select Relocation Set              2.901 / 2.901         3.696 / 5.621         3.696 / 5.621         3.696 / 5.621       ms
[2025-05-18T20:49:42.029+0300][9008][9208 ][info][gc,stats    ]       Phase: Pause Mark End                                0.036 / 0.036         0.026 / 0.042         0.026 / 0.042         0.026 / 0.042       ms
[2025-05-18T20:49:42.029+0300][9008][9208 ][info][gc,stats    ]       Phase: Pause Mark Start                              0.011 / 0.011         0.010 / 0.014         0.010 / 0.014         0.010 / 0.014       ms
[2025-05-18T20:49:42.029+0300][9008][9208 ][info][gc,stats    ]       Phase: Pause Relocate Start                          0.015 / 0.015         0.013 / 0.024         0.013 / 0.024         0.013 / 0.024       ms
[2025-05-18T20:49:42.029+0300][9008][9208 ][info][gc,stats    ]    Subphase: Concurrent Classes Purge                      0.321 / 0.321         0.928 / 1.967         0.928 / 1.967         0.928 / 1.967       ms
[2025-05-18T20:49:42.030+0300][9008][9208 ][info][gc,stats    ]    Subphase: Concurrent Classes Unlink                    19.750 / 19.750       14.615 / 21.925       14.615 / 21.925       14.615 / 21.925      ms
[2025-05-18T20:49:42.030+0300][9008][9208 ][info][gc,stats    ]    Subphase: Concurrent Mark                              54.737 / 59.540       43.129 / 59.540       43.129 / 59.540       43.129 / 59.540      ms
[2025-05-18T20:49:42.030+0300][9008][9208 ][info][gc,stats    ]    Subphase: Concurrent Mark Try Flush                     0.131 / 0.201         0.190 / 1.122         0.190 / 1.122         0.190 / 1.122       ms
[2025-05-18T20:49:42.030+0300][9008][9208 ][info][gc,stats    ]    Subphase: Concurrent Mark Try Terminate                 4.879 / 14.550        3.376 / 14.550        3.376 / 14.550        3.376 / 14.550      ms
[2025-05-18T20:49:42.030+0300][9008][9208 ][info][gc,stats    ]    Subphase: Concurrent References Enqueue                 0.001 / 0.001         0.006 / 0.012         0.006 / 0.012         0.006 / 0.012       ms
[2025-05-18T20:49:42.030+0300][9008][9208 ][info][gc,stats    ]    Subphase: Concurrent References Process                 0.096 / 0.096         0.179 / 0.325         0.179 / 0.325         0.179 / 0.325       ms
[2025-05-18T20:49:42.030+0300][9008][9208 ][info][gc,stats    ]    Subphase: Concurrent Roots ClassLoaderDataGraph         0.331 / 0.619         0.275 / 0.802         0.275 / 0.802         0.275 / 0.802       ms
[2025-05-18T20:49:42.030+0300][9008][9208 ][info][gc,stats    ]    Subphase: Concurrent Roots CodeCache                    0.000 / 0.000         0.000 / 0.000         0.000 / 0.000         0.000 / 0.000       ms
[2025-05-18T20:49:42.030+0300][9008][9208 ][info][gc,stats    ]    Subphase: Concurrent Roots JavaThreads                  2.504 / 2.798         2.861 / 5.503         2.861 / 5.503         2.861 / 5.503       ms
[2025-05-18T20:49:42.030+0300][9008][9208 ][info][gc,stats    ]    Subphase: Concurrent Roots OopStorageSet                0.045 / 0.060         0.052 / 0.093         0.052 / 0.093         0.052 / 0.093       ms
[2025-05-18T20:49:42.030+0300][9008][9208 ][info][gc,stats    ]    Subphase: Concurrent Weak Roots OopStorageSet           1.372 / 1.374         1.247 / 1.782         1.247 / 1.782         1.247 / 1.782       ms
[2025-05-18T20:49:42.030+0300][9008][9208 ][info][gc,stats    ]    Subphase: Pause Mark Try Complete                       0.000 / 0.000         0.000 / 0.000         0.000 / 0.000         0.000 / 0.000       ms
[2025-05-18T20:49:42.030+0300][9008][9208 ][info][gc,stats    ]      System: Java Threads                                     32 / 32               31 / 34               31 / 34               31 / 34          threads
[2025-05-18T20:49:42.030+0300][9008][9208 ][info][gc,stats    ] =========================================================================================================================================================
[2025-05-18T20:49:47.929+0300][9008][21940][info][gc,start    ] GC(6) Garbage Collection (Proactive)
[2025-05-18T20:49:47.929+0300][9008][21940][info][gc,task     ] GC(6) Using 2 workers
[2025-05-18T20:49:47.929+0300][9008][14992][info][gc,phases   ] GC(6) Pause Mark Start 0.016ms
[2025-05-18T20:49:47.975+0300][9008][21940][info][gc,phases   ] GC(6) Concurrent Mark 45.360ms
[2025-05-18T20:49:47.975+0300][9008][14992][info][gc,phases   ] GC(6) Pause Mark End 0.033ms
[2025-05-18T20:49:47.975+0300][9008][21940][info][gc,phases   ] GC(6) Concurrent Mark Free 0.001ms
[2025-05-18T20:49:47.996+0300][9008][21940][info][gc,phases   ] GC(6) Concurrent Process Non-Strong References 21.059ms
[2025-05-18T20:49:47.996+0300][9008][21940][info][gc,phases   ] GC(6) Concurrent Reset Relocation Set 0.003ms
[2025-05-18T20:49:47.999+0300][9008][21940][info][gc,phases   ] GC(6) Concurrent Select Relocation Set 2.600ms
[2025-05-18T20:49:47.999+0300][9008][14992][info][gc,phases   ] GC(6) Pause Relocate Start 0.012ms
[2025-05-18T20:49:48.002+0300][9008][21940][info][gc,phases   ] GC(6) Concurrent Relocate 2.382ms
[2025-05-18T20:49:48.002+0300][9008][21940][info][gc,load     ] GC(6) Load: 0.00/0.00/0.00
[2025-05-18T20:49:48.002+0300][9008][21940][info][gc,mmu      ] GC(6) MMU: 2ms/97.9%, 5ms/99.2%, 10ms/99.6%, 20ms/99.7%, 50ms/99.9%, 100ms/99.9%
[2025-05-18T20:49:48.002+0300][9008][21940][info][gc,marking  ] GC(6) Mark: 2 stripe(s), 2 proactive flush(es), 1 terminate flush(es), 0 completion(s), 0 continuation(s) 
[2025-05-18T20:49:48.002+0300][9008][21940][info][gc,marking  ] GC(6) Mark Stack Usage: 32M
[2025-05-18T20:49:48.002+0300][9008][21940][info][gc,nmethod  ] GC(6) NMethods: 7315 registered, 2359 unregistered
[2025-05-18T20:49:48.002+0300][9008][21940][info][gc,metaspace] GC(6) Metaspace: 33M used, 34M committed, 1088M reserved
[2025-05-18T20:49:48.002+0300][9008][21940][info][gc,ref      ] GC(6) Soft: 4638 encountered, 0 discovered, 0 enqueued
[2025-05-18T20:49:48.002+0300][9008][21940][info][gc,ref      ] GC(6) Weak: 3374 encountered, 529 discovered, 2 enqueued
[2025-05-18T20:49:48.002+0300][9008][21940][info][gc,ref      ] GC(6) Final: 3 encountered, 0 discovered, 0 enqueued
[2025-05-18T20:49:48.002+0300][9008][21940][info][gc,ref      ] GC(6) Phantom: 278 encountered, 171 discovered, 0 enqueued
[2025-05-18T20:49:48.002+0300][9008][21940][info][gc,reloc    ] GC(6) Small Pages: 224 / 448M, Empty: 312M, Relocated: 1M, In-Place: 0
[2025-05-18T20:49:48.002+0300][9008][21940][info][gc,reloc    ] GC(6) Medium Pages: 1 / 32M, Empty: 0M, Relocated: 0M, In-Place: 0
[2025-05-18T20:49:48.002+0300][9008][21940][info][gc,reloc    ] GC(6) Large Pages: 0 / 0M, Empty: 0M, Relocated: 0M, In-Place: 0
[2025-05-18T20:49:48.002+0300][9008][21940][info][gc,reloc    ] GC(6) Forwarding Usage: 0M
[2025-05-18T20:49:48.002+0300][9008][21940][info][gc,heap     ] GC(6) Min Capacity: 4096M(100%)
[2025-05-18T20:49:48.002+0300][9008][21940][info][gc,heap     ] GC(6) Max Capacity: 4096M(100%)
[2025-05-18T20:49:48.002+0300][9008][21940][info][gc,heap     ] GC(6) Soft Max Capacity: 4096M(100%)
[2025-05-18T20:49:48.002+0300][9008][21940][info][gc,heap     ] GC(6)                Mark Start          Mark End        Relocate Start      Relocate End           High               Low         
[2025-05-18T20:49:48.002+0300][9008][21940][info][gc,heap     ] GC(6)  Capacity:     4096M (100%)       4096M (100%)       4096M (100%)       4096M (100%)       4096M (100%)       4096M (100%)   
[2025-05-18T20:49:48.002+0300][9008][21940][info][gc,heap     ] GC(6)      Free:     3616M (88%)        3600M (88%)        3912M (96%)        4026M (98%)        4026M (98%)        3600M (88%)    
[2025-05-18T20:49:48.002+0300][9008][21940][info][gc,heap     ] GC(6)      Used:      480M (12%)         496M (12%)         184M (4%)           70M (2%)          496M (12%)          70M (2%)     
[2025-05-18T20:49:48.002+0300][9008][21940][info][gc,heap     ] GC(6)      Live:         -                18M (0%)           18M (0%)           18M (0%)             -                  -          
[2025-05-18T20:49:48.002+0300][9008][21940][info][gc,heap     ] GC(6) Allocated:         -                16M (0%)           16M (0%)           16M (0%)             -                  -          
[2025-05-18T20:49:48.002+0300][9008][21940][info][gc,heap     ] GC(6)   Garbage:         -               461M (11%)         149M (4%)           35M (1%)             -                  -          
[2025-05-18T20:49:48.002+0300][9008][21940][info][gc,heap     ] GC(6) Reclaimed:         -                  -               312M (8%)          426M (10%)            -                  -          
[2025-05-18T20:49:48.003+0300][9008][21940][info][gc          ] GC(6) Garbage Collection (Proactive) 480M(12%)->70M(2%)
[2025-05-18T20:49:52.030+0300][9008][9208 ][info][gc,stats    ] === Garbage Collection Statistics =======================================================================================================================
[2025-05-18T20:49:52.030+0300][9008][9208 ][info][gc,stats    ]                                                              Last 10s              Last 10m              Last 10h                Total
[2025-05-18T20:49:52.030+0300][9008][9208 ][info][gc,stats    ]                                                              Avg / Max             Avg / Max             Avg / Max             Avg / Max
[2025-05-18T20:49:52.030+0300][9008][9208 ][info][gc,stats    ]   Collector: Garbage Collection Cycle                     73.091 / 73.091       76.477 / 95.839       76.477 / 95.839       76.477 / 95.839      ms
[2025-05-18T20:49:52.030+0300][9008][9208 ][info][gc,stats    ]  Contention: Mark Segment Reset Contention                     0 / 0                 0 / 0                 0 / 0                 0 / 0           ops/s
[2025-05-18T20:49:52.030+0300][9008][9208 ][info][gc,stats    ]  Contention: Mark SeqNum Reset Contention                      0 / 0                 0 / 1                 0 / 1                 0 / 1           ops/s
[2025-05-18T20:49:52.030+0300][9008][9208 ][info][gc,stats    ]    Critical: Allocation Stall                                  0 / 0                 0 / 0                 0 / 0                 0 / 0           ops/s
[2025-05-18T20:49:52.030+0300][9008][9208 ][info][gc,stats    ]    Critical: Allocation Stall                              0.000 / 0.000         0.000 / 0.000         0.000 / 0.000         0.000 / 0.000       ms
[2025-05-18T20:49:52.030+0300][9008][9208 ][info][gc,stats    ]    Critical: GC Locker Stall                                   0 / 0                 0 / 0                 0 / 0                 0 / 0           ops/s
[2025-05-18T20:49:52.030+0300][9008][9208 ][info][gc,stats    ]    Critical: GC Locker Stall                               0.000 / 0.000         0.000 / 0.000         0.000 / 0.000         0.000 / 0.000       ms
[2025-05-18T20:49:52.030+0300][9008][9208 ][info][gc,stats    ]    Critical: Relocation Stall                                  0 / 0                 0 / 0                 0 / 0                 0 / 0           ops/s
[2025-05-18T20:49:52.030+0300][9008][9208 ][info][gc,stats    ]    Critical: Relocation Stall                              0.000 / 0.000         0.000 / 0.000         0.000 / 0.000         0.000 / 0.000       ms
[2025-05-18T20:49:52.031+0300][9008][9208 ][info][gc,stats    ]      Memory: Allocation Rate                                  33 / 48               36 / 142              36 / 142              36 / 142         MB/s
[2025-05-18T20:49:52.031+0300][9008][9208 ][info][gc,stats    ]      Memory: Defragment                                        0 / 0                 0 / 0                 0 / 0                 0 / 0           ops/s
[2025-05-18T20:49:52.031+0300][9008][9208 ][info][gc,stats    ]      Memory: Out Of Memory                                     0 / 0                 0 / 0                 0 / 0                 0 / 0           ops/s
[2025-05-18T20:49:52.031+0300][9008][9208 ][info][gc,stats    ]      Memory: Page Cache Flush                                  0 / 0                 0 / 0                 0 / 0                 0 / 0           MB/s
[2025-05-18T20:49:52.031+0300][9008][9208 ][info][gc,stats    ]      Memory: Page Cache Hit L1                                17 / 26               12 / 75               12 / 75               12 / 75          ops/s
[2025-05-18T20:49:52.031+0300][9008][9208 ][info][gc,stats    ]      Memory: Page Cache Hit L2                                 0 / 0                 0 / 0                 0 / 0                 0 / 0           ops/s
[2025-05-18T20:49:52.031+0300][9008][9208 ][info][gc,stats    ]      Memory: Page Cache Hit L3                                 0 / 0                 6 / 42                6 / 42                6 / 42          ops/s
[2025-05-18T20:49:52.031+0300][9008][9208 ][info][gc,stats    ]      Memory: Page Cache Miss                                   0 / 0                 0 / 1                 0 / 1                 0 / 1           ops/s
[2025-05-18T20:49:52.031+0300][9008][9208 ][info][gc,stats    ]      Memory: Uncommit                                          0 / 0                 0 / 0                 0 / 0                 0 / 0           MB/s
[2025-05-18T20:49:52.031+0300][9008][9208 ][info][gc,stats    ]      Memory: Undo Object Allocation Failed                     0 / 0                 0 / 0                 0 / 0                 0 / 0           ops/s
[2025-05-18T20:49:52.031+0300][9008][9208 ][info][gc,stats    ]      Memory: Undo Object Allocation Succeeded                  0 / 0                 0 / 12                0 / 12                0 / 12          ops/s
[2025-05-18T20:49:52.031+0300][9008][9208 ][info][gc,stats    ]      Memory: Undo Page Allocation                              0 / 0                 0 / 1                 0 / 1                 0 / 1           ops/s
[2025-05-18T20:49:52.031+0300][9008][9208 ][info][gc,stats    ]       Phase: Concurrent Mark                              45.360 / 45.360       49.889 / 62.566       49.889 / 62.566       49.889 / 62.566      ms
[2025-05-18T20:49:52.031+0300][9008][9208 ][info][gc,stats    ]       Phase: Concurrent Mark Continue                      0.000 / 0.000         0.000 / 0.000         0.000 / 0.000         0.000 / 0.000       ms
[2025-05-18T20:49:52.031+0300][9008][9208 ][info][gc,stats    ]       Phase: Concurrent Mark Free                          0.001 / 0.001         0.001 / 0.002         0.001 / 0.002         0.001 / 0.002       ms
[2025-05-18T20:49:52.031+0300][9008][9208 ][info][gc,stats    ]       Phase: Concurrent Process Non-Strong References     21.059 / 21.059       17.771 / 25.052       17.771 / 25.052       17.771 / 25.052      ms
[2025-05-18T20:49:52.031+0300][9008][9208 ][info][gc,stats    ]       Phase: Concurrent Relocate                           2.382 / 2.382         3.625 / 6.830         3.625 / 6.830         3.625 / 6.830       ms
[2025-05-18T20:49:52.031+0300][9008][9208 ][info][gc,stats    ]       Phase: Concurrent Reset Relocation Set               0.003 / 0.003         0.011 / 0.033         0.011 / 0.033         0.011 / 0.033       ms
[2025-05-18T20:49:52.031+0300][9008][9208 ][info][gc,stats    ]       Phase: Concurrent Select Relocation Set              2.600 / 2.600         3.539 / 5.621         3.539 / 5.621         3.539 / 5.621       ms
[2025-05-18T20:49:52.031+0300][9008][9208 ][info][gc,stats    ]       Phase: Pause Mark End                                0.033 / 0.033         0.027 / 0.042         0.027 / 0.042         0.027 / 0.042       ms
[2025-05-18T20:49:52.031+0300][9008][9208 ][info][gc,stats    ]       Phase: Pause Mark Start                              0.016 / 0.016         0.011 / 0.016         0.011 / 0.016         0.011 / 0.016       ms
[2025-05-18T20:49:52.031+0300][9008][9208 ][info][gc,stats    ]       Phase: Pause Relocate Start                          0.012 / 0.012         0.013 / 0.024         0.013 / 0.024         0.013 / 0.024       ms
[2025-05-18T20:49:52.031+0300][9008][9208 ][info][gc,stats    ]    Subphase: Concurrent Classes Purge                      2.143 / 2.143         1.101 / 2.143         1.101 / 2.143         1.101 / 2.143       ms
[2025-05-18T20:49:52.031+0300][9008][9208 ][info][gc,stats    ]    Subphase: Concurrent Classes Unlink                    16.814 / 16.814       14.929 / 21.925       14.929 / 21.925       14.929 / 21.925      ms
[2025-05-18T20:49:52.031+0300][9008][9208 ][info][gc,stats    ]    Subphase: Concurrent Mark                              41.678 / 42.733       42.922 / 59.540       42.922 / 59.540       42.922 / 59.540      ms
[2025-05-18T20:49:52.031+0300][9008][9208 ][info][gc,stats    ]    Subphase: Concurrent Mark Try Flush                     0.110 / 0.173         0.178 / 1.122         0.178 / 1.122         0.178 / 1.122       ms
[2025-05-18T20:49:52.031+0300][9008][9208 ][info][gc,stats    ]    Subphase: Concurrent Mark Try Terminate                 1.001 / 2.924         3.036 / 14.550        3.036 / 14.550        3.036 / 14.550      ms
[2025-05-18T20:49:52.031+0300][9008][9208 ][info][gc,stats    ]    Subphase: Concurrent References Enqueue                 0.014 / 0.014         0.007 / 0.014         0.007 / 0.014         0.007 / 0.014       ms
[2025-05-18T20:49:52.033+0300][9008][9208 ][info][gc,stats    ]    Subphase: Concurrent References Process                 0.103 / 0.103         0.168 / 0.325         0.168 / 0.325         0.168 / 0.325       ms
[2025-05-18T20:49:52.033+0300][9008][9208 ][info][gc,stats    ]    Subphase: Concurrent Roots ClassLoaderDataGraph         0.368 / 0.686         0.288 / 0.802         0.288 / 0.802         0.288 / 0.802       ms
[2025-05-18T20:49:52.033+0300][9008][9208 ][info][gc,stats    ]    Subphase: Concurrent Roots CodeCache                    0.000 / 0.000         0.000 / 0.000         0.000 / 0.000         0.000 / 0.000       ms
[2025-05-18T20:49:52.033+0300][9008][9208 ][info][gc,stats    ]    Subphase: Concurrent Roots JavaThreads                  2.032 / 2.349         2.743 / 5.503         2.743 / 5.503         2.743 / 5.503       ms
[2025-05-18T20:49:52.033+0300][9008][9208 ][info][gc,stats    ]    Subphase: Concurrent Roots OopStorageSet                0.039 / 0.049         0.050 / 0.093         0.050 / 0.093         0.050 / 0.093       ms
[2025-05-18T20:49:52.033+0300][9008][9208 ][info][gc,stats    ]    Subphase: Concurrent Weak Roots OopStorageSet           1.605 / 1.618         1.298 / 1.782         1.298 / 1.782         1.298 / 1.782       ms
[2025-05-18T20:49:52.033+0300][9008][9208 ][info][gc,stats    ]    Subphase: Pause Mark Try Complete                       0.000 / 0.000         0.000 / 0.000         0.000 / 0.000         0.000 / 0.000       ms
[2025-05-18T20:49:52.033+0300][9008][9208 ][info][gc,stats    ]      System: Java Threads                                     32 / 32               31 / 34               31 / 34               31 / 34          threads
[2025-05-18T20:49:52.033+0300][9008][9208 ][info][gc,stats    ] =========================================================================================================================================================
[2025-05-18T20:50:00.726+0300][9008][21940][info][gc,start    ] GC(7) Garbage Collection (Proactive)
[2025-05-18T20:50:00.726+0300][9008][21940][info][gc,task     ] GC(7) Using 2 workers
[2025-05-18T20:50:00.726+0300][9008][14992][info][gc,phases   ] GC(7) Pause Mark Start 0.015ms
[2025-05-18T20:50:00.772+0300][9008][21940][info][gc,phases   ] GC(7) Concurrent Mark 45.824ms
[2025-05-18T20:50:00.772+0300][9008][14992][info][gc,phases   ] GC(7) Pause Mark End 0.013ms
[2025-05-18T20:50:00.772+0300][9008][21940][info][gc,phases   ] GC(7) Concurrent Mark Free 0.001ms
[2025-05-18T20:50:00.790+0300][9008][21940][info][gc,phases   ] GC(7) Concurrent Process Non-Strong References 16.592ms
[2025-05-18T20:50:00.790+0300][9008][21940][info][gc,phases   ] GC(7) Concurrent Reset Relocation Set 0.007ms
[2025-05-18T20:50:00.792+0300][9008][21940][info][gc,phases   ] GC(7) Concurrent Select Relocation Set 2.603ms
[2025-05-18T20:50:00.792+0300][9008][14992][info][gc,phases   ] GC(7) Pause Relocate Start 0.014ms
[2025-05-18T20:50:00.796+0300][9008][21940][info][gc,phases   ] GC(7) Concurrent Relocate 2.948ms
[2025-05-18T20:50:00.796+0300][9008][21940][info][gc,load     ] GC(7) Load: 0.00/0.00/0.00
[2025-05-18T20:50:00.796+0300][9008][21940][info][gc,mmu      ] GC(7) MMU: 2ms/97.9%, 5ms/99.2%, 10ms/99.6%, 20ms/99.7%, 50ms/99.9%, 100ms/99.9%
[2025-05-18T20:50:00.796+0300][9008][21940][info][gc,marking  ] GC(7) Mark: 2 stripe(s), 2 proactive flush(es), 1 terminate flush(es), 0 completion(s), 0 continuation(s) 
[2025-05-18T20:50:00.796+0300][9008][21940][info][gc,marking  ] GC(7) Mark Stack Usage: 32M
[2025-05-18T20:50:00.796+0300][9008][21940][info][gc,nmethod  ] GC(7) NMethods: 7330 registered, 2387 unregistered
[2025-05-18T20:50:00.796+0300][9008][21940][info][gc,metaspace] GC(7) Metaspace: 33M used, 34M committed, 1088M reserved
[2025-05-18T20:50:00.796+0300][9008][21940][info][gc,ref      ] GC(7) Soft: 4638 encountered, 0 discovered, 0 enqueued
[2025-05-18T20:50:00.796+0300][9008][21940][info][gc,ref      ] GC(7) Weak: 3372 encountered, 238 discovered, 0 enqueued
[2025-05-18T20:50:00.796+0300][9008][21940][info][gc,ref      ] GC(7) Final: 3 encountered, 0 discovered, 0 enqueued
[2025-05-18T20:50:00.796+0300][9008][21940][info][gc,ref      ] GC(7) Phantom: 278 encountered, 208 discovered, 0 enqueued
[2025-05-18T20:50:00.796+0300][9008][21940][info][gc,reloc    ] GC(7) Small Pages: 227 / 454M, Empty: 332M, Relocated: 1M, In-Place: 0
[2025-05-18T20:50:00.796+0300][9008][21940][info][gc,reloc    ] GC(7) Medium Pages: 1 / 32M, Empty: 0M, Relocated: 0M, In-Place: 0
[2025-05-18T20:50:00.796+0300][9008][21940][info][gc,reloc    ] GC(7) Large Pages: 0 / 0M, Empty: 0M, Relocated: 0M, In-Place: 0
[2025-05-18T20:50:00.796+0300][9008][21940][info][gc,reloc    ] GC(7) Forwarding Usage: 0M
[2025-05-18T20:50:00.796+0300][9008][21940][info][gc,heap     ] GC(7) Min Capacity: 4096M(100%)
[2025-05-18T20:50:00.796+0300][9008][21940][info][gc,heap     ] GC(7) Max Capacity: 4096M(100%)
[2025-05-18T20:50:00.796+0300][9008][21940][info][gc,heap     ] GC(7) Soft Max Capacity: 4096M(100%)
[2025-05-18T20:50:00.796+0300][9008][21940][info][gc,heap     ] GC(7)                Mark Start          Mark End        Relocate Start      Relocate End           High               Low         
[2025-05-18T20:50:00.796+0300][9008][21940][info][gc,heap     ] GC(7)  Capacity:     4096M (100%)       4096M (100%)       4096M (100%)       4096M (100%)       4096M (100%)       4096M (100%)   
[2025-05-18T20:50:00.796+0300][9008][21940][info][gc,heap     ] GC(7)      Free:     3610M (88%)        3596M (88%)        3928M (96%)        4028M (98%)        4028M (98%)        3596M (88%)    
[2025-05-18T20:50:00.797+0300][9008][21940][info][gc,heap     ] GC(7)      Used:      486M (12%)         500M (12%)         168M (4%)           68M (2%)          500M (12%)          68M (2%)     
[2025-05-18T20:50:00.797+0300][9008][21940][info][gc,heap     ] GC(7)      Live:         -                18M (0%)           18M (0%)           18M (0%)             -                  -          
[2025-05-18T20:50:00.797+0300][9008][21940][info][gc,heap     ] GC(7) Allocated:         -                14M (0%)           14M (0%)           14M (0%)             -                  -          
[2025-05-18T20:50:00.797+0300][9008][21940][info][gc,heap     ] GC(7)   Garbage:         -               467M (11%)         135M (3%)           35M (1%)             -                  -          
[2025-05-18T20:50:00.797+0300][9008][21940][info][gc,heap     ] GC(7) Reclaimed:         -                  -               332M (8%)          432M (11%)            -                  -          
[2025-05-18T20:50:00.797+0300][9008][21940][info][gc          ] GC(7) Garbage Collection (Proactive) 486M(12%)->68M(2%)
[2025-05-18T20:50:02.031+0300][9008][9208 ][info][gc,stats    ] === Garbage Collection Statistics =======================================================================================================================
[2025-05-18T20:50:02.031+0300][9008][9208 ][info][gc,stats    ]                                                              Last 10s              Last 10m              Last 10h                Total
[2025-05-18T20:50:02.031+0300][9008][9208 ][info][gc,stats    ]                                                              Avg / Max             Avg / Max             Avg / Max             Avg / Max
[2025-05-18T20:50:02.031+0300][9008][9208 ][info][gc,stats    ]   Collector: Garbage Collection Cycle                     69.628 / 69.628       75.621 / 95.839       75.621 / 95.839       75.621 / 95.839      ms
[2025-05-18T20:50:02.031+0300][9008][9208 ][info][gc,stats    ]  Contention: Mark Segment Reset Contention                     0 / 0                 0 / 0                 0 / 0                 0 / 0           ops/s
[2025-05-18T20:50:02.031+0300][9008][9208 ][info][gc,stats    ]  Contention: Mark SeqNum Reset Contention                      0 / 0                 0 / 1                 0 / 1                 0 / 1           ops/s
[2025-05-18T20:50:02.031+0300][9008][9208 ][info][gc,stats    ]    Critical: Allocation Stall                                  0 / 0                 0 / 0                 0 / 0                 0 / 0           ops/s
[2025-05-18T20:50:02.031+0300][9008][9208 ][info][gc,stats    ]    Critical: Allocation Stall                              0.000 / 0.000         0.000 / 0.000         0.000 / 0.000         0.000 / 0.000       ms
[2025-05-18T20:50:02.031+0300][9008][9208 ][info][gc,stats    ]    Critical: GC Locker Stall                                   0 / 0                 0 / 0                 0 / 0                 0 / 0           ops/s
[2025-05-18T20:50:02.031+0300][9008][9208 ][info][gc,stats    ]    Critical: GC Locker Stall                               0.000 / 0.000         0.000 / 0.000         0.000 / 0.000         0.000 / 0.000       ms
[2025-05-18T20:50:02.031+0300][9008][9208 ][info][gc,stats    ]    Critical: Relocation Stall                                  0 / 0                 0 / 0                 0 / 0                 0 / 0           ops/s
[2025-05-18T20:50:02.033+0300][9008][9208 ][info][gc,stats    ]    Critical: Relocation Stall                              0.000 / 0.000         0.000 / 0.000         0.000 / 0.000         0.000 / 0.000       ms
[2025-05-18T20:50:02.033+0300][9008][9208 ][info][gc,stats    ]      Memory: Allocation Rate                                  34 / 44               36 / 142              36 / 142              36 / 142         MB/s
[2025-05-18T20:50:02.033+0300][9008][9208 ][info][gc,stats    ]      Memory: Defragment                                        0 / 0                 0 / 0                 0 / 0                 0 / 0           ops/s
[2025-05-18T20:50:02.033+0300][9008][9208 ][info][gc,stats    ]      Memory: Out Of Memory                                     0 / 0                 0 / 0                 0 / 0                 0 / 0           ops/s
[2025-05-18T20:50:02.033+0300][9008][9208 ][info][gc,stats    ]      Memory: Page Cache Flush                                  0 / 0                 0 / 0                 0 / 0                 0 / 0           MB/s
[2025-05-18T20:50:02.033+0300][9008][9208 ][info][gc,stats    ]      Memory: Page Cache Hit L1                                17 / 24               12 / 75               12 / 75               12 / 75          ops/s
[2025-05-18T20:50:02.033+0300][9008][9208 ][info][gc,stats    ]      Memory: Page Cache Hit L2                                 0 / 0                 0 / 0                 0 / 0                 0 / 0           ops/s
[2025-05-18T20:50:02.033+0300][9008][9208 ][info][gc,stats    ]      Memory: Page Cache Hit L3                                 0 / 0                 5 / 42                5 / 42                5 / 42          ops/s
[2025-05-18T20:50:02.033+0300][9008][9208 ][info][gc,stats    ]      Memory: Page Cache Miss                                   0 / 0                 0 / 1                 0 / 1                 0 / 1           ops/s
[2025-05-18T20:50:02.033+0300][9008][9208 ][info][gc,stats    ]      Memory: Uncommit                                          0 / 0                 0 / 0                 0 / 0                 0 / 0           MB/s
[2025-05-18T20:50:02.033+0300][9008][9208 ][info][gc,stats    ]      Memory: Undo Object Allocation Failed                     0 / 0                 0 / 0                 0 / 0                 0 / 0           ops/s
[2025-05-18T20:50:02.033+0300][9008][9208 ][info][gc,stats    ]      Memory: Undo Object Allocation Succeeded                  0 / 0                 0 / 12                0 / 12                0 / 12          ops/s
[2025-05-18T20:50:02.033+0300][9008][9208 ][info][gc,stats    ]      Memory: Undo Page Allocation                              0 / 0                 0 / 1                 0 / 1                 0 / 1           ops/s
[2025-05-18T20:50:02.033+0300][9008][9208 ][info][gc,stats    ]       Phase: Concurrent Mark                              45.824 / 45.824       49.381 / 62.566       49.381 / 62.566       49.381 / 62.566      ms
[2025-05-18T20:50:02.033+0300][9008][9208 ][info][gc,stats    ]       Phase: Concurrent Mark Continue                      0.000 / 0.000         0.000 / 0.000         0.000 / 0.000         0.000 / 0.000       ms
[2025-05-18T20:50:02.033+0300][9008][9208 ][info][gc,stats    ]       Phase: Concurrent Mark Free                          0.001 / 0.001         0.001 / 0.002         0.001 / 0.002         0.001 / 0.002       ms
[2025-05-18T20:50:02.033+0300][9008][9208 ][info][gc,stats    ]       Phase: Concurrent Process Non-Strong References     16.592 / 16.592       17.623 / 25.052       17.623 / 25.052       17.623 / 25.052      ms
[2025-05-18T20:50:02.033+0300][9008][9208 ][info][gc,stats    ]       Phase: Concurrent Relocate                           2.948 / 2.948         3.540 / 6.830         3.540 / 6.830         3.540 / 6.830       ms
[2025-05-18T20:50:02.033+0300][9008][9208 ][info][gc,stats    ]       Phase: Concurrent Reset Relocation Set               0.007 / 0.007         0.010 / 0.033         0.010 / 0.033         0.010 / 0.033       ms
[2025-05-18T20:50:02.033+0300][9008][9208 ][info][gc,stats    ]       Phase: Concurrent Select Relocation Set              2.603 / 2.603         3.422 / 5.621         3.422 / 5.621         3.422 / 5.621       ms
[2025-05-18T20:50:02.033+0300][9008][9208 ][info][gc,stats    ]       Phase: Pause Mark End                                0.013 / 0.013         0.025 / 0.042         0.025 / 0.042         0.025 / 0.042       ms
[2025-05-18T20:50:02.033+0300][9008][9208 ][info][gc,stats    ]       Phase: Pause Mark Start                              0.015 / 0.015         0.011 / 0.016         0.011 / 0.016         0.011 / 0.016       ms
[2025-05-18T20:50:02.033+0300][9008][9208 ][info][gc,stats    ]       Phase: Pause Relocate Start                          0.014 / 0.014         0.013 / 0.024         0.013 / 0.024         0.013 / 0.024       ms
[2025-05-18T20:50:02.033+0300][9008][9208 ][info][gc,stats    ]    Subphase: Concurrent Classes Purge                      0.190 / 0.190         0.987 / 2.143         0.987 / 2.143         0.987 / 2.143       ms
[2025-05-18T20:50:02.033+0300][9008][9208 ][info][gc,stats    ]    Subphase: Concurrent Classes Unlink                    14.469 / 14.469       14.872 / 21.925       14.872 / 21.925       14.872 / 21.925      ms
[2025-05-18T20:50:02.033+0300][9008][9208 ][info][gc,stats    ]    Subphase: Concurrent Mark                              40.403 / 43.659       42.607 / 59.540       42.607 / 59.540       42.607 / 59.540      ms
[2025-05-18T20:50:02.033+0300][9008][9208 ][info][gc,stats    ]    Subphase: Concurrent Mark Try Flush                     0.096 / 0.133         0.168 / 1.122         0.168 / 1.122         0.168 / 1.122       ms
[2025-05-18T20:50:02.033+0300][9008][9208 ][info][gc,stats    ]    Subphase: Concurrent Mark Try Terminate                 2.409 / 7.153         2.958 / 14.550        2.958 / 14.550        2.958 / 14.550      ms
[2025-05-18T20:50:02.033+0300][9008][9208 ][info][gc,stats    ]    Subphase: Concurrent References Enqueue                 0.001 / 0.001         0.006 / 0.014         0.006 / 0.014         0.006 / 0.014       ms
[2025-05-18T20:50:02.033+0300][9008][9208 ][info][gc,stats    ]    Subphase: Concurrent References Process                 0.160 / 0.160         0.167 / 0.325         0.167 / 0.325         0.167 / 0.325       ms
[2025-05-18T20:50:02.033+0300][9008][9208 ][info][gc,stats    ]    Subphase: Concurrent Roots ClassLoaderDataGraph         0.350 / 0.665         0.296 / 0.802         0.296 / 0.802         0.296 / 0.802       ms
[2025-05-18T20:50:02.033+0300][9008][9208 ][info][gc,stats    ]    Subphase: Concurrent Roots CodeCache                    0.000 / 0.000         0.000 / 0.000         0.000 / 0.000         0.000 / 0.000       ms
[2025-05-18T20:50:02.033+0300][9008][9208 ][info][gc,stats    ]    Subphase: Concurrent Roots JavaThreads                  1.616 / 1.927         2.602 / 5.503         2.602 / 5.503         2.602 / 5.503       ms
[2025-05-18T20:50:02.033+0300][9008][9208 ][info][gc,stats    ]    Subphase: Concurrent Roots OopStorageSet                0.035 / 0.046         0.048 / 0.093         0.048 / 0.093         0.048 / 0.093       ms
[2025-05-18T20:50:02.033+0300][9008][9208 ][info][gc,stats    ]    Subphase: Concurrent Weak Roots OopStorageSet           1.515 / 1.527         1.325 / 1.782         1.325 / 1.782         1.325 / 1.782       ms
[2025-05-18T20:50:02.033+0300][9008][9208 ][info][gc,stats    ]    Subphase: Pause Mark Try Complete                       0.000 / 0.000         0.000 / 0.000         0.000 / 0.000         0.000 / 0.000       ms
[2025-05-18T20:50:02.034+0300][9008][9208 ][info][gc,stats    ]      System: Java Threads                                     32 / 32               31 / 34               31 / 34               31 / 34          threads
[2025-05-18T20:50:02.034+0300][9008][9208 ][info][gc,stats    ] =========================================================================================================================================================
[2025-05-18T20:50:12.029+0300][9008][9208 ][info][gc,stats    ] === Garbage Collection Statistics =======================================================================================================================
[2025-05-18T20:50:12.029+0300][9008][9208 ][info][gc,stats    ]                                                              Last 10s              Last 10m              Last 10h                Total
[2025-05-18T20:50:12.029+0300][9008][9208 ][info][gc,stats    ]                                                              Avg / Max             Avg / Max             Avg / Max             Avg / Max
[2025-05-18T20:50:12.029+0300][9008][9208 ][info][gc,stats    ]   Collector: Garbage Collection Cycle                      0.000 / 0.000        75.621 / 95.839       75.621 / 95.839       75.621 / 95.839      ms
[2025-05-18T20:50:12.029+0300][9008][9208 ][info][gc,stats    ]  Contention: Mark Segment Reset Contention                     0 / 0                 0 / 0                 0 / 0                 0 / 0           ops/s
[2025-05-18T20:50:12.029+0300][9008][9208 ][info][gc,stats    ]  Contention: Mark SeqNum Reset Contention                      0 / 0                 0 / 1                 0 / 1                 0 / 1           ops/s
[2025-05-18T20:50:12.029+0300][9008][9208 ][info][gc,stats    ]    Critical: Allocation Stall                                  0 / 0                 0 / 0                 0 / 0                 0 / 0           ops/s
[2025-05-18T20:50:12.029+0300][9008][9208 ][info][gc,stats    ]    Critical: Allocation Stall                              0.000 / 0.000         0.000 / 0.000         0.000 / 0.000         0.000 / 0.000       ms
[2025-05-18T20:50:12.029+0300][9008][9208 ][info][gc,stats    ]    Critical: GC Locker Stall                                   0 / 0                 0 / 0                 0 / 0                 0 / 0           ops/s
[2025-05-18T20:50:12.029+0300][9008][9208 ][info][gc,stats    ]    Critical: GC Locker Stall                               0.000 / 0.000         0.000 / 0.000         0.000 / 0.000         0.000 / 0.000       ms
[2025-05-18T20:50:12.029+0300][9008][9208 ][info][gc,stats    ]    Critical: Relocation Stall                                  0 / 0                 0 / 0                 0 / 0                 0 / 0           ops/s
[2025-05-18T20:50:12.029+0300][9008][9208 ][info][gc,stats    ]    Critical: Relocation Stall                              0.000 / 0.000         0.000 / 0.000         0.000 / 0.000         0.000 / 0.000       ms
[2025-05-18T20:50:12.029+0300][9008][9208 ][info][gc,stats    ]      Memory: Allocation Rate                                  33 / 36               36 / 142              36 / 142              36 / 142         MB/s
[2025-05-18T20:50:12.029+0300][9008][9208 ][info][gc,stats    ]      Memory: Defragment                                        0 / 0                 0 / 0                 0 / 0                 0 / 0           ops/s
[2025-05-18T20:50:12.029+0300][9008][9208 ][info][gc,stats    ]      Memory: Out Of Memory                                     0 / 0                 0 / 0                 0 / 0                 0 / 0           ops/s
[2025-05-18T20:50:12.029+0300][9008][9208 ][info][gc,stats    ]      Memory: Page Cache Flush                                  0 / 0                 0 / 0                 0 / 0                 0 / 0           MB/s
[2025-05-18T20:50:12.029+0300][9008][9208 ][info][gc,stats    ]      Memory: Page Cache Hit L1                                16 / 18               13 / 75               13 / 75               13 / 75          ops/s
[2025-05-18T20:50:12.031+0300][9008][9208 ][info][gc,stats    ]      Memory: Page Cache Hit L2                                 0 / 0                 0 / 0                 0 / 0                 0 / 0           ops/s
[2025-05-18T20:50:12.031+0300][9008][9208 ][info][gc,stats    ]      Memory: Page Cache Hit L3                                 0 / 0                 5 / 42                5 / 42                5 / 42          ops/s
[2025-05-18T20:50:12.031+0300][9008][9208 ][info][gc,stats    ]      Memory: Page Cache Miss                                   0 / 0                 0 / 1                 0 / 1                 0 / 1           ops/s
[2025-05-18T20:50:12.031+0300][9008][9208 ][info][gc,stats    ]      Memory: Uncommit                                          0 / 0                 0 / 0                 0 / 0                 0 / 0           MB/s
[2025-05-18T20:50:12.031+0300][9008][9208 ][info][gc,stats    ]      Memory: Undo Object Allocation Failed                     0 / 0                 0 / 0                 0 / 0                 0 / 0           ops/s
[2025-05-18T20:50:12.031+0300][9008][9208 ][info][gc,stats    ]      Memory: Undo Object Allocation Succeeded                  0 / 0                 0 / 12                0 / 12                0 / 12          ops/s
[2025-05-18T20:50:12.031+0300][9008][9208 ][info][gc,stats    ]      Memory: Undo Page Allocation                              0 / 0                 0 / 1                 0 / 1                 0 / 1           ops/s
[2025-05-18T20:50:12.031+0300][9008][9208 ][info][gc,stats    ]       Phase: Concurrent Mark                               0.000 / 0.000        49.381 / 62.566       49.381 / 62.566       49.381 / 62.566      ms
[2025-05-18T20:50:12.031+0300][9008][9208 ][info][gc,stats    ]       Phase: Concurrent Mark Continue                      0.000 / 0.000         0.000 / 0.000         0.000 / 0.000         0.000 / 0.000       ms
[2025-05-18T20:50:12.031+0300][9008][9208 ][info][gc,stats    ]       Phase: Concurrent Mark Free                          0.000 / 0.000         0.001 / 0.002         0.001 / 0.002         0.001 / 0.002       ms
[2025-05-18T20:50:12.031+0300][9008][9208 ][info][gc,stats    ]       Phase: Concurrent Process Non-Strong References      0.000 / 0.000        17.623 / 25.052       17.623 / 25.052       17.623 / 25.052      ms
[2025-05-18T20:50:12.031+0300][9008][9208 ][info][gc,stats    ]       Phase: Concurrent Relocate                           0.000 / 0.000         3.540 / 6.830         3.540 / 6.830         3.540 / 6.830       ms
[2025-05-18T20:50:12.031+0300][9008][9208 ][info][gc,stats    ]       Phase: Concurrent Reset Relocation Set               0.000 / 0.000         0.010 / 0.033         0.010 / 0.033         0.010 / 0.033       ms
[2025-05-18T20:50:12.031+0300][9008][9208 ][info][gc,stats    ]       Phase: Concurrent Select Relocation Set              0.000 / 0.000         3.422 / 5.621         3.422 / 5.621         3.422 / 5.621       ms
[2025-05-18T20:50:12.031+0300][9008][9208 ][info][gc,stats    ]       Phase: Pause Mark End                                0.000 / 0.000         0.025 / 0.042         0.025 / 0.042         0.025 / 0.042       ms
[2025-05-18T20:50:12.031+0300][9008][9208 ][info][gc,stats    ]       Phase: Pause Mark Start                              0.000 / 0.000         0.011 / 0.016         0.011 / 0.016         0.011 / 0.016       ms
[2025-05-18T20:50:12.031+0300][9008][9208 ][info][gc,stats    ]       Phase: Pause Relocate Start                          0.000 / 0.000         0.013 / 0.024         0.013 / 0.024         0.013 / 0.024       ms
[2025-05-18T20:50:12.031+0300][9008][9208 ][info][gc,stats    ]    Subphase: Concurrent Classes Purge                      0.000 / 0.000         0.987 / 2.143         0.987 / 2.143         0.987 / 2.143       ms
[2025-05-18T20:50:12.031+0300][9008][9208 ][info][gc,stats    ]    Subphase: Concurrent Classes Unlink                     0.000 / 0.000        14.872 / 21.925       14.872 / 21.925       14.872 / 21.925      ms
[2025-05-18T20:50:12.031+0300][9008][9208 ][info][gc,stats    ]    Subphase: Concurrent Mark                               0.000 / 0.000        42.607 / 59.540       42.607 / 59.540       42.607 / 59.540      ms
[2025-05-18T20:50:12.031+0300][9008][9208 ][info][gc,stats    ]    Subphase: Concurrent Mark Try Flush                     0.000 / 0.000         0.168 / 1.122         0.168 / 1.122         0.168 / 1.122       ms
[2025-05-18T20:50:12.031+0300][9008][9208 ][info][gc,stats    ]    Subphase: Concurrent Mark Try Terminate                 0.000 / 0.000         2.958 / 14.550        2.958 / 14.550        2.958 / 14.550      ms
[2025-05-18T20:50:12.031+0300][9008][9208 ][info][gc,stats    ]    Subphase: Concurrent References Enqueue                 0.000 / 0.000         0.006 / 0.014         0.006 / 0.014         0.006 / 0.014       ms
[2025-05-18T20:50:12.031+0300][9008][9208 ][info][gc,stats    ]    Subphase: Concurrent References Process                 0.000 / 0.000         0.167 / 0.325         0.167 / 0.325         0.167 / 0.325       ms
[2025-05-18T20:50:12.031+0300][9008][9208 ][info][gc,stats    ]    Subphase: Concurrent Roots ClassLoaderDataGraph         0.000 / 0.000         0.296 / 0.802         0.296 / 0.802         0.296 / 0.802       ms
[2025-05-18T20:50:12.031+0300][9008][9208 ][info][gc,stats    ]    Subphase: Concurrent Roots CodeCache                    0.000 / 0.000         0.000 / 0.000         0.000 / 0.000         0.000 / 0.000       ms
[2025-05-18T20:50:12.031+0300][9008][9208 ][info][gc,stats    ]    Subphase: Concurrent Roots JavaThreads                  0.000 / 0.000         2.602 / 5.503         2.602 / 5.503         2.602 / 5.503       ms
[2025-05-18T20:50:12.031+0300][9008][9208 ][info][gc,stats    ]    Subphase: Concurrent Roots OopStorageSet                0.000 / 0.000         0.048 / 0.093         0.048 / 0.093         0.048 / 0.093       ms
[2025-05-18T20:50:12.031+0300][9008][9208 ][info][gc,stats    ]    Subphase: Concurrent Weak Roots OopStorageSet           0.000 / 0.000         1.325 / 1.782         1.325 / 1.782         1.325 / 1.782       ms
[2025-05-18T20:50:12.031+0300][9008][9208 ][info][gc,stats    ]    Subphase: Pause Mark Try Complete                       0.000 / 0.000         0.000 / 0.000         0.000 / 0.000         0.000 / 0.000       ms
[2025-05-18T20:50:12.031+0300][9008][9208 ][info][gc,stats    ]      System: Java Threads                                      0 / 0                31 / 34               31 / 34               31 / 34          threads
[2025-05-18T20:50:12.031+0300][9008][9208 ][info][gc,stats    ] =========================================================================================================================================================
[2025-05-18T20:50:13.320+0300][9008][21940][info][gc,start    ] GC(8) Garbage Collection (Proactive)
[2025-05-18T20:50:13.320+0300][9008][21940][info][gc,task     ] GC(8) Using 2 workers
[2025-05-18T20:50:13.320+0300][9008][14992][info][gc,phases   ] GC(8) Pause Mark Start 0.008ms
[2025-05-18T20:50:13.367+0300][9008][21940][info][gc,phases   ] GC(8) Concurrent Mark 46.297ms
[2025-05-18T20:50:13.367+0300][9008][14992][info][gc,phases   ] GC(8) Pause Mark End 0.021ms
[2025-05-18T20:50:13.367+0300][9008][21940][info][gc,phases   ] GC(8) Concurrent Mark Free 0.001ms
[2025-05-18T20:50:13.383+0300][9008][21940][info][gc,phases   ] GC(8) Concurrent Process Non-Strong References 15.600ms
[2025-05-18T20:50:13.383+0300][9008][21940][info][gc,phases   ] GC(8) Concurrent Reset Relocation Set 0.008ms
[2025-05-18T20:50:13.386+0300][9008][21940][info][gc,phases   ] GC(8) Concurrent Select Relocation Set 3.244ms
[2025-05-18T20:50:13.386+0300][9008][14992][info][gc,phases   ] GC(8) Pause Relocate Start 0.012ms
[2025-05-18T20:50:13.389+0300][9008][21940][info][gc,phases   ] GC(8) Concurrent Relocate 2.406ms
[2025-05-18T20:50:13.389+0300][9008][21940][info][gc,load     ] GC(8) Load: 0.00/0.00/0.00
[2025-05-18T20:50:13.389+0300][9008][21940][info][gc,mmu      ] GC(8) MMU: 2ms/97.9%, 5ms/99.2%, 10ms/99.6%, 20ms/99.7%, 50ms/99.9%, 100ms/99.9%
[2025-05-18T20:50:13.389+0300][9008][21940][info][gc,marking  ] GC(8) Mark: 2 stripe(s), 2 proactive flush(es), 1 terminate flush(es), 0 completion(s), 0 continuation(s) 
[2025-05-18T20:50:13.389+0300][9008][21940][info][gc,marking  ] GC(8) Mark Stack Usage: 32M
[2025-05-18T20:50:13.389+0300][9008][21940][info][gc,nmethod  ] GC(8) NMethods: 6963 registered, 2773 unregistered
[2025-05-18T20:50:13.389+0300][9008][21940][info][gc,metaspace] GC(8) Metaspace: 33M used, 34M committed, 1088M reserved
[2025-05-18T20:50:13.389+0300][9008][21940][info][gc,ref      ] GC(8) Soft: 4638 encountered, 0 discovered, 0 enqueued
[2025-05-18T20:50:13.389+0300][9008][21940][info][gc,ref      ] GC(8) Weak: 3372 encountered, 270 discovered, 0 enqueued
[2025-05-18T20:50:13.389+0300][9008][21940][info][gc,ref      ] GC(8) Final: 3 encountered, 1 discovered, 0 enqueued
[2025-05-18T20:50:13.390+0300][9008][21940][info][gc,ref      ] GC(8) Phantom: 278 encountered, 201 discovered, 0 enqueued
[2025-05-18T20:50:13.390+0300][9008][21940][info][gc,reloc    ] GC(8) Small Pages: 223 / 446M, Empty: 322M, Relocated: 1M, In-Place: 0
[2025-05-18T20:50:13.390+0300][9008][21940][info][gc,reloc    ] GC(8) Medium Pages: 1 / 32M, Empty: 0M, Relocated: 0M, In-Place: 0
[2025-05-18T20:50:13.390+0300][9008][21940][info][gc,reloc    ] GC(8) Large Pages: 0 / 0M, Empty: 0M, Relocated: 0M, In-Place: 0
[2025-05-18T20:50:13.390+0300][9008][21940][info][gc,reloc    ] GC(8) Forwarding Usage: 0M
[2025-05-18T20:50:13.390+0300][9008][21940][info][gc,heap     ] GC(8) Min Capacity: 4096M(100%)
[2025-05-18T20:50:13.390+0300][9008][21940][info][gc,heap     ] GC(8) Max Capacity: 4096M(100%)
[2025-05-18T20:50:13.390+0300][9008][21940][info][gc,heap     ] GC(8) Soft Max Capacity: 4096M(100%)
[2025-05-18T20:50:13.390+0300][9008][21940][info][gc,heap     ] GC(8)                Mark Start          Mark End        Relocate Start      Relocate End           High               Low         
[2025-05-18T20:50:13.390+0300][9008][21940][info][gc,heap     ] GC(8)  Capacity:     4096M (100%)       4096M (100%)       4096M (100%)       4096M (100%)       4096M (100%)       4096M (100%)   
[2025-05-18T20:50:13.390+0300][9008][21940][info][gc,heap     ] GC(8)      Free:     3618M (88%)        3604M (88%)        3924M (96%)        4026M (98%)        4026M (98%)        3604M (88%)    
[2025-05-18T20:50:13.390+0300][9008][21940][info][gc,heap     ] GC(8)      Used:      478M (12%)         492M (12%)         172M (4%)           70M (2%)          492M (12%)          70M (2%)     
[2025-05-18T20:50:13.390+0300][9008][21940][info][gc,heap     ] GC(8)      Live:         -                18M (0%)           18M (0%)           18M (0%)             -                  -          
[2025-05-18T20:50:13.390+0300][9008][21940][info][gc,heap     ] GC(8) Allocated:         -                14M (0%)           16M (0%)           16M (0%)             -                  -          
[2025-05-18T20:50:13.390+0300][9008][21940][info][gc,heap     ] GC(8)   Garbage:         -               459M (11%)         137M (3%)           35M (1%)             -                  -          
[2025-05-18T20:50:13.390+0300][9008][21940][info][gc,heap     ] GC(8) Reclaimed:         -                  -               322M (8%)          424M (10%)            -                  -          
[2025-05-18T20:50:13.390+0300][9008][21940][info][gc          ] GC(8) Garbage Collection (Proactive) 478M(12%)->70M(2%)
[2025-05-18T20:50:22.029+0300][9008][9208 ][info][gc,stats    ] === Garbage Collection Statistics =======================================================================================================================
[2025-05-18T20:50:22.029+0300][9008][9208 ][info][gc,stats    ]                                                              Last 10s              Last 10m              Last 10h                Total
[2025-05-18T20:50:22.029+0300][9008][9208 ][info][gc,stats    ]                                                              Avg / Max             Avg / Max             Avg / Max             Avg / Max
[2025-05-18T20:50:22.029+0300][9008][9208 ][info][gc,stats    ]   Collector: Garbage Collection Cycle                     69.060 / 69.060       74.892 / 95.839       74.892 / 95.839       74.892 / 95.839      ms
[2025-05-18T20:50:22.029+0300][9008][9208 ][info][gc,stats    ]  Contention: Mark Segment Reset Contention                     0 / 0                 0 / 0                 0 / 0                 0 / 0           ops/s
[2025-05-18T20:50:22.029+0300][9008][9208 ][info][gc,stats    ]  Contention: Mark SeqNum Reset Contention                      0 / 0                 0 / 1                 0 / 1                 0 / 1           ops/s
[2025-05-18T20:50:22.029+0300][9008][9208 ][info][gc,stats    ]    Critical: Allocation Stall                                  0 / 0                 0 / 0                 0 / 0                 0 / 0           ops/s
[2025-05-18T20:50:22.029+0300][9008][9208 ][info][gc,stats    ]    Critical: Allocation Stall                              0.000 / 0.000         0.000 / 0.000         0.000 / 0.000         0.000 / 0.000       ms
[2025-05-18T20:50:22.029+0300][9008][9208 ][info][gc,stats    ]    Critical: GC Locker Stall                                   0 / 0                 0 / 0                 0 / 0                 0 / 0           ops/s
[2025-05-18T20:50:22.029+0300][9008][9208 ][info][gc,stats    ]    Critical: GC Locker Stall                               0.000 / 0.000         0.000 / 0.000         0.000 / 0.000         0.000 / 0.000       ms
[2025-05-18T20:50:22.029+0300][9008][9208 ][info][gc,stats    ]    Critical: Relocation Stall                                  0 / 0                 0 / 0                 0 / 0                 0 / 0           ops/s
[2025-05-18T20:50:22.029+0300][9008][9208 ][info][gc,stats    ]    Critical: Relocation Stall                              0.000 / 0.000         0.000 / 0.000         0.000 / 0.000         0.000 / 0.000       ms
[2025-05-18T20:50:22.029+0300][9008][9208 ][info][gc,stats    ]      Memory: Allocation Rate                                  33 / 40               35 / 142              35 / 142              35 / 142         MB/s
[2025-05-18T20:50:22.029+0300][9008][9208 ][info][gc,stats    ]      Memory: Defragment                                        0 / 0                 0 / 0                 0 / 0                 0 / 0           ops/s
[2025-05-18T20:50:22.029+0300][9008][9208 ][info][gc,stats    ]      Memory: Out Of Memory                                     0 / 0                 0 / 0                 0 / 0                 0 / 0           ops/s
[2025-05-18T20:50:22.029+0300][9008][9208 ][info][gc,stats    ]      Memory: Page Cache Flush                                  0 / 0                 0 / 0                 0 / 0                 0 / 0           MB/s
[2025-05-18T20:50:22.030+0300][9008][9208 ][info][gc,stats    ]      Memory: Page Cache Hit L1                                17 / 22               13 / 75               13 / 75               13 / 75          ops/s
[2025-05-18T20:50:22.030+0300][9008][9208 ][info][gc,stats    ]      Memory: Page Cache Hit L2                                 0 / 0                 0 / 0                 0 / 0                 0 / 0           ops/s
[2025-05-18T20:50:22.030+0300][9008][9208 ][info][gc,stats    ]      Memory: Page Cache Hit L3                                 0 / 0                 4 / 42                4 / 42                4 / 42          ops/s
[2025-05-18T20:50:22.030+0300][9008][9208 ][info][gc,stats    ]      Memory: Page Cache Miss                                   0 / 0                 0 / 1                 0 / 1                 0 / 1           ops/s
[2025-05-18T20:50:22.030+0300][9008][9208 ][info][gc,stats    ]      Memory: Uncommit                                          0 / 0                 0 / 0                 0 / 0                 0 / 0           MB/s
[2025-05-18T20:50:22.030+0300][9008][9208 ][info][gc,stats    ]      Memory: Undo Object Allocation Failed                     0 / 0                 0 / 0                 0 / 0                 0 / 0           ops/s
[2025-05-18T20:50:22.030+0300][9008][9208 ][info][gc,stats    ]      Memory: Undo Object Allocation Succeeded                  0 / 0                 0 / 12                0 / 12                0 / 12          ops/s
[2025-05-18T20:50:22.030+0300][9008][9208 ][info][gc,stats    ]      Memory: Undo Page Allocation                              0 / 0                 0 / 1                 0 / 1                 0 / 1           ops/s
[2025-05-18T20:50:22.030+0300][9008][9208 ][info][gc,stats    ]       Phase: Concurrent Mark                              46.297 / 46.297       49.038 / 62.566       49.038 / 62.566       49.038 / 62.566      ms
[2025-05-18T20:50:22.030+0300][9008][9208 ][info][gc,stats    ]       Phase: Concurrent Mark Continue                      0.000 / 0.000         0.000 / 0.000         0.000 / 0.000         0.000 / 0.000       ms
[2025-05-18T20:50:22.030+0300][9008][9208 ][info][gc,stats    ]       Phase: Concurrent Mark Free                          0.001 / 0.001         0.001 / 0.002         0.001 / 0.002         0.001 / 0.002       ms
[2025-05-18T20:50:22.030+0300][9008][9208 ][info][gc,stats    ]       Phase: Concurrent Process Non-Strong References     15.600 / 15.600       17.398 / 25.052       17.398 / 25.052       17.398 / 25.052      ms
[2025-05-18T20:50:22.030+0300][9008][9208 ][info][gc,stats    ]       Phase: Concurrent Relocate                           2.406 / 2.406         3.414 / 6.830         3.414 / 6.830         3.414 / 6.830       ms
[2025-05-18T20:50:22.030+0300][9008][9208 ][info][gc,stats    ]       Phase: Concurrent Reset Relocation Set               0.008 / 0.008         0.010 / 0.033         0.010 / 0.033         0.010 / 0.033       ms
[2025-05-18T20:50:22.030+0300][9008][9208 ][info][gc,stats    ]       Phase: Concurrent Select Relocation Set              3.244 / 3.244         3.403 / 5.621         3.403 / 5.621         3.403 / 5.621       ms
[2025-05-18T20:50:22.030+0300][9008][9208 ][info][gc,stats    ]       Phase: Pause Mark End                                0.021 / 0.021         0.025 / 0.042         0.025 / 0.042         0.025 / 0.042       ms
[2025-05-18T20:50:22.030+0300][9008][9208 ][info][gc,stats    ]       Phase: Pause Mark Start                              0.008 / 0.008         0.011 / 0.016         0.011 / 0.016         0.011 / 0.016       ms
[2025-05-18T20:50:22.031+0300][9008][9208 ][info][gc,stats    ]       Phase: Pause Relocate Start                          0.012 / 0.012         0.013 / 0.024         0.013 / 0.024         0.013 / 0.024       ms
[2025-05-18T20:50:22.031+0300][9008][9208 ][info][gc,stats    ]    Subphase: Concurrent Classes Purge                      1.002 / 1.002         0.989 / 2.143         0.989 / 2.143         0.989 / 2.143       ms
[2025-05-18T20:50:22.031+0300][9008][9208 ][info][gc,stats    ]    Subphase: Concurrent Classes Unlink                    13.215 / 13.215       14.687 / 21.925       14.687 / 21.925       14.687 / 21.925      ms
[2025-05-18T20:50:22.031+0300][9008][9208 ][info][gc,stats    ]    Subphase: Concurrent Mark                              39.904 / 44.843       42.306 / 59.540       42.306 / 59.540       42.306 / 59.540      ms
[2025-05-18T20:50:22.031+0300][9008][9208 ][info][gc,stats    ]    Subphase: Concurrent Mark Try Flush                     0.071 / 0.095         0.157 / 1.122         0.157 / 1.122         0.157 / 1.122       ms
[2025-05-18T20:50:22.031+0300][9008][9208 ][info][gc,stats    ]    Subphase: Concurrent Mark Try Terminate                 3.415 / 10.188        3.009 / 14.550        3.009 / 14.550        3.009 / 14.550      ms
[2025-05-18T20:50:22.031+0300][9008][9208 ][info][gc,stats    ]    Subphase: Concurrent References Enqueue                 0.001 / 0.001         0.005 / 0.014         0.005 / 0.014         0.005 / 0.014       ms
[2025-05-18T20:50:22.031+0300][9008][9208 ][info][gc,stats    ]    Subphase: Concurrent References Process                 0.083 / 0.083         0.158 / 0.325         0.158 / 0.325         0.158 / 0.325       ms
[2025-05-18T20:50:22.031+0300][9008][9208 ][info][gc,stats    ]    Subphase: Concurrent Roots ClassLoaderDataGraph         0.168 / 0.297         0.282 / 0.802         0.282 / 0.802         0.282 / 0.802       ms
[2025-05-18T20:50:22.031+0300][9008][9208 ][info][gc,stats    ]    Subphase: Concurrent Roots CodeCache                    0.000 / 0.000         0.000 / 0.000         0.000 / 0.000         0.000 / 0.000       ms
[2025-05-18T20:50:22.031+0300][9008][9208 ][info][gc,stats    ]    Subphase: Concurrent Roots JavaThreads                  1.098 / 1.223         2.435 / 5.503         2.435 / 5.503         2.435 / 5.503       ms
[2025-05-18T20:50:22.031+0300][9008][9208 ][info][gc,stats    ]    Subphase: Concurrent Roots OopStorageSet                0.021 / 0.029         0.045 / 0.093         0.045 / 0.093         0.045 / 0.093       ms
[2025-05-18T20:50:22.031+0300][9008][9208 ][info][gc,stats    ]    Subphase: Concurrent Weak Roots OopStorageSet           1.066 / 1.097         1.296 / 1.782         1.296 / 1.782         1.296 / 1.782       ms
[2025-05-18T20:50:22.031+0300][9008][9208 ][info][gc,stats    ]    Subphase: Pause Mark Try Complete                       0.000 / 0.000         0.000 / 0.000         0.000 / 0.000         0.000 / 0.000       ms
[2025-05-18T20:50:22.031+0300][9008][9208 ][info][gc,stats    ]      System: Java Threads                                     32 / 32               31 / 34               31 / 34               31 / 34          threads
[2025-05-18T20:50:22.031+0300][9008][9208 ][info][gc,stats    ] =========================================================================================================================================================
[2025-05-18T20:50:26.020+0300][9008][21940][info][gc,start    ] GC(9) Garbage Collection (Proactive)
[2025-05-18T20:50:26.020+0300][9008][21940][info][gc,task     ] GC(9) Using 2 workers
[2025-05-18T20:50:26.020+0300][9008][14992][info][gc,phases   ] GC(9) Pause Mark Start 0.011ms
[2025-05-18T20:50:26.067+0300][9008][21940][info][gc,phases   ] GC(9) Concurrent Mark 44.642ms
[2025-05-18T20:50:26.067+0300][9008][14992][info][gc,phases   ] GC(9) Pause Mark End 0.037ms
[2025-05-18T20:50:26.067+0300][9008][21940][info][gc,phases   ] GC(9) Concurrent Mark Free 0.003ms
[2025-05-18T20:50:26.085+0300][9008][21940][info][gc,phases   ] GC(9) Concurrent Process Non-Strong References 17.265ms
[2025-05-18T20:50:26.085+0300][9008][21940][info][gc,phases   ] GC(9) Concurrent Reset Relocation Set 0.003ms
[2025-05-18T20:50:26.087+0300][9008][21940][info][gc,phases   ] GC(9) Concurrent Select Relocation Set 2.271ms
[2025-05-18T20:50:26.087+0300][9008][14992][info][gc,phases   ] GC(9) Pause Relocate Start 0.009ms
[2025-05-18T20:50:26.090+0300][9008][21940][info][gc,phases   ] GC(9) Concurrent Relocate 1.753ms
[2025-05-18T20:50:26.090+0300][9008][21940][info][gc,load     ] GC(9) Load: 0.00/0.00/0.00
[2025-05-18T20:50:26.090+0300][9008][21940][info][gc,mmu      ] GC(9) MMU: 2ms/97.9%, 5ms/99.2%, 10ms/99.6%, 20ms/99.7%, 50ms/99.9%, 100ms/99.9%
[2025-05-18T20:50:26.090+0300][9008][21940][info][gc,marking  ] GC(9) Mark: 2 stripe(s), 2 proactive flush(es), 1 terminate flush(es), 0 completion(s), 0 continuation(s) 
[2025-05-18T20:50:26.090+0300][9008][21940][info][gc,marking  ] GC(9) Mark Stack Usage: 32M
[2025-05-18T20:50:26.090+0300][9008][21940][info][gc,nmethod  ] GC(9) NMethods: 6976 registered, 2835 unregistered
[2025-05-18T20:50:26.090+0300][9008][21940][info][gc,metaspace] GC(9) Metaspace: 33M used, 34M committed, 1088M reserved
[2025-05-18T20:50:26.090+0300][9008][21940][info][gc,ref      ] GC(9) Soft: 4638 encountered, 0 discovered, 0 enqueued
[2025-05-18T20:50:26.090+0300][9008][21940][info][gc,ref      ] GC(9) Weak: 3376 encountered, 832 discovered, 2 enqueued
[2025-05-18T20:50:26.090+0300][9008][21940][info][gc,ref      ] GC(9) Final: 3 encountered, 0 discovered, 0 enqueued
[2025-05-18T20:50:26.090+0300][9008][21940][info][gc,ref      ] GC(9) Phantom: 278 encountered, 171 discovered, 0 enqueued
[2025-05-18T20:50:26.090+0300][9008][21940][info][gc,reloc    ] GC(9) Small Pages: 226 / 452M, Empty: 318M, Relocated: 1M, In-Place: 0
[2025-05-18T20:50:26.090+0300][9008][21940][info][gc,reloc    ] GC(9) Medium Pages: 1 / 32M, Empty: 0M, Relocated: 0M, In-Place: 0
[2025-05-18T20:50:26.090+0300][9008][21940][info][gc,reloc    ] GC(9) Large Pages: 0 / 0M, Empty: 0M, Relocated: 0M, In-Place: 0
[2025-05-18T20:50:26.090+0300][9008][21940][info][gc,reloc    ] GC(9) Forwarding Usage: 0M
[2025-05-18T20:50:26.090+0300][9008][21940][info][gc,heap     ] GC(9) Min Capacity: 4096M(100%)
[2025-05-18T20:50:26.090+0300][9008][21940][info][gc,heap     ] GC(9) Max Capacity: 4096M(100%)
[2025-05-18T20:50:26.090+0300][9008][21940][info][gc,heap     ] GC(9) Soft Max Capacity: 4096M(100%)
[2025-05-18T20:50:26.090+0300][9008][21940][info][gc,heap     ] GC(9)                Mark Start          Mark End        Relocate Start      Relocate End           High               Low         
[2025-05-18T20:50:26.090+0300][9008][21940][info][gc,heap     ] GC(9)  Capacity:     4096M (100%)       4096M (100%)       4096M (100%)       4096M (100%)       4096M (100%)       4096M (100%)   
[2025-05-18T20:50:26.090+0300][9008][21940][info][gc,heap     ] GC(9)      Free:     3612M (88%)        3596M (88%)        3914M (96%)        4026M (98%)        4026M (98%)        3596M (88%)    
[2025-05-18T20:50:26.090+0300][9008][21940][info][gc,heap     ] GC(9)      Used:      484M (12%)         500M (12%)         182M (4%)           70M (2%)          500M (12%)          70M (2%)     
[2025-05-18T20:50:26.090+0300][9008][21940][info][gc,heap     ] GC(9)      Live:         -                18M (0%)           18M (0%)           18M (0%)             -                  -          
[2025-05-18T20:50:26.090+0300][9008][21940][info][gc,heap     ] GC(9) Allocated:         -                16M (0%)           16M (0%)           16M (0%)             -                  -          
[2025-05-18T20:50:26.090+0300][9008][21940][info][gc,heap     ] GC(9)   Garbage:         -               465M (11%)         147M (4%)           35M (1%)             -                  -          
[2025-05-18T20:50:26.090+0300][9008][21940][info][gc,heap     ] GC(9) Reclaimed:         -                  -               318M (8%)          430M (10%)            -                  -          
[2025-05-18T20:50:26.090+0300][9008][21940][info][gc          ] GC(9) Garbage Collection (Proactive) 484M(12%)->70M(2%)
[2025-05-18T20:50:32.031+0300][9008][9208 ][info][gc,stats    ] === Garbage Collection Statistics =======================================================================================================================
[2025-05-18T20:50:32.031+0300][9008][9208 ][info][gc,stats    ]                                                              Last 10s              Last 10m              Last 10h                Total
[2025-05-18T20:50:32.031+0300][9008][9208 ][info][gc,stats    ]                                                              Avg / Max             Avg / Max             Avg / Max             Avg / Max
[2025-05-18T20:50:32.031+0300][9008][9208 ][info][gc,stats    ]   Collector: Garbage Collection Cycle                     69.512 / 69.512       74.354 / 95.839       74.354 / 95.839       74.354 / 95.839      ms
[2025-05-18T20:50:32.031+0300][9008][9208 ][info][gc,stats    ]  Contention: Mark Segment Reset Contention                     0 / 0                 0 / 0                 0 / 0                 0 / 0           ops/s
[2025-05-18T20:50:32.031+0300][9008][9208 ][info][gc,stats    ]  Contention: Mark SeqNum Reset Contention                      0 / 0                 0 / 1                 0 / 1                 0 / 1           ops/s
[2025-05-18T20:50:32.031+0300][9008][9208 ][info][gc,stats    ]    Critical: Allocation Stall                                  0 / 0                 0 / 0                 0 / 0                 0 / 0           ops/s
[2025-05-18T20:50:32.031+0300][9008][9208 ][info][gc,stats    ]    Critical: Allocation Stall                              0.000 / 0.000         0.000 / 0.000         0.000 / 0.000         0.000 / 0.000       ms
[2025-05-18T20:50:32.031+0300][9008][9208 ][info][gc,stats    ]    Critical: GC Locker Stall                                   0 / 0                 0 / 0                 0 / 0                 0 / 0           ops/s
[2025-05-18T20:50:32.031+0300][9008][9208 ][info][gc,stats    ]    Critical: GC Locker Stall                               0.000 / 0.000         0.000 / 0.000         0.000 / 0.000         0.000 / 0.000       ms
[2025-05-18T20:50:32.031+0300][9008][9208 ][info][gc,stats    ]    Critical: Relocation Stall                                  0 / 0                 0 / 0                 0 / 0                 0 / 0           ops/s
[2025-05-18T20:50:32.031+0300][9008][9208 ][info][gc,stats    ]    Critical: Relocation Stall                              0.000 / 0.000         0.000 / 0.000         0.000 / 0.000         0.000 / 0.000       ms
[2025-05-18T20:50:32.031+0300][9008][9208 ][info][gc,stats    ]      Memory: Allocation Rate                                  35 / 46               35 / 142              35 / 142              35 / 142         MB/s
[2025-05-18T20:50:32.032+0300][9008][9208 ][info][gc,stats    ]      Memory: Defragment                                        0 / 0                 0 / 0                 0 / 0                 0 / 0           ops/s
[2025-05-18T20:50:32.032+0300][9008][9208 ][info][gc,stats    ]      Memory: Out Of Memory                                     0 / 0                 0 / 0                 0 / 0                 0 / 0           ops/s
[2025-05-18T20:50:32.032+0300][9008][9208 ][info][gc,stats    ]      Memory: Page Cache Flush                                  0 / 0                 0 / 0                 0 / 0                 0 / 0           MB/s
[2025-05-18T20:50:32.032+0300][9008][9208 ][info][gc,stats    ]      Memory: Page Cache Hit L1                                17 / 25               13 / 75               13 / 75               13 / 75          ops/s
[2025-05-18T20:50:32.032+0300][9008][9208 ][info][gc,stats    ]      Memory: Page Cache Hit L2                                 0 / 0                 0 / 0                 0 / 0                 0 / 0           ops/s
[2025-05-18T20:50:32.032+0300][9008][9208 ][info][gc,stats    ]      Memory: Page Cache Hit L3                                 0 / 0                 4 / 42                4 / 42                4 / 42          ops/s
[2025-05-18T20:50:32.032+0300][9008][9208 ][info][gc,stats    ]      Memory: Page Cache Miss                                   0 / 0                 0 / 1                 0 / 1                 0 / 1           ops/s
[2025-05-18T20:50:32.032+0300][9008][9208 ][info][gc,stats    ]      Memory: Uncommit                                          0 / 0                 0 / 0                 0 / 0                 0 / 0           MB/s
[2025-05-18T20:50:32.032+0300][9008][9208 ][info][gc,stats    ]      Memory: Undo Object Allocation Failed                     0 / 0                 0 / 0                 0 / 0                 0 / 0           ops/s
[2025-05-18T20:50:32.032+0300][9008][9208 ][info][gc,stats    ]      Memory: Undo Object Allocation Succeeded                  0 / 0                 0 / 12                0 / 12                0 / 12          ops/s
[2025-05-18T20:50:32.032+0300][9008][9208 ][info][gc,stats    ]      Memory: Undo Page Allocation                              0 / 0                 0 / 1                 0 / 1                 0 / 1           ops/s
[2025-05-18T20:50:32.032+0300][9008][9208 ][info][gc,stats    ]       Phase: Concurrent Mark                              44.642 / 44.642       48.599 / 62.566       48.599 / 62.566       48.599 / 62.566      ms
[2025-05-18T20:50:32.032+0300][9008][9208 ][info][gc,stats    ]       Phase: Concurrent Mark Continue                      0.000 / 0.000         0.000 / 0.000         0.000 / 0.000         0.000 / 0.000       ms
[2025-05-18T20:50:32.032+0300][9008][9208 ][info][gc,stats    ]       Phase: Concurrent Mark Free                          0.003 / 0.003         0.002 / 0.003         0.002 / 0.003         0.002 / 0.003       ms
[2025-05-18T20:50:32.032+0300][9008][9208 ][info][gc,stats    ]       Phase: Concurrent Process Non-Strong References     17.265 / 17.265       17.385 / 25.052       17.385 / 25.052       17.385 / 25.052      ms
[2025-05-18T20:50:32.032+0300][9008][9208 ][info][gc,stats    ]       Phase: Concurrent Relocate                           1.753 / 1.753         3.248 / 6.830         3.248 / 6.830         3.248 / 6.830       ms
[2025-05-18T20:50:32.032+0300][9008][9208 ][info][gc,stats    ]       Phase: Concurrent Reset Relocation Set               0.003 / 0.003         0.009 / 0.033         0.009 / 0.033         0.009 / 0.033       ms
[2025-05-18T20:50:32.032+0300][9008][9208 ][info][gc,stats    ]       Phase: Concurrent Select Relocation Set              2.271 / 2.271         3.289 / 5.621         3.289 / 5.621         3.289 / 5.621       ms
[2025-05-18T20:50:32.032+0300][9008][9208 ][info][gc,stats    ]       Phase: Pause Mark End                                0.037 / 0.037         0.026 / 0.042         0.026 / 0.042         0.026 / 0.042       ms
[2025-05-18T20:50:32.032+0300][9008][9208 ][info][gc,stats    ]       Phase: Pause Mark Start                              0.011 / 0.011         0.011 / 0.016         0.011 / 0.016         0.011 / 0.016       ms
[2025-05-18T20:50:32.032+0300][9008][9208 ][info][gc,stats    ]       Phase: Pause Relocate Start                          0.009 / 0.009         0.013 / 0.024         0.013 / 0.024         0.013 / 0.024       ms
[2025-05-18T20:50:32.032+0300][9008][9208 ][info][gc,stats    ]    Subphase: Concurrent Classes Purge                      0.246 / 0.246         0.915 / 2.143         0.915 / 2.143         0.915 / 2.143       ms
[2025-05-18T20:50:32.032+0300][9008][9208 ][info][gc,stats    ]    Subphase: Concurrent Classes Unlink                    14.901 / 14.901       14.709 / 21.925       14.709 / 21.925       14.709 / 21.925      ms
[2025-05-18T20:50:32.032+0300][9008][9208 ][info][gc,stats    ]    Subphase: Concurrent Mark                              39.357 / 42.396       42.011 / 59.540       42.011 / 59.540       42.011 / 59.540      ms
[2025-05-18T20:50:32.032+0300][9008][9208 ][info][gc,stats    ]    Subphase: Concurrent Mark Try Flush                     0.215 / 0.234         0.163 / 1.122         0.163 / 1.122         0.163 / 1.122       ms
[2025-05-18T20:50:32.032+0300][9008][9208 ][info][gc,stats    ]    Subphase: Concurrent Mark Try Terminate                 2.835 / 8.322         2.991 / 14.550        2.991 / 14.550        2.991 / 14.550      ms
[2025-05-18T20:50:32.032+0300][9008][9208 ][info][gc,stats    ]    Subphase: Concurrent References Enqueue                 0.008 / 0.008         0.006 / 0.014         0.006 / 0.014         0.006 / 0.014       ms
[2025-05-18T20:50:32.032+0300][9008][9208 ][info][gc,stats    ]    Subphase: Concurrent References Process                 0.254 / 0.254         0.168 / 0.325         0.168 / 0.325         0.168 / 0.325       ms
[2025-05-18T20:50:32.032+0300][9008][9208 ][info][gc,stats    ]    Subphase: Concurrent Roots ClassLoaderDataGraph         0.369 / 0.703         0.290 / 0.802         0.290 / 0.802         0.290 / 0.802       ms
[2025-05-18T20:50:32.032+0300][9008][9208 ][info][gc,stats    ]    Subphase: Concurrent Roots CodeCache                    0.000 / 0.000         0.000 / 0.000         0.000 / 0.000         0.000 / 0.000       ms
[2025-05-18T20:50:32.032+0300][9008][9208 ][info][gc,stats    ]    Subphase: Concurrent Roots JavaThreads                  1.462 / 1.783         2.338 / 5.503         2.338 / 5.503         2.338 / 5.503       ms
[2025-05-18T20:50:32.032+0300][9008][9208 ][info][gc,stats    ]    Subphase: Concurrent Roots OopStorageSet                0.040 / 0.053         0.045 / 0.093         0.045 / 0.093         0.045 / 0.093       ms
[2025-05-18T20:50:32.032+0300][9008][9208 ][info][gc,stats    ]    Subphase: Concurrent Weak Roots OopStorageSet           1.516 / 1.529         1.318 / 1.782         1.318 / 1.782         1.318 / 1.782       ms
[2025-05-18T20:50:32.032+0300][9008][9208 ][info][gc,stats    ]    Subphase: Pause Mark Try Complete                       0.000 / 0.000         0.000 / 0.000         0.000 / 0.000         0.000 / 0.000       ms
[2025-05-18T20:50:32.032+0300][9008][9208 ][info][gc,stats    ]      System: Java Threads                                     32 / 32               31 / 34               31 / 34               31 / 34          threads
[2025-05-18T20:50:32.033+0300][9008][9208 ][info][gc,stats    ] =========================================================================================================================================================
[2025-05-18T20:50:38.333+0300][9008][21940][info][gc,start    ] GC(10) Garbage Collection (Proactive)
[2025-05-18T20:50:38.333+0300][9008][21940][info][gc,task     ] GC(10) Using 2 workers
[2025-05-18T20:50:38.333+0300][9008][14992][info][gc,phases   ] GC(10) Pause Mark Start 0.020ms
[2025-05-18T20:50:38.396+0300][9008][21940][info][gc,phases   ] GC(10) Concurrent Mark 62.811ms
[2025-05-18T20:50:38.397+0300][9008][14992][info][gc,phases   ] GC(10) Pause Mark End 0.029ms
[2025-05-18T20:50:38.397+0300][9008][21940][info][gc,phases   ] GC(10) Concurrent Mark Free 0.002ms
[2025-05-18T20:50:38.417+0300][9008][21940][info][gc,phases   ] GC(10) Concurrent Process Non-Strong References 19.996ms
[2025-05-18T20:50:38.417+0300][9008][21940][info][gc,phases   ] GC(10) Concurrent Reset Relocation Set 0.006ms
[2025-05-18T20:50:38.421+0300][9008][21940][info][gc,phases   ] GC(10) Concurrent Select Relocation Set 3.484ms
[2025-05-18T20:50:38.421+0300][9008][14992][info][gc,phases   ] GC(10) Pause Relocate Start 0.028ms
[2025-05-18T20:50:38.425+0300][9008][21940][info][gc,phases   ] GC(10) Concurrent Relocate 2.864ms
[2025-05-18T20:50:38.425+0300][9008][21940][info][gc,load     ] GC(10) Load: 0.00/0.00/0.00
[2025-05-18T20:50:38.425+0300][9008][21940][info][gc,mmu      ] GC(10) MMU: 2ms/97.9%, 5ms/99.2%, 10ms/99.6%, 20ms/99.7%, 50ms/99.9%, 100ms/99.9%
[2025-05-18T20:50:38.425+0300][9008][21940][info][gc,marking  ] GC(10) Mark: 2 stripe(s), 2 proactive flush(es), 1 terminate flush(es), 0 completion(s), 0 continuation(s) 
[2025-05-18T20:50:38.425+0300][9008][21940][info][gc,marking  ] GC(10) Mark Stack Usage: 32M
[2025-05-18T20:50:38.425+0300][9008][21940][info][gc,nmethod  ] GC(10) NMethods: 6987 registered, 2845 unregistered
[2025-05-18T20:50:38.425+0300][9008][21940][info][gc,metaspace] GC(10) Metaspace: 33M used, 34M committed, 1088M reserved
[2025-05-18T20:50:38.425+0300][9008][21940][info][gc,ref      ] GC(10) Soft: 4638 encountered, 0 discovered, 0 enqueued
[2025-05-18T20:50:38.425+0300][9008][21940][info][gc,ref      ] GC(10) Weak: 3374 encountered, 689 discovered, 0 enqueued
[2025-05-18T20:50:38.425+0300][9008][21940][info][gc,ref      ] GC(10) Final: 3 encountered, 1 discovered, 0 enqueued
[2025-05-18T20:50:38.425+0300][9008][21940][info][gc,ref      ] GC(10) Phantom: 276 encountered, 191 discovered, 0 enqueued
[2025-05-18T20:50:38.425+0300][9008][21940][info][gc,reloc    ] GC(10) Small Pages: 226 / 452M, Empty: 324M, Relocated: 1M, In-Place: 0
[2025-05-18T20:50:38.425+0300][9008][21940][info][gc,reloc    ] GC(10) Medium Pages: 1 / 32M, Empty: 0M, Relocated: 0M, In-Place: 0
[2025-05-18T20:50:38.425+0300][9008][21940][info][gc,reloc    ] GC(10) Large Pages: 0 / 0M, Empty: 0M, Relocated: 0M, In-Place: 0
[2025-05-18T20:50:38.425+0300][9008][21940][info][gc,reloc    ] GC(10) Forwarding Usage: 0M
[2025-05-18T20:50:38.425+0300][9008][21940][info][gc,heap     ] GC(10) Min Capacity: 4096M(100%)
[2025-05-18T20:50:38.425+0300][9008][21940][info][gc,heap     ] GC(10) Max Capacity: 4096M(100%)
[2025-05-18T20:50:38.425+0300][9008][21940][info][gc,heap     ] GC(10) Soft Max Capacity: 4096M(100%)
[2025-05-18T20:50:38.425+0300][9008][21940][info][gc,heap     ] GC(10)                Mark Start          Mark End        Relocate Start      Relocate End           High               Low         
[2025-05-18T20:50:38.425+0300][9008][21940][info][gc,heap     ] GC(10)  Capacity:     4096M (100%)       4096M (100%)       4096M (100%)       4096M (100%)       4096M (100%)       4096M (100%)   
[2025-05-18T20:50:38.425+0300][9008][21940][info][gc,heap     ] GC(10)      Free:     3612M (88%)        3596M (88%)        3920M (96%)        4026M (98%)        4026M (98%)        3596M (88%)    
[2025-05-18T20:50:38.425+0300][9008][21940][info][gc,heap     ] GC(10)      Used:      484M (12%)         500M (12%)         176M (4%)           70M (2%)          500M (12%)          70M (2%)     
[2025-05-18T20:50:38.425+0300][9008][21940][info][gc,heap     ] GC(10)      Live:         -                18M (0%)           18M (0%)           18M (0%)             -                  -          
[2025-05-18T20:50:38.425+0300][9008][21940][info][gc,heap     ] GC(10) Allocated:         -                16M (0%)           16M (0%)           16M (0%)             -                  -          
[2025-05-18T20:50:38.425+0300][9008][21940][info][gc,heap     ] GC(10)   Garbage:         -               465M (11%)         141M (3%)           35M (1%)             -                  -          
[2025-05-18T20:50:38.425+0300][9008][21940][info][gc,heap     ] GC(10) Reclaimed:         -                  -               324M (8%)          430M (10%)            -                  -          
[2025-05-18T20:50:38.425+0300][9008][21940][info][gc          ] GC(10) Garbage Collection (Proactive) 484M(12%)->70M(2%)
[2025-05-18T20:50:42.026+0300][9008][9208 ][info][gc,stats    ] === Garbage Collection Statistics =======================================================================================================================
[2025-05-18T20:50:42.026+0300][9008][9208 ][info][gc,stats    ]                                                              Last 10s              Last 10m              Last 10h                Total
[2025-05-18T20:50:42.026+0300][9008][9208 ][info][gc,stats    ]                                                              Avg / Max             Avg / Max             Avg / Max             Avg / Max
[2025-05-18T20:50:42.026+0300][9008][9208 ][info][gc,stats    ]   Collector: Garbage Collection Cycle                     91.634 / 91.634       75.925 / 95.839       75.925 / 95.839       75.925 / 95.839      ms
[2025-05-18T20:50:42.026+0300][9008][9208 ][info][gc,stats    ]  Contention: Mark Segment Reset Contention                     0 / 0                 0 / 0                 0 / 0                 0 / 0           ops/s
[2025-05-18T20:50:42.026+0300][9008][9208 ][info][gc,stats    ]  Contention: Mark SeqNum Reset Contention                      0 / 0                 0 / 1                 0 / 1                 0 / 1           ops/s
[2025-05-18T20:50:42.026+0300][9008][9208 ][info][gc,stats    ]    Critical: Allocation Stall                                  0 / 0                 0 / 0                 0 / 0                 0 / 0           ops/s
[2025-05-18T20:50:42.026+0300][9008][9208 ][info][gc,stats    ]    Critical: Allocation Stall                              0.000 / 0.000         0.000 / 0.000         0.000 / 0.000         0.000 / 0.000       ms
[2025-05-18T20:50:42.026+0300][9008][9208 ][info][gc,stats    ]    Critical: GC Locker Stall                                   0 / 0                 0 / 0                 0 / 0                 0 / 0           ops/s
[2025-05-18T20:50:42.027+0300][9008][9208 ][info][gc,stats    ]    Critical: GC Locker Stall                               0.000 / 0.000         0.000 / 0.000         0.000 / 0.000         0.000 / 0.000       ms
[2025-05-18T20:50:42.027+0300][9008][9208 ][info][gc,stats    ]    Critical: Relocation Stall                                  0 / 0                 0 / 0                 0 / 0                 0 / 0           ops/s
[2025-05-18T20:50:42.027+0300][9008][9208 ][info][gc,stats    ]    Critical: Relocation Stall                              0.000 / 0.000         0.000 / 0.000         0.000 / 0.000         0.000 / 0.000       ms
[2025-05-18T20:50:42.027+0300][9008][9208 ][info][gc,stats    ]      Memory: Allocation Rate                                  34 / 46               35 / 142              35 / 142              35 / 142         MB/s
[2025-05-18T20:50:42.027+0300][9008][9208 ][info][gc,stats    ]      Memory: Defragment                                        0 / 0                 0 / 0                 0 / 0                 0 / 0           ops/s
[2025-05-18T20:50:42.027+0300][9008][9208 ][info][gc,stats    ]      Memory: Out Of Memory                                     0 / 0                 0 / 0                 0 / 0                 0 / 0           ops/s
[2025-05-18T20:50:42.027+0300][9008][9208 ][info][gc,stats    ]      Memory: Page Cache Flush                                  0 / 0                 0 / 0                 0 / 0                 0 / 0           MB/s
[2025-05-18T20:50:42.027+0300][9008][9208 ][info][gc,stats    ]      Memory: Page Cache Hit L1                                17 / 25               13 / 75               13 / 75               13 / 75          ops/s
[2025-05-18T20:50:42.027+0300][9008][9208 ][info][gc,stats    ]      Memory: Page Cache Hit L2                                 0 / 0                 0 / 0                 0 / 0                 0 / 0           ops/s
[2025-05-18T20:50:42.027+0300][9008][9208 ][info][gc,stats    ]      Memory: Page Cache Hit L3                                 0 / 0                 4 / 42                4 / 42                4 / 42          ops/s
[2025-05-18T20:50:42.027+0300][9008][9208 ][info][gc,stats    ]      Memory: Page Cache Miss                                   0 / 0                 0 / 1                 0 / 1                 0 / 1           ops/s
[2025-05-18T20:50:42.027+0300][9008][9208 ][info][gc,stats    ]      Memory: Uncommit                                          0 / 0                 0 / 0                 0 / 0                 0 / 0           MB/s
[2025-05-18T20:50:42.027+0300][9008][9208 ][info][gc,stats    ]      Memory: Undo Object Allocation Failed                     0 / 0                 0 / 0                 0 / 0                 0 / 0           ops/s
[2025-05-18T20:50:42.027+0300][9008][9208 ][info][gc,stats    ]      Memory: Undo Object Allocation Succeeded                  0 / 0                 0 / 12                0 / 12                0 / 12          ops/s
[2025-05-18T20:50:42.027+0300][9008][9208 ][info][gc,stats    ]      Memory: Undo Page Allocation                              0 / 1                 0 / 1                 0 / 1                 0 / 1           ops/s
[2025-05-18T20:50:42.027+0300][9008][9208 ][info][gc,stats    ]       Phase: Concurrent Mark                              62.811 / 62.811       49.891 / 62.811       49.891 / 62.811       49.891 / 62.811      ms
[2025-05-18T20:50:42.027+0300][9008][9208 ][info][gc,stats    ]       Phase: Concurrent Mark Continue                      0.000 / 0.000         0.000 / 0.000         0.000 / 0.000         0.000 / 0.000       ms
[2025-05-18T20:50:42.027+0300][9008][9208 ][info][gc,stats    ]       Phase: Concurrent Mark Free                          0.002 / 0.002         0.002 / 0.003         0.002 / 0.003         0.002 / 0.003       ms
[2025-05-18T20:50:42.027+0300][9008][9208 ][info][gc,stats    ]       Phase: Concurrent Process Non-Strong References     19.996 / 19.996       17.622 / 25.052       17.622 / 25.052       17.622 / 25.052      ms
[2025-05-18T20:50:42.028+0300][9008][9208 ][info][gc,stats    ]       Phase: Concurrent Relocate                           2.864 / 2.864         3.213 / 6.830         3.213 / 6.830         3.213 / 6.830       ms
[2025-05-18T20:50:42.028+0300][9008][9208 ][info][gc,stats    ]       Phase: Concurrent Reset Relocation Set               0.006 / 0.006         0.009 / 0.033         0.009 / 0.033         0.009 / 0.033       ms
[2025-05-18T20:50:42.028+0300][9008][9208 ][info][gc,stats    ]       Phase: Concurrent Select Relocation Set              3.484 / 3.484         3.307 / 5.621         3.307 / 5.621         3.307 / 5.621       ms
[2025-05-18T20:50:42.028+0300][9008][9208 ][info][gc,stats    ]       Phase: Pause Mark End                                0.029 / 0.029         0.026 / 0.042         0.026 / 0.042         0.026 / 0.042       ms
[2025-05-18T20:50:42.028+0300][9008][9208 ][info][gc,stats    ]       Phase: Pause Mark Start                              0.020 / 0.020         0.012 / 0.020         0.012 / 0.020         0.012 / 0.020       ms
[2025-05-18T20:50:42.028+0300][9008][9208 ][info][gc,stats    ]       Phase: Pause Relocate Start                          0.028 / 0.028         0.014 / 0.028         0.014 / 0.028         0.014 / 0.028       ms
[2025-05-18T20:50:42.028+0300][9008][9208 ][info][gc,stats    ]    Subphase: Concurrent Classes Purge                      0.180 / 0.180         0.848 / 2.143         0.848 / 2.143         0.848 / 2.143       ms
[2025-05-18T20:50:42.028+0300][9008][9208 ][info][gc,stats    ]    Subphase: Concurrent Classes Unlink                    17.591 / 17.591       14.971 / 21.925       14.971 / 21.925       14.971 / 21.925      ms
[2025-05-18T20:50:42.028+0300][9008][9208 ][info][gc,stats    ]    Subphase: Concurrent Mark                              54.551 / 59.949       43.151 / 59.949       43.151 / 59.949       43.151 / 59.949      ms
[2025-05-18T20:50:42.028+0300][9008][9208 ][info][gc,stats    ]    Subphase: Concurrent Mark Try Flush                     0.287 / 0.534         0.174 / 1.122         0.174 / 1.122         0.174 / 1.122       ms
[2025-05-18T20:50:42.028+0300][9008][9208 ][info][gc,stats    ]    Subphase: Concurrent Mark Try Terminate                 4.664 / 13.457        3.143 / 14.550        3.143 / 14.550        3.143 / 14.550      ms
[2025-05-18T20:50:42.028+0300][9008][9208 ][info][gc,stats    ]    Subphase: Concurrent References Enqueue                 0.001 / 0.001         0.005 / 0.014         0.005 / 0.014         0.005 / 0.014       ms
[2025-05-18T20:50:42.028+0300][9008][9208 ][info][gc,stats    ]    Subphase: Concurrent References Process                 0.163 / 0.163         0.167 / 0.325         0.167 / 0.325         0.167 / 0.325       ms
[2025-05-18T20:50:42.028+0300][9008][9208 ][info][gc,stats    ]    Subphase: Concurrent Roots ClassLoaderDataGraph         0.398 / 0.724         0.300 / 0.802         0.300 / 0.802         0.300 / 0.802       ms
[2025-05-18T20:50:42.028+0300][9008][9208 ][info][gc,stats    ]    Subphase: Concurrent Roots CodeCache                    0.000 / 0.000         0.000 / 0.000         0.000 / 0.000         0.000 / 0.000       ms
[2025-05-18T20:50:42.028+0300][9008][9208 ][info][gc,stats    ]    Subphase: Concurrent Roots JavaThreads                  2.201 / 2.519         2.325 / 5.503         2.325 / 5.503         2.325 / 5.503       ms
[2025-05-18T20:50:42.028+0300][9008][9208 ][info][gc,stats    ]    Subphase: Concurrent Roots OopStorageSet                0.043 / 0.058         0.045 / 0.093         0.045 / 0.093         0.045 / 0.093       ms
[2025-05-18T20:50:42.028+0300][9008][9208 ][info][gc,stats    ]    Subphase: Concurrent Weak Roots OopStorageSet           1.794 / 1.813         1.361 / 1.813         1.361 / 1.813         1.361 / 1.813       ms
[2025-05-18T20:50:42.028+0300][9008][9208 ][info][gc,stats    ]    Subphase: Pause Mark Try Complete                       0.000 / 0.000         0.000 / 0.000         0.000 / 0.000         0.000 / 0.000       ms
[2025-05-18T20:50:42.028+0300][9008][9208 ][info][gc,stats    ]      System: Java Threads                                     32 / 32               31 / 34               31 / 34               31 / 34          threads
[2025-05-18T20:50:42.028+0300][9008][9208 ][info][gc,stats    ] =========================================================================================================================================================
[2025-05-18T20:50:51.035+0300][9008][21940][info][gc,start    ] GC(11) Garbage Collection (Proactive)
[2025-05-18T20:50:51.035+0300][9008][21940][info][gc,task     ] GC(11) Using 2 workers
[2025-05-18T20:50:51.035+0300][9008][14992][info][gc,phases   ] GC(11) Pause Mark Start 0.012ms
[2025-05-18T20:50:51.097+0300][9008][21940][info][gc,phases   ] GC(11) Concurrent Mark 61.841ms
[2025-05-18T20:50:51.097+0300][9008][14992][info][gc,phases   ] GC(11) Pause Mark End 0.019ms
[2025-05-18T20:50:51.097+0300][9008][21940][info][gc,phases   ] GC(11) Concurrent Mark Free 0.002ms
[2025-05-18T20:50:51.117+0300][9008][21940][info][gc,phases   ] GC(11) Concurrent Process Non-Strong References 19.219ms
[2025-05-18T20:50:51.117+0300][9008][21940][info][gc,phases   ] GC(11) Concurrent Reset Relocation Set 0.006ms
[2025-05-18T20:50:51.120+0300][9008][21940][info][gc,phases   ] GC(11) Concurrent Select Relocation Set 2.729ms
[2025-05-18T20:50:51.120+0300][9008][14992][info][gc,phases   ] GC(11) Pause Relocate Start 0.029ms
[2025-05-18T20:50:51.123+0300][9008][21940][info][gc,phases   ] GC(11) Concurrent Relocate 3.039ms
[2025-05-18T20:50:51.124+0300][9008][21940][info][gc,load     ] GC(11) Load: 0.00/0.00/0.00
[2025-05-18T20:50:51.124+0300][9008][21940][info][gc,mmu      ] GC(11) MMU: 2ms/97.9%, 5ms/99.2%, 10ms/99.6%, 20ms/99.7%, 50ms/99.9%, 100ms/99.9%
[2025-05-18T20:50:51.124+0300][9008][21940][info][gc,marking  ] GC(11) Mark: 2 stripe(s), 2 proactive flush(es), 1 terminate flush(es), 0 completion(s), 0 continuation(s) 
[2025-05-18T20:50:51.124+0300][9008][21940][info][gc,marking  ] GC(11) Mark Stack Usage: 32M
[2025-05-18T20:50:51.124+0300][9008][21940][info][gc,nmethod  ] GC(11) NMethods: 6989 registered, 2849 unregistered
[2025-05-18T20:50:51.124+0300][9008][21940][info][gc,metaspace] GC(11) Metaspace: 33M used, 34M committed, 1088M reserved
[2025-05-18T20:50:51.124+0300][9008][21940][info][gc,ref      ] GC(11) Soft: 4638 encountered, 0 discovered, 0 enqueued
[2025-05-18T20:50:51.124+0300][9008][21940][info][gc,ref      ] GC(11) Weak: 3374 encountered, 518 discovered, 0 enqueued
[2025-05-18T20:50:51.124+0300][9008][21940][info][gc,ref      ] GC(11) Final: 3 encountered, 1 discovered, 0 enqueued
[2025-05-18T20:50:51.124+0300][9008][21940][info][gc,ref      ] GC(11) Phantom: 277 encountered, 165 discovered, 0 enqueued
[2025-05-18T20:50:51.124+0300][9008][21940][info][gc,reloc    ] GC(11) Small Pages: 224 / 448M, Empty: 332M, Relocated: 1M, In-Place: 0
[2025-05-18T20:50:51.124+0300][9008][21940][info][gc,reloc    ] GC(11) Medium Pages: 1 / 32M, Empty: 0M, Relocated: 0M, In-Place: 0
[2025-05-18T20:50:51.124+0300][9008][21940][info][gc,reloc    ] GC(11) Large Pages: 0 / 0M, Empty: 0M, Relocated: 0M, In-Place: 0
[2025-05-18T20:50:51.124+0300][9008][21940][info][gc,reloc    ] GC(11) Forwarding Usage: 0M
[2025-05-18T20:50:51.124+0300][9008][21940][info][gc,heap     ] GC(11) Min Capacity: 4096M(100%)
[2025-05-18T20:50:51.124+0300][9008][21940][info][gc,heap     ] GC(11) Max Capacity: 4096M(100%)
[2025-05-18T20:50:51.124+0300][9008][21940][info][gc,heap     ] GC(11) Soft Max Capacity: 4096M(100%)
[2025-05-18T20:50:51.124+0300][9008][21940][info][gc,heap     ] GC(11)                Mark Start          Mark End        Relocate Start      Relocate End           High               Low         
[2025-05-18T20:50:51.124+0300][9008][21940][info][gc,heap     ] GC(11)  Capacity:     4096M (100%)       4096M (100%)       4096M (100%)       4096M (100%)       4096M (100%)       4096M (100%)   
[2025-05-18T20:50:51.124+0300][9008][21940][info][gc,heap     ] GC(11)      Free:     3616M (88%)        3600M (88%)        3932M (96%)        4026M (98%)        4026M (98%)        3600M (88%)    
[2025-05-18T20:50:51.124+0300][9008][21940][info][gc,heap     ] GC(11)      Used:      480M (12%)         496M (12%)         164M (4%)           70M (2%)          496M (12%)          70M (2%)     
[2025-05-18T20:50:51.124+0300][9008][21940][info][gc,heap     ] GC(11)      Live:         -                18M (0%)           18M (0%)           18M (0%)             -                  -          
[2025-05-18T20:50:51.124+0300][9008][21940][info][gc,heap     ] GC(11) Allocated:         -                16M (0%)           16M (0%)           16M (0%)             -                  -          
[2025-05-18T20:50:51.124+0300][9008][21940][info][gc,heap     ] GC(11)   Garbage:         -               461M (11%)         129M (3%)           35M (1%)             -                  -          
[2025-05-18T20:50:51.124+0300][9008][21940][info][gc,heap     ] GC(11) Reclaimed:         -                  -               332M (8%)          426M (10%)            -                  -          
[2025-05-18T20:50:51.124+0300][9008][21940][info][gc          ] GC(11) Garbage Collection (Proactive) 480M(12%)->70M(2%)
[2025-05-18T20:50:52.028+0300][9008][9208 ][info][gc,stats    ] === Garbage Collection Statistics =======================================================================================================================
[2025-05-18T20:50:52.028+0300][9008][9208 ][info][gc,stats    ]                                                              Last 10s              Last 10m              Last 10h                Total
[2025-05-18T20:50:52.028+0300][9008][9208 ][info][gc,stats    ]                                                              Avg / Max             Avg / Max             Avg / Max             Avg / Max
[2025-05-18T20:50:52.028+0300][9008][9208 ][info][gc,stats    ]   Collector: Garbage Collection Cycle                     88.705 / 88.705       76.990 / 95.839       76.990 / 95.839       76.990 / 95.839      ms
[2025-05-18T20:50:52.028+0300][9008][9208 ][info][gc,stats    ]  Contention: Mark Segment Reset Contention                     0 / 1                 0 / 1                 0 / 1                 0 / 1           ops/s
[2025-05-18T20:50:52.028+0300][9008][9208 ][info][gc,stats    ]  Contention: Mark SeqNum Reset Contention                      0 / 0                 0 / 1                 0 / 1                 0 / 1           ops/s
[2025-05-18T20:50:52.028+0300][9008][9208 ][info][gc,stats    ]    Critical: Allocation Stall                                  0 / 0                 0 / 0                 0 / 0                 0 / 0           ops/s
[2025-05-18T20:50:52.028+0300][9008][9208 ][info][gc,stats    ]    Critical: Allocation Stall                              0.000 / 0.000         0.000 / 0.000         0.000 / 0.000         0.000 / 0.000       ms
[2025-05-18T20:50:52.028+0300][9008][9208 ][info][gc,stats    ]    Critical: GC Locker Stall                                   0 / 0                 0 / 0                 0 / 0                 0 / 0           ops/s
[2025-05-18T20:50:52.028+0300][9008][9208 ][info][gc,stats    ]    Critical: GC Locker Stall                               0.000 / 0.000         0.000 / 0.000         0.000 / 0.000         0.000 / 0.000       ms
[2025-05-18T20:50:52.028+0300][9008][9208 ][info][gc,stats    ]    Critical: Relocation Stall                                  0 / 0                 0 / 0                 0 / 0                 0 / 0           ops/s
[2025-05-18T20:50:52.028+0300][9008][9208 ][info][gc,stats    ]    Critical: Relocation Stall                              0.000 / 0.000         0.000 / 0.000         0.000 / 0.000         0.000 / 0.000       ms
[2025-05-18T20:50:52.028+0300][9008][9208 ][info][gc,stats    ]      Memory: Allocation Rate                                  33 / 42               35 / 142              35 / 142              35 / 142         MB/s
[2025-05-18T20:50:52.028+0300][9008][9208 ][info][gc,stats    ]      Memory: Defragment                                        0 / 0                 0 / 0                 0 / 0                 0 / 0           ops/s
[2025-05-18T20:50:52.028+0300][9008][9208 ][info][gc,stats    ]      Memory: Out Of Memory                                     0 / 0                 0 / 0                 0 / 0                 0 / 0           ops/s
[2025-05-18T20:50:52.029+0300][9008][9208 ][info][gc,stats    ]      Memory: Page Cache Flush                                  0 / 0                 0 / 0                 0 / 0                 0 / 0           MB/s
[2025-05-18T20:50:52.029+0300][9008][9208 ][info][gc,stats    ]      Memory: Page Cache Hit L1                                17 / 23               14 / 75               14 / 75               14 / 75          ops/s
[2025-05-18T20:50:52.029+0300][9008][9208 ][info][gc,stats    ]      Memory: Page Cache Hit L2                                 0 / 0                 0 / 0                 0 / 0                 0 / 0           ops/s
[2025-05-18T20:50:52.029+0300][9008][9208 ][info][gc,stats    ]      Memory: Page Cache Hit L3                                 0 / 0                 3 / 42                3 / 42                3 / 42          ops/s
[2025-05-18T20:50:52.029+0300][9008][9208 ][info][gc,stats    ]      Memory: Page Cache Miss                                   0 / 0                 0 / 1                 0 / 1                 0 / 1           ops/s
[2025-05-18T20:50:52.029+0300][9008][9208 ][info][gc,stats    ]      Memory: Uncommit                                          0 / 0                 0 / 0                 0 / 0                 0 / 0           MB/s
[2025-05-18T20:50:52.029+0300][9008][9208 ][info][gc,stats    ]      Memory: Undo Object Allocation Failed                     0 / 0                 0 / 0                 0 / 0                 0 / 0           ops/s
[2025-05-18T20:50:52.029+0300][9008][9208 ][info][gc,stats    ]      Memory: Undo Object Allocation Succeeded                  0 / 0                 0 / 12                0 / 12                0 / 12          ops/s
[2025-05-18T20:50:52.029+0300][9008][9208 ][info][gc,stats    ]      Memory: Undo Page Allocation                              0 / 0                 0 / 1                 0 / 1                 0 / 1           ops/s
[2025-05-18T20:50:52.029+0300][9008][9208 ][info][gc,stats    ]       Phase: Concurrent Mark                              61.841 / 61.841       50.887 / 62.811       50.887 / 62.811       50.887 / 62.811      ms
[2025-05-18T20:50:52.029+0300][9008][9208 ][info][gc,stats    ]       Phase: Concurrent Mark Continue                      0.000 / 0.000         0.000 / 0.000         0.000 / 0.000         0.000 / 0.000       ms
[2025-05-18T20:50:52.029+0300][9008][9208 ][info][gc,stats    ]       Phase: Concurrent Mark Free                          0.002 / 0.002         0.002 / 0.003         0.002 / 0.003         0.002 / 0.003       ms
[2025-05-18T20:50:52.029+0300][9008][9208 ][info][gc,stats    ]       Phase: Concurrent Process Non-Strong References     19.219 / 19.219       17.756 / 25.052       17.756 / 25.052       17.756 / 25.052      ms
[2025-05-18T20:50:52.029+0300][9008][9208 ][info][gc,stats    ]       Phase: Concurrent Relocate                           3.039 / 3.039         3.199 / 6.830         3.199 / 6.830         3.199 / 6.830       ms
[2025-05-18T20:50:52.029+0300][9008][9208 ][info][gc,stats    ]       Phase: Concurrent Reset Relocation Set               0.006 / 0.006         0.009 / 0.033         0.009 / 0.033         0.009 / 0.033       ms
[2025-05-18T20:50:52.029+0300][9008][9208 ][info][gc,stats    ]       Phase: Concurrent Select Relocation Set              2.729 / 2.729         3.259 / 5.621         3.259 / 5.621         3.259 / 5.621       ms
[2025-05-18T20:50:52.029+0300][9008][9208 ][info][gc,stats    ]       Phase: Pause Mark End                                0.019 / 0.019         0.026 / 0.042         0.026 / 0.042         0.026 / 0.042       ms
[2025-05-18T20:50:52.029+0300][9008][9208 ][info][gc,stats    ]       Phase: Pause Mark Start                              0.012 / 0.012         0.012 / 0.020         0.012 / 0.020         0.012 / 0.020       ms
[2025-05-18T20:50:52.029+0300][9008][9208 ][info][gc,stats    ]       Phase: Pause Relocate Start                          0.029 / 0.029         0.015 / 0.029         0.015 / 0.029         0.015 / 0.029       ms
[2025-05-18T20:50:52.029+0300][9008][9208 ][info][gc,stats    ]    Subphase: Concurrent Classes Purge                      0.214 / 0.214         0.795 / 2.143         0.795 / 2.143         0.795 / 2.143       ms
[2025-05-18T20:50:52.029+0300][9008][9208 ][info][gc,stats    ]    Subphase: Concurrent Classes Unlink                    16.968 / 16.968       15.137 / 21.925       15.137 / 21.925       15.137 / 21.925      ms
[2025-05-18T20:50:52.029+0300][9008][9208 ][info][gc,stats    ]    Subphase: Concurrent Mark                              55.530 / 59.721       44.183 / 59.949       44.183 / 59.949       44.183 / 59.949      ms
[2025-05-18T20:50:52.029+0300][9008][9208 ][info][gc,stats    ]    Subphase: Concurrent Mark Try Flush                     0.080 / 0.146         0.166 / 1.122         0.166 / 1.122         0.166 / 1.122       ms
[2025-05-18T20:50:52.029+0300][9008][9208 ][info][gc,stats    ]    Subphase: Concurrent Mark Try Terminate                 3.482 / 10.407        3.172 / 14.550        3.172 / 14.550        3.172 / 14.550      ms
[2025-05-18T20:50:52.029+0300][9008][9208 ][info][gc,stats    ]    Subphase: Concurrent References Enqueue                 0.001 / 0.001         0.005 / 0.014         0.005 / 0.014         0.005 / 0.014       ms
[2025-05-18T20:50:52.029+0300][9008][9208 ][info][gc,stats    ]    Subphase: Concurrent References Process                 0.147 / 0.147         0.166 / 0.325         0.166 / 0.325         0.166 / 0.325       ms
[2025-05-18T20:50:52.029+0300][9008][9208 ][info][gc,stats    ]    Subphase: Concurrent Roots ClassLoaderDataGraph         0.354 / 0.662         0.305 / 0.802         0.305 / 0.802         0.305 / 0.802       ms
[2025-05-18T20:50:52.029+0300][9008][9208 ][info][gc,stats    ]    Subphase: Concurrent Roots CodeCache                    0.000 / 0.000         0.000 / 0.000         0.000 / 0.000         0.000 / 0.000       ms
[2025-05-18T20:50:52.029+0300][9008][9208 ][info][gc,stats    ]    Subphase: Concurrent Roots JavaThreads                  1.534 / 1.810         2.259 / 5.503         2.259 / 5.503         2.259 / 5.503       ms
[2025-05-18T20:50:52.029+0300][9008][9208 ][info][gc,stats    ]    Subphase: Concurrent Roots OopStorageSet                0.039 / 0.052         0.044 / 0.093         0.044 / 0.093         0.044 / 0.093       ms
[2025-05-18T20:50:52.031+0300][9008][9208 ][info][gc,stats    ]    Subphase: Concurrent Weak Roots OopStorageSet           1.597 / 1.609         1.381 / 1.813         1.381 / 1.813         1.381 / 1.813       ms
[2025-05-18T20:50:52.031+0300][9008][9208 ][info][gc,stats    ]    Subphase: Pause Mark Try Complete                       0.000 / 0.000         0.000 / 0.000         0.000 / 0.000         0.000 / 0.000       ms
[2025-05-18T20:50:52.031+0300][9008][9208 ][info][gc,stats    ]      System: Java Threads                                     32 / 32               31 / 34               31 / 34               31 / 34          threads
[2025-05-18T20:50:52.031+0300][9008][9208 ][info][gc,stats    ] =========================================================================================================================================================
[2025-05-18T20:51:02.027+0300][9008][9208 ][info][gc,stats    ] === Garbage Collection Statistics =======================================================================================================================
[2025-05-18T20:51:02.027+0300][9008][9208 ][info][gc,stats    ]                                                              Last 10s              Last 10m              Last 10h                Total
[2025-05-18T20:51:02.027+0300][9008][9208 ][info][gc,stats    ]                                                              Avg / Max             Avg / Max             Avg / Max             Avg / Max
[2025-05-18T20:51:02.027+0300][9008][9208 ][info][gc,stats    ]   Collector: Garbage Collection Cycle                      0.000 / 0.000        76.990 / 95.839       76.990 / 95.839       76.990 / 95.839      ms
[2025-05-18T20:51:02.027+0300][9008][9208 ][info][gc,stats    ]  Contention: Mark Segment Reset Contention                     0 / 0                 0 / 1                 0 / 1                 0 / 1           ops/s
[2025-05-18T20:51:02.027+0300][9008][9208 ][info][gc,stats    ]  Contention: Mark SeqNum Reset Contention                      0 / 0                 0 / 1                 0 / 1                 0 / 1           ops/s
[2025-05-18T20:51:02.027+0300][9008][9208 ][info][gc,stats    ]    Critical: Allocation Stall                                  0 / 0                 0 / 0                 0 / 0                 0 / 0           ops/s
[2025-05-18T20:51:02.027+0300][9008][9208 ][info][gc,stats    ]    Critical: Allocation Stall                              0.000 / 0.000         0.000 / 0.000         0.000 / 0.000         0.000 / 0.000       ms
[2025-05-18T20:51:02.027+0300][9008][9208 ][info][gc,stats    ]    Critical: GC Locker Stall                                   0 / 0                 0 / 0                 0 / 0                 0 / 0           ops/s
[2025-05-18T20:51:02.027+0300][9008][9208 ][info][gc,stats    ]    Critical: GC Locker Stall                               0.000 / 0.000         0.000 / 0.000         0.000 / 0.000         0.000 / 0.000       ms
[2025-05-18T20:51:02.027+0300][9008][9208 ][info][gc,stats    ]    Critical: Relocation Stall                                  0 / 0                 0 / 0                 0 / 0                 0 / 0           ops/s
[2025-05-18T20:51:02.027+0300][9008][9208 ][info][gc,stats    ]    Critical: Relocation Stall                              0.000 / 0.000         0.000 / 0.000         0.000 / 0.000         0.000 / 0.000       ms
[2025-05-18T20:51:02.027+0300][9008][9208 ][info][gc,stats    ]      Memory: Allocation Rate                                  32 / 36               35 / 142              35 / 142              35 / 142         MB/s
[2025-05-18T20:51:02.027+0300][9008][9208 ][info][gc,stats    ]      Memory: Defragment                                        0 / 0                 0 / 0                 0 / 0                 0 / 0           ops/s
[2025-05-18T20:51:02.027+0300][9008][9208 ][info][gc,stats    ]      Memory: Out Of Memory                                     0 / 0                 0 / 0                 0 / 0                 0 / 0           ops/s
[2025-05-18T20:51:02.027+0300][9008][9208 ][info][gc,stats    ]      Memory: Page Cache Flush                                  0 / 0                 0 / 0                 0 / 0                 0 / 0           MB/s
[2025-05-18T20:51:02.028+0300][9008][9208 ][info][gc,stats    ]      Memory: Page Cache Hit L1                                16 / 18               14 / 75               14 / 75               14 / 75          ops/s
[2025-05-18T20:51:02.028+0300][9008][9208 ][info][gc,stats    ]      Memory: Page Cache Hit L2                                 0 / 0                 0 / 0                 0 / 0                 0 / 0           ops/s
[2025-05-18T20:51:02.028+0300][9008][9208 ][info][gc,stats    ]      Memory: Page Cache Hit L3                                 0 / 0                 3 / 42                3 / 42                3 / 42          ops/s
[2025-05-18T20:51:02.028+0300][9008][9208 ][info][gc,stats    ]      Memory: Page Cache Miss                                   0 / 0                 0 / 1                 0 / 1                 0 / 1           ops/s
[2025-05-18T20:51:02.028+0300][9008][9208 ][info][gc,stats    ]      Memory: Uncommit                                          0 / 0                 0 / 0                 0 / 0                 0 / 0           MB/s
[2025-05-18T20:51:02.028+0300][9008][9208 ][info][gc,stats    ]      Memory: Undo Object Allocation Failed                     0 / 0                 0 / 0                 0 / 0                 0 / 0           ops/s
[2025-05-18T20:51:02.028+0300][9008][9208 ][info][gc,stats    ]      Memory: Undo Object Allocation Succeeded                  0 / 0                 0 / 12                0 / 12                0 / 12          ops/s
[2025-05-18T20:51:02.028+0300][9008][9208 ][info][gc,stats    ]      Memory: Undo Page Allocation                              0 / 0                 0 / 1                 0 / 1                 0 / 1           ops/s
[2025-05-18T20:51:02.028+0300][9008][9208 ][info][gc,stats    ]       Phase: Concurrent Mark                               0.000 / 0.000        50.887 / 62.811       50.887 / 62.811       50.887 / 62.811      ms
[2025-05-18T20:51:02.028+0300][9008][9208 ][info][gc,stats    ]       Phase: Concurrent Mark Continue                      0.000 / 0.000         0.000 / 0.000         0.000 / 0.000         0.000 / 0.000       ms
[2025-05-18T20:51:02.028+0300][9008][9208 ][info][gc,stats    ]       Phase: Concurrent Mark Free                          0.000 / 0.000         0.002 / 0.003         0.002 / 0.003         0.002 / 0.003       ms
[2025-05-18T20:51:02.028+0300][9008][9208 ][info][gc,stats    ]       Phase: Concurrent Process Non-Strong References      0.000 / 0.000        17.756 / 25.052       17.756 / 25.052       17.756 / 25.052      ms
[2025-05-18T20:51:02.028+0300][9008][9208 ][info][gc,stats    ]       Phase: Concurrent Relocate                           0.000 / 0.000         3.199 / 6.830         3.199 / 6.830         3.199 / 6.830       ms
[2025-05-18T20:51:02.028+0300][9008][9208 ][info][gc,stats    ]       Phase: Concurrent Reset Relocation Set               0.000 / 0.000         0.009 / 0.033         0.009 / 0.033         0.009 / 0.033       ms
[2025-05-18T20:51:02.028+0300][9008][9208 ][info][gc,stats    ]       Phase: Concurrent Select Relocation Set              0.000 / 0.000         3.259 / 5.621         3.259 / 5.621         3.259 / 5.621       ms
[2025-05-18T20:51:02.028+0300][9008][9208 ][info][gc,stats    ]       Phase: Pause Mark End                                0.000 / 0.000         0.026 / 0.042         0.026 / 0.042         0.026 / 0.042       ms
[2025-05-18T20:51:02.028+0300][9008][9208 ][info][gc,stats    ]       Phase: Pause Mark Start                              0.000 / 0.000         0.012 / 0.020         0.012 / 0.020         0.012 / 0.020       ms
[2025-05-18T20:51:02.028+0300][9008][9208 ][info][gc,stats    ]       Phase: Pause Relocate Start                          0.000 / 0.000         0.015 / 0.029         0.015 / 0.029         0.015 / 0.029       ms
[2025-05-18T20:51:02.028+0300][9008][9208 ][info][gc,stats    ]    Subphase: Concurrent Classes Purge                      0.000 / 0.000         0.795 / 2.143         0.795 / 2.143         0.795 / 2.143       ms
[2025-05-18T20:51:02.028+0300][9008][9208 ][info][gc,stats    ]    Subphase: Concurrent Classes Unlink                     0.000 / 0.000        15.137 / 21.925       15.137 / 21.925       15.137 / 21.925      ms
[2025-05-18T20:51:02.028+0300][9008][9208 ][info][gc,stats    ]    Subphase: Concurrent Mark                               0.000 / 0.000        44.183 / 59.949       44.183 / 59.949       44.183 / 59.949      ms
[2025-05-18T20:51:02.028+0300][9008][9208 ][info][gc,stats    ]    Subphase: Concurrent Mark Try Flush                     0.000 / 0.000         0.166 / 1.122         0.166 / 1.122         0.166 / 1.122       ms
[2025-05-18T20:51:02.028+0300][9008][9208 ][info][gc,stats    ]    Subphase: Concurrent Mark Try Terminate                 0.000 / 0.000         3.172 / 14.550        3.172 / 14.550        3.172 / 14.550      ms
[2025-05-18T20:51:02.028+0300][9008][9208 ][info][gc,stats    ]    Subphase: Concurrent References Enqueue                 0.000 / 0.000         0.005 / 0.014         0.005 / 0.014         0.005 / 0.014       ms
[2025-05-18T20:51:02.028+0300][9008][9208 ][info][gc,stats    ]    Subphase: Concurrent References Process                 0.000 / 0.000         0.166 / 0.325         0.166 / 0.325         0.166 / 0.325       ms
[2025-05-18T20:51:02.029+0300][9008][9208 ][info][gc,stats    ]    Subphase: Concurrent Roots ClassLoaderDataGraph         0.000 / 0.000         0.305 / 0.802         0.305 / 0.802         0.305 / 0.802       ms
[2025-05-18T20:51:02.029+0300][9008][9208 ][info][gc,stats    ]    Subphase: Concurrent Roots CodeCache                    0.000 / 0.000         0.000 / 0.000         0.000 / 0.000         0.000 / 0.000       ms
[2025-05-18T20:51:02.029+0300][9008][9208 ][info][gc,stats    ]    Subphase: Concurrent Roots JavaThreads                  0.000 / 0.000         2.259 / 5.503         2.259 / 5.503         2.259 / 5.503       ms
[2025-05-18T20:51:02.029+0300][9008][9208 ][info][gc,stats    ]    Subphase: Concurrent Roots OopStorageSet                0.000 / 0.000         0.044 / 0.093         0.044 / 0.093         0.044 / 0.093       ms
[2025-05-18T20:51:02.029+0300][9008][9208 ][info][gc,stats    ]    Subphase: Concurrent Weak Roots OopStorageSet           0.000 / 0.000         1.381 / 1.813         1.381 / 1.813         1.381 / 1.813       ms
[2025-05-18T20:51:02.029+0300][9008][9208 ][info][gc,stats    ]    Subphase: Pause Mark Try Complete                       0.000 / 0.000         0.000 / 0.000         0.000 / 0.000         0.000 / 0.000       ms
[2025-05-18T20:51:02.029+0300][9008][9208 ][info][gc,stats    ]      System: Java Threads                                      0 / 0                31 / 34               31 / 34               31 / 34          threads
[2025-05-18T20:51:02.029+0300][9008][9208 ][info][gc,stats    ] =========================================================================================================================================================
[2025-05-18T20:51:03.730+0300][9008][21940][info][gc,start    ] GC(12) Garbage Collection (Proactive)
[2025-05-18T20:51:03.730+0300][9008][21940][info][gc,task     ] GC(12) Using 2 workers
[2025-05-18T20:51:03.730+0300][9008][14992][info][gc,phases   ] GC(12) Pause Mark Start 0.014ms
[2025-05-18T20:51:03.793+0300][9008][21940][info][gc,phases   ] GC(12) Concurrent Mark 60.665ms
[2025-05-18T20:51:03.793+0300][9008][14992][info][gc,phases   ] GC(12) Pause Mark End 0.015ms
[2025-05-18T20:51:03.793+0300][9008][21940][info][gc,phases   ] GC(12) Concurrent Mark Free 0.001ms
[2025-05-18T20:51:03.826+0300][9008][21940][info][gc,phases   ] GC(12) Concurrent Process Non-Strong References 33.805ms
[2025-05-18T20:51:03.827+0300][9008][21940][info][gc,phases   ] GC(12) Concurrent Reset Relocation Set 0.006ms
[2025-05-18T20:51:03.829+0300][9008][21940][info][gc,phases   ] GC(12) Concurrent Select Relocation Set 2.470ms
[2025-05-18T20:51:03.829+0300][9008][14992][info][gc,phases   ] GC(12) Pause Relocate Start 0.013ms
[2025-05-18T20:51:03.832+0300][9008][21940][info][gc,phases   ] GC(12) Concurrent Relocate 2.553ms
[2025-05-18T20:51:03.832+0300][9008][21940][info][gc,load     ] GC(12) Load: 0.00/0.00/0.00
[2025-05-18T20:51:03.832+0300][9008][21940][info][gc,mmu      ] GC(12) MMU: 2ms/97.9%, 5ms/99.2%, 10ms/99.6%, 20ms/99.7%, 50ms/99.9%, 100ms/99.9%
[2025-05-18T20:51:03.832+0300][9008][21940][info][gc,marking  ] GC(12) Mark: 2 stripe(s), 2 proactive flush(es), 1 terminate flush(es), 0 completion(s), 0 continuation(s) 
[2025-05-18T20:51:03.832+0300][9008][21940][info][gc,marking  ] GC(12) Mark Stack Usage: 32M
[2025-05-18T20:51:03.832+0300][9008][21940][info][gc,nmethod  ] GC(12) NMethods: 2407 registered, 7457 unregistered
[2025-05-18T20:51:03.832+0300][9008][21940][info][gc,metaspace] GC(12) Metaspace: 33M used, 34M committed, 1088M reserved
[2025-05-18T20:51:03.832+0300][9008][21940][info][gc,ref      ] GC(12) Soft: 4638 encountered, 0 discovered, 0 enqueued
[2025-05-18T20:51:03.832+0300][9008][21940][info][gc,ref      ] GC(12) Weak: 3374 encountered, 640 discovered, 0 enqueued
[2025-05-18T20:51:03.832+0300][9008][21940][info][gc,ref      ] GC(12) Final: 3 encountered, 1 discovered, 0 enqueued
[2025-05-18T20:51:03.832+0300][9008][21940][info][gc,ref      ] GC(12) Phantom: 278 encountered, 203 discovered, 0 enqueued
[2025-05-18T20:51:03.832+0300][9008][21940][info][gc,reloc    ] GC(12) Small Pages: 224 / 448M, Empty: 334M, Relocated: 1M, In-Place: 0
[2025-05-18T20:51:03.832+0300][9008][21940][info][gc,reloc    ] GC(12) Medium Pages: 1 / 32M, Empty: 0M, Relocated: 0M, In-Place: 0
[2025-05-18T20:51:03.832+0300][9008][21940][info][gc,reloc    ] GC(12) Large Pages: 0 / 0M, Empty: 0M, Relocated: 0M, In-Place: 0
[2025-05-18T20:51:03.832+0300][9008][21940][info][gc,reloc    ] GC(12) Forwarding Usage: 0M
[2025-05-18T20:51:03.833+0300][9008][21940][info][gc,heap     ] GC(12) Min Capacity: 4096M(100%)
[2025-05-18T20:51:03.833+0300][9008][21940][info][gc,heap     ] GC(12) Max Capacity: 4096M(100%)
[2025-05-18T20:51:03.833+0300][9008][21940][info][gc,heap     ] GC(12) Soft Max Capacity: 4096M(100%)
[2025-05-18T20:51:03.833+0300][9008][21940][info][gc,heap     ] GC(12)                Mark Start          Mark End        Relocate Start      Relocate End           High               Low         
[2025-05-18T20:51:03.833+0300][9008][21940][info][gc,heap     ] GC(12)  Capacity:     4096M (100%)       4096M (100%)       4096M (100%)       4096M (100%)       4096M (100%)       4096M (100%)   
[2025-05-18T20:51:03.833+0300][9008][21940][info][gc,heap     ] GC(12)      Free:     3616M (88%)        3600M (88%)        3934M (96%)        4026M (98%)        4026M (98%)        3600M (88%)    
[2025-05-18T20:51:03.833+0300][9008][21940][info][gc,heap     ] GC(12)      Used:      480M (12%)         496M (12%)         162M (4%)           70M (2%)          496M (12%)          70M (2%)     
[2025-05-18T20:51:03.833+0300][9008][21940][info][gc,heap     ] GC(12)      Live:         -                18M (0%)           18M (0%)           18M (0%)             -                  -          
[2025-05-18T20:51:03.833+0300][9008][21940][info][gc,heap     ] GC(12) Allocated:         -                16M (0%)           16M (0%)           16M (0%)             -                  -          
[2025-05-18T20:51:03.833+0300][9008][21940][info][gc,heap     ] GC(12)   Garbage:         -               461M (11%)         127M (3%)           35M (1%)             -                  -          
[2025-05-18T20:51:03.833+0300][9008][21940][info][gc,heap     ] GC(12) Reclaimed:         -                  -               334M (8%)          426M (10%)            -                  -          
[2025-05-18T20:51:03.833+0300][9008][21940][info][gc          ] GC(12) Garbage Collection (Proactive) 480M(12%)->70M(2%)
[2025-05-18T20:51:12.032+0300][9008][9208 ][info][gc,stats    ] === Garbage Collection Statistics =======================================================================================================================
[2025-05-18T20:51:12.032+0300][9008][9208 ][info][gc,stats    ]                                                              Last 10s              Last 10m              Last 10h                Total
[2025-05-18T20:51:12.032+0300][9008][9208 ][info][gc,stats    ]                                                              Avg / Max             Avg / Max             Avg / Max             Avg / Max
[2025-05-18T20:51:12.032+0300][9008][9208 ][info][gc,stats    ]   Collector: Garbage Collection Cycle                    101.996 / 101.996      78.913 / 101.996      78.913 / 101.996      78.913 / 101.996     ms
[2025-05-18T20:51:12.032+0300][9008][9208 ][info][gc,stats    ]  Contention: Mark Segment Reset Contention                     0 / 0                 0 / 1                 0 / 1                 0 / 1           ops/s
[2025-05-18T20:51:12.032+0300][9008][9208 ][info][gc,stats    ]  Contention: Mark SeqNum Reset Contention                      0 / 0                 0 / 1                 0 / 1                 0 / 1           ops/s
[2025-05-18T20:51:12.032+0300][9008][9208 ][info][gc,stats    ]    Critical: Allocation Stall                                  0 / 0                 0 / 0                 0 / 0                 0 / 0           ops/s
[2025-05-18T20:51:12.032+0300][9008][9208 ][info][gc,stats    ]    Critical: Allocation Stall                              0.000 / 0.000         0.000 / 0.000         0.000 / 0.000         0.000 / 0.000       ms
[2025-05-18T20:51:12.032+0300][9008][9208 ][info][gc,stats    ]    Critical: GC Locker Stall                                   0 / 0                 0 / 0                 0 / 0                 0 / 0           ops/s
[2025-05-18T20:51:12.032+0300][9008][9208 ][info][gc,stats    ]    Critical: GC Locker Stall                               0.000 / 0.000         0.000 / 0.000         0.000 / 0.000         0.000 / 0.000       ms
[2025-05-18T20:51:12.032+0300][9008][9208 ][info][gc,stats    ]    Critical: Relocation Stall                                  0 / 0                 0 / 0                 0 / 0                 0 / 0           ops/s
[2025-05-18T20:51:12.032+0300][9008][9208 ][info][gc,stats    ]    Critical: Relocation Stall                              0.000 / 0.000         0.000 / 0.000         0.000 / 0.000         0.000 / 0.000       ms
[2025-05-18T20:51:12.032+0300][9008][9208 ][info][gc,stats    ]      Memory: Allocation Rate                                  34 / 44               35 / 142              35 / 142              35 / 142         MB/s
[2025-05-18T20:51:12.032+0300][9008][9208 ][info][gc,stats    ]      Memory: Defragment                                        0 / 0                 0 / 0                 0 / 0                 0 / 0           ops/s
[2025-05-18T20:51:12.032+0300][9008][9208 ][info][gc,stats    ]      Memory: Out Of Memory                                     0 / 0                 0 / 0                 0 / 0                 0 / 0           ops/s
[2025-05-18T20:51:12.032+0300][9008][9208 ][info][gc,stats    ]      Memory: Page Cache Flush                                  0 / 0                 0 / 0                 0 / 0                 0 / 0           MB/s
[2025-05-18T20:51:12.033+0300][9008][9208 ][info][gc,stats    ]      Memory: Page Cache Hit L1                                17 / 24               14 / 75               14 / 75               14 / 75          ops/s
[2025-05-18T20:51:12.033+0300][9008][9208 ][info][gc,stats    ]      Memory: Page Cache Hit L2                                 0 / 0                 0 / 0                 0 / 0                 0 / 0           ops/s
[2025-05-18T20:51:12.033+0300][9008][9208 ][info][gc,stats    ]      Memory: Page Cache Hit L3                                 0 / 0                 3 / 42                3 / 42                3 / 42          ops/s
[2025-05-18T20:51:12.033+0300][9008][9208 ][info][gc,stats    ]      Memory: Page Cache Miss                                   0 / 0                 0 / 1                 0 / 1                 0 / 1           ops/s
[2025-05-18T20:51:12.033+0300][9008][9208 ][info][gc,stats    ]      Memory: Uncommit                                          0 / 0                 0 / 0                 0 / 0                 0 / 0           MB/s
[2025-05-18T20:51:12.033+0300][9008][9208 ][info][gc,stats    ]      Memory: Undo Object Allocation Failed                     0 / 0                 0 / 0                 0 / 0                 0 / 0           ops/s
[2025-05-18T20:51:12.033+0300][9008][9208 ][info][gc,stats    ]      Memory: Undo Object Allocation Succeeded                  0 / 0                 0 / 12                0 / 12                0 / 12          ops/s
[2025-05-18T20:51:12.033+0300][9008][9208 ][info][gc,stats    ]      Memory: Undo Page Allocation                              0 / 0                 0 / 1                 0 / 1                 0 / 1           ops/s
[2025-05-18T20:51:12.033+0300][9008][9208 ][info][gc,stats    ]       Phase: Concurrent Mark                              60.665 / 60.665       51.639 / 62.811       51.639 / 62.811       51.639 / 62.811      ms
[2025-05-18T20:51:12.033+0300][9008][9208 ][info][gc,stats    ]       Phase: Concurrent Mark Continue                      0.000 / 0.000         0.000 / 0.000         0.000 / 0.000         0.000 / 0.000       ms
[2025-05-18T20:51:12.033+0300][9008][9208 ][info][gc,stats    ]       Phase: Concurrent Mark Free                          0.001 / 0.001         0.002 / 0.003         0.002 / 0.003         0.002 / 0.003       ms
[2025-05-18T20:51:12.033+0300][9008][9208 ][info][gc,stats    ]       Phase: Concurrent Process Non-Strong References     33.805 / 33.805       18.990 / 33.805       18.990 / 33.805       18.990 / 33.805      ms
[2025-05-18T20:51:12.033+0300][9008][9208 ][info][gc,stats    ]       Phase: Concurrent Relocate                           2.553 / 2.553         3.149 / 6.830         3.149 / 6.830         3.149 / 6.830       ms
[2025-05-18T20:51:12.033+0300][9008][9208 ][info][gc,stats    ]       Phase: Concurrent Reset Relocation Set               0.006 / 0.006         0.009 / 0.033         0.009 / 0.033         0.009 / 0.033       ms
[2025-05-18T20:51:12.033+0300][9008][9208 ][info][gc,stats    ]       Phase: Concurrent Select Relocation Set              2.470 / 2.470         3.198 / 5.621         3.198 / 5.621         3.198 / 5.621       ms
[2025-05-18T20:51:12.033+0300][9008][9208 ][info][gc,stats    ]       Phase: Pause Mark End                                0.015 / 0.015         0.025 / 0.042         0.025 / 0.042         0.025 / 0.042       ms
[2025-05-18T20:51:12.033+0300][9008][9208 ][info][gc,stats    ]       Phase: Pause Mark Start                              0.014 / 0.014         0.012 / 0.020         0.012 / 0.020         0.012 / 0.020       ms
[2025-05-18T20:51:12.033+0300][9008][9208 ][info][gc,stats    ]       Phase: Pause Relocate Start                          0.013 / 0.013         0.015 / 0.029         0.015 / 0.029         0.015 / 0.029       ms
[2025-05-18T20:51:12.033+0300][9008][9208 ][info][gc,stats    ]    Subphase: Concurrent Classes Purge                     13.962 / 13.962        1.808 / 13.962        1.808 / 13.962        1.808 / 13.962      ms
[2025-05-18T20:51:12.033+0300][9008][9208 ][info][gc,stats    ]    Subphase: Concurrent Classes Unlink                    17.781 / 17.781       15.341 / 21.925       15.341 / 21.925       15.341 / 21.925      ms
[2025-05-18T20:51:12.033+0300][9008][9208 ][info][gc,stats    ]    Subphase: Concurrent Mark                              52.538 / 58.755       44.825 / 59.949       44.825 / 59.949       44.825 / 59.949      ms
[2025-05-18T20:51:12.033+0300][9008][9208 ][info][gc,stats    ]    Subphase: Concurrent Mark Try Flush                     0.109 / 0.152         0.162 / 1.122         0.162 / 1.122         0.162 / 1.122       ms
[2025-05-18T20:51:12.034+0300][9008][9208 ][info][gc,stats    ]    Subphase: Concurrent Mark Try Terminate                 4.538 / 13.530        3.277 / 14.550        3.277 / 14.550        3.277 / 14.550      ms
[2025-05-18T20:51:12.034+0300][9008][9208 ][info][gc,stats    ]    Subphase: Concurrent References Enqueue                 0.001 / 0.001         0.005 / 0.014         0.005 / 0.014         0.005 / 0.014       ms
[2025-05-18T20:51:12.034+0300][9008][9208 ][info][gc,stats    ]    Subphase: Concurrent References Process                 0.153 / 0.153         0.164 / 0.325         0.164 / 0.325         0.164 / 0.325       ms
[2025-05-18T20:51:12.034+0300][9008][9208 ][info][gc,stats    ]    Subphase: Concurrent Roots ClassLoaderDataGraph         0.349 / 0.663         0.308 / 0.802         0.308 / 0.802         0.308 / 0.802       ms
[2025-05-18T20:51:12.034+0300][9008][9208 ][info][gc,stats    ]    Subphase: Concurrent Roots CodeCache                    0.000 / 0.000         0.000 / 0.000         0.000 / 0.000         0.000 / 0.000       ms
[2025-05-18T20:51:12.034+0300][9008][9208 ][info][gc,stats    ]    Subphase: Concurrent Roots JavaThreads                  1.251 / 1.536         2.182 / 5.503         2.182 / 5.503         2.182 / 5.503       ms
[2025-05-18T20:51:12.034+0300][9008][9208 ][info][gc,stats    ]    Subphase: Concurrent Roots OopStorageSet                0.040 / 0.054         0.044 / 0.093         0.044 / 0.093         0.044 / 0.093       ms
[2025-05-18T20:51:12.034+0300][9008][9208 ][info][gc,stats    ]    Subphase: Concurrent Weak Roots OopStorageSet           1.566 / 1.577         1.395 / 1.813         1.395 / 1.813         1.395 / 1.813       ms
[2025-05-18T20:51:12.034+0300][9008][9208 ][info][gc,stats    ]    Subphase: Pause Mark Try Complete                       0.000 / 0.000         0.000 / 0.000         0.000 / 0.000         0.000 / 0.000       ms
[2025-05-18T20:51:12.034+0300][9008][9208 ][info][gc,stats    ]      System: Java Threads                                     32 / 32               31 / 34               31 / 34               31 / 34          threads
[2025-05-18T20:51:12.034+0300][9008][9208 ][info][gc,stats    ] =========================================================================================================================================================
[2025-05-18T20:51:16.529+0300][9008][21940][info][gc,start    ] GC(13) Garbage Collection (Proactive)
[2025-05-18T20:51:16.529+0300][9008][21940][info][gc,task     ] GC(13) Using 2 workers
[2025-05-18T20:51:16.530+0300][9008][14992][info][gc,phases   ] GC(13) Pause Mark Start 0.016ms
[2025-05-18T20:51:16.592+0300][9008][21940][info][gc,phases   ] GC(13) Concurrent Mark 62.320ms
[2025-05-18T20:51:16.593+0300][9008][14992][info][gc,phases   ] GC(13) Pause Mark End 0.060ms
[2025-05-18T20:51:16.593+0300][9008][21940][info][gc,phases   ] GC(13) Concurrent Mark Free 0.003ms
[2025-05-18T20:51:16.602+0300][9008][21940][info][gc,phases   ] GC(13) Concurrent Process Non-Strong References 9.326ms
[2025-05-18T20:51:16.602+0300][9008][21940][info][gc,phases   ] GC(13) Concurrent Reset Relocation Set 0.006ms
[2025-05-18T20:51:16.606+0300][9008][21940][info][gc,phases   ] GC(13) Concurrent Select Relocation Set 3.235ms
[2025-05-18T20:51:16.606+0300][9008][14992][info][gc,phases   ] GC(13) Pause Relocate Start 0.014ms
[2025-05-18T20:51:16.611+0300][9008][21940][info][gc,phases   ] GC(13) Concurrent Relocate 4.497ms
[2025-05-18T20:51:16.611+0300][9008][21940][info][gc,load     ] GC(13) Load: 0.00/0.00/0.00
[2025-05-18T20:51:16.611+0300][9008][21940][info][gc,mmu      ] GC(13) MMU: 2ms/97.0%, 5ms/98.8%, 10ms/99.4%, 20ms/99.6%, 50ms/99.9%, 100ms/99.9%
[2025-05-18T20:51:16.611+0300][9008][21940][info][gc,marking  ] GC(13) Mark: 2 stripe(s), 2 proactive flush(es), 1 terminate flush(es), 0 completion(s), 0 continuation(s) 
[2025-05-18T20:51:16.611+0300][9008][21940][info][gc,marking  ] GC(13) Mark Stack Usage: 32M
[2025-05-18T20:51:16.611+0300][9008][21940][info][gc,nmethod  ] GC(13) NMethods: 2454 registered, 9 unregistered
[2025-05-18T20:51:16.611+0300][9008][21940][info][gc,metaspace] GC(13) Metaspace: 33M used, 34M committed, 1088M reserved
[2025-05-18T20:51:16.611+0300][9008][21940][info][gc,ref      ] GC(13) Soft: 4638 encountered, 0 discovered, 0 enqueued
[2025-05-18T20:51:16.611+0300][9008][21940][info][gc,ref      ] GC(13) Weak: 3368 encountered, 232 discovered, 3 enqueued
[2025-05-18T20:51:16.611+0300][9008][21940][info][gc,ref      ] GC(13) Final: 3 encountered, 0 discovered, 0 enqueued
[2025-05-18T20:51:16.611+0300][9008][21940][info][gc,ref      ] GC(13) Phantom: 274 encountered, 205 discovered, 0 enqueued
[2025-05-18T20:51:16.611+0300][9008][21940][info][gc,reloc    ] GC(13) Small Pages: 226 / 452M, Empty: 344M, Relocated: 1M, In-Place: 0
[2025-05-18T20:51:16.611+0300][9008][21940][info][gc,reloc    ] GC(13) Medium Pages: 1 / 32M, Empty: 0M, Relocated: 0M, In-Place: 0
[2025-05-18T20:51:16.612+0300][9008][21940][info][gc,reloc    ] GC(13) Large Pages: 0 / 0M, Empty: 0M, Relocated: 0M, In-Place: 0
[2025-05-18T20:51:16.612+0300][9008][21940][info][gc,reloc    ] GC(13) Forwarding Usage: 0M
[2025-05-18T20:51:16.612+0300][9008][21940][info][gc,heap     ] GC(13) Min Capacity: 4096M(100%)
[2025-05-18T20:51:16.612+0300][9008][21940][info][gc,heap     ] GC(13) Max Capacity: 4096M(100%)
[2025-05-18T20:51:16.612+0300][9008][21940][info][gc,heap     ] GC(13) Soft Max Capacity: 4096M(100%)
[2025-05-18T20:51:16.612+0300][9008][21940][info][gc,heap     ] GC(13)                Mark Start          Mark End        Relocate Start      Relocate End           High               Low         
[2025-05-18T20:51:16.612+0300][9008][21940][info][gc,heap     ] GC(13)  Capacity:     4096M (100%)       4096M (100%)       4096M (100%)       4096M (100%)       4096M (100%)       4096M (100%)   
[2025-05-18T20:51:16.612+0300][9008][21940][info][gc,heap     ] GC(13)      Free:     3612M (88%)        3596M (88%)        3940M (96%)        4026M (98%)        4026M (98%)        3596M (88%)    
[2025-05-18T20:51:16.612+0300][9008][21940][info][gc,heap     ] GC(13)      Used:      484M (12%)         500M (12%)         156M (4%)           70M (2%)          500M (12%)          70M (2%)     
[2025-05-18T20:51:16.612+0300][9008][21940][info][gc,heap     ] GC(13)      Live:         -                18M (0%)           18M (0%)           18M (0%)             -                  -          
[2025-05-18T20:51:16.612+0300][9008][21940][info][gc,heap     ] GC(13) Allocated:         -                16M (0%)           16M (0%)           15M (0%)             -                  -          
[2025-05-18T20:51:16.612+0300][9008][21940][info][gc,heap     ] GC(13)   Garbage:         -               465M (11%)         121M (3%)           35M (1%)             -                  -          
[2025-05-18T20:51:16.612+0300][9008][21940][info][gc,heap     ] GC(13) Reclaimed:         -                  -               344M (8%)          429M (10%)            -                  -          
[2025-05-18T20:51:16.612+0300][9008][21940][info][gc          ] GC(13) Garbage Collection (Proactive) 484M(12%)->70M(2%)
[2025-05-18T20:51:17.085+0300][9008][21940][info][gc,start    ] GC(14) Garbage Collection (System.gc())
[2025-05-18T20:51:17.085+0300][9008][21940][info][gc,task     ] GC(14) Using 2 workers
[2025-05-18T20:51:17.085+0300][9008][14992][info][gc,phases   ] GC(14) Pause Mark Start 0.011ms
[2025-05-18T20:51:17.138+0300][9008][21940][info][gc,phases   ] GC(14) Concurrent Mark 52.681ms
[2025-05-18T20:51:17.138+0300][9008][14992][info][gc,phases   ] GC(14) Pause Mark End 0.021ms
[2025-05-18T20:51:17.138+0300][9008][21940][info][gc,phases   ] GC(14) Concurrent Mark Free 0.001ms
[2025-05-18T20:51:17.168+0300][9008][21940][info][gc,phases   ] GC(14) Concurrent Process Non-Strong References 30.136ms
[2025-05-18T20:51:17.168+0300][9008][21940][info][gc,phases   ] GC(14) Concurrent Reset Relocation Set 0.041ms
[2025-05-18T20:51:17.172+0300][9008][21940][info][gc,phases   ] GC(14) Concurrent Select Relocation Set 3.520ms
[2025-05-18T20:51:17.173+0300][9008][14992][info][gc,phases   ] GC(14) Pause Relocate Start 0.017ms
[2025-05-18T20:51:17.175+0300][9008][21940][info][gc,phases   ] GC(14) Concurrent Relocate 2.483ms
[2025-05-18T20:51:17.175+0300][9008][21940][info][gc,load     ] GC(14) Load: 0.00/0.00/0.00
[2025-05-18T20:51:17.175+0300][9008][21940][info][gc,mmu      ] GC(14) MMU: 2ms/97.0%, 5ms/98.8%, 10ms/99.4%, 20ms/99.6%, 50ms/99.9%, 100ms/99.9%
[2025-05-18T20:51:17.175+0300][9008][21940][info][gc,marking  ] GC(14) Mark: 2 stripe(s), 1 proactive flush(es), 1 terminate flush(es), 0 completion(s), 0 continuation(s) 
[2025-05-18T20:51:17.175+0300][9008][21940][info][gc,marking  ] GC(14) Mark Stack Usage: 32M
[2025-05-18T20:51:17.175+0300][9008][21940][info][gc,nmethod  ] GC(14) NMethods: 2338 registered, 278 unregistered
[2025-05-18T20:51:17.175+0300][9008][21940][info][gc,metaspace] GC(14) Metaspace: 32M used, 34M committed, 1088M reserved
[2025-05-18T20:51:17.175+0300][9008][21940][info][gc,ref      ] GC(14) Soft: 4165 encountered, 0 discovered, 0 enqueued
[2025-05-18T20:51:17.175+0300][9008][21940][info][gc,ref      ] GC(14) Weak: 2277 encountered, 719 discovered, 93 enqueued
[2025-05-18T20:51:17.175+0300][9008][21940][info][gc,ref      ] GC(14) Final: 3 encountered, 3 discovered, 0 enqueued
[2025-05-18T20:51:17.175+0300][9008][21940][info][gc,ref      ] GC(14) Phantom: 264 encountered, 195 discovered, 7 enqueued
[2025-05-18T20:51:17.175+0300][9008][21940][info][gc,reloc    ] GC(14) Small Pages: 19 / 38M, Empty: 0M, Relocated: 1M, In-Place: 0
[2025-05-18T20:51:17.175+0300][9008][21940][info][gc,reloc    ] GC(14) Medium Pages: 2 / 64M, Empty: 32M, Relocated: 0M, In-Place: 0
[2025-05-18T20:51:17.175+0300][9008][21940][info][gc,reloc    ] GC(14) Large Pages: 0 / 0M, Empty: 0M, Relocated: 0M, In-Place: 0
[2025-05-18T20:51:17.175+0300][9008][21940][info][gc,reloc    ] GC(14) Forwarding Usage: 0M
[2025-05-18T20:51:17.175+0300][9008][21940][info][gc,heap     ] GC(14) Min Capacity: 4096M(100%)
[2025-05-18T20:51:17.175+0300][9008][21940][info][gc,heap     ] GC(14) Max Capacity: 4096M(100%)
[2025-05-18T20:51:17.175+0300][9008][21940][info][gc,heap     ] GC(14) Soft Max Capacity: 4096M(100%)
[2025-05-18T20:51:17.175+0300][9008][21940][info][gc,heap     ] GC(14)                Mark Start          Mark End        Relocate Start      Relocate End           High               Low         
[2025-05-18T20:51:17.175+0300][9008][21940][info][gc,heap     ] GC(14)  Capacity:     4096M (100%)       4096M (100%)       4096M (100%)       4096M (100%)       4096M (100%)       4096M (100%)   
[2025-05-18T20:51:17.175+0300][9008][21940][info][gc,heap     ] GC(14)      Free:     3994M (98%)        3994M (98%)        4022M (98%)        4038M (99%)        4038M (99%)        3990M (97%)    
[2025-05-18T20:51:17.176+0300][9008][21940][info][gc,heap     ] GC(14)      Used:      102M (2%)          102M (2%)           74M (2%)           58M (1%)          106M (3%)           58M (1%)     
[2025-05-18T20:51:17.176+0300][9008][21940][info][gc,heap     ] GC(14)      Live:         -                17M (0%)           17M (0%)           17M (0%)             -                  -          
[2025-05-18T20:51:17.176+0300][9008][21940][info][gc,heap     ] GC(14) Allocated:         -                 0M (0%)            4M (0%)            4M (0%)             -                  -          
[2025-05-18T20:51:17.176+0300][9008][21940][info][gc,heap     ] GC(14)   Garbage:         -                84M (2%)           52M (1%)           36M (1%)             -                  -          
[2025-05-18T20:51:17.176+0300][9008][21940][info][gc,heap     ] GC(14) Reclaimed:         -                  -                32M (1%)           48M (1%)             -                  -          
[2025-05-18T20:51:17.176+0300][9008][21940][info][gc          ] GC(14) Garbage Collection (System.gc()) 102M(2%)->58M(1%)
[2025-05-18T20:51:22.020+0300][9008][9208 ][info][gc,stats    ] === Garbage Collection Statistics =======================================================================================================================
[2025-05-18T20:51:22.020+0300][9008][9208 ][info][gc,stats    ]                                                              Last 10s              Last 10m              Last 10h                Total
[2025-05-18T20:51:22.020+0300][9008][9208 ][info][gc,stats    ]                                                              Avg / Max             Avg / Max             Avg / Max             Avg / Max
[2025-05-18T20:51:22.021+0300][9008][9208 ][info][gc,stats    ]   Collector: Garbage Collection Cycle                     85.944 / 90.171       79.851 / 101.996      79.851 / 101.996      79.851 / 101.996     ms
[2025-05-18T20:51:22.021+0300][9008][9208 ][info][gc,stats    ]  Contention: Mark Segment Reset Contention                     0 / 0                 0 / 1                 0 / 1                 0 / 1           ops/s
[2025-05-18T20:51:22.021+0300][9008][9208 ][info][gc,stats    ]  Contention: Mark SeqNum Reset Contention                      0 / 0                 0 / 1                 0 / 1                 0 / 1           ops/s
[2025-05-18T20:51:22.021+0300][9008][9208 ][info][gc,stats    ]    Critical: Allocation Stall                                  0 / 0                 0 / 0                 0 / 0                 0 / 0           ops/s
[2025-05-18T20:51:22.021+0300][9008][9208 ][info][gc,stats    ]    Critical: Allocation Stall                              0.000 / 0.000         0.000 / 0.000         0.000 / 0.000         0.000 / 0.000       ms
[2025-05-18T20:51:22.021+0300][9008][9208 ][info][gc,stats    ]    Critical: GC Locker Stall                                   0 / 0                 0 / 0                 0 / 0                 0 / 0           ops/s
[2025-05-18T20:51:22.021+0300][9008][9208 ][info][gc,stats    ]    Critical: GC Locker Stall                               0.000 / 0.000         0.000 / 0.000         0.000 / 0.000         0.000 / 0.000       ms
[2025-05-18T20:51:22.021+0300][9008][9208 ][info][gc,stats    ]    Critical: Relocation Stall                                  0 / 0                 0 / 0                 0 / 0                 0 / 0           ops/s
[2025-05-18T20:51:22.021+0300][9008][9208 ][info][gc,stats    ]    Critical: Relocation Stall                              0.000 / 0.000         0.000 / 0.000         0.000 / 0.000         0.000 / 0.000       ms
[2025-05-18T20:51:22.021+0300][9008][9208 ][info][gc,stats    ]      Memory: Allocation Rate                                  38 / 70               35 / 142              35 / 142              35 / 142         MB/s
[2025-05-18T20:51:22.021+0300][9008][9208 ][info][gc,stats    ]      Memory: Defragment                                        0 / 0                 0 / 0                 0 / 0                 0 / 0           ops/s
[2025-05-18T20:51:22.021+0300][9008][9208 ][info][gc,stats    ]      Memory: Out Of Memory                                     0 / 0                 0 / 0                 0 / 0                 0 / 0           ops/s
[2025-05-18T20:51:22.021+0300][9008][9208 ][info][gc,stats    ]      Memory: Page Cache Flush                                  0 / 0                 0 / 0                 0 / 0                 0 / 0           MB/s
[2025-05-18T20:51:22.021+0300][9008][9208 ][info][gc,stats    ]      Memory: Page Cache Hit L1                                16 / 20               14 / 75               14 / 75               14 / 75          ops/s
[2025-05-18T20:51:22.021+0300][9008][9208 ][info][gc,stats    ]      Memory: Page Cache Hit L2                                 0 / 0                 0 / 0                 0 / 0                 0 / 0           ops/s
[2025-05-18T20:51:22.021+0300][9008][9208 ][info][gc,stats    ]      Memory: Page Cache Hit L3                                 0 / 1                 3 / 42                3 / 42                3 / 42          ops/s
[2025-05-18T20:51:22.021+0300][9008][9208 ][info][gc,stats    ]      Memory: Page Cache Miss                                   0 / 0                 0 / 1                 0 / 1                 0 / 1           ops/s
[2025-05-18T20:51:22.021+0300][9008][9208 ][info][gc,stats    ]      Memory: Uncommit                                          0 / 0                 0 / 0                 0 / 0                 0 / 0           MB/s
[2025-05-18T20:51:22.021+0300][9008][9208 ][info][gc,stats    ]      Memory: Undo Object Allocation Failed                     0 / 0                 0 / 0                 0 / 0                 0 / 0           ops/s
[2025-05-18T20:51:22.021+0300][9008][9208 ][info][gc,stats    ]      Memory: Undo Object Allocation Succeeded                  0 / 4                 0 / 12                0 / 12                0 / 12          ops/s
[2025-05-18T20:51:22.021+0300][9008][9208 ][info][gc,stats    ]      Memory: Undo Page Allocation                              0 / 1                 0 / 1                 0 / 1                 0 / 1           ops/s
[2025-05-18T20:51:22.021+0300][9008][9208 ][info][gc,stats    ]       Phase: Concurrent Mark                              57.500 / 62.320       52.420 / 62.811       52.420 / 62.811       52.420 / 62.811      ms
[2025-05-18T20:51:22.021+0300][9008][9208 ][info][gc,stats    ]       Phase: Concurrent Mark Continue                      0.000 / 0.000         0.000 / 0.000         0.000 / 0.000         0.000 / 0.000       ms
[2025-05-18T20:51:22.021+0300][9008][9208 ][info][gc,stats    ]       Phase: Concurrent Mark Free                          0.002 / 0.003         0.002 / 0.003         0.002 / 0.003         0.002 / 0.003       ms
[2025-05-18T20:51:22.023+0300][9008][9208 ][info][gc,stats    ]       Phase: Concurrent Process Non-Strong References     19.731 / 30.136       19.089 / 33.805       19.089 / 33.805       19.089 / 33.805      ms
[2025-05-18T20:51:22.023+0300][9008][9208 ][info][gc,stats    ]       Phase: Concurrent Relocate                           3.490 / 4.497         3.194 / 6.830         3.194 / 6.830         3.194 / 6.830       ms
[2025-05-18T20:51:22.023+0300][9008][9208 ][info][gc,stats    ]       Phase: Concurrent Reset Relocation Set               0.024 / 0.041         0.010 / 0.041         0.010 / 0.041         0.010 / 0.041       ms
[2025-05-18T20:51:22.023+0300][9008][9208 ][info][gc,stats    ]       Phase: Concurrent Select Relocation Set              3.378 / 3.520         3.222 / 5.621         3.222 / 5.621         3.222 / 5.621       ms
[2025-05-18T20:51:22.023+0300][9008][9208 ][info][gc,stats    ]       Phase: Pause Mark End                                0.041 / 0.060         0.027 / 0.060         0.027 / 0.060         0.027 / 0.060       ms
[2025-05-18T20:51:22.023+0300][9008][9208 ][info][gc,stats    ]       Phase: Pause Mark Start                              0.013 / 0.016         0.012 / 0.020         0.012 / 0.020         0.012 / 0.020       ms
[2025-05-18T20:51:22.023+0300][9008][9208 ][info][gc,stats    ]       Phase: Pause Relocate Start                          0.015 / 0.017         0.015 / 0.029         0.015 / 0.029         0.015 / 0.029       ms
[2025-05-18T20:51:22.023+0300][9008][9208 ][info][gc,stats    ]    Subphase: Concurrent Classes Purge                      1.869 / 3.445         1.816 / 13.962        1.816 / 13.962        1.816 / 13.962      ms
[2025-05-18T20:51:22.023+0300][9008][9208 ][info][gc,stats    ]    Subphase: Concurrent Classes Unlink                    15.732 / 24.746       15.393 / 24.746       15.393 / 24.746       15.393 / 24.746      ms
[2025-05-18T20:51:22.023+0300][9008][9208 ][info][gc,stats    ]    Subphase: Concurrent Mark                              49.146 / 60.345       45.402 / 60.345       45.402 / 60.345       45.402 / 60.345      ms
[2025-05-18T20:51:22.023+0300][9008][9208 ][info][gc,stats    ]    Subphase: Concurrent Mark Try Flush                     0.172 / 0.333         0.163 / 1.122         0.163 / 1.122         0.163 / 1.122       ms
[2025-05-18T20:51:22.023+0300][9008][9208 ][info][gc,stats    ]    Subphase: Concurrent Mark Try Terminate                 4.615 / 15.960        3.480 / 15.960        3.480 / 15.960        3.480 / 15.960      ms
[2025-05-18T20:51:22.023+0300][9008][9208 ][info][gc,stats    ]    Subphase: Concurrent References Enqueue                 0.015 / 0.017         0.006 / 0.017         0.006 / 0.017         0.006 / 0.017       ms
[2025-05-18T20:51:22.023+0300][9008][9208 ][info][gc,stats    ]    Subphase: Concurrent References Process                 0.198 / 0.226         0.169 / 0.325         0.169 / 0.325         0.169 / 0.325       ms
[2025-05-18T20:51:22.023+0300][9008][9208 ][info][gc,stats    ]    Subphase: Concurrent Roots ClassLoaderDataGraph         0.267 / 0.692         0.303 / 0.802         0.303 / 0.802         0.303 / 0.802       ms
[2025-05-18T20:51:22.023+0300][9008][9208 ][info][gc,stats    ]    Subphase: Concurrent Roots CodeCache                    0.000 / 0.000         0.000 / 0.000         0.000 / 0.000         0.000 / 0.000       ms
[2025-05-18T20:51:22.023+0300][9008][9208 ][info][gc,stats    ]    Subphase: Concurrent Roots JavaThreads                  1.515 / 1.788         2.093 / 5.503         2.093 / 5.503         2.093 / 5.503       ms
[2025-05-18T20:51:22.024+0300][9008][9208 ][info][gc,stats    ]    Subphase: Concurrent Roots OopStorageSet                0.031 / 0.062         0.042 / 0.093         0.042 / 0.093         0.042 / 0.093       ms
[2025-05-18T20:51:22.024+0300][9008][9208 ][info][gc,stats    ]    Subphase: Concurrent Weak Roots OopStorageSet           1.591 / 1.736         1.421 / 1.813         1.421 / 1.813         1.421 / 1.813       ms
[2025-05-18T20:51:22.024+0300][9008][9208 ][info][gc,stats    ]    Subphase: Pause Mark Try Complete                       0.000 / 0.000         0.000 / 0.000         0.000 / 0.000         0.000 / 0.000       ms
[2025-05-18T20:51:22.024+0300][9008][9208 ][info][gc,stats    ]      System: Java Threads                                     28 / 31               31 / 34               31 / 34               31 / 34          threads
[2025-05-18T20:51:22.024+0300][9008][9208 ][info][gc,stats    ] =========================================================================================================================================================
[2025-05-18T20:51:29.132+0300][9008][21940][info][gc,start    ] GC(15) Garbage Collection (Proactive)
[2025-05-18T20:51:29.132+0300][9008][21940][info][gc,task     ] GC(15) Using 2 workers
[2025-05-18T20:51:29.132+0300][9008][14992][info][gc,phases   ] GC(15) Pause Mark Start 0.014ms
[2025-05-18T20:51:29.196+0300][9008][21940][info][gc,phases   ] GC(15) Concurrent Mark 61.413ms
[2025-05-18T20:51:29.196+0300][9008][14992][info][gc,phases   ] GC(15) Pause Mark End 0.021ms
[2025-05-18T20:51:29.197+0300][9008][21940][info][gc,phases   ] GC(15) Concurrent Mark Free 0.003ms
[2025-05-18T20:51:29.209+0300][9008][21940][info][gc,phases   ] GC(15) Concurrent Process Non-Strong References 12.841ms
[2025-05-18T20:51:29.210+0300][9008][21940][info][gc,phases   ] GC(15) Concurrent Reset Relocation Set 0.008ms
[2025-05-18T20:51:29.216+0300][9008][21940][info][gc,phases   ] GC(15) Concurrent Select Relocation Set 5.995ms
[2025-05-18T20:51:29.216+0300][9008][14992][info][gc,phases   ] GC(15) Pause Relocate Start 0.013ms
[2025-05-18T20:51:29.224+0300][9008][21940][info][gc,phases   ] GC(15) Concurrent Relocate 7.249ms
[2025-05-18T20:51:29.224+0300][9008][21940][info][gc,load     ] GC(15) Load: 0.00/0.00/0.00
[2025-05-18T20:51:29.224+0300][9008][21940][info][gc,mmu      ] GC(15) MMU: 2ms/97.0%, 5ms/98.8%, 10ms/99.4%, 20ms/99.6%, 50ms/99.9%, 100ms/99.9%
[2025-05-18T20:51:29.224+0300][9008][21940][info][gc,marking  ] GC(15) Mark: 2 stripe(s), 2 proactive flush(es), 1 terminate flush(es), 0 completion(s), 0 continuation(s) 
[2025-05-18T20:51:29.224+0300][9008][21940][info][gc,marking  ] GC(15) Mark Stack Usage: 32M
[2025-05-18T20:51:29.224+0300][9008][21940][info][gc,nmethod  ] GC(15) NMethods: 3755 registered, 224 unregistered
[2025-05-18T20:51:29.224+0300][9008][21940][info][gc,metaspace] GC(15) Metaspace: 33M used, 34M committed, 1088M reserved
[2025-05-18T20:51:29.224+0300][9008][21940][info][gc,ref      ] GC(15) Soft: 4272 encountered, 0 discovered, 0 enqueued
[2025-05-18T20:51:29.224+0300][9008][21940][info][gc,ref      ] GC(15) Weak: 2759 encountered, 523 discovered, 262 enqueued
[2025-05-18T20:51:29.224+0300][9008][21940][info][gc,ref      ] GC(15) Final: 3 encountered, 1 discovered, 0 enqueued
[2025-05-18T20:51:29.224+0300][9008][21940][info][gc,ref      ] GC(15) Phantom: 299 encountered, 183 discovered, 23 enqueued
[2025-05-18T20:51:29.224+0300][9008][21940][info][gc,reloc    ] GC(15) Small Pages: 204 / 408M, Empty: 182M, Relocated: 4M, In-Place: 0
[2025-05-18T20:51:29.224+0300][9008][21940][info][gc,reloc    ] GC(15) Medium Pages: 2 / 64M, Empty: 32M, Relocated: 0M, In-Place: 0
[2025-05-18T20:51:29.224+0300][9008][21940][info][gc,reloc    ] GC(15) Large Pages: 0 / 0M, Empty: 0M, Relocated: 0M, In-Place: 0
[2025-05-18T20:51:29.224+0300][9008][21940][info][gc,reloc    ] GC(15) Forwarding Usage: 1M
[2025-05-18T20:51:29.224+0300][9008][21940][info][gc,heap     ] GC(15) Min Capacity: 4096M(100%)
[2025-05-18T20:51:29.224+0300][9008][21940][info][gc,heap     ] GC(15) Max Capacity: 4096M(100%)
[2025-05-18T20:51:29.225+0300][9008][21940][info][gc,heap     ] GC(15) Soft Max Capacity: 4096M(100%)
[2025-05-18T20:51:29.225+0300][9008][21940][info][gc,heap     ] GC(15)                Mark Start          Mark End        Relocate Start      Relocate End           High               Low         
[2025-05-18T20:51:29.225+0300][9008][21940][info][gc,heap     ] GC(15)  Capacity:     4096M (100%)       4096M (100%)       4096M (100%)       4096M (100%)       4096M (100%)       4096M (100%)   
[2025-05-18T20:51:29.225+0300][9008][21940][info][gc,heap     ] GC(15)      Free:     3624M (88%)        3608M (88%)        3822M (93%)        4028M (98%)        4028M (98%)        3608M (88%)    
[2025-05-18T20:51:29.225+0300][9008][21940][info][gc,heap     ] GC(15)      Used:      472M (12%)         488M (12%)         274M (7%)           68M (2%)          488M (12%)          68M (2%)     
[2025-05-18T20:51:29.225+0300][9008][21940][info][gc,heap     ] GC(15)      Live:         -                18M (0%)           18M (0%)           18M (0%)             -                  -          
[2025-05-18T20:51:29.225+0300][9008][21940][info][gc,heap     ] GC(15) Allocated:         -                16M (0%)           16M (0%)           16M (0%)             -                  -          
[2025-05-18T20:51:29.225+0300][9008][21940][info][gc,heap     ] GC(15)   Garbage:         -               453M (11%)         239M (6%)           33M (1%)             -                  -          
[2025-05-18T20:51:29.225+0300][9008][21940][info][gc,heap     ] GC(15) Reclaimed:         -                  -               214M (5%)          420M (10%)            -                  -          
[2025-05-18T20:51:29.225+0300][9008][21940][info][gc          ] GC(15) Garbage Collection (Proactive) 472M(12%)->68M(2%)
[2025-05-18T20:51:32.031+0300][9008][9208 ][info][gc,stats    ] === Garbage Collection Statistics =======================================================================================================================
[2025-05-18T20:51:32.031+0300][9008][9208 ][info][gc,stats    ]                                                              Last 10s              Last 10m              Last 10h                Total
[2025-05-18T20:51:32.031+0300][9008][9208 ][info][gc,stats    ]                                                              Avg / Max             Avg / Max             Avg / Max             Avg / Max
[2025-05-18T20:51:32.031+0300][9008][9208 ][info][gc,stats    ]   Collector: Garbage Collection Cycle                     91.796 / 91.796       80.597 / 101.996      80.597 / 101.996      80.597 / 101.996     ms
[2025-05-18T20:51:32.031+0300][9008][9208 ][info][gc,stats    ]  Contention: Mark Segment Reset Contention                     0 / 0                 0 / 1                 0 / 1                 0 / 1           ops/s
[2025-05-18T20:51:32.032+0300][9008][9208 ][info][gc,stats    ]  Contention: Mark SeqNum Reset Contention                      0 / 0                 0 / 1                 0 / 1                 0 / 1           ops/s
[2025-05-18T20:51:32.032+0300][9008][9208 ][info][gc,stats    ]    Critical: Allocation Stall                                  0 / 0                 0 / 0                 0 / 0                 0 / 0           ops/s
[2025-05-18T20:51:32.032+0300][9008][9208 ][info][gc,stats    ]    Critical: Allocation Stall                              0.000 / 0.000         0.000 / 0.000         0.000 / 0.000         0.000 / 0.000       ms
[2025-05-18T20:51:32.032+0300][9008][9208 ][info][gc,stats    ]    Critical: GC Locker Stall                                   0 / 0                 0 / 0                 0 / 0                 0 / 0           ops/s
[2025-05-18T20:51:32.032+0300][9008][9208 ][info][gc,stats    ]    Critical: GC Locker Stall                               0.000 / 0.000         0.000 / 0.000         0.000 / 0.000         0.000 / 0.000       ms
[2025-05-18T20:51:32.032+0300][9008][9208 ][info][gc,stats    ]    Critical: Relocation Stall                                  0 / 0                 0 / 0                 0 / 0                 0 / 0           ops/s
[2025-05-18T20:51:32.032+0300][9008][9208 ][info][gc,stats    ]    Critical: Relocation Stall                              0.000 / 0.000         0.000 / 0.000         0.000 / 0.000         0.000 / 0.000       ms
[2025-05-18T20:51:32.032+0300][9008][9208 ][info][gc,stats    ]      Memory: Allocation Rate                                  34 / 46               35 / 142              35 / 142              35 / 142         MB/s
[2025-05-18T20:51:32.032+0300][9008][9208 ][info][gc,stats    ]      Memory: Defragment                                        0 / 0                 0 / 0                 0 / 0                 0 / 0           ops/s
[2025-05-18T20:51:32.032+0300][9008][9208 ][info][gc,stats    ]      Memory: Out Of Memory                                     0 / 0                 0 / 0                 0 / 0                 0 / 0           ops/s
[2025-05-18T20:51:32.032+0300][9008][9208 ][info][gc,stats    ]      Memory: Page Cache Flush                                  0 / 0                 0 / 0                 0 / 0                 0 / 0           MB/s
[2025-05-18T20:51:32.032+0300][9008][9208 ][info][gc,stats    ]      Memory: Page Cache Hit L1                                17 / 26               14 / 75               14 / 75               14 / 75          ops/s
[2025-05-18T20:51:32.032+0300][9008][9208 ][info][gc,stats    ]      Memory: Page Cache Hit L2                                 0 / 0                 0 / 0                 0 / 0                 0 / 0           ops/s
[2025-05-18T20:51:32.032+0300][9008][9208 ][info][gc,stats    ]      Memory: Page Cache Hit L3                                 0 / 0                 3 / 42                3 / 42                3 / 42          ops/s
[2025-05-18T20:51:32.032+0300][9008][9208 ][info][gc,stats    ]      Memory: Page Cache Miss                                   0 / 0                 0 / 1                 0 / 1                 0 / 1           ops/s
[2025-05-18T20:51:32.032+0300][9008][9208 ][info][gc,stats    ]      Memory: Uncommit                                          0 / 0                 0 / 0                 0 / 0                 0 / 0           MB/s
[2025-05-18T20:51:32.032+0300][9008][9208 ][info][gc,stats    ]      Memory: Undo Object Allocation Failed                     0 / 0                 0 / 0                 0 / 0                 0 / 0           ops/s
[2025-05-18T20:51:32.032+0300][9008][9208 ][info][gc,stats    ]      Memory: Undo Object Allocation Succeeded                  0 / 0                 0 / 12                0 / 12                0 / 12          ops/s
[2025-05-18T20:51:32.032+0300][9008][9208 ][info][gc,stats    ]      Memory: Undo Page Allocation                              0 / 1                 0 / 1                 0 / 1                 0 / 1           ops/s
[2025-05-18T20:51:32.032+0300][9008][9208 ][info][gc,stats    ]       Phase: Concurrent Mark                              61.413 / 61.413       52.982 / 62.811       52.982 / 62.811       52.982 / 62.811      ms
[2025-05-18T20:51:32.033+0300][9008][9208 ][info][gc,stats    ]       Phase: Concurrent Mark Continue                      0.000 / 0.000         0.000 / 0.000         0.000 / 0.000         0.000 / 0.000       ms
[2025-05-18T20:51:32.033+0300][9008][9208 ][info][gc,stats    ]       Phase: Concurrent Mark Free                          0.003 / 0.003         0.002 / 0.003         0.002 / 0.003         0.002 / 0.003       ms
[2025-05-18T20:51:32.033+0300][9008][9208 ][info][gc,stats    ]       Phase: Concurrent Process Non-Strong References     12.841 / 12.841       18.698 / 33.805       18.698 / 33.805       18.698 / 33.805      ms
[2025-05-18T20:51:32.033+0300][9008][9208 ][info][gc,stats    ]       Phase: Concurrent Relocate                           7.249 / 7.249         3.448 / 7.249         3.448 / 7.249         3.448 / 7.249       ms
[2025-05-18T20:51:32.033+0300][9008][9208 ][info][gc,stats    ]       Phase: Concurrent Reset Relocation Set               0.008 / 0.008         0.010 / 0.041         0.010 / 0.041         0.010 / 0.041       ms
[2025-05-18T20:51:32.033+0300][9008][9208 ][info][gc,stats    ]       Phase: Concurrent Select Relocation Set              5.995 / 5.995         3.395 / 5.995         3.395 / 5.995         3.395 / 5.995       ms
[2025-05-18T20:51:32.033+0300][9008][9208 ][info][gc,stats    ]       Phase: Pause Mark End                                0.021 / 0.021         0.027 / 0.060         0.027 / 0.060         0.027 / 0.060       ms
[2025-05-18T20:51:32.033+0300][9008][9208 ][info][gc,stats    ]       Phase: Pause Mark Start                              0.014 / 0.014         0.012 / 0.020         0.012 / 0.020         0.012 / 0.020       ms
[2025-05-18T20:51:32.033+0300][9008][9208 ][info][gc,stats    ]       Phase: Pause Relocate Start                          0.013 / 0.013         0.015 / 0.029         0.015 / 0.029         0.015 / 0.029       ms
[2025-05-18T20:51:32.033+0300][9008][9208 ][info][gc,stats    ]    Subphase: Concurrent Classes Purge                      1.142 / 1.142         1.774 / 13.962        1.774 / 13.962        1.774 / 13.962      ms
[2025-05-18T20:51:32.033+0300][9008][9208 ][info][gc,stats    ]    Subphase: Concurrent Classes Unlink                     9.531 / 9.531        15.026 / 24.746       15.026 / 24.746       15.026 / 24.746      ms
[2025-05-18T20:51:32.033+0300][9008][9208 ][info][gc,stats    ]    Subphase: Concurrent Mark                              55.233 / 59.627       46.016 / 60.345       46.016 / 60.345       46.016 / 60.345      ms
[2025-05-18T20:51:32.033+0300][9008][9208 ][info][gc,stats    ]    Subphase: Concurrent Mark Try Flush                     0.106 / 0.134         0.159 / 1.122         0.159 / 1.122         0.159 / 1.122       ms
[2025-05-18T20:51:32.033+0300][9008][9208 ][info][gc,stats    ]    Subphase: Concurrent Mark Try Terminate                 3.616 / 10.745        3.489 / 15.960        3.489 / 15.960        3.489 / 15.960      ms
[2025-05-18T20:51:32.033+0300][9008][9208 ][info][gc,stats    ]    Subphase: Concurrent References Enqueue                 0.017 / 0.017         0.007 / 0.017         0.007 / 0.017         0.007 / 0.017       ms
[2025-05-18T20:51:32.033+0300][9008][9208 ][info][gc,stats    ]    Subphase: Concurrent References Process                 0.154 / 0.154         0.168 / 0.325         0.168 / 0.325         0.168 / 0.325       ms
[2025-05-18T20:51:32.033+0300][9008][9208 ][info][gc,stats    ]    Subphase: Concurrent Roots ClassLoaderDataGraph         0.359 / 0.667         0.306 / 0.802         0.306 / 0.802         0.306 / 0.802       ms
[2025-05-18T20:51:32.033+0300][9008][9208 ][info][gc,stats    ]    Subphase: Concurrent Roots CodeCache                    0.000 / 0.000         0.000 / 0.000         0.000 / 0.000         0.000 / 0.000       ms
[2025-05-18T20:51:32.033+0300][9008][9208 ][info][gc,stats    ]    Subphase: Concurrent Roots JavaThreads                  1.191 / 1.499         2.036 / 5.503         2.036 / 5.503         2.036 / 5.503       ms
[2025-05-18T20:51:32.033+0300][9008][9208 ][info][gc,stats    ]    Subphase: Concurrent Roots OopStorageSet                0.063 / 0.064         0.043 / 0.093         0.043 / 0.093         0.043 / 0.093       ms
[2025-05-18T20:51:32.033+0300][9008][9208 ][info][gc,stats    ]    Subphase: Concurrent Weak Roots OopStorageSet           1.481 / 1.492         1.425 / 1.813         1.425 / 1.813         1.425 / 1.813       ms
[2025-05-18T20:51:32.034+0300][9008][9208 ][info][gc,stats    ]    Subphase: Pause Mark Try Complete                       0.000 / 0.000         0.000 / 0.000         0.000 / 0.000         0.000 / 0.000       ms
[2025-05-18T20:51:32.034+0300][9008][9208 ][info][gc,stats    ]      System: Java Threads                                     32 / 32               31 / 34               31 / 34               31 / 34          threads
[2025-05-18T20:51:32.034+0300][9008][9208 ][info][gc,stats    ] =========================================================================================================================================================
[2025-05-18T20:51:41.632+0300][9008][21940][info][gc,start    ] GC(16) Garbage Collection (Proactive)
[2025-05-18T20:51:41.632+0300][9008][21940][info][gc,task     ] GC(16) Using 2 workers
[2025-05-18T20:51:41.632+0300][9008][14992][info][gc,phases   ] GC(16) Pause Mark Start 0.017ms
[2025-05-18T20:51:41.694+0300][9008][21940][info][gc,phases   ] GC(16) Concurrent Mark 60.640ms
[2025-05-18T20:51:41.694+0300][9008][14992][info][gc,phases   ] GC(16) Pause Mark End 0.030ms
[2025-05-18T20:51:41.694+0300][9008][21940][info][gc,phases   ] GC(16) Concurrent Mark Free 0.002ms
[2025-05-18T20:51:41.704+0300][9008][21940][info][gc,phases   ] GC(16) Concurrent Process Non-Strong References 9.872ms
[2025-05-18T20:51:41.704+0300][9008][21940][info][gc,phases   ] GC(16) Concurrent Reset Relocation Set 0.009ms
[2025-05-18T20:51:41.707+0300][9008][21940][info][gc,phases   ] GC(16) Concurrent Select Relocation Set 3.296ms
[2025-05-18T20:51:41.708+0300][9008][14992][info][gc,phases   ] GC(16) Pause Relocate Start 0.017ms
[2025-05-18T20:51:41.710+0300][9008][21940][info][gc,phases   ] GC(16) Concurrent Relocate 1.822ms
[2025-05-18T20:51:41.710+0300][9008][21940][info][gc,load     ] GC(16) Load: 0.00/0.00/0.00
[2025-05-18T20:51:41.710+0300][9008][21940][info][gc,mmu      ] GC(16) MMU: 2ms/97.0%, 5ms/98.8%, 10ms/99.4%, 20ms/99.6%, 50ms/99.9%, 100ms/99.9%
[2025-05-18T20:51:41.710+0300][9008][21940][info][gc,marking  ] GC(16) Mark: 2 stripe(s), 2 proactive flush(es), 1 terminate flush(es), 0 completion(s), 0 continuation(s) 
[2025-05-18T20:51:41.710+0300][9008][21940][info][gc,marking  ] GC(16) Mark Stack Usage: 32M
[2025-05-18T20:51:41.710+0300][9008][21940][info][gc,nmethod  ] GC(16) NMethods: 3894 registered, 263 unregistered
[2025-05-18T20:51:41.710+0300][9008][21940][info][gc,metaspace] GC(16) Metaspace: 33M used, 34M committed, 1088M reserved
[2025-05-18T20:51:41.710+0300][9008][21940][info][gc,ref      ] GC(16) Soft: 4272 encountered, 0 discovered, 0 enqueued
[2025-05-18T20:51:41.710+0300][9008][21940][info][gc,ref      ] GC(16) Weak: 2498 encountered, 938 discovered, 0 enqueued
[2025-05-18T20:51:41.710+0300][9008][21940][info][gc,ref      ] GC(16) Final: 3 encountered, 3 discovered, 0 enqueued
[2025-05-18T20:51:41.710+0300][9008][21940][info][gc,ref      ] GC(16) Phantom: 278 encountered, 200 discovered, 0 enqueued
[2025-05-18T20:51:41.710+0300][9008][21940][info][gc,reloc    ] GC(16) Small Pages: 225 / 450M, Empty: 320M, Relocated: 1M, In-Place: 0
[2025-05-18T20:51:41.710+0300][9008][21940][info][gc,reloc    ] GC(16) Medium Pages: 1 / 32M, Empty: 0M, Relocated: 0M, In-Place: 0
[2025-05-18T20:51:41.710+0300][9008][21940][info][gc,reloc    ] GC(16) Large Pages: 0 / 0M, Empty: 0M, Relocated: 0M, In-Place: 0
[2025-05-18T20:51:41.710+0300][9008][21940][info][gc,reloc    ] GC(16) Forwarding Usage: 0M
[2025-05-18T20:51:41.710+0300][9008][21940][info][gc,heap     ] GC(16) Min Capacity: 4096M(100%)
[2025-05-18T20:51:41.710+0300][9008][21940][info][gc,heap     ] GC(16) Max Capacity: 4096M(100%)
[2025-05-18T20:51:41.710+0300][9008][21940][info][gc,heap     ] GC(16) Soft Max Capacity: 4096M(100%)
[2025-05-18T20:51:41.710+0300][9008][21940][info][gc,heap     ] GC(16)                Mark Start          Mark End        Relocate Start      Relocate End           High               Low         
[2025-05-18T20:51:41.711+0300][9008][21940][info][gc,heap     ] GC(16)  Capacity:     4096M (100%)       4096M (100%)       4096M (100%)       4096M (100%)       4096M (100%)       4096M (100%)   
[2025-05-18T20:51:41.711+0300][9008][21940][info][gc,heap     ] GC(16)      Free:     3614M (88%)        3598M (88%)        3918M (96%)        4026M (98%)        4026M (98%)        3598M (88%)    
[2025-05-18T20:51:41.711+0300][9008][21940][info][gc,heap     ] GC(16)      Used:      482M (12%)         498M (12%)         178M (4%)           70M (2%)          498M (12%)          70M (2%)     
[2025-05-18T20:51:41.711+0300][9008][21940][info][gc,heap     ] GC(16)      Live:         -                18M (0%)           18M (0%)           18M (0%)             -                  -          
[2025-05-18T20:51:41.711+0300][9008][21940][info][gc,heap     ] GC(16) Allocated:         -                16M (0%)           16M (0%)           16M (0%)             -                  -          
[2025-05-18T20:51:41.711+0300][9008][21940][info][gc,heap     ] GC(16)   Garbage:         -               463M (11%)         143M (4%)           35M (1%)             -                  -          
[2025-05-18T20:51:41.711+0300][9008][21940][info][gc,heap     ] GC(16) Reclaimed:         -                  -               320M (8%)          428M (10%)            -                  -          
[2025-05-18T20:51:41.711+0300][9008][21940][info][gc          ] GC(16) Garbage Collection (Proactive) 482M(12%)->70M(2%)
[2025-05-18T20:51:42.025+0300][9008][9208 ][info][gc,stats    ] === Garbage Collection Statistics =======================================================================================================================
[2025-05-18T20:51:42.025+0300][9008][9208 ][info][gc,stats    ]                                                              Last 10s              Last 10m              Last 10h                Total
[2025-05-18T20:51:42.025+0300][9008][9208 ][info][gc,stats    ]                                                              Avg / Max             Avg / Max             Avg / Max             Avg / Max
[2025-05-18T20:51:42.025+0300][9008][9208 ][info][gc,stats    ]   Collector: Garbage Collection Cycle                     77.768 / 77.768       80.431 / 101.996      80.431 / 101.996      80.431 / 101.996     ms
[2025-05-18T20:51:42.025+0300][9008][9208 ][info][gc,stats    ]  Contention: Mark Segment Reset Contention                     0 / 0                 0 / 1                 0 / 1                 0 / 1           ops/s
[2025-05-18T20:51:42.025+0300][9008][9208 ][info][gc,stats    ]  Contention: Mark SeqNum Reset Contention                      0 / 0                 0 / 1                 0 / 1                 0 / 1           ops/s
[2025-05-18T20:51:42.025+0300][9008][9208 ][info][gc,stats    ]    Critical: Allocation Stall                                  0 / 0                 0 / 0                 0 / 0                 0 / 0           ops/s
[2025-05-18T20:51:42.025+0300][9008][9208 ][info][gc,stats    ]    Critical: Allocation Stall                              0.000 / 0.000         0.000 / 0.000         0.000 / 0.000         0.000 / 0.000       ms
[2025-05-18T20:51:42.025+0300][9008][9208 ][info][gc,stats    ]    Critical: GC Locker Stall                                   0 / 0                 0 / 0                 0 / 0                 0 / 0           ops/s
[2025-05-18T20:51:42.025+0300][9008][9208 ][info][gc,stats    ]    Critical: GC Locker Stall                               0.000 / 0.000         0.000 / 0.000         0.000 / 0.000         0.000 / 0.000       ms
[2025-05-18T20:51:42.025+0300][9008][9208 ][info][gc,stats    ]    Critical: Relocation Stall                                  0 / 0                 0 / 0                 0 / 0                 0 / 0           ops/s
[2025-05-18T20:51:42.025+0300][9008][9208 ][info][gc,stats    ]    Critical: Relocation Stall                              0.000 / 0.000         0.000 / 0.000         0.000 / 0.000         0.000 / 0.000       ms
[2025-05-18T20:51:42.025+0300][9008][9208 ][info][gc,stats    ]      Memory: Allocation Rate                                  35 / 46               35 / 142              35 / 142              35 / 142         MB/s
[2025-05-18T20:51:42.025+0300][9008][9208 ][info][gc,stats    ]      Memory: Defragment                                        0 / 0                 0 / 0                 0 / 0                 0 / 0           ops/s
[2025-05-18T20:51:42.025+0300][9008][9208 ][info][gc,stats    ]      Memory: Out Of Memory                                     0 / 0                 0 / 0                 0 / 0                 0 / 0           ops/s
[2025-05-18T20:51:42.025+0300][9008][9208 ][info][gc,stats    ]      Memory: Page Cache Flush                                  0 / 0                 0 / 0                 0 / 0                 0 / 0           MB/s
[2025-05-18T20:51:42.025+0300][9008][9208 ][info][gc,stats    ]      Memory: Page Cache Hit L1                                17 / 25               14 / 75               14 / 75               14 / 75          ops/s
[2025-05-18T20:51:42.025+0300][9008][9208 ][info][gc,stats    ]      Memory: Page Cache Hit L2                                 0 / 0                 0 / 0                 0 / 0                 0 / 0           ops/s
[2025-05-18T20:51:42.027+0300][9008][9208 ][info][gc,stats    ]      Memory: Page Cache Hit L3                                 0 / 0                 2 / 42                2 / 42                2 / 42          ops/s
[2025-05-18T20:51:42.027+0300][9008][9208 ][info][gc,stats    ]      Memory: Page Cache Miss                                   0 / 0                 0 / 1                 0 / 1                 0 / 1           ops/s
[2025-05-18T20:51:42.027+0300][9008][9208 ][info][gc,stats    ]      Memory: Uncommit                                          0 / 0                 0 / 0                 0 / 0                 0 / 0           MB/s
[2025-05-18T20:51:42.027+0300][9008][9208 ][info][gc,stats    ]      Memory: Undo Object Allocation Failed                     0 / 0                 0 / 0                 0 / 0                 0 / 0           ops/s
[2025-05-18T20:51:42.027+0300][9008][9208 ][info][gc,stats    ]      Memory: Undo Object Allocation Succeeded                  0 / 0                 0 / 12                0 / 12                0 / 12          ops/s
[2025-05-18T20:51:42.027+0300][9008][9208 ][info][gc,stats    ]      Memory: Undo Page Allocation                              0 / 1                 0 / 1                 0 / 1                 0 / 1           ops/s
[2025-05-18T20:51:42.027+0300][9008][9208 ][info][gc,stats    ]       Phase: Concurrent Mark                              60.640 / 60.640       53.433 / 62.811       53.433 / 62.811       53.433 / 62.811      ms
[2025-05-18T20:51:42.027+0300][9008][9208 ][info][gc,stats    ]       Phase: Concurrent Mark Continue                      0.000 / 0.000         0.000 / 0.000         0.000 / 0.000         0.000 / 0.000       ms
[2025-05-18T20:51:42.027+0300][9008][9208 ][info][gc,stats    ]       Phase: Concurrent Mark Free                          0.002 / 0.002         0.002 / 0.003         0.002 / 0.003         0.002 / 0.003       ms
[2025-05-18T20:51:42.027+0300][9008][9208 ][info][gc,stats    ]       Phase: Concurrent Process Non-Strong References      9.872 / 9.872        18.179 / 33.805       18.179 / 33.805       18.179 / 33.805      ms
[2025-05-18T20:51:42.027+0300][9008][9208 ][info][gc,stats    ]       Phase: Concurrent Relocate                           1.822 / 1.822         3.352 / 7.249         3.352 / 7.249         3.352 / 7.249       ms
[2025-05-18T20:51:42.027+0300][9008][9208 ][info][gc,stats    ]       Phase: Concurrent Reset Relocation Set               0.009 / 0.009         0.010 / 0.041         0.010 / 0.041         0.010 / 0.041       ms
[2025-05-18T20:51:42.027+0300][9008][9208 ][info][gc,stats    ]       Phase: Concurrent Select Relocation Set              3.296 / 3.296         3.389 / 5.995         3.389 / 5.995         3.389 / 5.995       ms
[2025-05-18T20:51:42.027+0300][9008][9208 ][info][gc,stats    ]       Phase: Pause Mark End                                0.030 / 0.030         0.027 / 0.060         0.027 / 0.060         0.027 / 0.060       ms
[2025-05-18T20:51:42.027+0300][9008][9208 ][info][gc,stats    ]       Phase: Pause Mark Start                              0.017 / 0.017         0.013 / 0.020         0.013 / 0.020         0.013 / 0.020       ms
[2025-05-18T20:51:42.027+0300][9008][9208 ][info][gc,stats    ]       Phase: Pause Relocate Start                          0.017 / 0.017         0.015 / 0.029         0.015 / 0.029         0.015 / 0.029       ms
[2025-05-18T20:51:42.027+0300][9008][9208 ][info][gc,stats    ]    Subphase: Concurrent Classes Purge                      0.273 / 0.273         1.686 / 13.962        1.686 / 13.962        1.686 / 13.962      ms
[2025-05-18T20:51:42.027+0300][9008][9208 ][info][gc,stats    ]    Subphase: Concurrent Classes Unlink                     6.742 / 6.742        14.539 / 24.746       14.539 / 24.746       14.539 / 24.746      ms
[2025-05-18T20:51:42.027+0300][9008][9208 ][info][gc,stats    ]    Subphase: Concurrent Mark                              50.767 / 58.724       46.296 / 60.345       46.296 / 60.345       46.296 / 60.345      ms
[2025-05-18T20:51:42.027+0300][9008][9208 ][info][gc,stats    ]    Subphase: Concurrent Mark Try Flush                     0.126 / 0.151         0.158 / 1.122         0.158 / 1.122         0.158 / 1.122       ms
[2025-05-18T20:51:42.027+0300][9008][9208 ][info][gc,stats    ]    Subphase: Concurrent Mark Try Terminate                 5.418 / 16.167        3.600 / 16.167        3.600 / 16.167        3.600 / 16.167      ms
[2025-05-18T20:51:42.027+0300][9008][9208 ][info][gc,stats    ]    Subphase: Concurrent References Enqueue                 0.001 / 0.001         0.006 / 0.017         0.006 / 0.017         0.006 / 0.017       ms
[2025-05-18T20:51:42.027+0300][9008][9208 ][info][gc,stats    ]    Subphase: Concurrent References Process                 0.214 / 0.214         0.171 / 0.325         0.171 / 0.325         0.171 / 0.325       ms
[2025-05-18T20:51:42.027+0300][9008][9208 ][info][gc,stats    ]    Subphase: Concurrent Roots ClassLoaderDataGraph         0.392 / 0.745         0.311 / 0.802         0.311 / 0.802         0.311 / 0.802       ms
[2025-05-18T20:51:42.027+0300][9008][9208 ][info][gc,stats    ]    Subphase: Concurrent Roots CodeCache                    0.000 / 0.000         0.000 / 0.000         0.000 / 0.000         0.000 / 0.000       ms
[2025-05-18T20:51:42.027+0300][9008][9208 ][info][gc,stats    ]    Subphase: Concurrent Roots JavaThreads                  1.219 / 1.567         1.988 / 5.503         1.988 / 5.503         1.988 / 5.503       ms
[2025-05-18T20:51:42.027+0300][9008][9208 ][info][gc,stats    ]    Subphase: Concurrent Roots OopStorageSet                0.037 / 0.051         0.043 / 0.093         0.043 / 0.093         0.043 / 0.093       ms
[2025-05-18T20:51:42.027+0300][9008][9208 ][info][gc,stats    ]    Subphase: Concurrent Weak Roots OopStorageSet           2.356 / 2.357         1.480 / 2.357         1.480 / 2.357         1.480 / 2.357       ms
[2025-05-18T20:51:42.027+0300][9008][9208 ][info][gc,stats    ]    Subphase: Pause Mark Try Complete                       0.000 / 0.000         0.000 / 0.000         0.000 / 0.000         0.000 / 0.000       ms
[2025-05-18T20:51:42.027+0300][9008][9208 ][info][gc,stats    ]      System: Java Threads                                     32 / 32               31 / 34               31 / 34               31 / 34          threads
[2025-05-18T20:51:42.027+0300][9008][9208 ][info][gc,stats    ] =========================================================================================================================================================
[2025-05-18T20:51:52.032+0300][9008][9208 ][info][gc,stats    ] === Garbage Collection Statistics =======================================================================================================================
[2025-05-18T20:51:52.032+0300][9008][9208 ][info][gc,stats    ]                                                              Last 10s              Last 10m              Last 10h                Total
[2025-05-18T20:51:52.032+0300][9008][9208 ][info][gc,stats    ]                                                              Avg / Max             Avg / Max             Avg / Max             Avg / Max
[2025-05-18T20:51:52.032+0300][9008][9208 ][info][gc,stats    ]   Collector: Garbage Collection Cycle                      0.000 / 0.000        80.431 / 101.996      80.431 / 101.996      80.431 / 101.996     ms
[2025-05-18T20:51:52.032+0300][9008][9208 ][info][gc,stats    ]  Contention: Mark Segment Reset Contention                     0 / 0                 0 / 1                 0 / 1                 0 / 1           ops/s
[2025-05-18T20:51:52.032+0300][9008][9208 ][info][gc,stats    ]  Contention: Mark SeqNum Reset Contention                      0 / 0                 0 / 1                 0 / 1                 0 / 1           ops/s
[2025-05-18T20:51:52.032+0300][9008][9208 ][info][gc,stats    ]    Critical: Allocation Stall                                  0 / 0                 0 / 0                 0 / 0                 0 / 0           ops/s
[2025-05-18T20:51:52.032+0300][9008][9208 ][info][gc,stats    ]    Critical: Allocation Stall                              0.000 / 0.000         0.000 / 0.000         0.000 / 0.000         0.000 / 0.000       ms
[2025-05-18T20:51:52.033+0300][9008][9208 ][info][gc,stats    ]    Critical: GC Locker Stall                                   0 / 0                 0 / 0                 0 / 0                 0 / 0           ops/s
[2025-05-18T20:51:52.033+0300][9008][9208 ][info][gc,stats    ]    Critical: GC Locker Stall                               0.000 / 0.000         0.000 / 0.000         0.000 / 0.000         0.000 / 0.000       ms
[2025-05-18T20:51:52.033+0300][9008][9208 ][info][gc,stats    ]    Critical: Relocation Stall                                  0 / 0                 0 / 0                 0 / 0                 0 / 0           ops/s
[2025-05-18T20:51:52.033+0300][9008][9208 ][info][gc,stats    ]    Critical: Relocation Stall                              0.000 / 0.000         0.000 / 0.000         0.000 / 0.000         0.000 / 0.000       ms
[2025-05-18T20:51:52.033+0300][9008][9208 ][info][gc,stats    ]      Memory: Allocation Rate                                  33 / 38               35 / 142              35 / 142              35 / 142         MB/s
[2025-05-18T20:51:52.033+0300][9008][9208 ][info][gc,stats    ]      Memory: Defragment                                        0 / 0                 0 / 0                 0 / 0                 0 / 0           ops/s
[2025-05-18T20:51:52.033+0300][9008][9208 ][info][gc,stats    ]      Memory: Out Of Memory                                     0 / 0                 0 / 0                 0 / 0                 0 / 0           ops/s
[2025-05-18T20:51:52.033+0300][9008][9208 ][info][gc,stats    ]      Memory: Page Cache Flush                                  0 / 0                 0 / 0                 0 / 0                 0 / 0           MB/s
[2025-05-18T20:51:52.033+0300][9008][9208 ][info][gc,stats    ]      Memory: Page Cache Hit L1                                16 / 19               14 / 75               14 / 75               14 / 75          ops/s
[2025-05-18T20:51:52.033+0300][9008][9208 ][info][gc,stats    ]      Memory: Page Cache Hit L2                                 0 / 0                 0 / 0                 0 / 0                 0 / 0           ops/s
[2025-05-18T20:51:52.033+0300][9008][9208 ][info][gc,stats    ]      Memory: Page Cache Hit L3                                 0 / 0                 2 / 42                2 / 42                2 / 42          ops/s
[2025-05-18T20:51:52.033+0300][9008][9208 ][info][gc,stats    ]      Memory: Page Cache Miss                                   0 / 0                 0 / 1                 0 / 1                 0 / 1           ops/s
[2025-05-18T20:51:52.033+0300][9008][9208 ][info][gc,stats    ]      Memory: Uncommit                                          0 / 0                 0 / 0                 0 / 0                 0 / 0           MB/s
[2025-05-18T20:51:52.033+0300][9008][9208 ][info][gc,stats    ]      Memory: Undo Object Allocation Failed                     0 / 0                 0 / 0                 0 / 0                 0 / 0           ops/s
[2025-05-18T20:51:52.033+0300][9008][9208 ][info][gc,stats    ]      Memory: Undo Object Allocation Succeeded                  0 / 0                 0 / 12                0 / 12                0 / 12          ops/s
[2025-05-18T20:51:52.033+0300][9008][9208 ][info][gc,stats    ]      Memory: Undo Page Allocation                              0 / 0                 0 / 1                 0 / 1                 0 / 1           ops/s
[2025-05-18T20:51:52.033+0300][9008][9208 ][info][gc,stats    ]       Phase: Concurrent Mark                               0.000 / 0.000        53.433 / 62.811       53.433 / 62.811       53.433 / 62.811      ms
[2025-05-18T20:51:52.033+0300][9008][9208 ][info][gc,stats    ]       Phase: Concurrent Mark Continue                      0.000 / 0.000         0.000 / 0.000         0.000 / 0.000         0.000 / 0.000       ms
[2025-05-18T20:51:52.033+0300][9008][9208 ][info][gc,stats    ]       Phase: Concurrent Mark Free                          0.000 / 0.000         0.002 / 0.003         0.002 / 0.003         0.002 / 0.003       ms
[2025-05-18T20:51:52.033+0300][9008][9208 ][info][gc,stats    ]       Phase: Concurrent Process Non-Strong References      0.000 / 0.000        18.179 / 33.805       18.179 / 33.805       18.179 / 33.805      ms
[2025-05-18T20:51:52.033+0300][9008][9208 ][info][gc,stats    ]       Phase: Concurrent Relocate                           0.000 / 0.000         3.352 / 7.249         3.352 / 7.249         3.352 / 7.249       ms
[2025-05-18T20:51:52.033+0300][9008][9208 ][info][gc,stats    ]       Phase: Concurrent Reset Relocation Set               0.000 / 0.000         0.010 / 0.041         0.010 / 0.041         0.010 / 0.041       ms
[2025-05-18T20:51:52.033+0300][9008][9208 ][info][gc,stats    ]       Phase: Concurrent Select Relocation Set              0.000 / 0.000         3.389 / 5.995         3.389 / 5.995         3.389 / 5.995       ms
[2025-05-18T20:51:52.033+0300][9008][9208 ][info][gc,stats    ]       Phase: Pause Mark End                                0.000 / 0.000         0.027 / 0.060         0.027 / 0.060         0.027 / 0.060       ms
[2025-05-18T20:51:52.034+0300][9008][9208 ][info][gc,stats    ]       Phase: Pause Mark Start                              0.000 / 0.000         0.013 / 0.020         0.013 / 0.020         0.013 / 0.020       ms
[2025-05-18T20:51:52.034+0300][9008][9208 ][info][gc,stats    ]       Phase: Pause Relocate Start                          0.000 / 0.000         0.015 / 0.029         0.015 / 0.029         0.015 / 0.029       ms
[2025-05-18T20:51:52.034+0300][9008][9208 ][info][gc,stats    ]    Subphase: Concurrent Classes Purge                      0.000 / 0.000         1.686 / 13.962        1.686 / 13.962        1.686 / 13.962      ms
[2025-05-18T20:51:52.034+0300][9008][9208 ][info][gc,stats    ]    Subphase: Concurrent Classes Unlink                     0.000 / 0.000        14.539 / 24.746       14.539 / 24.746       14.539 / 24.746      ms
[2025-05-18T20:51:52.034+0300][9008][9208 ][info][gc,stats    ]    Subphase: Concurrent Mark                               0.000 / 0.000        46.296 / 60.345       46.296 / 60.345       46.296 / 60.345      ms
[2025-05-18T20:51:52.034+0300][9008][9208 ][info][gc,stats    ]    Subphase: Concurrent Mark Try Flush                     0.000 / 0.000         0.158 / 1.122         0.158 / 1.122         0.158 / 1.122       ms
[2025-05-18T20:51:52.034+0300][9008][9208 ][info][gc,stats    ]    Subphase: Concurrent Mark Try Terminate                 0.000 / 0.000         3.600 / 16.167        3.600 / 16.167        3.600 / 16.167      ms
[2025-05-18T20:51:52.034+0300][9008][9208 ][info][gc,stats    ]    Subphase: Concurrent References Enqueue                 0.000 / 0.000         0.006 / 0.017         0.006 / 0.017         0.006 / 0.017       ms
[2025-05-18T20:51:52.034+0300][9008][9208 ][info][gc,stats    ]    Subphase: Concurrent References Process                 0.000 / 0.000         0.171 / 0.325         0.171 / 0.325         0.171 / 0.325       ms
[2025-05-18T20:51:52.034+0300][9008][9208 ][info][gc,stats    ]    Subphase: Concurrent Roots ClassLoaderDataGraph         0.000 / 0.000         0.311 / 0.802         0.311 / 0.802         0.311 / 0.802       ms
[2025-05-18T20:51:52.034+0300][9008][9208 ][info][gc,stats    ]    Subphase: Concurrent Roots CodeCache                    0.000 / 0.000         0.000 / 0.000         0.000 / 0.000         0.000 / 0.000       ms
[2025-05-18T20:51:52.034+0300][9008][9208 ][info][gc,stats    ]    Subphase: Concurrent Roots JavaThreads                  0.000 / 0.000         1.988 / 5.503         1.988 / 5.503         1.988 / 5.503       ms
[2025-05-18T20:51:52.034+0300][9008][9208 ][info][gc,stats    ]    Subphase: Concurrent Roots OopStorageSet                0.000 / 0.000         0.043 / 0.093         0.043 / 0.093         0.043 / 0.093       ms
[2025-05-18T20:51:52.034+0300][9008][9208 ][info][gc,stats    ]    Subphase: Concurrent Weak Roots OopStorageSet           0.000 / 0.000         1.480 / 2.357         1.480 / 2.357         1.480 / 2.357       ms
[2025-05-18T20:51:52.034+0300][9008][9208 ][info][gc,stats    ]    Subphase: Pause Mark Try Complete                       0.000 / 0.000         0.000 / 0.000         0.000 / 0.000         0.000 / 0.000       ms
[2025-05-18T20:51:52.034+0300][9008][9208 ][info][gc,stats    ]      System: Java Threads                                      0 / 0                31 / 34               31 / 34               31 / 34          threads
[2025-05-18T20:51:52.034+0300][9008][9208 ][info][gc,stats    ] =========================================================================================================================================================
[2025-05-18T20:51:53.627+0300][9008][21940][info][gc,start    ] GC(17) Garbage Collection (Proactive)
[2025-05-18T20:51:53.627+0300][9008][21940][info][gc,task     ] GC(17) Using 2 workers
[2025-05-18T20:51:53.627+0300][9008][14992][info][gc,phases   ] GC(17) Pause Mark Start 0.009ms
[2025-05-18T20:51:53.657+0300][9008][21940][info][gc,phases   ] GC(17) Concurrent Mark 30.036ms
[2025-05-18T20:51:53.657+0300][9008][14992][info][gc,phases   ] GC(17) Pause Mark End 0.016ms
[2025-05-18T20:51:53.657+0300][9008][21940][info][gc,phases   ] GC(17) Concurrent Mark Free 0.001ms
[2025-05-18T20:51:53.662+0300][9008][21940][info][gc,phases   ] GC(17) Concurrent Process Non-Strong References 4.626ms
[2025-05-18T20:51:53.662+0300][9008][21940][info][gc,phases   ] GC(17) Concurrent Reset Relocation Set 0.002ms
[2025-05-18T20:51:53.663+0300][9008][21940][info][gc,phases   ] GC(17) Concurrent Select Relocation Set 1.572ms
[2025-05-18T20:51:53.663+0300][9008][14992][info][gc,phases   ] GC(17) Pause Relocate Start 0.007ms
[2025-05-18T20:51:53.664+0300][9008][21940][info][gc,phases   ] GC(17) Concurrent Relocate 0.607ms
[2025-05-18T20:51:53.664+0300][9008][21940][info][gc,load     ] GC(17) Load: 0.00/0.00/0.00
[2025-05-18T20:51:53.664+0300][9008][21940][info][gc,mmu      ] GC(17) MMU: 2ms/97.0%, 5ms/98.8%, 10ms/99.4%, 20ms/99.6%, 50ms/99.9%, 100ms/99.9%
[2025-05-18T20:51:53.664+0300][9008][21940][info][gc,marking  ] GC(17) Mark: 2 stripe(s), 2 proactive flush(es), 1 terminate flush(es), 0 completion(s), 0 continuation(s) 
[2025-05-18T20:51:53.664+0300][9008][21940][info][gc,marking  ] GC(17) Mark Stack Usage: 32M
[2025-05-18T20:51:53.664+0300][9008][21940][info][gc,nmethod  ] GC(17) NMethods: 3970 registered, 276 unregistered
[2025-05-18T20:51:53.664+0300][9008][21940][info][gc,metaspace] GC(17) Metaspace: 33M used, 34M committed, 1088M reserved
[2025-05-18T20:51:53.664+0300][9008][21940][info][gc,ref      ] GC(17) Soft: 4272 encountered, 0 discovered, 0 enqueued
[2025-05-18T20:51:53.664+0300][9008][21940][info][gc,ref      ] GC(17) Weak: 2498 encountered, 558 discovered, 0 enqueued
[2025-05-18T20:51:53.664+0300][9008][21940][info][gc,ref      ] GC(17) Final: 3 encountered, 0 discovered, 0 enqueued
[2025-05-18T20:51:53.664+0300][9008][21940][info][gc,ref      ] GC(17) Phantom: 278 encountered, 165 discovered, 0 enqueued
[2025-05-18T20:51:53.664+0300][9008][21940][info][gc,reloc    ] GC(17) Small Pages: 224 / 448M, Empty: 340M, Relocated: 1M, In-Place: 0
[2025-05-18T20:51:53.664+0300][9008][21940][info][gc,reloc    ] GC(17) Medium Pages: 1 / 32M, Empty: 0M, Relocated: 0M, In-Place: 0
[2025-05-18T20:51:53.664+0300][9008][21940][info][gc,reloc    ] GC(17) Large Pages: 0 / 0M, Empty: 0M, Relocated: 0M, In-Place: 0
[2025-05-18T20:51:53.664+0300][9008][21940][info][gc,reloc    ] GC(17) Forwarding Usage: 0M
[2025-05-18T20:51:53.664+0300][9008][21940][info][gc,heap     ] GC(17) Min Capacity: 4096M(100%)
[2025-05-18T20:51:53.664+0300][9008][21940][info][gc,heap     ] GC(17) Max Capacity: 4096M(100%)
[2025-05-18T20:51:53.664+0300][9008][21940][info][gc,heap     ] GC(17) Soft Max Capacity: 4096M(100%)
[2025-05-18T20:51:53.664+0300][9008][21940][info][gc,heap     ] GC(17)                Mark Start          Mark End        Relocate Start      Relocate End           High               Low         
[2025-05-18T20:51:53.664+0300][9008][21940][info][gc,heap     ] GC(17)  Capacity:     4096M (100%)       4096M (100%)       4096M (100%)       4096M (100%)       4096M (100%)       4096M (100%)   
[2025-05-18T20:51:53.664+0300][9008][21940][info][gc,heap     ] GC(17)      Free:     3616M (88%)        3602M (88%)        3942M (96%)        4028M (98%)        4028M (98%)        3602M (88%)    
[2025-05-18T20:51:53.664+0300][9008][21940][info][gc,heap     ] GC(17)      Used:      480M (12%)         494M (12%)         154M (4%)           68M (2%)          494M (12%)          68M (2%)     
[2025-05-18T20:51:53.664+0300][9008][21940][info][gc,heap     ] GC(17)      Live:         -                18M (0%)           18M (0%)           18M (0%)             -                  -          
[2025-05-18T20:51:53.664+0300][9008][21940][info][gc,heap     ] GC(17) Allocated:         -                14M (0%)           14M (0%)           14M (0%)             -                  -          
[2025-05-18T20:51:53.664+0300][9008][21940][info][gc,heap     ] GC(17)   Garbage:         -               461M (11%)         121M (3%)           35M (1%)             -                  -          
[2025-05-18T20:51:53.664+0300][9008][21940][info][gc,heap     ] GC(17) Reclaimed:         -                  -               340M (8%)          426M (10%)            -                  -          
[2025-05-18T20:51:53.664+0300][9008][21940][info][gc          ] GC(17) Garbage Collection (Proactive) 480M(12%)->68M(2%)
[2025-05-18T20:52:02.031+0300][9008][9208 ][info][gc,stats    ] === Garbage Collection Statistics =======================================================================================================================
[2025-05-18T20:52:02.031+0300][9008][9208 ][info][gc,stats    ]                                                              Last 10s              Last 10m              Last 10h                Total
[2025-05-18T20:52:02.031+0300][9008][9208 ][info][gc,stats    ]                                                              Avg / Max             Avg / Max             Avg / Max             Avg / Max
[2025-05-18T20:52:02.031+0300][9008][9208 ][info][gc,stats    ]   Collector: Garbage Collection Cycle                     37.676 / 37.676       78.056 / 101.996      78.056 / 101.996      78.056 / 101.996     ms
[2025-05-18T20:52:02.031+0300][9008][9208 ][info][gc,stats    ]  Contention: Mark Segment Reset Contention                     0 / 0                 0 / 1                 0 / 1                 0 / 1           ops/s
[2025-05-18T20:52:02.031+0300][9008][9208 ][info][gc,stats    ]  Contention: Mark SeqNum Reset Contention                      0 / 1                 0 / 1                 0 / 1                 0 / 1           ops/s
[2025-05-18T20:52:02.031+0300][9008][9208 ][info][gc,stats    ]    Critical: Allocation Stall                                  0 / 0                 0 / 0                 0 / 0                 0 / 0           ops/s
[2025-05-18T20:52:02.031+0300][9008][9208 ][info][gc,stats    ]    Critical: Allocation Stall                              0.000 / 0.000         0.000 / 0.000         0.000 / 0.000         0.000 / 0.000       ms
[2025-05-18T20:52:02.031+0300][9008][9208 ][info][gc,stats    ]    Critical: GC Locker Stall                                   0 / 0                 0 / 0                 0 / 0                 0 / 0           ops/s
[2025-05-18T20:52:02.031+0300][9008][9208 ][info][gc,stats    ]    Critical: GC Locker Stall                               0.000 / 0.000         0.000 / 0.000         0.000 / 0.000         0.000 / 0.000       ms
[2025-05-18T20:52:02.031+0300][9008][9208 ][info][gc,stats    ]    Critical: Relocation Stall                                  0 / 0                 0 / 0                 0 / 0                 0 / 0           ops/s
[2025-05-18T20:52:02.031+0300][9008][9208 ][info][gc,stats    ]    Critical: Relocation Stall                              0.000 / 0.000         0.000 / 0.000         0.000 / 0.000         0.000 / 0.000       ms
[2025-05-18T20:52:02.031+0300][9008][9208 ][info][gc,stats    ]      Memory: Allocation Rate                                  35 / 48               35 / 142              35 / 142              35 / 142         MB/s
[2025-05-18T20:52:02.031+0300][9008][9208 ][info][gc,stats    ]      Memory: Defragment                                        0 / 0                 0 / 0                 0 / 0                 0 / 0           ops/s
[2025-05-18T20:52:02.031+0300][9008][9208 ][info][gc,stats    ]      Memory: Out Of Memory                                     0 / 0                 0 / 0                 0 / 0                 0 / 0           ops/s
[2025-05-18T20:52:02.031+0300][9008][9208 ][info][gc,stats    ]      Memory: Page Cache Flush                                  0 / 0                 0 / 0                 0 / 0                 0 / 0           MB/s
[2025-05-18T20:52:02.031+0300][9008][9208 ][info][gc,stats    ]      Memory: Page Cache Hit L1                                18 / 26               15 / 75               15 / 75               15 / 75          ops/s
[2025-05-18T20:52:02.031+0300][9008][9208 ][info][gc,stats    ]      Memory: Page Cache Hit L2                                 0 / 0                 0 / 0                 0 / 0                 0 / 0           ops/s
[2025-05-18T20:52:02.031+0300][9008][9208 ][info][gc,stats    ]      Memory: Page Cache Hit L3                                 0 / 0                 2 / 42                2 / 42                2 / 42          ops/s
[2025-05-18T20:52:02.031+0300][9008][9208 ][info][gc,stats    ]      Memory: Page Cache Miss                                   0 / 0                 0 / 1                 0 / 1                 0 / 1           ops/s
[2025-05-18T20:52:02.031+0300][9008][9208 ][info][gc,stats    ]      Memory: Uncommit                                          0 / 0                 0 / 0                 0 / 0                 0 / 0           MB/s
[2025-05-18T20:52:02.031+0300][9008][9208 ][info][gc,stats    ]      Memory: Undo Object Allocation Failed                     0 / 0                 0 / 0                 0 / 0                 0 / 0           ops/s
[2025-05-18T20:52:02.031+0300][9008][9208 ][info][gc,stats    ]      Memory: Undo Object Allocation Succeeded                  0 / 0                 0 / 12                0 / 12                0 / 12          ops/s
[2025-05-18T20:52:02.031+0300][9008][9208 ][info][gc,stats    ]      Memory: Undo Page Allocation                              0 / 0                 0 / 1                 0 / 1                 0 / 1           ops/s
[2025-05-18T20:52:02.031+0300][9008][9208 ][info][gc,stats    ]       Phase: Concurrent Mark                              30.036 / 30.036       52.133 / 62.811       52.133 / 62.811       52.133 / 62.811      ms
[2025-05-18T20:52:02.031+0300][9008][9208 ][info][gc,stats    ]       Phase: Concurrent Mark Continue                      0.000 / 0.000         0.000 / 0.000         0.000 / 0.000         0.000 / 0.000       ms
[2025-05-18T20:52:02.031+0300][9008][9208 ][info][gc,stats    ]       Phase: Concurrent Mark Free                          0.001 / 0.001         0.002 / 0.003         0.002 / 0.003         0.002 / 0.003       ms
[2025-05-18T20:52:02.031+0300][9008][9208 ][info][gc,stats    ]       Phase: Concurrent Process Non-Strong References      4.626 / 4.626        17.426 / 33.805       17.426 / 33.805       17.426 / 33.805      ms
[2025-05-18T20:52:02.031+0300][9008][9208 ][info][gc,stats    ]       Phase: Concurrent Relocate                           0.607 / 0.607         3.200 / 7.249         3.200 / 7.249         3.200 / 7.249       ms
[2025-05-18T20:52:02.031+0300][9008][9208 ][info][gc,stats    ]       Phase: Concurrent Reset Relocation Set               0.002 / 0.002         0.010 / 0.041         0.010 / 0.041         0.010 / 0.041       ms
[2025-05-18T20:52:02.031+0300][9008][9208 ][info][gc,stats    ]       Phase: Concurrent Select Relocation Set              1.572 / 1.572         3.288 / 5.995         3.288 / 5.995         3.288 / 5.995       ms
[2025-05-18T20:52:02.031+0300][9008][9208 ][info][gc,stats    ]       Phase: Pause Mark End                                0.016 / 0.016         0.026 / 0.060         0.026 / 0.060         0.026 / 0.060       ms
[2025-05-18T20:52:02.031+0300][9008][9208 ][info][gc,stats    ]       Phase: Pause Mark Start                              0.009 / 0.009         0.012 / 0.020         0.012 / 0.020         0.012 / 0.020       ms
[2025-05-18T20:52:02.031+0300][9008][9208 ][info][gc,stats    ]       Phase: Pause Relocate Start                          0.007 / 0.007         0.015 / 0.029         0.015 / 0.029         0.015 / 0.029       ms
[2025-05-18T20:52:02.031+0300][9008][9208 ][info][gc,stats    ]    Subphase: Concurrent Classes Purge                      0.051 / 0.051         1.595 / 13.962        1.595 / 13.962        1.595 / 13.962      ms
[2025-05-18T20:52:02.031+0300][9008][9208 ][info][gc,stats    ]    Subphase: Concurrent Classes Unlink                     3.788 / 3.788        13.942 / 24.746       13.942 / 24.746       13.942 / 24.746      ms
[2025-05-18T20:52:02.031+0300][9008][9208 ][info][gc,stats    ]    Subphase: Concurrent Mark                              22.047 / 29.324       44.948 / 60.345       44.948 / 60.345       44.948 / 60.345      ms
[2025-05-18T20:52:02.031+0300][9008][9208 ][info][gc,stats    ]    Subphase: Concurrent Mark Try Flush                     0.117 / 0.203         0.155 / 1.122         0.155 / 1.122         0.155 / 1.122       ms
[2025-05-18T20:52:02.031+0300][9008][9208 ][info][gc,stats    ]    Subphase: Concurrent Mark Try Terminate                 5.008 / 14.996        3.677 / 16.167        3.677 / 16.167        3.677 / 16.167      ms
[2025-05-18T20:52:02.031+0300][9008][9208 ][info][gc,stats    ]    Subphase: Concurrent References Enqueue                 0.001 / 0.001         0.006 / 0.017         0.006 / 0.017         0.006 / 0.017       ms
[2025-05-18T20:52:02.031+0300][9008][9208 ][info][gc,stats    ]    Subphase: Concurrent References Process                 0.093 / 0.093         0.167 / 0.325         0.167 / 0.325         0.167 / 0.325       ms
[2025-05-18T20:52:02.031+0300][9008][9208 ][info][gc,stats    ]    Subphase: Concurrent Roots ClassLoaderDataGraph         0.166 / 0.290         0.303 / 0.802         0.303 / 0.802         0.303 / 0.802       ms
[2025-05-18T20:52:02.031+0300][9008][9208 ][info][gc,stats    ]    Subphase: Concurrent Roots CodeCache                    0.000 / 0.000         0.000 / 0.000         0.000 / 0.000         0.000 / 0.000       ms
[2025-05-18T20:52:02.031+0300][9008][9208 ][info][gc,stats    ]    Subphase: Concurrent Roots JavaThreads                  0.462 / 0.594         1.903 / 5.503         1.903 / 5.503         1.903 / 5.503       ms
[2025-05-18T20:52:02.031+0300][9008][9208 ][info][gc,stats    ]    Subphase: Concurrent Roots OopStorageSet                0.018 / 0.024         0.042 / 0.093         0.042 / 0.093         0.042 / 0.093       ms
[2025-05-18T20:52:02.031+0300][9008][9208 ][info][gc,stats    ]    Subphase: Concurrent Weak Roots OopStorageSet           0.564 / 0.565         1.429 / 2.357         1.429 / 2.357         1.429 / 2.357       ms
[2025-05-18T20:52:02.031+0300][9008][9208 ][info][gc,stats    ]    Subphase: Pause Mark Try Complete                       0.000 / 0.000         0.000 / 0.000         0.000 / 0.000         0.000 / 0.000       ms
[2025-05-18T20:52:02.031+0300][9008][9208 ][info][gc,stats    ]      System: Java Threads                                     32 / 32               31 / 34               31 / 34               31 / 34          threads
[2025-05-18T20:52:02.031+0300][9008][9208 ][info][gc,stats    ] =========================================================================================================================================================
[2025-05-18T20:52:05.833+0300][9008][21940][info][gc,start    ] GC(18) Garbage Collection (Proactive)
[2025-05-18T20:52:05.833+0300][9008][21940][info][gc,task     ] GC(18) Using 2 workers
[2025-05-18T20:52:05.833+0300][9008][14992][info][gc,phases   ] GC(18) Pause Mark Start 0.009ms
[2025-05-18T20:52:05.849+0300][9008][21940][info][gc,phases   ] GC(18) Concurrent Mark 15.574ms
[2025-05-18T20:52:05.849+0300][9008][14992][info][gc,phases   ] GC(18) Pause Mark End 0.015ms
[2025-05-18T20:52:05.849+0300][9008][21940][info][gc,phases   ] GC(18) Concurrent Mark Free 0.001ms
[2025-05-18T20:52:05.855+0300][9008][21940][info][gc,phases   ] GC(18) Concurrent Process Non-Strong References 6.479ms
[2025-05-18T20:52:05.856+0300][9008][21940][info][gc,phases   ] GC(18) Concurrent Reset Relocation Set 0.006ms
[2025-05-18T20:52:05.858+0300][9008][21940][info][gc,phases   ] GC(18) Concurrent Select Relocation Set 2.640ms
[2025-05-18T20:52:05.858+0300][9008][14992][info][gc,phases   ] GC(18) Pause Relocate Start 0.024ms
[2025-05-18T20:52:05.859+0300][9008][21940][info][gc,phases   ] GC(18) Concurrent Relocate 0.890ms
[2025-05-18T20:52:05.859+0300][9008][21940][info][gc,load     ] GC(18) Load: 0.00/0.00/0.00
[2025-05-18T20:52:05.859+0300][9008][21940][info][gc,mmu      ] GC(18) MMU: 2ms/97.0%, 5ms/98.8%, 10ms/99.4%, 20ms/99.6%, 50ms/99.9%, 100ms/99.9%
[2025-05-18T20:52:05.859+0300][9008][21940][info][gc,marking  ] GC(18) Mark: 2 stripe(s), 2 proactive flush(es), 1 terminate flush(es), 0 completion(s), 0 continuation(s) 
[2025-05-18T20:52:05.859+0300][9008][21940][info][gc,marking  ] GC(18) Mark Stack Usage: 32M
[2025-05-18T20:52:05.859+0300][9008][21940][info][gc,nmethod  ] GC(18) NMethods: 3978 registered, 290 unregistered
[2025-05-18T20:52:05.859+0300][9008][21940][info][gc,metaspace] GC(18) Metaspace: 33M used, 34M committed, 1088M reserved
[2025-05-18T20:52:05.859+0300][9008][21940][info][gc,ref      ] GC(18) Soft: 4272 encountered, 0 discovered, 0 enqueued
[2025-05-18T20:52:05.859+0300][9008][21940][info][gc,ref      ] GC(18) Weak: 2498 encountered, 460 discovered, 0 enqueued
[2025-05-18T20:52:05.859+0300][9008][21940][info][gc,ref      ] GC(18) Final: 3 encountered, 1 discovered, 0 enqueued
[2025-05-18T20:52:05.859+0300][9008][21940][info][gc,ref      ] GC(18) Phantom: 278 encountered, 163 discovered, 0 enqueued
[2025-05-18T20:52:05.859+0300][9008][21940][info][gc,reloc    ] GC(18) Small Pages: 224 / 448M, Empty: 330M, Relocated: 1M, In-Place: 0
[2025-05-18T20:52:05.859+0300][9008][21940][info][gc,reloc    ] GC(18) Medium Pages: 1 / 32M, Empty: 0M, Relocated: 0M, In-Place: 0
[2025-05-18T20:52:05.859+0300][9008][21940][info][gc,reloc    ] GC(18) Large Pages: 0 / 0M, Empty: 0M, Relocated: 0M, In-Place: 0
[2025-05-18T20:52:05.859+0300][9008][21940][info][gc,reloc    ] GC(18) Forwarding Usage: 0M
[2025-05-18T20:52:05.860+0300][9008][21940][info][gc,heap     ] GC(18) Min Capacity: 4096M(100%)
[2025-05-18T20:52:05.860+0300][9008][21940][info][gc,heap     ] GC(18) Max Capacity: 4096M(100%)
[2025-05-18T20:52:05.860+0300][9008][21940][info][gc,heap     ] GC(18) Soft Max Capacity: 4096M(100%)
[2025-05-18T20:52:05.860+0300][9008][21940][info][gc,heap     ] GC(18)                Mark Start          Mark End        Relocate Start      Relocate End           High               Low         
[2025-05-18T20:52:05.860+0300][9008][21940][info][gc,heap     ] GC(18)  Capacity:     4096M (100%)       4096M (100%)       4096M (100%)       4096M (100%)       4096M (100%)       4096M (100%)   
[2025-05-18T20:52:05.860+0300][9008][21940][info][gc,heap     ] GC(18)      Free:     3616M (88%)        3600M (88%)        3930M (96%)        4026M (98%)        4026M (98%)        3600M (88%)    
[2025-05-18T20:52:05.860+0300][9008][21940][info][gc,heap     ] GC(18)      Used:      480M (12%)         496M (12%)         166M (4%)           70M (2%)          496M (12%)          70M (2%)     
[2025-05-18T20:52:05.860+0300][9008][21940][info][gc,heap     ] GC(18)      Live:         -                18M (0%)           18M (0%)           18M (0%)             -                  -          
[2025-05-18T20:52:05.860+0300][9008][21940][info][gc,heap     ] GC(18) Allocated:         -                16M (0%)           16M (0%)           16M (0%)             -                  -          
[2025-05-18T20:52:05.860+0300][9008][21940][info][gc,heap     ] GC(18)   Garbage:         -               461M (11%)         131M (3%)           35M (1%)             -                  -          
[2025-05-18T20:52:05.860+0300][9008][21940][info][gc,heap     ] GC(18) Reclaimed:         -                  -               330M (8%)          426M (10%)            -                  -          
[2025-05-18T20:52:05.860+0300][9008][21940][info][gc          ] GC(18) Garbage Collection (Proactive) 480M(12%)->70M(2%)
[2025-05-18T20:52:12.031+0300][9008][9208 ][info][gc,stats    ] === Garbage Collection Statistics =======================================================================================================================
[2025-05-18T20:52:12.031+0300][9008][9208 ][info][gc,stats    ]                                                              Last 10s              Last 10m              Last 10h                Total
[2025-05-18T20:52:12.031+0300][9008][9208 ][info][gc,stats    ]                                                              Avg / Max             Avg / Max             Avg / Max             Avg / Max
[2025-05-18T20:52:12.031+0300][9008][9208 ][info][gc,stats    ]   Collector: Garbage Collection Cycle                     26.589 / 26.589       75.347 / 101.996      75.347 / 101.996      75.347 / 101.996     ms
[2025-05-18T20:52:12.031+0300][9008][9208 ][info][gc,stats    ]  Contention: Mark Segment Reset Contention                     0 / 0                 0 / 1                 0 / 1                 0 / 1           ops/s
[2025-05-18T20:52:12.031+0300][9008][9208 ][info][gc,stats    ]  Contention: Mark SeqNum Reset Contention                      0 / 1                 0 / 1                 0 / 1                 0 / 1           ops/s
[2025-05-18T20:52:12.031+0300][9008][9208 ][info][gc,stats    ]    Critical: Allocation Stall                                  0 / 0                 0 / 0                 0 / 0                 0 / 0           ops/s
[2025-05-18T20:52:12.031+0300][9008][9208 ][info][gc,stats    ]    Critical: Allocation Stall                              0.000 / 0.000         0.000 / 0.000         0.000 / 0.000         0.000 / 0.000       ms
[2025-05-18T20:52:12.031+0300][9008][9208 ][info][gc,stats    ]    Critical: GC Locker Stall                                   0 / 0                 0 / 0                 0 / 0                 0 / 0           ops/s
[2025-05-18T20:52:12.031+0300][9008][9208 ][info][gc,stats    ]    Critical: GC Locker Stall                               0.000 / 0.000         0.000 / 0.000         0.000 / 0.000         0.000 / 0.000       ms
[2025-05-18T20:52:12.031+0300][9008][9208 ][info][gc,stats    ]    Critical: Relocation Stall                                  0 / 0                 0 / 0                 0 / 0                 0 / 0           ops/s
[2025-05-18T20:52:12.031+0300][9008][9208 ][info][gc,stats    ]    Critical: Relocation Stall                              0.000 / 0.000         0.000 / 0.000         0.000 / 0.000         0.000 / 0.000       ms
[2025-05-18T20:52:12.031+0300][9008][9208 ][info][gc,stats    ]      Memory: Allocation Rate                                  35 / 46               35 / 142              35 / 142              35 / 142         MB/s
[2025-05-18T20:52:12.031+0300][9008][9208 ][info][gc,stats    ]      Memory: Defragment                                        0 / 0                 0 / 0                 0 / 0                 0 / 0           ops/s
[2025-05-18T20:52:12.031+0300][9008][9208 ][info][gc,stats    ]      Memory: Out Of Memory                                     0 / 0                 0 / 0                 0 / 0                 0 / 0           ops/s
[2025-05-18T20:52:12.031+0300][9008][9208 ][info][gc,stats    ]      Memory: Page Cache Flush                                  0 / 0                 0 / 0                 0 / 0                 0 / 0           MB/s
[2025-05-18T20:52:12.031+0300][9008][9208 ][info][gc,stats    ]      Memory: Page Cache Hit L1                                17 / 25               15 / 75               15 / 75               15 / 75          ops/s
[2025-05-18T20:52:12.031+0300][9008][9208 ][info][gc,stats    ]      Memory: Page Cache Hit L2                                 0 / 0                 0 / 0                 0 / 0                 0 / 0           ops/s
[2025-05-18T20:52:12.031+0300][9008][9208 ][info][gc,stats    ]      Memory: Page Cache Hit L3                                 0 / 0                 2 / 42                2 / 42                2 / 42          ops/s
[2025-05-18T20:52:12.031+0300][9008][9208 ][info][gc,stats    ]      Memory: Page Cache Miss                                   0 / 0                 0 / 1                 0 / 1                 0 / 1           ops/s
[2025-05-18T20:52:12.031+0300][9008][9208 ][info][gc,stats    ]      Memory: Uncommit                                          0 / 0                 0 / 0                 0 / 0                 0 / 0           MB/s
[2025-05-18T20:52:12.031+0300][9008][9208 ][info][gc,stats    ]      Memory: Undo Object Allocation Failed                     0 / 0                 0 / 0                 0 / 0                 0 / 0           ops/s
[2025-05-18T20:52:12.031+0300][9008][9208 ][info][gc,stats    ]      Memory: Undo Object Allocation Succeeded                  0 / 0                 0 / 12                0 / 12                0 / 12          ops/s
[2025-05-18T20:52:12.031+0300][9008][9208 ][info][gc,stats    ]      Memory: Undo Page Allocation                              0 / 1                 0 / 1                 0 / 1                 0 / 1           ops/s
[2025-05-18T20:52:12.031+0300][9008][9208 ][info][gc,stats    ]       Phase: Concurrent Mark                              15.574 / 15.574       50.209 / 62.811       50.209 / 62.811       50.209 / 62.811      ms
[2025-05-18T20:52:12.031+0300][9008][9208 ][info][gc,stats    ]       Phase: Concurrent Mark Continue                      0.000 / 0.000         0.000 / 0.000         0.000 / 0.000         0.000 / 0.000       ms
[2025-05-18T20:52:12.031+0300][9008][9208 ][info][gc,stats    ]       Phase: Concurrent Mark Free                          0.001 / 0.001         0.002 / 0.003         0.002 / 0.003         0.002 / 0.003       ms
[2025-05-18T20:52:12.031+0300][9008][9208 ][info][gc,stats    ]       Phase: Concurrent Process Non-Strong References      6.479 / 6.479        16.850 / 33.805       16.850 / 33.805       16.850 / 33.805      ms
[2025-05-18T20:52:12.031+0300][9008][9208 ][info][gc,stats    ]       Phase: Concurrent Relocate                           0.890 / 0.890         3.078 / 7.249         3.078 / 7.249         3.078 / 7.249       ms
[2025-05-18T20:52:12.031+0300][9008][9208 ][info][gc,stats    ]       Phase: Concurrent Reset Relocation Set               0.006 / 0.006         0.010 / 0.041         0.010 / 0.041         0.010 / 0.041       ms
[2025-05-18T20:52:12.031+0300][9008][9208 ][info][gc,stats    ]       Phase: Concurrent Select Relocation Set              2.640 / 2.640         3.254 / 5.995         3.254 / 5.995         3.254 / 5.995       ms
[2025-05-18T20:52:12.031+0300][9008][9208 ][info][gc,stats    ]       Phase: Pause Mark End                                0.015 / 0.015         0.026 / 0.060         0.026 / 0.060         0.026 / 0.060       ms
[2025-05-18T20:52:12.031+0300][9008][9208 ][info][gc,stats    ]       Phase: Pause Mark Start                              0.009 / 0.009         0.012 / 0.020         0.012 / 0.020         0.012 / 0.020       ms
[2025-05-18T20:52:12.031+0300][9008][9208 ][info][gc,stats    ]       Phase: Pause Relocate Start                          0.024 / 0.024         0.015 / 0.029         0.015 / 0.029         0.015 / 0.029       ms
[2025-05-18T20:52:12.031+0300][9008][9208 ][info][gc,stats    ]    Subphase: Concurrent Classes Purge                      0.106 / 0.106         1.516 / 13.962        1.516 / 13.962        1.516 / 13.962      ms
[2025-05-18T20:52:12.031+0300][9008][9208 ][info][gc,stats    ]    Subphase: Concurrent Classes Unlink                     5.537 / 5.537        13.499 / 24.746       13.499 / 24.746       13.499 / 24.746      ms
[2025-05-18T20:52:12.031+0300][9008][9208 ][info][gc,stats    ]    Subphase: Concurrent Mark                              14.345 / 14.746       43.338 / 60.345       43.338 / 60.345       43.338 / 60.345      ms
[2025-05-18T20:52:12.031+0300][9008][9208 ][info][gc,stats    ]    Subphase: Concurrent Mark Try Flush                     0.158 / 0.170         0.155 / 1.122         0.155 / 1.122         0.155 / 1.122       ms
[2025-05-18T20:52:12.031+0300][9008][9208 ][info][gc,stats    ]    Subphase: Concurrent Mark Try Terminate                 0.765 / 2.134         3.526 / 16.167        3.526 / 16.167        3.526 / 16.167      ms
[2025-05-18T20:52:12.031+0300][9008][9208 ][info][gc,stats    ]    Subphase: Concurrent References Enqueue                 0.001 / 0.001         0.006 / 0.017         0.006 / 0.017         0.006 / 0.017       ms
[2025-05-18T20:52:12.031+0300][9008][9208 ][info][gc,stats    ]    Subphase: Concurrent References Process                 0.071 / 0.071         0.161 / 0.325         0.161 / 0.325         0.161 / 0.325       ms
[2025-05-18T20:52:12.031+0300][9008][9208 ][info][gc,stats    ]    Subphase: Concurrent Roots ClassLoaderDataGraph         0.163 / 0.293         0.296 / 0.802         0.296 / 0.802         0.296 / 0.802       ms
[2025-05-18T20:52:12.031+0300][9008][9208 ][info][gc,stats    ]    Subphase: Concurrent Roots CodeCache                    0.000 / 0.000         0.000 / 0.000         0.000 / 0.000         0.000 / 0.000       ms
[2025-05-18T20:52:12.031+0300][9008][9208 ][info][gc,stats    ]    Subphase: Concurrent Roots JavaThreads                  0.569 / 0.692         1.833 / 5.503         1.833 / 5.503         1.833 / 5.503       ms
[2025-05-18T20:52:12.031+0300][9008][9208 ][info][gc,stats    ]    Subphase: Concurrent Roots OopStorageSet                0.020 / 0.027         0.041 / 0.093         0.041 / 0.093         0.041 / 0.093       ms
[2025-05-18T20:52:12.031+0300][9008][9208 ][info][gc,stats    ]    Subphase: Concurrent Weak Roots OopStorageSet           0.588 / 0.591         1.385 / 2.357         1.385 / 2.357         1.385 / 2.357       ms
[2025-05-18T20:52:12.031+0300][9008][9208 ][info][gc,stats    ]    Subphase: Pause Mark Try Complete                       0.000 / 0.000         0.000 / 0.000         0.000 / 0.000         0.000 / 0.000       ms
[2025-05-18T20:52:12.031+0300][9008][9208 ][info][gc,stats    ]      System: Java Threads                                     32 / 32               31 / 34               31 / 34               31 / 34          threads
[2025-05-18T20:52:12.031+0300][9008][9208 ][info][gc,stats    ] =========================================================================================================================================================
[2025-05-18T20:52:18.033+0300][9008][21940][info][gc,start    ] GC(19) Garbage Collection (Proactive)
[2025-05-18T20:52:18.033+0300][9008][21940][info][gc,task     ] GC(19) Using 2 workers
[2025-05-18T20:52:18.033+0300][9008][14992][info][gc,phases   ] GC(19) Pause Mark Start 0.014ms
[2025-05-18T20:52:18.049+0300][9008][21940][info][gc,phases   ] GC(19) Concurrent Mark 14.990ms
[2025-05-18T20:52:18.049+0300][9008][14992][info][gc,phases   ] GC(19) Pause Mark End 0.015ms
[2025-05-18T20:52:18.049+0300][9008][21940][info][gc,phases   ] GC(19) Concurrent Mark Free 0.001ms
[2025-05-18T20:52:18.056+0300][9008][21940][info][gc,phases   ] GC(19) Concurrent Process Non-Strong References 6.660ms
[2025-05-18T20:52:18.056+0300][9008][21940][info][gc,phases   ] GC(19) Concurrent Reset Relocation Set 0.003ms
[2025-05-18T20:52:18.057+0300][9008][21940][info][gc,phases   ] GC(19) Concurrent Select Relocation Set 1.208ms
[2025-05-18T20:52:18.057+0300][9008][14992][info][gc,phases   ] GC(19) Pause Relocate Start 0.006ms
[2025-05-18T20:52:18.058+0300][9008][21940][info][gc,phases   ] GC(19) Concurrent Relocate 0.633ms
[2025-05-18T20:52:18.058+0300][9008][21940][info][gc,load     ] GC(19) Load: 0.00/0.00/0.00
[2025-05-18T20:52:18.058+0300][9008][21940][info][gc,mmu      ] GC(19) MMU: 2ms/97.0%, 5ms/98.8%, 10ms/99.4%, 20ms/99.6%, 50ms/99.9%, 100ms/99.9%
[2025-05-18T20:52:18.058+0300][9008][21940][info][gc,marking  ] GC(19) Mark: 2 stripe(s), 2 proactive flush(es), 1 terminate flush(es), 0 completion(s), 0 continuation(s) 
[2025-05-18T20:52:18.058+0300][9008][21940][info][gc,marking  ] GC(19) Mark Stack Usage: 32M
[2025-05-18T20:52:18.058+0300][9008][21940][info][gc,nmethod  ] GC(19) NMethods: 3978 registered, 317 unregistered
[2025-05-18T20:52:18.058+0300][9008][21940][info][gc,metaspace] GC(19) Metaspace: 33M used, 34M committed, 1088M reserved
[2025-05-18T20:52:18.058+0300][9008][21940][info][gc,ref      ] GC(19) Soft: 4272 encountered, 0 discovered, 0 enqueued
[2025-05-18T20:52:18.058+0300][9008][21940][info][gc,ref      ] GC(19) Weak: 2498 encountered, 701 discovered, 0 enqueued
[2025-05-18T20:52:18.058+0300][9008][21940][info][gc,ref      ] GC(19) Final: 3 encountered, 0 discovered, 0 enqueued
[2025-05-18T20:52:18.058+0300][9008][21940][info][gc,ref      ] GC(19) Phantom: 278 encountered, 209 discovered, 0 enqueued
[2025-05-18T20:52:18.058+0300][9008][21940][info][gc,reloc    ] GC(19) Small Pages: 224 / 448M, Empty: 338M, Relocated: 1M, In-Place: 0
[2025-05-18T20:52:18.058+0300][9008][21940][info][gc,reloc    ] GC(19) Medium Pages: 1 / 32M, Empty: 0M, Relocated: 0M, In-Place: 0
[2025-05-18T20:52:18.058+0300][9008][21940][info][gc,reloc    ] GC(19) Large Pages: 0 / 0M, Empty: 0M, Relocated: 0M, In-Place: 0
[2025-05-18T20:52:18.058+0300][9008][21940][info][gc,reloc    ] GC(19) Forwarding Usage: 0M
[2025-05-18T20:52:18.058+0300][9008][21940][info][gc,heap     ] GC(19) Min Capacity: 4096M(100%)
[2025-05-18T20:52:18.058+0300][9008][21940][info][gc,heap     ] GC(19) Max Capacity: 4096M(100%)
[2025-05-18T20:52:18.058+0300][9008][21940][info][gc,heap     ] GC(19) Soft Max Capacity: 4096M(100%)
[2025-05-18T20:52:18.058+0300][9008][21940][info][gc,heap     ] GC(19)                Mark Start          Mark End        Relocate Start      Relocate End           High               Low         
[2025-05-18T20:52:18.058+0300][9008][21940][info][gc,heap     ] GC(19)  Capacity:     4096M (100%)       4096M (100%)       4096M (100%)       4096M (100%)       4096M (100%)       4096M (100%)   
[2025-05-18T20:52:18.058+0300][9008][21940][info][gc,heap     ] GC(19)      Free:     3616M (88%)        3604M (88%)        3942M (96%)        4030M (98%)        4030M (98%)        3604M (88%)    
[2025-05-18T20:52:18.058+0300][9008][21940][info][gc,heap     ] GC(19)      Used:      480M (12%)         492M (12%)         154M (4%)           66M (2%)          492M (12%)          66M (2%)     
[2025-05-18T20:52:18.058+0300][9008][21940][info][gc,heap     ] GC(19)      Live:         -                18M (0%)           18M (0%)           18M (0%)             -                  -          
[2025-05-18T20:52:18.058+0300][9008][21940][info][gc,heap     ] GC(19) Allocated:         -                12M (0%)           12M (0%)           12M (0%)             -                  -          
[2025-05-18T20:52:18.058+0300][9008][21940][info][gc,heap     ] GC(19)   Garbage:         -               461M (11%)         123M (3%)           35M (1%)             -                  -          
[2025-05-18T20:52:18.058+0300][9008][21940][info][gc,heap     ] GC(19) Reclaimed:         -                  -               338M (8%)          426M (10%)            -                  -          
[2025-05-18T20:52:18.058+0300][9008][21940][info][gc          ] GC(19) Garbage Collection (Proactive) 480M(12%)->66M(2%)
[2025-05-18T20:52:22.034+0300][9008][9208 ][info][gc,stats    ] === Garbage Collection Statistics =======================================================================================================================
[2025-05-18T20:52:22.034+0300][9008][9208 ][info][gc,stats    ]                                                              Last 10s              Last 10m              Last 10h                Total
[2025-05-18T20:52:22.034+0300][9008][9208 ][info][gc,stats    ]                                                              Avg / Max             Avg / Max             Avg / Max             Avg / Max
[2025-05-18T20:52:22.034+0300][9008][9208 ][info][gc,stats    ]   Collector: Garbage Collection Cycle                     24.779 / 24.779       72.818 / 101.996      72.818 / 101.996      72.818 / 101.996     ms
[2025-05-18T20:52:22.034+0300][9008][9208 ][info][gc,stats    ]  Contention: Mark Segment Reset Contention                     0 / 1                 0 / 1                 0 / 1                 0 / 1           ops/s
[2025-05-18T20:52:22.034+0300][9008][9208 ][info][gc,stats    ]  Contention: Mark SeqNum Reset Contention                      0 / 0                 0 / 1                 0 / 1                 0 / 1           ops/s
[2025-05-18T20:52:22.034+0300][9008][9208 ][info][gc,stats    ]    Critical: Allocation Stall                                  0 / 0                 0 / 0                 0 / 0                 0 / 0           ops/s
[2025-05-18T20:52:22.034+0300][9008][9208 ][info][gc,stats    ]    Critical: Allocation Stall                              0.000 / 0.000         0.000 / 0.000         0.000 / 0.000         0.000 / 0.000       ms
[2025-05-18T20:52:22.034+0300][9008][9208 ][info][gc,stats    ]    Critical: GC Locker Stall                                   0 / 0                 0 / 0                 0 / 0                 0 / 0           ops/s
[2025-05-18T20:52:22.034+0300][9008][9208 ][info][gc,stats    ]    Critical: GC Locker Stall                               0.000 / 0.000         0.000 / 0.000         0.000 / 0.000         0.000 / 0.000       ms
[2025-05-18T20:52:22.034+0300][9008][9208 ][info][gc,stats    ]    Critical: Relocation Stall                                  0 / 0                 0 / 0                 0 / 0                 0 / 0           ops/s
[2025-05-18T20:52:22.034+0300][9008][9208 ][info][gc,stats    ]    Critical: Relocation Stall                              0.000 / 0.000         0.000 / 0.000         0.000 / 0.000         0.000 / 0.000       ms
[2025-05-18T20:52:22.034+0300][9008][9208 ][info][gc,stats    ]      Memory: Allocation Rate                                  35 / 42               35 / 142              35 / 142              35 / 142         MB/s
[2025-05-18T20:52:22.034+0300][9008][9208 ][info][gc,stats    ]      Memory: Defragment                                        0 / 0                 0 / 0                 0 / 0                 0 / 0           ops/s
[2025-05-18T20:52:22.034+0300][9008][9208 ][info][gc,stats    ]      Memory: Out Of Memory                                     0 / 0                 0 / 0                 0 / 0                 0 / 0           ops/s
[2025-05-18T20:52:22.034+0300][9008][9208 ][info][gc,stats    ]      Memory: Page Cache Flush                                  0 / 0                 0 / 0                 0 / 0                 0 / 0           MB/s
[2025-05-18T20:52:22.034+0300][9008][9208 ][info][gc,stats    ]      Memory: Page Cache Hit L1                                18 / 23               15 / 75               15 / 75               15 / 75          ops/s
[2025-05-18T20:52:22.034+0300][9008][9208 ][info][gc,stats    ]      Memory: Page Cache Hit L2                                 0 / 0                 0 / 0                 0 / 0                 0 / 0           ops/s
[2025-05-18T20:52:22.034+0300][9008][9208 ][info][gc,stats    ]      Memory: Page Cache Hit L3                                 0 / 0                 2 / 42                2 / 42                2 / 42          ops/s
[2025-05-18T20:52:22.034+0300][9008][9208 ][info][gc,stats    ]      Memory: Page Cache Miss                                   0 / 0                 0 / 1                 0 / 1                 0 / 1           ops/s
[2025-05-18T20:52:22.034+0300][9008][9208 ][info][gc,stats    ]      Memory: Uncommit                                          0 / 0                 0 / 0                 0 / 0                 0 / 0           MB/s
[2025-05-18T20:52:22.034+0300][9008][9208 ][info][gc,stats    ]      Memory: Undo Object Allocation Failed                     0 / 0                 0 / 0                 0 / 0                 0 / 0           ops/s
[2025-05-18T20:52:22.034+0300][9008][9208 ][info][gc,stats    ]      Memory: Undo Object Allocation Succeeded                  0 / 0                 0 / 12                0 / 12                0 / 12          ops/s
[2025-05-18T20:52:22.034+0300][9008][9208 ][info][gc,stats    ]      Memory: Undo Page Allocation                              0 / 0                 0 / 1                 0 / 1                 0 / 1           ops/s
[2025-05-18T20:52:22.034+0300][9008][9208 ][info][gc,stats    ]       Phase: Concurrent Mark                              14.990 / 14.990       48.448 / 62.811       48.448 / 62.811       48.448 / 62.811      ms
[2025-05-18T20:52:22.034+0300][9008][9208 ][info][gc,stats    ]       Phase: Concurrent Mark Continue                      0.000 / 0.000         0.000 / 0.000         0.000 / 0.000         0.000 / 0.000       ms
[2025-05-18T20:52:22.034+0300][9008][9208 ][info][gc,stats    ]       Phase: Concurrent Mark Free                          0.001 / 0.001         0.002 / 0.003         0.002 / 0.003         0.002 / 0.003       ms
[2025-05-18T20:52:22.034+0300][9008][9208 ][info][gc,stats    ]       Phase: Concurrent Process Non-Strong References      6.660 / 6.660        16.341 / 33.805       16.341 / 33.805       16.341 / 33.805      ms
[2025-05-18T20:52:22.034+0300][9008][9208 ][info][gc,stats    ]       Phase: Concurrent Relocate                           0.633 / 0.633         2.956 / 7.249         2.956 / 7.249         2.956 / 7.249       ms
[2025-05-18T20:52:22.034+0300][9008][9208 ][info][gc,stats    ]       Phase: Concurrent Reset Relocation Set               0.003 / 0.003         0.009 / 0.041         0.009 / 0.041         0.009 / 0.041       ms
[2025-05-18T20:52:22.034+0300][9008][9208 ][info][gc,stats    ]       Phase: Concurrent Select Relocation Set              1.208 / 1.208         3.152 / 5.995         3.152 / 5.995         3.152 / 5.995       ms
[2025-05-18T20:52:22.034+0300][9008][9208 ][info][gc,stats    ]       Phase: Pause Mark End                                0.015 / 0.015         0.025 / 0.060         0.025 / 0.060         0.025 / 0.060       ms
[2025-05-18T20:52:22.034+0300][9008][9208 ][info][gc,stats    ]       Phase: Pause Mark Start                              0.014 / 0.014         0.012 / 0.020         0.012 / 0.020         0.012 / 0.020       ms
[2025-05-18T20:52:22.034+0300][9008][9208 ][info][gc,stats    ]       Phase: Pause Relocate Start                          0.006 / 0.006         0.015 / 0.029         0.015 / 0.029         0.015 / 0.029       ms
[2025-05-18T20:52:22.034+0300][9008][9208 ][info][gc,stats    ]    Subphase: Concurrent Classes Purge                      0.094 / 0.094         1.445 / 13.962        1.445 / 13.962        1.445 / 13.962      ms
[2025-05-18T20:52:22.034+0300][9008][9208 ][info][gc,stats    ]    Subphase: Concurrent Classes Unlink                     5.525 / 5.525        13.101 / 24.746       13.101 / 24.746       13.101 / 24.746      ms
[2025-05-18T20:52:22.034+0300][9008][9208 ][info][gc,stats    ]    Subphase: Concurrent Mark                              13.155 / 14.082       41.828 / 60.345       41.828 / 60.345       41.828 / 60.345      ms
[2025-05-18T20:52:22.034+0300][9008][9208 ][info][gc,stats    ]    Subphase: Concurrent Mark Try Flush                     0.158 / 0.214         0.155 / 1.122         0.155 / 1.122         0.155 / 1.122       ms
[2025-05-18T20:52:22.034+0300][9008][9208 ][info][gc,stats    ]    Subphase: Concurrent Mark Try Terminate                 0.822 / 2.358         3.393 / 16.167        3.393 / 16.167        3.393 / 16.167      ms
[2025-05-18T20:52:22.034+0300][9008][9208 ][info][gc,stats    ]    Subphase: Concurrent References Enqueue                 0.000 / 0.000         0.006 / 0.017         0.006 / 0.017         0.006 / 0.017       ms
[2025-05-18T20:52:22.034+0300][9008][9208 ][info][gc,stats    ]    Subphase: Concurrent References Process                 0.107 / 0.107         0.159 / 0.325         0.159 / 0.325         0.159 / 0.325       ms
[2025-05-18T20:52:22.034+0300][9008][9208 ][info][gc,stats    ]    Subphase: Concurrent Roots ClassLoaderDataGraph         0.171 / 0.298         0.289 / 0.802         0.289 / 0.802         0.289 / 0.802       ms
[2025-05-18T20:52:22.034+0300][9008][9208 ][info][gc,stats    ]    Subphase: Concurrent Roots CodeCache                    0.000 / 0.000         0.000 / 0.000         0.000 / 0.000         0.000 / 0.000       ms
[2025-05-18T20:52:22.034+0300][9008][9208 ][info][gc,stats    ]    Subphase: Concurrent Roots JavaThreads                  0.587 / 0.725         1.771 / 5.503         1.771 / 5.503         1.771 / 5.503       ms
[2025-05-18T20:52:22.034+0300][9008][9208 ][info][gc,stats    ]    Subphase: Concurrent Roots OopStorageSet                0.025 / 0.029         0.040 / 0.093         0.040 / 0.093         0.040 / 0.093       ms
[2025-05-18T20:52:22.034+0300][9008][9208 ][info][gc,stats    ]    Subphase: Concurrent Weak Roots OopStorageSet           0.631 / 0.632         1.347 / 2.357         1.347 / 2.357         1.347 / 2.357       ms
[2025-05-18T20:52:22.034+0300][9008][9208 ][info][gc,stats    ]    Subphase: Pause Mark Try Complete                       0.000 / 0.000         0.000 / 0.000         0.000 / 0.000         0.000 / 0.000       ms
[2025-05-18T20:52:22.034+0300][9008][9208 ][info][gc,stats    ]      System: Java Threads                                     32 / 32               31 / 34               31 / 34               31 / 34          threads
[2025-05-18T20:52:22.034+0300][9008][9208 ][info][gc,stats    ] =========================================================================================================================================================
[2025-05-18T20:52:30.125+0300][9008][21940][info][gc,start    ] GC(20) Garbage Collection (Proactive)
[2025-05-18T20:52:30.125+0300][9008][21940][info][gc,task     ] GC(20) Using 2 workers
[2025-05-18T20:52:30.125+0300][9008][14992][info][gc,phases   ] GC(20) Pause Mark Start 0.010ms
[2025-05-18T20:52:30.157+0300][9008][21940][info][gc,phases   ] GC(20) Concurrent Mark 31.375ms
[2025-05-18T20:52:30.157+0300][9008][14992][info][gc,phases   ] GC(20) Pause Mark End 0.018ms
[2025-05-18T20:52:30.157+0300][9008][21940][info][gc,phases   ] GC(20) Concurrent Mark Free 0.001ms
[2025-05-18T20:52:30.161+0300][9008][21940][info][gc,phases   ] GC(20) Concurrent Process Non-Strong References 4.737ms
[2025-05-18T20:52:30.161+0300][9008][21940][info][gc,phases   ] GC(20) Concurrent Reset Relocation Set 0.002ms
[2025-05-18T20:52:30.163+0300][9008][21940][info][gc,phases   ] GC(20) Concurrent Select Relocation Set 1.425ms
[2025-05-18T20:52:30.163+0300][9008][14992][info][gc,phases   ] GC(20) Pause Relocate Start 0.008ms
[2025-05-18T20:52:30.163+0300][9008][21940][info][gc,phases   ] GC(20) Concurrent Relocate 0.629ms
[2025-05-18T20:52:30.163+0300][9008][21940][info][gc,load     ] GC(20) Load: 0.00/0.00/0.00
[2025-05-18T20:52:30.163+0300][9008][21940][info][gc,mmu      ] GC(20) MMU: 2ms/97.0%, 5ms/98.8%, 10ms/99.4%, 20ms/99.6%, 50ms/99.9%, 100ms/99.9%
[2025-05-18T20:52:30.163+0300][9008][21940][info][gc,marking  ] GC(20) Mark: 2 stripe(s), 3 proactive flush(es), 1 terminate flush(es), 0 completion(s), 0 continuation(s) 
[2025-05-18T20:52:30.163+0300][9008][21940][info][gc,marking  ] GC(20) Mark Stack Usage: 32M
[2025-05-18T20:52:30.164+0300][9008][21940][info][gc,nmethod  ] GC(20) NMethods: 3983 registered, 352 unregistered
[2025-05-18T20:52:30.164+0300][9008][21940][info][gc,metaspace] GC(20) Metaspace: 33M used, 34M committed, 1088M reserved
[2025-05-18T20:52:30.164+0300][9008][21940][info][gc,ref      ] GC(20) Soft: 4272 encountered, 0 discovered, 0 enqueued
[2025-05-18T20:52:30.164+0300][9008][21940][info][gc,ref      ] GC(20) Weak: 2498 encountered, 1226 discovered, 0 enqueued
[2025-05-18T20:52:30.164+0300][9008][21940][info][gc,ref      ] GC(20) Final: 3 encountered, 0 discovered, 0 enqueued
[2025-05-18T20:52:30.164+0300][9008][21940][info][gc,ref      ] GC(20) Phantom: 278 encountered, 203 discovered, 0 enqueued
[2025-05-18T20:52:30.164+0300][9008][21940][info][gc,reloc    ] GC(20) Small Pages: 223 / 446M, Empty: 334M, Relocated: 1M, In-Place: 0
[2025-05-18T20:52:30.164+0300][9008][21940][info][gc,reloc    ] GC(20) Medium Pages: 1 / 32M, Empty: 0M, Relocated: 0M, In-Place: 0
[2025-05-18T20:52:30.164+0300][9008][21940][info][gc,reloc    ] GC(20) Large Pages: 0 / 0M, Empty: 0M, Relocated: 0M, In-Place: 0
[2025-05-18T20:52:30.164+0300][9008][21940][info][gc,reloc    ] GC(20) Forwarding Usage: 0M
[2025-05-18T20:52:30.164+0300][9008][21940][info][gc,heap     ] GC(20) Min Capacity: 4096M(100%)
[2025-05-18T20:52:30.164+0300][9008][21940][info][gc,heap     ] GC(20) Max Capacity: 4096M(100%)
[2025-05-18T20:52:30.164+0300][9008][21940][info][gc,heap     ] GC(20) Soft Max Capacity: 4096M(100%)
[2025-05-18T20:52:30.164+0300][9008][21940][info][gc,heap     ] GC(20)                Mark Start          Mark End        Relocate Start      Relocate End           High               Low         
[2025-05-18T20:52:30.164+0300][9008][21940][info][gc,heap     ] GC(20)  Capacity:     4096M (100%)       4096M (100%)       4096M (100%)       4096M (100%)       4096M (100%)       4096M (100%)   
[2025-05-18T20:52:30.164+0300][9008][21940][info][gc,heap     ] GC(20)      Free:     3618M (88%)        3602M (88%)        3936M (96%)        4026M (98%)        4026M (98%)        3602M (88%)    
[2025-05-18T20:52:30.164+0300][9008][21940][info][gc,heap     ] GC(20)      Used:      478M (12%)         494M (12%)         160M (4%)           70M (2%)          494M (12%)          70M (2%)     
[2025-05-18T20:52:30.164+0300][9008][21940][info][gc,heap     ] GC(20)      Live:         -                18M (0%)           18M (0%)           18M (0%)             -                  -          
[2025-05-18T20:52:30.164+0300][9008][21940][info][gc,heap     ] GC(20) Allocated:         -                16M (0%)           16M (0%)           16M (0%)             -                  -          
[2025-05-18T20:52:30.164+0300][9008][21940][info][gc,heap     ] GC(20)   Garbage:         -               459M (11%)         125M (3%)           35M (1%)             -                  -          
[2025-05-18T20:52:30.164+0300][9008][21940][info][gc,heap     ] GC(20) Reclaimed:         -                  -               334M (8%)          424M (10%)            -                  -          
[2025-05-18T20:52:30.164+0300][9008][21940][info][gc          ] GC(20) Garbage Collection (Proactive) 478M(12%)->70M(2%)
[2025-05-18T20:52:32.032+0300][9008][9208 ][info][gc,stats    ] === Garbage Collection Statistics =======================================================================================================================
[2025-05-18T20:52:32.032+0300][9008][9208 ][info][gc,stats    ]                                                              Last 10s              Last 10m              Last 10h                Total
[2025-05-18T20:52:32.032+0300][9008][9208 ][info][gc,stats    ]                                                              Avg / Max             Avg / Max             Avg / Max             Avg / Max
[2025-05-18T20:52:32.032+0300][9008][9208 ][info][gc,stats    ]   Collector: Garbage Collection Cycle                     39.169 / 39.169       71.216 / 101.996      71.216 / 101.996      71.216 / 101.996     ms
[2025-05-18T20:52:32.032+0300][9008][9208 ][info][gc,stats    ]  Contention: Mark Segment Reset Contention                     0 / 0                 0 / 1                 0 / 1                 0 / 1           ops/s
[2025-05-18T20:52:32.032+0300][9008][9208 ][info][gc,stats    ]  Contention: Mark SeqNum Reset Contention                      0 / 0                 0 / 1                 0 / 1                 0 / 1           ops/s
[2025-05-18T20:52:32.032+0300][9008][9208 ][info][gc,stats    ]    Critical: Allocation Stall                                  0 / 0                 0 / 0                 0 / 0                 0 / 0           ops/s
[2025-05-18T20:52:32.032+0300][9008][9208 ][info][gc,stats    ]    Critical: Allocation Stall                              0.000 / 0.000         0.000 / 0.000         0.000 / 0.000         0.000 / 0.000       ms
[2025-05-18T20:52:32.032+0300][9008][9208 ][info][gc,stats    ]    Critical: GC Locker Stall                                   0 / 0                 0 / 0                 0 / 0                 0 / 0           ops/s
[2025-05-18T20:52:32.032+0300][9008][9208 ][info][gc,stats    ]    Critical: GC Locker Stall                               0.000 / 0.000         0.000 / 0.000         0.000 / 0.000         0.000 / 0.000       ms
[2025-05-18T20:52:32.032+0300][9008][9208 ][info][gc,stats    ]    Critical: Relocation Stall                                  0 / 0                 0 / 0                 0 / 0                 0 / 0           ops/s
[2025-05-18T20:52:32.032+0300][9008][9208 ][info][gc,stats    ]    Critical: Relocation Stall                              0.000 / 0.000         0.000 / 0.000         0.000 / 0.000         0.000 / 0.000       ms
[2025-05-18T20:52:32.032+0300][9008][9208 ][info][gc,stats    ]      Memory: Allocation Rate                                  35 / 44               35 / 142              35 / 142              35 / 142         MB/s
[2025-05-18T20:52:32.032+0300][9008][9208 ][info][gc,stats    ]      Memory: Defragment                                        0 / 0                 0 / 0                 0 / 0                 0 / 0           ops/s
[2025-05-18T20:52:32.032+0300][9008][9208 ][info][gc,stats    ]      Memory: Out Of Memory                                     0 / 0                 0 / 0                 0 / 0                 0 / 0           ops/s
[2025-05-18T20:52:32.032+0300][9008][9208 ][info][gc,stats    ]      Memory: Page Cache Flush                                  0 / 0                 0 / 0                 0 / 0                 0 / 0           MB/s
[2025-05-18T20:52:32.032+0300][9008][9208 ][info][gc,stats    ]      Memory: Page Cache Hit L1                                17 / 24               15 / 75               15 / 75               15 / 75          ops/s
[2025-05-18T20:52:32.032+0300][9008][9208 ][info][gc,stats    ]      Memory: Page Cache Hit L2                                 0 / 0                 0 / 0                 0 / 0                 0 / 0           ops/s
[2025-05-18T20:52:32.032+0300][9008][9208 ][info][gc,stats    ]      Memory: Page Cache Hit L3                                 0 / 0                 2 / 42                2 / 42                2 / 42          ops/s
[2025-05-18T20:52:32.032+0300][9008][9208 ][info][gc,stats    ]      Memory: Page Cache Miss                                   0 / 0                 0 / 1                 0 / 1                 0 / 1           ops/s
[2025-05-18T20:52:32.032+0300][9008][9208 ][info][gc,stats    ]      Memory: Uncommit                                          0 / 0                 0 / 0                 0 / 0                 0 / 0           MB/s
[2025-05-18T20:52:32.032+0300][9008][9208 ][info][gc,stats    ]      Memory: Undo Object Allocation Failed                     0 / 0                 0 / 0                 0 / 0                 0 / 0           ops/s
[2025-05-18T20:52:32.032+0300][9008][9208 ][info][gc,stats    ]      Memory: Undo Object Allocation Succeeded                  0 / 0                 0 / 12                0 / 12                0 / 12          ops/s
[2025-05-18T20:52:32.032+0300][9008][9208 ][info][gc,stats    ]      Memory: Undo Page Allocation                              0 / 1                 0 / 1                 0 / 1                 0 / 1           ops/s
[2025-05-18T20:52:32.032+0300][9008][9208 ][info][gc,stats    ]       Phase: Concurrent Mark                              31.375 / 31.375       47.635 / 62.811       47.635 / 62.811       47.635 / 62.811      ms
[2025-05-18T20:52:32.032+0300][9008][9208 ][info][gc,stats    ]       Phase: Concurrent Mark Continue                      0.000 / 0.000         0.000 / 0.000         0.000 / 0.000         0.000 / 0.000       ms
[2025-05-18T20:52:32.032+0300][9008][9208 ][info][gc,stats    ]       Phase: Concurrent Mark Free                          0.001 / 0.001         0.002 / 0.003         0.002 / 0.003         0.002 / 0.003       ms
[2025-05-18T20:52:32.032+0300][9008][9208 ][info][gc,stats    ]       Phase: Concurrent Process Non-Strong References      4.737 / 4.737        15.788 / 33.805       15.788 / 33.805       15.788 / 33.805      ms
[2025-05-18T20:52:32.032+0300][9008][9208 ][info][gc,stats    ]       Phase: Concurrent Relocate                           0.629 / 0.629         2.845 / 7.249         2.845 / 7.249         2.845 / 7.249       ms
[2025-05-18T20:52:32.032+0300][9008][9208 ][info][gc,stats    ]       Phase: Concurrent Reset Relocation Set               0.002 / 0.002         0.009 / 0.041         0.009 / 0.041         0.009 / 0.041       ms
[2025-05-18T20:52:32.032+0300][9008][9208 ][info][gc,stats    ]       Phase: Concurrent Select Relocation Set              1.425 / 1.425         3.070 / 5.995         3.070 / 5.995         3.070 / 5.995       ms
[2025-05-18T20:52:32.032+0300][9008][9208 ][info][gc,stats    ]       Phase: Pause Mark End                                0.018 / 0.018         0.025 / 0.060         0.025 / 0.060         0.025 / 0.060       ms
[2025-05-18T20:52:32.032+0300][9008][9208 ][info][gc,stats    ]       Phase: Pause Mark Start                              0.010 / 0.010         0.012 / 0.020         0.012 / 0.020         0.012 / 0.020       ms
[2025-05-18T20:52:32.032+0300][9008][9208 ][info][gc,stats    ]       Phase: Pause Relocate Start                          0.008 / 0.008         0.014 / 0.029         0.014 / 0.029         0.014 / 0.029       ms
[2025-05-18T20:52:32.032+0300][9008][9208 ][info][gc,stats    ]    Subphase: Concurrent Classes Purge                      0.134 / 0.134         1.383 / 13.962        1.383 / 13.962        1.383 / 13.962      ms
[2025-05-18T20:52:32.032+0300][9008][9208 ][info][gc,stats    ]    Subphase: Concurrent Classes Unlink                     3.685 / 3.685        12.652 / 24.746       12.652 / 24.746       12.652 / 24.746      ms
[2025-05-18T20:52:32.032+0300][9008][9208 ][info][gc,stats    ]    Subphase: Concurrent Mark                              23.211 / 30.464       40.942 / 60.345       40.942 / 60.345       40.942 / 60.345      ms
[2025-05-18T20:52:32.032+0300][9008][9208 ][info][gc,stats    ]    Subphase: Concurrent Mark Try Flush                     0.139 / 0.397         0.154 / 1.122         0.154 / 1.122         0.154 / 1.122       ms
[2025-05-18T20:52:32.032+0300][9008][9208 ][info][gc,stats    ]    Subphase: Concurrent Mark Try Terminate                 4.901 / 14.662        3.464 / 16.167        3.464 / 16.167        3.464 / 16.167      ms
[2025-05-18T20:52:32.032+0300][9008][9208 ][info][gc,stats    ]    Subphase: Concurrent References Enqueue                 0.000 / 0.000         0.005 / 0.017         0.005 / 0.017         0.005 / 0.017       ms
[2025-05-18T20:52:32.032+0300][9008][9208 ][info][gc,stats    ]    Subphase: Concurrent References Process                 0.170 / 0.170         0.159 / 0.325         0.159 / 0.325         0.159 / 0.325       ms
[2025-05-18T20:52:32.032+0300][9008][9208 ][info][gc,stats    ]    Subphase: Concurrent Roots ClassLoaderDataGraph         0.152 / 0.261         0.283 / 0.802         0.283 / 0.802         0.283 / 0.802       ms
[2025-05-18T20:52:32.032+0300][9008][9208 ][info][gc,stats    ]    Subphase: Concurrent Roots CodeCache                    0.000 / 0.000         0.000 / 0.000         0.000 / 0.000         0.000 / 0.000       ms
[2025-05-18T20:52:32.032+0300][9008][9208 ][info][gc,stats    ]    Subphase: Concurrent Roots JavaThreads                  0.657 / 0.759         1.718 / 5.503         1.718 / 5.503         1.718 / 5.503       ms
[2025-05-18T20:52:32.032+0300][9008][9208 ][info][gc,stats    ]    Subphase: Concurrent Roots OopStorageSet                0.017 / 0.023         0.039 / 0.093         0.039 / 0.093         0.039 / 0.093       ms
[2025-05-18T20:52:32.033+0300][9008][9208 ][info][gc,stats    ]    Subphase: Concurrent Weak Roots OopStorageSet           0.577 / 0.579         1.310 / 2.357         1.310 / 2.357         1.310 / 2.357       ms
[2025-05-18T20:52:32.033+0300][9008][9208 ][info][gc,stats    ]    Subphase: Pause Mark Try Complete                       0.000 / 0.000         0.000 / 0.000         0.000 / 0.000         0.000 / 0.000       ms
[2025-05-18T20:52:32.033+0300][9008][9208 ][info][gc,stats    ]      System: Java Threads                                     32 / 32               31 / 34               31 / 34               31 / 34          threads
[2025-05-18T20:52:32.033+0300][9008][9208 ][info][gc,stats    ] =========================================================================================================================================================
[2025-05-18T20:52:42.030+0300][9008][9208 ][info][gc,stats    ] === Garbage Collection Statistics =======================================================================================================================
[2025-05-18T20:52:42.030+0300][9008][9208 ][info][gc,stats    ]                                                              Last 10s              Last 10m              Last 10h                Total
[2025-05-18T20:52:42.030+0300][9008][9208 ][info][gc,stats    ]                                                              Avg / Max             Avg / Max             Avg / Max             Avg / Max
[2025-05-18T20:52:42.030+0300][9008][9208 ][info][gc,stats    ]   Collector: Garbage Collection Cycle                      0.000 / 0.000        71.216 / 101.996      71.216 / 101.996      71.216 / 101.996     ms
[2025-05-18T20:52:42.030+0300][9008][9208 ][info][gc,stats    ]  Contention: Mark Segment Reset Contention                     0 / 0                 0 / 1                 0 / 1                 0 / 1           ops/s
[2025-05-18T20:52:42.030+0300][9008][9208 ][info][gc,stats    ]  Contention: Mark SeqNum Reset Contention                      0 / 0                 0 / 1                 0 / 1                 0 / 1           ops/s
[2025-05-18T20:52:42.030+0300][9008][9208 ][info][gc,stats    ]    Critical: Allocation Stall                                  0 / 0                 0 / 0                 0 / 0                 0 / 0           ops/s
[2025-05-18T20:52:42.030+0300][9008][9208 ][info][gc,stats    ]    Critical: Allocation Stall                              0.000 / 0.000         0.000 / 0.000         0.000 / 0.000         0.000 / 0.000       ms
[2025-05-18T20:52:42.030+0300][9008][9208 ][info][gc,stats    ]    Critical: GC Locker Stall                                   0 / 0                 0 / 0                 0 / 0                 0 / 0           ops/s
[2025-05-18T20:52:42.030+0300][9008][9208 ][info][gc,stats    ]    Critical: GC Locker Stall                               0.000 / 0.000         0.000 / 0.000         0.000 / 0.000         0.000 / 0.000       ms
[2025-05-18T20:52:42.030+0300][9008][9208 ][info][gc,stats    ]    Critical: Relocation Stall                                  0 / 0                 0 / 0                 0 / 0                 0 / 0           ops/s
[2025-05-18T20:52:42.030+0300][9008][9208 ][info][gc,stats    ]    Critical: Relocation Stall                              0.000 / 0.000         0.000 / 0.000         0.000 / 0.000         0.000 / 0.000       ms
[2025-05-18T20:52:42.030+0300][9008][9208 ][info][gc,stats    ]      Memory: Allocation Rate                                  34 / 38               35 / 142              35 / 142              35 / 142         MB/s
[2025-05-18T20:52:42.030+0300][9008][9208 ][info][gc,stats    ]      Memory: Defragment                                        0 / 0                 0 / 0                 0 / 0                 0 / 0           ops/s
[2025-05-18T20:52:42.030+0300][9008][9208 ][info][gc,stats    ]      Memory: Out Of Memory                                     0 / 0                 0 / 0                 0 / 0                 0 / 0           ops/s
[2025-05-18T20:52:42.030+0300][9008][9208 ][info][gc,stats    ]      Memory: Page Cache Flush                                  0 / 0                 0 / 0                 0 / 0                 0 / 0           MB/s
[2025-05-18T20:52:42.030+0300][9008][9208 ][info][gc,stats    ]      Memory: Page Cache Hit L1                                17 / 19               15 / 75               15 / 75               15 / 75          ops/s
[2025-05-18T20:52:42.030+0300][9008][9208 ][info][gc,stats    ]      Memory: Page Cache Hit L2                                 0 / 0                 0 / 0                 0 / 0                 0 / 0           ops/s
[2025-05-18T20:52:42.030+0300][9008][9208 ][info][gc,stats    ]      Memory: Page Cache Hit L3                                 0 / 0                 2 / 42                2 / 42                2 / 42          ops/s
[2025-05-18T20:52:42.030+0300][9008][9208 ][info][gc,stats    ]      Memory: Page Cache Miss                                   0 / 0                 0 / 1                 0 / 1                 0 / 1           ops/s
[2025-05-18T20:52:42.030+0300][9008][9208 ][info][gc,stats    ]      Memory: Uncommit                                          0 / 0                 0 / 0                 0 / 0                 0 / 0           MB/s
[2025-05-18T20:52:42.030+0300][9008][9208 ][info][gc,stats    ]      Memory: Undo Object Allocation Failed                     0 / 0                 0 / 0                 0 / 0                 0 / 0           ops/s
[2025-05-18T20:52:42.030+0300][9008][9208 ][info][gc,stats    ]      Memory: Undo Object Allocation Succeeded                  0 / 0                 0 / 12                0 / 12                0 / 12          ops/s
[2025-05-18T20:52:42.030+0300][9008][9208 ][info][gc,stats    ]      Memory: Undo Page Allocation                              0 / 0                 0 / 1                 0 / 1                 0 / 1           ops/s
[2025-05-18T20:52:42.030+0300][9008][9208 ][info][gc,stats    ]       Phase: Concurrent Mark                               0.000 / 0.000        47.635 / 62.811       47.635 / 62.811       47.635 / 62.811      ms
[2025-05-18T20:52:42.030+0300][9008][9208 ][info][gc,stats    ]       Phase: Concurrent Mark Continue                      0.000 / 0.000         0.000 / 0.000         0.000 / 0.000         0.000 / 0.000       ms
[2025-05-18T20:52:42.030+0300][9008][9208 ][info][gc,stats    ]       Phase: Concurrent Mark Free                          0.000 / 0.000         0.002 / 0.003         0.002 / 0.003         0.002 / 0.003       ms
[2025-05-18T20:52:42.030+0300][9008][9208 ][info][gc,stats    ]       Phase: Concurrent Process Non-Strong References      0.000 / 0.000        15.788 / 33.805       15.788 / 33.805       15.788 / 33.805      ms
[2025-05-18T20:52:42.030+0300][9008][9208 ][info][gc,stats    ]       Phase: Concurrent Relocate                           0.000 / 0.000         2.845 / 7.249         2.845 / 7.249         2.845 / 7.249       ms
[2025-05-18T20:52:42.030+0300][9008][9208 ][info][gc,stats    ]       Phase: Concurrent Reset Relocation Set               0.000 / 0.000         0.009 / 0.041         0.009 / 0.041         0.009 / 0.041       ms
[2025-05-18T20:52:42.030+0300][9008][9208 ][info][gc,stats    ]       Phase: Concurrent Select Relocation Set              0.000 / 0.000         3.070 / 5.995         3.070 / 5.995         3.070 / 5.995       ms
[2025-05-18T20:52:42.030+0300][9008][9208 ][info][gc,stats    ]       Phase: Pause Mark End                                0.000 / 0.000         0.025 / 0.060         0.025 / 0.060         0.025 / 0.060       ms
[2025-05-18T20:52:42.030+0300][9008][9208 ][info][gc,stats    ]       Phase: Pause Mark Start                              0.000 / 0.000         0.012 / 0.020         0.012 / 0.020         0.012 / 0.020       ms
[2025-05-18T20:52:42.030+0300][9008][9208 ][info][gc,stats    ]       Phase: Pause Relocate Start                          0.000 / 0.000         0.014 / 0.029         0.014 / 0.029         0.014 / 0.029       ms
[2025-05-18T20:52:42.030+0300][9008][9208 ][info][gc,stats    ]    Subphase: Concurrent Classes Purge                      0.000 / 0.000         1.383 / 13.962        1.383 / 13.962        1.383 / 13.962      ms
[2025-05-18T20:52:42.030+0300][9008][9208 ][info][gc,stats    ]    Subphase: Concurrent Classes Unlink                     0.000 / 0.000        12.652 / 24.746       12.652 / 24.746       12.652 / 24.746      ms
[2025-05-18T20:52:42.030+0300][9008][9208 ][info][gc,stats    ]    Subphase: Concurrent Mark                               0.000 / 0.000        40.942 / 60.345       40.942 / 60.345       40.942 / 60.345      ms
[2025-05-18T20:52:42.030+0300][9008][9208 ][info][gc,stats    ]    Subphase: Concurrent Mark Try Flush                     0.000 / 0.000         0.154 / 1.122         0.154 / 1.122         0.154 / 1.122       ms
[2025-05-18T20:52:42.030+0300][9008][9208 ][info][gc,stats    ]    Subphase: Concurrent Mark Try Terminate                 0.000 / 0.000         3.464 / 16.167        3.464 / 16.167        3.464 / 16.167      ms
[2025-05-18T20:52:42.030+0300][9008][9208 ][info][gc,stats    ]    Subphase: Concurrent References Enqueue                 0.000 / 0.000         0.005 / 0.017         0.005 / 0.017         0.005 / 0.017       ms
[2025-05-18T20:52:42.030+0300][9008][9208 ][info][gc,stats    ]    Subphase: Concurrent References Process                 0.000 / 0.000         0.159 / 0.325         0.159 / 0.325         0.159 / 0.325       ms
[2025-05-18T20:52:42.030+0300][9008][9208 ][info][gc,stats    ]    Subphase: Concurrent Roots ClassLoaderDataGraph         0.000 / 0.000         0.283 / 0.802         0.283 / 0.802         0.283 / 0.802       ms
[2025-05-18T20:52:42.030+0300][9008][9208 ][info][gc,stats    ]    Subphase: Concurrent Roots CodeCache                    0.000 / 0.000         0.000 / 0.000         0.000 / 0.000         0.000 / 0.000       ms
[2025-05-18T20:52:42.030+0300][9008][9208 ][info][gc,stats    ]    Subphase: Concurrent Roots JavaThreads                  0.000 / 0.000         1.718 / 5.503         1.718 / 5.503         1.718 / 5.503       ms
[2025-05-18T20:52:42.030+0300][9008][9208 ][info][gc,stats    ]    Subphase: Concurrent Roots OopStorageSet                0.000 / 0.000         0.039 / 0.093         0.039 / 0.093         0.039 / 0.093       ms
[2025-05-18T20:52:42.030+0300][9008][9208 ][info][gc,stats    ]    Subphase: Concurrent Weak Roots OopStorageSet           0.000 / 0.000         1.310 / 2.357         1.310 / 2.357         1.310 / 2.357       ms
[2025-05-18T20:52:42.030+0300][9008][9208 ][info][gc,stats    ]    Subphase: Pause Mark Try Complete                       0.000 / 0.000         0.000 / 0.000         0.000 / 0.000         0.000 / 0.000       ms
[2025-05-18T20:52:42.030+0300][9008][9208 ][info][gc,stats    ]      System: Java Threads                                      0 / 0                31 / 34               31 / 34               31 / 34          threads
[2025-05-18T20:52:42.030+0300][9008][9208 ][info][gc,stats    ] =========================================================================================================================================================
[2025-05-18T20:52:42.326+0300][9008][21940][info][gc,start    ] GC(21) Garbage Collection (Proactive)
[2025-05-18T20:52:42.326+0300][9008][21940][info][gc,task     ] GC(21) Using 2 workers
[2025-05-18T20:52:42.326+0300][9008][14992][info][gc,phases   ] GC(21) Pause Mark Start 0.008ms
[2025-05-18T20:52:42.357+0300][9008][21940][info][gc,phases   ] GC(21) Concurrent Mark 30.995ms
[2025-05-18T20:52:42.357+0300][9008][14992][info][gc,phases   ] GC(21) Pause Mark End 0.035ms
[2025-05-18T20:52:42.357+0300][9008][21940][info][gc,phases   ] GC(21) Concurrent Mark Free 0.001ms
[2025-05-18T20:52:42.366+0300][9008][21940][info][gc,phases   ] GC(21) Concurrent Process Non-Strong References 7.697ms
[2025-05-18T20:52:42.366+0300][9008][21940][info][gc,phases   ] GC(21) Concurrent Reset Relocation Set 0.002ms
[2025-05-18T20:52:42.368+0300][9008][21940][info][gc,phases   ] GC(21) Concurrent Select Relocation Set 2.284ms
[2025-05-18T20:52:42.368+0300][9008][14992][info][gc,phases   ] GC(21) Pause Relocate Start 0.014ms
[2025-05-18T20:52:42.369+0300][9008][21940][info][gc,phases   ] GC(21) Concurrent Relocate 1.175ms
[2025-05-18T20:52:42.369+0300][9008][21940][info][gc,load     ] GC(21) Load: 0.00/0.00/0.00
[2025-05-18T20:52:42.369+0300][9008][21940][info][gc,mmu      ] GC(21) MMU: 2ms/97.0%, 5ms/98.8%, 10ms/99.4%, 20ms/99.6%, 50ms/99.9%, 100ms/99.9%
[2025-05-18T20:52:42.369+0300][9008][21940][info][gc,marking  ] GC(21) Mark: 2 stripe(s), 2 proactive flush(es), 1 terminate flush(es), 0 completion(s), 0 continuation(s) 
[2025-05-18T20:52:42.369+0300][9008][21940][info][gc,marking  ] GC(21) Mark Stack Usage: 32M
[2025-05-18T20:52:42.369+0300][9008][21940][info][gc,nmethod  ] GC(21) NMethods: 3988 registered, 365 unregistered
[2025-05-18T20:52:42.369+0300][9008][21940][info][gc,metaspace] GC(21) Metaspace: 33M used, 34M committed, 1088M reserved
[2025-05-18T20:52:42.369+0300][9008][21940][info][gc,ref      ] GC(21) Soft: 4272 encountered, 0 discovered, 0 enqueued
[2025-05-18T20:52:42.369+0300][9008][21940][info][gc,ref      ] GC(21) Weak: 2498 encountered, 338 discovered, 0 enqueued
[2025-05-18T20:52:42.369+0300][9008][21940][info][gc,ref      ] GC(21) Final: 3 encountered, 1 discovered, 0 enqueued
[2025-05-18T20:52:42.369+0300][9008][21940][info][gc,ref      ] GC(21) Phantom: 278 encountered, 206 discovered, 0 enqueued
[2025-05-18T20:52:42.369+0300][9008][21940][info][gc,reloc    ] GC(21) Small Pages: 224 / 448M, Empty: 332M, Relocated: 1M, In-Place: 0
[2025-05-18T20:52:42.369+0300][9008][21940][info][gc,reloc    ] GC(21) Medium Pages: 1 / 32M, Empty: 0M, Relocated: 0M, In-Place: 0
[2025-05-18T20:52:42.369+0300][9008][21940][info][gc,reloc    ] GC(21) Large Pages: 0 / 0M, Empty: 0M, Relocated: 0M, In-Place: 0
[2025-05-18T20:52:42.369+0300][9008][21940][info][gc,reloc    ] GC(21) Forwarding Usage: 0M
[2025-05-18T20:52:42.369+0300][9008][21940][info][gc,heap     ] GC(21) Min Capacity: 4096M(100%)
[2025-05-18T20:52:42.369+0300][9008][21940][info][gc,heap     ] GC(21) Max Capacity: 4096M(100%)
[2025-05-18T20:52:42.369+0300][9008][21940][info][gc,heap     ] GC(21) Soft Max Capacity: 4096M(100%)
[2025-05-18T20:52:42.369+0300][9008][21940][info][gc,heap     ] GC(21)                Mark Start          Mark End        Relocate Start      Relocate End           High               Low         
[2025-05-18T20:52:42.369+0300][9008][21940][info][gc,heap     ] GC(21)  Capacity:     4096M (100%)       4096M (100%)       4096M (100%)       4096M (100%)       4096M (100%)       4096M (100%)   
[2025-05-18T20:52:42.369+0300][9008][21940][info][gc,heap     ] GC(21)      Free:     3616M (88%)        3602M (88%)        3934M (96%)        4028M (98%)        4028M (98%)        3602M (88%)    
[2025-05-18T20:52:42.369+0300][9008][21940][info][gc,heap     ] GC(21)      Used:      480M (12%)         494M (12%)         162M (4%)           68M (2%)          494M (12%)          68M (2%)     
[2025-05-18T20:52:42.369+0300][9008][21940][info][gc,heap     ] GC(21)      Live:         -                18M (0%)           18M (0%)           18M (0%)             -                  -          
[2025-05-18T20:52:42.369+0300][9008][21940][info][gc,heap     ] GC(21) Allocated:         -                14M (0%)           14M (0%)           14M (0%)             -                  -          
[2025-05-18T20:52:42.369+0300][9008][21940][info][gc,heap     ] GC(21)   Garbage:         -               461M (11%)         129M (3%)           35M (1%)             -                  -          
[2025-05-18T20:52:42.369+0300][9008][21940][info][gc,heap     ] GC(21) Reclaimed:         -                  -               332M (8%)          426M (10%)            -                  -          
[2025-05-18T20:52:42.369+0300][9008][21940][info][gc          ] GC(21) Garbage Collection (Proactive) 480M(12%)->68M(2%)
[2025-05-18T20:52:52.028+0300][9008][9208 ][info][gc,stats    ] === Garbage Collection Statistics =======================================================================================================================
[2025-05-18T20:52:52.028+0300][9008][9208 ][info][gc,stats    ]                                                              Last 10s              Last 10m              Last 10h                Total
[2025-05-18T20:52:52.028+0300][9008][9208 ][info][gc,stats    ]                                                              Avg / Max             Avg / Max             Avg / Max             Avg / Max
[2025-05-18T20:52:52.028+0300][9008][9208 ][info][gc,stats    ]   Collector: Garbage Collection Cycle                     43.692 / 43.692       69.965 / 101.996      69.965 / 101.996      69.965 / 101.996     ms
[2025-05-18T20:52:52.028+0300][9008][9208 ][info][gc,stats    ]  Contention: Mark Segment Reset Contention                     0 / 1                 0 / 1                 0 / 1                 0 / 1           ops/s
[2025-05-18T20:52:52.028+0300][9008][9208 ][info][gc,stats    ]  Contention: Mark SeqNum Reset Contention                      0 / 1                 0 / 1                 0 / 1                 0 / 1           ops/s
[2025-05-18T20:52:52.028+0300][9008][9208 ][info][gc,stats    ]    Critical: Allocation Stall                                  0 / 0                 0 / 0                 0 / 0                 0 / 0           ops/s
[2025-05-18T20:52:52.028+0300][9008][9208 ][info][gc,stats    ]    Critical: Allocation Stall                              0.000 / 0.000         0.000 / 0.000         0.000 / 0.000         0.000 / 0.000       ms
[2025-05-18T20:52:52.029+0300][9008][9208 ][info][gc,stats    ]    Critical: GC Locker Stall                                   0 / 0                 0 / 0                 0 / 0                 0 / 0           ops/s
[2025-05-18T20:52:52.029+0300][9008][9208 ][info][gc,stats    ]    Critical: GC Locker Stall                               0.000 / 0.000         0.000 / 0.000         0.000 / 0.000         0.000 / 0.000       ms
[2025-05-18T20:52:52.029+0300][9008][9208 ][info][gc,stats    ]    Critical: Relocation Stall                                  0 / 0                 0 / 0                 0 / 0                 0 / 0           ops/s
[2025-05-18T20:52:52.029+0300][9008][9208 ][info][gc,stats    ]    Critical: Relocation Stall                              0.000 / 0.000         0.000 / 0.000         0.000 / 0.000         0.000 / 0.000       ms
[2025-05-18T20:52:52.029+0300][9008][9208 ][info][gc,stats    ]      Memory: Allocation Rate                                  35 / 42               35 / 142              35 / 142              35 / 142         MB/s
[2025-05-18T20:52:52.029+0300][9008][9208 ][info][gc,stats    ]      Memory: Defragment                                        0 / 0                 0 / 0                 0 / 0                 0 / 0           ops/s
[2025-05-18T20:52:52.029+0300][9008][9208 ][info][gc,stats    ]      Memory: Out Of Memory                                     0 / 0                 0 / 0                 0 / 0                 0 / 0           ops/s
[2025-05-18T20:52:52.029+0300][9008][9208 ][info][gc,stats    ]      Memory: Page Cache Flush                                  0 / 0                 0 / 0                 0 / 0                 0 / 0           MB/s
[2025-05-18T20:52:52.029+0300][9008][9208 ][info][gc,stats    ]      Memory: Page Cache Hit L1                                17 / 23               15 / 75               15 / 75               15 / 75          ops/s
[2025-05-18T20:52:52.029+0300][9008][9208 ][info][gc,stats    ]      Memory: Page Cache Hit L2                                 0 / 0                 0 / 0                 0 / 0                 0 / 0           ops/s
[2025-05-18T20:52:52.029+0300][9008][9208 ][info][gc,stats    ]      Memory: Page Cache Hit L3                                 0 / 0                 2 / 42                2 / 42                2 / 42          ops/s
[2025-05-18T20:52:52.029+0300][9008][9208 ][info][gc,stats    ]      Memory: Page Cache Miss                                   0 / 0                 0 / 1                 0 / 1                 0 / 1           ops/s
[2025-05-18T20:52:52.029+0300][9008][9208 ][info][gc,stats    ]      Memory: Uncommit                                          0 / 0                 0 / 0                 0 / 0                 0 / 0           MB/s
[2025-05-18T20:52:52.029+0300][9008][9208 ][info][gc,stats    ]      Memory: Undo Object Allocation Failed                     0 / 0                 0 / 0                 0 / 0                 0 / 0           ops/s
[2025-05-18T20:52:52.029+0300][9008][9208 ][info][gc,stats    ]      Memory: Undo Object Allocation Succeeded                  0 / 0                 0 / 12                0 / 12                0 / 12          ops/s
[2025-05-18T20:52:52.029+0300][9008][9208 ][info][gc,stats    ]      Memory: Undo Page Allocation                              0 / 1                 0 / 1                 0 / 1                 0 / 1           ops/s
[2025-05-18T20:52:52.029+0300][9008][9208 ][info][gc,stats    ]       Phase: Concurrent Mark                              30.995 / 30.995       46.878 / 62.811       46.878 / 62.811       46.878 / 62.811      ms
[2025-05-18T20:52:52.029+0300][9008][9208 ][info][gc,stats    ]       Phase: Concurrent Mark Continue                      0.000 / 0.000         0.000 / 0.000         0.000 / 0.000         0.000 / 0.000       ms
[2025-05-18T20:52:52.029+0300][9008][9208 ][info][gc,stats    ]       Phase: Concurrent Mark Free                          0.001 / 0.001         0.002 / 0.003         0.002 / 0.003         0.002 / 0.003       ms
[2025-05-18T20:52:52.029+0300][9008][9208 ][info][gc,stats    ]       Phase: Concurrent Process Non-Strong References      7.697 / 7.697        15.420 / 33.805       15.420 / 33.805       15.420 / 33.805      ms
[2025-05-18T20:52:52.029+0300][9008][9208 ][info][gc,stats    ]       Phase: Concurrent Relocate                           1.175 / 1.175         2.769 / 7.249         2.769 / 7.249         2.769 / 7.249       ms
[2025-05-18T20:52:52.029+0300][9008][9208 ][info][gc,stats    ]       Phase: Concurrent Reset Relocation Set               0.002 / 0.002         0.009 / 0.041         0.009 / 0.041         0.009 / 0.041       ms
[2025-05-18T20:52:52.029+0300][9008][9208 ][info][gc,stats    ]       Phase: Concurrent Select Relocation Set              2.284 / 2.284         3.034 / 5.995         3.034 / 5.995         3.034 / 5.995       ms
[2025-05-18T20:52:52.029+0300][9008][9208 ][info][gc,stats    ]       Phase: Pause Mark End                                0.035 / 0.035         0.025 / 0.060         0.025 / 0.060         0.025 / 0.060       ms
[2025-05-18T20:52:52.029+0300][9008][9208 ][info][gc,stats    ]       Phase: Pause Mark Start                              0.008 / 0.008         0.012 / 0.020         0.012 / 0.020         0.012 / 0.020       ms
[2025-05-18T20:52:52.029+0300][9008][9208 ][info][gc,stats    ]       Phase: Pause Relocate Start                          0.014 / 0.014         0.014 / 0.029         0.014 / 0.029         0.014 / 0.029       ms
[2025-05-18T20:52:52.029+0300][9008][9208 ][info][gc,stats    ]    Subphase: Concurrent Classes Purge                      0.073 / 0.073         1.323 / 13.962        1.323 / 13.962        1.323 / 13.962      ms
[2025-05-18T20:52:52.029+0300][9008][9208 ][info][gc,stats    ]    Subphase: Concurrent Classes Unlink                     6.737 / 6.737        12.383 / 24.746       12.383 / 24.746       12.383 / 24.746      ms
[2025-05-18T20:52:52.029+0300][9008][9208 ][info][gc,stats    ]    Subphase: Concurrent Mark                              23.937 / 30.121       40.169 / 60.345       40.169 / 60.345       40.169 / 60.345      ms
[2025-05-18T20:52:52.029+0300][9008][9208 ][info][gc,stats    ]    Subphase: Concurrent Mark Try Flush                     0.093 / 0.151         0.152 / 1.122         0.152 / 1.122         0.152 / 1.122       ms
[2025-05-18T20:52:52.029+0300][9008][9208 ][info][gc,stats    ]    Subphase: Concurrent Mark Try Terminate                 4.417 / 13.158        3.506 / 16.167        3.506 / 16.167        3.506 / 16.167      ms
[2025-05-18T20:52:52.029+0300][9008][9208 ][info][gc,stats    ]    Subphase: Concurrent References Enqueue                 0.001 / 0.001         0.005 / 0.017         0.005 / 0.017         0.005 / 0.017       ms
[2025-05-18T20:52:52.029+0300][9008][9208 ][info][gc,stats    ]    Subphase: Concurrent References Process                 0.076 / 0.076         0.155 / 0.325         0.155 / 0.325         0.155 / 0.325       ms
[2025-05-18T20:52:52.029+0300][9008][9208 ][info][gc,stats    ]    Subphase: Concurrent Roots ClassLoaderDataGraph         0.172 / 0.314         0.278 / 0.802         0.278 / 0.802         0.278 / 0.802       ms
[2025-05-18T20:52:52.029+0300][9008][9208 ][info][gc,stats    ]    Subphase: Concurrent Roots CodeCache                    0.000 / 0.000         0.000 / 0.000         0.000 / 0.000         0.000 / 0.000       ms
[2025-05-18T20:52:52.029+0300][9008][9208 ][info][gc,stats    ]    Subphase: Concurrent Roots JavaThreads                  0.434 / 0.577         1.659 / 5.503         1.659 / 5.503         1.659 / 5.503       ms
[2025-05-18T20:52:52.029+0300][9008][9208 ][info][gc,stats    ]    Subphase: Concurrent Roots OopStorageSet                0.019 / 0.025         0.038 / 0.093         0.038 / 0.093         0.038 / 0.093       ms
[2025-05-18T20:52:52.029+0300][9008][9208 ][info][gc,stats    ]    Subphase: Concurrent Weak Roots OopStorageSet           0.633 / 0.633         1.280 / 2.357         1.280 / 2.357         1.280 / 2.357       ms
[2025-05-18T20:52:52.029+0300][9008][9208 ][info][gc,stats    ]    Subphase: Pause Mark Try Complete                       0.000 / 0.000         0.000 / 0.000         0.000 / 0.000         0.000 / 0.000       ms
[2025-05-18T20:52:52.029+0300][9008][9208 ][info][gc,stats    ]      System: Java Threads                                     32 / 32               31 / 34               31 / 34               31 / 34          threads
[2025-05-18T20:52:52.029+0300][9008][9208 ][info][gc,stats    ] =========================================================================================================================================================
[2025-05-18T20:52:54.429+0300][9008][21940][info][gc,start    ] GC(22) Garbage Collection (Proactive)
[2025-05-18T20:52:54.429+0300][9008][21940][info][gc,task     ] GC(22) Using 2 workers
[2025-05-18T20:52:54.429+0300][9008][14992][info][gc,phases   ] GC(22) Pause Mark Start 0.016ms
[2025-05-18T20:52:54.460+0300][9008][21940][info][gc,phases   ] GC(22) Concurrent Mark 29.337ms
[2025-05-18T20:52:54.460+0300][9008][14992][info][gc,phases   ] GC(22) Pause Mark End 0.019ms
[2025-05-18T20:52:54.460+0300][9008][21940][info][gc,phases   ] GC(22) Concurrent Mark Free 0.001ms
[2025-05-18T20:52:54.468+0300][9008][21940][info][gc,phases   ] GC(22) Concurrent Process Non-Strong References 7.623ms
[2025-05-18T20:52:54.468+0300][9008][21940][info][gc,phases   ] GC(22) Concurrent Reset Relocation Set 0.002ms
[2025-05-18T20:52:54.470+0300][9008][21940][info][gc,phases   ] GC(22) Concurrent Select Relocation Set 2.329ms
[2025-05-18T20:52:54.471+0300][9008][14992][info][gc,phases   ] GC(22) Pause Relocate Start 0.008ms
[2025-05-18T20:52:54.471+0300][9008][21940][info][gc,phases   ] GC(22) Concurrent Relocate 0.691ms
[2025-05-18T20:52:54.471+0300][9008][21940][info][gc,load     ] GC(22) Load: 0.00/0.00/0.00
[2025-05-18T20:52:54.471+0300][9008][21940][info][gc,mmu      ] GC(22) MMU: 2ms/97.0%, 5ms/98.8%, 10ms/99.4%, 20ms/99.6%, 50ms/99.9%, 100ms/99.9%
[2025-05-18T20:52:54.471+0300][9008][21940][info][gc,marking  ] GC(22) Mark: 2 stripe(s), 2 proactive flush(es), 1 terminate flush(es), 0 completion(s), 0 continuation(s) 
[2025-05-18T20:52:54.471+0300][9008][21940][info][gc,marking  ] GC(22) Mark Stack Usage: 32M
[2025-05-18T20:52:54.471+0300][9008][21940][info][gc,nmethod  ] GC(22) NMethods: 3988 registered, 379 unregistered
[2025-05-18T20:52:54.471+0300][9008][21940][info][gc,metaspace] GC(22) Metaspace: 33M used, 34M committed, 1088M reserved
[2025-05-18T20:52:54.471+0300][9008][21940][info][gc,ref      ] GC(22) Soft: 4272 encountered, 0 discovered, 0 enqueued
[2025-05-18T20:52:54.471+0300][9008][21940][info][gc,ref      ] GC(22) Weak: 2498 encountered, 846 discovered, 0 enqueued
[2025-05-18T20:52:54.471+0300][9008][21940][info][gc,ref      ] GC(22) Final: 3 encountered, 1 discovered, 0 enqueued
[2025-05-18T20:52:54.471+0300][9008][21940][info][gc,ref      ] GC(22) Phantom: 278 encountered, 208 discovered, 0 enqueued
[2025-05-18T20:52:54.471+0300][9008][21940][info][gc,reloc    ] GC(22) Small Pages: 224 / 448M, Empty: 330M, Relocated: 1M, In-Place: 0
[2025-05-18T20:52:54.471+0300][9008][21940][info][gc,reloc    ] GC(22) Medium Pages: 1 / 32M, Empty: 0M, Relocated: 0M, In-Place: 0
[2025-05-18T20:52:54.471+0300][9008][21940][info][gc,reloc    ] GC(22) Large Pages: 0 / 0M, Empty: 0M, Relocated: 0M, In-Place: 0
[2025-05-18T20:52:54.471+0300][9008][21940][info][gc,reloc    ] GC(22) Forwarding Usage: 0M
[2025-05-18T20:52:54.471+0300][9008][21940][info][gc,heap     ] GC(22) Min Capacity: 4096M(100%)
[2025-05-18T20:52:54.471+0300][9008][21940][info][gc,heap     ] GC(22) Max Capacity: 4096M(100%)
[2025-05-18T20:52:54.471+0300][9008][21940][info][gc,heap     ] GC(22) Soft Max Capacity: 4096M(100%)
[2025-05-18T20:52:54.471+0300][9008][21940][info][gc,heap     ] GC(22)                Mark Start          Mark End        Relocate Start      Relocate End           High               Low         
[2025-05-18T20:52:54.471+0300][9008][21940][info][gc,heap     ] GC(22)  Capacity:     4096M (100%)       4096M (100%)       4096M (100%)       4096M (100%)       4096M (100%)       4096M (100%)   
[2025-05-18T20:52:54.472+0300][9008][21940][info][gc,heap     ] GC(22)      Free:     3616M (88%)        3600M (88%)        3930M (96%)        4026M (98%)        4026M (98%)        3600M (88%)    
[2025-05-18T20:52:54.472+0300][9008][21940][info][gc,heap     ] GC(22)      Used:      480M (12%)         496M (12%)         166M (4%)           70M (2%)          496M (12%)          70M (2%)     
[2025-05-18T20:52:54.472+0300][9008][21940][info][gc,heap     ] GC(22)      Live:         -                18M (0%)           18M (0%)           18M (0%)             -                  -          
[2025-05-18T20:52:54.472+0300][9008][21940][info][gc,heap     ] GC(22) Allocated:         -                16M (0%)           16M (0%)           16M (0%)             -                  -          
[2025-05-18T20:52:54.472+0300][9008][21940][info][gc,heap     ] GC(22)   Garbage:         -               461M (11%)         131M (3%)           35M (1%)             -                  -          
[2025-05-18T20:52:54.472+0300][9008][21940][info][gc,heap     ] GC(22) Reclaimed:         -                  -               330M (8%)          426M (10%)            -                  -          
[2025-05-18T20:52:54.472+0300][9008][21940][info][gc          ] GC(22) Garbage Collection (Proactive) 480M(12%)->70M(2%)
[2025-05-18T20:53:02.020+0300][9008][9208 ][info][gc,stats    ] === Garbage Collection Statistics =======================================================================================================================
[2025-05-18T20:53:02.020+0300][9008][9208 ][info][gc,stats    ]                                                              Last 10s              Last 10m              Last 10h                Total
[2025-05-18T20:53:02.020+0300][9008][9208 ][info][gc,stats    ]                                                              Avg / Max             Avg / Max             Avg / Max             Avg / Max
[2025-05-18T20:53:02.020+0300][9008][9208 ][info][gc,stats    ]   Collector: Garbage Collection Cycle                     41.738 / 41.738       68.738 / 101.996      68.738 / 101.996      68.738 / 101.996     ms
[2025-05-18T20:53:02.020+0300][9008][9208 ][info][gc,stats    ]  Contention: Mark Segment Reset Contention                     0 / 0                 0 / 1                 0 / 1                 0 / 1           ops/s
[2025-05-18T20:53:02.020+0300][9008][9208 ][info][gc,stats    ]  Contention: Mark SeqNum Reset Contention                      0 / 0                 0 / 1                 0 / 1                 0 / 1           ops/s
[2025-05-18T20:53:02.020+0300][9008][9208 ][info][gc,stats    ]    Critical: Allocation Stall                                  0 / 0                 0 / 0                 0 / 0                 0 / 0           ops/s
[2025-05-18T20:53:02.020+0300][9008][9208 ][info][gc,stats    ]    Critical: Allocation Stall                              0.000 / 0.000         0.000 / 0.000         0.000 / 0.000         0.000 / 0.000       ms
[2025-05-18T20:53:02.020+0300][9008][9208 ][info][gc,stats    ]    Critical: GC Locker Stall                                   0 / 0                 0 / 0                 0 / 0                 0 / 0           ops/s
[2025-05-18T20:53:02.020+0300][9008][9208 ][info][gc,stats    ]    Critical: GC Locker Stall                               0.000 / 0.000         0.000 / 0.000         0.000 / 0.000         0.000 / 0.000       ms
[2025-05-18T20:53:02.020+0300][9008][9208 ][info][gc,stats    ]    Critical: Relocation Stall                                  0 / 0                 0 / 0                 0 / 0                 0 / 0           ops/s
[2025-05-18T20:53:02.020+0300][9008][9208 ][info][gc,stats    ]    Critical: Relocation Stall                              0.000 / 0.000         0.000 / 0.000         0.000 / 0.000         0.000 / 0.000       ms
[2025-05-18T20:53:02.020+0300][9008][9208 ][info][gc,stats    ]      Memory: Allocation Rate                                  35 / 42               35 / 142              35 / 142              35 / 142         MB/s
[2025-05-18T20:53:02.020+0300][9008][9208 ][info][gc,stats    ]      Memory: Defragment                                        0 / 0                 0 / 0                 0 / 0                 0 / 0           ops/s
[2025-05-18T20:53:02.020+0300][9008][9208 ][info][gc,stats    ]      Memory: Out Of Memory                                     0 / 0                 0 / 0                 0 / 0                 0 / 0           ops/s
[2025-05-18T20:53:02.020+0300][9008][9208 ][info][gc,stats    ]      Memory: Page Cache Flush                                  0 / 0                 0 / 0                 0 / 0                 0 / 0           MB/s
[2025-05-18T20:53:02.020+0300][9008][9208 ][info][gc,stats    ]      Memory: Page Cache Hit L1                                18 / 23               15 / 75               15 / 75               15 / 75          ops/s
[2025-05-18T20:53:02.020+0300][9008][9208 ][info][gc,stats    ]      Memory: Page Cache Hit L2                                 0 / 0                 0 / 0                 0 / 0                 0 / 0           ops/s
[2025-05-18T20:53:02.020+0300][9008][9208 ][info][gc,stats    ]      Memory: Page Cache Hit L3                                 0 / 0                 2 / 42                2 / 42                2 / 42          ops/s
[2025-05-18T20:53:02.020+0300][9008][9208 ][info][gc,stats    ]      Memory: Page Cache Miss                                   0 / 0                 0 / 1                 0 / 1                 0 / 1           ops/s
[2025-05-18T20:53:02.020+0300][9008][9208 ][info][gc,stats    ]      Memory: Uncommit                                          0 / 0                 0 / 0                 0 / 0                 0 / 0           MB/s
[2025-05-18T20:53:02.020+0300][9008][9208 ][info][gc,stats    ]      Memory: Undo Object Allocation Failed                     0 / 0                 0 / 0                 0 / 0                 0 / 0           ops/s
[2025-05-18T20:53:02.020+0300][9008][9208 ][info][gc,stats    ]      Memory: Undo Object Allocation Succeeded                  0 / 0                 0 / 12                0 / 12                0 / 12          ops/s
[2025-05-18T20:53:02.020+0300][9008][9208 ][info][gc,stats    ]      Memory: Undo Page Allocation                              0 / 0                 0 / 1                 0 / 1                 0 / 1           ops/s
[2025-05-18T20:53:02.020+0300][9008][9208 ][info][gc,stats    ]       Phase: Concurrent Mark                              29.337 / 29.337       46.116 / 62.811       46.116 / 62.811       46.116 / 62.811      ms
[2025-05-18T20:53:02.020+0300][9008][9208 ][info][gc,stats    ]       Phase: Concurrent Mark Continue                      0.000 / 0.000         0.000 / 0.000         0.000 / 0.000         0.000 / 0.000       ms
[2025-05-18T20:53:02.020+0300][9008][9208 ][info][gc,stats    ]       Phase: Concurrent Mark Free                          0.001 / 0.001         0.001 / 0.003         0.001 / 0.003         0.001 / 0.003       ms
[2025-05-18T20:53:02.020+0300][9008][9208 ][info][gc,stats    ]       Phase: Concurrent Process Non-Strong References      7.623 / 7.623        15.081 / 33.805       15.081 / 33.805       15.081 / 33.805      ms
[2025-05-18T20:53:02.020+0300][9008][9208 ][info][gc,stats    ]       Phase: Concurrent Relocate                           0.691 / 0.691         2.679 / 7.249         2.679 / 7.249         2.679 / 7.249       ms
[2025-05-18T20:53:02.020+0300][9008][9208 ][info][gc,stats    ]       Phase: Concurrent Reset Relocation Set               0.002 / 0.002         0.008 / 0.041         0.008 / 0.041         0.008 / 0.041       ms
[2025-05-18T20:53:02.020+0300][9008][9208 ][info][gc,stats    ]       Phase: Concurrent Select Relocation Set              2.329 / 2.329         3.003 / 5.995         3.003 / 5.995         3.003 / 5.995       ms
[2025-05-18T20:53:02.020+0300][9008][9208 ][info][gc,stats    ]       Phase: Pause Mark End                                0.019 / 0.019         0.025 / 0.060         0.025 / 0.060         0.025 / 0.060       ms
[2025-05-18T20:53:02.020+0300][9008][9208 ][info][gc,stats    ]       Phase: Pause Mark Start                              0.016 / 0.016         0.012 / 0.020         0.012 / 0.020         0.012 / 0.020       ms
[2025-05-18T20:53:02.020+0300][9008][9208 ][info][gc,stats    ]       Phase: Pause Relocate Start                          0.008 / 0.008         0.014 / 0.029         0.014 / 0.029         0.014 / 0.029       ms
[2025-05-18T20:53:02.020+0300][9008][9208 ][info][gc,stats    ]    Subphase: Concurrent Classes Purge                      0.099 / 0.099         1.270 / 13.962        1.270 / 13.962        1.270 / 13.962      ms
[2025-05-18T20:53:02.020+0300][9008][9208 ][info][gc,stats    ]    Subphase: Concurrent Classes Unlink                     6.660 / 6.660        12.135 / 24.746       12.135 / 24.746       12.135 / 24.746      ms
[2025-05-18T20:53:02.020+0300][9008][9208 ][info][gc,stats    ]    Subphase: Concurrent Mark                              24.793 / 28.709       39.501 / 60.345       39.501 / 60.345       39.501 / 60.345      ms
[2025-05-18T20:53:02.020+0300][9008][9208 ][info][gc,stats    ]    Subphase: Concurrent Mark Try Flush                     0.066 / 0.128         0.148 / 1.122         0.148 / 1.122         0.148 / 1.122       ms
[2025-05-18T20:53:02.020+0300][9008][9208 ][info][gc,stats    ]    Subphase: Concurrent Mark Try Terminate                 2.742 / 8.210         3.474 / 16.167        3.474 / 16.167        3.474 / 16.167      ms
[2025-05-18T20:53:02.020+0300][9008][9208 ][info][gc,stats    ]    Subphase: Concurrent References Enqueue                 0.001 / 0.001         0.005 / 0.017         0.005 / 0.017         0.005 / 0.017       ms
[2025-05-18T20:53:02.020+0300][9008][9208 ][info][gc,stats    ]    Subphase: Concurrent References Process                 0.124 / 0.124         0.154 / 0.325         0.154 / 0.325         0.154 / 0.325       ms
[2025-05-18T20:53:02.020+0300][9008][9208 ][info][gc,stats    ]    Subphase: Concurrent Roots ClassLoaderDataGraph         0.143 / 0.249         0.272 / 0.802         0.272 / 0.802         0.272 / 0.802       ms
[2025-05-18T20:53:02.020+0300][9008][9208 ][info][gc,stats    ]    Subphase: Concurrent Roots CodeCache                    0.000 / 0.000         0.000 / 0.000         0.000 / 0.000         0.000 / 0.000       ms
[2025-05-18T20:53:02.020+0300][9008][9208 ][info][gc,stats    ]    Subphase: Concurrent Roots JavaThreads                  0.383 / 0.492         1.604 / 5.503         1.604 / 5.503         1.604 / 5.503       ms
[2025-05-18T20:53:02.021+0300][9008][9208 ][info][gc,stats    ]    Subphase: Concurrent Roots OopStorageSet                0.017 / 0.024         0.037 / 0.093         0.037 / 0.093         0.037 / 0.093       ms
[2025-05-18T20:53:02.021+0300][9008][9208 ][info][gc,stats    ]    Subphase: Concurrent Weak Roots OopStorageSet           0.563 / 0.564         1.248 / 2.357         1.248 / 2.357         1.248 / 2.357       ms
[2025-05-18T20:53:02.021+0300][9008][9208 ][info][gc,stats    ]    Subphase: Pause Mark Try Complete                       0.000 / 0.000         0.000 / 0.000         0.000 / 0.000         0.000 / 0.000       ms
[2025-05-18T20:53:02.021+0300][9008][9208 ][info][gc,stats    ]      System: Java Threads                                     32 / 32               31 / 34               31 / 34               31 / 34          threads
[2025-05-18T20:53:02.021+0300][9008][9208 ][info][gc,stats    ] =========================================================================================================================================================
[2025-05-18T20:53:06.526+0300][9008][21940][info][gc,start    ] GC(23) Garbage Collection (Proactive)
[2025-05-18T20:53:06.526+0300][9008][21940][info][gc,task     ] GC(23) Using 2 workers
[2025-05-18T20:53:06.526+0300][9008][14992][info][gc,phases   ] GC(23) Pause Mark Start 0.015ms
[2025-05-18T20:53:06.542+0300][9008][21940][info][gc,phases   ] GC(23) Concurrent Mark 14.995ms
[2025-05-18T20:53:06.542+0300][9008][14992][info][gc,phases   ] GC(23) Pause Mark End 0.015ms
[2025-05-18T20:53:06.542+0300][9008][21940][info][gc,phases   ] GC(23) Concurrent Mark Free 0.001ms
[2025-05-18T20:53:06.546+0300][9008][21940][info][gc,phases   ] GC(23) Concurrent Process Non-Strong References 4.328ms
[2025-05-18T20:53:06.546+0300][9008][21940][info][gc,phases   ] GC(23) Concurrent Reset Relocation Set 0.002ms
[2025-05-18T20:53:06.548+0300][9008][21940][info][gc,phases   ] GC(23) Concurrent Select Relocation Set 1.167ms
[2025-05-18T20:53:06.548+0300][9008][14992][info][gc,phases   ] GC(23) Pause Relocate Start 0.006ms
[2025-05-18T20:53:06.549+0300][9008][21940][info][gc,phases   ] GC(23) Concurrent Relocate 0.864ms
[2025-05-18T20:53:06.549+0300][9008][21940][info][gc,load     ] GC(23) Load: 0.00/0.00/0.00
[2025-05-18T20:53:06.549+0300][9008][21940][info][gc,mmu      ] GC(23) MMU: 2ms/97.0%, 5ms/98.8%, 10ms/99.4%, 20ms/99.6%, 50ms/99.9%, 100ms/99.9%
[2025-05-18T20:53:06.549+0300][9008][21940][info][gc,marking  ] GC(23) Mark: 2 stripe(s), 2 proactive flush(es), 1 terminate flush(es), 0 completion(s), 0 continuation(s) 
[2025-05-18T20:53:06.549+0300][9008][21940][info][gc,marking  ] GC(23) Mark Stack Usage: 32M
[2025-05-18T20:53:06.549+0300][9008][21940][info][gc,nmethod  ] GC(23) NMethods: 3988 registered, 382 unregistered
[2025-05-18T20:53:06.549+0300][9008][21940][info][gc,metaspace] GC(23) Metaspace: 33M used, 34M committed, 1088M reserved
[2025-05-18T20:53:06.549+0300][9008][21940][info][gc,ref      ] GC(23) Soft: 4272 encountered, 0 discovered, 0 enqueued
[2025-05-18T20:53:06.549+0300][9008][21940][info][gc,ref      ] GC(23) Weak: 2498 encountered, 776 discovered, 0 enqueued
[2025-05-18T20:53:06.549+0300][9008][21940][info][gc,ref      ] GC(23) Final: 3 encountered, 0 discovered, 0 enqueued
[2025-05-18T20:53:06.550+0300][9008][21940][info][gc,ref      ] GC(23) Phantom: 278 encountered, 208 discovered, 0 enqueued
[2025-05-18T20:53:06.550+0300][9008][21940][info][gc,reloc    ] GC(23) Small Pages: 225 / 450M, Empty: 334M, Relocated: 1M, In-Place: 0
[2025-05-18T20:53:06.550+0300][9008][21940][info][gc,reloc    ] GC(23) Medium Pages: 1 / 32M, Empty: 0M, Relocated: 0M, In-Place: 0
[2025-05-18T20:53:06.550+0300][9008][21940][info][gc,reloc    ] GC(23) Large Pages: 0 / 0M, Empty: 0M, Relocated: 0M, In-Place: 0
[2025-05-18T20:53:06.550+0300][9008][21940][info][gc,reloc    ] GC(23) Forwarding Usage: 0M
[2025-05-18T20:53:06.550+0300][9008][21940][info][gc,heap     ] GC(23) Min Capacity: 4096M(100%)
[2025-05-18T20:53:06.550+0300][9008][21940][info][gc,heap     ] GC(23) Max Capacity: 4096M(100%)
[2025-05-18T20:53:06.550+0300][9008][21940][info][gc,heap     ] GC(23) Soft Max Capacity: 4096M(100%)
[2025-05-18T20:53:06.550+0300][9008][21940][info][gc,heap     ] GC(23)                Mark Start          Mark End        Relocate Start      Relocate End           High               Low         
[2025-05-18T20:53:06.550+0300][9008][21940][info][gc,heap     ] GC(23)  Capacity:     4096M (100%)       4096M (100%)       4096M (100%)       4096M (100%)       4096M (100%)       4096M (100%)   
[2025-05-18T20:53:06.550+0300][9008][21940][info][gc,heap     ] GC(23)      Free:     3614M (88%)        3600M (88%)        3934M (96%)        4028M (98%)        4028M (98%)        3600M (88%)    
[2025-05-18T20:53:06.550+0300][9008][21940][info][gc,heap     ] GC(23)      Used:      482M (12%)         496M (12%)         162M (4%)           68M (2%)          496M (12%)          68M (2%)     
[2025-05-18T20:53:06.550+0300][9008][21940][info][gc,heap     ] GC(23)      Live:         -                18M (0%)           18M (0%)           18M (0%)             -                  -          
[2025-05-18T20:53:06.550+0300][9008][21940][info][gc,heap     ] GC(23) Allocated:         -                14M (0%)           14M (0%)           14M (0%)             -                  -          
[2025-05-18T20:53:06.550+0300][9008][21940][info][gc,heap     ] GC(23)   Garbage:         -               463M (11%)         129M (3%)           35M (1%)             -                  -          
[2025-05-18T20:53:06.550+0300][9008][21940][info][gc,heap     ] GC(23) Reclaimed:         -                  -               334M (8%)          428M (10%)            -                  -          
[2025-05-18T20:53:06.550+0300][9008][21940][info][gc          ] GC(23) Garbage Collection (Proactive) 482M(12%)->68M(2%)
[2025-05-18T20:53:12.031+0300][9008][9208 ][info][gc,stats    ] === Garbage Collection Statistics =======================================================================================================================
[2025-05-18T20:53:12.031+0300][9008][9208 ][info][gc,stats    ]                                                              Last 10s              Last 10m              Last 10h                Total
[2025-05-18T20:53:12.031+0300][9008][9208 ][info][gc,stats    ]                                                              Avg / Max             Avg / Max             Avg / Max             Avg / Max
[2025-05-18T20:53:12.031+0300][9008][9208 ][info][gc,stats    ]   Collector: Garbage Collection Cycle                     22.710 / 22.710       66.820 / 101.996      66.820 / 101.996      66.820 / 101.996     ms
[2025-05-18T20:53:12.031+0300][9008][9208 ][info][gc,stats    ]  Contention: Mark Segment Reset Contention                     0 / 0                 0 / 1                 0 / 1                 0 / 1           ops/s
[2025-05-18T20:53:12.031+0300][9008][9208 ][info][gc,stats    ]  Contention: Mark SeqNum Reset Contention                      0 / 0                 0 / 1                 0 / 1                 0 / 1           ops/s
[2025-05-18T20:53:12.031+0300][9008][9208 ][info][gc,stats    ]    Critical: Allocation Stall                                  0 / 0                 0 / 0                 0 / 0                 0 / 0           ops/s
[2025-05-18T20:53:12.031+0300][9008][9208 ][info][gc,stats    ]    Critical: Allocation Stall                              0.000 / 0.000         0.000 / 0.000         0.000 / 0.000         0.000 / 0.000       ms
[2025-05-18T20:53:12.031+0300][9008][9208 ][info][gc,stats    ]    Critical: GC Locker Stall                                   0 / 0                 0 / 0                 0 / 0                 0 / 0           ops/s
[2025-05-18T20:53:12.031+0300][9008][9208 ][info][gc,stats    ]    Critical: GC Locker Stall                               0.000 / 0.000         0.000 / 0.000         0.000 / 0.000         0.000 / 0.000       ms
[2025-05-18T20:53:12.031+0300][9008][9208 ][info][gc,stats    ]    Critical: Relocation Stall                                  0 / 0                 0 / 0                 0 / 0                 0 / 0           ops/s
[2025-05-18T20:53:12.031+0300][9008][9208 ][info][gc,stats    ]    Critical: Relocation Stall                              0.000 / 0.000         0.000 / 0.000         0.000 / 0.000         0.000 / 0.000       ms
[2025-05-18T20:53:12.031+0300][9008][9208 ][info][gc,stats    ]      Memory: Allocation Rate                                  35 / 42               35 / 142              35 / 142              35 / 142         MB/s
[2025-05-18T20:53:12.031+0300][9008][9208 ][info][gc,stats    ]      Memory: Defragment                                        0 / 0                 0 / 0                 0 / 0                 0 / 0           ops/s
[2025-05-18T20:53:12.031+0300][9008][9208 ][info][gc,stats    ]      Memory: Out Of Memory                                     0 / 0                 0 / 0                 0 / 0                 0 / 0           ops/s
[2025-05-18T20:53:12.031+0300][9008][9208 ][info][gc,stats    ]      Memory: Page Cache Flush                                  0 / 0                 0 / 0                 0 / 0                 0 / 0           MB/s
[2025-05-18T20:53:12.031+0300][9008][9208 ][info][gc,stats    ]      Memory: Page Cache Hit L1                                18 / 23               15 / 75               15 / 75               15 / 75          ops/s
[2025-05-18T20:53:12.031+0300][9008][9208 ][info][gc,stats    ]      Memory: Page Cache Hit L2                                 0 / 0                 0 / 0                 0 / 0                 0 / 0           ops/s
[2025-05-18T20:53:12.031+0300][9008][9208 ][info][gc,stats    ]      Memory: Page Cache Hit L3                                 0 / 0                 2 / 42                2 / 42                2 / 42          ops/s
[2025-05-18T20:53:12.031+0300][9008][9208 ][info][gc,stats    ]      Memory: Page Cache Miss                                   0 / 0                 0 / 1                 0 / 1                 0 / 1           ops/s
[2025-05-18T20:53:12.031+0300][9008][9208 ][info][gc,stats    ]      Memory: Uncommit                                          0 / 0                 0 / 0                 0 / 0                 0 / 0           MB/s
[2025-05-18T20:53:12.031+0300][9008][9208 ][info][gc,stats    ]      Memory: Undo Object Allocation Failed                     0 / 0                 0 / 0                 0 / 0                 0 / 0           ops/s
[2025-05-18T20:53:12.031+0300][9008][9208 ][info][gc,stats    ]      Memory: Undo Object Allocation Succeeded                  0 / 0                 0 / 12                0 / 12                0 / 12          ops/s
[2025-05-18T20:53:12.031+0300][9008][9208 ][info][gc,stats    ]      Memory: Undo Page Allocation                              0 / 0                 0 / 1                 0 / 1                 0 / 1           ops/s
[2025-05-18T20:53:12.031+0300][9008][9208 ][info][gc,stats    ]       Phase: Concurrent Mark                              14.995 / 14.995       44.819 / 62.811       44.819 / 62.811       44.819 / 62.811      ms
[2025-05-18T20:53:12.031+0300][9008][9208 ][info][gc,stats    ]       Phase: Concurrent Mark Continue                      0.000 / 0.000         0.000 / 0.000         0.000 / 0.000         0.000 / 0.000       ms
[2025-05-18T20:53:12.031+0300][9008][9208 ][info][gc,stats    ]       Phase: Concurrent Mark Free                          0.001 / 0.001         0.001 / 0.003         0.001 / 0.003         0.001 / 0.003       ms
[2025-05-18T20:53:12.031+0300][9008][9208 ][info][gc,stats    ]       Phase: Concurrent Process Non-Strong References      4.328 / 4.328        14.633 / 33.805       14.633 / 33.805       14.633 / 33.805      ms
[2025-05-18T20:53:12.031+0300][9008][9208 ][info][gc,stats    ]       Phase: Concurrent Relocate                           0.864 / 0.864         2.603 / 7.249         2.603 / 7.249         2.603 / 7.249       ms
[2025-05-18T20:53:12.031+0300][9008][9208 ][info][gc,stats    ]       Phase: Concurrent Reset Relocation Set               0.002 / 0.002         0.008 / 0.041         0.008 / 0.041         0.008 / 0.041       ms
[2025-05-18T20:53:12.031+0300][9008][9208 ][info][gc,stats    ]       Phase: Concurrent Select Relocation Set              1.167 / 1.167         2.927 / 5.995         2.927 / 5.995         2.927 / 5.995       ms
[2025-05-18T20:53:12.031+0300][9008][9208 ][info][gc,stats    ]       Phase: Pause Mark End                                0.015 / 0.015         0.025 / 0.060         0.025 / 0.060         0.025 / 0.060       ms
[2025-05-18T20:53:12.031+0300][9008][9208 ][info][gc,stats    ]       Phase: Pause Mark Start                              0.015 / 0.015         0.012 / 0.020         0.012 / 0.020         0.012 / 0.020       ms
[2025-05-18T20:53:12.031+0300][9008][9208 ][info][gc,stats    ]       Phase: Pause Relocate Start                          0.006 / 0.006         0.014 / 0.029         0.014 / 0.029         0.014 / 0.029       ms
[2025-05-18T20:53:12.031+0300][9008][9208 ][info][gc,stats    ]    Subphase: Concurrent Classes Purge                      0.030 / 0.030         1.218 / 13.962        1.218 / 13.962        1.218 / 13.962      ms
[2025-05-18T20:53:12.031+0300][9008][9208 ][info][gc,stats    ]    Subphase: Concurrent Classes Unlink                     3.493 / 3.493        11.775 / 24.746       11.775 / 24.746       11.775 / 24.746      ms
[2025-05-18T20:53:12.031+0300][9008][9208 ][info][gc,stats    ]    Subphase: Concurrent Mark                              13.087 / 14.465       38.400 / 60.345       38.400 / 60.345       38.400 / 60.345      ms
[2025-05-18T20:53:12.031+0300][9008][9208 ][info][gc,stats    ]    Subphase: Concurrent Mark Try Flush                     0.122 / 0.246         0.147 / 1.122         0.147 / 1.122         0.147 / 1.122       ms
[2025-05-18T20:53:12.032+0300][9008][9208 ][info][gc,stats    ]    Subphase: Concurrent Mark Try Terminate                 1.091 / 3.241         3.376 / 16.167        3.376 / 16.167        3.376 / 16.167      ms
[2025-05-18T20:53:12.032+0300][9008][9208 ][info][gc,stats    ]    Subphase: Concurrent References Enqueue                 0.000 / 0.000         0.005 / 0.017         0.005 / 0.017         0.005 / 0.017       ms
[2025-05-18T20:53:12.032+0300][9008][9208 ][info][gc,stats    ]    Subphase: Concurrent References Process                 0.108 / 0.108         0.152 / 0.325         0.152 / 0.325         0.152 / 0.325       ms
[2025-05-18T20:53:12.032+0300][9008][9208 ][info][gc,stats    ]    Subphase: Concurrent Roots ClassLoaderDataGraph         0.139 / 0.238         0.266 / 0.802         0.266 / 0.802         0.266 / 0.802       ms
[2025-05-18T20:53:12.032+0300][9008][9208 ][info][gc,stats    ]    Subphase: Concurrent Roots CodeCache                    0.000 / 0.000         0.000 / 0.000         0.000 / 0.000         0.000 / 0.000       ms
[2025-05-18T20:53:12.032+0300][9008][9208 ][info][gc,stats    ]    Subphase: Concurrent Roots JavaThreads                  0.271 / 0.376         1.548 / 5.503         1.548 / 5.503         1.548 / 5.503       ms
[2025-05-18T20:53:12.032+0300][9008][9208 ][info][gc,stats    ]    Subphase: Concurrent Roots OopStorageSet                0.016 / 0.022         0.036 / 0.093         0.036 / 0.093         0.036 / 0.093       ms
[2025-05-18T20:53:12.032+0300][9008][9208 ][info][gc,stats    ]    Subphase: Concurrent Weak Roots OopStorageSet           0.543 / 0.543         1.219 / 2.357         1.219 / 2.357         1.219 / 2.357       ms
[2025-05-18T20:53:12.032+0300][9008][9208 ][info][gc,stats    ]    Subphase: Pause Mark Try Complete                       0.000 / 0.000         0.000 / 0.000         0.000 / 0.000         0.000 / 0.000       ms
[2025-05-18T20:53:12.032+0300][9008][9208 ][info][gc,stats    ]      System: Java Threads                                     32 / 32               31 / 34               31 / 34               31 / 34          threads
[2025-05-18T20:53:12.032+0300][9008][9208 ][info][gc,stats    ] =========================================================================================================================================================
[2025-05-18T20:53:18.527+0300][9008][21940][info][gc,start    ] GC(24) Garbage Collection (Proactive)
[2025-05-18T20:53:18.527+0300][9008][21940][info][gc,task     ] GC(24) Using 2 workers
[2025-05-18T20:53:18.527+0300][9008][14992][info][gc,phases   ] GC(24) Pause Mark Start 0.019ms
[2025-05-18T20:53:18.543+0300][9008][21940][info][gc,phases   ] GC(24) Concurrent Mark 13.025ms
[2025-05-18T20:53:18.543+0300][9008][14992][info][gc,phases   ] GC(24) Pause Mark End 0.017ms
[2025-05-18T20:53:18.543+0300][9008][21940][info][gc,phases   ] GC(24) Concurrent Mark Free 0.001ms
[2025-05-18T20:53:18.548+0300][9008][21940][info][gc,phases   ] GC(24) Concurrent Process Non-Strong References 4.779ms
[2025-05-18T20:53:18.548+0300][9008][21940][info][gc,phases   ] GC(24) Concurrent Reset Relocation Set 0.002ms
[2025-05-18T20:53:18.550+0300][9008][21940][info][gc,phases   ] GC(24) Concurrent Select Relocation Set 2.118ms
[2025-05-18T20:53:18.550+0300][9008][14992][info][gc,phases   ] GC(24) Pause Relocate Start 0.005ms
[2025-05-18T20:53:18.551+0300][9008][21940][info][gc,phases   ] GC(24) Concurrent Relocate 0.662ms
[2025-05-18T20:53:18.551+0300][9008][21940][info][gc,load     ] GC(24) Load: 0.00/0.00/0.00
[2025-05-18T20:53:18.551+0300][9008][21940][info][gc,mmu      ] GC(24) MMU: 2ms/97.0%, 5ms/98.8%, 10ms/99.4%, 20ms/99.6%, 50ms/99.9%, 100ms/99.9%
[2025-05-18T20:53:18.551+0300][9008][21940][info][gc,marking  ] GC(24) Mark: 2 stripe(s), 2 proactive flush(es), 1 terminate flush(es), 0 completion(s), 0 continuation(s) 
[2025-05-18T20:53:18.551+0300][9008][21940][info][gc,marking  ] GC(24) Mark Stack Usage: 32M
[2025-05-18T20:53:18.551+0300][9008][21940][info][gc,nmethod  ] GC(24) NMethods: 3990 registered, 416 unregistered
[2025-05-18T20:53:18.551+0300][9008][21940][info][gc,metaspace] GC(24) Metaspace: 33M used, 34M committed, 1088M reserved
[2025-05-18T20:53:18.551+0300][9008][21940][info][gc,ref      ] GC(24) Soft: 4272 encountered, 0 discovered, 0 enqueued
[2025-05-18T20:53:18.551+0300][9008][21940][info][gc,ref      ] GC(24) Weak: 2498 encountered, 836 discovered, 0 enqueued
[2025-05-18T20:53:18.551+0300][9008][21940][info][gc,ref      ] GC(24) Final: 3 encountered, 0 discovered, 0 enqueued
[2025-05-18T20:53:18.551+0300][9008][21940][info][gc,ref      ] GC(24) Phantom: 278 encountered, 207 discovered, 0 enqueued
[2025-05-18T20:53:18.551+0300][9008][21940][info][gc,reloc    ] GC(24) Small Pages: 224 / 448M, Empty: 330M, Relocated: 1M, In-Place: 0
[2025-05-18T20:53:18.551+0300][9008][21940][info][gc,reloc    ] GC(24) Medium Pages: 1 / 32M, Empty: 0M, Relocated: 0M, In-Place: 0
[2025-05-18T20:53:18.551+0300][9008][21940][info][gc,reloc    ] GC(24) Large Pages: 0 / 0M, Empty: 0M, Relocated: 0M, In-Place: 0
[2025-05-18T20:53:18.551+0300][9008][21940][info][gc,reloc    ] GC(24) Forwarding Usage: 0M
[2025-05-18T20:53:18.551+0300][9008][21940][info][gc,heap     ] GC(24) Min Capacity: 4096M(100%)
[2025-05-18T20:53:18.551+0300][9008][21940][info][gc,heap     ] GC(24) Max Capacity: 4096M(100%)
[2025-05-18T20:53:18.551+0300][9008][21940][info][gc,heap     ] GC(24) Soft Max Capacity: 4096M(100%)
[2025-05-18T20:53:18.551+0300][9008][21940][info][gc,heap     ] GC(24)                Mark Start          Mark End        Relocate Start      Relocate End           High               Low         
[2025-05-18T20:53:18.551+0300][9008][21940][info][gc,heap     ] GC(24)  Capacity:     4096M (100%)       4096M (100%)       4096M (100%)       4096M (100%)       4096M (100%)       4096M (100%)   
[2025-05-18T20:53:18.551+0300][9008][21940][info][gc,heap     ] GC(24)      Free:     3616M (88%)        3600M (88%)        3930M (96%)        4026M (98%)        4026M (98%)        3600M (88%)    
[2025-05-18T20:53:18.551+0300][9008][21940][info][gc,heap     ] GC(24)      Used:      480M (12%)         496M (12%)         166M (4%)           70M (2%)          496M (12%)          70M (2%)     
[2025-05-18T20:53:18.551+0300][9008][21940][info][gc,heap     ] GC(24)      Live:         -                18M (0%)           18M (0%)           18M (0%)             -                  -          
[2025-05-18T20:53:18.551+0300][9008][21940][info][gc,heap     ] GC(24) Allocated:         -                16M (0%)           16M (0%)           16M (0%)             -                  -          
[2025-05-18T20:53:18.551+0300][9008][21940][info][gc,heap     ] GC(24)   Garbage:         -               461M (11%)         131M (3%)           35M (1%)             -                  -          
[2025-05-18T20:53:18.551+0300][9008][21940][info][gc,heap     ] GC(24) Reclaimed:         -                  -               330M (8%)          426M (10%)            -                  -          
[2025-05-18T20:53:18.551+0300][9008][21940][info][gc          ] GC(24) Garbage Collection (Proactive) 480M(12%)->70M(2%)
[2025-05-18T20:53:22.033+0300][9008][9208 ][info][gc,stats    ] === Garbage Collection Statistics =======================================================================================================================
[2025-05-18T20:53:22.033+0300][9008][9208 ][info][gc,stats    ]                                                              Last 10s              Last 10m              Last 10h                Total
[2025-05-18T20:53:22.033+0300][9008][9208 ][info][gc,stats    ]                                                              Avg / Max             Avg / Max             Avg / Max             Avg / Max
[2025-05-18T20:53:22.033+0300][9008][9208 ][info][gc,stats    ]   Collector: Garbage Collection Cycle                     23.599 / 23.599       65.091 / 101.996      65.091 / 101.996      65.091 / 101.996     ms
[2025-05-18T20:53:22.033+0300][9008][9208 ][info][gc,stats    ]  Contention: Mark Segment Reset Contention                     0 / 0                 0 / 1                 0 / 1                 0 / 1           ops/s
[2025-05-18T20:53:22.033+0300][9008][9208 ][info][gc,stats    ]  Contention: Mark SeqNum Reset Contention                      0 / 0                 0 / 1                 0 / 1                 0 / 1           ops/s
[2025-05-18T20:53:22.033+0300][9008][9208 ][info][gc,stats    ]    Critical: Allocation Stall                                  0 / 0                 0 / 0                 0 / 0                 0 / 0           ops/s
[2025-05-18T20:53:22.033+0300][9008][9208 ][info][gc,stats    ]    Critical: Allocation Stall                              0.000 / 0.000         0.000 / 0.000         0.000 / 0.000         0.000 / 0.000       ms
[2025-05-18T20:53:22.033+0300][9008][9208 ][info][gc,stats    ]    Critical: GC Locker Stall                                   0 / 0                 0 / 0                 0 / 0                 0 / 0           ops/s
[2025-05-18T20:53:22.033+0300][9008][9208 ][info][gc,stats    ]    Critical: GC Locker Stall                               0.000 / 0.000         0.000 / 0.000         0.000 / 0.000         0.000 / 0.000       ms
[2025-05-18T20:53:22.033+0300][9008][9208 ][info][gc,stats    ]    Critical: Relocation Stall                                  0 / 0                 0 / 0                 0 / 0                 0 / 0           ops/s
[2025-05-18T20:53:22.033+0300][9008][9208 ][info][gc,stats    ]    Critical: Relocation Stall                              0.000 / 0.000         0.000 / 0.000         0.000 / 0.000         0.000 / 0.000       ms
[2025-05-18T20:53:22.033+0300][9008][9208 ][info][gc,stats    ]      Memory: Allocation Rate                                  35 / 48               35 / 142              35 / 142              35 / 142         MB/s
[2025-05-18T20:53:22.033+0300][9008][9208 ][info][gc,stats    ]      Memory: Defragment                                        0 / 0                 0 / 0                 0 / 0                 0 / 0           ops/s
[2025-05-18T20:53:22.033+0300][9008][9208 ][info][gc,stats    ]      Memory: Out Of Memory                                     0 / 0                 0 / 0                 0 / 0                 0 / 0           ops/s
[2025-05-18T20:53:22.033+0300][9008][9208 ][info][gc,stats    ]      Memory: Page Cache Flush                                  0 / 0                 0 / 0                 0 / 0                 0 / 0           MB/s
[2025-05-18T20:53:22.033+0300][9008][9208 ][info][gc,stats    ]      Memory: Page Cache Hit L1                                18 / 26               15 / 75               15 / 75               15 / 75          ops/s
[2025-05-18T20:53:22.033+0300][9008][9208 ][info][gc,stats    ]      Memory: Page Cache Hit L2                                 0 / 0                 0 / 0                 0 / 0                 0 / 0           ops/s
[2025-05-18T20:53:22.033+0300][9008][9208 ][info][gc,stats    ]      Memory: Page Cache Hit L3                                 0 / 0                 1 / 42                1 / 42                1 / 42          ops/s
[2025-05-18T20:53:22.033+0300][9008][9208 ][info][gc,stats    ]      Memory: Page Cache Miss                                   0 / 0                 0 / 1                 0 / 1                 0 / 1           ops/s
[2025-05-18T20:53:22.033+0300][9008][9208 ][info][gc,stats    ]      Memory: Uncommit                                          0 / 0                 0 / 0                 0 / 0                 0 / 0           MB/s
[2025-05-18T20:53:22.033+0300][9008][9208 ][info][gc,stats    ]      Memory: Undo Object Allocation Failed                     0 / 0                 0 / 0                 0 / 0                 0 / 0           ops/s
[2025-05-18T20:53:22.033+0300][9008][9208 ][info][gc,stats    ]      Memory: Undo Object Allocation Succeeded                  0 / 0                 0 / 12                0 / 12                0 / 12          ops/s
[2025-05-18T20:53:22.033+0300][9008][9208 ][info][gc,stats    ]      Memory: Undo Page Allocation                              0 / 0                 0 / 1                 0 / 1                 0 / 1           ops/s
[2025-05-18T20:53:22.033+0300][9008][9208 ][info][gc,stats    ]       Phase: Concurrent Mark                              13.025 / 13.025       43.547 / 62.811       43.547 / 62.811       43.547 / 62.811      ms
[2025-05-18T20:53:22.033+0300][9008][9208 ][info][gc,stats    ]       Phase: Concurrent Mark Continue                      0.000 / 0.000         0.000 / 0.000         0.000 / 0.000         0.000 / 0.000       ms
[2025-05-18T20:53:22.033+0300][9008][9208 ][info][gc,stats    ]       Phase: Concurrent Mark Free                          0.001 / 0.001         0.001 / 0.003         0.001 / 0.003         0.001 / 0.003       ms
[2025-05-18T20:53:22.033+0300][9008][9208 ][info][gc,stats    ]       Phase: Concurrent Process Non-Strong References      4.779 / 4.779        14.239 / 33.805       14.239 / 33.805       14.239 / 33.805      ms
[2025-05-18T20:53:22.033+0300][9008][9208 ][info][gc,stats    ]       Phase: Concurrent Relocate                           0.662 / 0.662         2.526 / 7.249         2.526 / 7.249         2.526 / 7.249       ms
[2025-05-18T20:53:22.033+0300][9008][9208 ][info][gc,stats    ]       Phase: Concurrent Reset Relocation Set               0.002 / 0.002         0.008 / 0.041         0.008 / 0.041         0.008 / 0.041       ms
[2025-05-18T20:53:22.033+0300][9008][9208 ][info][gc,stats    ]       Phase: Concurrent Select Relocation Set              2.118 / 2.118         2.894 / 5.995         2.894 / 5.995         2.894 / 5.995       ms
[2025-05-18T20:53:22.033+0300][9008][9208 ][info][gc,stats    ]       Phase: Pause Mark End                                0.017 / 0.017         0.024 / 0.060         0.024 / 0.060         0.024 / 0.060       ms
[2025-05-18T20:53:22.033+0300][9008][9208 ][info][gc,stats    ]       Phase: Pause Mark Start                              0.019 / 0.019         0.013 / 0.020         0.013 / 0.020         0.013 / 0.020       ms
[2025-05-18T20:53:22.033+0300][9008][9208 ][info][gc,stats    ]       Phase: Pause Relocate Start                          0.005 / 0.005         0.013 / 0.029         0.013 / 0.029         0.013 / 0.029       ms
[2025-05-18T20:53:22.033+0300][9008][9208 ][info][gc,stats    ]    Subphase: Concurrent Classes Purge                      0.064 / 0.064         1.172 / 13.962        1.172 / 13.962        1.172 / 13.962      ms
[2025-05-18T20:53:22.033+0300][9008][9208 ][info][gc,stats    ]    Subphase: Concurrent Classes Unlink                     3.866 / 3.866        11.458 / 24.746       11.458 / 24.746       11.458 / 24.746      ms
[2025-05-18T20:53:22.033+0300][9008][9208 ][info][gc,stats    ]    Subphase: Concurrent Mark                              11.526 / 11.796       37.325 / 60.345       37.325 / 60.345       37.325 / 60.345      ms
[2025-05-18T20:53:22.033+0300][9008][9208 ][info][gc,stats    ]    Subphase: Concurrent Mark Try Flush                     0.170 / 0.220         0.148 / 1.122         0.148 / 1.122         0.148 / 1.122       ms
[2025-05-18T20:53:22.033+0300][9008][9208 ][info][gc,stats    ]    Subphase: Concurrent Mark Try Terminate                 0.600 / 1.667         3.266 / 16.167        3.266 / 16.167        3.266 / 16.167      ms
[2025-05-18T20:53:22.033+0300][9008][9208 ][info][gc,stats    ]    Subphase: Concurrent References Enqueue                 0.000 / 0.000         0.005 / 0.017         0.005 / 0.017         0.005 / 0.017       ms
[2025-05-18T20:53:22.033+0300][9008][9208 ][info][gc,stats    ]    Subphase: Concurrent References Process                 0.087 / 0.087         0.150 / 0.325         0.150 / 0.325         0.150 / 0.325       ms
[2025-05-18T20:53:22.033+0300][9008][9208 ][info][gc,stats    ]    Subphase: Concurrent Roots ClassLoaderDataGraph         0.346 / 0.640         0.270 / 0.802         0.270 / 0.802         0.270 / 0.802       ms
[2025-05-18T20:53:22.034+0300][9008][9208 ][info][gc,stats    ]    Subphase: Concurrent Roots CodeCache                    0.000 / 0.000         0.000 / 0.000         0.000 / 0.000         0.000 / 0.000       ms
[2025-05-18T20:53:22.034+0300][9008][9208 ][info][gc,stats    ]    Subphase: Concurrent Roots JavaThreads                  0.618 / 0.912         1.511 / 5.503         1.511 / 5.503         1.511 / 5.503       ms
[2025-05-18T20:53:22.034+0300][9008][9208 ][info][gc,stats    ]    Subphase: Concurrent Roots OopStorageSet                0.039 / 0.049         0.036 / 0.093         0.036 / 0.093         0.036 / 0.093       ms
[2025-05-18T20:53:22.034+0300][9008][9208 ][info][gc,stats    ]    Subphase: Concurrent Weak Roots OopStorageSet           0.543 / 0.543         1.192 / 2.357         1.192 / 2.357         1.192 / 2.357       ms
[2025-05-18T20:53:22.034+0300][9008][9208 ][info][gc,stats    ]    Subphase: Pause Mark Try Complete                       0.000 / 0.000         0.000 / 0.000         0.000 / 0.000         0.000 / 0.000       ms
[2025-05-18T20:53:22.034+0300][9008][9208 ][info][gc,stats    ]      System: Java Threads                                     32 / 32               31 / 34               31 / 34               31 / 34          threads
[2025-05-18T20:53:22.034+0300][9008][9208 ][info][gc,stats    ] =========================================================================================================================================================
[2025-05-18T20:53:30.731+0300][9008][21940][info][gc,start    ] GC(25) Garbage Collection (Proactive)
[2025-05-18T20:53:30.731+0300][9008][21940][info][gc,task     ] GC(25) Using 2 workers
[2025-05-18T20:53:30.731+0300][9008][14992][info][gc,phases   ] GC(25) Pause Mark Start 0.010ms
[2025-05-18T20:53:30.763+0300][9008][21940][info][gc,phases   ] GC(25) Concurrent Mark 31.525ms
[2025-05-18T20:53:30.763+0300][9008][14992][info][gc,phases   ] GC(25) Pause Mark End 0.019ms
[2025-05-18T20:53:30.763+0300][9008][21940][info][gc,phases   ] GC(25) Concurrent Mark Free 0.001ms
[2025-05-18T20:53:30.768+0300][9008][21940][info][gc,phases   ] GC(25) Concurrent Process Non-Strong References 5.606ms
[2025-05-18T20:53:30.768+0300][9008][21940][info][gc,phases   ] GC(25) Concurrent Reset Relocation Set 0.005ms
[2025-05-18T20:53:30.771+0300][9008][21940][info][gc,phases   ] GC(25) Concurrent Select Relocation Set 3.009ms
[2025-05-18T20:53:30.771+0300][9008][14992][info][gc,phases   ] GC(25) Pause Relocate Start 0.031ms
[2025-05-18T20:53:30.774+0300][9008][21940][info][gc,phases   ] GC(25) Concurrent Relocate 1.996ms
[2025-05-18T20:53:30.774+0300][9008][21940][info][gc,load     ] GC(25) Load: 0.00/0.00/0.00
[2025-05-18T20:53:30.774+0300][9008][21940][info][gc,mmu      ] GC(25) MMU: 2ms/97.0%, 5ms/98.8%, 10ms/99.4%, 20ms/99.6%, 50ms/99.9%, 100ms/99.9%
[2025-05-18T20:53:30.774+0300][9008][21940][info][gc,marking  ] GC(25) Mark: 2 stripe(s), 2 proactive flush(es), 1 terminate flush(es), 0 completion(s), 0 continuation(s) 
[2025-05-18T20:53:30.774+0300][9008][21940][info][gc,marking  ] GC(25) Mark Stack Usage: 32M
[2025-05-18T20:53:30.774+0300][9008][21940][info][gc,nmethod  ] GC(25) NMethods: 3993 registered, 430 unregistered
[2025-05-18T20:53:30.774+0300][9008][21940][info][gc,metaspace] GC(25) Metaspace: 33M used, 34M committed, 1088M reserved
[2025-05-18T20:53:30.774+0300][9008][21940][info][gc,ref      ] GC(25) Soft: 4272 encountered, 0 discovered, 0 enqueued
[2025-05-18T20:53:30.774+0300][9008][21940][info][gc,ref      ] GC(25) Weak: 2498 encountered, 868 discovered, 0 enqueued
[2025-05-18T20:53:30.774+0300][9008][21940][info][gc,ref      ] GC(25) Final: 3 encountered, 0 discovered, 0 enqueued
[2025-05-18T20:53:30.774+0300][9008][21940][info][gc,ref      ] GC(25) Phantom: 278 encountered, 202 discovered, 0 enqueued
[2025-05-18T20:53:30.774+0300][9008][21940][info][gc,reloc    ] GC(25) Small Pages: 224 / 448M, Empty: 330M, Relocated: 1M, In-Place: 0
[2025-05-18T20:53:30.774+0300][9008][21940][info][gc,reloc    ] GC(25) Medium Pages: 1 / 32M, Empty: 0M, Relocated: 0M, In-Place: 0
[2025-05-18T20:53:30.774+0300][9008][21940][info][gc,reloc    ] GC(25) Large Pages: 0 / 0M, Empty: 0M, Relocated: 0M, In-Place: 0
[2025-05-18T20:53:30.774+0300][9008][21940][info][gc,reloc    ] GC(25) Forwarding Usage: 0M
[2025-05-18T20:53:30.774+0300][9008][21940][info][gc,heap     ] GC(25) Min Capacity: 4096M(100%)
[2025-05-18T20:53:30.774+0300][9008][21940][info][gc,heap     ] GC(25) Max Capacity: 4096M(100%)
[2025-05-18T20:53:30.774+0300][9008][21940][info][gc,heap     ] GC(25) Soft Max Capacity: 4096M(100%)
[2025-05-18T20:53:30.774+0300][9008][21940][info][gc,heap     ] GC(25)                Mark Start          Mark End        Relocate Start      Relocate End           High               Low         
[2025-05-18T20:53:30.775+0300][9008][21940][info][gc,heap     ] GC(25)  Capacity:     4096M (100%)       4096M (100%)       4096M (100%)       4096M (100%)       4096M (100%)       4096M (100%)   
[2025-05-18T20:53:30.775+0300][9008][21940][info][gc,heap     ] GC(25)      Free:     3616M (88%)        3600M (88%)        3930M (96%)        4026M (98%)        4026M (98%)        3600M (88%)    
[2025-05-18T20:53:30.775+0300][9008][21940][info][gc,heap     ] GC(25)      Used:      480M (12%)         496M (12%)         166M (4%)           70M (2%)          496M (12%)          70M (2%)     
[2025-05-18T20:53:30.775+0300][9008][21940][info][gc,heap     ] GC(25)      Live:         -                18M (0%)           18M (0%)           18M (0%)             -                  -          
[2025-05-18T20:53:30.775+0300][9008][21940][info][gc,heap     ] GC(25) Allocated:         -                16M (0%)           16M (0%)           16M (0%)             -                  -          
[2025-05-18T20:53:30.775+0300][9008][21940][info][gc,heap     ] GC(25)   Garbage:         -               461M (11%)         131M (3%)           35M (1%)             -                  -          
[2025-05-18T20:53:30.775+0300][9008][21940][info][gc,heap     ] GC(25) Reclaimed:         -                  -               330M (8%)          426M (10%)            -                  -          
[2025-05-18T20:53:30.775+0300][9008][21940][info][gc          ] GC(25) Garbage Collection (Proactive) 480M(12%)->70M(2%)
[2025-05-18T20:53:32.020+0300][9008][9208 ][info][gc,stats    ] === Garbage Collection Statistics =======================================================================================================================
[2025-05-18T20:53:32.020+0300][9008][9208 ][info][gc,stats    ]                                                              Last 10s              Last 10m              Last 10h                Total
[2025-05-18T20:53:32.020+0300][9008][9208 ][info][gc,stats    ]                                                              Avg / Max             Avg / Max             Avg / Max             Avg / Max
[2025-05-18T20:53:32.020+0300][9008][9208 ][info][gc,stats    ]   Collector: Garbage Collection Cycle                     43.592 / 43.592       64.264 / 101.996      64.264 / 101.996      64.264 / 101.996     ms
[2025-05-18T20:53:32.020+0300][9008][9208 ][info][gc,stats    ]  Contention: Mark Segment Reset Contention                     0 / 0                 0 / 1                 0 / 1                 0 / 1           ops/s
[2025-05-18T20:53:32.020+0300][9008][9208 ][info][gc,stats    ]  Contention: Mark SeqNum Reset Contention                      0 / 1                 0 / 1                 0 / 1                 0 / 1           ops/s
[2025-05-18T20:53:32.020+0300][9008][9208 ][info][gc,stats    ]    Critical: Allocation Stall                                  0 / 0                 0 / 0                 0 / 0                 0 / 0           ops/s
[2025-05-18T20:53:32.020+0300][9008][9208 ][info][gc,stats    ]    Critical: Allocation Stall                              0.000 / 0.000         0.000 / 0.000         0.000 / 0.000         0.000 / 0.000       ms
[2025-05-18T20:53:32.020+0300][9008][9208 ][info][gc,stats    ]    Critical: GC Locker Stall                                   0 / 0                 0 / 0                 0 / 0                 0 / 0           ops/s
[2025-05-18T20:53:32.020+0300][9008][9208 ][info][gc,stats    ]    Critical: GC Locker Stall                               0.000 / 0.000         0.000 / 0.000         0.000 / 0.000         0.000 / 0.000       ms
[2025-05-18T20:53:32.020+0300][9008][9208 ][info][gc,stats    ]    Critical: Relocation Stall                                  0 / 0                 0 / 0                 0 / 0                 0 / 0           ops/s
[2025-05-18T20:53:32.020+0300][9008][9208 ][info][gc,stats    ]    Critical: Relocation Stall                              0.000 / 0.000         0.000 / 0.000         0.000 / 0.000         0.000 / 0.000       ms
[2025-05-18T20:53:32.020+0300][9008][9208 ][info][gc,stats    ]      Memory: Allocation Rate                                  35 / 44               35 / 142              35 / 142              35 / 142         MB/s
[2025-05-18T20:53:32.020+0300][9008][9208 ][info][gc,stats    ]      Memory: Defragment                                        0 / 0                 0 / 0                 0 / 0                 0 / 0           ops/s
[2025-05-18T20:53:32.020+0300][9008][9208 ][info][gc,stats    ]      Memory: Out Of Memory                                     0 / 0                 0 / 0                 0 / 0                 0 / 0           ops/s
[2025-05-18T20:53:32.020+0300][9008][9208 ][info][gc,stats    ]      Memory: Page Cache Flush                                  0 / 0                 0 / 0                 0 / 0                 0 / 0           MB/s
[2025-05-18T20:53:32.020+0300][9008][9208 ][info][gc,stats    ]      Memory: Page Cache Hit L1                                17 / 24               15 / 75               15 / 75               15 / 75          ops/s
[2025-05-18T20:53:32.020+0300][9008][9208 ][info][gc,stats    ]      Memory: Page Cache Hit L2                                 0 / 0                 0 / 0                 0 / 0                 0 / 0           ops/s
[2025-05-18T20:53:32.020+0300][9008][9208 ][info][gc,stats    ]      Memory: Page Cache Hit L3                                 0 / 0                 1 / 42                1 / 42                1 / 42          ops/s
[2025-05-18T20:53:32.020+0300][9008][9208 ][info][gc,stats    ]      Memory: Page Cache Miss                                   0 / 0                 0 / 1                 0 / 1                 0 / 1           ops/s
[2025-05-18T20:53:32.020+0300][9008][9208 ][info][gc,stats    ]      Memory: Uncommit                                          0 / 0                 0 / 0                 0 / 0                 0 / 0           MB/s
[2025-05-18T20:53:32.020+0300][9008][9208 ][info][gc,stats    ]      Memory: Undo Object Allocation Failed                     0 / 0                 0 / 0                 0 / 0                 0 / 0           ops/s
[2025-05-18T20:53:32.020+0300][9008][9208 ][info][gc,stats    ]      Memory: Undo Object Allocation Succeeded                  0 / 0                 0 / 12                0 / 12                0 / 12          ops/s
[2025-05-18T20:53:32.020+0300][9008][9208 ][info][gc,stats    ]      Memory: Undo Page Allocation                              0 / 1                 0 / 1                 0 / 1                 0 / 1           ops/s
[2025-05-18T20:53:32.020+0300][9008][9208 ][info][gc,stats    ]       Phase: Concurrent Mark                              31.525 / 31.525       43.085 / 62.811       43.085 / 62.811       43.085 / 62.811      ms
[2025-05-18T20:53:32.020+0300][9008][9208 ][info][gc,stats    ]       Phase: Concurrent Mark Continue                      0.000 / 0.000         0.000 / 0.000         0.000 / 0.000         0.000 / 0.000       ms
[2025-05-18T20:53:32.020+0300][9008][9208 ][info][gc,stats    ]       Phase: Concurrent Mark Free                          0.001 / 0.001         0.001 / 0.003         0.001 / 0.003         0.001 / 0.003       ms
[2025-05-18T20:53:32.020+0300][9008][9208 ][info][gc,stats    ]       Phase: Concurrent Process Non-Strong References      5.606 / 5.606        13.907 / 33.805       13.907 / 33.805       13.907 / 33.805      ms
[2025-05-18T20:53:32.020+0300][9008][9208 ][info][gc,stats    ]       Phase: Concurrent Relocate                           1.996 / 1.996         2.505 / 7.249         2.505 / 7.249         2.505 / 7.249       ms
[2025-05-18T20:53:32.020+0300][9008][9208 ][info][gc,stats    ]       Phase: Concurrent Reset Relocation Set               0.005 / 0.005         0.008 / 0.041         0.008 / 0.041         0.008 / 0.041       ms
[2025-05-18T20:53:32.020+0300][9008][9208 ][info][gc,stats    ]       Phase: Concurrent Select Relocation Set              3.009 / 3.009         2.899 / 5.995         2.899 / 5.995         2.899 / 5.995       ms
[2025-05-18T20:53:32.020+0300][9008][9208 ][info][gc,stats    ]       Phase: Pause Mark End                                0.019 / 0.019         0.024 / 0.060         0.024 / 0.060         0.024 / 0.060       ms
[2025-05-18T20:53:32.020+0300][9008][9208 ][info][gc,stats    ]       Phase: Pause Mark Start                              0.010 / 0.010         0.013 / 0.020         0.013 / 0.020         0.013 / 0.020       ms
[2025-05-18T20:53:32.020+0300][9008][9208 ][info][gc,stats    ]       Phase: Pause Relocate Start                          0.031 / 0.031         0.014 / 0.031         0.014 / 0.031         0.014 / 0.031       ms
[2025-05-18T20:53:32.020+0300][9008][9208 ][info][gc,stats    ]    Subphase: Concurrent Classes Purge                      0.097 / 0.097         1.131 / 13.962        1.131 / 13.962        1.131 / 13.962      ms
[2025-05-18T20:53:32.020+0300][9008][9208 ][info][gc,stats    ]    Subphase: Concurrent Classes Unlink                     4.524 / 4.524        11.191 / 24.746       11.191 / 24.746       11.191 / 24.746      ms
[2025-05-18T20:53:32.020+0300][9008][9208 ][info][gc,stats    ]    Subphase: Concurrent Mark                              24.342 / 30.641       36.826 / 60.345       36.826 / 60.345       36.826 / 60.345      ms
[2025-05-18T20:53:32.020+0300][9008][9208 ][info][gc,stats    ]    Subphase: Concurrent Mark Try Flush                     0.078 / 0.108         0.145 / 1.122         0.145 / 1.122         0.145 / 1.122       ms
[2025-05-18T20:53:32.020+0300][9008][9208 ][info][gc,stats    ]    Subphase: Concurrent Mark Try Terminate                 4.339 / 12.946        3.307 / 16.167        3.307 / 16.167        3.307 / 16.167      ms
[2025-05-18T20:53:32.020+0300][9008][9208 ][info][gc,stats    ]    Subphase: Concurrent References Enqueue                 0.001 / 0.001         0.004 / 0.017         0.004 / 0.017         0.004 / 0.017       ms
[2025-05-18T20:53:32.020+0300][9008][9208 ][info][gc,stats    ]    Subphase: Concurrent References Process                 0.156 / 0.156         0.150 / 0.325         0.150 / 0.325         0.150 / 0.325       ms
[2025-05-18T20:53:32.020+0300][9008][9208 ][info][gc,stats    ]    Subphase: Concurrent Roots ClassLoaderDataGraph         0.189 / 0.319         0.267 / 0.802         0.267 / 0.802         0.267 / 0.802       ms
[2025-05-18T20:53:32.020+0300][9008][9208 ][info][gc,stats    ]    Subphase: Concurrent Roots CodeCache                    0.000 / 0.000         0.000 / 0.000         0.000 / 0.000         0.000 / 0.000       ms
[2025-05-18T20:53:32.020+0300][9008][9208 ][info][gc,stats    ]    Subphase: Concurrent Roots JavaThreads                  0.548 / 0.690         1.474 / 5.503         1.474 / 5.503         1.474 / 5.503       ms
[2025-05-18T20:53:32.020+0300][9008][9208 ][info][gc,stats    ]    Subphase: Concurrent Roots OopStorageSet                0.034 / 0.050         0.036 / 0.093         0.036 / 0.093         0.036 / 0.093       ms
[2025-05-18T20:53:32.020+0300][9008][9208 ][info][gc,stats    ]    Subphase: Concurrent Weak Roots OopStorageSet           0.671 / 0.672         1.172 / 2.357         1.172 / 2.357         1.172 / 2.357       ms
[2025-05-18T20:53:32.020+0300][9008][9208 ][info][gc,stats    ]    Subphase: Pause Mark Try Complete                       0.000 / 0.000         0.000 / 0.000         0.000 / 0.000         0.000 / 0.000       ms
[2025-05-18T20:53:32.020+0300][9008][9208 ][info][gc,stats    ]      System: Java Threads                                     32 / 32               31 / 34               31 / 34               31 / 34          threads
[2025-05-18T20:53:32.020+0300][9008][9208 ][info][gc,stats    ] =========================================================================================================================================================
[2025-05-18T20:53:42.020+0300][9008][9208 ][info][gc,stats    ] === Garbage Collection Statistics =======================================================================================================================
[2025-05-18T20:53:42.020+0300][9008][9208 ][info][gc,stats    ]                                                              Last 10s              Last 10m              Last 10h                Total
[2025-05-18T20:53:42.020+0300][9008][9208 ][info][gc,stats    ]                                                              Avg / Max             Avg / Max             Avg / Max             Avg / Max
[2025-05-18T20:53:42.020+0300][9008][9208 ][info][gc,stats    ]   Collector: Garbage Collection Cycle                      0.000 / 0.000        64.264 / 101.996      64.264 / 101.996      64.264 / 101.996     ms
[2025-05-18T20:53:42.020+0300][9008][9208 ][info][gc,stats    ]  Contention: Mark Segment Reset Contention                     0 / 0                 0 / 1                 0 / 1                 0 / 1           ops/s
[2025-05-18T20:53:42.020+0300][9008][9208 ][info][gc,stats    ]  Contention: Mark SeqNum Reset Contention                      0 / 0                 0 / 1                 0 / 1                 0 / 1           ops/s
[2025-05-18T20:53:42.020+0300][9008][9208 ][info][gc,stats    ]    Critical: Allocation Stall                                  0 / 0                 0 / 0                 0 / 0                 0 / 0           ops/s
[2025-05-18T20:53:42.020+0300][9008][9208 ][info][gc,stats    ]    Critical: Allocation Stall                              0.000 / 0.000         0.000 / 0.000         0.000 / 0.000         0.000 / 0.000       ms
[2025-05-18T20:53:42.020+0300][9008][9208 ][info][gc,stats    ]    Critical: GC Locker Stall                                   0 / 0                 0 / 0                 0 / 0                 0 / 0           ops/s
[2025-05-18T20:53:42.020+0300][9008][9208 ][info][gc,stats    ]    Critical: GC Locker Stall                               0.000 / 0.000         0.000 / 0.000         0.000 / 0.000         0.000 / 0.000       ms
[2025-05-18T20:53:42.020+0300][9008][9208 ][info][gc,stats    ]    Critical: Relocation Stall                                  0 / 0                 0 / 0                 0 / 0                 0 / 0           ops/s
[2025-05-18T20:53:42.020+0300][9008][9208 ][info][gc,stats    ]    Critical: Relocation Stall                              0.000 / 0.000         0.000 / 0.000         0.000 / 0.000         0.000 / 0.000       ms
[2025-05-18T20:53:42.020+0300][9008][9208 ][info][gc,stats    ]      Memory: Allocation Rate                                  33 / 36               35 / 142              35 / 142              35 / 142         MB/s
[2025-05-18T20:53:42.020+0300][9008][9208 ][info][gc,stats    ]      Memory: Defragment                                        0 / 0                 0 / 0                 0 / 0                 0 / 0           ops/s
[2025-05-18T20:53:42.020+0300][9008][9208 ][info][gc,stats    ]      Memory: Out Of Memory                                     0 / 0                 0 / 0                 0 / 0                 0 / 0           ops/s
[2025-05-18T20:53:42.020+0300][9008][9208 ][info][gc,stats    ]      Memory: Page Cache Flush                                  0 / 0                 0 / 0                 0 / 0                 0 / 0           MB/s
[2025-05-18T20:53:42.020+0300][9008][9208 ][info][gc,stats    ]      Memory: Page Cache Hit L1                                16 / 18               15 / 75               15 / 75               15 / 75          ops/s
[2025-05-18T20:53:42.020+0300][9008][9208 ][info][gc,stats    ]      Memory: Page Cache Hit L2                                 0 / 0                 0 / 0                 0 / 0                 0 / 0           ops/s
[2025-05-18T20:53:42.020+0300][9008][9208 ][info][gc,stats    ]      Memory: Page Cache Hit L3                                 0 / 0                 1 / 42                1 / 42                1 / 42          ops/s
[2025-05-18T20:53:42.020+0300][9008][9208 ][info][gc,stats    ]      Memory: Page Cache Miss                                   0 / 0                 0 / 1                 0 / 1                 0 / 1           ops/s
[2025-05-18T20:53:42.020+0300][9008][9208 ][info][gc,stats    ]      Memory: Uncommit                                          0 / 0                 0 / 0                 0 / 0                 0 / 0           MB/s
[2025-05-18T20:53:42.020+0300][9008][9208 ][info][gc,stats    ]      Memory: Undo Object Allocation Failed                     0 / 0                 0 / 0                 0 / 0                 0 / 0           ops/s
[2025-05-18T20:53:42.020+0300][9008][9208 ][info][gc,stats    ]      Memory: Undo Object Allocation Succeeded                  0 / 0                 0 / 12                0 / 12                0 / 12          ops/s
[2025-05-18T20:53:42.020+0300][9008][9208 ][info][gc,stats    ]      Memory: Undo Page Allocation                              0 / 0                 0 / 1                 0 / 1                 0 / 1           ops/s
[2025-05-18T20:53:42.020+0300][9008][9208 ][info][gc,stats    ]       Phase: Concurrent Mark                               0.000 / 0.000        43.085 / 62.811       43.085 / 62.811       43.085 / 62.811      ms
[2025-05-18T20:53:42.020+0300][9008][9208 ][info][gc,stats    ]       Phase: Concurrent Mark Continue                      0.000 / 0.000         0.000 / 0.000         0.000 / 0.000         0.000 / 0.000       ms
[2025-05-18T20:53:42.020+0300][9008][9208 ][info][gc,stats    ]       Phase: Concurrent Mark Free                          0.000 / 0.000         0.001 / 0.003         0.001 / 0.003         0.001 / 0.003       ms
[2025-05-18T20:53:42.020+0300][9008][9208 ][info][gc,stats    ]       Phase: Concurrent Process Non-Strong References      0.000 / 0.000        13.907 / 33.805       13.907 / 33.805       13.907 / 33.805      ms
[2025-05-18T20:53:42.020+0300][9008][9208 ][info][gc,stats    ]       Phase: Concurrent Relocate                           0.000 / 0.000         2.505 / 7.249         2.505 / 7.249         2.505 / 7.249       ms
[2025-05-18T20:53:42.020+0300][9008][9208 ][info][gc,stats    ]       Phase: Concurrent Reset Relocation Set               0.000 / 0.000         0.008 / 0.041         0.008 / 0.041         0.008 / 0.041       ms
[2025-05-18T20:53:42.020+0300][9008][9208 ][info][gc,stats    ]       Phase: Concurrent Select Relocation Set              0.000 / 0.000         2.899 / 5.995         2.899 / 5.995         2.899 / 5.995       ms
[2025-05-18T20:53:42.020+0300][9008][9208 ][info][gc,stats    ]       Phase: Pause Mark End                                0.000 / 0.000         0.024 / 0.060         0.024 / 0.060         0.024 / 0.060       ms
[2025-05-18T20:53:42.020+0300][9008][9208 ][info][gc,stats    ]       Phase: Pause Mark Start                              0.000 / 0.000         0.013 / 0.020         0.013 / 0.020         0.013 / 0.020       ms
[2025-05-18T20:53:42.020+0300][9008][9208 ][info][gc,stats    ]       Phase: Pause Relocate Start                          0.000 / 0.000         0.014 / 0.031         0.014 / 0.031         0.014 / 0.031       ms
[2025-05-18T20:53:42.020+0300][9008][9208 ][info][gc,stats    ]    Subphase: Concurrent Classes Purge                      0.000 / 0.000         1.131 / 13.962        1.131 / 13.962        1.131 / 13.962      ms
[2025-05-18T20:53:42.020+0300][9008][9208 ][info][gc,stats    ]    Subphase: Concurrent Classes Unlink                     0.000 / 0.000        11.191 / 24.746       11.191 / 24.746       11.191 / 24.746      ms
[2025-05-18T20:53:42.021+0300][9008][9208 ][info][gc,stats    ]    Subphase: Concurrent Mark                               0.000 / 0.000        36.826 / 60.345       36.826 / 60.345       36.826 / 60.345      ms
[2025-05-18T20:53:42.021+0300][9008][9208 ][info][gc,stats    ]    Subphase: Concurrent Mark Try Flush                     0.000 / 0.000         0.145 / 1.122         0.145 / 1.122         0.145 / 1.122       ms
[2025-05-18T20:53:42.021+0300][9008][9208 ][info][gc,stats    ]    Subphase: Concurrent Mark Try Terminate                 0.000 / 0.000         3.307 / 16.167        3.307 / 16.167        3.307 / 16.167      ms
[2025-05-18T20:53:42.021+0300][9008][9208 ][info][gc,stats    ]    Subphase: Concurrent References Enqueue                 0.000 / 0.000         0.004 / 0.017         0.004 / 0.017         0.004 / 0.017       ms
[2025-05-18T20:53:42.021+0300][9008][9208 ][info][gc,stats    ]    Subphase: Concurrent References Process                 0.000 / 0.000         0.150 / 0.325         0.150 / 0.325         0.150 / 0.325       ms
[2025-05-18T20:53:42.021+0300][9008][9208 ][info][gc,stats    ]    Subphase: Concurrent Roots ClassLoaderDataGraph         0.000 / 0.000         0.267 / 0.802         0.267 / 0.802         0.267 / 0.802       ms
[2025-05-18T20:53:42.021+0300][9008][9208 ][info][gc,stats    ]    Subphase: Concurrent Roots CodeCache                    0.000 / 0.000         0.000 / 0.000         0.000 / 0.000         0.000 / 0.000       ms
[2025-05-18T20:53:42.021+0300][9008][9208 ][info][gc,stats    ]    Subphase: Concurrent Roots JavaThreads                  0.000 / 0.000         1.474 / 5.503         1.474 / 5.503         1.474 / 5.503       ms
[2025-05-18T20:53:42.021+0300][9008][9208 ][info][gc,stats    ]    Subphase: Concurrent Roots OopStorageSet                0.000 / 0.000         0.036 / 0.093         0.036 / 0.093         0.036 / 0.093       ms
[2025-05-18T20:53:42.021+0300][9008][9208 ][info][gc,stats    ]    Subphase: Concurrent Weak Roots OopStorageSet           0.000 / 0.000         1.172 / 2.357         1.172 / 2.357         1.172 / 2.357       ms
[2025-05-18T20:53:42.021+0300][9008][9208 ][info][gc,stats    ]    Subphase: Pause Mark Try Complete                       0.000 / 0.000         0.000 / 0.000         0.000 / 0.000         0.000 / 0.000       ms
[2025-05-18T20:53:42.021+0300][9008][9208 ][info][gc,stats    ]      System: Java Threads                                      0 / 0                31 / 34               31 / 34               31 / 34          threads
[2025-05-18T20:53:42.021+0300][9008][9208 ][info][gc,stats    ] =========================================================================================================================================================
[2025-05-18T20:53:43.031+0300][9008][21940][info][gc,start    ] GC(26) Garbage Collection (Proactive)
[2025-05-18T20:53:43.031+0300][9008][21940][info][gc,task     ] GC(26) Using 2 workers
[2025-05-18T20:53:43.031+0300][9008][14992][info][gc,phases   ] GC(26) Pause Mark Start 0.009ms
[2025-05-18T20:53:43.062+0300][9008][21940][info][gc,phases   ] GC(26) Concurrent Mark 29.713ms
[2025-05-18T20:53:43.062+0300][9008][14992][info][gc,phases   ] GC(26) Pause Mark End 0.021ms
[2025-05-18T20:53:43.062+0300][9008][21940][info][gc,phases   ] GC(26) Concurrent Mark Free 0.002ms
[2025-05-18T20:53:43.068+0300][9008][21940][info][gc,phases   ] GC(26) Concurrent Process Non-Strong References 5.123ms
[2025-05-18T20:53:43.068+0300][9008][21940][info][gc,phases   ] GC(26) Concurrent Reset Relocation Set 0.002ms
[2025-05-18T20:53:43.069+0300][9008][21940][info][gc,phases   ] GC(26) Concurrent Select Relocation Set 1.274ms
[2025-05-18T20:53:43.069+0300][9008][14992][info][gc,phases   ] GC(26) Pause Relocate Start 0.006ms
[2025-05-18T20:53:43.069+0300][9008][21940][info][gc,phases   ] GC(26) Concurrent Relocate 0.596ms
[2025-05-18T20:53:43.069+0300][9008][21940][info][gc,load     ] GC(26) Load: 0.00/0.00/0.00
[2025-05-18T20:53:43.069+0300][9008][21940][info][gc,mmu      ] GC(26) MMU: 2ms/97.0%, 5ms/98.8%, 10ms/99.4%, 20ms/99.6%, 50ms/99.9%, 100ms/99.9%
[2025-05-18T20:53:43.069+0300][9008][21940][info][gc,marking  ] GC(26) Mark: 2 stripe(s), 2 proactive flush(es), 1 terminate flush(es), 0 completion(s), 0 continuation(s) 
[2025-05-18T20:53:43.069+0300][9008][21940][info][gc,marking  ] GC(26) Mark Stack Usage: 32M
[2025-05-18T20:53:43.069+0300][9008][21940][info][gc,nmethod  ] GC(26) NMethods: 3993 registered, 432 unregistered
[2025-05-18T20:53:43.069+0300][9008][21940][info][gc,metaspace] GC(26) Metaspace: 33M used, 34M committed, 1088M reserved
[2025-05-18T20:53:43.069+0300][9008][21940][info][gc,ref      ] GC(26) Soft: 4272 encountered, 0 discovered, 0 enqueued
[2025-05-18T20:53:43.069+0300][9008][21940][info][gc,ref      ] GC(26) Weak: 2498 encountered, 459 discovered, 0 enqueued
[2025-05-18T20:53:43.069+0300][9008][21940][info][gc,ref      ] GC(26) Final: 3 encountered, 2 discovered, 0 enqueued
[2025-05-18T20:53:43.069+0300][9008][21940][info][gc,ref      ] GC(26) Phantom: 278 encountered, 169 discovered, 0 enqueued
[2025-05-18T20:53:43.069+0300][9008][21940][info][gc,reloc    ] GC(26) Small Pages: 224 / 448M, Empty: 340M, Relocated: 1M, In-Place: 0
[2025-05-18T20:53:43.069+0300][9008][21940][info][gc,reloc    ] GC(26) Medium Pages: 1 / 32M, Empty: 0M, Relocated: 0M, In-Place: 0
[2025-05-18T20:53:43.069+0300][9008][21940][info][gc,reloc    ] GC(26) Large Pages: 0 / 0M, Empty: 0M, Relocated: 0M, In-Place: 0
[2025-05-18T20:53:43.069+0300][9008][21940][info][gc,reloc    ] GC(26) Forwarding Usage: 0M
[2025-05-18T20:53:43.069+0300][9008][21940][info][gc,heap     ] GC(26) Min Capacity: 4096M(100%)
[2025-05-18T20:53:43.069+0300][9008][21940][info][gc,heap     ] GC(26) Max Capacity: 4096M(100%)
[2025-05-18T20:53:43.069+0300][9008][21940][info][gc,heap     ] GC(26) Soft Max Capacity: 4096M(100%)
[2025-05-18T20:53:43.069+0300][9008][21940][info][gc,heap     ] GC(26)                Mark Start          Mark End        Relocate Start      Relocate End           High               Low         
[2025-05-18T20:53:43.069+0300][9008][21940][info][gc,heap     ] GC(26)  Capacity:     4096M (100%)       4096M (100%)       4096M (100%)       4096M (100%)       4096M (100%)       4096M (100%)   
[2025-05-18T20:53:43.069+0300][9008][21940][info][gc,heap     ] GC(26)      Free:     3616M (88%)        3602M (88%)        3942M (96%)        4028M (98%)        4028M (98%)        3602M (88%)    
[2025-05-18T20:53:43.069+0300][9008][21940][info][gc,heap     ] GC(26)      Used:      480M (12%)         494M (12%)         154M (4%)           68M (2%)          494M (12%)          68M (2%)     
[2025-05-18T20:53:43.069+0300][9008][21940][info][gc,heap     ] GC(26)      Live:         -                18M (0%)           18M (0%)           18M (0%)             -                  -          
[2025-05-18T20:53:43.069+0300][9008][21940][info][gc,heap     ] GC(26) Allocated:         -                14M (0%)           14M (0%)           14M (0%)             -                  -          
[2025-05-18T20:53:43.070+0300][9008][21940][info][gc,heap     ] GC(26)   Garbage:         -               461M (11%)         121M (3%)           35M (1%)             -                  -          
[2025-05-18T20:53:43.070+0300][9008][21940][info][gc,heap     ] GC(26) Reclaimed:         -                  -               340M (8%)          426M (10%)            -                  -          
[2025-05-18T20:53:43.070+0300][9008][21940][info][gc          ] GC(26) Garbage Collection (Proactive) 480M(12%)->68M(2%)
[2025-05-18T20:53:52.034+0300][9008][9208 ][info][gc,stats    ] === Garbage Collection Statistics =======================================================================================================================
[2025-05-18T20:53:52.034+0300][9008][9208 ][info][gc,stats    ]                                                              Last 10s              Last 10m              Last 10h                Total
[2025-05-18T20:53:52.034+0300][9008][9208 ][info][gc,stats    ]                                                              Avg / Max             Avg / Max             Avg / Max             Avg / Max
[2025-05-18T20:53:52.034+0300][9008][9208 ][info][gc,stats    ]   Collector: Garbage Collection Cycle                     38.915 / 38.915       63.325 / 101.996      63.325 / 101.996      63.325 / 101.996     ms
[2025-05-18T20:53:52.034+0300][9008][9208 ][info][gc,stats    ]  Contention: Mark Segment Reset Contention                     0 / 0                 0 / 1                 0 / 1                 0 / 1           ops/s
[2025-05-18T20:53:52.034+0300][9008][9208 ][info][gc,stats    ]  Contention: Mark SeqNum Reset Contention                      0 / 0                 0 / 1                 0 / 1                 0 / 1           ops/s
[2025-05-18T20:53:52.034+0300][9008][9208 ][info][gc,stats    ]    Critical: Allocation Stall                                  0 / 0                 0 / 0                 0 / 0                 0 / 0           ops/s
[2025-05-18T20:53:52.034+0300][9008][9208 ][info][gc,stats    ]    Critical: Allocation Stall                              0.000 / 0.000         0.000 / 0.000         0.000 / 0.000         0.000 / 0.000       ms
[2025-05-18T20:53:52.034+0300][9008][9208 ][info][gc,stats    ]    Critical: GC Locker Stall                                   0 / 0                 0 / 0                 0 / 0                 0 / 0           ops/s
[2025-05-18T20:53:52.034+0300][9008][9208 ][info][gc,stats    ]    Critical: GC Locker Stall                               0.000 / 0.000         0.000 / 0.000         0.000 / 0.000         0.000 / 0.000       ms
[2025-05-18T20:53:52.034+0300][9008][9208 ][info][gc,stats    ]    Critical: Relocation Stall                                  0 / 0                 0 / 0                 0 / 0                 0 / 0           ops/s
[2025-05-18T20:53:52.034+0300][9008][9208 ][info][gc,stats    ]    Critical: Relocation Stall                              0.000 / 0.000         0.000 / 0.000         0.000 / 0.000         0.000 / 0.000       ms
[2025-05-18T20:53:52.034+0300][9008][9208 ][info][gc,stats    ]      Memory: Allocation Rate                                  35 / 46               35 / 142              35 / 142              35 / 142         MB/s
[2025-05-18T20:53:52.034+0300][9008][9208 ][info][gc,stats    ]      Memory: Defragment                                        0 / 0                 0 / 0                 0 / 0                 0 / 0           ops/s
[2025-05-18T20:53:52.034+0300][9008][9208 ][info][gc,stats    ]      Memory: Out Of Memory                                     0 / 0                 0 / 0                 0 / 0                 0 / 0           ops/s
[2025-05-18T20:53:52.034+0300][9008][9208 ][info][gc,stats    ]      Memory: Page Cache Flush                                  0 / 0                 0 / 0                 0 / 0                 0 / 0           MB/s
[2025-05-18T20:53:52.034+0300][9008][9208 ][info][gc,stats    ]      Memory: Page Cache Hit L1                                17 / 25               15 / 75               15 / 75               15 / 75          ops/s
[2025-05-18T20:53:52.034+0300][9008][9208 ][info][gc,stats    ]      Memory: Page Cache Hit L2                                 0 / 0                 0 / 0                 0 / 0                 0 / 0           ops/s
[2025-05-18T20:53:52.034+0300][9008][9208 ][info][gc,stats    ]      Memory: Page Cache Hit L3                                 0 / 0                 1 / 42                1 / 42                1 / 42          ops/s
[2025-05-18T20:53:52.034+0300][9008][9208 ][info][gc,stats    ]      Memory: Page Cache Miss                                   0 / 0                 0 / 1                 0 / 1                 0 / 1           ops/s
[2025-05-18T20:53:52.034+0300][9008][9208 ][info][gc,stats    ]      Memory: Uncommit                                          0 / 0                 0 / 0                 0 / 0                 0 / 0           MB/s
[2025-05-18T20:53:52.034+0300][9008][9208 ][info][gc,stats    ]      Memory: Undo Object Allocation Failed                     0 / 0                 0 / 0                 0 / 0                 0 / 0           ops/s
[2025-05-18T20:53:52.034+0300][9008][9208 ][info][gc,stats    ]      Memory: Undo Object Allocation Succeeded                  0 / 0                 0 / 12                0 / 12                0 / 12          ops/s
[2025-05-18T20:53:52.034+0300][9008][9208 ][info][gc,stats    ]      Memory: Undo Page Allocation                              0 / 1                 0 / 1                 0 / 1                 0 / 1           ops/s
[2025-05-18T20:53:52.034+0300][9008][9208 ][info][gc,stats    ]       Phase: Concurrent Mark                              29.713 / 29.713       42.590 / 62.811       42.590 / 62.811       42.590 / 62.811      ms
[2025-05-18T20:53:52.034+0300][9008][9208 ][info][gc,stats    ]       Phase: Concurrent Mark Continue                      0.000 / 0.000         0.000 / 0.000         0.000 / 0.000         0.000 / 0.000       ms
[2025-05-18T20:53:52.034+0300][9008][9208 ][info][gc,stats    ]       Phase: Concurrent Mark Free                          0.002 / 0.002         0.001 / 0.003         0.001 / 0.003         0.001 / 0.003       ms
[2025-05-18T20:53:52.034+0300][9008][9208 ][info][gc,stats    ]       Phase: Concurrent Process Non-Strong References      5.123 / 5.123        13.582 / 33.805       13.582 / 33.805       13.582 / 33.805      ms
[2025-05-18T20:53:52.034+0300][9008][9208 ][info][gc,stats    ]       Phase: Concurrent Relocate                           0.596 / 0.596         2.434 / 7.249         2.434 / 7.249         2.434 / 7.249       ms
[2025-05-18T20:53:52.034+0300][9008][9208 ][info][gc,stats    ]       Phase: Concurrent Reset Relocation Set               0.002 / 0.002         0.007 / 0.041         0.007 / 0.041         0.007 / 0.041       ms
[2025-05-18T20:53:52.034+0300][9008][9208 ][info][gc,stats    ]       Phase: Concurrent Select Relocation Set              1.274 / 1.274         2.839 / 5.995         2.839 / 5.995         2.839 / 5.995       ms
[2025-05-18T20:53:52.034+0300][9008][9208 ][info][gc,stats    ]       Phase: Pause Mark End                                0.021 / 0.021         0.024 / 0.060         0.024 / 0.060         0.024 / 0.060       ms
[2025-05-18T20:53:52.034+0300][9008][9208 ][info][gc,stats    ]       Phase: Pause Mark Start                              0.009 / 0.009         0.012 / 0.020         0.012 / 0.020         0.012 / 0.020       ms
[2025-05-18T20:53:52.034+0300][9008][9208 ][info][gc,stats    ]       Phase: Pause Relocate Start                          0.006 / 0.006         0.014 / 0.031         0.014 / 0.031         0.014 / 0.031       ms
[2025-05-18T20:53:52.034+0300][9008][9208 ][info][gc,stats    ]    Subphase: Concurrent Classes Purge                      0.032 / 0.032         1.090 / 13.962        1.090 / 13.962        1.090 / 13.962      ms
[2025-05-18T20:53:52.034+0300][9008][9208 ][info][gc,stats    ]    Subphase: Concurrent Classes Unlink                     3.911 / 3.911        10.922 / 24.746       10.922 / 24.746       10.922 / 24.746      ms
[2025-05-18T20:53:52.034+0300][9008][9208 ][info][gc,stats    ]    Subphase: Concurrent Mark                              22.892 / 28.895       36.309 / 60.345       36.309 / 60.345       36.309 / 60.345      ms
[2025-05-18T20:53:52.034+0300][9008][9208 ][info][gc,stats    ]    Subphase: Concurrent Mark Try Flush                     0.133 / 0.176         0.145 / 1.122         0.145 / 1.122         0.145 / 1.122       ms
[2025-05-18T20:53:52.034+0300][9008][9208 ][info][gc,stats    ]    Subphase: Concurrent Mark Try Terminate                 4.197 / 12.476        3.340 / 16.167        3.340 / 16.167        3.340 / 16.167      ms
[2025-05-18T20:53:52.034+0300][9008][9208 ][info][gc,stats    ]    Subphase: Concurrent References Enqueue                 0.000 / 0.000         0.004 / 0.017         0.004 / 0.017         0.004 / 0.017       ms
[2025-05-18T20:53:52.034+0300][9008][9208 ][info][gc,stats    ]    Subphase: Concurrent References Process                 0.139 / 0.139         0.149 / 0.325         0.149 / 0.325         0.149 / 0.325       ms
[2025-05-18T20:53:52.034+0300][9008][9208 ][info][gc,stats    ]    Subphase: Concurrent Roots ClassLoaderDataGraph         0.186 / 0.337         0.264 / 0.802         0.264 / 0.802         0.264 / 0.802       ms
[2025-05-18T20:53:52.034+0300][9008][9208 ][info][gc,stats    ]    Subphase: Concurrent Roots CodeCache                    0.000 / 0.000         0.000 / 0.000         0.000 / 0.000         0.000 / 0.000       ms
[2025-05-18T20:53:52.034+0300][9008][9208 ][info][gc,stats    ]    Subphase: Concurrent Roots JavaThreads                  0.443 / 0.589         1.436 / 5.503         1.436 / 5.503         1.436 / 5.503       ms
[2025-05-18T20:53:52.034+0300][9008][9208 ][info][gc,stats    ]    Subphase: Concurrent Roots OopStorageSet                0.022 / 0.030         0.036 / 0.093         0.036 / 0.093         0.036 / 0.093       ms
[2025-05-18T20:53:52.034+0300][9008][9208 ][info][gc,stats    ]    Subphase: Concurrent Weak Roots OopStorageSet           0.796 / 0.805         1.158 / 2.357         1.158 / 2.357         1.158 / 2.357       ms
[2025-05-18T20:53:52.034+0300][9008][9208 ][info][gc,stats    ]    Subphase: Pause Mark Try Complete                       0.000 / 0.000         0.000 / 0.000         0.000 / 0.000         0.000 / 0.000       ms
[2025-05-18T20:53:52.035+0300][9008][9208 ][info][gc,stats    ]      System: Java Threads                                     32 / 32               31 / 34               31 / 34               31 / 34          threads
[2025-05-18T20:53:52.035+0300][9008][9208 ][info][gc,stats    ] =========================================================================================================================================================
[2025-05-18T20:53:55.228+0300][9008][21940][info][gc,start    ] GC(27) Garbage Collection (Proactive)
[2025-05-18T20:53:55.228+0300][9008][21940][info][gc,task     ] GC(27) Using 2 workers
[2025-05-18T20:53:55.228+0300][9008][14992][info][gc,phases   ] GC(27) Pause Mark Start 0.013ms
[2025-05-18T20:53:55.258+0300][9008][21940][info][gc,phases   ] GC(27) Concurrent Mark 29.661ms
[2025-05-18T20:53:55.258+0300][9008][14992][info][gc,phases   ] GC(27) Pause Mark End 0.021ms
[2025-05-18T20:53:55.258+0300][9008][21940][info][gc,phases   ] GC(27) Concurrent Mark Free 0.001ms
[2025-05-18T20:53:55.262+0300][9008][21940][info][gc,phases   ] GC(27) Concurrent Process Non-Strong References 4.292ms
[2025-05-18T20:53:55.262+0300][9008][21940][info][gc,phases   ] GC(27) Concurrent Reset Relocation Set 0.002ms
[2025-05-18T20:53:55.264+0300][9008][21940][info][gc,phases   ] GC(27) Concurrent Select Relocation Set 1.239ms
[2025-05-18T20:53:55.264+0300][9008][14992][info][gc,phases   ] GC(27) Pause Relocate Start 0.006ms
[2025-05-18T20:53:55.264+0300][9008][21940][info][gc,phases   ] GC(27) Concurrent Relocate 0.793ms
[2025-05-18T20:53:55.265+0300][9008][21940][info][gc,load     ] GC(27) Load: 0.00/0.00/0.00
[2025-05-18T20:53:55.265+0300][9008][21940][info][gc,mmu      ] GC(27) MMU: 2ms/97.0%, 5ms/98.8%, 10ms/99.4%, 20ms/99.6%, 50ms/99.9%, 100ms/99.9%
[2025-05-18T20:53:55.265+0300][9008][21940][info][gc,marking  ] GC(27) Mark: 2 stripe(s), 3 proactive flush(es), 1 terminate flush(es), 0 completion(s), 0 continuation(s) 
[2025-05-18T20:53:55.265+0300][9008][21940][info][gc,marking  ] GC(27) Mark Stack Usage: 32M
[2025-05-18T20:53:55.265+0300][9008][21940][info][gc,nmethod  ] GC(27) NMethods: 3994 registered, 439 unregistered
[2025-05-18T20:53:55.265+0300][9008][21940][info][gc,metaspace] GC(27) Metaspace: 33M used, 34M committed, 1088M reserved
[2025-05-18T20:53:55.265+0300][9008][21940][info][gc,ref      ] GC(27) Soft: 4272 encountered, 0 discovered, 0 enqueued
[2025-05-18T20:53:55.265+0300][9008][21940][info][gc,ref      ] GC(27) Weak: 2498 encountered, 219 discovered, 0 enqueued
[2025-05-18T20:53:55.265+0300][9008][21940][info][gc,ref      ] GC(27) Final: 3 encountered, 1 discovered, 0 enqueued
[2025-05-18T20:53:55.265+0300][9008][21940][info][gc,ref      ] GC(27) Phantom: 278 encountered, 169 discovered, 0 enqueued
[2025-05-18T20:53:55.265+0300][9008][21940][info][gc,reloc    ] GC(27) Small Pages: 226 / 452M, Empty: 338M, Relocated: 1M, In-Place: 0
[2025-05-18T20:53:55.265+0300][9008][21940][info][gc,reloc    ] GC(27) Medium Pages: 1 / 32M, Empty: 0M, Relocated: 0M, In-Place: 0
[2025-05-18T20:53:55.265+0300][9008][21940][info][gc,reloc    ] GC(27) Large Pages: 0 / 0M, Empty: 0M, Relocated: 0M, In-Place: 0
[2025-05-18T20:53:55.265+0300][9008][21940][info][gc,reloc    ] GC(27) Forwarding Usage: 0M
[2025-05-18T20:53:55.265+0300][9008][21940][info][gc,heap     ] GC(27) Min Capacity: 4096M(100%)
[2025-05-18T20:53:55.265+0300][9008][21940][info][gc,heap     ] GC(27) Max Capacity: 4096M(100%)
[2025-05-18T20:53:55.265+0300][9008][21940][info][gc,heap     ] GC(27) Soft Max Capacity: 4096M(100%)
[2025-05-18T20:53:55.265+0300][9008][21940][info][gc,heap     ] GC(27)                Mark Start          Mark End        Relocate Start      Relocate End           High               Low         
[2025-05-18T20:53:55.265+0300][9008][21940][info][gc,heap     ] GC(27)  Capacity:     4096M (100%)       4096M (100%)       4096M (100%)       4096M (100%)       4096M (100%)       4096M (100%)   
[2025-05-18T20:53:55.265+0300][9008][21940][info][gc,heap     ] GC(27)      Free:     3612M (88%)        3596M (88%)        3934M (96%)        4026M (98%)        4026M (98%)        3596M (88%)    
[2025-05-18T20:53:55.265+0300][9008][21940][info][gc,heap     ] GC(27)      Used:      484M (12%)         500M (12%)         162M (4%)           70M (2%)          500M (12%)          70M (2%)     
[2025-05-18T20:53:55.265+0300][9008][21940][info][gc,heap     ] GC(27)      Live:         -                18M (0%)           18M (0%)           18M (0%)             -                  -          
[2025-05-18T20:53:55.265+0300][9008][21940][info][gc,heap     ] GC(27) Allocated:         -                16M (0%)           16M (0%)           16M (0%)             -                  -          
[2025-05-18T20:53:55.265+0300][9008][21940][info][gc,heap     ] GC(27)   Garbage:         -               465M (11%)         127M (3%)           35M (1%)             -                  -          
[2025-05-18T20:53:55.265+0300][9008][21940][info][gc,heap     ] GC(27) Reclaimed:         -                  -               338M (8%)          430M (10%)            -                  -          
[2025-05-18T20:53:55.265+0300][9008][21940][info][gc          ] GC(27) Garbage Collection (Proactive) 484M(12%)->70M(2%)
[2025-05-18T20:54:02.021+0300][9008][9208 ][info][gc,stats    ] === Garbage Collection Statistics =======================================================================================================================
[2025-05-18T20:54:02.021+0300][9008][9208 ][info][gc,stats    ]                                                              Last 10s              Last 10m              Last 10h                Total
[2025-05-18T20:54:02.021+0300][9008][9208 ][info][gc,stats    ]                                                              Avg / Max             Avg / Max             Avg / Max             Avg / Max
[2025-05-18T20:54:02.021+0300][9008][9208 ][info][gc,stats    ]   Collector: Garbage Collection Cycle                     37.501 / 37.501       62.403 / 101.996      62.403 / 101.996      62.403 / 101.996     ms
[2025-05-18T20:54:02.021+0300][9008][9208 ][info][gc,stats    ]  Contention: Mark Segment Reset Contention                     0 / 0                 0 / 1                 0 / 1                 0 / 1           ops/s
[2025-05-18T20:54:02.021+0300][9008][9208 ][info][gc,stats    ]  Contention: Mark SeqNum Reset Contention                      0 / 0                 0 / 1                 0 / 1                 0 / 1           ops/s
[2025-05-18T20:54:02.021+0300][9008][9208 ][info][gc,stats    ]    Critical: Allocation Stall                                  0 / 0                 0 / 0                 0 / 0                 0 / 0           ops/s
[2025-05-18T20:54:02.022+0300][9008][9208 ][info][gc,stats    ]    Critical: Allocation Stall                              0.000 / 0.000         0.000 / 0.000         0.000 / 0.000         0.000 / 0.000       ms
[2025-05-18T20:54:02.022+0300][9008][9208 ][info][gc,stats    ]    Critical: GC Locker Stall                                   0 / 0                 0 / 0                 0 / 0                 0 / 0           ops/s
[2025-05-18T20:54:02.022+0300][9008][9208 ][info][gc,stats    ]    Critical: GC Locker Stall                               0.000 / 0.000         0.000 / 0.000         0.000 / 0.000         0.000 / 0.000       ms
[2025-05-18T20:54:02.022+0300][9008][9208 ][info][gc,stats    ]    Critical: Relocation Stall                                  0 / 0                 0 / 0                 0 / 0                 0 / 0           ops/s
[2025-05-18T20:54:02.022+0300][9008][9208 ][info][gc,stats    ]    Critical: Relocation Stall                              0.000 / 0.000         0.000 / 0.000         0.000 / 0.000         0.000 / 0.000       ms
[2025-05-18T20:54:02.022+0300][9008][9208 ][info][gc,stats    ]      Memory: Allocation Rate                                  35 / 46               35 / 142              35 / 142              35 / 142         MB/s
[2025-05-18T20:54:02.022+0300][9008][9208 ][info][gc,stats    ]      Memory: Defragment                                        0 / 0                 0 / 0                 0 / 0                 0 / 0           ops/s
[2025-05-18T20:54:02.022+0300][9008][9208 ][info][gc,stats    ]      Memory: Out Of Memory                                     0 / 0                 0 / 0                 0 / 0                 0 / 0           ops/s
[2025-05-18T20:54:02.022+0300][9008][9208 ][info][gc,stats    ]      Memory: Page Cache Flush                                  0 / 0                 0 / 0                 0 / 0                 0 / 0           MB/s
[2025-05-18T20:54:02.022+0300][9008][9208 ][info][gc,stats    ]      Memory: Page Cache Hit L1                                17 / 25               15 / 75               15 / 75               15 / 75          ops/s
[2025-05-18T20:54:02.022+0300][9008][9208 ][info][gc,stats    ]      Memory: Page Cache Hit L2                                 0 / 0                 0 / 0                 0 / 0                 0 / 0           ops/s
[2025-05-18T20:54:02.022+0300][9008][9208 ][info][gc,stats    ]      Memory: Page Cache Hit L3                                 0 / 0                 1 / 42                1 / 42                1 / 42          ops/s
[2025-05-18T20:54:02.022+0300][9008][9208 ][info][gc,stats    ]      Memory: Page Cache Miss                                   0 / 0                 0 / 1                 0 / 1                 0 / 1           ops/s
[2025-05-18T20:54:02.022+0300][9008][9208 ][info][gc,stats    ]      Memory: Uncommit                                          0 / 0                 0 / 0                 0 / 0                 0 / 0           MB/s
[2025-05-18T20:54:02.022+0300][9008][9208 ][info][gc,stats    ]      Memory: Undo Object Allocation Failed                     0 / 0                 0 / 0                 0 / 0                 0 / 0           ops/s
[2025-05-18T20:54:02.022+0300][9008][9208 ][info][gc,stats    ]      Memory: Undo Object Allocation Succeeded                  0 / 0                 0 / 12                0 / 12                0 / 12          ops/s
[2025-05-18T20:54:02.022+0300][9008][9208 ][info][gc,stats    ]      Memory: Undo Page Allocation                              0 / 0                 0 / 1                 0 / 1                 0 / 1           ops/s
[2025-05-18T20:54:02.022+0300][9008][9208 ][info][gc,stats    ]       Phase: Concurrent Mark                              29.661 / 29.661       42.128 / 62.811       42.128 / 62.811       42.128 / 62.811      ms
[2025-05-18T20:54:02.022+0300][9008][9208 ][info][gc,stats    ]       Phase: Concurrent Mark Continue                      0.000 / 0.000         0.000 / 0.000         0.000 / 0.000         0.000 / 0.000       ms
[2025-05-18T20:54:02.022+0300][9008][9208 ][info][gc,stats    ]       Phase: Concurrent Mark Free                          0.001 / 0.001         0.001 / 0.003         0.001 / 0.003         0.001 / 0.003       ms
[2025-05-18T20:54:02.022+0300][9008][9208 ][info][gc,stats    ]       Phase: Concurrent Process Non-Strong References      4.292 / 4.292        13.250 / 33.805       13.250 / 33.805       13.250 / 33.805      ms
[2025-05-18T20:54:02.022+0300][9008][9208 ][info][gc,stats    ]       Phase: Concurrent Relocate                           0.793 / 0.793         2.376 / 7.249         2.376 / 7.249         2.376 / 7.249       ms
[2025-05-18T20:54:02.022+0300][9008][9208 ][info][gc,stats    ]       Phase: Concurrent Reset Relocation Set               0.002 / 0.002         0.007 / 0.041         0.007 / 0.041         0.007 / 0.041       ms
[2025-05-18T20:54:02.022+0300][9008][9208 ][info][gc,stats    ]       Phase: Concurrent Select Relocation Set              1.239 / 1.239         2.782 / 5.995         2.782 / 5.995         2.782 / 5.995       ms
[2025-05-18T20:54:02.022+0300][9008][9208 ][info][gc,stats    ]       Phase: Pause Mark End                                0.021 / 0.021         0.024 / 0.060         0.024 / 0.060         0.024 / 0.060       ms
[2025-05-18T20:54:02.022+0300][9008][9208 ][info][gc,stats    ]       Phase: Pause Mark Start                              0.013 / 0.013         0.012 / 0.020         0.012 / 0.020         0.012 / 0.020       ms
[2025-05-18T20:54:02.022+0300][9008][9208 ][info][gc,stats    ]       Phase: Pause Relocate Start                          0.006 / 0.006         0.013 / 0.031         0.013 / 0.031         0.013 / 0.031       ms
[2025-05-18T20:54:02.022+0300][9008][9208 ][info][gc,stats    ]    Subphase: Concurrent Classes Purge                      0.055 / 0.055         1.053 / 13.962        1.053 / 13.962        1.053 / 13.962      ms
[2025-05-18T20:54:02.022+0300][9008][9208 ][info][gc,stats    ]    Subphase: Concurrent Classes Unlink                     3.392 / 3.392        10.653 / 24.746       10.653 / 24.746       10.653 / 24.746      ms
[2025-05-18T20:54:02.022+0300][9008][9208 ][info][gc,stats    ]    Subphase: Concurrent Mark                              21.705 / 28.991       35.788 / 60.345       35.788 / 60.345       35.788 / 60.345      ms
[2025-05-18T20:54:02.022+0300][9008][9208 ][info][gc,stats    ]    Subphase: Concurrent Mark Try Flush                     0.118 / 0.253         0.143 / 1.122         0.143 / 1.122         0.143 / 1.122       ms
[2025-05-18T20:54:02.022+0300][9008][9208 ][info][gc,stats    ]    Subphase: Concurrent Mark Try Terminate                 5.095 / 15.244        3.401 / 16.167        3.401 / 16.167        3.401 / 16.167      ms
[2025-05-18T20:54:02.022+0300][9008][9208 ][info][gc,stats    ]    Subphase: Concurrent References Enqueue                 0.001 / 0.001         0.004 / 0.017         0.004 / 0.017         0.004 / 0.017       ms
[2025-05-18T20:54:02.022+0300][9008][9208 ][info][gc,stats    ]    Subphase: Concurrent References Process                 0.064 / 0.064         0.146 / 0.325         0.146 / 0.325         0.146 / 0.325       ms
[2025-05-18T20:54:02.022+0300][9008][9208 ][info][gc,stats    ]    Subphase: Concurrent Roots ClassLoaderDataGraph         0.159 / 0.288         0.260 / 0.802         0.260 / 0.802         0.260 / 0.802       ms
[2025-05-18T20:54:02.022+0300][9008][9208 ][info][gc,stats    ]    Subphase: Concurrent Roots CodeCache                    0.000 / 0.000         0.000 / 0.000         0.000 / 0.000         0.000 / 0.000       ms
[2025-05-18T20:54:02.022+0300][9008][9208 ][info][gc,stats    ]    Subphase: Concurrent Roots JavaThreads                  0.315 / 0.438         1.396 / 5.503         1.396 / 5.503         1.396 / 5.503       ms
[2025-05-18T20:54:02.022+0300][9008][9208 ][info][gc,stats    ]    Subphase: Concurrent Roots OopStorageSet                0.017 / 0.023         0.035 / 0.093         0.035 / 0.093         0.035 / 0.093       ms
[2025-05-18T20:54:02.022+0300][9008][9208 ][info][gc,stats    ]    Subphase: Concurrent Weak Roots OopStorageSet           0.597 / 0.598         1.138 / 2.357         1.138 / 2.357         1.138 / 2.357       ms
[2025-05-18T20:54:02.022+0300][9008][9208 ][info][gc,stats    ]    Subphase: Pause Mark Try Complete                       0.000 / 0.000         0.000 / 0.000         0.000 / 0.000         0.000 / 0.000       ms
[2025-05-18T20:54:02.022+0300][9008][9208 ][info][gc,stats    ]      System: Java Threads                                     32 / 32               31 / 34               31 / 34               31 / 34          threads
[2025-05-18T20:54:02.022+0300][9008][9208 ][info][gc,stats    ] =========================================================================================================================================================
[2025-05-18T20:54:07.531+0300][9008][21940][info][gc,start    ] GC(28) Garbage Collection (Proactive)
[2025-05-18T20:54:07.531+0300][9008][21940][info][gc,task     ] GC(28) Using 2 workers
[2025-05-18T20:54:07.531+0300][9008][14992][info][gc,phases   ] GC(28) Pause Mark Start 0.011ms
[2025-05-18T20:54:07.563+0300][9008][21940][info][gc,phases   ] GC(28) Concurrent Mark 30.090ms
[2025-05-18T20:54:07.563+0300][9008][14992][info][gc,phases   ] GC(28) Pause Mark End 0.019ms
[2025-05-18T20:54:07.563+0300][9008][21940][info][gc,phases   ] GC(28) Concurrent Mark Free 0.001ms
[2025-05-18T20:54:07.568+0300][9008][21940][info][gc,phases   ] GC(28) Concurrent Process Non-Strong References 5.897ms
[2025-05-18T20:54:07.568+0300][9008][21940][info][gc,phases   ] GC(28) Concurrent Reset Relocation Set 0.003ms
[2025-05-18T20:54:07.570+0300][9008][21940][info][gc,phases   ] GC(28) Concurrent Select Relocation Set 1.510ms
[2025-05-18T20:54:07.570+0300][9008][14992][info][gc,phases   ] GC(28) Pause Relocate Start 0.007ms
[2025-05-18T20:54:07.571+0300][9008][21940][info][gc,phases   ] GC(28) Concurrent Relocate 0.663ms
[2025-05-18T20:54:07.571+0300][9008][21940][info][gc,load     ] GC(28) Load: 0.00/0.00/0.00
[2025-05-18T20:54:07.571+0300][9008][21940][info][gc,mmu      ] GC(28) MMU: 2ms/97.0%, 5ms/98.8%, 10ms/99.4%, 20ms/99.6%, 50ms/99.9%, 100ms/99.9%
[2025-05-18T20:54:07.571+0300][9008][21940][info][gc,marking  ] GC(28) Mark: 2 stripe(s), 2 proactive flush(es), 1 terminate flush(es), 0 completion(s), 0 continuation(s) 
[2025-05-18T20:54:07.571+0300][9008][21940][info][gc,marking  ] GC(28) Mark Stack Usage: 32M
[2025-05-18T20:54:07.571+0300][9008][21940][info][gc,nmethod  ] GC(28) NMethods: 3994 registered, 443 unregistered
[2025-05-18T20:54:07.571+0300][9008][21940][info][gc,metaspace] GC(28) Metaspace: 33M used, 34M committed, 1088M reserved
[2025-05-18T20:54:07.571+0300][9008][21940][info][gc,ref      ] GC(28) Soft: 4272 encountered, 0 discovered, 0 enqueued
[2025-05-18T20:54:07.571+0300][9008][21940][info][gc,ref      ] GC(28) Weak: 2498 encountered, 804 discovered, 0 enqueued
[2025-05-18T20:54:07.571+0300][9008][21940][info][gc,ref      ] GC(28) Final: 3 encountered, 0 discovered, 0 enqueued
[2025-05-18T20:54:07.571+0300][9008][21940][info][gc,ref      ] GC(28) Phantom: 278 encountered, 206 discovered, 0 enqueued
[2025-05-18T20:54:07.571+0300][9008][21940][info][gc,reloc    ] GC(28) Small Pages: 226 / 452M, Empty: 344M, Relocated: 1M, In-Place: 0
[2025-05-18T20:54:07.571+0300][9008][21940][info][gc,reloc    ] GC(28) Medium Pages: 1 / 32M, Empty: 0M, Relocated: 0M, In-Place: 0
[2025-05-18T20:54:07.571+0300][9008][21940][info][gc,reloc    ] GC(28) Large Pages: 0 / 0M, Empty: 0M, Relocated: 0M, In-Place: 0
[2025-05-18T20:54:07.571+0300][9008][21940][info][gc,reloc    ] GC(28) Forwarding Usage: 0M
[2025-05-18T20:54:07.571+0300][9008][21940][info][gc,heap     ] GC(28) Min Capacity: 4096M(100%)
[2025-05-18T20:54:07.571+0300][9008][21940][info][gc,heap     ] GC(28) Max Capacity: 4096M(100%)
[2025-05-18T20:54:07.571+0300][9008][21940][info][gc,heap     ] GC(28) Soft Max Capacity: 4096M(100%)
[2025-05-18T20:54:07.571+0300][9008][21940][info][gc,heap     ] GC(28)                Mark Start          Mark End        Relocate Start      Relocate End           High               Low         
[2025-05-18T20:54:07.571+0300][9008][21940][info][gc,heap     ] GC(28)  Capacity:     4096M (100%)       4096M (100%)       4096M (100%)       4096M (100%)       4096M (100%)       4096M (100%)   
[2025-05-18T20:54:07.571+0300][9008][21940][info][gc,heap     ] GC(28)      Free:     3612M (88%)        3598M (88%)        3942M (96%)        4028M (98%)        4028M (98%)        3598M (88%)    
[2025-05-18T20:54:07.571+0300][9008][21940][info][gc,heap     ] GC(28)      Used:      484M (12%)         498M (12%)         154M (4%)           68M (2%)          498M (12%)          68M (2%)     
[2025-05-18T20:54:07.571+0300][9008][21940][info][gc,heap     ] GC(28)      Live:         -                18M (0%)           18M (0%)           18M (0%)             -                  -          
[2025-05-18T20:54:07.571+0300][9008][21940][info][gc,heap     ] GC(28) Allocated:         -                14M (0%)           14M (0%)           14M (0%)             -                  -          
[2025-05-18T20:54:07.571+0300][9008][21940][info][gc,heap     ] GC(28)   Garbage:         -               465M (11%)         121M (3%)           35M (1%)             -                  -          
[2025-05-18T20:54:07.571+0300][9008][21940][info][gc,heap     ] GC(28) Reclaimed:         -                  -               344M (8%)          430M (10%)            -                  -          
[2025-05-18T20:54:07.571+0300][9008][21940][info][gc          ] GC(28) Garbage Collection (Proactive) 484M(12%)->68M(2%)
[2025-05-18T20:54:08.877+0300][9008][21940][info][gc,start    ] GC(29) Garbage Collection (System.gc())
[2025-05-18T20:54:08.877+0300][9008][21940][info][gc,task     ] GC(29) Using 2 workers
[2025-05-18T20:54:08.877+0300][9008][14992][info][gc,phases   ] GC(29) Pause Mark Start 0.012ms
[2025-05-18T20:54:08.901+0300][9008][21940][info][gc,phases   ] GC(29) Concurrent Mark 23.511ms
[2025-05-18T20:54:08.901+0300][9008][14992][info][gc,phases   ] GC(29) Pause Mark End 0.016ms
[2025-05-18T20:54:08.901+0300][9008][21940][info][gc,phases   ] GC(29) Concurrent Mark Free 0.001ms
[2025-05-18T20:54:08.918+0300][9008][21940][info][gc,phases   ] GC(29) Concurrent Process Non-Strong References 16.221ms
[2025-05-18T20:54:08.918+0300][9008][21940][info][gc,phases   ] GC(29) Concurrent Reset Relocation Set 0.015ms
[2025-05-18T20:54:08.922+0300][9008][21940][info][gc,phases   ] GC(29) Concurrent Select Relocation Set 4.250ms
[2025-05-18T20:54:08.922+0300][9008][14992][info][gc,phases   ] GC(29) Pause Relocate Start 0.009ms
[2025-05-18T20:54:08.923+0300][9008][21940][info][gc,phases   ] GC(29) Concurrent Relocate 0.818ms
[2025-05-18T20:54:08.923+0300][9008][21940][info][gc,load     ] GC(29) Load: 0.00/0.00/0.00
[2025-05-18T20:54:08.923+0300][9008][21940][info][gc,mmu      ] GC(29) MMU: 2ms/97.0%, 5ms/98.8%, 10ms/99.4%, 20ms/99.6%, 50ms/99.9%, 100ms/99.9%
[2025-05-18T20:54:08.923+0300][9008][21940][info][gc,marking  ] GC(29) Mark: 2 stripe(s), 1 proactive flush(es), 1 terminate flush(es), 0 completion(s), 0 continuation(s) 
[2025-05-18T20:54:08.923+0300][9008][21940][info][gc,marking  ] GC(29) Mark Stack Usage: 32M
[2025-05-18T20:54:08.923+0300][9008][21940][info][gc,nmethod  ] GC(29) NMethods: 3711 registered, 764 unregistered
[2025-05-18T20:54:08.923+0300][9008][21940][info][gc,metaspace] GC(29) Metaspace: 32M used, 34M committed, 1088M reserved
[2025-05-18T20:54:08.923+0300][9008][21940][info][gc,ref      ] GC(29) Soft: 4151 encountered, 0 discovered, 0 enqueued
[2025-05-18T20:54:08.923+0300][9008][21940][info][gc,ref      ] GC(29) Weak: 2251 encountered, 1034 discovered, 87 enqueued
[2025-05-18T20:54:08.923+0300][9008][21940][info][gc,ref      ] GC(29) Final: 3 encountered, 0 discovered, 0 enqueued
[2025-05-18T20:54:08.923+0300][9008][21940][info][gc,ref      ] GC(29) Phantom: 260 encountered, 190 discovered, 3 enqueued
[2025-05-18T20:54:08.923+0300][9008][21940][info][gc,reloc    ] GC(29) Small Pages: 33 / 66M, Empty: 14M, Relocated: 1M, In-Place: 0
[2025-05-18T20:54:08.923+0300][9008][21940][info][gc,reloc    ] GC(29) Medium Pages: 2 / 64M, Empty: 32M, Relocated: 0M, In-Place: 0
[2025-05-18T20:54:08.923+0300][9008][21940][info][gc,reloc    ] GC(29) Large Pages: 0 / 0M, Empty: 0M, Relocated: 0M, In-Place: 0
[2025-05-18T20:54:08.923+0300][9008][21940][info][gc,reloc    ] GC(29) Forwarding Usage: 0M
[2025-05-18T20:54:08.923+0300][9008][21940][info][gc,heap     ] GC(29) Min Capacity: 4096M(100%)
[2025-05-18T20:54:08.923+0300][9008][21940][info][gc,heap     ] GC(29) Max Capacity: 4096M(100%)
[2025-05-18T20:54:08.923+0300][9008][21940][info][gc,heap     ] GC(29) Soft Max Capacity: 4096M(100%)
[2025-05-18T20:54:08.923+0300][9008][21940][info][gc,heap     ] GC(29)                Mark Start          Mark End        Relocate Start      Relocate End           High               Low         
[2025-05-18T20:54:08.923+0300][9008][21940][info][gc,heap     ] GC(29)  Capacity:     4096M (100%)       4096M (100%)       4096M (100%)       4096M (100%)       4096M (100%)       4096M (100%)   
[2025-05-18T20:54:08.923+0300][9008][21940][info][gc,heap     ] GC(29)      Free:     3966M (97%)        3966M (97%)        4006M (98%)        4036M (99%)        4036M (99%)        3960M (97%)    
[2025-05-18T20:54:08.923+0300][9008][21940][info][gc,heap     ] GC(29)      Used:      130M (3%)          130M (3%)           90M (2%)           60M (1%)          136M (3%)           60M (1%)     
[2025-05-18T20:54:08.923+0300][9008][21940][info][gc,heap     ] GC(29)      Live:         -                16M (0%)           16M (0%)           16M (0%)             -                  -          
[2025-05-18T20:54:08.923+0300][9008][21940][info][gc,heap     ] GC(29) Allocated:         -                 0M (0%)            6M (0%)            6M (0%)             -                  -          
[2025-05-18T20:54:08.923+0300][9008][21940][info][gc,heap     ] GC(29)   Garbage:         -               113M (3%)           67M (2%)           37M (1%)             -                  -          
[2025-05-18T20:54:08.923+0300][9008][21940][info][gc,heap     ] GC(29) Reclaimed:         -                  -                46M (1%)           76M (2%)             -                  -          
[2025-05-18T20:54:08.923+0300][9008][21940][info][gc          ] GC(29) Garbage Collection (System.gc()) 130M(3%)->60M(1%)
[2025-05-18T20:54:12.023+0300][9008][9208 ][info][gc,stats    ] === Garbage Collection Statistics =======================================================================================================================
[2025-05-18T20:54:12.023+0300][9008][9208 ][info][gc,stats    ]                                                              Last 10s              Last 10m              Last 10h                Total
[2025-05-18T20:54:12.023+0300][9008][9208 ][info][gc,stats    ]                                                              Avg / Max             Avg / Max             Avg / Max             Avg / Max
[2025-05-18T20:54:12.023+0300][9008][9208 ][info][gc,stats    ]   Collector: Garbage Collection Cycle                     43.077 / 45.922       61.115 / 101.996      61.115 / 101.996      61.115 / 101.996     ms
[2025-05-18T20:54:12.023+0300][9008][9208 ][info][gc,stats    ]  Contention: Mark Segment Reset Contention                     0 / 0                 0 / 1                 0 / 1                 0 / 1           ops/s
[2025-05-18T20:54:12.023+0300][9008][9208 ][info][gc,stats    ]  Contention: Mark SeqNum Reset Contention                      0 / 0                 0 / 1                 0 / 1                 0 / 1           ops/s
[2025-05-18T20:54:12.023+0300][9008][9208 ][info][gc,stats    ]    Critical: Allocation Stall                                  0 / 0                 0 / 0                 0 / 0                 0 / 0           ops/s
[2025-05-18T20:54:12.023+0300][9008][9208 ][info][gc,stats    ]    Critical: Allocation Stall                              0.000 / 0.000         0.000 / 0.000         0.000 / 0.000         0.000 / 0.000       ms
[2025-05-18T20:54:12.023+0300][9008][9208 ][info][gc,stats    ]    Critical: GC Locker Stall                                   0 / 0                 0 / 0                 0 / 0                 0 / 0           ops/s
[2025-05-18T20:54:12.023+0300][9008][9208 ][info][gc,stats    ]    Critical: GC Locker Stall                               0.000 / 0.000         0.000 / 0.000         0.000 / 0.000         0.000 / 0.000       ms
[2025-05-18T20:54:12.023+0300][9008][9208 ][info][gc,stats    ]    Critical: Relocation Stall                                  0 / 0                 0 / 0                 0 / 0                 0 / 0           ops/s
[2025-05-18T20:54:12.023+0300][9008][9208 ][info][gc,stats    ]    Critical: Relocation Stall                              0.000 / 0.000         0.000 / 0.000         0.000 / 0.000         0.000 / 0.000       ms
[2025-05-18T20:54:12.023+0300][9008][9208 ][info][gc,stats    ]      Memory: Allocation Rate                                  44 / 90               35 / 142              35 / 142              35 / 142         MB/s
[2025-05-18T20:54:12.023+0300][9008][9208 ][info][gc,stats    ]      Memory: Defragment                                        0 / 0                 0 / 0                 0 / 0                 0 / 0           ops/s
[2025-05-18T20:54:12.023+0300][9008][9208 ][info][gc,stats    ]      Memory: Out Of Memory                                     0 / 0                 0 / 0                 0 / 0                 0 / 0           ops/s
[2025-05-18T20:54:12.023+0300][9008][9208 ][info][gc,stats    ]      Memory: Page Cache Flush                                  0 / 0                 0 / 0                 0 / 0                 0 / 0           MB/s
[2025-05-18T20:54:12.023+0300][9008][9208 ][info][gc,stats    ]      Memory: Page Cache Hit L1                                19 / 30               16 / 75               16 / 75               16 / 75          ops/s
[2025-05-18T20:54:12.023+0300][9008][9208 ][info][gc,stats    ]      Memory: Page Cache Hit L2                                 0 / 0                 0 / 0                 0 / 0                 0 / 0           ops/s
[2025-05-18T20:54:12.023+0300][9008][9208 ][info][gc,stats    ]      Memory: Page Cache Hit L3                                 0 / 0                 1 / 42                1 / 42                1 / 42          ops/s
[2025-05-18T20:54:12.023+0300][9008][9208 ][info][gc,stats    ]      Memory: Page Cache Miss                                   0 / 0                 0 / 1                 0 / 1                 0 / 1           ops/s
[2025-05-18T20:54:12.023+0300][9008][9208 ][info][gc,stats    ]      Memory: Uncommit                                          0 / 0                 0 / 0                 0 / 0                 0 / 0           MB/s
[2025-05-18T20:54:12.023+0300][9008][9208 ][info][gc,stats    ]      Memory: Undo Object Allocation Failed                     0 / 0                 0 / 0                 0 / 0                 0 / 0           ops/s
[2025-05-18T20:54:12.023+0300][9008][9208 ][info][gc,stats    ]      Memory: Undo Object Allocation Succeeded                  0 / 0                 0 / 12                0 / 12                0 / 12          ops/s
[2025-05-18T20:54:12.023+0300][9008][9208 ][info][gc,stats    ]      Memory: Undo Page Allocation                              0 / 0                 0 / 1                 0 / 1                 0 / 1           ops/s
[2025-05-18T20:54:12.023+0300][9008][9208 ][info][gc,stats    ]       Phase: Concurrent Mark                              26.801 / 30.090       41.106 / 62.811       41.106 / 62.811       41.106 / 62.811      ms
[2025-05-18T20:54:12.023+0300][9008][9208 ][info][gc,stats    ]       Phase: Concurrent Mark Continue                      0.000 / 0.000         0.000 / 0.000         0.000 / 0.000         0.000 / 0.000       ms
[2025-05-18T20:54:12.023+0300][9008][9208 ][info][gc,stats    ]       Phase: Concurrent Mark Free                          0.001 / 0.001         0.001 / 0.003         0.001 / 0.003         0.001 / 0.003       ms
[2025-05-18T20:54:12.023+0300][9008][9208 ][info][gc,stats    ]       Phase: Concurrent Process Non-Strong References     11.059 / 16.221       13.104 / 33.805       13.104 / 33.805       13.104 / 33.805      ms
[2025-05-18T20:54:12.023+0300][9008][9208 ][info][gc,stats    ]       Phase: Concurrent Relocate                           0.740 / 0.818         2.267 / 7.249         2.267 / 7.249         2.267 / 7.249       ms
[2025-05-18T20:54:12.023+0300][9008][9208 ][info][gc,stats    ]       Phase: Concurrent Reset Relocation Set               0.009 / 0.015         0.007 / 0.041         0.007 / 0.041         0.007 / 0.041       ms
[2025-05-18T20:54:12.023+0300][9008][9208 ][info][gc,stats    ]       Phase: Concurrent Select Relocation Set              2.880 / 4.250         2.788 / 5.995         2.788 / 5.995         2.788 / 5.995       ms
[2025-05-18T20:54:12.023+0300][9008][9208 ][info][gc,stats    ]       Phase: Pause Mark End                                0.017 / 0.019         0.023 / 0.060         0.023 / 0.060         0.023 / 0.060       ms
[2025-05-18T20:54:12.023+0300][9008][9208 ][info][gc,stats    ]       Phase: Pause Mark Start                              0.012 / 0.012         0.012 / 0.020         0.012 / 0.020         0.012 / 0.020       ms
[2025-05-18T20:54:12.023+0300][9008][9208 ][info][gc,stats    ]       Phase: Pause Relocate Start                          0.008 / 0.009         0.013 / 0.031         0.013 / 0.031         0.013 / 0.031       ms
[2025-05-18T20:54:12.023+0300][9008][9208 ][info][gc,stats    ]    Subphase: Concurrent Classes Purge                      0.821 / 1.577         1.038 / 13.962        1.038 / 13.962        1.038 / 13.962      ms
[2025-05-18T20:54:12.023+0300][9008][9208 ][info][gc,stats    ]    Subphase: Concurrent Classes Unlink                     9.258 / 13.533       10.560 / 24.746       10.560 / 24.746       10.560 / 24.746      ms
[2025-05-18T20:54:12.023+0300][9008][9208 ][info][gc,stats    ]    Subphase: Concurrent Mark                              23.706 / 29.013       34.983 / 60.345       34.983 / 60.345       34.983 / 60.345      ms
[2025-05-18T20:54:12.023+0300][9008][9208 ][info][gc,stats    ]    Subphase: Concurrent Mark Try Flush                     0.124 / 0.161         0.142 / 1.122         0.142 / 1.122         0.142 / 1.122       ms
[2025-05-18T20:54:12.023+0300][9008][9208 ][info][gc,stats    ]    Subphase: Concurrent Mark Try Terminate                 1.607 / 5.393         3.283 / 16.167        3.283 / 16.167        3.283 / 16.167      ms
[2025-05-18T20:54:12.023+0300][9008][9208 ][info][gc,stats    ]    Subphase: Concurrent References Enqueue                 0.004 / 0.008         0.004 / 0.017         0.004 / 0.017         0.004 / 0.017       ms
[2025-05-18T20:54:12.023+0300][9008][9208 ][info][gc,stats    ]    Subphase: Concurrent References Process                 0.175 / 0.237         0.148 / 0.325         0.148 / 0.325         0.148 / 0.325       ms
[2025-05-18T20:54:12.023+0300][9008][9208 ][info][gc,stats    ]    Subphase: Concurrent Roots ClassLoaderDataGraph         0.147 / 0.264         0.252 / 0.802         0.252 / 0.802         0.252 / 0.802       ms
[2025-05-18T20:54:12.023+0300][9008][9208 ][info][gc,stats    ]    Subphase: Concurrent Roots CodeCache                    0.000 / 0.000         0.000 / 0.000         0.000 / 0.000         0.000 / 0.000       ms
[2025-05-18T20:54:12.023+0300][9008][9208 ][info][gc,stats    ]    Subphase: Concurrent Roots JavaThreads                  0.619 / 0.904         1.344 / 5.503         1.344 / 5.503         1.344 / 5.503       ms
[2025-05-18T20:54:12.023+0300][9008][9208 ][info][gc,stats    ]    Subphase: Concurrent Roots OopStorageSet                0.023 / 0.040         0.034 / 0.093         0.034 / 0.093         0.034 / 0.093       ms
[2025-05-18T20:54:12.024+0300][9008][9208 ][info][gc,stats    ]    Subphase: Concurrent Weak Roots OopStorageSet           0.582 / 0.606         1.101 / 2.357         1.101 / 2.357         1.101 / 2.357       ms
[2025-05-18T20:54:12.024+0300][9008][9208 ][info][gc,stats    ]    Subphase: Pause Mark Try Complete                       0.000 / 0.000         0.000 / 0.000         0.000 / 0.000         0.000 / 0.000       ms
[2025-05-18T20:54:12.024+0300][9008][9208 ][info][gc,stats    ]      System: Java Threads                                     28 / 32               31 / 34               31 / 34               31 / 34          threads
[2025-05-18T20:54:12.024+0300][9008][9208 ][info][gc,stats    ] =========================================================================================================================================================
[2025-05-18T20:54:19.333+0300][9008][21940][info][gc,start    ] GC(30) Garbage Collection (Proactive)
[2025-05-18T20:54:19.333+0300][9008][21940][info][gc,task     ] GC(30) Using 2 workers
[2025-05-18T20:54:19.333+0300][9008][14992][info][gc,phases   ] GC(30) Pause Mark Start 0.011ms
[2025-05-18T20:54:19.349+0300][9008][21940][info][gc,phases   ] GC(30) Concurrent Mark 15.516ms
[2025-05-18T20:54:19.349+0300][9008][14992][info][gc,phases   ] GC(30) Pause Mark End 0.017ms
[2025-05-18T20:54:19.349+0300][9008][21940][info][gc,phases   ] GC(30) Concurrent Mark Free 0.001ms
[2025-05-18T20:54:19.358+0300][9008][21940][info][gc,phases   ] GC(30) Concurrent Process Non-Strong References 9.405ms
[2025-05-18T20:54:19.358+0300][9008][21940][info][gc,phases   ] GC(30) Concurrent Reset Relocation Set 0.002ms
[2025-05-18T20:54:19.361+0300][9008][21940][info][gc,phases   ] GC(30) Concurrent Select Relocation Set 1.762ms
[2025-05-18T20:54:19.361+0300][9008][14992][info][gc,phases   ] GC(30) Pause Relocate Start 0.008ms
[2025-05-18T20:54:19.362+0300][9008][21940][info][gc,phases   ] GC(30) Concurrent Relocate 1.984ms
[2025-05-18T20:54:19.362+0300][9008][21940][info][gc,load     ] GC(30) Load: 0.00/0.00/0.00
[2025-05-18T20:54:19.362+0300][9008][21940][info][gc,mmu      ] GC(30) MMU: 2ms/97.0%, 5ms/98.8%, 10ms/99.4%, 20ms/99.6%, 50ms/99.9%, 100ms/99.9%
[2025-05-18T20:54:19.362+0300][9008][21940][info][gc,marking  ] GC(30) Mark: 2 stripe(s), 2 proactive flush(es), 1 terminate flush(es), 0 completion(s), 0 continuation(s) 
[2025-05-18T20:54:19.362+0300][9008][21940][info][gc,marking  ] GC(30) Mark Stack Usage: 32M
[2025-05-18T20:54:19.362+0300][9008][21940][info][gc,nmethod  ] GC(30) NMethods: 4211 registered, 823 unregistered
[2025-05-18T20:54:19.362+0300][9008][21940][info][gc,metaspace] GC(30) Metaspace: 33M used, 34M committed, 1088M reserved
[2025-05-18T20:54:19.362+0300][9008][21940][info][gc,ref      ] GC(30) Soft: 4272 encountered, 0 discovered, 0 enqueued
[2025-05-18T20:54:19.362+0300][9008][21940][info][gc,ref      ] GC(30) Weak: 2760 encountered, 1086 discovered, 262 enqueued
[2025-05-18T20:54:19.362+0300][9008][21940][info][gc,ref      ] GC(30) Final: 3 encountered, 0 discovered, 0 enqueued
[2025-05-18T20:54:19.362+0300][9008][21940][info][gc,ref      ] GC(30) Phantom: 307 encountered, 231 discovered, 31 enqueued
[2025-05-18T20:54:19.362+0300][9008][21940][info][gc,reloc    ] GC(30) Small Pages: 203 / 406M, Empty: 176M, Relocated: 4M, In-Place: 0
[2025-05-18T20:54:19.362+0300][9008][21940][info][gc,reloc    ] GC(30) Medium Pages: 2 / 64M, Empty: 32M, Relocated: 0M, In-Place: 0
[2025-05-18T20:54:19.362+0300][9008][21940][info][gc,reloc    ] GC(30) Large Pages: 0 / 0M, Empty: 0M, Relocated: 0M, In-Place: 0
[2025-05-18T20:54:19.362+0300][9008][21940][info][gc,reloc    ] GC(30) Forwarding Usage: 1M
[2025-05-18T20:54:19.362+0300][9008][21940][info][gc,heap     ] GC(30) Min Capacity: 4096M(100%)
[2025-05-18T20:54:19.362+0300][9008][21940][info][gc,heap     ] GC(30) Max Capacity: 4096M(100%)
[2025-05-18T20:54:19.362+0300][9008][21940][info][gc,heap     ] GC(30) Soft Max Capacity: 4096M(100%)
[2025-05-18T20:54:19.362+0300][9008][21940][info][gc,heap     ] GC(30)                Mark Start          Mark End        Relocate Start      Relocate End           High               Low         
[2025-05-18T20:54:19.362+0300][9008][21940][info][gc,heap     ] GC(30)  Capacity:     4096M (100%)       4096M (100%)       4096M (100%)       4096M (100%)       4096M (100%)       4096M (100%)   
[2025-05-18T20:54:19.362+0300][9008][21940][info][gc,heap     ] GC(30)      Free:     3626M (89%)        3612M (88%)        3820M (93%)        4030M (98%)        4030M (98%)        3612M (88%)    
[2025-05-18T20:54:19.362+0300][9008][21940][info][gc,heap     ] GC(30)      Used:      470M (11%)         484M (12%)         276M (7%)           66M (2%)          484M (12%)          66M (2%)     
[2025-05-18T20:54:19.362+0300][9008][21940][info][gc,heap     ] GC(30)      Live:         -                18M (0%)           18M (0%)           18M (0%)             -                  -          
[2025-05-18T20:54:19.362+0300][9008][21940][info][gc,heap     ] GC(30) Allocated:         -                14M (0%)           14M (0%)           14M (0%)             -                  -          
[2025-05-18T20:54:19.362+0300][9008][21940][info][gc,heap     ] GC(30)   Garbage:         -               451M (11%)         243M (6%)           33M (1%)             -                  -          
[2025-05-18T20:54:19.362+0300][9008][21940][info][gc,heap     ] GC(30) Reclaimed:         -                  -               208M (5%)          418M (10%)            -                  -          
[2025-05-18T20:54:19.362+0300][9008][21940][info][gc          ] GC(30) Garbage Collection (Proactive) 470M(11%)->66M(2%)
[2025-05-18T20:54:22.024+0300][9008][9208 ][info][gc,stats    ] === Garbage Collection Statistics =======================================================================================================================
[2025-05-18T20:54:22.024+0300][9008][9208 ][info][gc,stats    ]                                                              Last 10s              Last 10m              Last 10h                Total
[2025-05-18T20:54:22.024+0300][9008][9208 ][info][gc,stats    ]                                                              Avg / Max             Avg / Max             Avg / Max             Avg / Max
[2025-05-18T20:54:22.024+0300][9008][9208 ][info][gc,stats    ]   Collector: Garbage Collection Cycle                     29.895 / 29.895       60.108 / 101.996      60.108 / 101.996      60.108 / 101.996     ms
[2025-05-18T20:54:22.024+0300][9008][9208 ][info][gc,stats    ]  Contention: Mark Segment Reset Contention                     0 / 0                 0 / 1                 0 / 1                 0 / 1           ops/s
[2025-05-18T20:54:22.024+0300][9008][9208 ][info][gc,stats    ]  Contention: Mark SeqNum Reset Contention                      0 / 0                 0 / 1                 0 / 1                 0 / 1           ops/s
[2025-05-18T20:54:22.024+0300][9008][9208 ][info][gc,stats    ]    Critical: Allocation Stall                                  0 / 0                 0 / 0                 0 / 0                 0 / 0           ops/s
[2025-05-18T20:54:22.024+0300][9008][9208 ][info][gc,stats    ]    Critical: Allocation Stall                              0.000 / 0.000         0.000 / 0.000         0.000 / 0.000         0.000 / 0.000       ms
[2025-05-18T20:54:22.024+0300][9008][9208 ][info][gc,stats    ]    Critical: GC Locker Stall                                   0 / 0                 0 / 0                 0 / 0                 0 / 0           ops/s
[2025-05-18T20:54:22.024+0300][9008][9208 ][info][gc,stats    ]    Critical: GC Locker Stall                               0.000 / 0.000         0.000 / 0.000         0.000 / 0.000         0.000 / 0.000       ms
[2025-05-18T20:54:22.024+0300][9008][9208 ][info][gc,stats    ]    Critical: Relocation Stall                                  0 / 0                 0 / 0                 0 / 0                 0 / 0           ops/s
[2025-05-18T20:54:22.024+0300][9008][9208 ][info][gc,stats    ]    Critical: Relocation Stall                              0.000 / 0.000         0.000 / 0.000         0.000 / 0.000         0.000 / 0.000       ms
[2025-05-18T20:54:22.024+0300][9008][9208 ][info][gc,stats    ]      Memory: Allocation Rate                                  34 / 44               35 / 142              35 / 142              35 / 142         MB/s
[2025-05-18T20:54:22.024+0300][9008][9208 ][info][gc,stats    ]      Memory: Defragment                                        0 / 0                 0 / 0                 0 / 0                 0 / 0           ops/s
[2025-05-18T20:54:22.024+0300][9008][9208 ][info][gc,stats    ]      Memory: Out Of Memory                                     0 / 0                 0 / 0                 0 / 0                 0 / 0           ops/s
[2025-05-18T20:54:22.024+0300][9008][9208 ][info][gc,stats    ]      Memory: Page Cache Flush                                  0 / 0                 0 / 0                 0 / 0                 0 / 0           MB/s
[2025-05-18T20:54:22.024+0300][9008][9208 ][info][gc,stats    ]      Memory: Page Cache Hit L1                                17 / 25               16 / 75               16 / 75               16 / 75          ops/s
[2025-05-18T20:54:22.024+0300][9008][9208 ][info][gc,stats    ]      Memory: Page Cache Hit L2                                 0 / 0                 0 / 0                 0 / 0                 0 / 0           ops/s
[2025-05-18T20:54:22.024+0300][9008][9208 ][info][gc,stats    ]      Memory: Page Cache Hit L3                                 0 / 0                 1 / 42                1 / 42                1 / 42          ops/s
[2025-05-18T20:54:22.024+0300][9008][9208 ][info][gc,stats    ]      Memory: Page Cache Miss                                   0 / 0                 0 / 1                 0 / 1                 0 / 1           ops/s
[2025-05-18T20:54:22.024+0300][9008][9208 ][info][gc,stats    ]      Memory: Uncommit                                          0 / 0                 0 / 0                 0 / 0                 0 / 0           MB/s
[2025-05-18T20:54:22.024+0300][9008][9208 ][info][gc,stats    ]      Memory: Undo Object Allocation Failed                     0 / 0                 0 / 0                 0 / 0                 0 / 0           ops/s
[2025-05-18T20:54:22.024+0300][9008][9208 ][info][gc,stats    ]      Memory: Undo Object Allocation Succeeded                  0 / 0                 0 / 12                0 / 12                0 / 12          ops/s
[2025-05-18T20:54:22.024+0300][9008][9208 ][info][gc,stats    ]      Memory: Undo Page Allocation                              0 / 0                 0 / 1                 0 / 1                 0 / 1           ops/s
[2025-05-18T20:54:22.024+0300][9008][9208 ][info][gc,stats    ]       Phase: Concurrent Mark                              15.516 / 15.516       40.281 / 62.811       40.281 / 62.811       40.281 / 62.811      ms
[2025-05-18T20:54:22.024+0300][9008][9208 ][info][gc,stats    ]       Phase: Concurrent Mark Continue                      0.000 / 0.000         0.000 / 0.000         0.000 / 0.000         0.000 / 0.000       ms
[2025-05-18T20:54:22.024+0300][9008][9208 ][info][gc,stats    ]       Phase: Concurrent Mark Free                          0.001 / 0.001         0.001 / 0.003         0.001 / 0.003         0.001 / 0.003       ms
[2025-05-18T20:54:22.024+0300][9008][9208 ][info][gc,stats    ]       Phase: Concurrent Process Non-Strong References      9.405 / 9.405        12.984 / 33.805       12.984 / 33.805       12.984 / 33.805      ms
[2025-05-18T20:54:22.024+0300][9008][9208 ][info][gc,stats    ]       Phase: Concurrent Relocate                           1.984 / 1.984         2.258 / 7.249         2.258 / 7.249         2.258 / 7.249       ms
[2025-05-18T20:54:22.024+0300][9008][9208 ][info][gc,stats    ]       Phase: Concurrent Reset Relocation Set               0.002 / 0.002         0.007 / 0.041         0.007 / 0.041         0.007 / 0.041       ms
[2025-05-18T20:54:22.024+0300][9008][9208 ][info][gc,stats    ]       Phase: Concurrent Select Relocation Set              1.762 / 1.762         2.755 / 5.995         2.755 / 5.995         2.755 / 5.995       ms
[2025-05-18T20:54:22.024+0300][9008][9208 ][info][gc,stats    ]       Phase: Pause Mark End                                0.017 / 0.017         0.023 / 0.060         0.023 / 0.060         0.023 / 0.060       ms
[2025-05-18T20:54:22.024+0300][9008][9208 ][info][gc,stats    ]       Phase: Pause Mark Start                              0.011 / 0.011         0.012 / 0.020         0.012 / 0.020         0.012 / 0.020       ms
[2025-05-18T20:54:22.024+0300][9008][9208 ][info][gc,stats    ]       Phase: Pause Relocate Start                          0.008 / 0.008         0.013 / 0.031         0.013 / 0.031         0.013 / 0.031       ms
[2025-05-18T20:54:22.024+0300][9008][9208 ][info][gc,stats    ]    Subphase: Concurrent Classes Purge                      0.158 / 0.158         1.009 / 13.962        1.009 / 13.962        1.009 / 13.962      ms
[2025-05-18T20:54:22.024+0300][9008][9208 ][info][gc,stats    ]    Subphase: Concurrent Classes Unlink                     7.888 / 7.888        10.474 / 24.746       10.474 / 24.746       10.474 / 24.746      ms
[2025-05-18T20:54:22.024+0300][9008][9208 ][info][gc,stats    ]    Subphase: Concurrent Mark                              13.943 / 14.646       34.304 / 60.345       34.304 / 60.345       34.304 / 60.345      ms
[2025-05-18T20:54:22.024+0300][9008][9208 ][info][gc,stats    ]    Subphase: Concurrent Mark Try Flush                     0.041 / 0.075         0.139 / 1.122         0.139 / 1.122         0.139 / 1.122       ms
[2025-05-18T20:54:22.024+0300][9008][9208 ][info][gc,stats    ]    Subphase: Concurrent Mark Try Terminate                 0.488 / 1.442         3.194 / 16.167        3.194 / 16.167        3.194 / 16.167      ms
[2025-05-18T20:54:22.024+0300][9008][9208 ][info][gc,stats    ]    Subphase: Concurrent References Enqueue                 0.004 / 0.004         0.004 / 0.017         0.004 / 0.017         0.004 / 0.017       ms
[2025-05-18T20:54:22.024+0300][9008][9208 ][info][gc,stats    ]    Subphase: Concurrent References Process                 0.278 / 0.278         0.152 / 0.325         0.152 / 0.325         0.152 / 0.325       ms
[2025-05-18T20:54:22.024+0300][9008][9208 ][info][gc,stats    ]    Subphase: Concurrent Roots ClassLoaderDataGraph         0.182 / 0.313         0.250 / 0.802         0.250 / 0.802         0.250 / 0.802       ms
[2025-05-18T20:54:22.024+0300][9008][9208 ][info][gc,stats    ]    Subphase: Concurrent Roots CodeCache                    0.000 / 0.000         0.000 / 0.000         0.000 / 0.000         0.000 / 0.000       ms
[2025-05-18T20:54:22.024+0300][9008][9208 ][info][gc,stats    ]    Subphase: Concurrent Roots JavaThreads                  0.556 / 0.668         1.319 / 5.503         1.319 / 5.503         1.319 / 5.503       ms
[2025-05-18T20:54:22.024+0300][9008][9208 ][info][gc,stats    ]    Subphase: Concurrent Roots OopStorageSet                0.034 / 0.037         0.034 / 0.093         0.034 / 0.093         0.034 / 0.093       ms
[2025-05-18T20:54:22.024+0300][9008][9208 ][info][gc,stats    ]    Subphase: Concurrent Weak Roots OopStorageSet           0.909 / 0.912         1.095 / 2.357         1.095 / 2.357         1.095 / 2.357       ms
[2025-05-18T20:54:22.025+0300][9008][9208 ][info][gc,stats    ]    Subphase: Pause Mark Try Complete                       0.000 / 0.000         0.000 / 0.000         0.000 / 0.000         0.000 / 0.000       ms
[2025-05-18T20:54:22.025+0300][9008][9208 ][info][gc,stats    ]      System: Java Threads                                     32 / 32               31 / 34               31 / 34               31 / 34          threads
[2025-05-18T20:54:22.025+0300][9008][9208 ][info][gc,stats    ] =========================================================================================================================================================
[2025-05-18T20:54:31.835+0300][9008][21940][info][gc,start    ] GC(31) Garbage Collection (Proactive)
[2025-05-18T20:54:31.835+0300][9008][21940][info][gc,task     ] GC(31) Using 2 workers
[2025-05-18T20:54:31.835+0300][9008][14992][info][gc,phases   ] GC(31) Pause Mark Start 0.009ms
[2025-05-18T20:54:31.866+0300][9008][21940][info][gc,phases   ] GC(31) Concurrent Mark 31.213ms
[2025-05-18T20:54:31.866+0300][9008][14992][info][gc,phases   ] GC(31) Pause Mark End 0.027ms
[2025-05-18T20:54:31.867+0300][9008][21940][info][gc,phases   ] GC(31) Concurrent Mark Free 0.002ms
[2025-05-18T20:54:31.871+0300][9008][21940][info][gc,phases   ] GC(31) Concurrent Process Non-Strong References 4.509ms
[2025-05-18T20:54:31.871+0300][9008][21940][info][gc,phases   ] GC(31) Concurrent Reset Relocation Set 0.006ms
[2025-05-18T20:54:31.872+0300][9008][21940][info][gc,phases   ] GC(31) Concurrent Select Relocation Set 1.247ms
[2025-05-18T20:54:31.872+0300][9008][14992][info][gc,phases   ] GC(31) Pause Relocate Start 0.006ms
[2025-05-18T20:54:31.873+0300][9008][21940][info][gc,phases   ] GC(31) Concurrent Relocate 0.659ms
[2025-05-18T20:54:31.873+0300][9008][21940][info][gc,load     ] GC(31) Load: 0.00/0.00/0.00
[2025-05-18T20:54:31.873+0300][9008][21940][info][gc,mmu      ] GC(31) MMU: 2ms/97.0%, 5ms/98.8%, 10ms/99.4%, 20ms/99.6%, 50ms/99.9%, 100ms/99.9%
[2025-05-18T20:54:31.873+0300][9008][21940][info][gc,marking  ] GC(31) Mark: 2 stripe(s), 2 proactive flush(es), 1 terminate flush(es), 0 completion(s), 0 continuation(s) 
[2025-05-18T20:54:31.873+0300][9008][21940][info][gc,marking  ] GC(31) Mark Stack Usage: 32M
[2025-05-18T20:54:31.873+0300][9008][21940][info][gc,nmethod  ] GC(31) NMethods: 4289 registered, 838 unregistered
[2025-05-18T20:54:31.873+0300][9008][21940][info][gc,metaspace] GC(31) Metaspace: 33M used, 34M committed, 1088M reserved
[2025-05-18T20:54:31.873+0300][9008][21940][info][gc,ref      ] GC(31) Soft: 4272 encountered, 0 discovered, 0 enqueued
[2025-05-18T20:54:31.873+0300][9008][21940][info][gc,ref      ] GC(31) Weak: 2498 encountered, 507 discovered, 0 enqueued
[2025-05-18T20:54:31.873+0300][9008][21940][info][gc,ref      ] GC(31) Final: 3 encountered, 0 discovered, 0 enqueued
[2025-05-18T20:54:31.873+0300][9008][21940][info][gc,ref      ] GC(31) Phantom: 276 encountered, 190 discovered, 0 enqueued
[2025-05-18T20:54:31.873+0300][9008][21940][info][gc,reloc    ] GC(31) Small Pages: 222 / 444M, Empty: 330M, Relocated: 1M, In-Place: 0
[2025-05-18T20:54:31.873+0300][9008][21940][info][gc,reloc    ] GC(31) Medium Pages: 1 / 32M, Empty: 0M, Relocated: 0M, In-Place: 0
[2025-05-18T20:54:31.873+0300][9008][21940][info][gc,reloc    ] GC(31) Large Pages: 0 / 0M, Empty: 0M, Relocated: 0M, In-Place: 0
[2025-05-18T20:54:31.873+0300][9008][21940][info][gc,reloc    ] GC(31) Forwarding Usage: 0M
[2025-05-18T20:54:31.873+0300][9008][21940][info][gc,heap     ] GC(31) Min Capacity: 4096M(100%)
[2025-05-18T20:54:31.873+0300][9008][21940][info][gc,heap     ] GC(31) Max Capacity: 4096M(100%)
[2025-05-18T20:54:31.873+0300][9008][21940][info][gc,heap     ] GC(31) Soft Max Capacity: 4096M(100%)
[2025-05-18T20:54:31.873+0300][9008][21940][info][gc,heap     ] GC(31)                Mark Start          Mark End        Relocate Start      Relocate End           High               Low         
[2025-05-18T20:54:31.873+0300][9008][21940][info][gc,heap     ] GC(31)  Capacity:     4096M (100%)       4096M (100%)       4096M (100%)       4096M (100%)       4096M (100%)       4096M (100%)   
[2025-05-18T20:54:31.873+0300][9008][21940][info][gc,heap     ] GC(31)      Free:     3620M (88%)        3606M (88%)        3936M (96%)        4028M (98%)        4028M (98%)        3606M (88%)    
[2025-05-18T20:54:31.873+0300][9008][21940][info][gc,heap     ] GC(31)      Used:      476M (12%)         490M (12%)         160M (4%)           68M (2%)          490M (12%)          68M (2%)     
[2025-05-18T20:54:31.873+0300][9008][21940][info][gc,heap     ] GC(31)      Live:         -                18M (0%)           18M (0%)           18M (0%)             -                  -          
[2025-05-18T20:54:31.873+0300][9008][21940][info][gc,heap     ] GC(31) Allocated:         -                14M (0%)           14M (0%)           14M (0%)             -                  -          
[2025-05-18T20:54:31.873+0300][9008][21940][info][gc,heap     ] GC(31)   Garbage:         -               457M (11%)         127M (3%)           35M (1%)             -                  -          
[2025-05-18T20:54:31.873+0300][9008][21940][info][gc,heap     ] GC(31) Reclaimed:         -                  -               330M (8%)          422M (10%)            -                  -          
[2025-05-18T20:54:31.873+0300][9008][21940][info][gc          ] GC(31) Garbage Collection (Proactive) 476M(12%)->68M(2%)
[2025-05-18T20:54:32.021+0300][9008][9208 ][info][gc,stats    ] === Garbage Collection Statistics =======================================================================================================================
[2025-05-18T20:54:32.021+0300][9008][9208 ][info][gc,stats    ]                                                              Last 10s              Last 10m              Last 10h                Total
[2025-05-18T20:54:32.021+0300][9008][9208 ][info][gc,stats    ]                                                              Avg / Max             Avg / Max             Avg / Max             Avg / Max
[2025-05-18T20:54:32.021+0300][9008][9208 ][info][gc,stats    ]   Collector: Garbage Collection Cycle                     38.854 / 38.854       59.443 / 101.996      59.443 / 101.996      59.443 / 101.996     ms
[2025-05-18T20:54:32.021+0300][9008][9208 ][info][gc,stats    ]  Contention: Mark Segment Reset Contention                     0 / 0                 0 / 1                 0 / 1                 0 / 1           ops/s
[2025-05-18T20:54:32.021+0300][9008][9208 ][info][gc,stats    ]  Contention: Mark SeqNum Reset Contention                      0 / 0                 0 / 1                 0 / 1                 0 / 1           ops/s
[2025-05-18T20:54:32.021+0300][9008][9208 ][info][gc,stats    ]    Critical: Allocation Stall                                  0 / 0                 0 / 0                 0 / 0                 0 / 0           ops/s
[2025-05-18T20:54:32.021+0300][9008][9208 ][info][gc,stats    ]    Critical: Allocation Stall                              0.000 / 0.000         0.000 / 0.000         0.000 / 0.000         0.000 / 0.000       ms
[2025-05-18T20:54:32.021+0300][9008][9208 ][info][gc,stats    ]    Critical: GC Locker Stall                                   0 / 0                 0 / 0                 0 / 0                 0 / 0           ops/s
[2025-05-18T20:54:32.021+0300][9008][9208 ][info][gc,stats    ]    Critical: GC Locker Stall                               0.000 / 0.000         0.000 / 0.000         0.000 / 0.000         0.000 / 0.000       ms
[2025-05-18T20:54:32.021+0300][9008][9208 ][info][gc,stats    ]    Critical: Relocation Stall                                  0 / 0                 0 / 0                 0 / 0                 0 / 0           ops/s
[2025-05-18T20:54:32.021+0300][9008][9208 ][info][gc,stats    ]    Critical: Relocation Stall                              0.000 / 0.000         0.000 / 0.000         0.000 / 0.000         0.000 / 0.000       ms
[2025-05-18T20:54:32.021+0300][9008][9208 ][info][gc,stats    ]      Memory: Allocation Rate                                  34 / 46               35 / 142              35 / 142              35 / 142         MB/s
[2025-05-18T20:54:32.021+0300][9008][9208 ][info][gc,stats    ]      Memory: Defragment                                        0 / 0                 0 / 0                 0 / 0                 0 / 0           ops/s
[2025-05-18T20:54:32.021+0300][9008][9208 ][info][gc,stats    ]      Memory: Out Of Memory                                     0 / 0                 0 / 0                 0 / 0                 0 / 0           ops/s
[2025-05-18T20:54:32.021+0300][9008][9208 ][info][gc,stats    ]      Memory: Page Cache Flush                                  0 / 0                 0 / 0                 0 / 0                 0 / 0           MB/s
[2025-05-18T20:54:32.021+0300][9008][9208 ][info][gc,stats    ]      Memory: Page Cache Hit L1                                17 / 25               16 / 75               16 / 75               16 / 75          ops/s
[2025-05-18T20:54:32.021+0300][9008][9208 ][info][gc,stats    ]      Memory: Page Cache Hit L2                                 0 / 0                 0 / 0                 0 / 0                 0 / 0           ops/s
[2025-05-18T20:54:32.021+0300][9008][9208 ][info][gc,stats    ]      Memory: Page Cache Hit L3                                 0 / 0                 1 / 42                1 / 42                1 / 42          ops/s
[2025-05-18T20:54:32.021+0300][9008][9208 ][info][gc,stats    ]      Memory: Page Cache Miss                                   0 / 0                 0 / 1                 0 / 1                 0 / 1           ops/s
[2025-05-18T20:54:32.021+0300][9008][9208 ][info][gc,stats    ]      Memory: Uncommit                                          0 / 0                 0 / 0                 0 / 0                 0 / 0           MB/s
[2025-05-18T20:54:32.021+0300][9008][9208 ][info][gc,stats    ]      Memory: Undo Object Allocation Failed                     0 / 0                 0 / 0                 0 / 0                 0 / 0           ops/s
[2025-05-18T20:54:32.021+0300][9008][9208 ][info][gc,stats    ]      Memory: Undo Object Allocation Succeeded                  0 / 0                 0 / 12                0 / 12                0 / 12          ops/s
[2025-05-18T20:54:32.021+0300][9008][9208 ][info][gc,stats    ]      Memory: Undo Page Allocation                              0 / 1                 0 / 1                 0 / 1                 0 / 1           ops/s
[2025-05-18T20:54:32.021+0300][9008][9208 ][info][gc,stats    ]       Phase: Concurrent Mark                              31.213 / 31.213       39.997 / 62.811       39.997 / 62.811       39.997 / 62.811      ms
[2025-05-18T20:54:32.021+0300][9008][9208 ][info][gc,stats    ]       Phase: Concurrent Mark Continue                      0.000 / 0.000         0.000 / 0.000         0.000 / 0.000         0.000 / 0.000       ms
[2025-05-18T20:54:32.021+0300][9008][9208 ][info][gc,stats    ]       Phase: Concurrent Mark Free                          0.002 / 0.002         0.001 / 0.003         0.001 / 0.003         0.001 / 0.003       ms
[2025-05-18T20:54:32.021+0300][9008][9208 ][info][gc,stats    ]       Phase: Concurrent Process Non-Strong References      4.509 / 4.509        12.720 / 33.805       12.720 / 33.805       12.720 / 33.805      ms
[2025-05-18T20:54:32.021+0300][9008][9208 ][info][gc,stats    ]       Phase: Concurrent Relocate                           0.659 / 0.659         2.208 / 7.249         2.208 / 7.249         2.208 / 7.249       ms
[2025-05-18T20:54:32.021+0300][9008][9208 ][info][gc,stats    ]       Phase: Concurrent Reset Relocation Set               0.006 / 0.006         0.007 / 0.041         0.007 / 0.041         0.007 / 0.041       ms
[2025-05-18T20:54:32.021+0300][9008][9208 ][info][gc,stats    ]       Phase: Concurrent Select Relocation Set              1.247 / 1.247         2.708 / 5.995         2.708 / 5.995         2.708 / 5.995       ms
[2025-05-18T20:54:32.021+0300][9008][9208 ][info][gc,stats    ]       Phase: Pause Mark End                                0.027 / 0.027         0.023 / 0.060         0.023 / 0.060         0.023 / 0.060       ms
[2025-05-18T20:54:32.021+0300][9008][9208 ][info][gc,stats    ]       Phase: Pause Mark Start                              0.009 / 0.009         0.012 / 0.020         0.012 / 0.020         0.012 / 0.020       ms
[2025-05-18T20:54:32.021+0300][9008][9208 ][info][gc,stats    ]       Phase: Pause Relocate Start                          0.006 / 0.006         0.013 / 0.031         0.013 / 0.031         0.013 / 0.031       ms
[2025-05-18T20:54:32.021+0300][9008][9208 ][info][gc,stats    ]    Subphase: Concurrent Classes Purge                      0.048 / 0.048         0.979 / 13.962        0.979 / 13.962        0.979 / 13.962      ms
[2025-05-18T20:54:32.021+0300][9008][9208 ][info][gc,stats    ]    Subphase: Concurrent Classes Unlink                     3.315 / 3.315        10.250 / 24.746       10.250 / 24.746       10.250 / 24.746      ms
[2025-05-18T20:54:32.021+0300][9008][9208 ][info][gc,stats    ]    Subphase: Concurrent Mark                              25.970 / 30.393       34.043 / 60.345       34.043 / 60.345       34.043 / 60.345      ms
[2025-05-18T20:54:32.021+0300][9008][9208 ][info][gc,stats    ]    Subphase: Concurrent Mark Try Flush                     0.114 / 0.219         0.138 / 1.122         0.138 / 1.122         0.138 / 1.122       ms
[2025-05-18T20:54:32.021+0300][9008][9208 ][info][gc,stats    ]    Subphase: Concurrent Mark Try Terminate                 3.057 / 9.097         3.190 / 16.167        3.190 / 16.167        3.190 / 16.167      ms
[2025-05-18T20:54:32.021+0300][9008][9208 ][info][gc,stats    ]    Subphase: Concurrent References Enqueue                 0.000 / 0.000         0.004 / 0.017         0.004 / 0.017         0.004 / 0.017       ms
[2025-05-18T20:54:32.021+0300][9008][9208 ][info][gc,stats    ]    Subphase: Concurrent References Process                 0.097 / 0.097         0.151 / 0.325         0.151 / 0.325         0.151 / 0.325       ms
[2025-05-18T20:54:32.021+0300][9008][9208 ][info][gc,stats    ]    Subphase: Concurrent Roots ClassLoaderDataGraph         0.225 / 0.412         0.249 / 0.802         0.249 / 0.802         0.249 / 0.802       ms
[2025-05-18T20:54:32.021+0300][9008][9208 ][info][gc,stats    ]    Subphase: Concurrent Roots CodeCache                    0.000 / 0.000         0.000 / 0.000         0.000 / 0.000         0.000 / 0.000       ms
[2025-05-18T20:54:32.021+0300][9008][9208 ][info][gc,stats    ]    Subphase: Concurrent Roots JavaThreads                  0.479 / 0.663         1.292 / 5.503         1.292 / 5.503         1.292 / 5.503       ms
[2025-05-18T20:54:32.021+0300][9008][9208 ][info][gc,stats    ]    Subphase: Concurrent Roots OopStorageSet                0.047 / 0.047         0.034 / 0.093         0.034 / 0.093         0.034 / 0.093       ms
[2025-05-18T20:54:32.021+0300][9008][9208 ][info][gc,stats    ]    Subphase: Concurrent Weak Roots OopStorageSet           0.927 / 0.932         1.089 / 2.357         1.089 / 2.357         1.089 / 2.357       ms
[2025-05-18T20:54:32.021+0300][9008][9208 ][info][gc,stats    ]    Subphase: Pause Mark Try Complete                       0.000 / 0.000         0.000 / 0.000         0.000 / 0.000         0.000 / 0.000       ms
[2025-05-18T20:54:32.021+0300][9008][9208 ][info][gc,stats    ]      System: Java Threads                                     32 / 32               31 / 34               31 / 34               31 / 34          threads
[2025-05-18T20:54:32.021+0300][9008][9208 ][info][gc,stats    ] =========================================================================================================================================================
[2025-05-18T20:54:42.022+0300][9008][9208 ][info][gc,stats    ] === Garbage Collection Statistics =======================================================================================================================
[2025-05-18T20:54:42.022+0300][9008][9208 ][info][gc,stats    ]                                                              Last 10s              Last 10m              Last 10h                Total
[2025-05-18T20:54:42.022+0300][9008][9208 ][info][gc,stats    ]                                                              Avg / Max             Avg / Max             Avg / Max             Avg / Max
[2025-05-18T20:54:42.022+0300][9008][9208 ][info][gc,stats    ]   Collector: Garbage Collection Cycle                      0.000 / 0.000        59.443 / 101.996      59.443 / 101.996      59.443 / 101.996     ms
[2025-05-18T20:54:42.022+0300][9008][9208 ][info][gc,stats    ]  Contention: Mark Segment Reset Contention                     0 / 0                 0 / 1                 0 / 1                 0 / 1           ops/s
[2025-05-18T20:54:42.022+0300][9008][9208 ][info][gc,stats    ]  Contention: Mark SeqNum Reset Contention                      0 / 0                 0 / 1                 0 / 1                 0 / 1           ops/s
[2025-05-18T20:54:42.022+0300][9008][9208 ][info][gc,stats    ]    Critical: Allocation Stall                                  0 / 0                 0 / 0                 0 / 0                 0 / 0           ops/s
[2025-05-18T20:54:42.022+0300][9008][9208 ][info][gc,stats    ]    Critical: Allocation Stall                              0.000 / 0.000         0.000 / 0.000         0.000 / 0.000         0.000 / 0.000       ms
[2025-05-18T20:54:42.022+0300][9008][9208 ][info][gc,stats    ]    Critical: GC Locker Stall                                   0 / 0                 0 / 0                 0 / 0                 0 / 0           ops/s
[2025-05-18T20:54:42.022+0300][9008][9208 ][info][gc,stats    ]    Critical: GC Locker Stall                               0.000 / 0.000         0.000 / 0.000         0.000 / 0.000         0.000 / 0.000       ms
[2025-05-18T20:54:42.022+0300][9008][9208 ][info][gc,stats    ]    Critical: Relocation Stall                                  0 / 0                 0 / 0                 0 / 0                 0 / 0           ops/s
[2025-05-18T20:54:42.022+0300][9008][9208 ][info][gc,stats    ]    Critical: Relocation Stall                              0.000 / 0.000         0.000 / 0.000         0.000 / 0.000         0.000 / 0.000       ms
[2025-05-18T20:54:42.022+0300][9008][9208 ][info][gc,stats    ]      Memory: Allocation Rate                                  32 / 36               35 / 142              35 / 142              35 / 142         MB/s
[2025-05-18T20:54:42.022+0300][9008][9208 ][info][gc,stats    ]      Memory: Defragment                                        0 / 0                 0 / 0                 0 / 0                 0 / 0           ops/s
[2025-05-18T20:54:42.022+0300][9008][9208 ][info][gc,stats    ]      Memory: Out Of Memory                                     0 / 0                 0 / 0                 0 / 0                 0 / 0           ops/s
[2025-05-18T20:54:42.022+0300][9008][9208 ][info][gc,stats    ]      Memory: Page Cache Flush                                  0 / 0                 0 / 0                 0 / 0                 0 / 0           MB/s
[2025-05-18T20:54:42.022+0300][9008][9208 ][info][gc,stats    ]      Memory: Page Cache Hit L1                                16 / 18               16 / 75               16 / 75               16 / 75          ops/s
[2025-05-18T20:54:42.022+0300][9008][9208 ][info][gc,stats    ]      Memory: Page Cache Hit L2                                 0 / 0                 0 / 0                 0 / 0                 0 / 0           ops/s
[2025-05-18T20:54:42.022+0300][9008][9208 ][info][gc,stats    ]      Memory: Page Cache Hit L3                                 0 / 0                 1 / 42                1 / 42                1 / 42          ops/s
[2025-05-18T20:54:42.022+0300][9008][9208 ][info][gc,stats    ]      Memory: Page Cache Miss                                   0 / 0                 0 / 1                 0 / 1                 0 / 1           ops/s
[2025-05-18T20:54:42.022+0300][9008][9208 ][info][gc,stats    ]      Memory: Uncommit                                          0 / 0                 0 / 0                 0 / 0                 0 / 0           MB/s
[2025-05-18T20:54:42.022+0300][9008][9208 ][info][gc,stats    ]      Memory: Undo Object Allocation Failed                     0 / 0                 0 / 0                 0 / 0                 0 / 0           ops/s
[2025-05-18T20:54:42.022+0300][9008][9208 ][info][gc,stats    ]      Memory: Undo Object Allocation Succeeded                  0 / 0                 0 / 12                0 / 12                0 / 12          ops/s
[2025-05-18T20:54:42.022+0300][9008][9208 ][info][gc,stats    ]      Memory: Undo Page Allocation                              0 / 0                 0 / 1                 0 / 1                 0 / 1           ops/s
[2025-05-18T20:54:42.022+0300][9008][9208 ][info][gc,stats    ]       Phase: Concurrent Mark                               0.000 / 0.000        39.997 / 62.811       39.997 / 62.811       39.997 / 62.811      ms
[2025-05-18T20:54:42.022+0300][9008][9208 ][info][gc,stats    ]       Phase: Concurrent Mark Continue                      0.000 / 0.000         0.000 / 0.000         0.000 / 0.000         0.000 / 0.000       ms
[2025-05-18T20:54:42.022+0300][9008][9208 ][info][gc,stats    ]       Phase: Concurrent Mark Free                          0.000 / 0.000         0.001 / 0.003         0.001 / 0.003         0.001 / 0.003       ms
[2025-05-18T20:54:42.022+0300][9008][9208 ][info][gc,stats    ]       Phase: Concurrent Process Non-Strong References      0.000 / 0.000        12.720 / 33.805       12.720 / 33.805       12.720 / 33.805      ms
[2025-05-18T20:54:42.022+0300][9008][9208 ][info][gc,stats    ]       Phase: Concurrent Relocate                           0.000 / 0.000         2.208 / 7.249         2.208 / 7.249         2.208 / 7.249       ms
[2025-05-18T20:54:42.022+0300][9008][9208 ][info][gc,stats    ]       Phase: Concurrent Reset Relocation Set               0.000 / 0.000         0.007 / 0.041         0.007 / 0.041         0.007 / 0.041       ms
[2025-05-18T20:54:42.022+0300][9008][9208 ][info][gc,stats    ]       Phase: Concurrent Select Relocation Set              0.000 / 0.000         2.708 / 5.995         2.708 / 5.995         2.708 / 5.995       ms
[2025-05-18T20:54:42.022+0300][9008][9208 ][info][gc,stats    ]       Phase: Pause Mark End                                0.000 / 0.000         0.023 / 0.060         0.023 / 0.060         0.023 / 0.060       ms
[2025-05-18T20:54:42.022+0300][9008][9208 ][info][gc,stats    ]       Phase: Pause Mark Start                              0.000 / 0.000         0.012 / 0.020         0.012 / 0.020         0.012 / 0.020       ms
[2025-05-18T20:54:42.022+0300][9008][9208 ][info][gc,stats    ]       Phase: Pause Relocate Start                          0.000 / 0.000         0.013 / 0.031         0.013 / 0.031         0.013 / 0.031       ms
[2025-05-18T20:54:42.022+0300][9008][9208 ][info][gc,stats    ]    Subphase: Concurrent Classes Purge                      0.000 / 0.000         0.979 / 13.962        0.979 / 13.962        0.979 / 13.962      ms
[2025-05-18T20:54:42.022+0300][9008][9208 ][info][gc,stats    ]    Subphase: Concurrent Classes Unlink                     0.000 / 0.000        10.250 / 24.746       10.250 / 24.746       10.250 / 24.746      ms
[2025-05-18T20:54:42.022+0300][9008][9208 ][info][gc,stats    ]    Subphase: Concurrent Mark                               0.000 / 0.000        34.043 / 60.345       34.043 / 60.345       34.043 / 60.345      ms
[2025-05-18T20:54:42.022+0300][9008][9208 ][info][gc,stats    ]    Subphase: Concurrent Mark Try Flush                     0.000 / 0.000         0.138 / 1.122         0.138 / 1.122         0.138 / 1.122       ms
[2025-05-18T20:54:42.022+0300][9008][9208 ][info][gc,stats    ]    Subphase: Concurrent Mark Try Terminate                 0.000 / 0.000         3.190 / 16.167        3.190 / 16.167        3.190 / 16.167      ms
[2025-05-18T20:54:42.022+0300][9008][9208 ][info][gc,stats    ]    Subphase: Concurrent References Enqueue                 0.000 / 0.000         0.004 / 0.017         0.004 / 0.017         0.004 / 0.017       ms
[2025-05-18T20:54:42.022+0300][9008][9208 ][info][gc,stats    ]    Subphase: Concurrent References Process                 0.000 / 0.000         0.151 / 0.325         0.151 / 0.325         0.151 / 0.325       ms
[2025-05-18T20:54:42.022+0300][9008][9208 ][info][gc,stats    ]    Subphase: Concurrent Roots ClassLoaderDataGraph         0.000 / 0.000         0.249 / 0.802         0.249 / 0.802         0.249 / 0.802       ms
[2025-05-18T20:54:42.022+0300][9008][9208 ][info][gc,stats    ]    Subphase: Concurrent Roots CodeCache                    0.000 / 0.000         0.000 / 0.000         0.000 / 0.000         0.000 / 0.000       ms
[2025-05-18T20:54:42.022+0300][9008][9208 ][info][gc,stats    ]    Subphase: Concurrent Roots JavaThreads                  0.000 / 0.000         1.292 / 5.503         1.292 / 5.503         1.292 / 5.503       ms
[2025-05-18T20:54:42.022+0300][9008][9208 ][info][gc,stats    ]    Subphase: Concurrent Roots OopStorageSet                0.000 / 0.000         0.034 / 0.093         0.034 / 0.093         0.034 / 0.093       ms
[2025-05-18T20:54:42.022+0300][9008][9208 ][info][gc,stats    ]    Subphase: Concurrent Weak Roots OopStorageSet           0.000 / 0.000         1.089 / 2.357         1.089 / 2.357         1.089 / 2.357       ms
[2025-05-18T20:54:42.022+0300][9008][9208 ][info][gc,stats    ]    Subphase: Pause Mark Try Complete                       0.000 / 0.000         0.000 / 0.000         0.000 / 0.000         0.000 / 0.000       ms
[2025-05-18T20:54:42.022+0300][9008][9208 ][info][gc,stats    ]      System: Java Threads                                      0 / 0                31 / 34               31 / 34               31 / 34          threads
[2025-05-18T20:54:42.022+0300][9008][9208 ][info][gc,stats    ] =========================================================================================================================================================
[2025-05-18T20:54:44.519+0300][9008][21940][info][gc,start    ] GC(32) Garbage Collection (Proactive)
[2025-05-18T20:54:44.519+0300][9008][21940][info][gc,task     ] GC(32) Using 2 workers
[2025-05-18T20:54:44.519+0300][9008][14992][info][gc,phases   ] GC(32) Pause Mark Start 0.007ms
[2025-05-18T20:54:44.535+0300][9008][21940][info][gc,phases   ] GC(32) Concurrent Mark 14.876ms
[2025-05-18T20:54:44.535+0300][9008][14992][info][gc,phases   ] GC(32) Pause Mark End 0.033ms
[2025-05-18T20:54:44.535+0300][9008][21940][info][gc,phases   ] GC(32) Concurrent Mark Free 0.002ms
[2025-05-18T20:54:44.542+0300][9008][21940][info][gc,phases   ] GC(32) Concurrent Process Non-Strong References 6.350ms
[2025-05-18T20:54:44.542+0300][9008][21940][info][gc,phases   ] GC(32) Concurrent Reset Relocation Set 0.003ms
[2025-05-18T20:54:44.543+0300][9008][21940][info][gc,phases   ] GC(32) Concurrent Select Relocation Set 1.164ms
[2025-05-18T20:54:44.543+0300][9008][14992][info][gc,phases   ] GC(32) Pause Relocate Start 0.006ms
[2025-05-18T20:54:44.544+0300][9008][21940][info][gc,phases   ] GC(32) Concurrent Relocate 0.663ms
[2025-05-18T20:54:44.544+0300][9008][21940][info][gc,load     ] GC(32) Load: 0.00/0.00/0.00
[2025-05-18T20:54:44.544+0300][9008][21940][info][gc,mmu      ] GC(32) MMU: 2ms/97.0%, 5ms/98.8%, 10ms/99.4%, 20ms/99.6%, 50ms/99.9%, 100ms/99.9%
[2025-05-18T20:54:44.544+0300][9008][21940][info][gc,marking  ] GC(32) Mark: 2 stripe(s), 2 proactive flush(es), 1 terminate flush(es), 0 completion(s), 0 continuation(s) 
[2025-05-18T20:54:44.544+0300][9008][21940][info][gc,marking  ] GC(32) Mark Stack Usage: 32M
[2025-05-18T20:54:44.544+0300][9008][21940][info][gc,nmethod  ] GC(32) NMethods: 4413 registered, 845 unregistered
[2025-05-18T20:54:44.544+0300][9008][21940][info][gc,metaspace] GC(32) Metaspace: 33M used, 34M committed, 1088M reserved
[2025-05-18T20:54:44.544+0300][9008][21940][info][gc,ref      ] GC(32) Soft: 4272 encountered, 0 discovered, 0 enqueued
[2025-05-18T20:54:44.544+0300][9008][21940][info][gc,ref      ] GC(32) Weak: 2499 encountered, 805 discovered, 0 enqueued
[2025-05-18T20:54:44.544+0300][9008][21940][info][gc,ref      ] GC(32) Final: 3 encountered, 0 discovered, 0 enqueued
[2025-05-18T20:54:44.544+0300][9008][21940][info][gc,ref      ] GC(32) Phantom: 277 encountered, 201 discovered, 0 enqueued
[2025-05-18T20:54:44.544+0300][9008][21940][info][gc,reloc    ] GC(32) Small Pages: 225 / 450M, Empty: 322M, Relocated: 1M, In-Place: 0
[2025-05-18T20:54:44.544+0300][9008][21940][info][gc,reloc    ] GC(32) Medium Pages: 1 / 32M, Empty: 0M, Relocated: 0M, In-Place: 0
[2025-05-18T20:54:44.544+0300][9008][21940][info][gc,reloc    ] GC(32) Large Pages: 0 / 0M, Empty: 0M, Relocated: 0M, In-Place: 0
[2025-05-18T20:54:44.544+0300][9008][21940][info][gc,reloc    ] GC(32) Forwarding Usage: 0M
[2025-05-18T20:54:44.544+0300][9008][21940][info][gc,heap     ] GC(32) Min Capacity: 4096M(100%)
[2025-05-18T20:54:44.544+0300][9008][21940][info][gc,heap     ] GC(32) Max Capacity: 4096M(100%)
[2025-05-18T20:54:44.544+0300][9008][21940][info][gc,heap     ] GC(32) Soft Max Capacity: 4096M(100%)
[2025-05-18T20:54:44.544+0300][9008][21940][info][gc,heap     ] GC(32)                Mark Start          Mark End        Relocate Start      Relocate End           High               Low         
[2025-05-18T20:54:44.544+0300][9008][21940][info][gc,heap     ] GC(32)  Capacity:     4096M (100%)       4096M (100%)       4096M (100%)       4096M (100%)       4096M (100%)       4096M (100%)   
[2025-05-18T20:54:44.544+0300][9008][21940][info][gc,heap     ] GC(32)      Free:     3614M (88%)        3598M (88%)        3920M (96%)        4026M (98%)        4026M (98%)        3598M (88%)    
[2025-05-18T20:54:44.544+0300][9008][21940][info][gc,heap     ] GC(32)      Used:      482M (12%)         498M (12%)         176M (4%)           70M (2%)          498M (12%)          70M (2%)     
[2025-05-18T20:54:44.544+0300][9008][21940][info][gc,heap     ] GC(32)      Live:         -                18M (0%)           18M (0%)           18M (0%)             -                  -          
[2025-05-18T20:54:44.544+0300][9008][21940][info][gc,heap     ] GC(32) Allocated:         -                16M (0%)           16M (0%)           16M (0%)             -                  -          
[2025-05-18T20:54:44.544+0300][9008][21940][info][gc,heap     ] GC(32)   Garbage:         -               463M (11%)         141M (3%)           35M (1%)             -                  -          
[2025-05-18T20:54:44.544+0300][9008][21940][info][gc,heap     ] GC(32) Reclaimed:         -                  -               322M (8%)          428M (10%)            -                  -          
[2025-05-18T20:54:44.544+0300][9008][21940][info][gc          ] GC(32) Garbage Collection (Proactive) 482M(12%)->70M(2%)
[2025-05-18T20:54:52.034+0300][9008][9208 ][info][gc,stats    ] === Garbage Collection Statistics =======================================================================================================================
[2025-05-18T20:54:52.034+0300][9008][9208 ][info][gc,stats    ]                                                              Last 10s              Last 10m              Last 10h                Total
[2025-05-18T20:54:52.034+0300][9008][9208 ][info][gc,stats    ]                                                              Avg / Max             Avg / Max             Avg / Max             Avg / Max
[2025-05-18T20:54:52.034+0300][9008][9208 ][info][gc,stats    ]   Collector: Garbage Collection Cycle                     24.100 / 24.100       58.372 / 101.996      58.372 / 101.996      58.372 / 101.996     ms
[2025-05-18T20:54:52.034+0300][9008][9208 ][info][gc,stats    ]  Contention: Mark Segment Reset Contention                     0 / 1                 0 / 1                 0 / 1                 0 / 1           ops/s
[2025-05-18T20:54:52.034+0300][9008][9208 ][info][gc,stats    ]  Contention: Mark SeqNum Reset Contention                      0 / 0                 0 / 1                 0 / 1                 0 / 1           ops/s
[2025-05-18T20:54:52.034+0300][9008][9208 ][info][gc,stats    ]    Critical: Allocation Stall                                  0 / 0                 0 / 0                 0 / 0                 0 / 0           ops/s
[2025-05-18T20:54:52.034+0300][9008][9208 ][info][gc,stats    ]    Critical: Allocation Stall                              0.000 / 0.000         0.000 / 0.000         0.000 / 0.000         0.000 / 0.000       ms
[2025-05-18T20:54:52.034+0300][9008][9208 ][info][gc,stats    ]    Critical: GC Locker Stall                                   0 / 0                 0 / 0                 0 / 0                 0 / 0           ops/s
[2025-05-18T20:54:52.034+0300][9008][9208 ][info][gc,stats    ]    Critical: GC Locker Stall                               0.000 / 0.000         0.000 / 0.000         0.000 / 0.000         0.000 / 0.000       ms
[2025-05-18T20:54:52.034+0300][9008][9208 ][info][gc,stats    ]    Critical: Relocation Stall                                  0 / 0                 0 / 0                 0 / 0                 0 / 0           ops/s
[2025-05-18T20:54:52.034+0300][9008][9208 ][info][gc,stats    ]    Critical: Relocation Stall                              0.000 / 0.000         0.000 / 0.000         0.000 / 0.000         0.000 / 0.000       ms
[2025-05-18T20:54:52.034+0300][9008][9208 ][info][gc,stats    ]      Memory: Allocation Rate                                  34 / 48               35 / 142              35 / 142              35 / 142         MB/s
[2025-05-18T20:54:52.034+0300][9008][9208 ][info][gc,stats    ]      Memory: Defragment                                        0 / 0                 0 / 0                 0 / 0                 0 / 0           ops/s
[2025-05-18T20:54:52.034+0300][9008][9208 ][info][gc,stats    ]      Memory: Out Of Memory                                     0 / 0                 0 / 0                 0 / 0                 0 / 0           ops/s
[2025-05-18T20:54:52.034+0300][9008][9208 ][info][gc,stats    ]      Memory: Page Cache Flush                                  0 / 0                 0 / 0                 0 / 0                 0 / 0           MB/s
[2025-05-18T20:54:52.034+0300][9008][9208 ][info][gc,stats    ]      Memory: Page Cache Hit L1                                17 / 26               16 / 75               16 / 75               16 / 75          ops/s
[2025-05-18T20:54:52.034+0300][9008][9208 ][info][gc,stats    ]      Memory: Page Cache Hit L2                                 0 / 0                 0 / 0                 0 / 0                 0 / 0           ops/s
[2025-05-18T20:54:52.034+0300][9008][9208 ][info][gc,stats    ]      Memory: Page Cache Hit L3                                 0 / 0                 1 / 42                1 / 42                1 / 42          ops/s
[2025-05-18T20:54:52.034+0300][9008][9208 ][info][gc,stats    ]      Memory: Page Cache Miss                                   0 / 0                 0 / 1                 0 / 1                 0 / 1           ops/s
[2025-05-18T20:54:52.034+0300][9008][9208 ][info][gc,stats    ]      Memory: Uncommit                                          0 / 0                 0 / 0                 0 / 0                 0 / 0           MB/s
[2025-05-18T20:54:52.034+0300][9008][9208 ][info][gc,stats    ]      Memory: Undo Object Allocation Failed                     0 / 0                 0 / 0                 0 / 0                 0 / 0           ops/s
[2025-05-18T20:54:52.034+0300][9008][9208 ][info][gc,stats    ]      Memory: Undo Object Allocation Succeeded                  0 / 0                 0 / 12                0 / 12                0 / 12          ops/s
[2025-05-18T20:54:52.034+0300][9008][9208 ][info][gc,stats    ]      Memory: Undo Page Allocation                              0 / 0                 0 / 1                 0 / 1                 0 / 1           ops/s
[2025-05-18T20:54:52.034+0300][9008][9208 ][info][gc,stats    ]       Phase: Concurrent Mark                              14.876 / 14.876       39.236 / 62.811       39.236 / 62.811       39.236 / 62.811      ms
[2025-05-18T20:54:52.034+0300][9008][9208 ][info][gc,stats    ]       Phase: Concurrent Mark Continue                      0.000 / 0.000         0.000 / 0.000         0.000 / 0.000         0.000 / 0.000       ms
[2025-05-18T20:54:52.035+0300][9008][9208 ][info][gc,stats    ]       Phase: Concurrent Mark Free                          0.002 / 0.002         0.001 / 0.003         0.001 / 0.003         0.001 / 0.003       ms
[2025-05-18T20:54:52.035+0300][9008][9208 ][info][gc,stats    ]       Phase: Concurrent Process Non-Strong References      6.350 / 6.350        12.526 / 33.805       12.526 / 33.805       12.526 / 33.805      ms
[2025-05-18T20:54:52.035+0300][9008][9208 ][info][gc,stats    ]       Phase: Concurrent Relocate                           0.663 / 0.663         2.161 / 7.249         2.161 / 7.249         2.161 / 7.249       ms
[2025-05-18T20:54:52.035+0300][9008][9208 ][info][gc,stats    ]       Phase: Concurrent Reset Relocation Set               0.003 / 0.003         0.007 / 0.041         0.007 / 0.041         0.007 / 0.041       ms
[2025-05-18T20:54:52.035+0300][9008][9208 ][info][gc,stats    ]       Phase: Concurrent Select Relocation Set              1.164 / 1.164         2.661 / 5.995         2.661 / 5.995         2.661 / 5.995       ms
[2025-05-18T20:54:52.035+0300][9008][9208 ][info][gc,stats    ]       Phase: Pause Mark End                                0.033 / 0.033         0.024 / 0.060         0.024 / 0.060         0.024 / 0.060       ms
[2025-05-18T20:54:52.035+0300][9008][9208 ][info][gc,stats    ]       Phase: Pause Mark Start                              0.007 / 0.007         0.012 / 0.020         0.012 / 0.020         0.012 / 0.020       ms
[2025-05-18T20:54:52.035+0300][9008][9208 ][info][gc,stats    ]       Phase: Pause Relocate Start                          0.006 / 0.006         0.013 / 0.031         0.013 / 0.031         0.013 / 0.031       ms
[2025-05-18T20:54:52.035+0300][9008][9208 ][info][gc,stats    ]    Subphase: Concurrent Classes Purge                      0.044 / 0.044         0.951 / 13.962        0.951 / 13.962        0.951 / 13.962      ms
[2025-05-18T20:54:52.035+0300][9008][9208 ][info][gc,stats    ]    Subphase: Concurrent Classes Unlink                     4.916 / 4.916        10.088 / 24.746       10.088 / 24.746       10.088 / 24.746      ms
[2025-05-18T20:54:52.035+0300][9008][9208 ][info][gc,stats    ]    Subphase: Concurrent Mark                              13.127 / 14.138       33.410 / 60.345       33.410 / 60.345       33.410 / 60.345      ms
[2025-05-18T20:54:52.035+0300][9008][9208 ][info][gc,stats    ]    Subphase: Concurrent Mark Try Flush                     0.050 / 0.097         0.136 / 1.122         0.136 / 1.122         0.136 / 1.122       ms
[2025-05-18T20:54:52.035+0300][9008][9208 ][info][gc,stats    ]    Subphase: Concurrent Mark Try Terminate                 0.777 / 2.308         3.117 / 16.167        3.117 / 16.167        3.117 / 16.167      ms
[2025-05-18T20:54:52.035+0300][9008][9208 ][info][gc,stats    ]    Subphase: Concurrent References Enqueue                 0.000 / 0.000         0.004 / 0.017         0.004 / 0.017         0.004 / 0.017       ms
[2025-05-18T20:54:52.035+0300][9008][9208 ][info][gc,stats    ]    Subphase: Concurrent References Process                 0.206 / 0.206         0.152 / 0.325         0.152 / 0.325         0.152 / 0.325       ms
[2025-05-18T20:54:52.035+0300][9008][9208 ][info][gc,stats    ]    Subphase: Concurrent Roots ClassLoaderDataGraph         0.151 / 0.262         0.246 / 0.802         0.246 / 0.802         0.246 / 0.802       ms
[2025-05-18T20:54:52.035+0300][9008][9208 ][info][gc,stats    ]    Subphase: Concurrent Roots CodeCache                    0.000 / 0.000         0.000 / 0.000         0.000 / 0.000         0.000 / 0.000       ms
[2025-05-18T20:54:52.035+0300][9008][9208 ][info][gc,stats    ]    Subphase: Concurrent Roots JavaThreads                  0.470 / 0.586         1.268 / 5.503         1.268 / 5.503         1.268 / 5.503       ms
[2025-05-18T20:54:52.035+0300][9008][9208 ][info][gc,stats    ]    Subphase: Concurrent Roots OopStorageSet                0.016 / 0.022         0.034 / 0.093         0.034 / 0.093         0.034 / 0.093       ms
[2025-05-18T20:54:52.035+0300][9008][9208 ][info][gc,stats    ]    Subphase: Concurrent Weak Roots OopStorageSet           1.025 / 1.038         1.087 / 2.357         1.087 / 2.357         1.087 / 2.357       ms
[2025-05-18T20:54:52.035+0300][9008][9208 ][info][gc,stats    ]    Subphase: Pause Mark Try Complete                       0.000 / 0.000         0.000 / 0.000         0.000 / 0.000         0.000 / 0.000       ms
[2025-05-18T20:54:52.035+0300][9008][9208 ][info][gc,stats    ]      System: Java Threads                                     32 / 32               31 / 34               31 / 34               31 / 34          threads
[2025-05-18T20:54:52.035+0300][9008][9208 ][info][gc,stats    ] =========================================================================================================================================================
[2025-05-18T20:54:57.127+0300][9008][21940][info][gc,start    ] GC(33) Garbage Collection (Proactive)
[2025-05-18T20:54:57.127+0300][9008][21940][info][gc,task     ] GC(33) Using 2 workers
[2025-05-18T20:54:57.127+0300][9008][14992][info][gc,phases   ] GC(33) Pause Mark Start 0.009ms
[2025-05-18T20:54:57.144+0300][9008][21940][info][gc,phases   ] GC(33) Concurrent Mark 15.583ms
[2025-05-18T20:54:57.144+0300][9008][14992][info][gc,phases   ] GC(33) Pause Mark End 0.018ms
[2025-05-18T20:54:57.144+0300][9008][21940][info][gc,phases   ] GC(33) Concurrent Mark Free 0.001ms
[2025-05-18T20:54:57.151+0300][9008][21940][info][gc,phases   ] GC(33) Concurrent Process Non-Strong References 6.937ms
[2025-05-18T20:54:57.151+0300][9008][21940][info][gc,phases   ] GC(33) Concurrent Reset Relocation Set 0.004ms
[2025-05-18T20:54:57.153+0300][9008][21940][info][gc,phases   ] GC(33) Concurrent Select Relocation Set 1.828ms
[2025-05-18T20:54:57.153+0300][9008][14992][info][gc,phases   ] GC(33) Pause Relocate Start 0.008ms
[2025-05-18T20:54:57.154+0300][9008][21940][info][gc,phases   ] GC(33) Concurrent Relocate 0.924ms
[2025-05-18T20:54:57.154+0300][9008][21940][info][gc,load     ] GC(33) Load: 0.00/0.00/0.00
[2025-05-18T20:54:57.154+0300][9008][21940][info][gc,mmu      ] GC(33) MMU: 2ms/97.0%, 5ms/98.8%, 10ms/99.4%, 20ms/99.6%, 50ms/99.9%, 100ms/99.9%
[2025-05-18T20:54:57.154+0300][9008][21940][info][gc,marking  ] GC(33) Mark: 2 stripe(s), 2 proactive flush(es), 1 terminate flush(es), 0 completion(s), 0 continuation(s) 
[2025-05-18T20:54:57.154+0300][9008][21940][info][gc,marking  ] GC(33) Mark Stack Usage: 32M
[2025-05-18T20:54:57.154+0300][9008][21940][info][gc,nmethod  ] GC(33) NMethods: 4422 registered, 857 unregistered
[2025-05-18T20:54:57.154+0300][9008][21940][info][gc,metaspace] GC(33) Metaspace: 33M used, 34M committed, 1088M reserved
[2025-05-18T20:54:57.154+0300][9008][21940][info][gc,ref      ] GC(33) Soft: 4272 encountered, 0 discovered, 0 enqueued
[2025-05-18T20:54:57.154+0300][9008][21940][info][gc,ref      ] GC(33) Weak: 2499 encountered, 766 discovered, 0 enqueued
[2025-05-18T20:54:57.154+0300][9008][21940][info][gc,ref      ] GC(33) Final: 3 encountered, 1 discovered, 0 enqueued
[2025-05-18T20:54:57.154+0300][9008][21940][info][gc,ref      ] GC(33) Phantom: 278 encountered, 211 discovered, 0 enqueued
[2025-05-18T20:54:57.154+0300][9008][21940][info][gc,reloc    ] GC(33) Small Pages: 224 / 448M, Empty: 334M, Relocated: 1M, In-Place: 0
[2025-05-18T20:54:57.154+0300][9008][21940][info][gc,reloc    ] GC(33) Medium Pages: 1 / 32M, Empty: 0M, Relocated: 0M, In-Place: 0
[2025-05-18T20:54:57.154+0300][9008][21940][info][gc,reloc    ] GC(33) Large Pages: 0 / 0M, Empty: 0M, Relocated: 0M, In-Place: 0
[2025-05-18T20:54:57.154+0300][9008][21940][info][gc,reloc    ] GC(33) Forwarding Usage: 0M
[2025-05-18T20:54:57.154+0300][9008][21940][info][gc,heap     ] GC(33) Min Capacity: 4096M(100%)
[2025-05-18T20:54:57.154+0300][9008][21940][info][gc,heap     ] GC(33) Max Capacity: 4096M(100%)
[2025-05-18T20:54:57.154+0300][9008][21940][info][gc,heap     ] GC(33) Soft Max Capacity: 4096M(100%)
[2025-05-18T20:54:57.154+0300][9008][21940][info][gc,heap     ] GC(33)                Mark Start          Mark End        Relocate Start      Relocate End           High               Low         
[2025-05-18T20:54:57.154+0300][9008][21940][info][gc,heap     ] GC(33)  Capacity:     4096M (100%)       4096M (100%)       4096M (100%)       4096M (100%)       4096M (100%)       4096M (100%)   
[2025-05-18T20:54:57.154+0300][9008][21940][info][gc,heap     ] GC(33)      Free:     3616M (88%)        3602M (88%)        3936M (96%)        4028M (98%)        4028M (98%)        3602M (88%)    
[2025-05-18T20:54:57.154+0300][9008][21940][info][gc,heap     ] GC(33)      Used:      480M (12%)         494M (12%)         160M (4%)           68M (2%)          494M (12%)          68M (2%)     
[2025-05-18T20:54:57.154+0300][9008][21940][info][gc,heap     ] GC(33)      Live:         -                18M (0%)           18M (0%)           18M (0%)             -                  -          
[2025-05-18T20:54:57.154+0300][9008][21940][info][gc,heap     ] GC(33) Allocated:         -                14M (0%)           14M (0%)           14M (0%)             -                  -          
[2025-05-18T20:54:57.154+0300][9008][21940][info][gc,heap     ] GC(33)   Garbage:         -               461M (11%)         127M (3%)           35M (1%)             -                  -          
[2025-05-18T20:54:57.154+0300][9008][21940][info][gc,heap     ] GC(33) Reclaimed:         -                  -               334M (8%)          426M (10%)            -                  -          
[2025-05-18T20:54:57.154+0300][9008][21940][info][gc          ] GC(33) Garbage Collection (Proactive) 480M(12%)->68M(2%)
[2025-05-18T20:55:02.024+0300][9008][9208 ][info][gc,stats    ] === Garbage Collection Statistics =======================================================================================================================
[2025-05-18T20:55:02.024+0300][9008][9208 ][info][gc,stats    ]                                                              Last 10s              Last 10m              Last 10h                Total
[2025-05-18T20:55:02.024+0300][9008][9208 ][info][gc,stats    ]                                                              Avg / Max             Avg / Max             Avg / Max             Avg / Max
[2025-05-18T20:55:02.024+0300][9008][9208 ][info][gc,stats    ]   Collector: Garbage Collection Cycle                     26.586 / 26.586       57.437 / 101.996      57.437 / 101.996      57.437 / 101.996     ms
[2025-05-18T20:55:02.024+0300][9008][9208 ][info][gc,stats    ]  Contention: Mark Segment Reset Contention                     0 / 0                 0 / 1                 0 / 1                 0 / 1           ops/s
[2025-05-18T20:55:02.024+0300][9008][9208 ][info][gc,stats    ]  Contention: Mark SeqNum Reset Contention                      0 / 0                 0 / 1                 0 / 1                 0 / 1           ops/s
[2025-05-18T20:55:02.024+0300][9008][9208 ][info][gc,stats    ]    Critical: Allocation Stall                                  0 / 0                 0 / 0                 0 / 0                 0 / 0           ops/s
[2025-05-18T20:55:02.024+0300][9008][9208 ][info][gc,stats    ]    Critical: Allocation Stall                              0.000 / 0.000         0.000 / 0.000         0.000 / 0.000         0.000 / 0.000       ms
[2025-05-18T20:55:02.024+0300][9008][9208 ][info][gc,stats    ]    Critical: GC Locker Stall                                   0 / 0                 0 / 0                 0 / 0                 0 / 0           ops/s
[2025-05-18T20:55:02.024+0300][9008][9208 ][info][gc,stats    ]    Critical: GC Locker Stall                               0.000 / 0.000         0.000 / 0.000         0.000 / 0.000         0.000 / 0.000       ms
[2025-05-18T20:55:02.024+0300][9008][9208 ][info][gc,stats    ]    Critical: Relocation Stall                                  0 / 0                 0 / 0                 0 / 0                 0 / 0           ops/s
[2025-05-18T20:55:02.024+0300][9008][9208 ][info][gc,stats    ]    Critical: Relocation Stall                              0.000 / 0.000         0.000 / 0.000         0.000 / 0.000         0.000 / 0.000       ms
[2025-05-18T20:55:02.024+0300][9008][9208 ][info][gc,stats    ]      Memory: Allocation Rate                                  34 / 42               35 / 142              35 / 142              35 / 142         MB/s
[2025-05-18T20:55:02.024+0300][9008][9208 ][info][gc,stats    ]      Memory: Defragment                                        0 / 0                 0 / 0                 0 / 0                 0 / 0           ops/s
[2025-05-18T20:55:02.024+0300][9008][9208 ][info][gc,stats    ]      Memory: Out Of Memory                                     0 / 0                 0 / 0                 0 / 0                 0 / 0           ops/s
[2025-05-18T20:55:02.024+0300][9008][9208 ][info][gc,stats    ]      Memory: Page Cache Flush                                  0 / 0                 0 / 0                 0 / 0                 0 / 0           MB/s
[2025-05-18T20:55:02.024+0300][9008][9208 ][info][gc,stats    ]      Memory: Page Cache Hit L1                                17 / 23               16 / 75               16 / 75               16 / 75          ops/s
[2025-05-18T20:55:02.024+0300][9008][9208 ][info][gc,stats    ]      Memory: Page Cache Hit L2                                 0 / 0                 0 / 0                 0 / 0                 0 / 0           ops/s
[2025-05-18T20:55:02.024+0300][9008][9208 ][info][gc,stats    ]      Memory: Page Cache Hit L3                                 0 / 0                 1 / 42                1 / 42                1 / 42          ops/s
[2025-05-18T20:55:02.024+0300][9008][9208 ][info][gc,stats    ]      Memory: Page Cache Miss                                   0 / 0                 0 / 1                 0 / 1                 0 / 1           ops/s
[2025-05-18T20:55:02.024+0300][9008][9208 ][info][gc,stats    ]      Memory: Uncommit                                          0 / 0                 0 / 0                 0 / 0                 0 / 0           MB/s
[2025-05-18T20:55:02.025+0300][9008][9208 ][info][gc,stats    ]      Memory: Undo Object Allocation Failed                     0 / 0                 0 / 0                 0 / 0                 0 / 0           ops/s
[2025-05-18T20:55:02.025+0300][9008][9208 ][info][gc,stats    ]      Memory: Undo Object Allocation Succeeded                  0 / 0                 0 / 12                0 / 12                0 / 12          ops/s
[2025-05-18T20:55:02.025+0300][9008][9208 ][info][gc,stats    ]      Memory: Undo Page Allocation                              0 / 0                 0 / 1                 0 / 1                 0 / 1           ops/s
[2025-05-18T20:55:02.025+0300][9008][9208 ][info][gc,stats    ]       Phase: Concurrent Mark                              15.583 / 15.583       38.540 / 62.811       38.540 / 62.811       38.540 / 62.811      ms
[2025-05-18T20:55:02.025+0300][9008][9208 ][info][gc,stats    ]       Phase: Concurrent Mark Continue                      0.000 / 0.000         0.000 / 0.000         0.000 / 0.000         0.000 / 0.000       ms
[2025-05-18T20:55:02.025+0300][9008][9208 ][info][gc,stats    ]       Phase: Concurrent Mark Free                          0.001 / 0.001         0.001 / 0.003         0.001 / 0.003         0.001 / 0.003       ms
[2025-05-18T20:55:02.025+0300][9008][9208 ][info][gc,stats    ]       Phase: Concurrent Process Non-Strong References      6.937 / 6.937        12.362 / 33.805       12.362 / 33.805       12.362 / 33.805      ms
[2025-05-18T20:55:02.025+0300][9008][9208 ][info][gc,stats    ]       Phase: Concurrent Relocate                           0.924 / 0.924         2.125 / 7.249         2.125 / 7.249         2.125 / 7.249       ms
[2025-05-18T20:55:02.025+0300][9008][9208 ][info][gc,stats    ]       Phase: Concurrent Reset Relocation Set               0.004 / 0.004         0.007 / 0.041         0.007 / 0.041         0.007 / 0.041       ms
[2025-05-18T20:55:02.025+0300][9008][9208 ][info][gc,stats    ]       Phase: Concurrent Select Relocation Set              1.828 / 1.828         2.637 / 5.995         2.637 / 5.995         2.637 / 5.995       ms
[2025-05-18T20:55:02.025+0300][9008][9208 ][info][gc,stats    ]       Phase: Pause Mark End                                0.018 / 0.018         0.023 / 0.060         0.023 / 0.060         0.023 / 0.060       ms
[2025-05-18T20:55:02.025+0300][9008][9208 ][info][gc,stats    ]       Phase: Pause Mark Start                              0.009 / 0.009         0.012 / 0.020         0.012 / 0.020         0.012 / 0.020       ms
[2025-05-18T20:55:02.025+0300][9008][9208 ][info][gc,stats    ]       Phase: Pause Relocate Start                          0.008 / 0.008         0.012 / 0.031         0.012 / 0.031         0.012 / 0.031       ms
[2025-05-18T20:55:02.025+0300][9008][9208 ][info][gc,stats    ]    Subphase: Concurrent Classes Purge                      0.065 / 0.065         0.925 / 13.962        0.925 / 13.962        0.925 / 13.962      ms
[2025-05-18T20:55:02.025+0300][9008][9208 ][info][gc,stats    ]    Subphase: Concurrent Classes Unlink                     5.858 / 5.858         9.964 / 24.746        9.964 / 24.746        9.964 / 24.746      ms
[2025-05-18T20:55:02.025+0300][9008][9208 ][info][gc,stats    ]    Subphase: Concurrent Mark                              13.560 / 14.800       32.826 / 60.345       32.826 / 60.345       32.826 / 60.345      ms
[2025-05-18T20:55:02.025+0300][9008][9208 ][info][gc,stats    ]    Subphase: Concurrent Mark Try Flush                     0.045 / 0.074         0.133 / 1.122         0.133 / 1.122         0.133 / 1.122       ms
[2025-05-18T20:55:02.025+0300][9008][9208 ][info][gc,stats    ]    Subphase: Concurrent Mark Try Terminate                 0.861 / 2.543         3.052 / 16.167        3.052 / 16.167        3.052 / 16.167      ms
[2025-05-18T20:55:02.025+0300][9008][9208 ][info][gc,stats    ]    Subphase: Concurrent References Enqueue                 0.001 / 0.001         0.004 / 0.017         0.004 / 0.017         0.004 / 0.017       ms
[2025-05-18T20:55:02.025+0300][9008][9208 ][info][gc,stats    ]    Subphase: Concurrent References Process                 0.122 / 0.122         0.151 / 0.325         0.151 / 0.325         0.151 / 0.325       ms
[2025-05-18T20:55:02.025+0300][9008][9208 ][info][gc,stats    ]    Subphase: Concurrent Roots ClassLoaderDataGraph         0.173 / 0.305         0.244 / 0.802         0.244 / 0.802         0.244 / 0.802       ms
[2025-05-18T20:55:02.025+0300][9008][9208 ][info][gc,stats    ]    Subphase: Concurrent Roots CodeCache                    0.000 / 0.000         0.000 / 0.000         0.000 / 0.000         0.000 / 0.000       ms
[2025-05-18T20:55:02.025+0300][9008][9208 ][info][gc,stats    ]    Subphase: Concurrent Roots JavaThreads                  0.440 / 0.583         1.243 / 5.503         1.243 / 5.503         1.243 / 5.503       ms
[2025-05-18T20:55:02.025+0300][9008][9208 ][info][gc,stats    ]    Subphase: Concurrent Roots OopStorageSet                0.018 / 0.024         0.033 / 0.093         0.033 / 0.093         0.033 / 0.093       ms
[2025-05-18T20:55:02.025+0300][9008][9208 ][info][gc,stats    ]    Subphase: Concurrent Weak Roots OopStorageSet           0.716 / 0.720         1.077 / 2.357         1.077 / 2.357         1.077 / 2.357       ms
[2025-05-18T20:55:02.025+0300][9008][9208 ][info][gc,stats    ]    Subphase: Pause Mark Try Complete                       0.000 / 0.000         0.000 / 0.000         0.000 / 0.000         0.000 / 0.000       ms
[2025-05-18T20:55:02.025+0300][9008][9208 ][info][gc,stats    ]      System: Java Threads                                     32 / 32               31 / 34               31 / 34               31 / 34          threads
[2025-05-18T20:55:02.025+0300][9008][9208 ][info][gc,stats    ] =========================================================================================================================================================
[2025-05-18T20:55:09.829+0300][9008][21940][info][gc,start    ] GC(34) Garbage Collection (Proactive)
[2025-05-18T20:55:09.829+0300][9008][21940][info][gc,task     ] GC(34) Using 2 workers
[2025-05-18T20:55:09.829+0300][9008][14992][info][gc,phases   ] GC(34) Pause Mark Start 0.016ms
[2025-05-18T20:55:09.845+0300][9008][21940][info][gc,phases   ] GC(34) Concurrent Mark 15.352ms
[2025-05-18T20:55:09.845+0300][9008][14992][info][gc,phases   ] GC(34) Pause Mark End 0.015ms
[2025-05-18T20:55:09.845+0300][9008][21940][info][gc,phases   ] GC(34) Concurrent Mark Free 0.001ms
[2025-05-18T20:55:09.850+0300][9008][21940][info][gc,phases   ] GC(34) Concurrent Process Non-Strong References 5.633ms
[2025-05-18T20:55:09.850+0300][9008][21940][info][gc,phases   ] GC(34) Concurrent Reset Relocation Set 0.003ms
[2025-05-18T20:55:09.852+0300][9008][21940][info][gc,phases   ] GC(34) Concurrent Select Relocation Set 1.097ms
[2025-05-18T20:55:09.852+0300][9008][14992][info][gc,phases   ] GC(34) Pause Relocate Start 0.005ms
[2025-05-18T20:55:09.852+0300][9008][21940][info][gc,phases   ] GC(34) Concurrent Relocate 0.657ms
[2025-05-18T20:55:09.852+0300][9008][21940][info][gc,load     ] GC(34) Load: 0.00/0.00/0.00
[2025-05-18T20:55:09.852+0300][9008][21940][info][gc,mmu      ] GC(34) MMU: 2ms/97.0%, 5ms/98.8%, 10ms/99.4%, 20ms/99.6%, 50ms/99.9%, 100ms/99.9%
[2025-05-18T20:55:09.852+0300][9008][21940][info][gc,marking  ] GC(34) Mark: 2 stripe(s), 2 proactive flush(es), 1 terminate flush(es), 0 completion(s), 0 continuation(s) 
[2025-05-18T20:55:09.852+0300][9008][21940][info][gc,marking  ] GC(34) Mark Stack Usage: 32M
[2025-05-18T20:55:09.852+0300][9008][21940][info][gc,nmethod  ] GC(34) NMethods: 4424 registered, 860 unregistered
[2025-05-18T20:55:09.852+0300][9008][21940][info][gc,metaspace] GC(34) Metaspace: 33M used, 34M committed, 1088M reserved
[2025-05-18T20:55:09.852+0300][9008][21940][info][gc,ref      ] GC(34) Soft: 4272 encountered, 0 discovered, 0 enqueued
[2025-05-18T20:55:09.852+0300][9008][21940][info][gc,ref      ] GC(34) Weak: 2499 encountered, 367 discovered, 0 enqueued
[2025-05-18T20:55:09.852+0300][9008][21940][info][gc,ref      ] GC(34) Final: 3 encountered, 1 discovered, 0 enqueued
[2025-05-18T20:55:09.852+0300][9008][21940][info][gc,ref      ] GC(34) Phantom: 278 encountered, 166 discovered, 0 enqueued
[2025-05-18T20:55:09.852+0300][9008][21940][info][gc,reloc    ] GC(34) Small Pages: 223 / 446M, Empty: 346M, Relocated: 1M, In-Place: 0
[2025-05-18T20:55:09.852+0300][9008][21940][info][gc,reloc    ] GC(34) Medium Pages: 1 / 32M, Empty: 0M, Relocated: 0M, In-Place: 0
[2025-05-18T20:55:09.852+0300][9008][21940][info][gc,reloc    ] GC(34) Large Pages: 0 / 0M, Empty: 0M, Relocated: 0M, In-Place: 0
[2025-05-18T20:55:09.852+0300][9008][21940][info][gc,reloc    ] GC(34) Forwarding Usage: 0M
[2025-05-18T20:55:09.852+0300][9008][21940][info][gc,heap     ] GC(34) Min Capacity: 4096M(100%)
[2025-05-18T20:55:09.852+0300][9008][21940][info][gc,heap     ] GC(34) Max Capacity: 4096M(100%)
[2025-05-18T20:55:09.852+0300][9008][21940][info][gc,heap     ] GC(34) Soft Max Capacity: 4096M(100%)
[2025-05-18T20:55:09.852+0300][9008][21940][info][gc,heap     ] GC(34)                Mark Start          Mark End        Relocate Start      Relocate End           High               Low         
[2025-05-18T20:55:09.852+0300][9008][21940][info][gc,heap     ] GC(34)  Capacity:     4096M (100%)       4096M (100%)       4096M (100%)       4096M (100%)       4096M (100%)       4096M (100%)   
[2025-05-18T20:55:09.852+0300][9008][21940][info][gc,heap     ] GC(34)      Free:     3618M (88%)        3604M (88%)        3950M (96%)        4030M (98%)        4030M (98%)        3604M (88%)    
[2025-05-18T20:55:09.852+0300][9008][21940][info][gc,heap     ] GC(34)      Used:      478M (12%)         492M (12%)         146M (4%)           66M (2%)          492M (12%)          66M (2%)     
[2025-05-18T20:55:09.852+0300][9008][21940][info][gc,heap     ] GC(34)      Live:         -                18M (0%)           18M (0%)           18M (0%)             -                  -          
[2025-05-18T20:55:09.852+0300][9008][21940][info][gc,heap     ] GC(34) Allocated:         -                14M (0%)           14M (0%)           14M (0%)             -                  -          
[2025-05-18T20:55:09.852+0300][9008][21940][info][gc,heap     ] GC(34)   Garbage:         -               459M (11%)         113M (3%)           33M (1%)             -                  -          
[2025-05-18T20:55:09.852+0300][9008][21940][info][gc,heap     ] GC(34) Reclaimed:         -                  -               346M (8%)          426M (10%)            -                  -          
[2025-05-18T20:55:09.852+0300][9008][21940][info][gc          ] GC(34) Garbage Collection (Proactive) 478M(12%)->66M(2%)
[2025-05-18T20:55:12.021+0300][9008][9208 ][info][gc,stats    ] === Garbage Collection Statistics =======================================================================================================================
[2025-05-18T20:55:12.021+0300][9008][9208 ][info][gc,stats    ]                                                              Last 10s              Last 10m              Last 10h                Total
[2025-05-18T20:55:12.021+0300][9008][9208 ][info][gc,stats    ]                                                              Avg / Max             Avg / Max             Avg / Max             Avg / Max
[2025-05-18T20:55:12.021+0300][9008][9208 ][info][gc,stats    ]   Collector: Garbage Collection Cycle                     23.908 / 23.908       56.479 / 101.996      56.479 / 101.996      56.479 / 101.996     ms
[2025-05-18T20:55:12.021+0300][9008][9208 ][info][gc,stats    ]  Contention: Mark Segment Reset Contention                     0 / 0                 0 / 1                 0 / 1                 0 / 1           ops/s
[2025-05-18T20:55:12.021+0300][9008][9208 ][info][gc,stats    ]  Contention: Mark SeqNum Reset Contention                      0 / 0                 0 / 1                 0 / 1                 0 / 1           ops/s
[2025-05-18T20:55:12.021+0300][9008][9208 ][info][gc,stats    ]    Critical: Allocation Stall                                  0 / 0                 0 / 0                 0 / 0                 0 / 0           ops/s
[2025-05-18T20:55:12.021+0300][9008][9208 ][info][gc,stats    ]    Critical: Allocation Stall                              0.000 / 0.000         0.000 / 0.000         0.000 / 0.000         0.000 / 0.000       ms
[2025-05-18T20:55:12.021+0300][9008][9208 ][info][gc,stats    ]    Critical: GC Locker Stall                                   0 / 0                 0 / 0                 0 / 0                 0 / 0           ops/s
[2025-05-18T20:55:12.021+0300][9008][9208 ][info][gc,stats    ]    Critical: GC Locker Stall                               0.000 / 0.000         0.000 / 0.000         0.000 / 0.000         0.000 / 0.000       ms
[2025-05-18T20:55:12.021+0300][9008][9208 ][info][gc,stats    ]    Critical: Relocation Stall                                  0 / 0                 0 / 0                 0 / 0                 0 / 0           ops/s
[2025-05-18T20:55:12.021+0300][9008][9208 ][info][gc,stats    ]    Critical: Relocation Stall                              0.000 / 0.000         0.000 / 0.000         0.000 / 0.000         0.000 / 0.000       ms
[2025-05-18T20:55:12.021+0300][9008][9208 ][info][gc,stats    ]      Memory: Allocation Rate                                  33 / 38               35 / 142              35 / 142              35 / 142         MB/s
[2025-05-18T20:55:12.021+0300][9008][9208 ][info][gc,stats    ]      Memory: Defragment                                        0 / 0                 0 / 0                 0 / 0                 0 / 0           ops/s
[2025-05-18T20:55:12.021+0300][9008][9208 ][info][gc,stats    ]      Memory: Out Of Memory                                     0 / 0                 0 / 0                 0 / 0                 0 / 0           ops/s
[2025-05-18T20:55:12.021+0300][9008][9208 ][info][gc,stats    ]      Memory: Page Cache Flush                                  0 / 0                 0 / 0                 0 / 0                 0 / 0           MB/s
[2025-05-18T20:55:12.021+0300][9008][9208 ][info][gc,stats    ]      Memory: Page Cache Hit L1                                16 / 20               16 / 75               16 / 75               16 / 75          ops/s
[2025-05-18T20:55:12.021+0300][9008][9208 ][info][gc,stats    ]      Memory: Page Cache Hit L2                                 0 / 0                 0 / 0                 0 / 0                 0 / 0           ops/s
[2025-05-18T20:55:12.021+0300][9008][9208 ][info][gc,stats    ]      Memory: Page Cache Hit L3                                 0 / 0                 1 / 42                1 / 42                1 / 42          ops/s
[2025-05-18T20:55:12.021+0300][9008][9208 ][info][gc,stats    ]      Memory: Page Cache Miss                                   0 / 0                 0 / 1                 0 / 1                 0 / 1           ops/s
[2025-05-18T20:55:12.021+0300][9008][9208 ][info][gc,stats    ]      Memory: Uncommit                                          0 / 0                 0 / 0                 0 / 0                 0 / 0           MB/s
[2025-05-18T20:55:12.021+0300][9008][9208 ][info][gc,stats    ]      Memory: Undo Object Allocation Failed                     0 / 0                 0 / 0                 0 / 0                 0 / 0           ops/s
[2025-05-18T20:55:12.021+0300][9008][9208 ][info][gc,stats    ]      Memory: Undo Object Allocation Succeeded                  0 / 0                 0 / 12                0 / 12                0 / 12          ops/s
[2025-05-18T20:55:12.021+0300][9008][9208 ][info][gc,stats    ]      Memory: Undo Page Allocation                              0 / 0                 0 / 1                 0 / 1                 0 / 1           ops/s
[2025-05-18T20:55:12.022+0300][9008][9208 ][info][gc,stats    ]       Phase: Concurrent Mark                              15.352 / 15.352       37.878 / 62.811       37.878 / 62.811       37.878 / 62.811      ms
[2025-05-18T20:55:12.022+0300][9008][9208 ][info][gc,stats    ]       Phase: Concurrent Mark Continue                      0.000 / 0.000         0.000 / 0.000         0.000 / 0.000         0.000 / 0.000       ms
[2025-05-18T20:55:12.022+0300][9008][9208 ][info][gc,stats    ]       Phase: Concurrent Mark Free                          0.001 / 0.001         0.001 / 0.003         0.001 / 0.003         0.001 / 0.003       ms
[2025-05-18T20:55:12.022+0300][9008][9208 ][info][gc,stats    ]       Phase: Concurrent Process Non-Strong References      5.633 / 5.633        12.170 / 33.805       12.170 / 33.805       12.170 / 33.805      ms
[2025-05-18T20:55:12.022+0300][9008][9208 ][info][gc,stats    ]       Phase: Concurrent Relocate                           0.657 / 0.657         2.083 / 7.249         2.083 / 7.249         2.083 / 7.249       ms
[2025-05-18T20:55:12.022+0300][9008][9208 ][info][gc,stats    ]       Phase: Concurrent Reset Relocation Set               0.003 / 0.003         0.007 / 0.041         0.007 / 0.041         0.007 / 0.041       ms
[2025-05-18T20:55:12.022+0300][9008][9208 ][info][gc,stats    ]       Phase: Concurrent Select Relocation Set              1.097 / 1.097         2.593 / 5.995         2.593 / 5.995         2.593 / 5.995       ms
[2025-05-18T20:55:12.022+0300][9008][9208 ][info][gc,stats    ]       Phase: Pause Mark End                                0.015 / 0.015         0.023 / 0.060         0.023 / 0.060         0.023 / 0.060       ms
[2025-05-18T20:55:12.022+0300][9008][9208 ][info][gc,stats    ]       Phase: Pause Mark Start                              0.016 / 0.016         0.012 / 0.020         0.012 / 0.020         0.012 / 0.020       ms
[2025-05-18T20:55:12.022+0300][9008][9208 ][info][gc,stats    ]       Phase: Pause Relocate Start                          0.005 / 0.005         0.012 / 0.031         0.012 / 0.031         0.012 / 0.031       ms
[2025-05-18T20:55:12.022+0300][9008][9208 ][info][gc,stats    ]    Subphase: Concurrent Classes Purge                      0.026 / 0.026         0.899 / 13.962        0.899 / 13.962        0.899 / 13.962      ms
[2025-05-18T20:55:12.022+0300][9008][9208 ][info][gc,stats    ]    Subphase: Concurrent Classes Unlink                     4.322 / 4.322         9.803 / 24.746        9.803 / 24.746        9.803 / 24.746      ms
[2025-05-18T20:55:12.022+0300][9008][9208 ][info][gc,stats    ]    Subphase: Concurrent Mark                              13.211 / 13.624       32.265 / 60.345       32.265 / 60.345       32.265 / 60.345      ms
[2025-05-18T20:55:12.022+0300][9008][9208 ][info][gc,stats    ]    Subphase: Concurrent Mark Try Flush                     0.108 / 0.272         0.132 / 1.122         0.132 / 1.122         0.132 / 1.122       ms
[2025-05-18T20:55:12.022+0300][9008][9208 ][info][gc,stats    ]    Subphase: Concurrent Mark Try Terminate                 0.429 / 1.265         2.977 / 16.167        2.977 / 16.167        2.977 / 16.167      ms
[2025-05-18T20:55:12.022+0300][9008][9208 ][info][gc,stats    ]    Subphase: Concurrent References Enqueue                 0.000 / 0.000         0.004 / 0.017         0.004 / 0.017         0.004 / 0.017       ms
[2025-05-18T20:55:12.022+0300][9008][9208 ][info][gc,stats    ]    Subphase: Concurrent References Process                 0.246 / 0.246         0.154 / 0.325         0.154 / 0.325         0.154 / 0.325       ms
[2025-05-18T20:55:12.022+0300][9008][9208 ][info][gc,stats    ]    Subphase: Concurrent Roots ClassLoaderDataGraph         0.324 / 0.604         0.246 / 0.802         0.246 / 0.802         0.246 / 0.802       ms
[2025-05-18T20:55:12.022+0300][9008][9208 ][info][gc,stats    ]    Subphase: Concurrent Roots CodeCache                    0.000 / 0.000         0.000 / 0.000         0.000 / 0.000         0.000 / 0.000       ms
[2025-05-18T20:55:12.022+0300][9008][9208 ][info][gc,stats    ]    Subphase: Concurrent Roots JavaThreads                  1.078 / 1.285         1.238 / 5.503         1.238 / 5.503         1.238 / 5.503       ms
[2025-05-18T20:55:12.022+0300][9008][9208 ][info][gc,stats    ]    Subphase: Concurrent Roots OopStorageSet                0.037 / 0.047         0.033 / 0.093         0.033 / 0.093         0.033 / 0.093       ms
[2025-05-18T20:55:12.022+0300][9008][9208 ][info][gc,stats    ]    Subphase: Concurrent Weak Roots OopStorageSet           0.901 / 0.904         1.071 / 2.357         1.071 / 2.357         1.071 / 2.357       ms
[2025-05-18T20:55:12.022+0300][9008][9208 ][info][gc,stats    ]    Subphase: Pause Mark Try Complete                       0.000 / 0.000         0.000 / 0.000         0.000 / 0.000         0.000 / 0.000       ms
[2025-05-18T20:55:12.022+0300][9008][9208 ][info][gc,stats    ]      System: Java Threads                                     32 / 32               31 / 34               31 / 34               31 / 34          threads
[2025-05-18T20:55:12.022+0300][9008][9208 ][info][gc,stats    ] =========================================================================================================================================================
[2025-05-18T20:55:22.032+0300][9008][9208 ][info][gc,stats    ] === Garbage Collection Statistics =======================================================================================================================
[2025-05-18T20:55:22.032+0300][9008][9208 ][info][gc,stats    ]                                                              Last 10s              Last 10m              Last 10h                Total
[2025-05-18T20:55:22.032+0300][9008][9208 ][info][gc,stats    ]                                                              Avg / Max             Avg / Max             Avg / Max             Avg / Max
[2025-05-18T20:55:22.032+0300][9008][9208 ][info][gc,stats    ]   Collector: Garbage Collection Cycle                      0.000 / 0.000        56.479 / 101.996      56.479 / 101.996      56.479 / 101.996     ms
[2025-05-18T20:55:22.032+0300][9008][9208 ][info][gc,stats    ]  Contention: Mark Segment Reset Contention                     0 / 0                 0 / 1                 0 / 1                 0 / 1           ops/s
[2025-05-18T20:55:22.032+0300][9008][9208 ][info][gc,stats    ]  Contention: Mark SeqNum Reset Contention                      0 / 0                 0 / 1                 0 / 1                 0 / 1           ops/s
[2025-05-18T20:55:22.032+0300][9008][9208 ][info][gc,stats    ]    Critical: Allocation Stall                                  0 / 0                 0 / 0                 0 / 0                 0 / 0           ops/s
[2025-05-18T20:55:22.032+0300][9008][9208 ][info][gc,stats    ]    Critical: Allocation Stall                              0.000 / 0.000         0.000 / 0.000         0.000 / 0.000         0.000 / 0.000       ms
[2025-05-18T20:55:22.032+0300][9008][9208 ][info][gc,stats    ]    Critical: GC Locker Stall                                   0 / 0                 0 / 0                 0 / 0                 0 / 0           ops/s
[2025-05-18T20:55:22.032+0300][9008][9208 ][info][gc,stats    ]    Critical: GC Locker Stall                               0.000 / 0.000         0.000 / 0.000         0.000 / 0.000         0.000 / 0.000       ms
[2025-05-18T20:55:22.032+0300][9008][9208 ][info][gc,stats    ]    Critical: Relocation Stall                                  0 / 0                 0 / 0                 0 / 0                 0 / 0           ops/s
[2025-05-18T20:55:22.032+0300][9008][9208 ][info][gc,stats    ]    Critical: Relocation Stall                              0.000 / 0.000         0.000 / 0.000         0.000 / 0.000         0.000 / 0.000       ms
[2025-05-18T20:55:22.033+0300][9008][9208 ][info][gc,stats    ]      Memory: Allocation Rate                                  33 / 38               35 / 142              35 / 142              35 / 142         MB/s
[2025-05-18T20:55:22.033+0300][9008][9208 ][info][gc,stats    ]      Memory: Defragment                                        0 / 0                 0 / 0                 0 / 0                 0 / 0           ops/s
[2025-05-18T20:55:22.033+0300][9008][9208 ][info][gc,stats    ]      Memory: Out Of Memory                                     0 / 0                 0 / 0                 0 / 0                 0 / 0           ops/s
[2025-05-18T20:55:22.033+0300][9008][9208 ][info][gc,stats    ]      Memory: Page Cache Flush                                  0 / 0                 0 / 0                 0 / 0                 0 / 0           MB/s
[2025-05-18T20:55:22.033+0300][9008][9208 ][info][gc,stats    ]      Memory: Page Cache Hit L1                                16 / 19               16 / 75               16 / 75               16 / 75          ops/s
[2025-05-18T20:55:22.033+0300][9008][9208 ][info][gc,stats    ]      Memory: Page Cache Hit L2                                 0 / 0                 0 / 0                 0 / 0                 0 / 0           ops/s
[2025-05-18T20:55:22.033+0300][9008][9208 ][info][gc,stats    ]      Memory: Page Cache Hit L3                                 0 / 0                 1 / 42                1 / 42                1 / 42          ops/s
[2025-05-18T20:55:22.033+0300][9008][9208 ][info][gc,stats    ]      Memory: Page Cache Miss                                   0 / 0                 0 / 1                 0 / 1                 0 / 1           ops/s
[2025-05-18T20:55:22.033+0300][9008][9208 ][info][gc,stats    ]      Memory: Uncommit                                          0 / 0                 0 / 0                 0 / 0                 0 / 0           MB/s
[2025-05-18T20:55:22.033+0300][9008][9208 ][info][gc,stats    ]      Memory: Undo Object Allocation Failed                     0 / 0                 0 / 0                 0 / 0                 0 / 0           ops/s
[2025-05-18T20:55:22.033+0300][9008][9208 ][info][gc,stats    ]      Memory: Undo Object Allocation Succeeded                  0 / 0                 0 / 12                0 / 12                0 / 12          ops/s
[2025-05-18T20:55:22.033+0300][9008][9208 ][info][gc,stats    ]      Memory: Undo Page Allocation                              0 / 0                 0 / 1                 0 / 1                 0 / 1           ops/s
[2025-05-18T20:55:22.033+0300][9008][9208 ][info][gc,stats    ]       Phase: Concurrent Mark                               0.000 / 0.000        37.878 / 62.811       37.878 / 62.811       37.878 / 62.811      ms
[2025-05-18T20:55:22.033+0300][9008][9208 ][info][gc,stats    ]       Phase: Concurrent Mark Continue                      0.000 / 0.000         0.000 / 0.000         0.000 / 0.000         0.000 / 0.000       ms
[2025-05-18T20:55:22.033+0300][9008][9208 ][info][gc,stats    ]       Phase: Concurrent Mark Free                          0.000 / 0.000         0.001 / 0.003         0.001 / 0.003         0.001 / 0.003       ms
[2025-05-18T20:55:22.033+0300][9008][9208 ][info][gc,stats    ]       Phase: Concurrent Process Non-Strong References      0.000 / 0.000        12.170 / 33.805       12.170 / 33.805       12.170 / 33.805      ms
[2025-05-18T20:55:22.033+0300][9008][9208 ][info][gc,stats    ]       Phase: Concurrent Relocate                           0.000 / 0.000         2.083 / 7.249         2.083 / 7.249         2.083 / 7.249       ms
[2025-05-18T20:55:22.033+0300][9008][9208 ][info][gc,stats    ]       Phase: Concurrent Reset Relocation Set               0.000 / 0.000         0.007 / 0.041         0.007 / 0.041         0.007 / 0.041       ms
[2025-05-18T20:55:22.033+0300][9008][9208 ][info][gc,stats    ]       Phase: Concurrent Select Relocation Set              0.000 / 0.000         2.593 / 5.995         2.593 / 5.995         2.593 / 5.995       ms
[2025-05-18T20:55:22.033+0300][9008][9208 ][info][gc,stats    ]       Phase: Pause Mark End                                0.000 / 0.000         0.023 / 0.060         0.023 / 0.060         0.023 / 0.060       ms
[2025-05-18T20:55:22.033+0300][9008][9208 ][info][gc,stats    ]       Phase: Pause Mark Start                              0.000 / 0.000         0.012 / 0.020         0.012 / 0.020         0.012 / 0.020       ms
[2025-05-18T20:55:22.033+0300][9008][9208 ][info][gc,stats    ]       Phase: Pause Relocate Start                          0.000 / 0.000         0.012 / 0.031         0.012 / 0.031         0.012 / 0.031       ms
[2025-05-18T20:55:22.034+0300][9008][9208 ][info][gc,stats    ]    Subphase: Concurrent Classes Purge                      0.000 / 0.000         0.899 / 13.962        0.899 / 13.962        0.899 / 13.962      ms
[2025-05-18T20:55:22.034+0300][9008][9208 ][info][gc,stats    ]    Subphase: Concurrent Classes Unlink                     0.000 / 0.000         9.803 / 24.746        9.803 / 24.746        9.803 / 24.746      ms
[2025-05-18T20:55:22.034+0300][9008][9208 ][info][gc,stats    ]    Subphase: Concurrent Mark                               0.000 / 0.000        32.265 / 60.345       32.265 / 60.345       32.265 / 60.345      ms
[2025-05-18T20:55:22.034+0300][9008][9208 ][info][gc,stats    ]    Subphase: Concurrent Mark Try Flush                     0.000 / 0.000         0.132 / 1.122         0.132 / 1.122         0.132 / 1.122       ms
[2025-05-18T20:55:22.034+0300][9008][9208 ][info][gc,stats    ]    Subphase: Concurrent Mark Try Terminate                 0.000 / 0.000         2.977 / 16.167        2.977 / 16.167        2.977 / 16.167      ms
[2025-05-18T20:55:22.034+0300][9008][9208 ][info][gc,stats    ]    Subphase: Concurrent References Enqueue                 0.000 / 0.000         0.004 / 0.017         0.004 / 0.017         0.004 / 0.017       ms
[2025-05-18T20:55:22.034+0300][9008][9208 ][info][gc,stats    ]    Subphase: Concurrent References Process                 0.000 / 0.000         0.154 / 0.325         0.154 / 0.325         0.154 / 0.325       ms
[2025-05-18T20:55:22.034+0300][9008][9208 ][info][gc,stats    ]    Subphase: Concurrent Roots ClassLoaderDataGraph         0.000 / 0.000         0.246 / 0.802         0.246 / 0.802         0.246 / 0.802       ms
[2025-05-18T20:55:22.034+0300][9008][9208 ][info][gc,stats    ]    Subphase: Concurrent Roots CodeCache                    0.000 / 0.000         0.000 / 0.000         0.000 / 0.000         0.000 / 0.000       ms
[2025-05-18T20:55:22.034+0300][9008][9208 ][info][gc,stats    ]    Subphase: Concurrent Roots JavaThreads                  0.000 / 0.000         1.238 / 5.503         1.238 / 5.503         1.238 / 5.503       ms
[2025-05-18T20:55:22.034+0300][9008][9208 ][info][gc,stats    ]    Subphase: Concurrent Roots OopStorageSet                0.000 / 0.000         0.033 / 0.093         0.033 / 0.093         0.033 / 0.093       ms
[2025-05-18T20:55:22.034+0300][9008][9208 ][info][gc,stats    ]    Subphase: Concurrent Weak Roots OopStorageSet           0.000 / 0.000         1.071 / 2.357         1.071 / 2.357         1.071 / 2.357       ms
[2025-05-18T20:55:22.034+0300][9008][9208 ][info][gc,stats    ]    Subphase: Pause Mark Try Complete                       0.000 / 0.000         0.000 / 0.000         0.000 / 0.000         0.000 / 0.000       ms
[2025-05-18T20:55:22.034+0300][9008][9208 ][info][gc,stats    ]      System: Java Threads                                      0 / 0                31 / 34               31 / 34               31 / 34          threads
[2025-05-18T20:55:22.034+0300][9008][9208 ][info][gc,stats    ] =========================================================================================================================================================
[2025-05-18T20:55:22.124+0300][9008][21940][info][gc,start    ] GC(35) Garbage Collection (Proactive)
[2025-05-18T20:55:22.124+0300][9008][21940][info][gc,task     ] GC(35) Using 2 workers
[2025-05-18T20:55:22.125+0300][9008][14992][info][gc,phases   ] GC(35) Pause Mark Start 0.018ms
[2025-05-18T20:55:22.140+0300][9008][21940][info][gc,phases   ] GC(35) Concurrent Mark 12.665ms
[2025-05-18T20:55:22.140+0300][9008][14992][info][gc,phases   ] GC(35) Pause Mark End 0.018ms
[2025-05-18T20:55:22.140+0300][9008][21940][info][gc,phases   ] GC(35) Concurrent Mark Free 0.001ms
[2025-05-18T20:55:22.144+0300][9008][21940][info][gc,phases   ] GC(35) Concurrent Process Non-Strong References 4.108ms
[2025-05-18T20:55:22.144+0300][9008][21940][info][gc,phases   ] GC(35) Concurrent Reset Relocation Set 0.002ms
[2025-05-18T20:55:22.145+0300][9008][21940][info][gc,phases   ] GC(35) Concurrent Select Relocation Set 1.074ms
[2025-05-18T20:55:22.145+0300][9008][14992][info][gc,phases   ] GC(35) Pause Relocate Start 0.005ms
[2025-05-18T20:55:22.146+0300][9008][21940][info][gc,phases   ] GC(35) Concurrent Relocate 0.864ms
[2025-05-18T20:55:22.146+0300][9008][21940][info][gc,load     ] GC(35) Load: 0.00/0.00/0.00
[2025-05-18T20:55:22.146+0300][9008][21940][info][gc,mmu      ] GC(35) MMU: 2ms/97.0%, 5ms/98.8%, 10ms/99.4%, 20ms/99.6%, 50ms/99.9%, 100ms/99.9%
[2025-05-18T20:55:22.146+0300][9008][21940][info][gc,marking  ] GC(35) Mark: 2 stripe(s), 2 proactive flush(es), 1 terminate flush(es), 0 completion(s), 0 continuation(s) 
[2025-05-18T20:55:22.146+0300][9008][21940][info][gc,marking  ] GC(35) Mark Stack Usage: 32M
[2025-05-18T20:55:22.146+0300][9008][21940][info][gc,nmethod  ] GC(35) NMethods: 4427 registered, 862 unregistered
[2025-05-18T20:55:22.146+0300][9008][21940][info][gc,metaspace] GC(35) Metaspace: 33M used, 34M committed, 1088M reserved
[2025-05-18T20:55:22.146+0300][9008][21940][info][gc,ref      ] GC(35) Soft: 4272 encountered, 0 discovered, 0 enqueued
[2025-05-18T20:55:22.146+0300][9008][21940][info][gc,ref      ] GC(35) Weak: 2499 encountered, 339 discovered, 0 enqueued
[2025-05-18T20:55:22.146+0300][9008][21940][info][gc,ref      ] GC(35) Final: 3 encountered, 1 discovered, 0 enqueued
[2025-05-18T20:55:22.146+0300][9008][21940][info][gc,ref      ] GC(35) Phantom: 278 encountered, 208 discovered, 0 enqueued
[2025-05-18T20:55:22.146+0300][9008][21940][info][gc,reloc    ] GC(35) Small Pages: 222 / 444M, Empty: 322M, Relocated: 1M, In-Place: 0
[2025-05-18T20:55:22.146+0300][9008][21940][info][gc,reloc    ] GC(35) Medium Pages: 1 / 32M, Empty: 0M, Relocated: 0M, In-Place: 0
[2025-05-18T20:55:22.146+0300][9008][21940][info][gc,reloc    ] GC(35) Large Pages: 0 / 0M, Empty: 0M, Relocated: 0M, In-Place: 0
[2025-05-18T20:55:22.146+0300][9008][21940][info][gc,reloc    ] GC(35) Forwarding Usage: 0M
[2025-05-18T20:55:22.146+0300][9008][21940][info][gc,heap     ] GC(35) Min Capacity: 4096M(100%)
[2025-05-18T20:55:22.146+0300][9008][21940][info][gc,heap     ] GC(35) Max Capacity: 4096M(100%)
[2025-05-18T20:55:22.146+0300][9008][21940][info][gc,heap     ] GC(35) Soft Max Capacity: 4096M(100%)
[2025-05-18T20:55:22.146+0300][9008][21940][info][gc,heap     ] GC(35)                Mark Start          Mark End        Relocate Start      Relocate End           High               Low         
[2025-05-18T20:55:22.146+0300][9008][21940][info][gc,heap     ] GC(35)  Capacity:     4096M (100%)       4096M (100%)       4096M (100%)       4096M (100%)       4096M (100%)       4096M (100%)   
[2025-05-18T20:55:22.146+0300][9008][21940][info][gc,heap     ] GC(35)      Free:     3620M (88%)        3604M (88%)        3926M (96%)        4026M (98%)        4026M (98%)        3604M (88%)    
[2025-05-18T20:55:22.146+0300][9008][21940][info][gc,heap     ] GC(35)      Used:      476M (12%)         492M (12%)         170M (4%)           70M (2%)          492M (12%)          70M (2%)     
[2025-05-18T20:55:22.146+0300][9008][21940][info][gc,heap     ] GC(35)      Live:         -                18M (0%)           18M (0%)           18M (0%)             -                  -          
[2025-05-18T20:55:22.146+0300][9008][21940][info][gc,heap     ] GC(35) Allocated:         -                16M (0%)           16M (0%)           16M (0%)             -                  -          
[2025-05-18T20:55:22.146+0300][9008][21940][info][gc,heap     ] GC(35)   Garbage:         -               457M (11%)         135M (3%)           35M (1%)             -                  -          
[2025-05-18T20:55:22.146+0300][9008][21940][info][gc,heap     ] GC(35) Reclaimed:         -                  -               322M (8%)          422M (10%)            -                  -          
[2025-05-18T20:55:22.146+0300][9008][21940][info][gc          ] GC(35) Garbage Collection (Proactive) 476M(12%)->70M(2%)
[2025-05-18T20:55:32.025+0300][9008][9208 ][info][gc,stats    ] === Garbage Collection Statistics =======================================================================================================================
[2025-05-18T20:55:32.025+0300][9008][9208 ][info][gc,stats    ]                                                              Last 10s              Last 10m              Last 10h                Total
[2025-05-18T20:55:32.025+0300][9008][9208 ][info][gc,stats    ]                                                              Avg / Max             Avg / Max             Avg / Max             Avg / Max
[2025-05-18T20:55:32.025+0300][9008][9208 ][info][gc,stats    ]   Collector: Garbage Collection Cycle                     21.714 / 21.714       55.514 / 101.996      55.514 / 101.996      55.514 / 101.996     ms
[2025-05-18T20:55:32.025+0300][9008][9208 ][info][gc,stats    ]  Contention: Mark Segment Reset Contention                     0 / 0                 0 / 1                 0 / 1                 0 / 1           ops/s
[2025-05-18T20:55:32.025+0300][9008][9208 ][info][gc,stats    ]  Contention: Mark SeqNum Reset Contention                      0 / 1                 0 / 1                 0 / 1                 0 / 1           ops/s
[2025-05-18T20:55:32.025+0300][9008][9208 ][info][gc,stats    ]    Critical: Allocation Stall                                  0 / 0                 0 / 0                 0 / 0                 0 / 0           ops/s
[2025-05-18T20:55:32.025+0300][9008][9208 ][info][gc,stats    ]    Critical: Allocation Stall                              0.000 / 0.000         0.000 / 0.000         0.000 / 0.000         0.000 / 0.000       ms
[2025-05-18T20:55:32.025+0300][9008][9208 ][info][gc,stats    ]    Critical: GC Locker Stall                                   0 / 0                 0 / 0                 0 / 0                 0 / 0           ops/s
[2025-05-18T20:55:32.026+0300][9008][9208 ][info][gc,stats    ]    Critical: GC Locker Stall                               0.000 / 0.000         0.000 / 0.000         0.000 / 0.000         0.000 / 0.000       ms
[2025-05-18T20:55:32.026+0300][9008][9208 ][info][gc,stats    ]    Critical: Relocation Stall                                  0 / 0                 0 / 0                 0 / 0                 0 / 0           ops/s
[2025-05-18T20:55:32.026+0300][9008][9208 ][info][gc,stats    ]    Critical: Relocation Stall                              0.000 / 0.000         0.000 / 0.000         0.000 / 0.000         0.000 / 0.000       ms
[2025-05-18T20:55:32.026+0300][9008][9208 ][info][gc,stats    ]      Memory: Allocation Rate                                  34 / 44               35 / 142              35 / 142              35 / 142         MB/s
[2025-05-18T20:55:32.026+0300][9008][9208 ][info][gc,stats    ]      Memory: Defragment                                        0 / 0                 0 / 0                 0 / 0                 0 / 0           ops/s
[2025-05-18T20:55:32.026+0300][9008][9208 ][info][gc,stats    ]      Memory: Out Of Memory                                     0 / 0                 0 / 0                 0 / 0                 0 / 0           ops/s
[2025-05-18T20:55:32.026+0300][9008][9208 ][info][gc,stats    ]      Memory: Page Cache Flush                                  0 / 0                 0 / 0                 0 / 0                 0 / 0           MB/s
[2025-05-18T20:55:32.026+0300][9008][9208 ][info][gc,stats    ]      Memory: Page Cache Hit L1                                17 / 24               16 / 75               16 / 75               16 / 75          ops/s
[2025-05-18T20:55:32.026+0300][9008][9208 ][info][gc,stats    ]      Memory: Page Cache Hit L2                                 0 / 0                 0 / 0                 0 / 0                 0 / 0           ops/s
[2025-05-18T20:55:32.026+0300][9008][9208 ][info][gc,stats    ]      Memory: Page Cache Hit L3                                 0 / 0                 1 / 42                1 / 42                1 / 42          ops/s
[2025-05-18T20:55:32.026+0300][9008][9208 ][info][gc,stats    ]      Memory: Page Cache Miss                                   0 / 0                 0 / 1                 0 / 1                 0 / 1           ops/s
[2025-05-18T20:55:32.026+0300][9008][9208 ][info][gc,stats    ]      Memory: Uncommit                                          0 / 0                 0 / 0                 0 / 0                 0 / 0           MB/s
[2025-05-18T20:55:32.026+0300][9008][9208 ][info][gc,stats    ]      Memory: Undo Object Allocation Failed                     0 / 0                 0 / 0                 0 / 0                 0 / 0           ops/s
[2025-05-18T20:55:32.026+0300][9008][9208 ][info][gc,stats    ]      Memory: Undo Object Allocation Succeeded                  0 / 0                 0 / 12                0 / 12                0 / 12          ops/s
[2025-05-18T20:55:32.026+0300][9008][9208 ][info][gc,stats    ]      Memory: Undo Page Allocation                              0 / 0                 0 / 1                 0 / 1                 0 / 1           ops/s
[2025-05-18T20:55:32.026+0300][9008][9208 ][info][gc,stats    ]       Phase: Concurrent Mark                              12.665 / 12.665       37.177 / 62.811       37.177 / 62.811       37.177 / 62.811      ms
[2025-05-18T20:55:32.026+0300][9008][9208 ][info][gc,stats    ]       Phase: Concurrent Mark Continue                      0.000 / 0.000         0.000 / 0.000         0.000 / 0.000         0.000 / 0.000       ms
[2025-05-18T20:55:32.026+0300][9008][9208 ][info][gc,stats    ]       Phase: Concurrent Mark Free                          0.001 / 0.001         0.001 / 0.003         0.001 / 0.003         0.001 / 0.003       ms
[2025-05-18T20:55:32.026+0300][9008][9208 ][info][gc,stats    ]       Phase: Concurrent Process Non-Strong References      4.108 / 4.108        11.946 / 33.805       11.946 / 33.805       11.946 / 33.805      ms
[2025-05-18T20:55:32.026+0300][9008][9208 ][info][gc,stats    ]       Phase: Concurrent Relocate                           0.864 / 0.864         2.049 / 7.249         2.049 / 7.249         2.049 / 7.249       ms
[2025-05-18T20:55:32.026+0300][9008][9208 ][info][gc,stats    ]       Phase: Concurrent Reset Relocation Set               0.002 / 0.002         0.007 / 0.041         0.007 / 0.041         0.007 / 0.041       ms
[2025-05-18T20:55:32.026+0300][9008][9208 ][info][gc,stats    ]       Phase: Concurrent Select Relocation Set              1.074 / 1.074         2.550 / 5.995         2.550 / 5.995         2.550 / 5.995       ms
[2025-05-18T20:55:32.026+0300][9008][9208 ][info][gc,stats    ]       Phase: Pause Mark End                                0.018 / 0.018         0.023 / 0.060         0.023 / 0.060         0.023 / 0.060       ms
[2025-05-18T20:55:32.026+0300][9008][9208 ][info][gc,stats    ]       Phase: Pause Mark Start                              0.018 / 0.018         0.012 / 0.020         0.012 / 0.020         0.012 / 0.020       ms
[2025-05-18T20:55:32.026+0300][9008][9208 ][info][gc,stats    ]       Phase: Pause Relocate Start                          0.005 / 0.005         0.012 / 0.031         0.012 / 0.031         0.012 / 0.031       ms
[2025-05-18T20:55:32.026+0300][9008][9208 ][info][gc,stats    ]    Subphase: Concurrent Classes Purge                      0.027 / 0.027         0.875 / 13.962        0.875 / 13.962        0.875 / 13.962      ms
[2025-05-18T20:55:32.026+0300][9008][9208 ][info][gc,stats    ]    Subphase: Concurrent Classes Unlink                     2.995 / 2.995         9.614 / 24.746        9.614 / 24.746        9.614 / 24.746      ms
[2025-05-18T20:55:32.026+0300][9008][9208 ][info][gc,stats    ]    Subphase: Concurrent Mark                              10.984 / 11.385       31.674 / 60.345       31.674 / 60.345       31.674 / 60.345      ms
[2025-05-18T20:55:32.027+0300][9008][9208 ][info][gc,stats    ]    Subphase: Concurrent Mark Try Flush                     0.126 / 0.157         0.132 / 1.122         0.132 / 1.122         0.132 / 1.122       ms
[2025-05-18T20:55:32.027+0300][9008][9208 ][info][gc,stats    ]    Subphase: Concurrent Mark Try Terminate                 0.551 / 1.540         2.911 / 16.167        2.911 / 16.167        2.911 / 16.167      ms
[2025-05-18T20:55:32.027+0300][9008][9208 ][info][gc,stats    ]    Subphase: Concurrent References Enqueue                 0.000 / 0.000         0.004 / 0.017         0.004 / 0.017         0.004 / 0.017       ms
[2025-05-18T20:55:32.027+0300][9008][9208 ][info][gc,stats    ]    Subphase: Concurrent References Process                 0.204 / 0.204         0.155 / 0.325         0.155 / 0.325         0.155 / 0.325       ms
[2025-05-18T20:55:32.027+0300][9008][9208 ][info][gc,stats    ]    Subphase: Concurrent Roots ClassLoaderDataGraph         0.317 / 0.585         0.248 / 0.802         0.248 / 0.802         0.248 / 0.802       ms
[2025-05-18T20:55:32.027+0300][9008][9208 ][info][gc,stats    ]    Subphase: Concurrent Roots CodeCache                    0.000 / 0.000         0.000 / 0.000         0.000 / 0.000         0.000 / 0.000       ms
[2025-05-18T20:55:32.027+0300][9008][9208 ][info][gc,stats    ]    Subphase: Concurrent Roots JavaThreads                  0.609 / 0.869         1.221 / 5.503         1.221 / 5.503         1.221 / 5.503       ms
[2025-05-18T20:55:32.027+0300][9008][9208 ][info][gc,stats    ]    Subphase: Concurrent Roots OopStorageSet                0.043 / 0.053         0.034 / 0.093         0.034 / 0.093         0.034 / 0.093       ms
[2025-05-18T20:55:32.027+0300][9008][9208 ][info][gc,stats    ]    Subphase: Concurrent Weak Roots OopStorageSet           0.649 / 0.649         1.060 / 2.357         1.060 / 2.357         1.060 / 2.357       ms
[2025-05-18T20:55:32.027+0300][9008][9208 ][info][gc,stats    ]    Subphase: Pause Mark Try Complete                       0.000 / 0.000         0.000 / 0.000         0.000 / 0.000         0.000 / 0.000       ms
[2025-05-18T20:55:32.027+0300][9008][9208 ][info][gc,stats    ]      System: Java Threads                                     32 / 32               31 / 34               31 / 34               31 / 34          threads
[2025-05-18T20:55:32.027+0300][9008][9208 ][info][gc,stats    ] =========================================================================================================================================================
[2025-05-18T20:55:34.421+0300][9008][21940][info][gc,start    ] GC(36) Garbage Collection (Proactive)
[2025-05-18T20:55:34.421+0300][9008][21940][info][gc,task     ] GC(36) Using 2 workers
[2025-05-18T20:55:34.421+0300][9008][14992][info][gc,phases   ] GC(36) Pause Mark Start 0.015ms
[2025-05-18T20:55:34.437+0300][9008][21940][info][gc,phases   ] GC(36) Concurrent Mark 14.688ms
[2025-05-18T20:55:34.437+0300][9008][14992][info][gc,phases   ] GC(36) Pause Mark End 0.017ms
[2025-05-18T20:55:34.437+0300][9008][21940][info][gc,phases   ] GC(36) Concurrent Mark Free 0.001ms
[2025-05-18T20:55:34.441+0300][9008][21940][info][gc,phases   ] GC(36) Concurrent Process Non-Strong References 4.725ms
[2025-05-18T20:55:34.441+0300][9008][21940][info][gc,phases   ] GC(36) Concurrent Reset Relocation Set 0.002ms
[2025-05-18T20:55:34.442+0300][9008][21940][info][gc,phases   ] GC(36) Concurrent Select Relocation Set 1.183ms
[2025-05-18T20:55:34.443+0300][9008][14992][info][gc,phases   ] GC(36) Pause Relocate Start 0.006ms
[2025-05-18T20:55:34.443+0300][9008][21940][info][gc,phases   ] GC(36) Concurrent Relocate 0.843ms
[2025-05-18T20:55:34.444+0300][9008][21940][info][gc,load     ] GC(36) Load: 0.00/0.00/0.00
[2025-05-18T20:55:34.444+0300][9008][21940][info][gc,mmu      ] GC(36) MMU: 2ms/97.0%, 5ms/98.8%, 10ms/99.4%, 20ms/99.6%, 50ms/99.9%, 100ms/99.9%
[2025-05-18T20:55:34.444+0300][9008][21940][info][gc,marking  ] GC(36) Mark: 2 stripe(s), 2 proactive flush(es), 1 terminate flush(es), 0 completion(s), 0 continuation(s) 
[2025-05-18T20:55:34.444+0300][9008][21940][info][gc,marking  ] GC(36) Mark Stack Usage: 32M
[2025-05-18T20:55:34.444+0300][9008][21940][info][gc,nmethod  ] GC(36) NMethods: 4434 registered, 870 unregistered
[2025-05-18T20:55:34.444+0300][9008][21940][info][gc,metaspace] GC(36) Metaspace: 33M used, 34M committed, 1088M reserved
[2025-05-18T20:55:34.444+0300][9008][21940][info][gc,ref      ] GC(36) Soft: 4272 encountered, 0 discovered, 0 enqueued
[2025-05-18T20:55:34.444+0300][9008][21940][info][gc,ref      ] GC(36) Weak: 2499 encountered, 661 discovered, 0 enqueued
[2025-05-18T20:55:34.444+0300][9008][21940][info][gc,ref      ] GC(36) Final: 3 encountered, 1 discovered, 0 enqueued
[2025-05-18T20:55:34.444+0300][9008][21940][info][gc,ref      ] GC(36) Phantom: 278 encountered, 197 discovered, 0 enqueued
[2025-05-18T20:55:34.444+0300][9008][21940][info][gc,reloc    ] GC(36) Small Pages: 225 / 450M, Empty: 334M, Relocated: 1M, In-Place: 0
[2025-05-18T20:55:34.444+0300][9008][21940][info][gc,reloc    ] GC(36) Medium Pages: 1 / 32M, Empty: 0M, Relocated: 0M, In-Place: 0
[2025-05-18T20:55:34.444+0300][9008][21940][info][gc,reloc    ] GC(36) Large Pages: 0 / 0M, Empty: 0M, Relocated: 0M, In-Place: 0
[2025-05-18T20:55:34.444+0300][9008][21940][info][gc,reloc    ] GC(36) Forwarding Usage: 0M
[2025-05-18T20:55:34.444+0300][9008][21940][info][gc,heap     ] GC(36) Min Capacity: 4096M(100%)
[2025-05-18T20:55:34.444+0300][9008][21940][info][gc,heap     ] GC(36) Max Capacity: 4096M(100%)
[2025-05-18T20:55:34.444+0300][9008][21940][info][gc,heap     ] GC(36) Soft Max Capacity: 4096M(100%)
[2025-05-18T20:55:34.444+0300][9008][21940][info][gc,heap     ] GC(36)                Mark Start          Mark End        Relocate Start      Relocate End           High               Low         
[2025-05-18T20:55:34.444+0300][9008][21940][info][gc,heap     ] GC(36)  Capacity:     4096M (100%)       4096M (100%)       4096M (100%)       4096M (100%)       4096M (100%)       4096M (100%)   
[2025-05-18T20:55:34.444+0300][9008][21940][info][gc,heap     ] GC(36)      Free:     3614M (88%)        3600M (88%)        3934M (96%)        4028M (98%)        4028M (98%)        3600M (88%)    
[2025-05-18T20:55:34.444+0300][9008][21940][info][gc,heap     ] GC(36)      Used:      482M (12%)         496M (12%)         162M (4%)           68M (2%)          496M (12%)          68M (2%)     
[2025-05-18T20:55:34.444+0300][9008][21940][info][gc,heap     ] GC(36)      Live:         -                18M (0%)           18M (0%)           18M (0%)             -                  -          
[2025-05-18T20:55:34.444+0300][9008][21940][info][gc,heap     ] GC(36) Allocated:         -                14M (0%)           14M (0%)           14M (0%)             -                  -          
[2025-05-18T20:55:34.444+0300][9008][21940][info][gc,heap     ] GC(36)   Garbage:         -               463M (11%)         129M (3%)           35M (1%)             -                  -          
[2025-05-18T20:55:34.444+0300][9008][21940][info][gc,heap     ] GC(36) Reclaimed:         -                  -               334M (8%)          428M (10%)            -                  -          
[2025-05-18T20:55:34.444+0300][9008][21940][info][gc          ] GC(36) Garbage Collection (Proactive) 482M(12%)->68M(2%)
[2025-05-18T20:55:42.030+0300][9008][9208 ][info][gc,stats    ] === Garbage Collection Statistics =======================================================================================================================
[2025-05-18T20:55:42.030+0300][9008][9208 ][info][gc,stats    ]                                                              Last 10s              Last 10m              Last 10h                Total
[2025-05-18T20:55:42.030+0300][9008][9208 ][info][gc,stats    ]                                                              Avg / Max             Avg / Max             Avg / Max             Avg / Max
[2025-05-18T20:55:42.030+0300][9008][9208 ][info][gc,stats    ]   Collector: Garbage Collection Cycle                     22.768 / 22.768       54.629 / 101.996      54.629 / 101.996      54.629 / 101.996     ms
[2025-05-18T20:55:42.030+0300][9008][9208 ][info][gc,stats    ]  Contention: Mark Segment Reset Contention                     0 / 0                 0 / 1                 0 / 1                 0 / 1           ops/s
[2025-05-18T20:55:42.030+0300][9008][9208 ][info][gc,stats    ]  Contention: Mark SeqNum Reset Contention                      0 / 0                 0 / 1                 0 / 1                 0 / 1           ops/s
[2025-05-18T20:55:42.030+0300][9008][9208 ][info][gc,stats    ]    Critical: Allocation Stall                                  0 / 0                 0 / 0                 0 / 0                 0 / 0           ops/s
[2025-05-18T20:55:42.030+0300][9008][9208 ][info][gc,stats    ]    Critical: Allocation Stall                              0.000 / 0.000         0.000 / 0.000         0.000 / 0.000         0.000 / 0.000       ms
[2025-05-18T20:55:42.031+0300][9008][9208 ][info][gc,stats    ]    Critical: GC Locker Stall                                   0 / 0                 0 / 0                 0 / 0                 0 / 0           ops/s
[2025-05-18T20:55:42.031+0300][9008][9208 ][info][gc,stats    ]    Critical: GC Locker Stall                               0.000 / 0.000         0.000 / 0.000         0.000 / 0.000         0.000 / 0.000       ms
[2025-05-18T20:55:42.031+0300][9008][9208 ][info][gc,stats    ]    Critical: Relocation Stall                                  0 / 0                 0 / 0                 0 / 0                 0 / 0           ops/s
[2025-05-18T20:55:42.031+0300][9008][9208 ][info][gc,stats    ]    Critical: Relocation Stall                              0.000 / 0.000         0.000 / 0.000         0.000 / 0.000         0.000 / 0.000       ms
[2025-05-18T20:55:42.031+0300][9008][9208 ][info][gc,stats    ]      Memory: Allocation Rate                                  36 / 46               35 / 142              35 / 142              35 / 142         MB/s
[2025-05-18T20:55:42.031+0300][9008][9208 ][info][gc,stats    ]      Memory: Defragment                                        0 / 0                 0 / 0                 0 / 0                 0 / 0           ops/s
[2025-05-18T20:55:42.031+0300][9008][9208 ][info][gc,stats    ]      Memory: Out Of Memory                                     0 / 0                 0 / 0                 0 / 0                 0 / 0           ops/s
[2025-05-18T20:55:42.031+0300][9008][9208 ][info][gc,stats    ]      Memory: Page Cache Flush                                  0 / 0                 0 / 0                 0 / 0                 0 / 0           MB/s
[2025-05-18T20:55:42.031+0300][9008][9208 ][info][gc,stats    ]      Memory: Page Cache Hit L1                                18 / 25               16 / 75               16 / 75               16 / 75          ops/s
[2025-05-18T20:55:42.031+0300][9008][9208 ][info][gc,stats    ]      Memory: Page Cache Hit L2                                 0 / 0                 0 / 0                 0 / 0                 0 / 0           ops/s
[2025-05-18T20:55:42.031+0300][9008][9208 ][info][gc,stats    ]      Memory: Page Cache Hit L3                                 0 / 0                 1 / 42                1 / 42                1 / 42          ops/s
[2025-05-18T20:55:42.031+0300][9008][9208 ][info][gc,stats    ]      Memory: Page Cache Miss                                   0 / 0                 0 / 1                 0 / 1                 0 / 1           ops/s
[2025-05-18T20:55:42.031+0300][9008][9208 ][info][gc,stats    ]      Memory: Uncommit                                          0 / 0                 0 / 0                 0 / 0                 0 / 0           MB/s
[2025-05-18T20:55:42.031+0300][9008][9208 ][info][gc,stats    ]      Memory: Undo Object Allocation Failed                     0 / 0                 0 / 0                 0 / 0                 0 / 0           ops/s
[2025-05-18T20:55:42.031+0300][9008][9208 ][info][gc,stats    ]      Memory: Undo Object Allocation Succeeded                  0 / 0                 0 / 12                0 / 12                0 / 12          ops/s
[2025-05-18T20:55:42.031+0300][9008][9208 ][info][gc,stats    ]      Memory: Undo Page Allocation                              0 / 1                 0 / 1                 0 / 1                 0 / 1           ops/s
[2025-05-18T20:55:42.031+0300][9008][9208 ][info][gc,stats    ]       Phase: Concurrent Mark                              14.688 / 14.688       36.570 / 62.811       36.570 / 62.811       36.570 / 62.811      ms
[2025-05-18T20:55:42.031+0300][9008][9208 ][info][gc,stats    ]       Phase: Concurrent Mark Continue                      0.000 / 0.000         0.000 / 0.000         0.000 / 0.000         0.000 / 0.000       ms
[2025-05-18T20:55:42.031+0300][9008][9208 ][info][gc,stats    ]       Phase: Concurrent Mark Free                          0.001 / 0.001         0.001 / 0.003         0.001 / 0.003         0.001 / 0.003       ms
[2025-05-18T20:55:42.031+0300][9008][9208 ][info][gc,stats    ]       Phase: Concurrent Process Non-Strong References      4.725 / 4.725        11.751 / 33.805       11.751 / 33.805       11.751 / 33.805      ms
[2025-05-18T20:55:42.031+0300][9008][9208 ][info][gc,stats    ]       Phase: Concurrent Relocate                           0.843 / 0.843         2.016 / 7.249         2.016 / 7.249         2.016 / 7.249       ms
[2025-05-18T20:55:42.032+0300][9008][9208 ][info][gc,stats    ]       Phase: Concurrent Reset Relocation Set               0.002 / 0.002         0.007 / 0.041         0.007 / 0.041         0.007 / 0.041       ms
[2025-05-18T20:55:42.032+0300][9008][9208 ][info][gc,stats    ]       Phase: Concurrent Select Relocation Set              1.183 / 1.183         2.514 / 5.995         2.514 / 5.995         2.514 / 5.995       ms
[2025-05-18T20:55:42.032+0300][9008][9208 ][info][gc,stats    ]       Phase: Pause Mark End                                0.017 / 0.017         0.023 / 0.060         0.023 / 0.060         0.023 / 0.060       ms
[2025-05-18T20:55:42.032+0300][9008][9208 ][info][gc,stats    ]       Phase: Pause Mark Start                              0.015 / 0.015         0.012 / 0.020         0.012 / 0.020         0.012 / 0.020       ms
[2025-05-18T20:55:42.032+0300][9008][9208 ][info][gc,stats    ]       Phase: Pause Relocate Start                          0.006 / 0.006         0.012 / 0.031         0.012 / 0.031         0.012 / 0.031       ms
[2025-05-18T20:55:42.032+0300][9008][9208 ][info][gc,stats    ]    Subphase: Concurrent Classes Purge                      0.040 / 0.040         0.852 / 13.962        0.852 / 13.962        0.852 / 13.962      ms
[2025-05-18T20:55:42.032+0300][9008][9208 ][info][gc,stats    ]    Subphase: Concurrent Classes Unlink                     3.589 / 3.589         9.451 / 24.746        9.451 / 24.746        9.451 / 24.746      ms
[2025-05-18T20:55:42.032+0300][9008][9208 ][info][gc,stats    ]    Subphase: Concurrent Mark                              12.587 / 13.144       31.158 / 60.345       31.158 / 60.345       31.158 / 60.345      ms
[2025-05-18T20:55:42.032+0300][9008][9208 ][info][gc,stats    ]    Subphase: Concurrent Mark Try Flush                     0.191 / 0.297         0.134 / 1.122         0.134 / 1.122         0.134 / 1.122       ms
[2025-05-18T20:55:42.032+0300][9008][9208 ][info][gc,stats    ]    Subphase: Concurrent Mark Try Terminate                 0.582 / 1.639         2.848 / 16.167        2.848 / 16.167        2.848 / 16.167      ms
[2025-05-18T20:55:42.032+0300][9008][9208 ][info][gc,stats    ]    Subphase: Concurrent References Enqueue                 0.000 / 0.000         0.004 / 0.017         0.004 / 0.017         0.004 / 0.017       ms
[2025-05-18T20:55:42.032+0300][9008][9208 ][info][gc,stats    ]    Subphase: Concurrent References Process                 0.134 / 0.134         0.155 / 0.325         0.155 / 0.325         0.155 / 0.325       ms
[2025-05-18T20:55:42.032+0300][9008][9208 ][info][gc,stats    ]    Subphase: Concurrent Roots ClassLoaderDataGraph         0.363 / 0.665         0.252 / 0.802         0.252 / 0.802         0.252 / 0.802       ms
[2025-05-18T20:55:42.032+0300][9008][9208 ][info][gc,stats    ]    Subphase: Concurrent Roots CodeCache                    0.000 / 0.000         0.000 / 0.000         0.000 / 0.000         0.000 / 0.000       ms
[2025-05-18T20:55:42.032+0300][9008][9208 ][info][gc,stats    ]    Subphase: Concurrent Roots JavaThreads                  0.976 / 1.268         1.214 / 5.503         1.214 / 5.503         1.214 / 5.503       ms
[2025-05-18T20:55:42.032+0300][9008][9208 ][info][gc,stats    ]    Subphase: Concurrent Roots OopStorageSet                0.045 / 0.062         0.034 / 0.093         0.034 / 0.093         0.034 / 0.093       ms
[2025-05-18T20:55:42.032+0300][9008][9208 ][info][gc,stats    ]    Subphase: Concurrent Weak Roots OopStorageSet           0.685 / 0.690         1.050 / 2.357         1.050 / 2.357         1.050 / 2.357       ms
[2025-05-18T20:55:42.032+0300][9008][9208 ][info][gc,stats    ]    Subphase: Pause Mark Try Complete                       0.000 / 0.000         0.000 / 0.000         0.000 / 0.000         0.000 / 0.000       ms
[2025-05-18T20:55:42.032+0300][9008][9208 ][info][gc,stats    ]      System: Java Threads                                     32 / 32               31 / 34               31 / 34               31 / 34          threads
[2025-05-18T20:55:42.032+0300][9008][9208 ][info][gc,stats    ] =========================================================================================================================================================
[2025-05-18T20:55:46.325+0300][9008][21940][info][gc,start    ] GC(37) Garbage Collection (Proactive)
[2025-05-18T20:55:46.325+0300][9008][21940][info][gc,task     ] GC(37) Using 2 workers
[2025-05-18T20:55:46.325+0300][9008][14992][info][gc,phases   ] GC(37) Pause Mark Start 0.015ms
[2025-05-18T20:55:46.340+0300][9008][21940][info][gc,phases   ] GC(37) Concurrent Mark 14.400ms
[2025-05-18T20:55:46.340+0300][9008][14992][info][gc,phases   ] GC(37) Pause Mark End 0.017ms
[2025-05-18T20:55:46.340+0300][9008][21940][info][gc,phases   ] GC(37) Concurrent Mark Free 0.001ms
[2025-05-18T20:55:46.346+0300][9008][21940][info][gc,phases   ] GC(37) Concurrent Process Non-Strong References 5.326ms
[2025-05-18T20:55:46.346+0300][9008][21940][info][gc,phases   ] GC(37) Concurrent Reset Relocation Set 0.002ms
[2025-05-18T20:55:46.347+0300][9008][21940][info][gc,phases   ] GC(37) Concurrent Select Relocation Set 1.131ms
[2025-05-18T20:55:46.347+0300][9008][14992][info][gc,phases   ] GC(37) Pause Relocate Start 0.005ms
[2025-05-18T20:55:46.348+0300][9008][21940][info][gc,phases   ] GC(37) Concurrent Relocate 0.824ms
[2025-05-18T20:55:46.348+0300][9008][21940][info][gc,load     ] GC(37) Load: 0.00/0.00/0.00
[2025-05-18T20:55:46.348+0300][9008][21940][info][gc,mmu      ] GC(37) MMU: 2ms/97.0%, 5ms/98.8%, 10ms/99.4%, 20ms/99.6%, 50ms/99.9%, 100ms/99.9%
[2025-05-18T20:55:46.348+0300][9008][21940][info][gc,marking  ] GC(37) Mark: 2 stripe(s), 2 proactive flush(es), 1 terminate flush(es), 0 completion(s), 0 continuation(s) 
[2025-05-18T20:55:46.348+0300][9008][21940][info][gc,marking  ] GC(37) Mark Stack Usage: 32M
[2025-05-18T20:55:46.348+0300][9008][21940][info][gc,nmethod  ] GC(37) NMethods: 4434 registered, 881 unregistered
[2025-05-18T20:55:46.348+0300][9008][21940][info][gc,metaspace] GC(37) Metaspace: 33M used, 34M committed, 1088M reserved
[2025-05-18T20:55:46.348+0300][9008][21940][info][gc,ref      ] GC(37) Soft: 4272 encountered, 0 discovered, 0 enqueued
[2025-05-18T20:55:46.348+0300][9008][21940][info][gc,ref      ] GC(37) Weak: 2499 encountered, 193 discovered, 1 enqueued
[2025-05-18T20:55:46.348+0300][9008][21940][info][gc,ref      ] GC(37) Final: 3 encountered, 0 discovered, 0 enqueued
[2025-05-18T20:55:46.348+0300][9008][21940][info][gc,ref      ] GC(37) Phantom: 278 encountered, 208 discovered, 0 enqueued
[2025-05-18T20:55:46.348+0300][9008][21940][info][gc,reloc    ] GC(37) Small Pages: 223 / 446M, Empty: 320M, Relocated: 1M, In-Place: 0
[2025-05-18T20:55:46.348+0300][9008][21940][info][gc,reloc    ] GC(37) Medium Pages: 1 / 32M, Empty: 0M, Relocated: 0M, In-Place: 0
[2025-05-18T20:55:46.348+0300][9008][21940][info][gc,reloc    ] GC(37) Large Pages: 0 / 0M, Empty: 0M, Relocated: 0M, In-Place: 0
[2025-05-18T20:55:46.348+0300][9008][21940][info][gc,reloc    ] GC(37) Forwarding Usage: 0M
[2025-05-18T20:55:46.348+0300][9008][21940][info][gc,heap     ] GC(37) Min Capacity: 4096M(100%)
[2025-05-18T20:55:46.348+0300][9008][21940][info][gc,heap     ] GC(37) Max Capacity: 4096M(100%)
[2025-05-18T20:55:46.348+0300][9008][21940][info][gc,heap     ] GC(37) Soft Max Capacity: 4096M(100%)
[2025-05-18T20:55:46.348+0300][9008][21940][info][gc,heap     ] GC(37)                Mark Start          Mark End        Relocate Start      Relocate End           High               Low         
[2025-05-18T20:55:46.348+0300][9008][21940][info][gc,heap     ] GC(37)  Capacity:     4096M (100%)       4096M (100%)       4096M (100%)       4096M (100%)       4096M (100%)       4096M (100%)   
[2025-05-18T20:55:46.348+0300][9008][21940][info][gc,heap     ] GC(37)      Free:     3618M (88%)        3604M (88%)        3924M (96%)        4028M (98%)        4028M (98%)        3604M (88%)    
[2025-05-18T20:55:46.348+0300][9008][21940][info][gc,heap     ] GC(37)      Used:      478M (12%)         492M (12%)         172M (4%)           68M (2%)          492M (12%)          68M (2%)     
[2025-05-18T20:55:46.348+0300][9008][21940][info][gc,heap     ] GC(37)      Live:         -                18M (0%)           18M (0%)           18M (0%)             -                  -          
[2025-05-18T20:55:46.348+0300][9008][21940][info][gc,heap     ] GC(37) Allocated:         -                14M (0%)           14M (0%)           14M (0%)             -                  -          
[2025-05-18T20:55:46.348+0300][9008][21940][info][gc,heap     ] GC(37)   Garbage:         -               459M (11%)         139M (3%)           35M (1%)             -                  -          
[2025-05-18T20:55:46.348+0300][9008][21940][info][gc,heap     ] GC(37) Reclaimed:         -                  -               320M (8%)          424M (10%)            -                  -          
[2025-05-18T20:55:46.348+0300][9008][21940][info][gc          ] GC(37) Garbage Collection (Proactive) 478M(12%)->68M(2%)
[2025-05-18T20:55:52.029+0300][9008][9208 ][info][gc,stats    ] === Garbage Collection Statistics =======================================================================================================================
[2025-05-18T20:55:52.029+0300][9008][9208 ][info][gc,stats    ]                                                              Last 10s              Last 10m              Last 10h                Total
[2025-05-18T20:55:52.029+0300][9008][9208 ][info][gc,stats    ]                                                              Avg / Max             Avg / Max             Avg / Max             Avg / Max
[2025-05-18T20:55:52.029+0300][9008][9208 ][info][gc,stats    ]   Collector: Garbage Collection Cycle                     22.908 / 22.908       53.794 / 101.996      53.794 / 101.996      53.794 / 101.996     ms
[2025-05-18T20:55:52.029+0300][9008][9208 ][info][gc,stats    ]  Contention: Mark Segment Reset Contention                     0 / 1                 0 / 1                 0 / 1                 0 / 1           ops/s
[2025-05-18T20:55:52.029+0300][9008][9208 ][info][gc,stats    ]  Contention: Mark SeqNum Reset Contention                      0 / 0                 0 / 1                 0 / 1                 0 / 1           ops/s
[2025-05-18T20:55:52.030+0300][9008][9208 ][info][gc,stats    ]    Critical: Allocation Stall                                  0 / 0                 0 / 0                 0 / 0                 0 / 0           ops/s
[2025-05-18T20:55:52.030+0300][9008][9208 ][info][gc,stats    ]    Critical: Allocation Stall                              0.000 / 0.000         0.000 / 0.000         0.000 / 0.000         0.000 / 0.000       ms
[2025-05-18T20:55:52.030+0300][9008][9208 ][info][gc,stats    ]    Critical: GC Locker Stall                                   0 / 0                 0 / 0                 0 / 0                 0 / 0           ops/s
[2025-05-18T20:55:52.030+0300][9008][9208 ][info][gc,stats    ]    Critical: GC Locker Stall                               0.000 / 0.000         0.000 / 0.000         0.000 / 0.000         0.000 / 0.000       ms
[2025-05-18T20:55:52.030+0300][9008][9208 ][info][gc,stats    ]    Critical: Relocation Stall                                  0 / 0                 0 / 0                 0 / 0                 0 / 0           ops/s
[2025-05-18T20:55:52.030+0300][9008][9208 ][info][gc,stats    ]    Critical: Relocation Stall                              0.000 / 0.000         0.000 / 0.000         0.000 / 0.000         0.000 / 0.000       ms
[2025-05-18T20:55:52.030+0300][9008][9208 ][info][gc,stats    ]      Memory: Allocation Rate                                  35 / 50               35 / 142              35 / 142              35 / 142         MB/s
[2025-05-18T20:55:52.030+0300][9008][9208 ][info][gc,stats    ]      Memory: Defragment                                        0 / 0                 0 / 0                 0 / 0                 0 / 0           ops/s
[2025-05-18T20:55:52.030+0300][9008][9208 ][info][gc,stats    ]      Memory: Out Of Memory                                     0 / 0                 0 / 0                 0 / 0                 0 / 0           ops/s
[2025-05-18T20:55:52.030+0300][9008][9208 ][info][gc,stats    ]      Memory: Page Cache Flush                                  0 / 0                 0 / 0                 0 / 0                 0 / 0           MB/s
[2025-05-18T20:55:52.030+0300][9008][9208 ][info][gc,stats    ]      Memory: Page Cache Hit L1                                18 / 27               16 / 75               16 / 75               16 / 75          ops/s
[2025-05-18T20:55:52.030+0300][9008][9208 ][info][gc,stats    ]      Memory: Page Cache Hit L2                                 0 / 0                 0 / 0                 0 / 0                 0 / 0           ops/s
[2025-05-18T20:55:52.030+0300][9008][9208 ][info][gc,stats    ]      Memory: Page Cache Hit L3                                 0 / 0                 1 / 42                1 / 42                1 / 42          ops/s
[2025-05-18T20:55:52.030+0300][9008][9208 ][info][gc,stats    ]      Memory: Page Cache Miss                                   0 / 0                 0 / 1                 0 / 1                 0 / 1           ops/s
[2025-05-18T20:55:52.030+0300][9008][9208 ][info][gc,stats    ]      Memory: Uncommit                                          0 / 0                 0 / 0                 0 / 0                 0 / 0           MB/s
[2025-05-18T20:55:52.030+0300][9008][9208 ][info][gc,stats    ]      Memory: Undo Object Allocation Failed                     0 / 0                 0 / 0                 0 / 0                 0 / 0           ops/s
[2025-05-18T20:55:52.030+0300][9008][9208 ][info][gc,stats    ]      Memory: Undo Object Allocation Succeeded                  0 / 0                 0 / 12                0 / 12                0 / 12          ops/s
[2025-05-18T20:55:52.030+0300][9008][9208 ][info][gc,stats    ]      Memory: Undo Page Allocation                              0 / 0                 0 / 1                 0 / 1                 0 / 1           ops/s
[2025-05-18T20:55:52.030+0300][9008][9208 ][info][gc,stats    ]       Phase: Concurrent Mark                              14.400 / 14.400       35.986 / 62.811       35.986 / 62.811       35.986 / 62.811      ms
[2025-05-18T20:55:52.030+0300][9008][9208 ][info][gc,stats    ]       Phase: Concurrent Mark Continue                      0.000 / 0.000         0.000 / 0.000         0.000 / 0.000         0.000 / 0.000       ms
[2025-05-18T20:55:52.031+0300][9008][9208 ][info][gc,stats    ]       Phase: Concurrent Mark Free                          0.001 / 0.001         0.001 / 0.003         0.001 / 0.003         0.001 / 0.003       ms
[2025-05-18T20:55:52.031+0300][9008][9208 ][info][gc,stats    ]       Phase: Concurrent Process Non-Strong References      5.326 / 5.326        11.582 / 33.805       11.582 / 33.805       11.582 / 33.805      ms
[2025-05-18T20:55:52.031+0300][9008][9208 ][info][gc,stats    ]       Phase: Concurrent Relocate                           0.824 / 0.824         1.985 / 7.249         1.985 / 7.249         1.985 / 7.249       ms
[2025-05-18T20:55:52.031+0300][9008][9208 ][info][gc,stats    ]       Phase: Concurrent Reset Relocation Set               0.002 / 0.002         0.006 / 0.041         0.006 / 0.041         0.006 / 0.041       ms
[2025-05-18T20:55:52.031+0300][9008][9208 ][info][gc,stats    ]       Phase: Concurrent Select Relocation Set              1.131 / 1.131         2.477 / 5.995         2.477 / 5.995         2.477 / 5.995       ms
[2025-05-18T20:55:52.031+0300][9008][9208 ][info][gc,stats    ]       Phase: Pause Mark End                                0.017 / 0.017         0.023 / 0.060         0.023 / 0.060         0.023 / 0.060       ms
[2025-05-18T20:55:52.031+0300][9008][9208 ][info][gc,stats    ]       Phase: Pause Mark Start                              0.015 / 0.015         0.012 / 0.020         0.012 / 0.020         0.012 / 0.020       ms
[2025-05-18T20:55:52.031+0300][9008][9208 ][info][gc,stats    ]       Phase: Pause Relocate Start                          0.005 / 0.005         0.012 / 0.031         0.012 / 0.031         0.012 / 0.031       ms
[2025-05-18T20:55:52.031+0300][9008][9208 ][info][gc,stats    ]    Subphase: Concurrent Classes Purge                      0.039 / 0.039         0.831 / 13.962        0.831 / 13.962        0.831 / 13.962      ms
[2025-05-18T20:55:52.031+0300][9008][9208 ][info][gc,stats    ]    Subphase: Concurrent Classes Unlink                     4.317 / 4.317         9.316 / 24.746        9.316 / 24.746        9.316 / 24.746      ms
[2025-05-18T20:55:52.031+0300][9008][9208 ][info][gc,stats    ]    Subphase: Concurrent Mark                              12.026 / 12.644       30.655 / 60.345       30.655 / 60.345       30.655 / 60.345      ms
[2025-05-18T20:55:52.031+0300][9008][9208 ][info][gc,stats    ]    Subphase: Concurrent Mark Try Flush                     0.163 / 0.250         0.134 / 1.122         0.134 / 1.122         0.134 / 1.122       ms
[2025-05-18T20:55:52.031+0300][9008][9208 ][info][gc,stats    ]    Subphase: Concurrent Mark Try Terminate                 0.526 / 1.470         2.788 / 16.167        2.788 / 16.167        2.788 / 16.167      ms
[2025-05-18T20:55:52.031+0300][9008][9208 ][info][gc,stats    ]    Subphase: Concurrent References Enqueue                 0.003 / 0.003         0.004 / 0.017         0.004 / 0.017         0.004 / 0.017       ms
[2025-05-18T20:55:52.031+0300][9008][9208 ][info][gc,stats    ]    Subphase: Concurrent References Process                 0.070 / 0.070         0.153 / 0.325         0.153 / 0.325         0.153 / 0.325       ms
[2025-05-18T20:55:52.031+0300][9008][9208 ][info][gc,stats    ]    Subphase: Concurrent Roots ClassLoaderDataGraph         0.333 / 0.606         0.254 / 0.802         0.254 / 0.802         0.254 / 0.802       ms
[2025-05-18T20:55:52.031+0300][9008][9208 ][info][gc,stats    ]    Subphase: Concurrent Roots CodeCache                    0.000 / 0.000         0.000 / 0.000         0.000 / 0.000         0.000 / 0.000       ms
[2025-05-18T20:55:52.031+0300][9008][9208 ][info][gc,stats    ]    Subphase: Concurrent Roots JavaThreads                  1.161 / 1.436         1.213 / 5.503         1.213 / 5.503         1.213 / 5.503       ms
[2025-05-18T20:55:52.031+0300][9008][9208 ][info][gc,stats    ]    Subphase: Concurrent Roots OopStorageSet                0.046 / 0.072         0.034 / 0.093         0.034 / 0.093         0.034 / 0.093       ms
[2025-05-18T20:55:52.031+0300][9008][9208 ][info][gc,stats    ]    Subphase: Concurrent Weak Roots OopStorageSet           0.658 / 0.658         1.039 / 2.357         1.039 / 2.357         1.039 / 2.357       ms
[2025-05-18T20:55:52.031+0300][9008][9208 ][info][gc,stats    ]    Subphase: Pause Mark Try Complete                       0.000 / 0.000         0.000 / 0.000         0.000 / 0.000         0.000 / 0.000       ms
[2025-05-18T20:55:52.031+0300][9008][9208 ][info][gc,stats    ]      System: Java Threads                                     32 / 32               31 / 34               31 / 34               31 / 34          threads
[2025-05-18T20:55:52.032+0300][9008][9208 ][info][gc,stats    ] =========================================================================================================================================================
[2025-05-18T20:55:58.434+0300][9008][21940][info][gc,start    ] GC(38) Garbage Collection (Proactive)
[2025-05-18T20:55:58.434+0300][9008][21940][info][gc,task     ] GC(38) Using 2 workers
[2025-05-18T20:55:58.434+0300][9008][14992][info][gc,phases   ] GC(38) Pause Mark Start 0.007ms
[2025-05-18T20:55:58.450+0300][9008][21940][info][gc,phases   ] GC(38) Concurrent Mark 15.144ms
[2025-05-18T20:55:58.450+0300][9008][14992][info][gc,phases   ] GC(38) Pause Mark End 0.017ms
[2025-05-18T20:55:58.450+0300][9008][21940][info][gc,phases   ] GC(38) Concurrent Mark Free 0.001ms
[2025-05-18T20:55:58.455+0300][9008][21940][info][gc,phases   ] GC(38) Concurrent Process Non-Strong References 5.000ms
[2025-05-18T20:55:58.455+0300][9008][21940][info][gc,phases   ] GC(38) Concurrent Reset Relocation Set 0.002ms
[2025-05-18T20:55:58.456+0300][9008][21940][info][gc,phases   ] GC(38) Concurrent Select Relocation Set 1.272ms
[2025-05-18T20:55:58.456+0300][9008][14992][info][gc,phases   ] GC(38) Pause Relocate Start 0.005ms
[2025-05-18T20:55:58.457+0300][9008][21940][info][gc,phases   ] GC(38) Concurrent Relocate 0.822ms
[2025-05-18T20:55:58.457+0300][9008][21940][info][gc,load     ] GC(38) Load: 0.00/0.00/0.00
[2025-05-18T20:55:58.457+0300][9008][21940][info][gc,mmu      ] GC(38) MMU: 2ms/97.0%, 5ms/98.8%, 10ms/99.4%, 20ms/99.6%, 50ms/99.9%, 100ms/99.9%
[2025-05-18T20:55:58.457+0300][9008][21940][info][gc,marking  ] GC(38) Mark: 2 stripe(s), 2 proactive flush(es), 1 terminate flush(es), 0 completion(s), 0 continuation(s) 
[2025-05-18T20:55:58.457+0300][9008][21940][info][gc,marking  ] GC(38) Mark Stack Usage: 32M
[2025-05-18T20:55:58.457+0300][9008][21940][info][gc,nmethod  ] GC(38) NMethods: 4434 registered, 913 unregistered
[2025-05-18T20:55:58.457+0300][9008][21940][info][gc,metaspace] GC(38) Metaspace: 33M used, 34M committed, 1088M reserved
[2025-05-18T20:55:58.457+0300][9008][21940][info][gc,ref      ] GC(38) Soft: 4272 encountered, 0 discovered, 0 enqueued
[2025-05-18T20:55:58.457+0300][9008][21940][info][gc,ref      ] GC(38) Weak: 2499 encountered, 598 discovered, 1 enqueued
[2025-05-18T20:55:58.457+0300][9008][21940][info][gc,ref      ] GC(38) Final: 3 encountered, 1 discovered, 0 enqueued
[2025-05-18T20:55:58.457+0300][9008][21940][info][gc,ref      ] GC(38) Phantom: 278 encountered, 181 discovered, 0 enqueued
[2025-05-18T20:55:58.457+0300][9008][21940][info][gc,reloc    ] GC(38) Small Pages: 223 / 446M, Empty: 326M, Relocated: 1M, In-Place: 0
[2025-05-18T20:55:58.457+0300][9008][21940][info][gc,reloc    ] GC(38) Medium Pages: 1 / 32M, Empty: 0M, Relocated: 0M, In-Place: 0
[2025-05-18T20:55:58.457+0300][9008][21940][info][gc,reloc    ] GC(38) Large Pages: 0 / 0M, Empty: 0M, Relocated: 0M, In-Place: 0
[2025-05-18T20:55:58.457+0300][9008][21940][info][gc,reloc    ] GC(38) Forwarding Usage: 0M
[2025-05-18T20:55:58.457+0300][9008][21940][info][gc,heap     ] GC(38) Min Capacity: 4096M(100%)
[2025-05-18T20:55:58.457+0300][9008][21940][info][gc,heap     ] GC(38) Max Capacity: 4096M(100%)
[2025-05-18T20:55:58.457+0300][9008][21940][info][gc,heap     ] GC(38) Soft Max Capacity: 4096M(100%)
[2025-05-18T20:55:58.457+0300][9008][21940][info][gc,heap     ] GC(38)                Mark Start          Mark End        Relocate Start      Relocate End           High               Low         
[2025-05-18T20:55:58.457+0300][9008][21940][info][gc,heap     ] GC(38)  Capacity:     4096M (100%)       4096M (100%)       4096M (100%)       4096M (100%)       4096M (100%)       4096M (100%)   
[2025-05-18T20:55:58.457+0300][9008][21940][info][gc,heap     ] GC(38)      Free:     3618M (88%)        3602M (88%)        3928M (96%)        4026M (98%)        4026M (98%)        3602M (88%)    
[2025-05-18T20:55:58.457+0300][9008][21940][info][gc,heap     ] GC(38)      Used:      478M (12%)         494M (12%)         168M (4%)           70M (2%)          494M (12%)          70M (2%)     
[2025-05-18T20:55:58.457+0300][9008][21940][info][gc,heap     ] GC(38)      Live:         -                18M (0%)           18M (0%)           18M (0%)             -                  -          
[2025-05-18T20:55:58.457+0300][9008][21940][info][gc,heap     ] GC(38) Allocated:         -                16M (0%)           16M (0%)           16M (0%)             -                  -          
[2025-05-18T20:55:58.457+0300][9008][21940][info][gc,heap     ] GC(38)   Garbage:         -               459M (11%)         133M (3%)           35M (1%)             -                  -          
[2025-05-18T20:55:58.457+0300][9008][21940][info][gc,heap     ] GC(38) Reclaimed:         -                  -               326M (8%)          424M (10%)            -                  -          
[2025-05-18T20:55:58.457+0300][9008][21940][info][gc          ] GC(38) Garbage Collection (Proactive) 478M(12%)->70M(2%)
[2025-05-18T20:56:02.033+0300][9008][9208 ][info][gc,stats    ] === Garbage Collection Statistics =======================================================================================================================
[2025-05-18T20:56:02.033+0300][9008][9208 ][info][gc,stats    ]                                                              Last 10s              Last 10m              Last 10h                Total
[2025-05-18T20:56:02.033+0300][9008][9208 ][info][gc,stats    ]                                                              Avg / Max             Avg / Max             Avg / Max             Avg / Max
[2025-05-18T20:56:02.033+0300][9008][9208 ][info][gc,stats    ]   Collector: Garbage Collection Cycle                     23.434 / 23.434       53.016 / 101.996      53.016 / 101.996      53.016 / 101.996     ms
[2025-05-18T20:56:02.033+0300][9008][9208 ][info][gc,stats    ]  Contention: Mark Segment Reset Contention                     0 / 0                 0 / 1                 0 / 1                 0 / 1           ops/s
[2025-05-18T20:56:02.033+0300][9008][9208 ][info][gc,stats    ]  Contention: Mark SeqNum Reset Contention                      0 / 0                 0 / 1                 0 / 1                 0 / 1           ops/s
[2025-05-18T20:56:02.033+0300][9008][9208 ][info][gc,stats    ]    Critical: Allocation Stall                                  0 / 0                 0 / 0                 0 / 0                 0 / 0           ops/s
[2025-05-18T20:56:02.033+0300][9008][9208 ][info][gc,stats    ]    Critical: Allocation Stall                              0.000 / 0.000         0.000 / 0.000         0.000 / 0.000         0.000 / 0.000       ms
[2025-05-18T20:56:02.033+0300][9008][9208 ][info][gc,stats    ]    Critical: GC Locker Stall                                   0 / 0                 0 / 0                 0 / 0                 0 / 0           ops/s
[2025-05-18T20:56:02.033+0300][9008][9208 ][info][gc,stats    ]    Critical: GC Locker Stall                               0.000 / 0.000         0.000 / 0.000         0.000 / 0.000         0.000 / 0.000       ms
[2025-05-18T20:56:02.033+0300][9008][9208 ][info][gc,stats    ]    Critical: Relocation Stall                                  0 / 0                 0 / 0                 0 / 0                 0 / 0           ops/s
[2025-05-18T20:56:02.033+0300][9008][9208 ][info][gc,stats    ]    Critical: Relocation Stall                              0.000 / 0.000         0.000 / 0.000         0.000 / 0.000         0.000 / 0.000       ms
[2025-05-18T20:56:02.033+0300][9008][9208 ][info][gc,stats    ]      Memory: Allocation Rate                                  34 / 46               35 / 142              35 / 142              35 / 142         MB/s
[2025-05-18T20:56:02.033+0300][9008][9208 ][info][gc,stats    ]      Memory: Defragment                                        0 / 0                 0 / 0                 0 / 0                 0 / 0           ops/s
[2025-05-18T20:56:02.033+0300][9008][9208 ][info][gc,stats    ]      Memory: Out Of Memory                                     0 / 0                 0 / 0                 0 / 0                 0 / 0           ops/s
[2025-05-18T20:56:02.033+0300][9008][9208 ][info][gc,stats    ]      Memory: Page Cache Flush                                  0 / 0                 0 / 0                 0 / 0                 0 / 0           MB/s
[2025-05-18T20:56:02.033+0300][9008][9208 ][info][gc,stats    ]      Memory: Page Cache Hit L1                                17 / 25               16 / 75               16 / 75               16 / 75          ops/s
[2025-05-18T20:56:02.033+0300][9008][9208 ][info][gc,stats    ]      Memory: Page Cache Hit L2                                 0 / 0                 0 / 0                 0 / 0                 0 / 0           ops/s
[2025-05-18T20:56:02.033+0300][9008][9208 ][info][gc,stats    ]      Memory: Page Cache Hit L3                                 0 / 0                 1 / 42                1 / 42                1 / 42          ops/s
[2025-05-18T20:56:02.033+0300][9008][9208 ][info][gc,stats    ]      Memory: Page Cache Miss                                   0 / 0                 0 / 1                 0 / 1                 0 / 1           ops/s
[2025-05-18T20:56:02.033+0300][9008][9208 ][info][gc,stats    ]      Memory: Uncommit                                          0 / 0                 0 / 0                 0 / 0                 0 / 0           MB/s
[2025-05-18T20:56:02.033+0300][9008][9208 ][info][gc,stats    ]      Memory: Undo Object Allocation Failed                     0 / 0                 0 / 0                 0 / 0                 0 / 0           ops/s
[2025-05-18T20:56:02.033+0300][9008][9208 ][info][gc,stats    ]      Memory: Undo Object Allocation Succeeded                  0 / 0                 0 / 12                0 / 12                0 / 12          ops/s
[2025-05-18T20:56:02.033+0300][9008][9208 ][info][gc,stats    ]      Memory: Undo Page Allocation                              0 / 0                 0 / 1                 0 / 1                 0 / 1           ops/s
[2025-05-18T20:56:02.034+0300][9008][9208 ][info][gc,stats    ]       Phase: Concurrent Mark                              15.144 / 15.144       35.452 / 62.811       35.452 / 62.811       35.452 / 62.811      ms
[2025-05-18T20:56:02.034+0300][9008][9208 ][info][gc,stats    ]       Phase: Concurrent Mark Continue                      0.000 / 0.000         0.000 / 0.000         0.000 / 0.000         0.000 / 0.000       ms
[2025-05-18T20:56:02.034+0300][9008][9208 ][info][gc,stats    ]       Phase: Concurrent Mark Free                          0.001 / 0.001         0.001 / 0.003         0.001 / 0.003         0.001 / 0.003       ms
[2025-05-18T20:56:02.034+0300][9008][9208 ][info][gc,stats    ]       Phase: Concurrent Process Non-Strong References      5.000 / 5.000        11.413 / 33.805       11.413 / 33.805       11.413 / 33.805      ms
[2025-05-18T20:56:02.034+0300][9008][9208 ][info][gc,stats    ]       Phase: Concurrent Relocate                           0.822 / 0.822         1.955 / 7.249         1.955 / 7.249         1.955 / 7.249       ms
[2025-05-18T20:56:02.034+0300][9008][9208 ][info][gc,stats    ]       Phase: Concurrent Reset Relocation Set               0.002 / 0.002         0.006 / 0.041         0.006 / 0.041         0.006 / 0.041       ms
[2025-05-18T20:56:02.034+0300][9008][9208 ][info][gc,stats    ]       Phase: Concurrent Select Relocation Set              1.272 / 1.272         2.446 / 5.995         2.446 / 5.995         2.446 / 5.995       ms
[2025-05-18T20:56:02.034+0300][9008][9208 ][info][gc,stats    ]       Phase: Pause Mark End                                0.017 / 0.017         0.023 / 0.060         0.023 / 0.060         0.023 / 0.060       ms
[2025-05-18T20:56:02.034+0300][9008][9208 ][info][gc,stats    ]       Phase: Pause Mark Start                              0.007 / 0.007         0.012 / 0.020         0.012 / 0.020         0.012 / 0.020       ms
[2025-05-18T20:56:02.034+0300][9008][9208 ][info][gc,stats    ]       Phase: Pause Relocate Start                          0.005 / 0.005         0.011 / 0.031         0.011 / 0.031         0.011 / 0.031       ms
[2025-05-18T20:56:02.034+0300][9008][9208 ][info][gc,stats    ]    Subphase: Concurrent Classes Purge                      0.065 / 0.065         0.811 / 13.962        0.811 / 13.962        0.811 / 13.962      ms
[2025-05-18T20:56:02.034+0300][9008][9208 ][info][gc,stats    ]    Subphase: Concurrent Classes Unlink                     3.998 / 3.998         9.179 / 24.746        9.179 / 24.746        9.179 / 24.746      ms
[2025-05-18T20:56:02.034+0300][9008][9208 ][info][gc,stats    ]    Subphase: Concurrent Mark                              12.365 / 14.165       30.186 / 60.345       30.186 / 60.345       30.186 / 60.345      ms
[2025-05-18T20:56:02.034+0300][9008][9208 ][info][gc,stats    ]    Subphase: Concurrent Mark Try Flush                     0.161 / 0.184         0.135 / 1.122         0.135 / 1.122         0.135 / 1.122       ms
[2025-05-18T20:56:02.034+0300][9008][9208 ][info][gc,stats    ]    Subphase: Concurrent Mark Try Terminate                 1.361 / 3.946         2.751 / 16.167        2.751 / 16.167        2.751 / 16.167      ms
[2025-05-18T20:56:02.034+0300][9008][9208 ][info][gc,stats    ]    Subphase: Concurrent References Enqueue                 0.003 / 0.003         0.004 / 0.017         0.004 / 0.017         0.004 / 0.017       ms
[2025-05-18T20:56:02.034+0300][9008][9208 ][info][gc,stats    ]    Subphase: Concurrent References Process                 0.082 / 0.082         0.151 / 0.325         0.151 / 0.325         0.151 / 0.325       ms
[2025-05-18T20:56:02.034+0300][9008][9208 ][info][gc,stats    ]    Subphase: Concurrent Roots ClassLoaderDataGraph         0.305 / 0.561         0.255 / 0.802         0.255 / 0.802         0.255 / 0.802       ms
[2025-05-18T20:56:02.034+0300][9008][9208 ][info][gc,stats    ]    Subphase: Concurrent Roots CodeCache                    0.000 / 0.000         0.000 / 0.000         0.000 / 0.000         0.000 / 0.000       ms
[2025-05-18T20:56:02.034+0300][9008][9208 ][info][gc,stats    ]    Subphase: Concurrent Roots JavaThreads                  0.518 / 0.781         1.195 / 5.503         1.195 / 5.503         1.195 / 5.503       ms
[2025-05-18T20:56:02.034+0300][9008][9208 ][info][gc,stats    ]    Subphase: Concurrent Roots OopStorageSet                0.019 / 0.025         0.034 / 0.093         0.034 / 0.093         0.034 / 0.093       ms
[2025-05-18T20:56:02.034+0300][9008][9208 ][info][gc,stats    ]    Subphase: Concurrent Weak Roots OopStorageSet           0.644 / 0.646         1.029 / 2.357         1.029 / 2.357         1.029 / 2.357       ms
[2025-05-18T20:56:02.034+0300][9008][9208 ][info][gc,stats    ]    Subphase: Pause Mark Try Complete                       0.000 / 0.000         0.000 / 0.000         0.000 / 0.000         0.000 / 0.000       ms
[2025-05-18T20:56:02.034+0300][9008][9208 ][info][gc,stats    ]      System: Java Threads                                     32 / 32               31 / 34               31 / 34               31 / 34          threads
[2025-05-18T20:56:02.034+0300][9008][9208 ][info][gc,stats    ] =========================================================================================================================================================
[2025-05-18T20:56:10.733+0300][9008][21940][info][gc,start    ] GC(39) Garbage Collection (Proactive)
[2025-05-18T20:56:10.733+0300][9008][21940][info][gc,task     ] GC(39) Using 2 workers
[2025-05-18T20:56:10.733+0300][9008][14992][info][gc,phases   ] GC(39) Pause Mark Start 0.015ms
[2025-05-18T20:56:10.764+0300][9008][21940][info][gc,phases   ] GC(39) Concurrent Mark 30.714ms
[2025-05-18T20:56:10.764+0300][9008][14992][info][gc,phases   ] GC(39) Pause Mark End 0.014ms
[2025-05-18T20:56:10.764+0300][9008][21940][info][gc,phases   ] GC(39) Concurrent Mark Free 0.001ms
[2025-05-18T20:56:10.770+0300][9008][21940][info][gc,phases   ] GC(39) Concurrent Process Non-Strong References 5.283ms
[2025-05-18T20:56:10.770+0300][9008][21940][info][gc,phases   ] GC(39) Concurrent Reset Relocation Set 0.002ms
[2025-05-18T20:56:10.771+0300][9008][21940][info][gc,phases   ] GC(39) Concurrent Select Relocation Set 1.127ms
[2025-05-18T20:56:10.771+0300][9008][14992][info][gc,phases   ] GC(39) Pause Relocate Start 0.006ms
[2025-05-18T20:56:10.771+0300][9008][21940][info][gc,phases   ] GC(39) Concurrent Relocate 0.847ms
[2025-05-18T20:56:10.771+0300][9008][21940][info][gc,load     ] GC(39) Load: 0.00/0.00/0.00
[2025-05-18T20:56:10.771+0300][9008][21940][info][gc,mmu      ] GC(39) MMU: 2ms/97.0%, 5ms/98.8%, 10ms/99.4%, 20ms/99.6%, 50ms/99.9%, 100ms/99.9%
[2025-05-18T20:56:10.771+0300][9008][21940][info][gc,marking  ] GC(39) Mark: 2 stripe(s), 2 proactive flush(es), 1 terminate flush(es), 0 completion(s), 0 continuation(s) 
[2025-05-18T20:56:10.771+0300][9008][21940][info][gc,marking  ] GC(39) Mark Stack Usage: 32M
[2025-05-18T20:56:10.771+0300][9008][21940][info][gc,nmethod  ] GC(39) NMethods: 4434 registered, 964 unregistered
[2025-05-18T20:56:10.771+0300][9008][21940][info][gc,metaspace] GC(39) Metaspace: 33M used, 34M committed, 1088M reserved
[2025-05-18T20:56:10.771+0300][9008][21940][info][gc,ref      ] GC(39) Soft: 4272 encountered, 0 discovered, 0 enqueued
[2025-05-18T20:56:10.771+0300][9008][21940][info][gc,ref      ] GC(39) Weak: 2499 encountered, 205 discovered, 0 enqueued
[2025-05-18T20:56:10.771+0300][9008][21940][info][gc,ref      ] GC(39) Final: 3 encountered, 1 discovered, 0 enqueued
[2025-05-18T20:56:10.771+0300][9008][21940][info][gc,ref      ] GC(39) Phantom: 277 encountered, 207 discovered, 0 enqueued
[2025-05-18T20:56:10.772+0300][9008][21940][info][gc,reloc    ] GC(39) Small Pages: 225 / 450M, Empty: 338M, Relocated: 1M, In-Place: 0
[2025-05-18T20:56:10.772+0300][9008][21940][info][gc,reloc    ] GC(39) Medium Pages: 1 / 32M, Empty: 0M, Relocated: 0M, In-Place: 0
[2025-05-18T20:56:10.772+0300][9008][21940][info][gc,reloc    ] GC(39) Large Pages: 0 / 0M, Empty: 0M, Relocated: 0M, In-Place: 0
[2025-05-18T20:56:10.772+0300][9008][21940][info][gc,reloc    ] GC(39) Forwarding Usage: 0M
[2025-05-18T20:56:10.772+0300][9008][21940][info][gc,heap     ] GC(39) Min Capacity: 4096M(100%)
[2025-05-18T20:56:10.772+0300][9008][21940][info][gc,heap     ] GC(39) Max Capacity: 4096M(100%)
[2025-05-18T20:56:10.772+0300][9008][21940][info][gc,heap     ] GC(39) Soft Max Capacity: 4096M(100%)
[2025-05-18T20:56:10.772+0300][9008][21940][info][gc,heap     ] GC(39)                Mark Start          Mark End        Relocate Start      Relocate End           High               Low         
[2025-05-18T20:56:10.772+0300][9008][21940][info][gc,heap     ] GC(39)  Capacity:     4096M (100%)       4096M (100%)       4096M (100%)       4096M (100%)       4096M (100%)       4096M (100%)   
[2025-05-18T20:56:10.772+0300][9008][21940][info][gc,heap     ] GC(39)      Free:     3614M (88%)        3600M (88%)        3938M (96%)        4028M (98%)        4028M (98%)        3600M (88%)    
[2025-05-18T20:56:10.772+0300][9008][21940][info][gc,heap     ] GC(39)      Used:      482M (12%)         496M (12%)         158M (4%)           68M (2%)          496M (12%)          68M (2%)     
[2025-05-18T20:56:10.772+0300][9008][21940][info][gc,heap     ] GC(39)      Live:         -                18M (0%)           18M (0%)           18M (0%)             -                  -          
[2025-05-18T20:56:10.772+0300][9008][21940][info][gc,heap     ] GC(39) Allocated:         -                14M (0%)           14M (0%)           14M (0%)             -                  -          
[2025-05-18T20:56:10.772+0300][9008][21940][info][gc,heap     ] GC(39)   Garbage:         -               463M (11%)         125M (3%)           35M (1%)             -                  -          
[2025-05-18T20:56:10.772+0300][9008][21940][info][gc,heap     ] GC(39) Reclaimed:         -                  -               338M (8%)          428M (10%)            -                  -          
[2025-05-18T20:56:10.772+0300][9008][21940][info][gc          ] GC(39) Garbage Collection (Proactive) 482M(12%)->68M(2%)
[2025-05-18T20:56:12.032+0300][9008][9208 ][info][gc,stats    ] === Garbage Collection Statistics =======================================================================================================================
[2025-05-18T20:56:12.032+0300][9008][9208 ][info][gc,stats    ]                                                              Last 10s              Last 10m              Last 10h                Total
[2025-05-18T20:56:12.032+0300][9008][9208 ][info][gc,stats    ]                                                              Avg / Max             Avg / Max             Avg / Max             Avg / Max
[2025-05-18T20:56:12.032+0300][9008][9208 ][info][gc,stats    ]   Collector: Garbage Collection Cycle                     39.212 / 39.212       52.670 / 101.996      52.670 / 101.996      52.670 / 101.996     ms
[2025-05-18T20:56:12.032+0300][9008][9208 ][info][gc,stats    ]  Contention: Mark Segment Reset Contention                     0 / 0                 0 / 1                 0 / 1                 0 / 1           ops/s
[2025-05-18T20:56:12.032+0300][9008][9208 ][info][gc,stats    ]  Contention: Mark SeqNum Reset Contention                      0 / 0                 0 / 1                 0 / 1                 0 / 1           ops/s
[2025-05-18T20:56:12.032+0300][9008][9208 ][info][gc,stats    ]    Critical: Allocation Stall                                  0 / 0                 0 / 0                 0 / 0                 0 / 0           ops/s
[2025-05-18T20:56:12.032+0300][9008][9208 ][info][gc,stats    ]    Critical: Allocation Stall                              0.000 / 0.000         0.000 / 0.000         0.000 / 0.000         0.000 / 0.000       ms
[2025-05-18T20:56:12.032+0300][9008][9208 ][info][gc,stats    ]    Critical: GC Locker Stall                                   0 / 0                 0 / 0                 0 / 0                 0 / 0           ops/s
[2025-05-18T20:56:12.032+0300][9008][9208 ][info][gc,stats    ]    Critical: GC Locker Stall                               0.000 / 0.000         0.000 / 0.000         0.000 / 0.000         0.000 / 0.000       ms
[2025-05-18T20:56:12.032+0300][9008][9208 ][info][gc,stats    ]    Critical: Relocation Stall                                  0 / 0                 0 / 0                 0 / 0                 0 / 0           ops/s
[2025-05-18T20:56:12.032+0300][9008][9208 ][info][gc,stats    ]    Critical: Relocation Stall                              0.000 / 0.000         0.000 / 0.000         0.000 / 0.000         0.000 / 0.000       ms
[2025-05-18T20:56:12.032+0300][9008][9208 ][info][gc,stats    ]      Memory: Allocation Rate                                  35 / 42               35 / 142              35 / 142              35 / 142         MB/s
[2025-05-18T20:56:12.033+0300][9008][9208 ][info][gc,stats    ]      Memory: Defragment                                        0 / 0                 0 / 0                 0 / 0                 0 / 0           ops/s
[2025-05-18T20:56:12.033+0300][9008][9208 ][info][gc,stats    ]      Memory: Out Of Memory                                     0 / 0                 0 / 0                 0 / 0                 0 / 0           ops/s
[2025-05-18T20:56:12.033+0300][9008][9208 ][info][gc,stats    ]      Memory: Page Cache Flush                                  0 / 0                 0 / 0                 0 / 0                 0 / 0           MB/s
[2025-05-18T20:56:12.033+0300][9008][9208 ][info][gc,stats    ]      Memory: Page Cache Hit L1                                17 / 23               16 / 75               16 / 75               16 / 75          ops/s
[2025-05-18T20:56:12.033+0300][9008][9208 ][info][gc,stats    ]      Memory: Page Cache Hit L2                                 0 / 0                 0 / 0                 0 / 0                 0 / 0           ops/s
[2025-05-18T20:56:12.033+0300][9008][9208 ][info][gc,stats    ]      Memory: Page Cache Hit L3                                 0 / 0                 1 / 42                1 / 42                1 / 42          ops/s
[2025-05-18T20:56:12.033+0300][9008][9208 ][info][gc,stats    ]      Memory: Page Cache Miss                                   0 / 0                 0 / 1                 0 / 1                 0 / 1           ops/s
[2025-05-18T20:56:12.033+0300][9008][9208 ][info][gc,stats    ]      Memory: Uncommit                                          0 / 0                 0 / 0                 0 / 0                 0 / 0           MB/s
[2025-05-18T20:56:12.033+0300][9008][9208 ][info][gc,stats    ]      Memory: Undo Object Allocation Failed                     0 / 0                 0 / 0                 0 / 0                 0 / 0           ops/s
[2025-05-18T20:56:12.033+0300][9008][9208 ][info][gc,stats    ]      Memory: Undo Object Allocation Succeeded                  0 / 0                 0 / 12                0 / 12                0 / 12          ops/s
[2025-05-18T20:56:12.033+0300][9008][9208 ][info][gc,stats    ]      Memory: Undo Page Allocation                              0 / 0                 0 / 1                 0 / 1                 0 / 1           ops/s
[2025-05-18T20:56:12.033+0300][9008][9208 ][info][gc,stats    ]       Phase: Concurrent Mark                              30.714 / 30.714       35.333 / 62.811       35.333 / 62.811       35.333 / 62.811      ms
[2025-05-18T20:56:12.033+0300][9008][9208 ][info][gc,stats    ]       Phase: Concurrent Mark Continue                      0.000 / 0.000         0.000 / 0.000         0.000 / 0.000         0.000 / 0.000       ms
[2025-05-18T20:56:12.033+0300][9008][9208 ][info][gc,stats    ]       Phase: Concurrent Mark Free                          0.001 / 0.001         0.001 / 0.003         0.001 / 0.003         0.001 / 0.003       ms
[2025-05-18T20:56:12.033+0300][9008][9208 ][info][gc,stats    ]       Phase: Concurrent Process Non-Strong References      5.283 / 5.283        11.260 / 33.805       11.260 / 33.805       11.260 / 33.805      ms
[2025-05-18T20:56:12.033+0300][9008][9208 ][info][gc,stats    ]       Phase: Concurrent Relocate                           0.847 / 0.847         1.927 / 7.249         1.927 / 7.249         1.927 / 7.249       ms
[2025-05-18T20:56:12.033+0300][9008][9208 ][info][gc,stats    ]       Phase: Concurrent Reset Relocation Set               0.002 / 0.002         0.006 / 0.041         0.006 / 0.041         0.006 / 0.041       ms
[2025-05-18T20:56:12.033+0300][9008][9208 ][info][gc,stats    ]       Phase: Concurrent Select Relocation Set              1.127 / 1.127         2.413 / 5.995         2.413 / 5.995         2.413 / 5.995       ms
[2025-05-18T20:56:12.033+0300][9008][9208 ][info][gc,stats    ]       Phase: Pause Mark End                                0.014 / 0.014         0.022 / 0.060         0.022 / 0.060         0.022 / 0.060       ms
[2025-05-18T20:56:12.033+0300][9008][9208 ][info][gc,stats    ]       Phase: Pause Mark Start                              0.015 / 0.015         0.012 / 0.020         0.012 / 0.020         0.012 / 0.020       ms
[2025-05-18T20:56:12.033+0300][9008][9208 ][info][gc,stats    ]       Phase: Pause Relocate Start                          0.006 / 0.006         0.011 / 0.031         0.011 / 0.031         0.011 / 0.031       ms
[2025-05-18T20:56:12.033+0300][9008][9208 ][info][gc,stats    ]    Subphase: Concurrent Classes Purge                      0.099 / 0.099         0.794 / 13.962        0.794 / 13.962        0.794 / 13.962      ms
[2025-05-18T20:56:12.033+0300][9008][9208 ][info][gc,stats    ]    Subphase: Concurrent Classes Unlink                     3.651 / 3.651         9.041 / 24.746        9.041 / 24.746        9.041 / 24.746      ms
[2025-05-18T20:56:12.033+0300][9008][9208 ][info][gc,stats    ]    Subphase: Concurrent Mark                              22.878 / 28.928       30.003 / 60.345       30.003 / 60.345       30.003 / 60.345      ms
[2025-05-18T20:56:12.033+0300][9008][9208 ][info][gc,stats    ]    Subphase: Concurrent Mark Try Flush                     0.158 / 0.258         0.136 / 1.122         0.136 / 1.122         0.136 / 1.122       ms
[2025-05-18T20:56:12.033+0300][9008][9208 ][info][gc,stats    ]    Subphase: Concurrent Mark Try Terminate                 4.400 / 13.092        2.792 / 16.167        2.792 / 16.167        2.792 / 16.167      ms
[2025-05-18T20:56:12.033+0300][9008][9208 ][info][gc,stats    ]    Subphase: Concurrent References Enqueue                 0.000 / 0.000         0.003 / 0.017         0.003 / 0.017         0.003 / 0.017       ms
[2025-05-18T20:56:12.033+0300][9008][9208 ][info][gc,stats    ]    Subphase: Concurrent References Process                 0.106 / 0.106         0.150 / 0.325         0.150 / 0.325         0.150 / 0.325       ms
[2025-05-18T20:56:12.033+0300][9008][9208 ][info][gc,stats    ]    Subphase: Concurrent Roots ClassLoaderDataGraph         0.385 / 0.718         0.258 / 0.802         0.258 / 0.802         0.258 / 0.802       ms
[2025-05-18T20:56:12.033+0300][9008][9208 ][info][gc,stats    ]    Subphase: Concurrent Roots CodeCache                    0.000 / 0.000         0.000 / 0.000         0.000 / 0.000         0.000 / 0.000       ms
[2025-05-18T20:56:12.033+0300][9008][9208 ][info][gc,stats    ]    Subphase: Concurrent Roots JavaThreads                  1.117 / 1.451         1.193 / 5.503         1.193 / 5.503         1.193 / 5.503       ms
[2025-05-18T20:56:12.033+0300][9008][9208 ][info][gc,stats    ]    Subphase: Concurrent Roots OopStorageSet                0.034 / 0.066         0.034 / 0.093         0.034 / 0.093         0.034 / 0.093       ms
[2025-05-18T20:56:12.033+0300][9008][9208 ][info][gc,stats    ]    Subphase: Concurrent Weak Roots OopStorageSet           1.117 / 1.120         1.031 / 2.357         1.031 / 2.357         1.031 / 2.357       ms
[2025-05-18T20:56:12.033+0300][9008][9208 ][info][gc,stats    ]    Subphase: Pause Mark Try Complete                       0.000 / 0.000         0.000 / 0.000         0.000 / 0.000         0.000 / 0.000       ms
[2025-05-18T20:56:12.033+0300][9008][9208 ][info][gc,stats    ]      System: Java Threads                                     32 / 32               31 / 34               31 / 34               31 / 34          threads
[2025-05-18T20:56:12.033+0300][9008][9208 ][info][gc,stats    ] =========================================================================================================================================================
[2025-05-18T20:56:22.025+0300][9008][9208 ][info][gc,stats    ] === Garbage Collection Statistics =======================================================================================================================
[2025-05-18T20:56:22.025+0300][9008][9208 ][info][gc,stats    ]                                                              Last 10s              Last 10m              Last 10h                Total
[2025-05-18T20:56:22.025+0300][9008][9208 ][info][gc,stats    ]                                                              Avg / Max             Avg / Max             Avg / Max             Avg / Max
[2025-05-18T20:56:22.025+0300][9008][9208 ][info][gc,stats    ]   Collector: Garbage Collection Cycle                      0.000 / 0.000        52.670 / 101.996      52.670 / 101.996      52.670 / 101.996     ms
[2025-05-18T20:56:22.025+0300][9008][9208 ][info][gc,stats    ]  Contention: Mark Segment Reset Contention                     0 / 0                 0 / 1                 0 / 1                 0 / 1           ops/s
[2025-05-18T20:56:22.025+0300][9008][9208 ][info][gc,stats    ]  Contention: Mark SeqNum Reset Contention                      0 / 0                 0 / 1                 0 / 1                 0 / 1           ops/s
[2025-05-18T20:56:22.025+0300][9008][9208 ][info][gc,stats    ]    Critical: Allocation Stall                                  0 / 0                 0 / 0                 0 / 0                 0 / 0           ops/s
[2025-05-18T20:56:22.025+0300][9008][9208 ][info][gc,stats    ]    Critical: Allocation Stall                              0.000 / 0.000         0.000 / 0.000         0.000 / 0.000         0.000 / 0.000       ms
[2025-05-18T20:56:22.025+0300][9008][9208 ][info][gc,stats    ]    Critical: GC Locker Stall                                   0 / 0                 0 / 0                 0 / 0                 0 / 0           ops/s
[2025-05-18T20:56:22.025+0300][9008][9208 ][info][gc,stats    ]    Critical: GC Locker Stall                               0.000 / 0.000         0.000 / 0.000         0.000 / 0.000         0.000 / 0.000       ms
[2025-05-18T20:56:22.026+0300][9008][9208 ][info][gc,stats    ]    Critical: Relocation Stall                                  0 / 0                 0 / 0                 0 / 0                 0 / 0           ops/s
[2025-05-18T20:56:22.026+0300][9008][9208 ][info][gc,stats    ]    Critical: Relocation Stall                              0.000 / 0.000         0.000 / 0.000         0.000 / 0.000         0.000 / 0.000       ms
[2025-05-18T20:56:22.026+0300][9008][9208 ][info][gc,stats    ]      Memory: Allocation Rate                                  35 / 40               35 / 142              35 / 142              35 / 142         MB/s
[2025-05-18T20:56:22.026+0300][9008][9208 ][info][gc,stats    ]      Memory: Defragment                                        0 / 0                 0 / 0                 0 / 0                 0 / 0           ops/s
[2025-05-18T20:56:22.026+0300][9008][9208 ][info][gc,stats    ]      Memory: Out Of Memory                                     0 / 0                 0 / 0                 0 / 0                 0 / 0           ops/s
[2025-05-18T20:56:22.026+0300][9008][9208 ][info][gc,stats    ]      Memory: Page Cache Flush                                  0 / 0                 0 / 0                 0 / 0                 0 / 0           MB/s
[2025-05-18T20:56:22.026+0300][9008][9208 ][info][gc,stats    ]      Memory: Page Cache Hit L1                                17 / 20               16 / 75               16 / 75               16 / 75          ops/s
[2025-05-18T20:56:22.026+0300][9008][9208 ][info][gc,stats    ]      Memory: Page Cache Hit L2                                 0 / 0                 0 / 0                 0 / 0                 0 / 0           ops/s
[2025-05-18T20:56:22.026+0300][9008][9208 ][info][gc,stats    ]      Memory: Page Cache Hit L3                                 0 / 0                 1 / 42                1 / 42                1 / 42          ops/s
[2025-05-18T20:56:22.026+0300][9008][9208 ][info][gc,stats    ]      Memory: Page Cache Miss                                   0 / 0                 0 / 1                 0 / 1                 0 / 1           ops/s
[2025-05-18T20:56:22.026+0300][9008][9208 ][info][gc,stats    ]      Memory: Uncommit                                          0 / 0                 0 / 0                 0 / 0                 0 / 0           MB/s
[2025-05-18T20:56:22.026+0300][9008][9208 ][info][gc,stats    ]      Memory: Undo Object Allocation Failed                     0 / 0                 0 / 0                 0 / 0                 0 / 0           ops/s
[2025-05-18T20:56:22.026+0300][9008][9208 ][info][gc,stats    ]      Memory: Undo Object Allocation Succeeded                  0 / 0                 0 / 12                0 / 12                0 / 12          ops/s
[2025-05-18T20:56:22.026+0300][9008][9208 ][info][gc,stats    ]      Memory: Undo Page Allocation                              0 / 0                 0 / 1                 0 / 1                 0 / 1           ops/s
[2025-05-18T20:56:22.026+0300][9008][9208 ][info][gc,stats    ]       Phase: Concurrent Mark                               0.000 / 0.000        35.333 / 62.811       35.333 / 62.811       35.333 / 62.811      ms
[2025-05-18T20:56:22.026+0300][9008][9208 ][info][gc,stats    ]       Phase: Concurrent Mark Continue                      0.000 / 0.000         0.000 / 0.000         0.000 / 0.000         0.000 / 0.000       ms
[2025-05-18T20:56:22.026+0300][9008][9208 ][info][gc,stats    ]       Phase: Concurrent Mark Free                          0.000 / 0.000         0.001 / 0.003         0.001 / 0.003         0.001 / 0.003       ms
[2025-05-18T20:56:22.026+0300][9008][9208 ][info][gc,stats    ]       Phase: Concurrent Process Non-Strong References      0.000 / 0.000        11.260 / 33.805       11.260 / 33.805       11.260 / 33.805      ms
[2025-05-18T20:56:22.026+0300][9008][9208 ][info][gc,stats    ]       Phase: Concurrent Relocate                           0.000 / 0.000         1.927 / 7.249         1.927 / 7.249         1.927 / 7.249       ms
[2025-05-18T20:56:22.026+0300][9008][9208 ][info][gc,stats    ]       Phase: Concurrent Reset Relocation Set               0.000 / 0.000         0.006 / 0.041         0.006 / 0.041         0.006 / 0.041       ms
[2025-05-18T20:56:22.026+0300][9008][9208 ][info][gc,stats    ]       Phase: Concurrent Select Relocation Set              0.000 / 0.000         2.413 / 5.995         2.413 / 5.995         2.413 / 5.995       ms
[2025-05-18T20:56:22.026+0300][9008][9208 ][info][gc,stats    ]       Phase: Pause Mark End                                0.000 / 0.000         0.022 / 0.060         0.022 / 0.060         0.022 / 0.060       ms
[2025-05-18T20:56:22.026+0300][9008][9208 ][info][gc,stats    ]       Phase: Pause Mark Start                              0.000 / 0.000         0.012 / 0.020         0.012 / 0.020         0.012 / 0.020       ms
[2025-05-18T20:56:22.026+0300][9008][9208 ][info][gc,stats    ]       Phase: Pause Relocate Start                          0.000 / 0.000         0.011 / 0.031         0.011 / 0.031         0.011 / 0.031       ms
[2025-05-18T20:56:22.026+0300][9008][9208 ][info][gc,stats    ]    Subphase: Concurrent Classes Purge                      0.000 / 0.000         0.794 / 13.962        0.794 / 13.962        0.794 / 13.962      ms
[2025-05-18T20:56:22.026+0300][9008][9208 ][info][gc,stats    ]    Subphase: Concurrent Classes Unlink                     0.000 / 0.000         9.041 / 24.746        9.041 / 24.746        9.041 / 24.746      ms
[2025-05-18T20:56:22.026+0300][9008][9208 ][info][gc,stats    ]    Subphase: Concurrent Mark                               0.000 / 0.000        30.003 / 60.345       30.003 / 60.345       30.003 / 60.345      ms
[2025-05-18T20:56:22.026+0300][9008][9208 ][info][gc,stats    ]    Subphase: Concurrent Mark Try Flush                     0.000 / 0.000         0.136 / 1.122         0.136 / 1.122         0.136 / 1.122       ms
[2025-05-18T20:56:22.026+0300][9008][9208 ][info][gc,stats    ]    Subphase: Concurrent Mark Try Terminate                 0.000 / 0.000         2.792 / 16.167        2.792 / 16.167        2.792 / 16.167      ms
[2025-05-18T20:56:22.026+0300][9008][9208 ][info][gc,stats    ]    Subphase: Concurrent References Enqueue                 0.000 / 0.000         0.003 / 0.017         0.003 / 0.017         0.003 / 0.017       ms
[2025-05-18T20:56:22.026+0300][9008][9208 ][info][gc,stats    ]    Subphase: Concurrent References Process                 0.000 / 0.000         0.150 / 0.325         0.150 / 0.325         0.150 / 0.325       ms
[2025-05-18T20:56:22.026+0300][9008][9208 ][info][gc,stats    ]    Subphase: Concurrent Roots ClassLoaderDataGraph         0.000 / 0.000         0.258 / 0.802         0.258 / 0.802         0.258 / 0.802       ms
[2025-05-18T20:56:22.026+0300][9008][9208 ][info][gc,stats    ]    Subphase: Concurrent Roots CodeCache                    0.000 / 0.000         0.000 / 0.000         0.000 / 0.000         0.000 / 0.000       ms
[2025-05-18T20:56:22.026+0300][9008][9208 ][info][gc,stats    ]    Subphase: Concurrent Roots JavaThreads                  0.000 / 0.000         1.193 / 5.503         1.193 / 5.503         1.193 / 5.503       ms
[2025-05-18T20:56:22.026+0300][9008][9208 ][info][gc,stats    ]    Subphase: Concurrent Roots OopStorageSet                0.000 / 0.000         0.034 / 0.093         0.034 / 0.093         0.034 / 0.093       ms
[2025-05-18T20:56:22.026+0300][9008][9208 ][info][gc,stats    ]    Subphase: Concurrent Weak Roots OopStorageSet           0.000 / 0.000         1.031 / 2.357         1.031 / 2.357         1.031 / 2.357       ms
[2025-05-18T20:56:22.026+0300][9008][9208 ][info][gc,stats    ]    Subphase: Pause Mark Try Complete                       0.000 / 0.000         0.000 / 0.000         0.000 / 0.000         0.000 / 0.000       ms
[2025-05-18T20:56:22.026+0300][9008][9208 ][info][gc,stats    ]      System: Java Threads                                      0 / 0                31 / 34               31 / 34               31 / 34          threads
[2025-05-18T20:56:22.026+0300][9008][9208 ][info][gc,stats    ] =========================================================================================================================================================
[2025-05-18T20:56:22.832+0300][9008][21940][info][gc,start    ] GC(40) Garbage Collection (Proactive)
[2025-05-18T20:56:22.832+0300][9008][21940][info][gc,task     ] GC(40) Using 2 workers
[2025-05-18T20:56:22.832+0300][9008][14992][info][gc,phases   ] GC(40) Pause Mark Start 0.015ms
[2025-05-18T20:56:22.863+0300][9008][21940][info][gc,phases   ] GC(40) Concurrent Mark 29.314ms
[2025-05-18T20:56:22.863+0300][9008][14992][info][gc,phases   ] GC(40) Pause Mark End 0.013ms
[2025-05-18T20:56:22.863+0300][9008][21940][info][gc,phases   ] GC(40) Concurrent Mark Free 0.001ms
[2025-05-18T20:56:22.867+0300][9008][21940][info][gc,phases   ] GC(40) Concurrent Process Non-Strong References 4.271ms
[2025-05-18T20:56:22.867+0300][9008][21940][info][gc,phases   ] GC(40) Concurrent Reset Relocation Set 0.001ms
[2025-05-18T20:56:22.868+0300][9008][21940][info][gc,phases   ] GC(40) Concurrent Select Relocation Set 1.219ms
[2025-05-18T20:56:22.868+0300][9008][14992][info][gc,phases   ] GC(40) Pause Relocate Start 0.006ms
[2025-05-18T20:56:22.870+0300][9008][21940][info][gc,phases   ] GC(40) Concurrent Relocate 0.838ms
[2025-05-18T20:56:22.870+0300][9008][21940][info][gc,load     ] GC(40) Load: 0.00/0.00/0.00
[2025-05-18T20:56:22.870+0300][9008][21940][info][gc,mmu      ] GC(40) MMU: 2ms/97.0%, 5ms/98.8%, 10ms/99.4%, 20ms/99.6%, 50ms/99.9%, 100ms/99.9%
[2025-05-18T20:56:22.870+0300][9008][21940][info][gc,marking  ] GC(40) Mark: 2 stripe(s), 3 proactive flush(es), 1 terminate flush(es), 0 completion(s), 0 continuation(s) 
[2025-05-18T20:56:22.870+0300][9008][21940][info][gc,marking  ] GC(40) Mark Stack Usage: 32M
[2025-05-18T20:56:22.870+0300][9008][21940][info][gc,nmethod  ] GC(40) NMethods: 4435 registered, 1006 unregistered
[2025-05-18T20:56:22.870+0300][9008][21940][info][gc,metaspace] GC(40) Metaspace: 33M used, 34M committed, 1088M reserved
[2025-05-18T20:56:22.870+0300][9008][21940][info][gc,ref      ] GC(40) Soft: 4272 encountered, 0 discovered, 0 enqueued
[2025-05-18T20:56:22.870+0300][9008][21940][info][gc,ref      ] GC(40) Weak: 2499 encountered, 418 discovered, 0 enqueued
[2025-05-18T20:56:22.870+0300][9008][21940][info][gc,ref      ] GC(40) Final: 3 encountered, 2 discovered, 0 enqueued
[2025-05-18T20:56:22.870+0300][9008][21940][info][gc,ref      ] GC(40) Phantom: 278 encountered, 206 discovered, 0 enqueued
[2025-05-18T20:56:22.870+0300][9008][21940][info][gc,reloc    ] GC(40) Small Pages: 226 / 452M, Empty: 324M, Relocated: 1M, In-Place: 0
[2025-05-18T20:56:22.870+0300][9008][21940][info][gc,reloc    ] GC(40) Medium Pages: 1 / 32M, Empty: 0M, Relocated: 0M, In-Place: 0
[2025-05-18T20:56:22.870+0300][9008][21940][info][gc,reloc    ] GC(40) Large Pages: 0 / 0M, Empty: 0M, Relocated: 0M, In-Place: 0
[2025-05-18T20:56:22.870+0300][9008][21940][info][gc,reloc    ] GC(40) Forwarding Usage: 0M
[2025-05-18T20:56:22.870+0300][9008][21940][info][gc,heap     ] GC(40) Min Capacity: 4096M(100%)
[2025-05-18T20:56:22.870+0300][9008][21940][info][gc,heap     ] GC(40) Max Capacity: 4096M(100%)
[2025-05-18T20:56:22.870+0300][9008][21940][info][gc,heap     ] GC(40) Soft Max Capacity: 4096M(100%)
[2025-05-18T20:56:22.870+0300][9008][21940][info][gc,heap     ] GC(40)                Mark Start          Mark End        Relocate Start      Relocate End           High               Low         
[2025-05-18T20:56:22.870+0300][9008][21940][info][gc,heap     ] GC(40)  Capacity:     4096M (100%)       4096M (100%)       4096M (100%)       4096M (100%)       4096M (100%)       4096M (100%)   
[2025-05-18T20:56:22.870+0300][9008][21940][info][gc,heap     ] GC(40)      Free:     3612M (88%)        3596M (88%)        3920M (96%)        4026M (98%)        4026M (98%)        3596M (88%)    
[2025-05-18T20:56:22.870+0300][9008][21940][info][gc,heap     ] GC(40)      Used:      484M (12%)         500M (12%)         176M (4%)           70M (2%)          500M (12%)          70M (2%)     
[2025-05-18T20:56:22.870+0300][9008][21940][info][gc,heap     ] GC(40)      Live:         -                18M (0%)           18M (0%)           18M (0%)             -                  -          
[2025-05-18T20:56:22.870+0300][9008][21940][info][gc,heap     ] GC(40) Allocated:         -                16M (0%)           16M (0%)           16M (0%)             -                  -          
[2025-05-18T20:56:22.870+0300][9008][21940][info][gc,heap     ] GC(40)   Garbage:         -               465M (11%)         141M (3%)           35M (1%)             -                  -          
[2025-05-18T20:56:22.870+0300][9008][21940][info][gc,heap     ] GC(40) Reclaimed:         -                  -               324M (8%)          430M (10%)            -                  -          
[2025-05-18T20:56:22.870+0300][9008][21940][info][gc          ] GC(40) Garbage Collection (Proactive) 484M(12%)->70M(2%)
[2025-05-18T20:56:32.022+0300][9008][9208 ][info][gc,stats    ] === Garbage Collection Statistics =======================================================================================================================
[2025-05-18T20:56:32.022+0300][9008][9208 ][info][gc,stats    ]                                                              Last 10s              Last 10m              Last 10h                Total
[2025-05-18T20:56:32.022+0300][9008][9208 ][info][gc,stats    ]                                                              Avg / Max             Avg / Max             Avg / Max             Avg / Max
[2025-05-18T20:56:32.022+0300][9008][9208 ][info][gc,stats    ]   Collector: Garbage Collection Cycle                     37.523 / 37.523       52.301 / 101.996      52.301 / 101.996      52.301 / 101.996     ms
[2025-05-18T20:56:32.022+0300][9008][9208 ][info][gc,stats    ]  Contention: Mark Segment Reset Contention                     0 / 1                 0 / 1                 0 / 1                 0 / 1           ops/s
[2025-05-18T20:56:32.022+0300][9008][9208 ][info][gc,stats    ]  Contention: Mark SeqNum Reset Contention                      0 / 0                 0 / 1                 0 / 1                 0 / 1           ops/s
[2025-05-18T20:56:32.022+0300][9008][9208 ][info][gc,stats    ]    Critical: Allocation Stall                                  0 / 0                 0 / 0                 0 / 0                 0 / 0           ops/s
[2025-05-18T20:56:32.022+0300][9008][9208 ][info][gc,stats    ]    Critical: Allocation Stall                              0.000 / 0.000         0.000 / 0.000         0.000 / 0.000         0.000 / 0.000       ms
[2025-05-18T20:56:32.022+0300][9008][9208 ][info][gc,stats    ]    Critical: GC Locker Stall                                   0 / 0                 0 / 0                 0 / 0                 0 / 0           ops/s
[2025-05-18T20:56:32.023+0300][9008][9208 ][info][gc,stats    ]    Critical: GC Locker Stall                               0.000 / 0.000         0.000 / 0.000         0.000 / 0.000         0.000 / 0.000       ms
[2025-05-18T20:56:32.023+0300][9008][9208 ][info][gc,stats    ]    Critical: Relocation Stall                                  0 / 0                 0 / 0                 0 / 0                 0 / 0           ops/s
[2025-05-18T20:56:32.023+0300][9008][9208 ][info][gc,stats    ]    Critical: Relocation Stall                              0.000 / 0.000         0.000 / 0.000         0.000 / 0.000         0.000 / 0.000       ms
[2025-05-18T20:56:32.023+0300][9008][9208 ][info][gc,stats    ]      Memory: Allocation Rate                                  35 / 44               35 / 142              35 / 142              35 / 142         MB/s
[2025-05-18T20:56:32.023+0300][9008][9208 ][info][gc,stats    ]      Memory: Defragment                                        0 / 0                 0 / 0                 0 / 0                 0 / 0           ops/s
[2025-05-18T20:56:32.023+0300][9008][9208 ][info][gc,stats    ]      Memory: Out Of Memory                                     0 / 0                 0 / 0                 0 / 0                 0 / 0           ops/s
[2025-05-18T20:56:32.023+0300][9008][9208 ][info][gc,stats    ]      Memory: Page Cache Flush                                  0 / 0                 0 / 0                 0 / 0                 0 / 0           MB/s
[2025-05-18T20:56:32.023+0300][9008][9208 ][info][gc,stats    ]      Memory: Page Cache Hit L1                                18 / 23               16 / 75               16 / 75               16 / 75          ops/s
[2025-05-18T20:56:32.023+0300][9008][9208 ][info][gc,stats    ]      Memory: Page Cache Hit L2                                 0 / 0                 0 / 0                 0 / 0                 0 / 0           ops/s
[2025-05-18T20:56:32.023+0300][9008][9208 ][info][gc,stats    ]      Memory: Page Cache Hit L3                                 0 / 0                 1 / 42                1 / 42                1 / 42          ops/s
[2025-05-18T20:56:32.023+0300][9008][9208 ][info][gc,stats    ]      Memory: Page Cache Miss                                   0 / 0                 0 / 1                 0 / 1                 0 / 1           ops/s
[2025-05-18T20:56:32.023+0300][9008][9208 ][info][gc,stats    ]      Memory: Uncommit                                          0 / 0                 0 / 0                 0 / 0                 0 / 0           MB/s
[2025-05-18T20:56:32.023+0300][9008][9208 ][info][gc,stats    ]      Memory: Undo Object Allocation Failed                     0 / 0                 0 / 0                 0 / 0                 0 / 0           ops/s
[2025-05-18T20:56:32.023+0300][9008][9208 ][info][gc,stats    ]      Memory: Undo Object Allocation Succeeded                  0 / 0                 0 / 12                0 / 12                0 / 12          ops/s
[2025-05-18T20:56:32.023+0300][9008][9208 ][info][gc,stats    ]      Memory: Undo Page Allocation                              0 / 0                 0 / 1                 0 / 1                 0 / 1           ops/s
[2025-05-18T20:56:32.023+0300][9008][9208 ][info][gc,stats    ]       Phase: Concurrent Mark                              29.314 / 29.314       35.187 / 62.811       35.187 / 62.811       35.187 / 62.811      ms
[2025-05-18T20:56:32.023+0300][9008][9208 ][info][gc,stats    ]       Phase: Concurrent Mark Continue                      0.000 / 0.000         0.000 / 0.000         0.000 / 0.000         0.000 / 0.000       ms
[2025-05-18T20:56:32.023+0300][9008][9208 ][info][gc,stats    ]       Phase: Concurrent Mark Free                          0.001 / 0.001         0.001 / 0.003         0.001 / 0.003         0.001 / 0.003       ms
[2025-05-18T20:56:32.023+0300][9008][9208 ][info][gc,stats    ]       Phase: Concurrent Process Non-Strong References      4.271 / 4.271        11.089 / 33.805       11.089 / 33.805       11.089 / 33.805      ms
[2025-05-18T20:56:32.023+0300][9008][9208 ][info][gc,stats    ]       Phase: Concurrent Relocate                           0.838 / 0.838         1.901 / 7.249         1.901 / 7.249         1.901 / 7.249       ms
[2025-05-18T20:56:32.023+0300][9008][9208 ][info][gc,stats    ]       Phase: Concurrent Reset Relocation Set               0.001 / 0.001         0.006 / 0.041         0.006 / 0.041         0.006 / 0.041       ms
[2025-05-18T20:56:32.023+0300][9008][9208 ][info][gc,stats    ]       Phase: Concurrent Select Relocation Set              1.219 / 1.219         2.384 / 5.995         2.384 / 5.995         2.384 / 5.995       ms
[2025-05-18T20:56:32.023+0300][9008][9208 ][info][gc,stats    ]       Phase: Pause Mark End                                0.013 / 0.013         0.022 / 0.060         0.022 / 0.060         0.022 / 0.060       ms
[2025-05-18T20:56:32.023+0300][9008][9208 ][info][gc,stats    ]       Phase: Pause Mark Start                              0.015 / 0.015         0.012 / 0.020         0.012 / 0.020         0.012 / 0.020       ms
[2025-05-18T20:56:32.023+0300][9008][9208 ][info][gc,stats    ]       Phase: Pause Relocate Start                          0.006 / 0.006         0.011 / 0.031         0.011 / 0.031         0.011 / 0.031       ms
[2025-05-18T20:56:32.023+0300][9008][9208 ][info][gc,stats    ]    Subphase: Concurrent Classes Purge                      0.075 / 0.075         0.776 / 13.962        0.776 / 13.962        0.776 / 13.962      ms
[2025-05-18T20:56:32.023+0300][9008][9208 ][info][gc,stats    ]    Subphase: Concurrent Classes Unlink                     3.204 / 3.204         8.899 / 24.746        8.899 / 24.746        8.899 / 24.746      ms
[2025-05-18T20:56:32.023+0300][9008][9208 ][info][gc,stats    ]    Subphase: Concurrent Mark                              19.923 / 27.498       29.757 / 60.345       29.757 / 60.345       29.757 / 60.345      ms
[2025-05-18T20:56:32.023+0300][9008][9208 ][info][gc,stats    ]    Subphase: Concurrent Mark Try Flush                     0.074 / 0.210         0.134 / 1.122         0.134 / 1.122         0.134 / 1.122       ms
[2025-05-18T20:56:32.024+0300][9008][9208 ][info][gc,stats    ]    Subphase: Concurrent Mark Try Terminate                 5.410 / 16.216        2.856 / 16.216        2.856 / 16.216        2.856 / 16.216      ms
[2025-05-18T20:56:32.024+0300][9008][9208 ][info][gc,stats    ]    Subphase: Concurrent References Enqueue                 0.000 / 0.000         0.003 / 0.017         0.003 / 0.017         0.003 / 0.017       ms
[2025-05-18T20:56:32.024+0300][9008][9208 ][info][gc,stats    ]    Subphase: Concurrent References Process                 0.080 / 0.080         0.148 / 0.325         0.148 / 0.325         0.148 / 0.325       ms
[2025-05-18T20:56:32.024+0300][9008][9208 ][info][gc,stats    ]    Subphase: Concurrent Roots ClassLoaderDataGraph         0.349 / 0.664         0.260 / 0.802         0.260 / 0.802         0.260 / 0.802       ms
[2025-05-18T20:56:32.024+0300][9008][9208 ][info][gc,stats    ]    Subphase: Concurrent Roots CodeCache                    0.000 / 0.000         0.000 / 0.000         0.000 / 0.000         0.000 / 0.000       ms
[2025-05-18T20:56:32.024+0300][9008][9208 ][info][gc,stats    ]    Subphase: Concurrent Roots JavaThreads                  1.085 / 1.388         1.190 / 5.503         1.190 / 5.503         1.190 / 5.503       ms
[2025-05-18T20:56:32.024+0300][9008][9208 ][info][gc,stats    ]    Subphase: Concurrent Roots OopStorageSet                0.036 / 0.049         0.034 / 0.093         0.034 / 0.093         0.034 / 0.093       ms
[2025-05-18T20:56:32.024+0300][9008][9208 ][info][gc,stats    ]    Subphase: Concurrent Weak Roots OopStorageSet           0.688 / 0.692         1.023 / 2.357         1.023 / 2.357         1.023 / 2.357       ms
[2025-05-18T20:56:32.024+0300][9008][9208 ][info][gc,stats    ]    Subphase: Pause Mark Try Complete                       0.000 / 0.000         0.000 / 0.000         0.000 / 0.000         0.000 / 0.000       ms
[2025-05-18T20:56:32.024+0300][9008][9208 ][info][gc,stats    ]      System: Java Threads                                     32 / 32               31 / 34               31 / 34               31 / 34          threads
[2025-05-18T20:56:32.024+0300][9008][9208 ][info][gc,stats    ] =========================================================================================================================================================
[2025-05-18T20:56:34.933+0300][9008][21940][info][gc,start    ] GC(41) Garbage Collection (Proactive)
[2025-05-18T20:56:34.933+0300][9008][21940][info][gc,task     ] GC(41) Using 2 workers
[2025-05-18T20:56:34.933+0300][9008][14992][info][gc,phases   ] GC(41) Pause Mark Start 0.016ms
[2025-05-18T20:56:34.963+0300][9008][21940][info][gc,phases   ] GC(41) Concurrent Mark 29.666ms
[2025-05-18T20:56:34.963+0300][9008][14992][info][gc,phases   ] GC(41) Pause Mark End 0.013ms
[2025-05-18T20:56:34.963+0300][9008][21940][info][gc,phases   ] GC(41) Concurrent Mark Free 0.001ms
[2025-05-18T20:56:34.968+0300][9008][21940][info][gc,phases   ] GC(41) Concurrent Process Non-Strong References 4.538ms
[2025-05-18T20:56:34.968+0300][9008][21940][info][gc,phases   ] GC(41) Concurrent Reset Relocation Set 0.001ms
[2025-05-18T20:56:34.969+0300][9008][21940][info][gc,phases   ] GC(41) Concurrent Select Relocation Set 1.185ms
[2025-05-18T20:56:34.969+0300][9008][14992][info][gc,phases   ] GC(41) Pause Relocate Start 0.006ms
[2025-05-18T20:56:34.970+0300][9008][21940][info][gc,phases   ] GC(41) Concurrent Relocate 0.844ms
[2025-05-18T20:56:34.970+0300][9008][21940][info][gc,load     ] GC(41) Load: 0.00/0.00/0.00
[2025-05-18T20:56:34.970+0300][9008][21940][info][gc,mmu      ] GC(41) MMU: 2ms/97.0%, 5ms/98.8%, 10ms/99.4%, 20ms/99.6%, 50ms/99.9%, 100ms/99.9%
[2025-05-18T20:56:34.970+0300][9008][21940][info][gc,marking  ] GC(41) Mark: 2 stripe(s), 2 proactive flush(es), 1 terminate flush(es), 0 completion(s), 0 continuation(s) 
[2025-05-18T20:56:34.970+0300][9008][21940][info][gc,marking  ] GC(41) Mark Stack Usage: 32M
[2025-05-18T20:56:34.970+0300][9008][21940][info][gc,nmethod  ] GC(41) NMethods: 4435 registered, 1024 unregistered
[2025-05-18T20:56:34.970+0300][9008][21940][info][gc,metaspace] GC(41) Metaspace: 33M used, 34M committed, 1088M reserved
[2025-05-18T20:56:34.970+0300][9008][21940][info][gc,ref      ] GC(41) Soft: 4272 encountered, 0 discovered, 0 enqueued
[2025-05-18T20:56:34.970+0300][9008][21940][info][gc,ref      ] GC(41) Weak: 2499 encountered, 414 discovered, 0 enqueued
[2025-05-18T20:56:34.970+0300][9008][21940][info][gc,ref      ] GC(41) Final: 3 encountered, 2 discovered, 0 enqueued
[2025-05-18T20:56:34.970+0300][9008][21940][info][gc,ref      ] GC(41) Phantom: 277 encountered, 165 discovered, 0 enqueued
[2025-05-18T20:56:34.970+0300][9008][21940][info][gc,reloc    ] GC(41) Small Pages: 224 / 448M, Empty: 330M, Relocated: 1M, In-Place: 0
[2025-05-18T20:56:34.970+0300][9008][21940][info][gc,reloc    ] GC(41) Medium Pages: 1 / 32M, Empty: 0M, Relocated: 0M, In-Place: 0
[2025-05-18T20:56:34.970+0300][9008][21940][info][gc,reloc    ] GC(41) Large Pages: 0 / 0M, Empty: 0M, Relocated: 0M, In-Place: 0
[2025-05-18T20:56:34.970+0300][9008][21940][info][gc,reloc    ] GC(41) Forwarding Usage: 0M
[2025-05-18T20:56:34.970+0300][9008][21940][info][gc,heap     ] GC(41) Min Capacity: 4096M(100%)
[2025-05-18T20:56:34.970+0300][9008][21940][info][gc,heap     ] GC(41) Max Capacity: 4096M(100%)
[2025-05-18T20:56:34.970+0300][9008][21940][info][gc,heap     ] GC(41) Soft Max Capacity: 4096M(100%)
[2025-05-18T20:56:34.970+0300][9008][21940][info][gc,heap     ] GC(41)                Mark Start          Mark End        Relocate Start      Relocate End           High               Low         
[2025-05-18T20:56:34.970+0300][9008][21940][info][gc,heap     ] GC(41)  Capacity:     4096M (100%)       4096M (100%)       4096M (100%)       4096M (100%)       4096M (100%)       4096M (100%)   
[2025-05-18T20:56:34.970+0300][9008][21940][info][gc,heap     ] GC(41)      Free:     3616M (88%)        3602M (88%)        3932M (96%)        4028M (98%)        4028M (98%)        3602M (88%)    
[2025-05-18T20:56:34.970+0300][9008][21940][info][gc,heap     ] GC(41)      Used:      480M (12%)         494M (12%)         164M (4%)           68M (2%)          494M (12%)          68M (2%)     
[2025-05-18T20:56:34.970+0300][9008][21940][info][gc,heap     ] GC(41)      Live:         -                18M (0%)           18M (0%)           18M (0%)             -                  -          
[2025-05-18T20:56:34.970+0300][9008][21940][info][gc,heap     ] GC(41) Allocated:         -                14M (0%)           14M (0%)           14M (0%)             -                  -          
[2025-05-18T20:56:34.970+0300][9008][21940][info][gc,heap     ] GC(41)   Garbage:         -               461M (11%)         131M (3%)           35M (1%)             -                  -          
[2025-05-18T20:56:34.970+0300][9008][21940][info][gc,heap     ] GC(41) Reclaimed:         -                  -               330M (8%)          426M (10%)            -                  -          
[2025-05-18T20:56:34.970+0300][9008][21940][info][gc          ] GC(41) Garbage Collection (Proactive) 480M(12%)->68M(2%)
[2025-05-18T20:56:42.030+0300][9008][9208 ][info][gc,stats    ] === Garbage Collection Statistics =======================================================================================================================
[2025-05-18T20:56:42.030+0300][9008][9208 ][info][gc,stats    ]                                                              Last 10s              Last 10m              Last 10h                Total
[2025-05-18T20:56:42.030+0300][9008][9208 ][info][gc,stats    ]                                                              Avg / Max             Avg / Max             Avg / Max             Avg / Max
[2025-05-18T20:56:42.030+0300][9008][9208 ][info][gc,stats    ]   Collector: Garbage Collection Cycle                     37.451 / 37.451       51.947 / 101.996      51.947 / 101.996      51.947 / 101.996     ms
[2025-05-18T20:56:42.030+0300][9008][9208 ][info][gc,stats    ]  Contention: Mark Segment Reset Contention                     0 / 0                 0 / 1                 0 / 1                 0 / 1           ops/s
[2025-05-18T20:56:42.030+0300][9008][9208 ][info][gc,stats    ]  Contention: Mark SeqNum Reset Contention                      0 / 0                 0 / 1                 0 / 1                 0 / 1           ops/s
[2025-05-18T20:56:42.030+0300][9008][9208 ][info][gc,stats    ]    Critical: Allocation Stall                                  0 / 0                 0 / 0                 0 / 0                 0 / 0           ops/s
[2025-05-18T20:56:42.030+0300][9008][9208 ][info][gc,stats    ]    Critical: Allocation Stall                              0.000 / 0.000         0.000 / 0.000         0.000 / 0.000         0.000 / 0.000       ms
[2025-05-18T20:56:42.030+0300][9008][9208 ][info][gc,stats    ]    Critical: GC Locker Stall                                   0 / 0                 0 / 0                 0 / 0                 0 / 0           ops/s
[2025-05-18T20:56:42.030+0300][9008][9208 ][info][gc,stats    ]    Critical: GC Locker Stall                               0.000 / 0.000         0.000 / 0.000         0.000 / 0.000         0.000 / 0.000       ms
[2025-05-18T20:56:42.030+0300][9008][9208 ][info][gc,stats    ]    Critical: Relocation Stall                                  0 / 0                 0 / 0                 0 / 0                 0 / 0           ops/s
[2025-05-18T20:56:42.030+0300][9008][9208 ][info][gc,stats    ]    Critical: Relocation Stall                              0.000 / 0.000         0.000 / 0.000         0.000 / 0.000         0.000 / 0.000       ms
[2025-05-18T20:56:42.030+0300][9008][9208 ][info][gc,stats    ]      Memory: Allocation Rate                                  34 / 46               35 / 142              35 / 142              35 / 142         MB/s
[2025-05-18T20:56:42.030+0300][9008][9208 ][info][gc,stats    ]      Memory: Defragment                                        0 / 0                 0 / 0                 0 / 0                 0 / 0           ops/s
[2025-05-18T20:56:42.030+0300][9008][9208 ][info][gc,stats    ]      Memory: Out Of Memory                                     0 / 0                 0 / 0                 0 / 0                 0 / 0           ops/s
[2025-05-18T20:56:42.030+0300][9008][9208 ][info][gc,stats    ]      Memory: Page Cache Flush                                  0 / 0                 0 / 0                 0 / 0                 0 / 0           MB/s
[2025-05-18T20:56:42.030+0300][9008][9208 ][info][gc,stats    ]      Memory: Page Cache Hit L1                                17 / 25               16 / 75               16 / 75               16 / 75          ops/s
[2025-05-18T20:56:42.031+0300][9008][9208 ][info][gc,stats    ]      Memory: Page Cache Hit L2                                 0 / 0                 0 / 0                 0 / 0                 0 / 0           ops/s
[2025-05-18T20:56:42.031+0300][9008][9208 ][info][gc,stats    ]      Memory: Page Cache Hit L3                                 0 / 0                 1 / 42                1 / 42                1 / 42          ops/s
[2025-05-18T20:56:42.031+0300][9008][9208 ][info][gc,stats    ]      Memory: Page Cache Miss                                   0 / 0                 0 / 1                 0 / 1                 0 / 1           ops/s
[2025-05-18T20:56:42.031+0300][9008][9208 ][info][gc,stats    ]      Memory: Uncommit                                          0 / 0                 0 / 0                 0 / 0                 0 / 0           MB/s
[2025-05-18T20:56:42.031+0300][9008][9208 ][info][gc,stats    ]      Memory: Undo Object Allocation Failed                     0 / 0                 0 / 0                 0 / 0                 0 / 0           ops/s
[2025-05-18T20:56:42.031+0300][9008][9208 ][info][gc,stats    ]      Memory: Undo Object Allocation Succeeded                  0 / 0                 0 / 12                0 / 12                0 / 12          ops/s
[2025-05-18T20:56:42.031+0300][9008][9208 ][info][gc,stats    ]      Memory: Undo Page Allocation                              0 / 0                 0 / 1                 0 / 1                 0 / 1           ops/s
[2025-05-18T20:56:42.031+0300][9008][9208 ][info][gc,stats    ]       Phase: Concurrent Mark                              29.666 / 29.666       35.055 / 62.811       35.055 / 62.811       35.055 / 62.811      ms
[2025-05-18T20:56:42.031+0300][9008][9208 ][info][gc,stats    ]       Phase: Concurrent Mark Continue                      0.000 / 0.000         0.000 / 0.000         0.000 / 0.000         0.000 / 0.000       ms
[2025-05-18T20:56:42.031+0300][9008][9208 ][info][gc,stats    ]       Phase: Concurrent Mark Free                          0.001 / 0.001         0.001 / 0.003         0.001 / 0.003         0.001 / 0.003       ms
[2025-05-18T20:56:42.031+0300][9008][9208 ][info][gc,stats    ]       Phase: Concurrent Process Non-Strong References      4.538 / 4.538        10.933 / 33.805       10.933 / 33.805       10.933 / 33.805      ms
[2025-05-18T20:56:42.031+0300][9008][9208 ][info][gc,stats    ]       Phase: Concurrent Relocate                           0.844 / 0.844         1.875 / 7.249         1.875 / 7.249         1.875 / 7.249       ms
[2025-05-18T20:56:42.031+0300][9008][9208 ][info][gc,stats    ]       Phase: Concurrent Reset Relocation Set               0.001 / 0.001         0.006 / 0.041         0.006 / 0.041         0.006 / 0.041       ms
[2025-05-18T20:56:42.031+0300][9008][9208 ][info][gc,stats    ]       Phase: Concurrent Select Relocation Set              1.185 / 1.185         2.356 / 5.995         2.356 / 5.995         2.356 / 5.995       ms
[2025-05-18T20:56:42.031+0300][9008][9208 ][info][gc,stats    ]       Phase: Pause Mark End                                0.013 / 0.013         0.022 / 0.060         0.022 / 0.060         0.022 / 0.060       ms
[2025-05-18T20:56:42.031+0300][9008][9208 ][info][gc,stats    ]       Phase: Pause Mark Start                              0.016 / 0.016         0.013 / 0.020         0.013 / 0.020         0.013 / 0.020       ms
[2025-05-18T20:56:42.031+0300][9008][9208 ][info][gc,stats    ]       Phase: Pause Relocate Start                          0.006 / 0.006         0.011 / 0.031         0.011 / 0.031         0.011 / 0.031       ms
[2025-05-18T20:56:42.031+0300][9008][9208 ][info][gc,stats    ]    Subphase: Concurrent Classes Purge                      0.108 / 0.108         0.760 / 13.962        0.760 / 13.962        0.760 / 13.962      ms
[2025-05-18T20:56:42.031+0300][9008][9208 ][info][gc,stats    ]    Subphase: Concurrent Classes Unlink                     3.388 / 3.388         8.768 / 24.746        8.768 / 24.746        8.768 / 24.746      ms
[2025-05-18T20:56:42.031+0300][9008][9208 ][info][gc,stats    ]    Subphase: Concurrent Mark                              20.237 / 27.918       29.531 / 60.345       29.531 / 60.345       29.531 / 60.345      ms
[2025-05-18T20:56:42.031+0300][9008][9208 ][info][gc,stats    ]    Subphase: Concurrent Mark Try Flush                     0.181 / 0.292         0.135 / 1.122         0.135 / 1.122         0.135 / 1.122       ms
[2025-05-18T20:56:42.032+0300][9008][9208 ][info][gc,stats    ]    Subphase: Concurrent Mark Try Terminate                 5.509 / 16.497        2.918 / 16.497        2.918 / 16.497        2.918 / 16.497      ms
[2025-05-18T20:56:42.032+0300][9008][9208 ][info][gc,stats    ]    Subphase: Concurrent References Enqueue                 0.000 / 0.000         0.003 / 0.017         0.003 / 0.017         0.003 / 0.017       ms
[2025-05-18T20:56:42.032+0300][9008][9208 ][info][gc,stats    ]    Subphase: Concurrent References Process                 0.084 / 0.084         0.147 / 0.325         0.147 / 0.325         0.147 / 0.325       ms
[2025-05-18T20:56:42.032+0300][9008][9208 ][info][gc,stats    ]    Subphase: Concurrent Roots ClassLoaderDataGraph         0.383 / 0.713         0.263 / 0.802         0.263 / 0.802         0.263 / 0.802       ms
[2025-05-18T20:56:42.032+0300][9008][9208 ][info][gc,stats    ]    Subphase: Concurrent Roots CodeCache                    0.000 / 0.000         0.000 / 0.000         0.000 / 0.000         0.000 / 0.000       ms
[2025-05-18T20:56:42.032+0300][9008][9208 ][info][gc,stats    ]    Subphase: Concurrent Roots JavaThreads                  1.163 / 1.489         1.190 / 5.503         1.190 / 5.503         1.190 / 5.503       ms
[2025-05-18T20:56:42.032+0300][9008][9208 ][info][gc,stats    ]    Subphase: Concurrent Roots OopStorageSet                0.037 / 0.049         0.034 / 0.093         0.034 / 0.093         0.034 / 0.093       ms
[2025-05-18T20:56:42.032+0300][9008][9208 ][info][gc,stats    ]    Subphase: Concurrent Weak Roots OopStorageSet           0.723 / 0.727         1.016 / 2.357         1.016 / 2.357         1.016 / 2.357       ms
[2025-05-18T20:56:42.032+0300][9008][9208 ][info][gc,stats    ]    Subphase: Pause Mark Try Complete                       0.000 / 0.000         0.000 / 0.000         0.000 / 0.000         0.000 / 0.000       ms
[2025-05-18T20:56:42.032+0300][9008][9208 ][info][gc,stats    ]      System: Java Threads                                     32 / 32               31 / 34               31 / 34               31 / 34          threads
[2025-05-18T20:56:42.032+0300][9008][9208 ][info][gc,stats    ] =========================================================================================================================================================
[2025-05-18T20:56:47.030+0300][9008][21940][info][gc,start    ] GC(42) Garbage Collection (Proactive)
[2025-05-18T20:56:47.030+0300][9008][21940][info][gc,task     ] GC(42) Using 2 workers
[2025-05-18T20:56:47.030+0300][9008][14992][info][gc,phases   ] GC(42) Pause Mark Start 0.014ms
[2025-05-18T20:56:47.045+0300][9008][21940][info][gc,phases   ] GC(42) Concurrent Mark 14.139ms
[2025-05-18T20:56:47.045+0300][9008][14992][info][gc,phases   ] GC(42) Pause Mark End 0.015ms
[2025-05-18T20:56:47.045+0300][9008][21940][info][gc,phases   ] GC(42) Concurrent Mark Free 0.001ms
[2025-05-18T20:56:47.048+0300][9008][21940][info][gc,phases   ] GC(42) Concurrent Process Non-Strong References 4.017ms
[2025-05-18T20:56:47.049+0300][9008][21940][info][gc,phases   ] GC(42) Concurrent Reset Relocation Set 0.002ms
[2025-05-18T20:56:47.050+0300][9008][21940][info][gc,phases   ] GC(42) Concurrent Select Relocation Set 1.129ms
[2025-05-18T20:56:47.050+0300][9008][14992][info][gc,phases   ] GC(42) Pause Relocate Start 0.006ms
[2025-05-18T20:56:47.051+0300][9008][21940][info][gc,phases   ] GC(42) Concurrent Relocate 0.837ms
[2025-05-18T20:56:47.051+0300][9008][21940][info][gc,load     ] GC(42) Load: 0.00/0.00/0.00
[2025-05-18T20:56:47.051+0300][9008][21940][info][gc,mmu      ] GC(42) MMU: 2ms/97.0%, 5ms/98.8%, 10ms/99.4%, 20ms/99.6%, 50ms/99.9%, 100ms/99.9%
[2025-05-18T20:56:47.051+0300][9008][21940][info][gc,marking  ] GC(42) Mark: 2 stripe(s), 2 proactive flush(es), 1 terminate flush(es), 0 completion(s), 0 continuation(s) 
[2025-05-18T20:56:47.051+0300][9008][21940][info][gc,marking  ] GC(42) Mark Stack Usage: 32M
[2025-05-18T20:56:47.051+0300][9008][21940][info][gc,nmethod  ] GC(42) NMethods: 4435 registered, 1028 unregistered
[2025-05-18T20:56:47.051+0300][9008][21940][info][gc,metaspace] GC(42) Metaspace: 33M used, 34M committed, 1088M reserved
[2025-05-18T20:56:47.051+0300][9008][21940][info][gc,ref      ] GC(42) Soft: 4272 encountered, 0 discovered, 0 enqueued
[2025-05-18T20:56:47.051+0300][9008][21940][info][gc,ref      ] GC(42) Weak: 2499 encountered, 1112 discovered, 0 enqueued
[2025-05-18T20:56:47.051+0300][9008][21940][info][gc,ref      ] GC(42) Final: 3 encountered, 1 discovered, 0 enqueued
[2025-05-18T20:56:47.051+0300][9008][21940][info][gc,ref      ] GC(42) Phantom: 277 encountered, 210 discovered, 0 enqueued
[2025-05-18T20:56:47.051+0300][9008][21940][info][gc,reloc    ] GC(42) Small Pages: 225 / 450M, Empty: 340M, Relocated: 1M, In-Place: 0
[2025-05-18T20:56:47.051+0300][9008][21940][info][gc,reloc    ] GC(42) Medium Pages: 1 / 32M, Empty: 0M, Relocated: 0M, In-Place: 0
[2025-05-18T20:56:47.051+0300][9008][21940][info][gc,reloc    ] GC(42) Large Pages: 0 / 0M, Empty: 0M, Relocated: 0M, In-Place: 0
[2025-05-18T20:56:47.051+0300][9008][21940][info][gc,reloc    ] GC(42) Forwarding Usage: 0M
[2025-05-18T20:56:47.051+0300][9008][21940][info][gc,heap     ] GC(42) Min Capacity: 4096M(100%)
[2025-05-18T20:56:47.051+0300][9008][21940][info][gc,heap     ] GC(42) Max Capacity: 4096M(100%)
[2025-05-18T20:56:47.051+0300][9008][21940][info][gc,heap     ] GC(42) Soft Max Capacity: 4096M(100%)
[2025-05-18T20:56:47.051+0300][9008][21940][info][gc,heap     ] GC(42)                Mark Start          Mark End        Relocate Start      Relocate End           High               Low         
[2025-05-18T20:56:47.051+0300][9008][21940][info][gc,heap     ] GC(42)  Capacity:     4096M (100%)       4096M (100%)       4096M (100%)       4096M (100%)       4096M (100%)       4096M (100%)   
[2025-05-18T20:56:47.051+0300][9008][21940][info][gc,heap     ] GC(42)      Free:     3614M (88%)        3600M (88%)        3940M (96%)        4028M (98%)        4028M (98%)        3600M (88%)    
[2025-05-18T20:56:47.051+0300][9008][21940][info][gc,heap     ] GC(42)      Used:      482M (12%)         496M (12%)         156M (4%)           68M (2%)          496M (12%)          68M (2%)     
[2025-05-18T20:56:47.051+0300][9008][21940][info][gc,heap     ] GC(42)      Live:         -                18M (0%)           18M (0%)           18M (0%)             -                  -          
[2025-05-18T20:56:47.051+0300][9008][21940][info][gc,heap     ] GC(42) Allocated:         -                14M (0%)           14M (0%)           14M (0%)             -                  -          
[2025-05-18T20:56:47.051+0300][9008][21940][info][gc,heap     ] GC(42)   Garbage:         -               463M (11%)         123M (3%)           35M (1%)             -                  -          
[2025-05-18T20:56:47.051+0300][9008][21940][info][gc,heap     ] GC(42) Reclaimed:         -                  -               340M (8%)          428M (10%)            -                  -          
[2025-05-18T20:56:47.051+0300][9008][21940][info][gc          ] GC(42) Garbage Collection (Proactive) 482M(12%)->68M(2%)
[2025-05-18T20:56:52.031+0300][9008][9208 ][info][gc,stats    ] === Garbage Collection Statistics =======================================================================================================================
[2025-05-18T20:56:52.031+0300][9008][9208 ][info][gc,stats    ]                                                              Last 10s              Last 10m              Last 10h                Total
[2025-05-18T20:56:52.031+0300][9008][9208 ][info][gc,stats    ]                                                              Avg / Max             Avg / Max             Avg / Max             Avg / Max
[2025-05-18T20:56:52.031+0300][9008][9208 ][info][gc,stats    ]   Collector: Garbage Collection Cycle                     21.279 / 21.279       51.234 / 101.996      51.234 / 101.996      51.234 / 101.996     ms
[2025-05-18T20:56:52.031+0300][9008][9208 ][info][gc,stats    ]  Contention: Mark Segment Reset Contention                     0 / 0                 0 / 1                 0 / 1                 0 / 1           ops/s
[2025-05-18T20:56:52.031+0300][9008][9208 ][info][gc,stats    ]  Contention: Mark SeqNum Reset Contention                      0 / 0                 0 / 1                 0 / 1                 0 / 1           ops/s
[2025-05-18T20:56:52.031+0300][9008][9208 ][info][gc,stats    ]    Critical: Allocation Stall                                  0 / 0                 0 / 0                 0 / 0                 0 / 0           ops/s
[2025-05-18T20:56:52.031+0300][9008][9208 ][info][gc,stats    ]    Critical: Allocation Stall                              0.000 / 0.000         0.000 / 0.000         0.000 / 0.000         0.000 / 0.000       ms
[2025-05-18T20:56:52.031+0300][9008][9208 ][info][gc,stats    ]    Critical: GC Locker Stall                                   0 / 0                 0 / 0                 0 / 0                 0 / 0           ops/s
[2025-05-18T20:56:52.031+0300][9008][9208 ][info][gc,stats    ]    Critical: GC Locker Stall                               0.000 / 0.000         0.000 / 0.000         0.000 / 0.000         0.000 / 0.000       ms
[2025-05-18T20:56:52.032+0300][9008][9208 ][info][gc,stats    ]    Critical: Relocation Stall                                  0 / 0                 0 / 0                 0 / 0                 0 / 0           ops/s
[2025-05-18T20:56:52.032+0300][9008][9208 ][info][gc,stats    ]    Critical: Relocation Stall                              0.000 / 0.000         0.000 / 0.000         0.000 / 0.000         0.000 / 0.000       ms
[2025-05-18T20:56:52.032+0300][9008][9208 ][info][gc,stats    ]      Memory: Allocation Rate                                  36 / 44               35 / 142              35 / 142              35 / 142         MB/s
[2025-05-18T20:56:52.032+0300][9008][9208 ][info][gc,stats    ]      Memory: Defragment                                        0 / 0                 0 / 0                 0 / 0                 0 / 0           ops/s
[2025-05-18T20:56:52.032+0300][9008][9208 ][info][gc,stats    ]      Memory: Out Of Memory                                     0 / 0                 0 / 0                 0 / 0                 0 / 0           ops/s
[2025-05-18T20:56:52.032+0300][9008][9208 ][info][gc,stats    ]      Memory: Page Cache Flush                                  0 / 0                 0 / 0                 0 / 0                 0 / 0           MB/s
[2025-05-18T20:56:52.032+0300][9008][9208 ][info][gc,stats    ]      Memory: Page Cache Hit L1                                18 / 24               16 / 75               16 / 75               16 / 75          ops/s
[2025-05-18T20:56:52.032+0300][9008][9208 ][info][gc,stats    ]      Memory: Page Cache Hit L2                                 0 / 0                 0 / 0                 0 / 0                 0 / 0           ops/s
[2025-05-18T20:56:52.032+0300][9008][9208 ][info][gc,stats    ]      Memory: Page Cache Hit L3                                 0 / 0                 1 / 42                1 / 42                1 / 42          ops/s
[2025-05-18T20:56:52.032+0300][9008][9208 ][info][gc,stats    ]      Memory: Page Cache Miss                                   0 / 0                 0 / 1                 0 / 1                 0 / 1           ops/s
[2025-05-18T20:56:52.032+0300][9008][9208 ][info][gc,stats    ]      Memory: Uncommit                                          0 / 0                 0 / 0                 0 / 0                 0 / 0           MB/s
[2025-05-18T20:56:52.032+0300][9008][9208 ][info][gc,stats    ]      Memory: Undo Object Allocation Failed                     0 / 0                 0 / 0                 0 / 0                 0 / 0           ops/s
[2025-05-18T20:56:52.032+0300][9008][9208 ][info][gc,stats    ]      Memory: Undo Object Allocation Succeeded                  0 / 0                 0 / 12                0 / 12                0 / 12          ops/s
[2025-05-18T20:56:52.032+0300][9008][9208 ][info][gc,stats    ]      Memory: Undo Page Allocation                              0 / 1                 0 / 1                 0 / 1                 0 / 1           ops/s
[2025-05-18T20:56:52.032+0300][9008][9208 ][info][gc,stats    ]       Phase: Concurrent Mark                              14.139 / 14.139       34.569 / 62.811       34.569 / 62.811       34.569 / 62.811      ms
[2025-05-18T20:56:52.032+0300][9008][9208 ][info][gc,stats    ]       Phase: Concurrent Mark Continue                      0.000 / 0.000         0.000 / 0.000         0.000 / 0.000         0.000 / 0.000       ms
[2025-05-18T20:56:52.032+0300][9008][9208 ][info][gc,stats    ]       Phase: Concurrent Mark Free                          0.001 / 0.001         0.001 / 0.003         0.001 / 0.003         0.001 / 0.003       ms
[2025-05-18T20:56:52.032+0300][9008][9208 ][info][gc,stats    ]       Phase: Concurrent Process Non-Strong References      4.017 / 4.017        10.772 / 33.805       10.772 / 33.805       10.772 / 33.805      ms
[2025-05-18T20:56:52.032+0300][9008][9208 ][info][gc,stats    ]       Phase: Concurrent Relocate                           0.837 / 0.837         1.851 / 7.249         1.851 / 7.249         1.851 / 7.249       ms
[2025-05-18T20:56:52.032+0300][9008][9208 ][info][gc,stats    ]       Phase: Concurrent Reset Relocation Set               0.002 / 0.002         0.006 / 0.041         0.006 / 0.041         0.006 / 0.041       ms
[2025-05-18T20:56:52.032+0300][9008][9208 ][info][gc,stats    ]       Phase: Concurrent Select Relocation Set              1.129 / 1.129         2.327 / 5.995         2.327 / 5.995         2.327 / 5.995       ms
[2025-05-18T20:56:52.032+0300][9008][9208 ][info][gc,stats    ]       Phase: Pause Mark End                                0.015 / 0.015         0.022 / 0.060         0.022 / 0.060         0.022 / 0.060       ms
[2025-05-18T20:56:52.032+0300][9008][9208 ][info][gc,stats    ]       Phase: Pause Mark Start                              0.014 / 0.014         0.013 / 0.020         0.013 / 0.020         0.013 / 0.020       ms
[2025-05-18T20:56:52.032+0300][9008][9208 ][info][gc,stats    ]       Phase: Pause Relocate Start                          0.006 / 0.006         0.011 / 0.031         0.011 / 0.031         0.011 / 0.031       ms
[2025-05-18T20:56:52.032+0300][9008][9208 ][info][gc,stats    ]    Subphase: Concurrent Classes Purge                      0.036 / 0.036         0.743 / 13.962        0.743 / 13.962        0.743 / 13.962      ms
[2025-05-18T20:56:52.033+0300][9008][9208 ][info][gc,stats    ]    Subphase: Concurrent Classes Unlink                     2.988 / 2.988         8.633 / 24.746        8.633 / 24.746        8.633 / 24.746      ms
[2025-05-18T20:56:52.033+0300][9008][9208 ][info][gc,stats    ]    Subphase: Concurrent Mark                              11.894 / 12.313       29.120 / 60.345       29.120 / 60.345       29.120 / 60.345      ms
[2025-05-18T20:56:52.033+0300][9008][9208 ][info][gc,stats    ]    Subphase: Concurrent Mark Try Flush                     0.164 / 0.195         0.135 / 1.122         0.135 / 1.122         0.135 / 1.122       ms
[2025-05-18T20:56:52.033+0300][9008][9208 ][info][gc,stats    ]    Subphase: Concurrent Mark Try Terminate                 0.527 / 1.436         2.863 / 16.497        2.863 / 16.497        2.863 / 16.497      ms
[2025-05-18T20:56:52.033+0300][9008][9208 ][info][gc,stats    ]    Subphase: Concurrent References Enqueue                 0.001 / 0.001         0.003 / 0.017         0.003 / 0.017         0.003 / 0.017       ms
[2025-05-18T20:56:52.033+0300][9008][9208 ][info][gc,stats    ]    Subphase: Concurrent References Process                 0.145 / 0.145         0.147 / 0.325         0.147 / 0.325         0.147 / 0.325       ms
[2025-05-18T20:56:52.033+0300][9008][9208 ][info][gc,stats    ]    Subphase: Concurrent Roots ClassLoaderDataGraph         0.404 / 0.754         0.267 / 0.802         0.267 / 0.802         0.267 / 0.802       ms
[2025-05-18T20:56:52.033+0300][9008][9208 ][info][gc,stats    ]    Subphase: Concurrent Roots CodeCache                    0.000 / 0.000         0.000 / 0.000         0.000 / 0.000         0.000 / 0.000       ms
[2025-05-18T20:56:52.033+0300][9008][9208 ][info][gc,stats    ]    Subphase: Concurrent Roots JavaThreads                  1.222 / 1.576         1.191 / 5.503         1.191 / 5.503         1.191 / 5.503       ms
[2025-05-18T20:56:52.033+0300][9008][9208 ][info][gc,stats    ]    Subphase: Concurrent Roots OopStorageSet                0.037 / 0.044         0.034 / 0.093         0.034 / 0.093         0.034 / 0.093       ms
[2025-05-18T20:56:52.033+0300][9008][9208 ][info][gc,stats    ]    Subphase: Concurrent Weak Roots OopStorageSet           0.613 / 0.617         1.007 / 2.357         1.007 / 2.357         1.007 / 2.357       ms
[2025-05-18T20:56:52.033+0300][9008][9208 ][info][gc,stats    ]    Subphase: Pause Mark Try Complete                       0.000 / 0.000         0.000 / 0.000         0.000 / 0.000         0.000 / 0.000       ms
[2025-05-18T20:56:52.033+0300][9008][9208 ][info][gc,stats    ]      System: Java Threads                                     32 / 32               31 / 34               31 / 34               31 / 34          threads
[2025-05-18T20:56:52.033+0300][9008][9208 ][info][gc,stats    ] =========================================================================================================================================================
[2025-05-18T20:56:58.925+0300][9008][21940][info][gc,start    ] GC(43) Garbage Collection (Proactive)
[2025-05-18T20:56:58.925+0300][9008][21940][info][gc,task     ] GC(43) Using 2 workers
[2025-05-18T20:56:58.925+0300][9008][14992][info][gc,phases   ] GC(43) Pause Mark Start 0.011ms
[2025-05-18T20:56:58.941+0300][9008][21940][info][gc,phases   ] GC(43) Concurrent Mark 14.602ms
[2025-05-18T20:56:58.941+0300][9008][14992][info][gc,phases   ] GC(43) Pause Mark End 0.016ms
[2025-05-18T20:56:58.941+0300][9008][21940][info][gc,phases   ] GC(43) Concurrent Mark Free 0.001ms
[2025-05-18T20:56:58.947+0300][9008][21940][info][gc,phases   ] GC(43) Concurrent Process Non-Strong References 5.405ms
[2025-05-18T20:56:58.947+0300][9008][21940][info][gc,phases   ] GC(43) Concurrent Reset Relocation Set 0.002ms
[2025-05-18T20:56:58.948+0300][9008][21940][info][gc,phases   ] GC(43) Concurrent Select Relocation Set 1.243ms
[2025-05-18T20:56:58.948+0300][9008][14992][info][gc,phases   ] GC(43) Pause Relocate Start 0.006ms
[2025-05-18T20:56:58.949+0300][9008][21940][info][gc,phases   ] GC(43) Concurrent Relocate 0.861ms
[2025-05-18T20:56:58.949+0300][9008][21940][info][gc,load     ] GC(43) Load: 0.00/0.00/0.00
[2025-05-18T20:56:58.949+0300][9008][21940][info][gc,mmu      ] GC(43) MMU: 2ms/97.0%, 5ms/98.8%, 10ms/99.4%, 20ms/99.6%, 50ms/99.9%, 100ms/99.9%
[2025-05-18T20:56:58.949+0300][9008][21940][info][gc,marking  ] GC(43) Mark: 2 stripe(s), 2 proactive flush(es), 1 terminate flush(es), 0 completion(s), 0 continuation(s) 
[2025-05-18T20:56:58.949+0300][9008][21940][info][gc,marking  ] GC(43) Mark Stack Usage: 32M
[2025-05-18T20:56:58.949+0300][9008][21940][info][gc,nmethod  ] GC(43) NMethods: 4438 registered, 1030 unregistered
[2025-05-18T20:56:58.949+0300][9008][21940][info][gc,metaspace] GC(43) Metaspace: 33M used, 34M committed, 1088M reserved
[2025-05-18T20:56:58.949+0300][9008][21940][info][gc,ref      ] GC(43) Soft: 4272 encountered, 0 discovered, 0 enqueued
[2025-05-18T20:56:58.949+0300][9008][21940][info][gc,ref      ] GC(43) Weak: 2499 encountered, 579 discovered, 0 enqueued
[2025-05-18T20:56:58.949+0300][9008][21940][info][gc,ref      ] GC(43) Final: 3 encountered, 1 discovered, 0 enqueued
[2025-05-18T20:56:58.949+0300][9008][21940][info][gc,ref      ] GC(43) Phantom: 278 encountered, 173 discovered, 0 enqueued
[2025-05-18T20:56:58.949+0300][9008][21940][info][gc,reloc    ] GC(43) Small Pages: 223 / 446M, Empty: 326M, Relocated: 1M, In-Place: 0
[2025-05-18T20:56:58.949+0300][9008][21940][info][gc,reloc    ] GC(43) Medium Pages: 1 / 32M, Empty: 0M, Relocated: 0M, In-Place: 0
[2025-05-18T20:56:58.949+0300][9008][21940][info][gc,reloc    ] GC(43) Large Pages: 0 / 0M, Empty: 0M, Relocated: 0M, In-Place: 0
[2025-05-18T20:56:58.949+0300][9008][21940][info][gc,reloc    ] GC(43) Forwarding Usage: 0M
[2025-05-18T20:56:58.949+0300][9008][21940][info][gc,heap     ] GC(43) Min Capacity: 4096M(100%)
[2025-05-18T20:56:58.949+0300][9008][21940][info][gc,heap     ] GC(43) Max Capacity: 4096M(100%)
[2025-05-18T20:56:58.949+0300][9008][21940][info][gc,heap     ] GC(43) Soft Max Capacity: 4096M(100%)
[2025-05-18T20:56:58.949+0300][9008][21940][info][gc,heap     ] GC(43)                Mark Start          Mark End        Relocate Start      Relocate End           High               Low         
[2025-05-18T20:56:58.949+0300][9008][21940][info][gc,heap     ] GC(43)  Capacity:     4096M (100%)       4096M (100%)       4096M (100%)       4096M (100%)       4096M (100%)       4096M (100%)   
[2025-05-18T20:56:58.949+0300][9008][21940][info][gc,heap     ] GC(43)      Free:     3618M (88%)        3602M (88%)        3928M (96%)        4026M (98%)        4026M (98%)        3602M (88%)    
[2025-05-18T20:56:58.949+0300][9008][21940][info][gc,heap     ] GC(43)      Used:      478M (12%)         494M (12%)         168M (4%)           70M (2%)          494M (12%)          70M (2%)     
[2025-05-18T20:56:58.949+0300][9008][21940][info][gc,heap     ] GC(43)      Live:         -                18M (0%)           18M (0%)           18M (0%)             -                  -          
[2025-05-18T20:56:58.949+0300][9008][21940][info][gc,heap     ] GC(43) Allocated:         -                16M (0%)           16M (0%)           16M (0%)             -                  -          
[2025-05-18T20:56:58.949+0300][9008][21940][info][gc,heap     ] GC(43)   Garbage:         -               459M (11%)         133M (3%)           35M (1%)             -                  -          
[2025-05-18T20:56:58.949+0300][9008][21940][info][gc,heap     ] GC(43) Reclaimed:         -                  -               326M (8%)          424M (10%)            -                  -          
[2025-05-18T20:56:58.949+0300][9008][21940][info][gc          ] GC(43) Garbage Collection (Proactive) 478M(12%)->70M(2%)
[2025-05-18T20:57:00.338+0300][9008][9344 ][info][gc,heap,exit] Heap
[2025-05-18T20:57:00.338+0300][9008][9344 ][info][gc,heap,exit]  ZHeap           used 132M, capacity 4096M, max capacity 4096M
[2025-05-18T20:57:00.338+0300][9008][9344 ][info][gc,heap,exit]  Metaspace       used 34375K, committed 35136K, reserved 1114112K
[2025-05-18T20:57:00.338+0300][9008][9344 ][info][gc,heap,exit]   class space    used 2862K, committed 3264K, reserved 1048576K
