[2025-06-18T00:00:34.955+0300][14400][20652][debug][gc,heap] Minimum heap 2147483648  Initial heap 2147483648  Maximum heap 2147483648
[2025-06-18T00:00:35.018+0300][14400][20652][info ][gc     ] Using The Z Garbage Collector
[2025-06-18T00:00:36.084+0300][14400][20600][debug][safepoint] Safepoint synchronization initiated using striped semaphore wait barrier. (11 threads)
[2025-06-18T00:00:36.084+0300][14400][20600][info ][safepoint] Safepoint "Cleanup", Time since last: 1056208200 ns, Reaching safepoint: 232700 ns, Cleanup: 63500 ns, At safepoint: 3300 ns, Total: 299500 ns
[2025-06-18T00:00:37.116+0300][14400][20600][debug][safepoint] Safepoint synchronization initiated using striped semaphore wait barrier. (12 threads)
[2025-06-18T00:00:37.116+0300][14400][20600][info ][safepoint] Safepoint "ICBufferFull", Time since last: 1042458800 ns, Reaching safepoint: 79100 ns, Cleanup: 112900 ns, At safepoint: 5900 ns, Total: 197900 ns
[2025-06-18T00:00:37.481+0300][14400][20600][debug][safepoint] Safepoint synchronization initiated using striped semaphore wait barrier. (13 threads)
[2025-06-18T00:00:37.481+0300][14400][20600][info ][safepoint] Safepoint "ICBufferFull", Time since last: 359977400 ns, Reaching safepoint: 49700 ns, Cleanup: 85000 ns, At safepoint: 5200 ns, Total: 139900 ns
[2025-06-18T00:00:38.186+0300][14400][20600][debug][safepoint] Safepoint synchronization initiated using striped semaphore wait barrier. (13 threads)
[2025-06-18T00:00:38.186+0300][14400][20600][info ][safepoint] Safepoint "ICBufferFull", Time since last: 700453900 ns, Reaching safepoint: 44300 ns, Cleanup: 82300 ns, At safepoint: 4300 ns, Total: 130900 ns
[2025-06-18T00:00:38.569+0300][14400][20600][debug][safepoint] Safepoint synchronization initiated using striped semaphore wait barrier. (13 threads)
[2025-06-18T00:00:38.569+0300][14400][20600][info ][safepoint] Safepoint "ICBufferFull", Time since last: 384689700 ns, Reaching safepoint: 67800 ns, Cleanup: 82100 ns, At safepoint: 5700 ns, Total: 155600 ns
[2025-06-18T00:00:38.862+0300][14400][7356 ][debug][gc,heap  ] GC(0) Heap before GC invocations=0 (full 0):
[2025-06-18T00:00:38.862+0300][14400][7356 ][debug][gc,heap  ] GC(0)  ZHeap           used 194M, capacity 2048M, max capacity 2048M
[2025-06-18T00:00:38.862+0300][14400][7356 ][debug][gc,heap  ] GC(0)  Metaspace       used 15332K, committed 15744K, reserved 1114112K
[2025-06-18T00:00:38.862+0300][14400][7356 ][debug][gc,heap  ] GC(0)   class space    used 1510K, committed 1728K, reserved 1048576K
[2025-06-18T00:00:38.862+0300][14400][20600][debug][safepoint] Safepoint synchronization initiated using striped semaphore wait barrier. (25 threads)
[2025-06-18T00:00:38.862+0300][14400][20600][info ][gc,phases] GC(0) Pause Mark Start 0.006ms
[2025-06-18T00:00:38.862+0300][14400][20600][info ][safepoint] Safepoint "XMarkStart", Time since last: 291204900 ns, Reaching safepoint: 21100 ns, Cleanup: 47500 ns, At safepoint: 36100 ns, Total: 104700 ns
[2025-06-18T00:00:38.894+0300][14400][7356 ][info ][gc,phases] GC(0) Concurrent Mark 30.077ms
[2025-06-18T00:00:38.894+0300][14400][20600][debug][safepoint] Safepoint synchronization initiated using striped semaphore wait barrier. (25 threads)
[2025-06-18T00:00:38.894+0300][14400][20600][info ][gc,phases] GC(0) Pause Mark End 0.027ms
[2025-06-18T00:00:38.894+0300][14400][20600][info ][safepoint] Safepoint "XMarkEnd", Time since last: 30302500 ns, Reaching safepoint: 25900 ns, Cleanup: 5600 ns, At safepoint: 42300 ns, Total: 73800 ns
[2025-06-18T00:00:38.894+0300][14400][7356 ][info ][gc,phases] GC(0) Concurrent Mark Free 0.000ms
[2025-06-18T00:00:38.894+0300][14400][7356 ][debug][gc,phases] GC(0) Concurrent References Process 0.271ms
[2025-06-18T00:00:38.894+0300][14400][7356 ][debug][gc,phases] GC(0) ClassLoaderData 0.015ms
[2025-06-18T00:00:38.894+0300][14400][7356 ][debug][gc,phases] GC(0) Trigger cleanups 0.000ms
[2025-06-18T00:00:38.894+0300][14400][7356 ][debug][gc,phases] GC(0) Concurrent Classes Unlink 1.977ms
[2025-06-18T00:00:38.894+0300][14400][7356 ][debug][gc,phases] GC(0) Concurrent Classes Purge 0.611ms
[2025-06-18T00:00:38.894+0300][14400][7356 ][debug][gc,phases] GC(0) Concurrent References Enqueue 0.006ms
[2025-06-18T00:00:38.894+0300][14400][20600][debug][safepoint] Safepoint synchronization initiated using striped semaphore wait barrier. (25 threads)
[2025-06-18T00:00:38.894+0300][14400][7356 ][info ][gc,phases] GC(0) Concurrent Process Non-Strong References 3.585ms
[2025-06-18T00:00:38.894+0300][14400][7356 ][info ][gc,phases] GC(0) Concurrent Reset Relocation Set 0.001ms
[2025-06-18T00:00:38.894+0300][14400][20600][info ][safepoint] Safepoint "CleanClassLoaderDataMetaspaces", Time since last: 3613100 ns, Reaching safepoint: 44100 ns, Cleanup: 67200 ns, At safepoint: 254300 ns, Total: 365600 ns
[2025-06-18T00:00:38.902+0300][14400][7356 ][info ][gc,phases] GC(0) Concurrent Select Relocation Set 5.092ms
[2025-06-18T00:00:38.902+0300][14400][20600][debug][safepoint] Safepoint synchronization initiated using striped semaphore wait barrier. (25 threads)
[2025-06-18T00:00:38.902+0300][14400][20600][info ][gc,phases] GC(0) Pause Relocate Start 0.015ms
[2025-06-18T00:00:38.902+0300][14400][20600][info ][safepoint] Safepoint "XRelocateStart", Time since last: 4887600 ns, Reaching safepoint: 23500 ns, Cleanup: 6700 ns, At safepoint: 30000 ns, Total: 60200 ns
[2025-06-18T00:00:38.907+0300][14400][7356 ][info ][gc,phases] GC(0) Concurrent Relocate 5.395ms
[2025-06-18T00:00:38.907+0300][14400][7356 ][debug][gc,heap  ] GC(0) Heap after GC invocations=1 (full 1):
[2025-06-18T00:00:38.907+0300][14400][7356 ][debug][gc,heap  ] GC(0)  ZHeap           used 18M, capacity 2048M, max capacity 2048M
[2025-06-18T00:00:38.907+0300][14400][7356 ][debug][gc,heap  ] GC(0)  Metaspace       used 15335K, committed 15744K, reserved 1114112K
[2025-06-18T00:00:38.907+0300][14400][7356 ][debug][gc,heap  ] GC(0)   class space    used 1510K, committed 1728K, reserved 1048576K
[2025-06-18T00:00:38.907+0300][14400][7356 ][info ][gc,heap  ] GC(0) Min Capacity: 2048M(100%)
[2025-06-18T00:00:38.907+0300][14400][7356 ][info ][gc,heap  ] GC(0) Max Capacity: 2048M(100%)
[2025-06-18T00:00:38.907+0300][14400][7356 ][info ][gc,heap  ] GC(0) Soft Max Capacity: 2048M(100%)
[2025-06-18T00:00:38.907+0300][14400][7356 ][info ][gc,heap  ] GC(0)                Mark Start          Mark End        Relocate Start      Relocate End           High               Low         
[2025-06-18T00:00:38.907+0300][14400][7356 ][info ][gc,heap  ] GC(0)  Capacity:     2048M (100%)       2048M (100%)       2048M (100%)       2048M (100%)       2048M (100%)       2048M (100%)   
[2025-06-18T00:00:38.907+0300][14400][7356 ][info ][gc,heap  ] GC(0)      Free:     1854M (91%)        1854M (91%)        1850M (90%)        2030M (99%)        2030M (99%)        1848M (90%)    
[2025-06-18T00:00:38.907+0300][14400][7356 ][info ][gc,heap  ] GC(0)      Used:      194M (9%)          194M (9%)          198M (10%)          18M (1%)          200M (10%)          18M (1%)     
[2025-06-18T00:00:38.907+0300][14400][7356 ][info ][gc,heap  ] GC(0)      Live:         -                11M (1%)           11M (1%)           11M (1%)             -                  -          
[2025-06-18T00:00:38.907+0300][14400][7356 ][info ][gc,heap  ] GC(0) Allocated:         -                 0M (0%)            4M (0%)            4M (0%)             -                  -          
[2025-06-18T00:00:38.907+0300][14400][7356 ][info ][gc,heap  ] GC(0)   Garbage:         -               182M (9%)          182M (9%)            2M (0%)             -                  -          
[2025-06-18T00:00:38.907+0300][14400][7356 ][info ][gc,heap  ] GC(0) Reclaimed:         -                  -                 0M (0%)          180M (9%)             -                  -          
[2025-06-18T00:00:38.907+0300][14400][7356 ][info ][gc       ] GC(0) Garbage Collection (System.gc()) 194M(9%)->18M(1%)
[2025-06-18T00:00:39.525+0300][14400][20600][debug][safepoint] Safepoint synchronization initiated using striped semaphore wait barrier. (34 threads)
[2025-06-18T00:00:39.526+0300][14400][20600][info ][safepoint] Safepoint "ICBufferFull", Time since last: 622367400 ns, Reaching safepoint: 48900 ns, Cleanup: 93200 ns, At safepoint: 7200 ns, Total: 149300 ns
[2025-06-18T00:00:39.788+0300][14400][7356 ][debug][gc,heap  ] GC(1) Heap before GC invocations=1 (full 1):
[2025-06-18T00:00:39.788+0300][14400][7356 ][debug][gc,heap  ] GC(1)  ZHeap           used 184M, capacity 2048M, max capacity 2048M
[2025-06-18T00:00:39.788+0300][14400][7356 ][debug][gc,heap  ] GC(1)  Metaspace       used 25817K, committed 26304K, reserved 1114112K
[2025-06-18T00:00:39.788+0300][14400][7356 ][debug][gc,heap  ] GC(1)   class space    used 2451K, committed 2688K, reserved 1048576K
[2025-06-18T00:00:39.788+0300][14400][20600][debug][safepoint] Safepoint synchronization initiated using striped semaphore wait barrier. (34 threads)
[2025-06-18T00:00:39.788+0300][14400][20600][info ][gc,phases] GC(1) Pause Mark Start 0.006ms
[2025-06-18T00:00:39.788+0300][14400][20600][info ][safepoint] Safepoint "XMarkStart", Time since last: 274019500 ns, Reaching safepoint: 59900 ns, Cleanup: 23100 ns, At safepoint: 34400 ns, Total: 117400 ns
[2025-06-18T00:00:39.835+0300][14400][7356 ][info ][gc,phases] GC(1) Concurrent Mark 35.312ms
[2025-06-18T00:00:39.835+0300][14400][20600][debug][safepoint] Safepoint synchronization initiated using striped semaphore wait barrier. (34 threads)
[2025-06-18T00:00:39.835+0300][14400][20600][info ][gc,phases] GC(1) Pause Mark End 0.011ms
[2025-06-18T00:00:39.835+0300][14400][20600][info ][safepoint] Safepoint "XMarkEnd", Time since last: 35464700 ns, Reaching safepoint: 38900 ns, Cleanup: 8800 ns, At safepoint: 34900 ns, Total: 82600 ns
[2025-06-18T00:00:39.835+0300][14400][7356 ][info ][gc,phases] GC(1) Concurrent Mark Free 0.001ms
[2025-06-18T00:00:39.835+0300][14400][7356 ][debug][gc,phases] GC(1) Concurrent References Process 0.098ms
[2025-06-18T00:00:39.835+0300][14400][7356 ][debug][gc,phases] GC(1) ClassLoaderData 0.026ms
[2025-06-18T00:00:39.835+0300][14400][7356 ][debug][gc,phases] GC(1) Trigger cleanups 0.000ms
[2025-06-18T00:00:39.835+0300][14400][7356 ][debug][gc,phases] GC(1) Concurrent Classes Unlink 3.833ms
[2025-06-18T00:00:39.835+0300][14400][7356 ][debug][gc,phases] GC(1) Concurrent Classes Purge 0.259ms
[2025-06-18T00:00:39.835+0300][14400][20600][debug][safepoint] Safepoint synchronization initiated using striped semaphore wait barrier. (34 threads)
[2025-06-18T00:00:39.835+0300][14400][7356 ][debug][gc,phases] GC(1) Concurrent References Enqueue 0.003ms
[2025-06-18T00:00:39.835+0300][14400][7356 ][info ][gc,phases] GC(1) Concurrent Process Non-Strong References 5.818ms
[2025-06-18T00:00:39.835+0300][14400][7356 ][info ][gc,phases] GC(1) Concurrent Reset Relocation Set 0.010ms
[2025-06-18T00:00:39.835+0300][14400][20600][info ][safepoint] Safepoint "CleanClassLoaderDataMetaspaces", Time since last: 5821200 ns, Reaching safepoint: 60000 ns, Cleanup: 47500 ns, At safepoint: 90000 ns, Total: 197500 ns
[2025-06-18T00:00:39.835+0300][14400][7356 ][info ][gc,phases] GC(1) Concurrent Select Relocation Set 1.825ms
[2025-06-18T00:00:39.835+0300][14400][20600][debug][safepoint] Safepoint synchronization initiated using striped semaphore wait barrier. (34 threads)
[2025-06-18T00:00:39.835+0300][14400][20600][info ][gc,phases] GC(1) Pause Relocate Start 0.007ms
[2025-06-18T00:00:39.835+0300][14400][20600][info ][safepoint] Safepoint "XRelocateStart", Time since last: 1808700 ns, Reaching safepoint: 37200 ns, Cleanup: 10700 ns, At safepoint: 28500 ns, Total: 76400 ns
[2025-06-18T00:00:39.835+0300][14400][7356 ][info ][gc,phases] GC(1) Concurrent Relocate 1.944ms
[2025-06-18T00:00:39.835+0300][14400][7356 ][debug][gc,heap  ] GC(1) Heap after GC invocations=2 (full 2):
[2025-06-18T00:00:39.835+0300][14400][7356 ][debug][gc,heap  ] GC(1)  ZHeap           used 62M, capacity 2048M, max capacity 2048M
[2025-06-18T00:00:39.835+0300][14400][7356 ][debug][gc,heap  ] GC(1)  Metaspace       used 26007K, committed 26496K, reserved 1114112K
[2025-06-18T00:00:39.835+0300][14400][7356 ][debug][gc,heap  ] GC(1)   class space    used 2468K, committed 2688K, reserved 1048576K
[2025-06-18T00:00:39.835+0300][14400][7356 ][info ][gc,heap  ] GC(1) Min Capacity: 2048M(100%)
[2025-06-18T00:00:39.835+0300][14400][7356 ][info ][gc,heap  ] GC(1) Max Capacity: 2048M(100%)
[2025-06-18T00:00:39.835+0300][14400][7356 ][info ][gc,heap  ] GC(1) Soft Max Capacity: 2048M(100%)
[2025-06-18T00:00:39.835+0300][14400][7356 ][info ][gc,heap  ] GC(1)                Mark Start          Mark End        Relocate Start      Relocate End           High               Low         
[2025-06-18T00:00:39.835+0300][14400][7356 ][info ][gc,heap  ] GC(1)  Capacity:     2048M (100%)       2048M (100%)       2048M (100%)       2048M (100%)       2048M (100%)       2048M (100%)   
[2025-06-18T00:00:39.835+0300][14400][7356 ][info ][gc,heap  ] GC(1)      Free:     1864M (91%)        1860M (91%)        1888M (92%)        1986M (97%)        1986M (97%)        1856M (91%)    
[2025-06-18T00:00:39.835+0300][14400][7356 ][info ][gc,heap  ] GC(1)      Used:      184M (9%)          188M (9%)          160M (8%)           62M (3%)          192M (9%)           62M (3%)     
[2025-06-18T00:00:39.835+0300][14400][7356 ][info ][gc,heap  ] GC(1)      Live:         -                16M (1%)           16M (1%)           16M (1%)             -                  -          
[2025-06-18T00:00:39.835+0300][14400][7356 ][info ][gc,heap  ] GC(1) Allocated:         -                 4M (0%)            8M (0%)            9M (0%)             -                  -          
[2025-06-18T00:00:39.835+0300][14400][7356 ][info ][gc,heap  ] GC(1)   Garbage:         -               167M (8%)          135M (7%)           35M (2%)             -                  -          
[2025-06-18T00:00:39.835+0300][14400][7356 ][info ][gc,heap  ] GC(1) Reclaimed:         -                  -                32M (2%)          131M (6%)             -                  -          
[2025-06-18T00:00:39.835+0300][14400][7356 ][info ][gc       ] GC(1) Garbage Collection (Metadata GC Threshold) 184M(9%)->62M(3%)
[2025-06-18T00:00:40.136+0300][14400][20600][debug][safepoint] Safepoint synchronization initiated using striped semaphore wait barrier. (34 threads)
[2025-06-18T00:00:40.136+0300][14400][20600][info ][safepoint] Safepoint "ICBufferFull", Time since last: 292966800 ns, Reaching safepoint: 89400 ns, Cleanup: 118700 ns, At safepoint: 6300 ns, Total: 214400 ns
[2025-06-18T00:00:40.435+0300][14400][20600][debug][safepoint] Safepoint synchronization initiated using striped semaphore wait barrier. (34 threads)
[2025-06-18T00:00:40.436+0300][14400][20600][info ][safepoint] Safepoint "ICBufferFull", Time since last: 299558800 ns, Reaching safepoint: 70700 ns, Cleanup: 104400 ns, At safepoint: 1300 ns, Total: 176400 ns
[2025-06-18T00:00:40.867+0300][14400][20600][debug][safepoint] Safepoint synchronization initiated using striped semaphore wait barrier. (34 threads)
[2025-06-18T00:00:40.867+0300][14400][20600][info ][safepoint] Safepoint "ICBufferFull", Time since last: 430918100 ns, Reaching safepoint: 65100 ns, Cleanup: 126800 ns, At safepoint: 8600 ns, Total: 200500 ns
[2025-06-18T00:00:41.498+0300][14400][20600][debug][safepoint] Safepoint synchronization initiated using striped semaphore wait barrier. (34 threads)
[2025-06-18T00:00:41.498+0300][14400][20600][info ][safepoint] Safepoint "ICBufferFull", Time since last: 630980900 ns, Reaching safepoint: 67600 ns, Cleanup: 114600 ns, At safepoint: 1900 ns, Total: 184100 ns
[2025-06-18T00:00:41.932+0300][14400][20600][debug][safepoint] Safepoint synchronization initiated using striped semaphore wait barrier. (34 threads)
[2025-06-18T00:00:41.932+0300][14400][20600][info ][safepoint] Safepoint "ICBufferFull", Time since last: 434237700 ns, Reaching safepoint: 72400 ns, Cleanup: 138200 ns, At safepoint: 2300 ns, Total: 212900 ns
[2025-06-18T00:00:42.547+0300][14400][20600][debug][safepoint] Safepoint synchronization initiated using striped semaphore wait barrier. (34 threads)
[2025-06-18T00:00:42.548+0300][14400][20600][info ][safepoint] Safepoint "ICBufferFull", Time since last: 615269500 ns, Reaching safepoint: 108900 ns, Cleanup: 157000 ns, At safepoint: 18800 ns, Total: 284700 ns
[2025-06-18T00:00:42.836+0300][14400][7356 ][debug][gc,heap  ] GC(2) Heap before GC invocations=2 (full 2):
[2025-06-18T00:00:42.836+0300][14400][7356 ][debug][gc,heap  ] GC(2)  ZHeap           used 206M, capacity 2048M, max capacity 2048M
[2025-06-18T00:00:42.836+0300][14400][7356 ][debug][gc,heap  ] GC(2)  Metaspace       used 30659K, committed 31296K, reserved 1114112K
[2025-06-18T00:00:42.836+0300][14400][7356 ][debug][gc,heap  ] GC(2)   class space    used 2796K, committed 3072K, reserved 1048576K
[2025-06-18T00:00:42.836+0300][14400][20600][debug][safepoint] Safepoint synchronization initiated using striped semaphore wait barrier. (34 threads)
[2025-06-18T00:00:42.836+0300][14400][20600][info ][gc,phases] GC(2) Pause Mark Start 0.011ms
[2025-06-18T00:00:42.836+0300][14400][20600][info ][safepoint] Safepoint "XMarkStart", Time since last: 287773100 ns, Reaching safepoint: 64400 ns, Cleanup: 51000 ns, At safepoint: 44400 ns, Total: 159800 ns
[2025-06-18T00:00:42.866+0300][14400][11368][debug][safepoint] ... found polling page loop exception at pc = 0x000001bef434a2ce, stub =0x000001bef3ab5b00
[2025-06-18T00:00:42.867+0300][14400][7356 ][info ][gc,phases] GC(2) Concurrent Mark 30.601ms
[2025-06-18T00:00:42.867+0300][14400][20600][debug][safepoint] Safepoint synchronization initiated using striped semaphore wait barrier. (34 threads)
[2025-06-18T00:00:42.867+0300][14400][20600][info ][gc,phases] GC(2) Pause Mark End 0.011ms
[2025-06-18T00:00:42.867+0300][14400][20600][info ][safepoint] Safepoint "XMarkEnd", Time since last: 30719700 ns, Reaching safepoint: 59000 ns, Cleanup: 17700 ns, At safepoint: 42400 ns, Total: 119100 ns
[2025-06-18T00:00:42.867+0300][14400][7356 ][info ][gc,phases] GC(2) Concurrent Mark Free 0.001ms
[2025-06-18T00:00:42.867+0300][14400][7356 ][debug][gc,phases] GC(2) Concurrent References Process 0.173ms
[2025-06-18T00:00:42.868+0300][14400][7356 ][debug][gc,phases] GC(2) ClassLoaderData 0.143ms
[2025-06-18T00:00:42.868+0300][14400][7356 ][debug][gc,phases] GC(2) Trigger cleanups 0.008ms
[2025-06-18T00:00:42.881+0300][14400][7356 ][debug][gc,phases] GC(2) Concurrent Classes Unlink 13.184ms
[2025-06-18T00:00:42.882+0300][14400][7356 ][debug][gc,phases] GC(2) Concurrent Classes Purge 1.002ms
[2025-06-18T00:00:42.882+0300][14400][7356 ][debug][gc,phases] GC(2) Concurrent References Enqueue 0.006ms
[2025-06-18T00:00:42.882+0300][14400][20600][debug][safepoint] Safepoint synchronization initiated using striped semaphore wait barrier. (34 threads)
[2025-06-18T00:00:42.882+0300][14400][7356 ][info ][gc,phases] GC(2) Concurrent Process Non-Strong References 15.450ms
[2025-06-18T00:00:42.882+0300][14400][7356 ][info ][gc,phases] GC(2) Concurrent Reset Relocation Set 0.008ms
[2025-06-18T00:00:42.883+0300][14400][20600][info ][safepoint] Safepoint "CleanClassLoaderDataMetaspaces", Time since last: 15536500 ns, Reaching safepoint: 85500 ns, Cleanup: 76500 ns, At safepoint: 57300 ns, Total: 219300 ns
[2025-06-18T00:00:42.885+0300][14400][7356 ][info ][gc,phases] GC(2) Concurrent Select Relocation Set 3.064ms
[2025-06-18T00:00:42.885+0300][14400][20600][debug][safepoint] Safepoint synchronization initiated using striped semaphore wait barrier. (34 threads)
[2025-06-18T00:00:42.885+0300][14400][20600][info ][gc,phases] GC(2) Pause Relocate Start 0.011ms
[2025-06-18T00:00:42.886+0300][14400][20600][info ][safepoint] Safepoint "XRelocateStart", Time since last: 3050100 ns, Reaching safepoint: 63400 ns, Cleanup: 3600 ns, At safepoint: 56900 ns, Total: 123900 ns
[2025-06-18T00:00:42.889+0300][14400][7356 ][info ][gc,phases] GC(2) Concurrent Relocate 2.972ms
[2025-06-18T00:00:42.889+0300][14400][7356 ][debug][gc,heap  ] GC(2) Heap after GC invocations=3 (full 3):
[2025-06-18T00:00:42.889+0300][14400][7356 ][debug][gc,heap  ] GC(2)  ZHeap           used 68M, capacity 2048M, max capacity 2048M
[2025-06-18T00:00:42.889+0300][14400][7356 ][debug][gc,heap  ] GC(2)  Metaspace       used 30677K, committed 31424K, reserved 1114112K
[2025-06-18T00:00:42.889+0300][14400][7356 ][debug][gc,heap  ] GC(2)   class space    used 2783K, committed 3072K, reserved 1048576K
[2025-06-18T00:00:42.889+0300][14400][7356 ][info ][gc,heap  ] GC(2) Min Capacity: 2048M(100%)
[2025-06-18T00:00:42.889+0300][14400][7356 ][info ][gc,heap  ] GC(2) Max Capacity: 2048M(100%)
[2025-06-18T00:00:42.889+0300][14400][7356 ][info ][gc,heap  ] GC(2) Soft Max Capacity: 2048M(100%)
[2025-06-18T00:00:42.889+0300][14400][7356 ][info ][gc,heap  ] GC(2)                Mark Start          Mark End        Relocate Start      Relocate End           High               Low         
[2025-06-18T00:00:42.889+0300][14400][7356 ][info ][gc,heap  ] GC(2)  Capacity:     2048M (100%)       2048M (100%)       2048M (100%)       2048M (100%)       2048M (100%)       2048M (100%)   
[2025-06-18T00:00:42.889+0300][14400][7356 ][info ][gc,heap  ] GC(2)      Free:     1842M (90%)        1836M (90%)        1828M (89%)        1980M (97%)        1980M (97%)        1824M (89%)    
[2025-06-18T00:00:42.889+0300][14400][7356 ][info ][gc,heap  ] GC(2)      Used:      206M (10%)         212M (10%)         220M (11%)          68M (3%)          224M (11%)          68M (3%)     
[2025-06-18T00:00:42.889+0300][14400][7356 ][info ][gc,heap  ] GC(2)      Live:         -                19M (1%)           19M (1%)           19M (1%)             -                  -          
[2025-06-18T00:00:42.889+0300][14400][7356 ][info ][gc,heap  ] GC(2) Allocated:         -                 6M (0%)           14M (1%)           15M (1%)             -                  -          
[2025-06-18T00:00:42.889+0300][14400][7356 ][info ][gc,heap  ] GC(2)   Garbage:         -               186M (9%)          186M (9%)           32M (2%)             -                  -          
[2025-06-18T00:00:42.889+0300][14400][7356 ][info ][gc,heap  ] GC(2) Reclaimed:         -                  -                 0M (0%)          153M (8%)             -                  -          
[2025-06-18T00:00:42.889+0300][14400][7356 ][info ][gc       ] GC(2) Garbage Collection (Warmup) 206M(10%)->68M(3%)
[2025-06-18T00:00:43.571+0300][14400][20600][debug][safepoint] Safepoint synchronization initiated using striped semaphore wait barrier. (34 threads)
[2025-06-18T00:00:43.572+0300][14400][20600][info ][safepoint] Safepoint "ICBufferFull", Time since last: 685958400 ns, Reaching safepoint: 51600 ns, Cleanup: 120100 ns, At safepoint: 11300 ns, Total: 183000 ns
[2025-06-18T00:00:44.328+0300][14400][20600][debug][safepoint] Safepoint synchronization initiated using striped semaphore wait barrier. (34 threads)
[2025-06-18T00:00:44.329+0300][14400][20600][info ][safepoint] Safepoint "ICBufferFull", Time since last: 756515400 ns, Reaching safepoint: 74600 ns, Cleanup: 131400 ns, At safepoint: 22500 ns, Total: 228500 ns
[2025-06-18T00:00:44.329+0300][14400][20600][debug][safepoint] Safepoint synchronization initiated using striped semaphore wait barrier. (34 threads)
[2025-06-18T00:00:44.329+0300][14400][20600][info ][safepoint] Safepoint "ICBufferFull", Time since last: 80600 ns, Reaching safepoint: 49100 ns, Cleanup: 1600 ns, At safepoint: 21000 ns, Total: 71700 ns
[2025-06-18T00:00:44.928+0300][14400][20600][debug][safepoint] Safepoint synchronization initiated using striped semaphore wait barrier. (34 threads)
[2025-06-18T00:00:44.928+0300][14400][20600][info ][safepoint] Safepoint "ICBufferFull", Time since last: 598847100 ns, Reaching safepoint: 60600 ns, Cleanup: 134900 ns, At safepoint: 2400 ns, Total: 197900 ns
[2025-06-18T00:00:45.545+0300][14400][20600][debug][safepoint] Safepoint synchronization initiated using striped semaphore wait barrier. (34 threads)
[2025-06-18T00:00:45.545+0300][14400][20600][info ][safepoint] Safepoint "ICBufferFull", Time since last: 617645400 ns, Reaching safepoint: 97700 ns, Cleanup: 104700 ns, At safepoint: 12700 ns, Total: 215100 ns
[2025-06-18T00:00:45.545+0300][14400][20600][debug][safepoint] Safepoint synchronization initiated using striped semaphore wait barrier. (34 threads)
[2025-06-18T00:00:45.545+0300][14400][20600][info ][safepoint] Safepoint "ICBufferFull", Time since last: 38200 ns, Reaching safepoint: 36200 ns, Cleanup: 2300 ns, At safepoint: 12800 ns, Total: 51300 ns
[2025-06-18T00:00:45.545+0300][14400][20600][debug][safepoint] Safepoint synchronization initiated using striped semaphore wait barrier. (34 threads)
[2025-06-18T00:00:45.545+0300][14400][17664][debug][safepoint] ... found polling page loop exception at pc = 0x000001beed080fc0, stub =0x000001bef3ab5b00
[2025-06-18T00:00:45.545+0300][14400][20600][info ][safepoint] Safepoint "ICBufferFull", Time since last: 40300 ns, Reaching safepoint: 126500 ns, Cleanup: 1000 ns, At safepoint: 18800 ns, Total: 146300 ns
[2025-06-18T00:00:45.545+0300][14400][20600][debug][safepoint] Safepoint synchronization initiated using striped semaphore wait barrier. (34 threads)
[2025-06-18T00:00:45.545+0300][14400][20600][info ][safepoint] Safepoint "ICBufferFull", Time since last: 24800 ns, Reaching safepoint: 36100 ns, Cleanup: 1300 ns, At safepoint: 18900 ns, Total: 56300 ns
[2025-06-18T00:00:45.545+0300][14400][20600][debug][safepoint] Safepoint synchronization initiated using striped semaphore wait barrier. (34 threads)
[2025-06-18T00:00:45.545+0300][14400][13180][debug][safepoint] ... found polling page loop exception at pc = 0x000001beed0682f0, stub =0x000001bef3ab5b00
[2025-06-18T00:00:45.545+0300][14400][20600][info ][safepoint] Safepoint "ICBufferFull", Time since last: 45600 ns, Reaching safepoint: 77700 ns, Cleanup: 1300 ns, At safepoint: 16000 ns, Total: 95000 ns
[2025-06-18T00:00:45.545+0300][14400][20600][debug][safepoint] Safepoint synchronization initiated using striped semaphore wait barrier. (34 threads)
[2025-06-18T00:00:45.545+0300][14400][20600][info ][safepoint] Safepoint "ICBufferFull", Time since last: 567600 ns, Reaching safepoint: 115900 ns, Cleanup: 6600 ns, At safepoint: 20200 ns, Total: 142700 ns
[2025-06-18T00:00:46.556+0300][14400][20600][debug][safepoint] Safepoint synchronization initiated using striped semaphore wait barrier. (32 threads)
[2025-06-18T00:00:46.556+0300][14400][20600][info ][safepoint] Safepoint "Cleanup", Time since last: 1009159300 ns, Reaching safepoint: 137000 ns, Cleanup: 111500 ns, At safepoint: 19100 ns, Total: 267600 ns
[2025-06-18T00:00:47.570+0300][14400][20600][debug][safepoint] Safepoint synchronization initiated using striped semaphore wait barrier. (32 threads)
[2025-06-18T00:00:47.570+0300][14400][20600][info ][safepoint] Safepoint "Cleanup", Time since last: 1013801300 ns, Reaching safepoint: 71100 ns, Cleanup: 69900 ns, At safepoint: 10100 ns, Total: 151100 ns
[2025-06-18T00:00:48.579+0300][14400][20600][debug][safepoint] Safepoint synchronization initiated using striped semaphore wait barrier. (32 threads)
[2025-06-18T00:00:48.579+0300][14400][20600][info ][safepoint] Safepoint "Cleanup", Time since last: 1007804200 ns, Reaching safepoint: 80300 ns, Cleanup: 62600 ns, At safepoint: 8100 ns, Total: 151000 ns
[2025-06-18T00:00:49.579+0300][14400][20600][debug][safepoint] Safepoint synchronization initiated using striped semaphore wait barrier. (32 threads)
[2025-06-18T00:00:49.579+0300][14400][20600][info ][safepoint] Safepoint "Cleanup", Time since last: 1000491100 ns, Reaching safepoint: 94900 ns, Cleanup: 100200 ns, At safepoint: 21900 ns, Total: 217000 ns
[2025-06-18T00:00:50.587+0300][14400][20600][debug][safepoint] Safepoint synchronization initiated using striped semaphore wait barrier. (32 threads)
[2025-06-18T00:00:50.587+0300][14400][20600][info ][safepoint] Safepoint "Cleanup", Time since last: 1007934100 ns, Reaching safepoint: 84100 ns, Cleanup: 53100 ns, At safepoint: 2300 ns, Total: 139500 ns
[2025-06-18T00:00:51.602+0300][14400][20600][debug][safepoint] Safepoint synchronization initiated using striped semaphore wait barrier. (32 threads)
[2025-06-18T00:00:51.602+0300][14400][20600][info ][safepoint] Safepoint "Cleanup", Time since last: 1014705500 ns, Reaching safepoint: 132600 ns, Cleanup: 26900 ns, At safepoint: 14300 ns, Total: 173800 ns
[2025-06-18T00:00:51.936+0300][14400][7356 ][debug][gc,heap  ] GC(3) Heap before GC invocations=3 (full 3):
[2025-06-18T00:00:51.936+0300][14400][7356 ][debug][gc,heap  ] GC(3)  ZHeap           used 414M, capacity 2048M, max capacity 2048M
[2025-06-18T00:00:51.936+0300][14400][7356 ][debug][gc,heap  ] GC(3)  Metaspace       used 33653K, committed 34496K, reserved 1114112K
[2025-06-18T00:00:51.936+0300][14400][7356 ][debug][gc,heap  ] GC(3)   class space    used 2919K, committed 3264K, reserved 1048576K
[2025-06-18T00:00:51.936+0300][14400][20600][debug][safepoint] Safepoint synchronization initiated using striped semaphore wait barrier. (32 threads)
[2025-06-18T00:00:51.936+0300][14400][20600][info ][gc,phases] GC(3) Pause Mark Start 0.013ms
[2025-06-18T00:00:51.936+0300][14400][20600][info ][safepoint] Safepoint "XMarkStart", Time since last: 334715100 ns, Reaching safepoint: 147500 ns, Cleanup: 33300 ns, At safepoint: 124200 ns, Total: 305000 ns
[2025-06-18T00:00:51.973+0300][14400][7356 ][info ][gc,phases] GC(3) Concurrent Mark 35.625ms
[2025-06-18T00:00:51.973+0300][14400][20600][debug][safepoint] Safepoint synchronization initiated using striped semaphore wait barrier. (32 threads)
[2025-06-18T00:00:51.973+0300][14400][20600][info ][gc,phases] GC(3) Pause Mark End 0.013ms
[2025-06-18T00:00:51.973+0300][14400][20600][info ][safepoint] Safepoint "XMarkEnd", Time since last: 35832300 ns, Reaching safepoint: 44300 ns, Cleanup: 13200 ns, At safepoint: 46000 ns, Total: 103500 ns
[2025-06-18T00:00:51.973+0300][14400][7356 ][info ][gc,phases] GC(3) Concurrent Mark Free 0.001ms
[2025-06-18T00:00:51.973+0300][14400][7356 ][debug][gc,phases] GC(3) Concurrent References Process 0.293ms
[2025-06-18T00:00:51.973+0300][14400][7356 ][debug][gc,phases] GC(3) ClassLoaderData 0.286ms
[2025-06-18T00:00:51.973+0300][14400][7356 ][debug][gc,phases] GC(3) Trigger cleanups 0.006ms
[2025-06-18T00:00:51.973+0300][14400][7356 ][debug][gc,phases] GC(3) Concurrent Classes Unlink 11.652ms
[2025-06-18T00:00:51.973+0300][14400][7356 ][debug][gc,phases] GC(3) Concurrent Classes Purge 0.883ms
[2025-06-18T00:00:51.973+0300][14400][7356 ][debug][gc,phases] GC(3) Concurrent References Enqueue 0.004ms
[2025-06-18T00:00:51.973+0300][14400][7356 ][info ][gc,phases] GC(3) Concurrent Process Non-Strong References 13.786ms
[2025-06-18T00:00:51.973+0300][14400][7356 ][info ][gc,phases] GC(3) Concurrent Reset Relocation Set 0.010ms
[2025-06-18T00:00:51.973+0300][14400][7356 ][info ][gc,phases] GC(3) Concurrent Select Relocation Set 1.221ms
[2025-06-18T00:00:51.973+0300][14400][20600][debug][safepoint] Safepoint synchronization initiated using striped semaphore wait barrier. (32 threads)
[2025-06-18T00:00:51.973+0300][14400][20600][info ][gc,phases] GC(3) Pause Relocate Start 0.006ms
[2025-06-18T00:00:51.973+0300][14400][20600][info ][safepoint] Safepoint "XRelocateStart", Time since last: 15212500 ns, Reaching safepoint: 22400 ns, Cleanup: 37400 ns, At safepoint: 18800 ns, Total: 78600 ns
[2025-06-18T00:00:51.991+0300][14400][7356 ][info ][gc,phases] GC(3) Concurrent Relocate 2.549ms
[2025-06-18T00:00:51.991+0300][14400][7356 ][debug][gc,heap  ] GC(3) Heap after GC invocations=4 (full 4):
[2025-06-18T00:00:51.991+0300][14400][7356 ][debug][gc,heap  ] GC(3)  ZHeap           used 68M, capacity 2048M, max capacity 2048M
[2025-06-18T00:00:51.991+0300][14400][7356 ][debug][gc,heap  ] GC(3)  Metaspace       used 33432K, committed 34496K, reserved 1114112K
[2025-06-18T00:00:51.991+0300][14400][7356 ][debug][gc,heap  ] GC(3)   class space    used 2854K, committed 3264K, reserved 1048576K
[2025-06-18T00:00:51.991+0300][14400][7356 ][info ][gc,heap  ] GC(3) Min Capacity: 2048M(100%)
[2025-06-18T00:00:51.991+0300][14400][7356 ][info ][gc,heap  ] GC(3) Max Capacity: 2048M(100%)
[2025-06-18T00:00:51.991+0300][14400][7356 ][info ][gc,heap  ] GC(3) Soft Max Capacity: 2048M(100%)
[2025-06-18T00:00:51.991+0300][14400][7356 ][info ][gc,heap  ] GC(3)                Mark Start          Mark End        Relocate Start      Relocate End           High               Low         
[2025-06-18T00:00:51.991+0300][14400][7356 ][info ][gc,heap  ] GC(3)  Capacity:     2048M (100%)       2048M (100%)       2048M (100%)       2048M (100%)       2048M (100%)       2048M (100%)   
[2025-06-18T00:00:51.991+0300][14400][7356 ][info ][gc,heap  ] GC(3)      Free:     1634M (80%)        1618M (79%)        1696M (83%)        1980M (97%)        1980M (97%)        1618M (79%)    
[2025-06-18T00:00:51.991+0300][14400][7356 ][info ][gc,heap  ] GC(3)      Used:      414M (20%)         430M (21%)         352M (17%)          68M (3%)          430M (21%)          68M (3%)     
[2025-06-18T00:00:51.991+0300][14400][7356 ][info ][gc,heap  ] GC(3)      Live:         -                18M (1%)           18M (1%)           18M (1%)             -                  -          
[2025-06-18T00:00:51.991+0300][14400][7356 ][info ][gc,heap  ] GC(3) Allocated:         -                16M (1%)           16M (1%)           15M (1%)             -                  -          
[2025-06-18T00:00:51.991+0300][14400][7356 ][info ][gc,heap  ] GC(3)   Garbage:         -               395M (19%)         317M (15%)          33M (2%)             -                  -          
[2025-06-18T00:00:51.991+0300][14400][7356 ][info ][gc,heap  ] GC(3) Reclaimed:         -                  -                78M (4%)          361M (18%)            -                  -          
[2025-06-18T00:00:51.991+0300][14400][7356 ][info ][gc       ] GC(3) Garbage Collection (Warmup) 414M(20%)->68M(3%)
[2025-06-18T00:00:53.991+0300][14400][20600][debug][safepoint] Safepoint synchronization initiated using striped semaphore wait barrier. (32 threads)
[2025-06-18T00:00:53.991+0300][14400][20600][info ][safepoint] Safepoint "Cleanup", Time since last: 2002753500 ns, Reaching safepoint: 120300 ns, Cleanup: 59500 ns, At safepoint: 20400 ns, Total: 200200 ns
[2025-06-18T00:00:54.992+0300][14400][20600][debug][safepoint] Safepoint synchronization initiated using striped semaphore wait barrier. (32 threads)
[2025-06-18T00:00:54.992+0300][14400][20600][info ][safepoint] Safepoint "Cleanup", Time since last: 1000313600 ns, Reaching safepoint: 101800 ns, Cleanup: 40600 ns, At safepoint: 5300 ns, Total: 147700 ns
[2025-06-18T00:00:55.997+0300][14400][20600][debug][safepoint] Safepoint synchronization initiated using striped semaphore wait barrier. (32 threads)
[2025-06-18T00:00:55.997+0300][14400][20600][info ][safepoint] Safepoint "Cleanup", Time since last: 1005302200 ns, Reaching safepoint: 86300 ns, Cleanup: 34200 ns, At safepoint: 1600 ns, Total: 122100 ns
[2025-06-18T00:00:57.009+0300][14400][20600][debug][safepoint] Safepoint synchronization initiated using striped semaphore wait barrier. (32 threads)
[2025-06-18T00:00:57.009+0300][14400][13180][debug][safepoint] ... found polling page loop exception at pc = 0x000001bef4503f37, stub =0x000001bef3ab5b00
[2025-06-18T00:00:57.009+0300][14400][20600][info ][safepoint] Safepoint "Cleanup", Time since last: 1011826600 ns, Reaching safepoint: 174000 ns, Cleanup: 36500 ns, At safepoint: 9600 ns, Total: 220100 ns
[2025-06-18T00:00:58.014+0300][14400][20600][debug][safepoint] Safepoint synchronization initiated using striped semaphore wait barrier. (32 threads)
[2025-06-18T00:00:58.014+0300][14400][19400][debug][safepoint] ... found polling page loop exception at pc = 0x000001bef42297f3, stub =0x000001bef3ab5b00
[2025-06-18T00:00:58.014+0300][14400][20600][info ][safepoint] Safepoint "Cleanup", Time since last: 1004379900 ns, Reaching safepoint: 150600 ns, Cleanup: 33000 ns, At safepoint: 14800 ns, Total: 198400 ns
[2025-06-18T00:00:59.019+0300][14400][20600][debug][safepoint] Safepoint synchronization initiated using striped semaphore wait barrier. (32 threads)
[2025-06-18T00:00:59.019+0300][14400][11368][debug][safepoint] ... found polling page loop exception at pc = 0x000001bef442d08d, stub =0x000001bef3ab5b00
[2025-06-18T00:00:59.019+0300][14400][20600][info ][safepoint] Safepoint "Cleanup", Time since last: 1005462700 ns, Reaching safepoint: 177000 ns, Cleanup: 34200 ns, At safepoint: 9800 ns, Total: 221000 ns
[2025-06-18T00:01:00.031+0300][14400][20600][debug][safepoint] Safepoint synchronization initiated using striped semaphore wait barrier. (32 threads)
[2025-06-18T00:01:00.031+0300][14400][20600][info ][safepoint] Safepoint "Cleanup", Time since last: 1011584000 ns, Reaching safepoint: 107100 ns, Cleanup: 23300 ns, At safepoint: 10000 ns, Total: 140400 ns
[2025-06-18T00:01:01.047+0300][14400][20600][debug][safepoint] Safepoint synchronization initiated using striped semaphore wait barrier. (32 threads)
[2025-06-18T00:01:01.047+0300][14400][20600][info ][safepoint] Safepoint "Cleanup", Time since last: 1015654400 ns, Reaching safepoint: 168200 ns, Cleanup: 53600 ns, At safepoint: 21400 ns, Total: 243200 ns
[2025-06-18T00:01:02.050+0300][14400][20600][debug][safepoint] Safepoint synchronization initiated using striped semaphore wait barrier. (32 threads)
[2025-06-18T00:01:02.050+0300][14400][20600][info ][safepoint] Safepoint "Cleanup", Time since last: 1002632100 ns, Reaching safepoint: 141500 ns, Cleanup: 60100 ns, At safepoint: 32900 ns, Total: 234500 ns
[2025-06-18T00:01:03.058+0300][14400][20600][debug][safepoint] Safepoint synchronization initiated using striped semaphore wait barrier. (32 threads)
[2025-06-18T00:01:03.058+0300][14400][20600][info ][safepoint] Safepoint "Cleanup", Time since last: 1007555800 ns, Reaching safepoint: 160200 ns, Cleanup: 48600 ns, At safepoint: 33000 ns, Total: 241800 ns
[2025-06-18T00:01:04.071+0300][14400][20600][debug][safepoint] Safepoint synchronization initiated using striped semaphore wait barrier. (32 threads)
[2025-06-18T00:01:04.071+0300][14400][20600][info ][safepoint] Safepoint "Cleanup", Time since last: 1012762000 ns, Reaching safepoint: 94800 ns, Cleanup: 18000 ns, At safepoint: 16100 ns, Total: 128900 ns
[2025-06-18T00:01:05.071+0300][14400][20600][debug][safepoint] Safepoint synchronization initiated using striped semaphore wait barrier. (32 threads)
[2025-06-18T00:01:05.071+0300][14400][11368][debug][safepoint] ... found polling page loop exception at pc = 0x000001bef4503c41, stub =0x000001bef3ab5b00
[2025-06-18T00:01:05.071+0300][14400][20600][info ][safepoint] Safepoint "Cleanup", Time since last: 1000198500 ns, Reaching safepoint: 295100 ns, Cleanup: 40000 ns, At safepoint: 39100 ns, Total: 374200 ns
[2025-06-18T00:01:06.077+0300][14400][20600][debug][safepoint] Safepoint synchronization initiated using striped semaphore wait barrier. (32 threads)
[2025-06-18T00:01:06.077+0300][14400][17768][debug][safepoint] ... found polling page loop exception at pc = 0x000001bef45418dc, stub =0x000001bef3ab5b00
[2025-06-18T00:01:06.077+0300][14400][18728][debug][safepoint] ... found polling page loop exception at pc = 0x000001bef45e778b, stub =0x000001bef3ab5b00
[2025-06-18T00:01:06.077+0300][14400][20600][info ][safepoint] Safepoint "Cleanup", Time since last: 1006026500 ns, Reaching safepoint: 549500 ns, Cleanup: 79700 ns, At safepoint: 34100 ns, Total: 663300 ns
[2025-06-18T00:01:08.081+0300][14400][20600][debug][safepoint] Safepoint synchronization initiated using striped semaphore wait barrier. (32 threads)
[2025-06-18T00:01:08.081+0300][14400][20600][info ][safepoint] Safepoint "Cleanup", Time since last: 2002866000 ns, Reaching safepoint: 167900 ns, Cleanup: 83600 ns, At safepoint: 55500 ns, Total: 307000 ns
[2025-06-18T00:01:09.089+0300][14400][20600][debug][safepoint] Safepoint synchronization initiated using striped semaphore wait barrier. (32 threads)
[2025-06-18T00:01:09.089+0300][14400][20600][info ][safepoint] Safepoint "Cleanup", Time since last: 1007245000 ns, Reaching safepoint: 195900 ns, Cleanup: 73400 ns, At safepoint: 43300 ns, Total: 312600 ns
[2025-06-18T00:01:09.638+0300][14400][7356 ][debug][gc,heap  ] GC(4) Heap before GC invocations=4 (full 4):
[2025-06-18T00:01:09.638+0300][14400][7356 ][debug][gc,heap  ] GC(4)  ZHeap           used 620M, capacity 2048M, max capacity 2048M
[2025-06-18T00:01:09.638+0300][14400][7356 ][debug][gc,heap  ] GC(4)  Metaspace       used 34104K, committed 34944K, reserved 1114112K
[2025-06-18T00:01:09.638+0300][14400][7356 ][debug][gc,heap  ] GC(4)   class space    used 2859K, committed 3264K, reserved 1048576K
[2025-06-18T00:01:09.638+0300][14400][20600][debug][safepoint] Safepoint synchronization initiated using striped semaphore wait barrier. (32 threads)
[2025-06-18T00:01:09.638+0300][14400][12292][debug][safepoint] ... found polling page loop exception at pc = 0x000001bef475818d, stub =0x000001bef3ab5280
[2025-06-18T00:01:09.638+0300][14400][20600][info ][gc,phases] GC(4) Pause Mark Start 0.008ms
[2025-06-18T00:01:09.638+0300][14400][20600][info ][safepoint] Safepoint "XMarkStart", Time since last: 549866100 ns, Reaching safepoint: 105800 ns, Cleanup: 31200 ns, At safepoint: 78400 ns, Total: 215400 ns
[2025-06-18T00:01:09.656+0300][14400][7356 ][info ][gc,phases] GC(4) Concurrent Mark 16.771ms
[2025-06-18T00:01:09.656+0300][14400][20600][debug][safepoint] Safepoint synchronization initiated using striped semaphore wait barrier. (32 threads)
[2025-06-18T00:01:09.656+0300][14400][20600][info ][gc,phases] GC(4) Pause Mark End 0.013ms
[2025-06-18T00:01:09.656+0300][14400][20600][info ][safepoint] Safepoint "XMarkEnd", Time since last: 16936200 ns, Reaching safepoint: 57200 ns, Cleanup: 5600 ns, At safepoint: 36900 ns, Total: 99700 ns
[2025-06-18T00:01:09.656+0300][14400][7356 ][info ][gc,phases] GC(4) Concurrent Mark Free 0.002ms
[2025-06-18T00:01:09.656+0300][14400][7356 ][debug][gc,phases] GC(4) Concurrent References Process 0.085ms
[2025-06-18T00:01:09.657+0300][14400][7356 ][debug][gc,phases] GC(4) ClassLoaderData 0.036ms
[2025-06-18T00:01:09.657+0300][14400][7356 ][debug][gc,phases] GC(4) Trigger cleanups 0.000ms
[2025-06-18T00:01:09.664+0300][14400][7356 ][debug][gc,phases] GC(4) Concurrent Classes Unlink 7.404ms
[2025-06-18T00:01:09.665+0300][14400][7356 ][debug][gc,phases] GC(4) Concurrent Classes Purge 0.733ms
[2025-06-18T00:01:09.665+0300][14400][7356 ][debug][gc,phases] GC(4) Concurrent References Enqueue 0.004ms
[2025-06-18T00:01:09.665+0300][14400][7356 ][info ][gc,phases] GC(4) Concurrent Process Non-Strong References 9.227ms
[2025-06-18T00:01:09.665+0300][14400][7356 ][info ][gc,phases] GC(4) Concurrent Reset Relocation Set 0.011ms
[2025-06-18T00:01:09.665+0300][14400][7356 ][info ][gc,phases] GC(4) Concurrent Select Relocation Set 1.301ms
[2025-06-18T00:01:09.665+0300][14400][20600][debug][safepoint] Safepoint synchronization initiated using striped semaphore wait barrier. (32 threads)
[2025-06-18T00:01:09.665+0300][14400][20600][info ][gc,phases] GC(4) Pause Relocate Start 0.013ms
[2025-06-18T00:01:09.665+0300][14400][20600][info ][safepoint] Safepoint "XRelocateStart", Time since last: 10792900 ns, Reaching safepoint: 40400 ns, Cleanup: 44500 ns, At safepoint: 77700 ns, Total: 162600 ns
[2025-06-18T00:01:09.665+0300][14400][7356 ][info ][gc,phases] GC(4) Concurrent Relocate 0.775ms
[2025-06-18T00:01:09.665+0300][14400][7356 ][debug][gc,heap  ] GC(4) Heap after GC invocations=5 (full 5):
[2025-06-18T00:01:09.665+0300][14400][7356 ][debug][gc,heap  ] GC(4)  ZHeap           used 68M, capacity 2048M, max capacity 2048M
[2025-06-18T00:01:09.665+0300][14400][7356 ][debug][gc,heap  ] GC(4)  Metaspace       used 34104K, committed 34944K, reserved 1114112K
[2025-06-18T00:01:09.665+0300][14400][7356 ][debug][gc,heap  ] GC(4)   class space    used 2859K, committed 3264K, reserved 1048576K
[2025-06-18T00:01:09.665+0300][14400][7356 ][info ][gc,heap  ] GC(4) Min Capacity: 2048M(100%)
[2025-06-18T00:01:09.665+0300][14400][7356 ][info ][gc,heap  ] GC(4) Max Capacity: 2048M(100%)
[2025-06-18T00:01:09.665+0300][14400][7356 ][info ][gc,heap  ] GC(4) Soft Max Capacity: 2048M(100%)
[2025-06-18T00:01:09.665+0300][14400][7356 ][info ][gc,heap  ] GC(4)                Mark Start          Mark End        Relocate Start      Relocate End           High               Low         
[2025-06-18T00:01:09.665+0300][14400][7356 ][info ][gc,heap  ] GC(4)  Capacity:     2048M (100%)       2048M (100%)       2048M (100%)       2048M (100%)       2048M (100%)       2048M (100%)   
[2025-06-18T00:01:09.665+0300][14400][7356 ][info ][gc,heap  ] GC(4)      Free:     1428M (70%)        1414M (69%)        1794M (88%)        1980M (97%)        1980M (97%)        1414M (69%)    
[2025-06-18T00:01:09.665+0300][14400][7356 ][info ][gc,heap  ] GC(4)      Used:      620M (30%)         634M (31%)         254M (12%)          68M (3%)          634M (31%)          68M (3%)     
[2025-06-18T00:01:09.665+0300][14400][7356 ][info ][gc,heap  ] GC(4)      Live:         -                18M (1%)           18M (1%)           18M (1%)             -                  -          
[2025-06-18T00:01:09.665+0300][14400][7356 ][info ][gc,heap  ] GC(4) Allocated:         -                14M (1%)           14M (1%)           14M (1%)             -                  -          
[2025-06-18T00:01:09.665+0300][14400][7356 ][info ][gc,heap  ] GC(4)   Garbage:         -               601M (29%)         221M (11%)          35M (2%)             -                  -          
[2025-06-18T00:01:09.665+0300][14400][7356 ][info ][gc,heap  ] GC(4) Reclaimed:         -                  -               380M (19%)         566M (28%)            -                  -          
[2025-06-18T00:01:09.665+0300][14400][7356 ][info ][gc       ] GC(4) Garbage Collection (Warmup) 620M(30%)->68M(3%)
[2025-06-18T00:01:10.675+0300][14400][20600][debug][safepoint] Safepoint synchronization initiated using striped semaphore wait barrier. (32 threads)
[2025-06-18T00:01:10.675+0300][14400][20600][info ][safepoint] Safepoint "Cleanup", Time since last: 1008169800 ns, Reaching safepoint: 180300 ns, Cleanup: 50500 ns, At safepoint: 20300 ns, Total: 251100 ns
[2025-06-18T00:01:11.683+0300][14400][20600][debug][safepoint] Safepoint synchronization initiated using striped semaphore wait barrier. (32 threads)
[2025-06-18T00:01:11.683+0300][14400][18728][debug][safepoint] ... found polling page loop exception at pc = 0x000001bef4615bd1, stub =0x000001bef3ab5b00
[2025-06-18T00:01:11.683+0300][14400][11368][debug][safepoint] ... found polling page loop exception at pc = 0x000001bef458fb2f, stub =0x000001bef3ab5b00
[2025-06-18T00:01:11.683+0300][14400][20600][info ][safepoint] Safepoint "Cleanup", Time since last: 1008037700 ns, Reaching safepoint: 174800 ns, Cleanup: 19200 ns, At safepoint: 8800 ns, Total: 202800 ns
[2025-06-18T00:01:12.687+0300][14400][20600][debug][safepoint] Safepoint synchronization initiated using striped semaphore wait barrier. (32 threads)
[2025-06-18T00:01:12.687+0300][14400][13180][debug][safepoint] ... found polling page loop exception at pc = 0x000001bef4503f37, stub =0x000001bef3ab5b00
[2025-06-18T00:01:12.687+0300][14400][20600][info ][safepoint] Safepoint "Cleanup", Time since last: 1003227600 ns, Reaching safepoint: 300200 ns, Cleanup: 60200 ns, At safepoint: 27000 ns, Total: 387400 ns
[2025-06-18T00:01:13.703+0300][14400][20600][debug][safepoint] Safepoint synchronization initiated using striped semaphore wait barrier. (32 threads)
[2025-06-18T00:01:13.703+0300][14400][20600][info ][safepoint] Safepoint "Cleanup", Time since last: 1015239000 ns, Reaching safepoint: 222900 ns, Cleanup: 50000 ns, At safepoint: 53200 ns, Total: 326100 ns
[2025-06-18T00:01:15.711+0300][14400][20600][debug][safepoint] Safepoint synchronization initiated using striped semaphore wait barrier. (32 threads)
[2025-06-18T00:01:15.711+0300][14400][20600][info ][safepoint] Safepoint "Cleanup", Time since last: 2007827800 ns, Reaching safepoint: 168800 ns, Cleanup: 34400 ns, At safepoint: 37100 ns, Total: 240300 ns
[2025-06-18T00:01:16.341+0300][14400][7356 ][debug][gc,heap  ] GC(5) Heap before GC invocations=5 (full 5):
[2025-06-18T00:01:16.341+0300][14400][7356 ][debug][gc,heap  ] GC(5)  ZHeap           used 276M, capacity 2048M, max capacity 2048M
[2025-06-18T00:01:16.341+0300][14400][7356 ][debug][gc,heap  ] GC(5)  Metaspace       used 34111K, committed 34944K, reserved 1114112K
[2025-06-18T00:01:16.341+0300][14400][7356 ][debug][gc,heap  ] GC(5)   class space    used 2859K, committed 3264K, reserved 1048576K
[2025-06-18T00:01:16.341+0300][14400][20600][debug][safepoint] Safepoint synchronization initiated using striped semaphore wait barrier. (32 threads)
[2025-06-18T00:01:16.341+0300][14400][21968][debug][safepoint] ... found polling page loop exception at pc = 0x000001bef46ba604, stub =0x000001bef3ab5280
[2025-06-18T00:01:16.341+0300][14400][20600][info ][gc,phases] GC(5) Pause Mark Start 0.007ms
[2025-06-18T00:01:16.341+0300][14400][20600][info ][safepoint] Safepoint "XMarkStart", Time since last: 630316600 ns, Reaching safepoint: 161000 ns, Cleanup: 16200 ns, At safepoint: 78300 ns, Total: 255500 ns
[2025-06-18T00:01:16.357+0300][14400][7356 ][info ][gc,phases] GC(5) Concurrent Mark 15.147ms
[2025-06-18T00:01:16.357+0300][14400][20600][debug][safepoint] Safepoint synchronization initiated using striped semaphore wait barrier. (32 threads)
[2025-06-18T00:01:16.357+0300][14400][20600][info ][gc,phases] GC(5) Pause Mark End 0.015ms
[2025-06-18T00:01:16.357+0300][14400][20600][info ][safepoint] Safepoint "XMarkEnd", Time since last: 15288900 ns, Reaching safepoint: 39300 ns, Cleanup: 4900 ns, At safepoint: 41900 ns, Total: 86100 ns
[2025-06-18T00:01:16.357+0300][14400][7356 ][info ][gc,phases] GC(5) Concurrent Mark Free 0.001ms
[2025-06-18T00:01:16.357+0300][14400][7356 ][debug][gc,phases] GC(5) Concurrent References Process 0.098ms
[2025-06-18T00:01:16.358+0300][14400][7356 ][debug][gc,phases] GC(5) ClassLoaderData 0.043ms
[2025-06-18T00:01:16.358+0300][14400][7356 ][debug][gc,phases] GC(5) Trigger cleanups 0.000ms
[2025-06-18T00:01:16.358+0300][14400][7356 ][debug][gc,phases] GC(5) Concurrent Classes Unlink 8.001ms
[2025-06-18T00:01:16.358+0300][14400][7356 ][debug][gc,phases] GC(5) Concurrent Classes Purge 0.141ms
[2025-06-18T00:01:16.358+0300][14400][7356 ][debug][gc,phases] GC(5) Concurrent References Enqueue 0.001ms
[2025-06-18T00:01:16.358+0300][14400][7356 ][info ][gc,phases] GC(5) Concurrent Process Non-Strong References 9.128ms
[2025-06-18T00:01:16.358+0300][14400][7356 ][info ][gc,phases] GC(5) Concurrent Reset Relocation Set 0.008ms
[2025-06-18T00:01:16.358+0300][14400][7356 ][info ][gc,phases] GC(5) Concurrent Select Relocation Set 1.681ms
[2025-06-18T00:01:16.358+0300][14400][20600][debug][safepoint] Safepoint synchronization initiated using striped semaphore wait barrier. (32 threads)
[2025-06-18T00:01:16.358+0300][14400][20600][info ][gc,phases] GC(5) Pause Relocate Start 0.006ms
[2025-06-18T00:01:16.358+0300][14400][20600][info ][safepoint] Safepoint "XRelocateStart", Time since last: 11037900 ns, Reaching safepoint: 34900 ns, Cleanup: 10300 ns, At safepoint: 20400 ns, Total: 65600 ns
[2025-06-18T00:01:16.358+0300][14400][7356 ][info ][gc,phases] GC(5) Concurrent Relocate 0.909ms
[2025-06-18T00:01:16.358+0300][14400][7356 ][debug][gc,heap  ] GC(5) Heap after GC invocations=6 (full 6):
[2025-06-18T00:01:16.358+0300][14400][7356 ][debug][gc,heap  ] GC(5)  ZHeap           used 68M, capacity 2048M, max capacity 2048M
[2025-06-18T00:01:16.358+0300][14400][7356 ][debug][gc,heap  ] GC(5)  Metaspace       used 34111K, committed 34944K, reserved 1114112K
[2025-06-18T00:01:16.358+0300][14400][7356 ][debug][gc,heap  ] GC(5)   class space    used 2859K, committed 3264K, reserved 1048576K
[2025-06-18T00:01:16.358+0300][14400][7356 ][info ][gc,heap  ] GC(5) Min Capacity: 2048M(100%)
[2025-06-18T00:01:16.358+0300][14400][7356 ][info ][gc,heap  ] GC(5) Max Capacity: 2048M(100%)
[2025-06-18T00:01:16.358+0300][14400][7356 ][info ][gc,heap  ] GC(5) Soft Max Capacity: 2048M(100%)
[2025-06-18T00:01:16.358+0300][14400][7356 ][info ][gc,heap  ] GC(5)                Mark Start          Mark End        Relocate Start      Relocate End           High               Low         
[2025-06-18T00:01:16.358+0300][14400][7356 ][info ][gc,heap  ] GC(5)  Capacity:     2048M (100%)       2048M (100%)       2048M (100%)       2048M (100%)       2048M (100%)       2048M (100%)   
[2025-06-18T00:01:16.358+0300][14400][7356 ][info ][gc,heap  ] GC(5)      Free:     1772M (87%)        1758M (86%)        1888M (92%)        1980M (97%)        1980M (97%)        1758M (86%)    
[2025-06-18T00:01:16.358+0300][14400][7356 ][info ][gc,heap  ] GC(5)      Used:      276M (13%)         290M (14%)         160M (8%)           68M (3%)          290M (14%)          68M (3%)     
[2025-06-18T00:01:16.358+0300][14400][7356 ][info ][gc,heap  ] GC(5)      Live:         -                18M (1%)           18M (1%)           18M (1%)             -                  -          
[2025-06-18T00:01:16.358+0300][14400][7356 ][info ][gc,heap  ] GC(5) Allocated:         -                14M (1%)           14M (1%)           14M (1%)             -                  -          
[2025-06-18T00:01:16.358+0300][14400][7356 ][info ][gc,heap  ] GC(5)   Garbage:         -               257M (13%)         127M (6%)           35M (2%)             -                  -          
[2025-06-18T00:01:16.358+0300][14400][7356 ][info ][gc,heap  ] GC(5) Reclaimed:         -                  -               130M (6%)          222M (11%)            -                  -          
[2025-06-18T00:01:16.358+0300][14400][7356 ][info ][gc       ] GC(5) Garbage Collection (Proactive) 276M(13%)->68M(3%)
[2025-06-18T00:01:19.371+0300][14400][20600][debug][safepoint] Safepoint synchronization initiated using striped semaphore wait barrier. (32 threads)
[2025-06-18T00:01:19.371+0300][14400][20600][info ][safepoint] Safepoint "Cleanup", Time since last: 3003099100 ns, Reaching safepoint: 163900 ns, Cleanup: 41400 ns, At safepoint: 18100 ns, Total: 223400 ns
[2025-06-18T00:01:20.384+0300][14400][20600][debug][safepoint] Safepoint synchronization initiated using striped semaphore wait barrier. (32 threads)
[2025-06-18T00:01:20.385+0300][14400][20600][info ][safepoint] Safepoint "Cleanup", Time since last: 1013405500 ns, Reaching safepoint: 162500 ns, Cleanup: 79800 ns, At safepoint: 25800 ns, Total: 268100 ns
[2025-06-18T00:01:21.393+0300][14400][20600][debug][safepoint] Safepoint synchronization initiated using striped semaphore wait barrier. (32 threads)
[2025-06-18T00:01:21.393+0300][14400][20600][info ][safepoint] Safepoint "Cleanup", Time since last: 1008075200 ns, Reaching safepoint: 150600 ns, Cleanup: 54400 ns, At safepoint: 29000 ns, Total: 234000 ns
[2025-06-18T00:01:22.403+0300][14400][20600][debug][safepoint] Safepoint synchronization initiated using striped semaphore wait barrier. (32 threads)
[2025-06-18T00:01:22.403+0300][14400][21968][debug][safepoint] ... found polling page loop exception at pc = 0x000001bef4503f37, stub =0x000001bef3ab5b00
[2025-06-18T00:01:22.403+0300][14400][20600][info ][safepoint] Safepoint "Cleanup", Time since last: 1010094100 ns, Reaching safepoint: 221400 ns, Cleanup: 21800 ns, At safepoint: 8300 ns, Total: 251500 ns
[2025-06-18T00:01:23.044+0300][14400][7356 ][debug][gc,heap  ] GC(6) Heap before GC invocations=6 (full 6):
[2025-06-18T00:01:23.045+0300][14400][7356 ][debug][gc,heap  ] GC(6)  ZHeap           used 274M, capacity 2048M, max capacity 2048M
[2025-06-18T00:01:23.045+0300][14400][7356 ][debug][gc,heap  ] GC(6)  Metaspace       used 34194K, committed 35072K, reserved 1114112K
[2025-06-18T00:01:23.045+0300][14400][7356 ][debug][gc,heap  ] GC(6)   class space    used 2859K, committed 3264K, reserved 1048576K
[2025-06-18T00:01:23.045+0300][14400][20600][debug][safepoint] Safepoint synchronization initiated using striped semaphore wait barrier. (32 threads)
[2025-06-18T00:01:23.045+0300][14400][19400][debug][safepoint] ... found polling page loop exception at pc = 0x000001bef42a1f04, stub =0x000001bef3ab5b00
[2025-06-18T00:01:23.045+0300][14400][11368][debug][safepoint] ... found polling page loop exception at pc = 0x000001bef42a1f04, stub =0x000001bef3ab5b00
[2025-06-18T00:01:23.045+0300][14400][20600][info ][gc,phases] GC(6) Pause Mark Start 0.015ms
[2025-06-18T00:01:23.045+0300][14400][20600][info ][safepoint] Safepoint "XMarkStart", Time since last: 641197400 ns, Reaching safepoint: 307100 ns, Cleanup: 20700 ns, At safepoint: 95900 ns, Total: 423700 ns
[2025-06-18T00:01:23.061+0300][14400][7356 ][info ][gc,phases] GC(6) Concurrent Mark 15.767ms
[2025-06-18T00:01:23.061+0300][14400][20600][debug][safepoint] Safepoint synchronization initiated using striped semaphore wait barrier. (32 threads)
[2025-06-18T00:01:23.061+0300][14400][20600][info ][gc,phases] GC(6) Pause Mark End 0.016ms
[2025-06-18T00:01:23.061+0300][14400][20600][info ][safepoint] Safepoint "XMarkEnd", Time since last: 16072700 ns, Reaching safepoint: 58300 ns, Cleanup: 5000 ns, At safepoint: 50300 ns, Total: 113600 ns
[2025-06-18T00:01:23.061+0300][14400][7356 ][info ][gc,phases] GC(6) Concurrent Mark Free 0.001ms
[2025-06-18T00:01:23.061+0300][14400][7356 ][debug][gc,phases] GC(6) Concurrent References Process 0.085ms
[2025-06-18T00:01:23.061+0300][14400][7356 ][debug][gc,phases] GC(6) ClassLoaderData 0.030ms
[2025-06-18T00:01:23.061+0300][14400][7356 ][debug][gc,phases] GC(6) Trigger cleanups 0.000ms
[2025-06-18T00:01:23.061+0300][14400][7356 ][debug][gc,phases] GC(6) Concurrent Classes Unlink 6.434ms
[2025-06-18T00:01:23.061+0300][14400][7356 ][debug][gc,phases] GC(6) Concurrent Classes Purge 0.072ms
[2025-06-18T00:01:23.061+0300][14400][7356 ][debug][gc,phases] GC(6) Concurrent References Enqueue 0.000ms
[2025-06-18T00:01:23.061+0300][14400][7356 ][info ][gc,phases] GC(6) Concurrent Process Non-Strong References 7.500ms
[2025-06-18T00:01:23.061+0300][14400][7356 ][info ][gc,phases] GC(6) Concurrent Reset Relocation Set 0.003ms
[2025-06-18T00:01:23.061+0300][14400][7356 ][info ][gc,phases] GC(6) Concurrent Select Relocation Set 1.077ms
[2025-06-18T00:01:23.061+0300][14400][20600][debug][safepoint] Safepoint synchronization initiated using striped semaphore wait barrier. (32 threads)
[2025-06-18T00:01:23.061+0300][14400][20600][info ][gc,phases] GC(6) Pause Relocate Start 0.006ms
[2025-06-18T00:01:23.061+0300][14400][20600][info ][safepoint] Safepoint "XRelocateStart", Time since last: 8763200 ns, Reaching safepoint: 24100 ns, Cleanup: 9200 ns, At safepoint: 19100 ns, Total: 52400 ns
[2025-06-18T00:01:23.061+0300][14400][7356 ][info ][gc,phases] GC(6) Concurrent Relocate 0.689ms
[2025-06-18T00:01:23.061+0300][14400][7356 ][debug][gc,heap  ] GC(6) Heap after GC invocations=7 (full 7):
[2025-06-18T00:01:23.061+0300][14400][7356 ][debug][gc,heap  ] GC(6)  ZHeap           used 70M, capacity 2048M, max capacity 2048M
[2025-06-18T00:01:23.061+0300][14400][7356 ][debug][gc,heap  ] GC(6)  Metaspace       used 34194K, committed 35072K, reserved 1114112K
[2025-06-18T00:01:23.061+0300][14400][7356 ][debug][gc,heap  ] GC(6)   class space    used 2859K, committed 3264K, reserved 1048576K
[2025-06-18T00:01:23.061+0300][14400][7356 ][info ][gc,heap  ] GC(6) Min Capacity: 2048M(100%)
[2025-06-18T00:01:23.061+0300][14400][7356 ][info ][gc,heap  ] GC(6) Max Capacity: 2048M(100%)
[2025-06-18T00:01:23.061+0300][14400][7356 ][info ][gc,heap  ] GC(6) Soft Max Capacity: 2048M(100%)
[2025-06-18T00:01:23.061+0300][14400][7356 ][info ][gc,heap  ] GC(6)                Mark Start          Mark End        Relocate Start      Relocate End           High               Low         
[2025-06-18T00:01:23.061+0300][14400][7356 ][info ][gc,heap  ] GC(6)  Capacity:     2048M (100%)       2048M (100%)       2048M (100%)       2048M (100%)       2048M (100%)       2048M (100%)   
[2025-06-18T00:01:23.061+0300][14400][7356 ][info ][gc,heap  ] GC(6)      Free:     1774M (87%)        1758M (86%)        1894M (92%)        1978M (97%)        1978M (97%)        1758M (86%)    
[2025-06-18T00:01:23.061+0300][14400][7356 ][info ][gc,heap  ] GC(6)      Used:      274M (13%)         290M (14%)         154M (8%)           70M (3%)          290M (14%)          70M (3%)     
[2025-06-18T00:01:23.061+0300][14400][7356 ][info ][gc,heap  ] GC(6)      Live:         -                18M (1%)           18M (1%)           18M (1%)             -                  -          
[2025-06-18T00:01:23.061+0300][14400][7356 ][info ][gc,heap  ] GC(6) Allocated:         -                16M (1%)           16M (1%)           16M (1%)             -                  -          
[2025-06-18T00:01:23.061+0300][14400][7356 ][info ][gc,heap  ] GC(6)   Garbage:         -               255M (12%)         119M (6%)           35M (2%)             -                  -          
[2025-06-18T00:01:23.061+0300][14400][7356 ][info ][gc,heap  ] GC(6) Reclaimed:         -                  -               136M (7%)          220M (11%)            -                  -          
[2025-06-18T00:01:23.061+0300][14400][7356 ][info ][gc       ] GC(6) Garbage Collection (Proactive) 274M(13%)->70M(3%)
[2025-06-18T00:01:24.075+0300][14400][20600][debug][safepoint] Safepoint synchronization initiated using striped semaphore wait barrier. (32 threads)
[2025-06-18T00:01:24.075+0300][14400][20600][info ][safepoint] Safepoint "Cleanup", Time since last: 1004721400 ns, Reaching safepoint: 158200 ns, Cleanup: 54200 ns, At safepoint: 22600 ns, Total: 235000 ns
[2025-06-18T00:01:25.076+0300][14400][20600][debug][safepoint] Safepoint synchronization initiated using striped semaphore wait barrier. (32 threads)
[2025-06-18T00:01:25.076+0300][14400][20600][info ][safepoint] Safepoint "Cleanup", Time since last: 1001471100 ns, Reaching safepoint: 182200 ns, Cleanup: 40300 ns, At safepoint: 20200 ns, Total: 242700 ns
[2025-06-18T00:01:27.102+0300][14400][20600][debug][safepoint] Safepoint synchronization initiated using striped semaphore wait barrier. (32 threads)
[2025-06-18T00:01:27.102+0300][14400][20600][info ][safepoint] Safepoint "Cleanup", Time since last: 2025734900 ns, Reaching safepoint: 169300 ns, Cleanup: 71700 ns, At safepoint: 26400 ns, Total: 267400 ns
[2025-06-18T00:01:28.109+0300][14400][20600][debug][safepoint] Safepoint synchronization initiated using striped semaphore wait barrier. (32 threads)
[2025-06-18T00:01:28.109+0300][14400][18728][debug][safepoint] ... found polling page loop exception at pc = 0x000001bef442d08d, stub =0x000001bef3ab5b00
[2025-06-18T00:01:28.109+0300][14400][20600][info ][safepoint] Safepoint "Cleanup", Time since last: 1006173500 ns, Reaching safepoint: 314800 ns, Cleanup: 32600 ns, At safepoint: 42000 ns, Total: 389400 ns
[2025-06-18T00:01:29.843+0300][14400][7356 ][debug][gc,heap  ] GC(7) Heap before GC invocations=7 (full 7):
[2025-06-18T00:01:29.843+0300][14400][7356 ][debug][gc,heap  ] GC(7)  ZHeap           used 280M, capacity 2048M, max capacity 2048M
[2025-06-18T00:01:29.843+0300][14400][7356 ][debug][gc,heap  ] GC(7)  Metaspace       used 34199K, committed 35072K, reserved 1114112K
[2025-06-18T00:01:29.843+0300][14400][7356 ][debug][gc,heap  ] GC(7)   class space    used 2859K, committed 3264K, reserved 1048576K
[2025-06-18T00:01:29.843+0300][14400][20600][debug][safepoint] Safepoint synchronization initiated using striped semaphore wait barrier. (32 threads)
[2025-06-18T00:01:29.843+0300][14400][17428][debug][safepoint] ... found polling page loop exception at pc = 0x000001bef43eceae, stub =0x000001bef3ab5b00
[2025-06-18T00:01:29.843+0300][14400][21828][debug][safepoint] ... found polling page loop exception at pc = 0x000001bef475818d, stub =0x000001bef3ab5280
[2025-06-18T00:01:29.843+0300][14400][18728][debug][safepoint] ... found polling page loop exception at pc = 0x000001beeccc7fed, stub =0x000001bef3ab5b00
[2025-06-18T00:01:29.843+0300][14400][20600][info ][gc,phases] GC(7) Pause Mark Start 0.010ms
[2025-06-18T00:01:29.843+0300][14400][20600][info ][safepoint] Safepoint "XMarkStart", Time since last: 1734085000 ns, Reaching safepoint: 228000 ns, Cleanup: 13900 ns, At safepoint: 93400 ns, Total: 335300 ns
[2025-06-18T00:01:29.859+0300][14400][7356 ][info ][gc,phases] GC(7) Concurrent Mark 15.138ms
[2025-06-18T00:01:29.859+0300][14400][20600][debug][safepoint] Safepoint synchronization initiated using striped semaphore wait barrier. (32 threads)
[2025-06-18T00:01:29.859+0300][14400][20600][info ][gc,phases] GC(7) Pause Mark End 0.015ms
[2025-06-18T00:01:29.859+0300][14400][20600][info ][safepoint] Safepoint "XMarkEnd", Time since last: 15356600 ns, Reaching safepoint: 42100 ns, Cleanup: 4300 ns, At safepoint: 47100 ns, Total: 93500 ns
[2025-06-18T00:01:29.859+0300][14400][7356 ][info ][gc,phases] GC(7) Concurrent Mark Free 0.001ms
[2025-06-18T00:01:29.859+0300][14400][7356 ][debug][gc,phases] GC(7) Concurrent References Process 0.122ms
[2025-06-18T00:01:29.860+0300][14400][7356 ][debug][gc,phases] GC(7) ClassLoaderData 0.032ms
[2025-06-18T00:01:29.860+0300][14400][7356 ][debug][gc,phases] GC(7) Trigger cleanups 0.000ms
[2025-06-18T00:01:29.868+0300][14400][7356 ][debug][gc,phases] GC(7) Concurrent Classes Unlink 7.788ms
[2025-06-18T00:01:29.868+0300][14400][7356 ][debug][gc,phases] GC(7) Concurrent Classes Purge 0.081ms
[2025-06-18T00:01:29.868+0300][14400][7356 ][debug][gc,phases] GC(7) Concurrent References Enqueue 0.004ms
[2025-06-18T00:01:29.868+0300][14400][7356 ][info ][gc,phases] GC(7) Concurrent Process Non-Strong References 8.931ms
[2025-06-18T00:01:29.868+0300][14400][7356 ][info ][gc,phases] GC(7) Concurrent Reset Relocation Set 0.004ms
[2025-06-18T00:01:29.868+0300][14400][7356 ][info ][gc,phases] GC(7) Concurrent Select Relocation Set 1.286ms
[2025-06-18T00:01:29.868+0300][14400][20600][debug][safepoint] Safepoint synchronization initiated using striped semaphore wait barrier. (32 threads)
[2025-06-18T00:01:29.868+0300][14400][20600][info ][gc,phases] GC(7) Pause Relocate Start 0.007ms
[2025-06-18T00:01:29.868+0300][14400][20600][info ][safepoint] Safepoint "XRelocateStart", Time since last: 10523400 ns, Reaching safepoint: 29400 ns, Cleanup: 3500 ns, At safepoint: 24000 ns, Total: 56900 ns
[2025-06-18T00:01:29.870+0300][14400][7356 ][info ][gc,phases] GC(7) Concurrent Relocate 0.963ms
[2025-06-18T00:01:29.870+0300][14400][7356 ][debug][gc,heap  ] GC(7) Heap after GC invocations=8 (full 8):
[2025-06-18T00:01:29.870+0300][14400][7356 ][debug][gc,heap  ] GC(7)  ZHeap           used 70M, capacity 2048M, max capacity 2048M
[2025-06-18T00:01:29.870+0300][14400][7356 ][debug][gc,heap  ] GC(7)  Metaspace       used 34199K, committed 35072K, reserved 1114112K
[2025-06-18T00:01:29.870+0300][14400][7356 ][debug][gc,heap  ] GC(7)   class space    used 2859K, committed 3264K, reserved 1048576K
[2025-06-18T00:01:29.870+0300][14400][7356 ][info ][gc,heap  ] GC(7) Min Capacity: 2048M(100%)
[2025-06-18T00:01:29.870+0300][14400][7356 ][info ][gc,heap  ] GC(7) Max Capacity: 2048M(100%)
[2025-06-18T00:01:29.870+0300][14400][7356 ][info ][gc,heap  ] GC(7) Soft Max Capacity: 2048M(100%)
[2025-06-18T00:01:29.870+0300][14400][7356 ][info ][gc,heap  ] GC(7)                Mark Start          Mark End        Relocate Start      Relocate End           High               Low         
[2025-06-18T00:01:29.870+0300][14400][7356 ][info ][gc,heap  ] GC(7)  Capacity:     2048M (100%)       2048M (100%)       2048M (100%)       2048M (100%)       2048M (100%)       2048M (100%)   
[2025-06-18T00:01:29.870+0300][14400][7356 ][info ][gc,heap  ] GC(7)      Free:     1768M (86%)        1752M (86%)        1890M (92%)        1978M (97%)        1978M (97%)        1752M (86%)    
[2025-06-18T00:01:29.870+0300][14400][7356 ][info ][gc,heap  ] GC(7)      Used:      280M (14%)         296M (14%)         158M (8%)           70M (3%)          296M (14%)          70M (3%)     
[2025-06-18T00:01:29.870+0300][14400][7356 ][info ][gc,heap  ] GC(7)      Live:         -                18M (1%)           18M (1%)           18M (1%)             -                  -          
[2025-06-18T00:01:29.870+0300][14400][7356 ][info ][gc,heap  ] GC(7) Allocated:         -                16M (1%)           16M (1%)           16M (1%)             -                  -          
[2025-06-18T00:01:29.870+0300][14400][7356 ][info ][gc,heap  ] GC(7)   Garbage:         -               261M (13%)         123M (6%)           35M (2%)             -                  -          
[2025-06-18T00:01:29.870+0300][14400][7356 ][info ][gc,heap  ] GC(7) Reclaimed:         -                  -               138M (7%)          226M (11%)            -                  -          
[2025-06-18T00:01:29.870+0300][14400][7356 ][info ][gc       ] GC(7) Garbage Collection (Proactive) 280M(14%)->70M(3%)
[2025-06-18T00:01:30.872+0300][14400][20600][debug][safepoint] Safepoint synchronization initiated using striped semaphore wait barrier. (32 threads)
[2025-06-18T00:01:30.872+0300][14400][20600][info ][safepoint] Safepoint "Cleanup", Time since last: 1002883000 ns, Reaching safepoint: 194600 ns, Cleanup: 44500 ns, At safepoint: 34100 ns, Total: 273200 ns
[2025-06-18T00:01:31.886+0300][14400][20600][debug][safepoint] Safepoint synchronization initiated using striped semaphore wait barrier. (32 threads)
[2025-06-18T00:01:31.886+0300][14400][20600][info ][safepoint] Safepoint "Cleanup", Time since last: 1013428600 ns, Reaching safepoint: 449300 ns, Cleanup: 26500 ns, At safepoint: 7800 ns, Total: 483600 ns
[2025-06-18T00:01:32.894+0300][14400][20600][debug][safepoint] Safepoint synchronization initiated using striped semaphore wait barrier. (32 threads)
[2025-06-18T00:01:32.894+0300][14400][20600][info ][safepoint] Safepoint "Cleanup", Time since last: 1007566500 ns, Reaching safepoint: 160000 ns, Cleanup: 44100 ns, At safepoint: 32200 ns, Total: 236300 ns
[2025-06-18T00:01:33.907+0300][14400][20600][debug][safepoint] Safepoint synchronization initiated using striped semaphore wait barrier. (32 threads)
[2025-06-18T00:01:33.908+0300][14400][20600][info ][safepoint] Safepoint "Cleanup", Time since last: 1012578500 ns, Reaching safepoint: 193600 ns, Cleanup: 21600 ns, At safepoint: 38100 ns, Total: 253300 ns
[2025-06-18T00:01:34.911+0300][14400][20600][debug][safepoint] Safepoint synchronization initiated using striped semaphore wait barrier. (32 threads)
[2025-06-18T00:01:34.911+0300][14400][20600][info ][safepoint] Safepoint "Cleanup", Time since last: 1003368300 ns, Reaching safepoint: 215200 ns, Cleanup: 66800 ns, At safepoint: 24500 ns, Total: 306500 ns
[2025-06-18T00:01:36.156+0300][14400][20600][debug][safepoint] Safepoint synchronization initiated using striped semaphore wait barrier. (32 threads)
[2025-06-18T00:01:36.156+0300][14400][20600][info ][safepoint] Safepoint "Cleanup", Time since last: 1245352600 ns, Reaching safepoint: 160400 ns, Cleanup: 45400 ns, At safepoint: 24900 ns, Total: 230700 ns
[2025-06-18T00:01:36.742+0300][14400][7356 ][debug][gc,heap  ] GC(8) Heap before GC invocations=8 (full 8):
[2025-06-18T00:01:36.742+0300][14400][7356 ][debug][gc,heap  ] GC(8)  ZHeap           used 276M, capacity 2048M, max capacity 2048M
[2025-06-18T00:01:36.742+0300][14400][7356 ][debug][gc,heap  ] GC(8)  Metaspace       used 34213K, committed 35072K, reserved 1114112K
[2025-06-18T00:01:36.742+0300][14400][7356 ][debug][gc,heap  ] GC(8)   class space    used 2859K, committed 3264K, reserved 1048576K
[2025-06-18T00:01:36.742+0300][14400][20600][debug][safepoint] Safepoint synchronization initiated using striped semaphore wait barrier. (32 threads)
[2025-06-18T00:01:36.742+0300][14400][19400][debug][safepoint] ... found polling page loop exception at pc = 0x000001bef45749cf, stub =0x000001bef3ab5280
[2025-06-18T00:01:36.742+0300][14400][3224 ][debug][safepoint] ... found polling page loop exception at pc = 0x000001bef452d0b2, stub =0x000001bef3ab5280
[2025-06-18T00:01:36.742+0300][14400][21968][debug][safepoint] ... found polling page loop exception at pc = 0x000001bef45002c9, stub =0x000001bef3ab5b00
[2025-06-18T00:01:36.742+0300][14400][20600][info ][gc,phases] GC(8) Pause Mark Start 0.015ms
[2025-06-18T00:01:36.742+0300][14400][20600][info ][safepoint] Safepoint "XMarkStart", Time since last: 585850600 ns, Reaching safepoint: 558600 ns, Cleanup: 24700 ns, At safepoint: 138900 ns, Total: 722200 ns
[2025-06-18T00:01:36.760+0300][14400][7356 ][info ][gc,phases] GC(8) Concurrent Mark 16.656ms
[2025-06-18T00:01:36.760+0300][14400][20600][debug][safepoint] Safepoint synchronization initiated using striped semaphore wait barrier. (32 threads)
[2025-06-18T00:01:36.760+0300][14400][20600][info ][gc,phases] GC(8) Pause Mark End 0.013ms
[2025-06-18T00:01:36.760+0300][14400][20600][info ][safepoint] Safepoint "XMarkEnd", Time since last: 16840300 ns, Reaching safepoint: 42600 ns, Cleanup: 5100 ns, At safepoint: 35000 ns, Total: 82700 ns
[2025-06-18T00:01:36.760+0300][14400][7356 ][info ][gc,phases] GC(8) Concurrent Mark Free 0.001ms
[2025-06-18T00:01:36.760+0300][14400][7356 ][debug][gc,phases] GC(8) Concurrent References Process 0.138ms
[2025-06-18T00:01:36.760+0300][14400][7356 ][debug][gc,phases] GC(8) ClassLoaderData 0.034ms
[2025-06-18T00:01:36.760+0300][14400][7356 ][debug][gc,phases] GC(8) Trigger cleanups 0.000ms
[2025-06-18T00:01:36.763+0300][14400][7356 ][debug][gc,phases] GC(8) Concurrent Classes Unlink 6.281ms
[2025-06-18T00:01:36.763+0300][14400][7356 ][debug][gc,phases] GC(8) Concurrent Classes Purge 0.040ms
[2025-06-18T00:01:36.763+0300][14400][7356 ][debug][gc,phases] GC(8) Concurrent References Enqueue 0.000ms
[2025-06-18T00:01:36.763+0300][14400][7356 ][info ][gc,phases] GC(8) Concurrent Process Non-Strong References 7.324ms
[2025-06-18T00:01:36.763+0300][14400][7356 ][info ][gc,phases] GC(8) Concurrent Reset Relocation Set 0.002ms
[2025-06-18T00:01:36.763+0300][14400][7356 ][info ][gc,phases] GC(8) Concurrent Select Relocation Set 1.291ms
[2025-06-18T00:01:36.763+0300][14400][20600][debug][safepoint] Safepoint synchronization initiated using striped semaphore wait barrier. (32 threads)
[2025-06-18T00:01:36.763+0300][14400][20600][info ][gc,phases] GC(8) Pause Relocate Start 0.007ms
[2025-06-18T00:01:36.763+0300][14400][20600][info ][safepoint] Safepoint "XRelocateStart", Time since last: 8815400 ns, Reaching safepoint: 23300 ns, Cleanup: 3400 ns, At safepoint: 19500 ns, Total: 46200 ns
[2025-06-18T00:01:36.763+0300][14400][7356 ][info ][gc,phases] GC(8) Concurrent Relocate 0.736ms
[2025-06-18T00:01:36.763+0300][14400][7356 ][debug][gc,heap  ] GC(8) Heap after GC invocations=9 (full 9):
[2025-06-18T00:01:36.763+0300][14400][7356 ][debug][gc,heap  ] GC(8)  ZHeap           used 70M, capacity 2048M, max capacity 2048M
[2025-06-18T00:01:36.763+0300][14400][7356 ][debug][gc,heap  ] GC(8)  Metaspace       used 34213K, committed 35072K, reserved 1114112K
[2025-06-18T00:01:36.763+0300][14400][7356 ][debug][gc,heap  ] GC(8)   class space    used 2859K, committed 3264K, reserved 1048576K
[2025-06-18T00:01:36.763+0300][14400][7356 ][info ][gc,heap  ] GC(8) Min Capacity: 2048M(100%)
[2025-06-18T00:01:36.763+0300][14400][7356 ][info ][gc,heap  ] GC(8) Max Capacity: 2048M(100%)
[2025-06-18T00:01:36.763+0300][14400][7356 ][info ][gc,heap  ] GC(8) Soft Max Capacity: 2048M(100%)
[2025-06-18T00:01:36.763+0300][14400][7356 ][info ][gc,heap  ] GC(8)                Mark Start          Mark End        Relocate Start      Relocate End           High               Low         
[2025-06-18T00:01:36.763+0300][14400][7356 ][info ][gc,heap  ] GC(8)  Capacity:     2048M (100%)       2048M (100%)       2048M (100%)       2048M (100%)       2048M (100%)       2048M (100%)   
[2025-06-18T00:01:36.763+0300][14400][7356 ][info ][gc,heap  ] GC(8)      Free:     1772M (87%)        1756M (86%)        1904M (93%)        1978M (97%)        1978M (97%)        1756M (86%)    
[2025-06-18T00:01:36.763+0300][14400][7356 ][info ][gc,heap  ] GC(8)      Used:      276M (13%)         292M (14%)         144M (7%)           70M (3%)          292M (14%)          70M (3%)     
[2025-06-18T00:01:36.763+0300][14400][7356 ][info ][gc,heap  ] GC(8)      Live:         -                18M (1%)           18M (1%)           18M (1%)             -                  -          
[2025-06-18T00:01:36.763+0300][14400][7356 ][info ][gc,heap  ] GC(8) Allocated:         -                16M (1%)           16M (1%)           16M (1%)             -                  -          
[2025-06-18T00:01:36.763+0300][14400][7356 ][info ][gc,heap  ] GC(8)   Garbage:         -               257M (13%)         109M (5%)           35M (2%)             -                  -          
[2025-06-18T00:01:36.763+0300][14400][7356 ][info ][gc,heap  ] GC(8) Reclaimed:         -                  -               148M (7%)          222M (11%)            -                  -          
[2025-06-18T00:01:36.763+0300][14400][7356 ][info ][gc       ] GC(8) Garbage Collection (Proactive) 276M(13%)->70M(3%)
[2025-06-18T00:01:39.775+0300][14400][20600][debug][safepoint] Safepoint synchronization initiated using striped semaphore wait barrier. (32 threads)
[2025-06-18T00:01:39.775+0300][14400][18728][debug][safepoint] ... found polling page loop exception at pc = 0x000001bef42a0577, stub =0x000001bef3ab5b00
[2025-06-18T00:01:39.775+0300][14400][20600][info ][safepoint] Safepoint "Cleanup", Time since last: 3006580100 ns, Reaching safepoint: 309700 ns, Cleanup: 36700 ns, At safepoint: 32500 ns, Total: 378900 ns
[2025-06-18T00:01:40.782+0300][14400][20600][debug][safepoint] Safepoint synchronization initiated using striped semaphore wait barrier. (32 threads)
[2025-06-18T00:01:40.782+0300][14400][20600][info ][safepoint] Safepoint "Cleanup", Time since last: 1006553900 ns, Reaching safepoint: 162600 ns, Cleanup: 44300 ns, At safepoint: 28700 ns, Total: 235600 ns
[2025-06-18T00:01:42.801+0300][14400][20600][debug][safepoint] Safepoint synchronization initiated using striped semaphore wait barrier. (32 threads)
[2025-06-18T00:01:42.801+0300][14400][20600][info ][safepoint] Safepoint "Cleanup", Time since last: 2017654500 ns, Reaching safepoint: 153700 ns, Cleanup: 65200 ns, At safepoint: 4800 ns, Total: 223700 ns
[2025-06-18T00:01:43.640+0300][14400][7356 ][debug][gc,heap  ] GC(9) Heap before GC invocations=9 (full 9):
[2025-06-18T00:01:43.640+0300][14400][7356 ][debug][gc,heap  ] GC(9)  ZHeap           used 278M, capacity 2048M, max capacity 2048M
[2025-06-18T00:01:43.640+0300][14400][7356 ][debug][gc,heap  ] GC(9)  Metaspace       used 34216K, committed 35072K, reserved 1114112K
[2025-06-18T00:01:43.640+0300][14400][7356 ][debug][gc,heap  ] GC(9)   class space    used 2859K, committed 3264K, reserved 1048576K
[2025-06-18T00:01:43.640+0300][14400][20600][debug][safepoint] Safepoint synchronization initiated using striped semaphore wait barrier. (32 threads)
[2025-06-18T00:01:43.640+0300][14400][6708 ][debug][safepoint] ... found polling page loop exception at pc = 0x000001bef42604a9, stub =0x000001bef3ab5280
[2025-06-18T00:01:43.640+0300][14400][9712 ][debug][safepoint] ... found polling page loop exception at pc = 0x000001bef42604a9, stub =0x000001bef3ab5280
[2025-06-18T00:01:43.640+0300][14400][14812][debug][safepoint] ... found polling page loop exception at pc = 0x000001bef472ee9b, stub =0x000001bef3ab5b00
[2025-06-18T00:01:43.640+0300][14400][20600][info ][gc,phases] GC(9) Pause Mark Start 0.010ms
[2025-06-18T00:01:43.640+0300][14400][20600][info ][safepoint] Safepoint "XMarkStart", Time since last: 839131600 ns, Reaching safepoint: 331200 ns, Cleanup: 15700 ns, At safepoint: 89300 ns, Total: 436200 ns
[2025-06-18T00:01:43.657+0300][14400][7356 ][info ][gc,phases] GC(9) Concurrent Mark 16.623ms
[2025-06-18T00:01:43.657+0300][14400][20600][debug][safepoint] Safepoint synchronization initiated using striped semaphore wait barrier. (32 threads)
[2025-06-18T00:01:43.657+0300][14400][20600][info ][gc,phases] GC(9) Pause Mark End 0.017ms
[2025-06-18T00:01:43.657+0300][14400][20600][info ][safepoint] Safepoint "XMarkEnd", Time since last: 16829700 ns, Reaching safepoint: 33300 ns, Cleanup: 6500 ns, At safepoint: 64400 ns, Total: 104200 ns
[2025-06-18T00:01:43.657+0300][14400][7356 ][info ][gc,phases] GC(9) Concurrent Mark Free 0.001ms
[2025-06-18T00:01:43.657+0300][14400][7356 ][debug][gc,phases] GC(9) Concurrent References Process 0.076ms
[2025-06-18T00:01:43.657+0300][14400][7356 ][debug][gc,phases] GC(9) ClassLoaderData 0.044ms
[2025-06-18T00:01:43.657+0300][14400][7356 ][debug][gc,phases] GC(9) Trigger cleanups 0.000ms
[2025-06-18T00:01:43.665+0300][14400][7356 ][debug][gc,phases] GC(9) Concurrent Classes Unlink 7.401ms
[2025-06-18T00:01:43.665+0300][14400][7356 ][debug][gc,phases] GC(9) Concurrent Classes Purge 0.044ms
[2025-06-18T00:01:43.665+0300][14400][7356 ][debug][gc,phases] GC(9) Concurrent References Enqueue 0.001ms
[2025-06-18T00:01:43.665+0300][14400][7356 ][info ][gc,phases] GC(9) Concurrent Process Non-Strong References 8.461ms
[2025-06-18T00:01:43.665+0300][14400][7356 ][info ][gc,phases] GC(9) Concurrent Reset Relocation Set 0.002ms
[2025-06-18T00:01:43.665+0300][14400][7356 ][info ][gc,phases] GC(9) Concurrent Select Relocation Set 1.153ms
[2025-06-18T00:01:43.665+0300][14400][20600][debug][safepoint] Safepoint synchronization initiated using striped semaphore wait barrier. (32 threads)
[2025-06-18T00:01:43.665+0300][14400][20600][info ][gc,phases] GC(9) Pause Relocate Start 0.006ms
[2025-06-18T00:01:43.665+0300][14400][20600][info ][safepoint] Safepoint "XRelocateStart", Time since last: 9754700 ns, Reaching safepoint: 22300 ns, Cleanup: 7600 ns, At safepoint: 18800 ns, Total: 48700 ns
[2025-06-18T00:01:43.665+0300][14400][7356 ][info ][gc,phases] GC(9) Concurrent Relocate 0.686ms
[2025-06-18T00:01:43.665+0300][14400][7356 ][debug][gc,heap  ] GC(9) Heap after GC invocations=10 (full 10):
[2025-06-18T00:01:43.665+0300][14400][7356 ][debug][gc,heap  ] GC(9)  ZHeap           used 68M, capacity 2048M, max capacity 2048M
[2025-06-18T00:01:43.665+0300][14400][7356 ][debug][gc,heap  ] GC(9)  Metaspace       used 34216K, committed 35072K, reserved 1114112K
[2025-06-18T00:01:43.665+0300][14400][7356 ][debug][gc,heap  ] GC(9)   class space    used 2859K, committed 3264K, reserved 1048576K
[2025-06-18T00:01:43.665+0300][14400][7356 ][info ][gc,heap  ] GC(9) Min Capacity: 2048M(100%)
[2025-06-18T00:01:43.665+0300][14400][7356 ][info ][gc,heap  ] GC(9) Max Capacity: 2048M(100%)
[2025-06-18T00:01:43.665+0300][14400][7356 ][info ][gc,heap  ] GC(9) Soft Max Capacity: 2048M(100%)
[2025-06-18T00:01:43.665+0300][14400][7356 ][info ][gc,heap  ] GC(9)                Mark Start          Mark End        Relocate Start      Relocate End           High               Low         
[2025-06-18T00:01:43.665+0300][14400][7356 ][info ][gc,heap  ] GC(9)  Capacity:     2048M (100%)       2048M (100%)       2048M (100%)       2048M (100%)       2048M (100%)       2048M (100%)   
[2025-06-18T00:01:43.665+0300][14400][7356 ][info ][gc,heap  ] GC(9)      Free:     1770M (86%)        1756M (86%)        1902M (93%)        1980M (97%)        1980M (97%)        1756M (86%)    
[2025-06-18T00:01:43.665+0300][14400][7356 ][info ][gc,heap  ] GC(9)      Used:      278M (14%)         292M (14%)         146M (7%)           68M (3%)          292M (14%)          68M (3%)     
[2025-06-18T00:01:43.665+0300][14400][7356 ][info ][gc,heap  ] GC(9)      Live:         -                18M (1%)           18M (1%)           18M (1%)             -                  -          
[2025-06-18T00:01:43.665+0300][14400][7356 ][info ][gc,heap  ] GC(9) Allocated:         -                14M (1%)           14M (1%)           14M (1%)             -                  -          
[2025-06-18T00:01:43.665+0300][14400][7356 ][info ][gc,heap  ] GC(9)   Garbage:         -               259M (13%)         113M (6%)           35M (2%)             -                  -          
[2025-06-18T00:01:43.665+0300][14400][7356 ][info ][gc,heap  ] GC(9) Reclaimed:         -                  -               146M (7%)          224M (11%)            -                  -          
[2025-06-18T00:01:43.665+0300][14400][7356 ][info ][gc       ] GC(9) Garbage Collection (Proactive) 278M(14%)->68M(3%)
[2025-06-18T00:01:45.677+0300][14400][20600][debug][safepoint] Safepoint synchronization initiated using striped semaphore wait barrier. (32 threads)
[2025-06-18T00:01:45.677+0300][14400][11368][debug][safepoint] ... found polling page loop exception at pc = 0x000001bef442ce25, stub =0x000001bef3ab5b00
[2025-06-18T00:01:45.677+0300][14400][20600][info ][safepoint] Safepoint "Cleanup", Time since last: 2010054700 ns, Reaching safepoint: 221200 ns, Cleanup: 9000 ns, At safepoint: 5700 ns, Total: 235900 ns
[2025-06-18T00:01:46.678+0300][14400][20600][debug][safepoint] Safepoint synchronization initiated using striped semaphore wait barrier. (32 threads)
[2025-06-18T00:01:46.678+0300][14400][20600][info ][safepoint] Safepoint "Cleanup", Time since last: 1000156400 ns, Reaching safepoint: 163800 ns, Cleanup: 32500 ns, At safepoint: 19300 ns, Total: 215600 ns
[2025-06-18T00:01:47.686+0300][14400][20600][debug][safepoint] Safepoint synchronization initiated using striped semaphore wait barrier. (32 threads)
[2025-06-18T00:01:47.686+0300][14400][19400][debug][safepoint] ... found polling page loop exception at pc = 0x000001bef442cb97, stub =0x000001bef3ab5b00
[2025-06-18T00:01:47.686+0300][14400][20600][info ][safepoint] Safepoint "Cleanup", Time since last: 1008758700 ns, Reaching safepoint: 339200 ns, Cleanup: 40200 ns, At safepoint: 24700 ns, Total: 404100 ns
[2025-06-18T00:01:49.687+0300][14400][20600][debug][safepoint] Safepoint synchronization initiated using striped semaphore wait barrier. (32 threads)
[2025-06-18T00:01:49.687+0300][14400][20600][info ][safepoint] Safepoint "Cleanup", Time since last: 1999721500 ns, Reaching safepoint: 111900 ns, Cleanup: 35400 ns, At safepoint: 14200 ns, Total: 161500 ns
[2025-06-18T00:01:50.340+0300][14400][7356 ][debug][gc,heap  ] GC(10) Heap before GC invocations=10 (full 10):
[2025-06-18T00:01:50.340+0300][14400][7356 ][debug][gc,heap  ] GC(10)  ZHeap           used 276M, capacity 2048M, max capacity 2048M
[2025-06-18T00:01:50.340+0300][14400][7356 ][debug][gc,heap  ] GC(10)  Metaspace       used 34229K, committed 35072K, reserved 1114112K
[2025-06-18T00:01:50.340+0300][14400][7356 ][debug][gc,heap  ] GC(10)   class space    used 2859K, committed 3264K, reserved 1048576K
[2025-06-18T00:01:50.340+0300][14400][20600][debug][safepoint] Safepoint synchronization initiated using striped semaphore wait barrier. (32 threads)
[2025-06-18T00:01:50.341+0300][14400][21828][debug][safepoint] ... found polling page loop exception at pc = 0x000001bef475818d, stub =0x000001bef3ab5280
[2025-06-18T00:01:50.341+0300][14400][20600][info ][gc,phases] GC(10) Pause Mark Start 0.015ms
[2025-06-18T00:01:50.341+0300][14400][20600][info ][safepoint] Safepoint "XMarkStart", Time since last: 653674100 ns, Reaching safepoint: 320500 ns, Cleanup: 41500 ns, At safepoint: 152700 ns, Total: 514700 ns
[2025-06-18T00:01:50.375+0300][14400][7356 ][info ][gc,phases] GC(10) Concurrent Mark 33.813ms
[2025-06-18T00:01:50.375+0300][14400][20600][debug][safepoint] Safepoint synchronization initiated using striped semaphore wait barrier. (32 threads)
[2025-06-18T00:01:50.375+0300][14400][20600][info ][gc,phases] GC(10) Pause Mark End 0.013ms
[2025-06-18T00:01:50.375+0300][14400][20600][info ][safepoint] Safepoint "XMarkEnd", Time since last: 33999700 ns, Reaching safepoint: 58000 ns, Cleanup: 6000 ns, At safepoint: 36400 ns, Total: 100400 ns
[2025-06-18T00:01:50.375+0300][14400][7356 ][info ][gc,phases] GC(10) Concurrent Mark Free 0.001ms
[2025-06-18T00:01:50.376+0300][14400][7356 ][debug][gc,phases] GC(10) Concurrent References Process 0.238ms
[2025-06-18T00:01:50.376+0300][14400][7356 ][debug][gc,phases] GC(10) ClassLoaderData 0.031ms
[2025-06-18T00:01:50.376+0300][14400][7356 ][debug][gc,phases] GC(10) Trigger cleanups 0.000ms
[2025-06-18T00:01:50.376+0300][14400][7356 ][debug][gc,phases] GC(10) Concurrent Classes Unlink 6.661ms
[2025-06-18T00:01:50.376+0300][14400][7356 ][debug][gc,phases] GC(10) Concurrent Classes Purge 0.063ms
[2025-06-18T00:01:50.376+0300][14400][7356 ][debug][gc,phases] GC(10) Concurrent References Enqueue 0.001ms
[2025-06-18T00:01:50.376+0300][14400][7356 ][info ][gc,phases] GC(10) Concurrent Process Non-Strong References 7.875ms
[2025-06-18T00:01:50.376+0300][14400][7356 ][info ][gc,phases] GC(10) Concurrent Reset Relocation Set 0.002ms
[2025-06-18T00:01:50.376+0300][14400][7356 ][info ][gc,phases] GC(10) Concurrent Select Relocation Set 1.108ms
[2025-06-18T00:01:50.376+0300][14400][20600][debug][safepoint] Safepoint synchronization initiated using striped semaphore wait barrier. (32 threads)
[2025-06-18T00:01:50.376+0300][14400][20600][info ][gc,phases] GC(10) Pause Relocate Start 0.007ms
[2025-06-18T00:01:50.376+0300][14400][20600][info ][safepoint] Safepoint "XRelocateStart", Time since last: 9181500 ns, Reaching safepoint: 23600 ns, Cleanup: 8300 ns, At safepoint: 20000 ns, Total: 51900 ns
[2025-06-18T00:01:50.376+0300][14400][7356 ][info ][gc,phases] GC(10) Concurrent Relocate 0.741ms
[2025-06-18T00:01:50.376+0300][14400][7356 ][debug][gc,heap  ] GC(10) Heap after GC invocations=11 (full 11):
[2025-06-18T00:01:50.376+0300][14400][7356 ][debug][gc,heap  ] GC(10)  ZHeap           used 66M, capacity 2048M, max capacity 2048M
[2025-06-18T00:01:50.376+0300][14400][7356 ][debug][gc,heap  ] GC(10)  Metaspace       used 34229K, committed 35072K, reserved 1114112K
[2025-06-18T00:01:50.376+0300][14400][7356 ][debug][gc,heap  ] GC(10)   class space    used 2859K, committed 3264K, reserved 1048576K
[2025-06-18T00:01:50.376+0300][14400][7356 ][info ][gc,heap  ] GC(10) Min Capacity: 2048M(100%)
[2025-06-18T00:01:50.376+0300][14400][7356 ][info ][gc,heap  ] GC(10) Max Capacity: 2048M(100%)
[2025-06-18T00:01:50.376+0300][14400][7356 ][info ][gc,heap  ] GC(10) Soft Max Capacity: 2048M(100%)
[2025-06-18T00:01:50.376+0300][14400][7356 ][info ][gc,heap  ] GC(10)                Mark Start          Mark End        Relocate Start      Relocate End           High               Low         
[2025-06-18T00:01:50.376+0300][14400][7356 ][info ][gc,heap  ] GC(10)  Capacity:     2048M (100%)       2048M (100%)       2048M (100%)       2048M (100%)       2048M (100%)       2048M (100%)   
[2025-06-18T00:01:50.376+0300][14400][7356 ][info ][gc,heap  ] GC(10)      Free:     1772M (87%)        1758M (86%)        1900M (93%)        1982M (97%)        1982M (97%)        1758M (86%)    
[2025-06-18T00:01:50.376+0300][14400][7356 ][info ][gc,heap  ] GC(10)      Used:      276M (13%)         290M (14%)         148M (7%)           66M (3%)          290M (14%)          66M (3%)     
[2025-06-18T00:01:50.376+0300][14400][7356 ][info ][gc,heap  ] GC(10)      Live:         -                18M (1%)           18M (1%)           18M (1%)             -                  -          
[2025-06-18T00:01:50.376+0300][14400][7356 ][info ][gc,heap  ] GC(10) Allocated:         -                14M (1%)           14M (1%)           14M (1%)             -                  -          
[2025-06-18T00:01:50.376+0300][14400][7356 ][info ][gc,heap  ] GC(10)   Garbage:         -               257M (13%)         115M (6%)           33M (2%)             -                  -          
[2025-06-18T00:01:50.376+0300][14400][7356 ][info ][gc,heap  ] GC(10) Reclaimed:         -                  -               142M (7%)          224M (11%)            -                  -          
[2025-06-18T00:01:50.376+0300][14400][7356 ][info ][gc       ] GC(10) Garbage Collection (Proactive) 276M(13%)->66M(3%)
[2025-06-18T00:01:51.386+0300][14400][20600][debug][safepoint] Safepoint synchronization initiated using striped semaphore wait barrier. (32 threads)
[2025-06-18T00:01:51.386+0300][14400][20600][info ][safepoint] Safepoint "Cleanup", Time since last: 1002268000 ns, Reaching safepoint: 146600 ns, Cleanup: 28800 ns, At safepoint: 18400 ns, Total: 193800 ns
[2025-06-18T00:01:53.414+0300][14400][20600][debug][safepoint] Safepoint synchronization initiated using striped semaphore wait barrier. (32 threads)
[2025-06-18T00:01:53.414+0300][14400][20600][info ][safepoint] Safepoint "Cleanup", Time since last: 2027528100 ns, Reaching safepoint: 165400 ns, Cleanup: 33300 ns, At safepoint: 19300 ns, Total: 218000 ns
[2025-06-18T00:01:55.431+0300][14400][20600][debug][safepoint] Safepoint synchronization initiated using striped semaphore wait barrier. (32 threads)
[2025-06-18T00:01:55.431+0300][14400][3224 ][debug][safepoint] ... found polling page loop exception at pc = 0x000001bef444f1e9, stub =0x000001bef3ab5280
[2025-06-18T00:01:55.431+0300][14400][20600][info ][safepoint] Safepoint "Cleanup", Time since last: 2016276800 ns, Reaching safepoint: 182000 ns, Cleanup: 30500 ns, At safepoint: 29300 ns, Total: 241800 ns
[2025-06-18T00:01:57.037+0300][14400][7356 ][debug][gc,heap  ] GC(11) Heap before GC invocations=11 (full 11):
[2025-06-18T00:01:57.037+0300][14400][7356 ][debug][gc,heap  ] GC(11)  ZHeap           used 276M, capacity 2048M, max capacity 2048M
[2025-06-18T00:01:57.037+0300][14400][7356 ][debug][gc,heap  ] GC(11)  Metaspace       used 34234K, committed 35072K, reserved 1114112K
[2025-06-18T00:01:57.037+0300][14400][7356 ][debug][gc,heap  ] GC(11)   class space    used 2859K, committed 3264K, reserved 1048576K
[2025-06-18T00:01:57.037+0300][14400][20600][debug][safepoint] Safepoint synchronization initiated using striped semaphore wait barrier. (32 threads)
[2025-06-18T00:01:57.037+0300][14400][20600][info ][gc,phases] GC(11) Pause Mark Start 0.010ms
[2025-06-18T00:01:57.037+0300][14400][20600][info ][safepoint] Safepoint "XMarkStart", Time since last: 1606954900 ns, Reaching safepoint: 61200 ns, Cleanup: 12600 ns, At safepoint: 56900 ns, Total: 130700 ns
[2025-06-18T00:01:57.055+0300][14400][7356 ][info ][gc,phases] GC(11) Concurrent Mark 17.168ms
[2025-06-18T00:01:57.055+0300][14400][20600][debug][safepoint] Safepoint synchronization initiated using striped semaphore wait barrier. (32 threads)
[2025-06-18T00:01:57.055+0300][14400][20600][info ][gc,phases] GC(11) Pause Mark End 0.017ms
[2025-06-18T00:01:57.055+0300][14400][20600][info ][safepoint] Safepoint "XMarkEnd", Time since last: 17305100 ns, Reaching safepoint: 58200 ns, Cleanup: 7000 ns, At safepoint: 55700 ns, Total: 120900 ns
[2025-06-18T00:01:57.055+0300][14400][7356 ][info ][gc,phases] GC(11) Concurrent Mark Free 0.000ms
[2025-06-18T00:01:57.055+0300][14400][7356 ][debug][gc,phases] GC(11) Concurrent References Process 0.085ms
[2025-06-18T00:01:57.056+0300][14400][7356 ][debug][gc,phases] GC(11) ClassLoaderData 0.050ms
[2025-06-18T00:01:57.056+0300][14400][7356 ][debug][gc,phases] GC(11) Trigger cleanups 0.001ms
[2025-06-18T00:01:57.064+0300][14400][7356 ][debug][gc,phases] GC(11) Concurrent Classes Unlink 7.622ms
[2025-06-18T00:01:57.064+0300][14400][7356 ][debug][gc,phases] GC(11) Concurrent Classes Purge 0.053ms
[2025-06-18T00:01:57.064+0300][14400][7356 ][debug][gc,phases] GC(11) Concurrent References Enqueue 0.000ms
[2025-06-18T00:01:57.064+0300][14400][7356 ][info ][gc,phases] GC(11) Concurrent Process Non-Strong References 8.648ms
[2025-06-18T00:01:57.064+0300][14400][7356 ][info ][gc,phases] GC(11) Concurrent Reset Relocation Set 0.003ms
[2025-06-18T00:01:57.064+0300][14400][7356 ][info ][gc,phases] GC(11) Concurrent Select Relocation Set 1.048ms
[2025-06-18T00:01:57.064+0300][14400][20600][debug][safepoint] Safepoint synchronization initiated using striped semaphore wait barrier. (32 threads)
[2025-06-18T00:01:57.064+0300][14400][20600][info ][gc,phases] GC(11) Pause Relocate Start 0.006ms
[2025-06-18T00:01:57.064+0300][14400][20600][info ][safepoint] Safepoint "XRelocateStart", Time since last: 9877600 ns, Reaching safepoint: 22000 ns, Cleanup: 3100 ns, At safepoint: 17900 ns, Total: 43000 ns
[2025-06-18T00:01:57.064+0300][14400][7356 ][info ][gc,phases] GC(11) Concurrent Relocate 0.703ms
[2025-06-18T00:01:57.064+0300][14400][7356 ][debug][gc,heap  ] GC(11) Heap after GC invocations=12 (full 12):
[2025-06-18T00:01:57.064+0300][14400][7356 ][debug][gc,heap  ] GC(11)  ZHeap           used 68M, capacity 2048M, max capacity 2048M
[2025-06-18T00:01:57.064+0300][14400][7356 ][debug][gc,heap  ] GC(11)  Metaspace       used 34234K, committed 35072K, reserved 1114112K
[2025-06-18T00:01:57.064+0300][14400][7356 ][debug][gc,heap  ] GC(11)   class space    used 2859K, committed 3264K, reserved 1048576K
[2025-06-18T00:01:57.064+0300][14400][7356 ][info ][gc,heap  ] GC(11) Min Capacity: 2048M(100%)
[2025-06-18T00:01:57.064+0300][14400][7356 ][info ][gc,heap  ] GC(11) Max Capacity: 2048M(100%)
[2025-06-18T00:01:57.064+0300][14400][7356 ][info ][gc,heap  ] GC(11) Soft Max Capacity: 2048M(100%)
[2025-06-18T00:01:57.064+0300][14400][7356 ][info ][gc,heap  ] GC(11)                Mark Start          Mark End        Relocate Start      Relocate End           High               Low         
[2025-06-18T00:01:57.064+0300][14400][7356 ][info ][gc,heap  ] GC(11)  Capacity:     2048M (100%)       2048M (100%)       2048M (100%)       2048M (100%)       2048M (100%)       2048M (100%)   
[2025-06-18T00:01:57.064+0300][14400][7356 ][info ][gc,heap  ] GC(11)      Free:     1772M (87%)        1760M (86%)        1902M (93%)        1980M (97%)        1980M (97%)        1758M (86%)    
[2025-06-18T00:01:57.064+0300][14400][7356 ][info ][gc,heap  ] GC(11)      Used:      276M (13%)         288M (14%)         146M (7%)           68M (3%)          290M (14%)          68M (3%)     
[2025-06-18T00:01:57.064+0300][14400][7356 ][info ][gc,heap  ] GC(11)      Live:         -                18M (1%)           18M (1%)           18M (1%)             -                  -          
[2025-06-18T00:01:57.064+0300][14400][7356 ][info ][gc,heap  ] GC(11) Allocated:         -                12M (1%)           14M (1%)           14M (1%)             -                  -          
[2025-06-18T00:01:57.064+0300][14400][7356 ][info ][gc,heap  ] GC(11)   Garbage:         -               257M (13%)         113M (6%)           35M (2%)             -                  -          
[2025-06-18T00:01:57.064+0300][14400][7356 ][info ][gc,heap  ] GC(11) Reclaimed:         -                  -               144M (7%)          222M (11%)            -                  -          
[2025-06-18T00:01:57.064+0300][14400][7356 ][info ][gc       ] GC(11) Garbage Collection (Proactive) 276M(13%)->68M(3%)
[2025-06-18T00:01:58.075+0300][14400][20600][debug][safepoint] Safepoint synchronization initiated using striped semaphore wait barrier. (32 threads)
[2025-06-18T00:01:58.075+0300][14400][11368][debug][safepoint] ... found polling page loop exception at pc = 0x000001bef43fc751, stub =0x000001bef3ab5b00
[2025-06-18T00:01:58.075+0300][14400][17768][debug][safepoint] ... found polling page loop exception at pc = 0x000001bef442d08d, stub =0x000001bef3ab5b00
[2025-06-18T00:01:58.075+0300][14400][20600][info ][safepoint] Safepoint "Cleanup", Time since last: 1009168800 ns, Reaching safepoint: 229900 ns, Cleanup: 20200 ns, At safepoint: 12000 ns, Total: 262100 ns
[2025-06-18T00:02:01.086+0300][14400][20600][debug][safepoint] Safepoint synchronization initiated using striped semaphore wait barrier. (32 threads)
[2025-06-18T00:02:01.086+0300][14400][20600][info ][safepoint] Safepoint "Cleanup", Time since last: 3011174900 ns, Reaching safepoint: 149300 ns, Cleanup: 28800 ns, At safepoint: 21600 ns, Total: 199700 ns
[2025-06-18T00:02:03.840+0300][14400][7356 ][debug][gc,heap  ] GC(12) Heap before GC invocations=12 (full 12):
[2025-06-18T00:02:03.840+0300][14400][7356 ][debug][gc,heap  ] GC(12)  ZHeap           used 274M, capacity 2048M, max capacity 2048M
[2025-06-18T00:02:03.840+0300][14400][7356 ][debug][gc,heap  ] GC(12)  Metaspace       used 34246K, committed 35072K, reserved 1114112K
[2025-06-18T00:02:03.840+0300][14400][7356 ][debug][gc,heap  ] GC(12)   class space    used 2859K, committed 3264K, reserved 1048576K
[2025-06-18T00:02:03.840+0300][14400][20600][debug][safepoint] Safepoint synchronization initiated using striped semaphore wait barrier. (32 threads)
[2025-06-18T00:02:03.840+0300][14400][17768][debug][safepoint] ... found polling page loop exception at pc = 0x000001bef472688b, stub =0x000001bef3ab5b00
[2025-06-18T00:02:03.840+0300][14400][12292][debug][safepoint] ... found polling page loop exception at pc = 0x000001bef475818d, stub =0x000001bef3ab5280
[2025-06-18T00:02:03.840+0300][14400][2788 ][debug][safepoint] ... found polling page loop exception at pc = 0x000001bef475818d, stub =0x000001bef3ab5280
[2025-06-18T00:02:03.840+0300][14400][20600][info ][gc,phases] GC(12) Pause Mark Start 0.011ms
[2025-06-18T00:02:03.840+0300][14400][20600][info ][safepoint] Safepoint "XMarkStart", Time since last: 2754396500 ns, Reaching safepoint: 308200 ns, Cleanup: 22100 ns, At safepoint: 98400 ns, Total: 428700 ns
[2025-06-18T00:02:03.856+0300][14400][7356 ][info ][gc,phases] GC(12) Concurrent Mark 15.183ms
[2025-06-18T00:02:03.856+0300][14400][20600][debug][safepoint] Safepoint synchronization initiated using striped semaphore wait barrier. (32 threads)
[2025-06-18T00:02:03.856+0300][14400][20600][info ][gc,phases] GC(12) Pause Mark End 0.014ms
[2025-06-18T00:02:03.856+0300][14400][20600][info ][safepoint] Safepoint "XMarkEnd", Time since last: 15506800 ns, Reaching safepoint: 63700 ns, Cleanup: 6000 ns, At safepoint: 62200 ns, Total: 131900 ns
[2025-06-18T00:02:03.856+0300][14400][7356 ][info ][gc,phases] GC(12) Concurrent Mark Free 0.001ms
[2025-06-18T00:02:03.856+0300][14400][7356 ][debug][gc,phases] GC(12) Concurrent References Process 0.077ms
[2025-06-18T00:02:03.856+0300][14400][7356 ][debug][gc,phases] GC(12) ClassLoaderData 0.031ms
[2025-06-18T00:02:03.856+0300][14400][7356 ][debug][gc,phases] GC(12) Trigger cleanups 0.000ms
[2025-06-18T00:02:03.863+0300][14400][7356 ][debug][gc,phases] GC(12) Concurrent Classes Unlink 6.584ms
[2025-06-18T00:02:03.863+0300][14400][7356 ][debug][gc,phases] GC(12) Concurrent Classes Purge 0.068ms
[2025-06-18T00:02:03.863+0300][14400][7356 ][debug][gc,phases] GC(12) Concurrent References Enqueue 0.001ms
[2025-06-18T00:02:03.863+0300][14400][7356 ][info ][gc,phases] GC(12) Concurrent Process Non-Strong References 7.573ms
[2025-06-18T00:02:03.863+0300][14400][7356 ][info ][gc,phases] GC(12) Concurrent Reset Relocation Set 0.003ms
[2025-06-18T00:02:03.863+0300][14400][7356 ][info ][gc,phases] GC(12) Concurrent Select Relocation Set 1.083ms
[2025-06-18T00:02:03.863+0300][14400][20600][debug][safepoint] Safepoint synchronization initiated using striped semaphore wait barrier. (32 threads)
[2025-06-18T00:02:03.863+0300][14400][20600][info ][gc,phases] GC(12) Pause Relocate Start 0.006ms
[2025-06-18T00:02:03.863+0300][14400][20600][info ][safepoint] Safepoint "XRelocateStart", Time since last: 8847900 ns, Reaching safepoint: 22600 ns, Cleanup: 3200 ns, At safepoint: 18800 ns, Total: 44600 ns
[2025-06-18T00:02:03.863+0300][14400][7356 ][info ][gc,phases] GC(12) Concurrent Relocate 0.707ms
[2025-06-18T00:02:03.863+0300][14400][7356 ][debug][gc,heap  ] GC(12) Heap after GC invocations=13 (full 13):
[2025-06-18T00:02:03.863+0300][14400][7356 ][debug][gc,heap  ] GC(12)  ZHeap           used 70M, capacity 2048M, max capacity 2048M
[2025-06-18T00:02:03.863+0300][14400][7356 ][debug][gc,heap  ] GC(12)  Metaspace       used 34246K, committed 35072K, reserved 1114112K
[2025-06-18T00:02:03.863+0300][14400][7356 ][debug][gc,heap  ] GC(12)   class space    used 2859K, committed 3264K, reserved 1048576K
[2025-06-18T00:02:03.863+0300][14400][7356 ][info ][gc,heap  ] GC(12) Min Capacity: 2048M(100%)
[2025-06-18T00:02:03.863+0300][14400][7356 ][info ][gc,heap  ] GC(12) Max Capacity: 2048M(100%)
[2025-06-18T00:02:03.863+0300][14400][7356 ][info ][gc,heap  ] GC(12) Soft Max Capacity: 2048M(100%)
[2025-06-18T00:02:03.863+0300][14400][7356 ][info ][gc,heap  ] GC(12)                Mark Start          Mark End        Relocate Start      Relocate End           High               Low         
[2025-06-18T00:02:03.863+0300][14400][7356 ][info ][gc,heap  ] GC(12)  Capacity:     2048M (100%)       2048M (100%)       2048M (100%)       2048M (100%)       2048M (100%)       2048M (100%)   
[2025-06-18T00:02:03.863+0300][14400][7356 ][info ][gc,heap  ] GC(12)      Free:     1774M (87%)        1758M (86%)        1902M (93%)        1978M (97%)        1978M (97%)        1758M (86%)    
[2025-06-18T00:02:03.863+0300][14400][7356 ][info ][gc,heap  ] GC(12)      Used:      274M (13%)         290M (14%)         146M (7%)           70M (3%)          290M (14%)          70M (3%)     
[2025-06-18T00:02:03.863+0300][14400][7356 ][info ][gc,heap  ] GC(12)      Live:         -                18M (1%)           18M (1%)           18M (1%)             -                  -          
[2025-06-18T00:02:03.863+0300][14400][7356 ][info ][gc,heap  ] GC(12) Allocated:         -                16M (1%)           16M (1%)           16M (1%)             -                  -          
[2025-06-18T00:02:03.863+0300][14400][7356 ][info ][gc,heap  ] GC(12)   Garbage:         -               255M (12%)         111M (5%)           35M (2%)             -                  -          
[2025-06-18T00:02:03.863+0300][14400][7356 ][info ][gc,heap  ] GC(12) Reclaimed:         -                  -               144M (7%)          220M (11%)            -                  -          
[2025-06-18T00:02:03.863+0300][14400][7356 ][info ][gc       ] GC(12) Garbage Collection (Proactive) 274M(13%)->70M(3%)
[2025-06-18T00:02:07.904+0300][14400][20600][debug][safepoint] Safepoint synchronization initiated using striped semaphore wait barrier. (32 threads)
[2025-06-18T00:02:07.904+0300][14400][20600][info ][safepoint] Safepoint "Cleanup", Time since last: 4038281100 ns, Reaching safepoint: 198600 ns, Cleanup: 40400 ns, At safepoint: 18100 ns, Total: 257100 ns
[2025-06-18T00:02:08.910+0300][14400][20600][debug][safepoint] Safepoint synchronization initiated using striped semaphore wait barrier. (32 threads)
[2025-06-18T00:02:08.910+0300][14400][20600][info ][safepoint] Safepoint "Cleanup", Time since last: 1005661200 ns, Reaching safepoint: 101900 ns, Cleanup: 26500 ns, At safepoint: 10000 ns, Total: 138400 ns
[2025-06-18T00:02:09.921+0300][14400][20600][debug][safepoint] Safepoint synchronization initiated using striped semaphore wait barrier. (32 threads)
[2025-06-18T00:02:09.921+0300][14400][20600][info ][safepoint] Safepoint "Cleanup", Time since last: 1010927500 ns, Reaching safepoint: 159700 ns, Cleanup: 41800 ns, At safepoint: 20700 ns, Total: 222200 ns
[2025-06-18T00:02:10.636+0300][14400][7356 ][debug][gc,heap  ] GC(13) Heap before GC invocations=13 (full 13):
[2025-06-18T00:02:10.636+0300][14400][7356 ][debug][gc,heap  ] GC(13)  ZHeap           used 282M, capacity 2048M, max capacity 2048M
[2025-06-18T00:02:10.636+0300][14400][7356 ][debug][gc,heap  ] GC(13)  Metaspace       used 34259K, committed 35072K, reserved 1114112K
[2025-06-18T00:02:10.636+0300][14400][7356 ][debug][gc,heap  ] GC(13)   class space    used 2859K, committed 3264K, reserved 1048576K
[2025-06-18T00:02:10.636+0300][14400][20600][debug][safepoint] Safepoint synchronization initiated using striped semaphore wait barrier. (32 threads)
[2025-06-18T00:02:10.636+0300][14400][17664][debug][safepoint] ... found polling page loop exception at pc = 0x000001bef4615bd1, stub =0x000001bef3ab5b00
[2025-06-18T00:02:10.636+0300][14400][20600][info ][gc,phases] GC(13) Pause Mark Start 0.014ms
[2025-06-18T00:02:10.636+0300][14400][20600][info ][safepoint] Safepoint "XMarkStart", Time since last: 715975400 ns, Reaching safepoint: 237600 ns, Cleanup: 22600 ns, At safepoint: 155400 ns, Total: 415600 ns
[2025-06-18T00:02:10.653+0300][14400][7356 ][info ][gc,phases] GC(13) Concurrent Mark 14.963ms
[2025-06-18T00:02:10.653+0300][14400][20600][debug][safepoint] Safepoint synchronization initiated using striped semaphore wait barrier. (32 threads)
[2025-06-18T00:02:10.653+0300][14400][20600][info ][gc,phases] GC(13) Pause Mark End 0.017ms
[2025-06-18T00:02:10.653+0300][14400][20600][info ][safepoint] Safepoint "XMarkEnd", Time since last: 15144700 ns, Reaching safepoint: 53800 ns, Cleanup: 6900 ns, At safepoint: 61800 ns, Total: 122500 ns
[2025-06-18T00:02:10.653+0300][14400][7356 ][info ][gc,phases] GC(13) Concurrent Mark Free 0.001ms
[2025-06-18T00:02:10.653+0300][14400][7356 ][debug][gc,phases] GC(13) Concurrent References Process 0.116ms
[2025-06-18T00:02:10.653+0300][14400][7356 ][debug][gc,phases] GC(13) ClassLoaderData 0.030ms
[2025-06-18T00:02:10.653+0300][14400][7356 ][debug][gc,phases] GC(13) Trigger cleanups 0.000ms
[2025-06-18T00:02:10.656+0300][14400][7356 ][debug][gc,phases] GC(13) Concurrent Classes Unlink 6.550ms
[2025-06-18T00:02:10.656+0300][14400][7356 ][debug][gc,phases] GC(13) Concurrent Classes Purge 0.064ms
[2025-06-18T00:02:10.656+0300][14400][7356 ][debug][gc,phases] GC(13) Concurrent References Enqueue 0.004ms
[2025-06-18T00:02:10.656+0300][14400][7356 ][info ][gc,phases] GC(13) Concurrent Process Non-Strong References 7.733ms
[2025-06-18T00:02:10.656+0300][14400][7356 ][info ][gc,phases] GC(13) Concurrent Reset Relocation Set 0.003ms
[2025-06-18T00:02:10.656+0300][14400][7356 ][info ][gc,phases] GC(13) Concurrent Select Relocation Set 1.347ms
[2025-06-18T00:02:10.656+0300][14400][20600][debug][safepoint] Safepoint synchronization initiated using striped semaphore wait barrier. (32 threads)
[2025-06-18T00:02:10.656+0300][14400][20600][info ][gc,phases] GC(13) Pause Relocate Start 0.006ms
[2025-06-18T00:02:10.656+0300][14400][20600][info ][safepoint] Safepoint "XRelocateStart", Time since last: 9263900 ns, Reaching safepoint: 33800 ns, Cleanup: 8300 ns, At safepoint: 22100 ns, Total: 64200 ns
[2025-06-18T00:02:10.656+0300][14400][7356 ][info ][gc,phases] GC(13) Concurrent Relocate 0.718ms
[2025-06-18T00:02:10.656+0300][14400][7356 ][debug][gc,heap  ] GC(13) Heap after GC invocations=14 (full 14):
[2025-06-18T00:02:10.656+0300][14400][7356 ][debug][gc,heap  ] GC(13)  ZHeap           used 70M, capacity 2048M, max capacity 2048M
[2025-06-18T00:02:10.656+0300][14400][7356 ][debug][gc,heap  ] GC(13)  Metaspace       used 34259K, committed 35072K, reserved 1114112K
[2025-06-18T00:02:10.656+0300][14400][7356 ][debug][gc,heap  ] GC(13)   class space    used 2859K, committed 3264K, reserved 1048576K
[2025-06-18T00:02:10.656+0300][14400][7356 ][info ][gc,heap  ] GC(13) Min Capacity: 2048M(100%)
[2025-06-18T00:02:10.656+0300][14400][7356 ][info ][gc,heap  ] GC(13) Max Capacity: 2048M(100%)
[2025-06-18T00:02:10.656+0300][14400][7356 ][info ][gc,heap  ] GC(13) Soft Max Capacity: 2048M(100%)
[2025-06-18T00:02:10.656+0300][14400][7356 ][info ][gc,heap  ] GC(13)                Mark Start          Mark End        Relocate Start      Relocate End           High               Low         
[2025-06-18T00:02:10.656+0300][14400][7356 ][info ][gc,heap  ] GC(13)  Capacity:     2048M (100%)       2048M (100%)       2048M (100%)       2048M (100%)       2048M (100%)       2048M (100%)   
[2025-06-18T00:02:10.656+0300][14400][7356 ][info ][gc,heap  ] GC(13)      Free:     1766M (86%)        1750M (85%)        1896M (93%)        1978M (97%)        1978M (97%)        1750M (85%)    
[2025-06-18T00:02:10.656+0300][14400][7356 ][info ][gc,heap  ] GC(13)      Used:      282M (14%)         298M (15%)         152M (7%)           70M (3%)          298M (15%)          70M (3%)     
[2025-06-18T00:02:10.656+0300][14400][7356 ][info ][gc,heap  ] GC(13)      Live:         -                18M (1%)           18M (1%)           18M (1%)             -                  -          
[2025-06-18T00:02:10.656+0300][14400][7356 ][info ][gc,heap  ] GC(13) Allocated:         -                16M (1%)           16M (1%)           16M (1%)             -                  -          
[2025-06-18T00:02:10.656+0300][14400][7356 ][info ][gc,heap  ] GC(13)   Garbage:         -               263M (13%)         117M (6%)           35M (2%)             -                  -          
[2025-06-18T00:02:10.656+0300][14400][7356 ][info ][gc,heap  ] GC(13) Reclaimed:         -                  -               146M (7%)          228M (11%)            -                  -          
[2025-06-18T00:02:10.656+0300][14400][7356 ][info ][gc       ] GC(13) Garbage Collection (Proactive) 282M(14%)->70M(3%)
[2025-06-18T00:02:12.661+0300][14400][20600][debug][safepoint] Safepoint synchronization initiated using striped semaphore wait barrier. (32 threads)
[2025-06-18T00:02:12.661+0300][14400][20600][info ][safepoint] Safepoint "Cleanup", Time since last: 1999349100 ns, Reaching safepoint: 164500 ns, Cleanup: 28200 ns, At safepoint: 19100 ns, Total: 211800 ns
[2025-06-18T00:02:13.675+0300][14400][20600][debug][safepoint] Safepoint synchronization initiated using striped semaphore wait barrier. (32 threads)
[2025-06-18T00:02:13.675+0300][14400][11368][debug][safepoint] ... found polling page loop exception at pc = 0x000001bef42291ce, stub =0x000001bef3ab5b00
[2025-06-18T00:02:13.675+0300][14400][20600][info ][safepoint] Safepoint "Cleanup", Time since last: 1013164600 ns, Reaching safepoint: 203200 ns, Cleanup: 23300 ns, At safepoint: 14900 ns, Total: 241400 ns
[2025-06-18T00:02:16.685+0300][14400][20600][debug][safepoint] Safepoint synchronization initiated using striped semaphore wait barrier. (32 threads)
[2025-06-18T00:02:16.685+0300][14400][20600][info ][safepoint] Safepoint "Cleanup", Time since last: 3010260000 ns, Reaching safepoint: 179000 ns, Cleanup: 37200 ns, At safepoint: 19600 ns, Total: 235800 ns
[2025-06-18T00:02:17.351+0300][14400][7356 ][debug][gc,heap  ] GC(14) Heap before GC invocations=14 (full 14):
[2025-06-18T00:02:17.351+0300][14400][7356 ][debug][gc,heap  ] GC(14)  ZHeap           used 276M, capacity 2048M, max capacity 2048M
[2025-06-18T00:02:17.351+0300][14400][7356 ][debug][gc,heap  ] GC(14)  Metaspace       used 34263K, committed 35136K, reserved 1114112K
[2025-06-18T00:02:17.351+0300][14400][7356 ][debug][gc,heap  ] GC(14)   class space    used 2859K, committed 3264K, reserved 1048576K
[2025-06-18T00:02:17.351+0300][14400][20600][debug][safepoint] Safepoint synchronization initiated using striped semaphore wait barrier. (32 threads)
[2025-06-18T00:02:17.351+0300][14400][2788 ][debug][safepoint] ... found polling page loop exception at pc = 0x000001bef42604a9, stub =0x000001bef3ab5280
[2025-06-18T00:02:17.351+0300][14400][20600][info ][gc,phases] GC(14) Pause Mark Start 0.030ms
[2025-06-18T00:02:17.351+0300][14400][20600][info ][safepoint] Safepoint "XMarkStart", Time since last: 665514800 ns, Reaching safepoint: 152900 ns, Cleanup: 15900 ns, At safepoint: 92500 ns, Total: 261300 ns
[2025-06-18T00:02:17.385+0300][14400][7356 ][info ][gc,phases] GC(14) Concurrent Mark 33.674ms
[2025-06-18T00:02:17.385+0300][14400][20600][debug][safepoint] Safepoint synchronization initiated using striped semaphore wait barrier. (32 threads)
[2025-06-18T00:02:17.386+0300][14400][20600][info ][gc,phases] GC(14) Pause Mark End 0.013ms
[2025-06-18T00:02:17.386+0300][14400][20600][info ][safepoint] Safepoint "XMarkEnd", Time since last: 33905300 ns, Reaching safepoint: 55800 ns, Cleanup: 5800 ns, At safepoint: 44800 ns, Total: 106400 ns
[2025-06-18T00:02:17.386+0300][14400][7356 ][info ][gc,phases] GC(14) Concurrent Mark Free 0.001ms
[2025-06-18T00:02:17.386+0300][14400][7356 ][debug][gc,phases] GC(14) Concurrent References Process 0.145ms
[2025-06-18T00:02:17.386+0300][14400][7356 ][debug][gc,phases] GC(14) ClassLoaderData 0.036ms
[2025-06-18T00:02:17.386+0300][14400][7356 ][debug][gc,phases] GC(14) Trigger cleanups 0.000ms
[2025-06-18T00:02:17.392+0300][14400][7356 ][debug][gc,phases] GC(14) Concurrent Classes Unlink 6.570ms
[2025-06-18T00:02:17.392+0300][14400][7356 ][debug][gc,phases] GC(14) Concurrent Classes Purge 0.056ms
[2025-06-18T00:02:17.392+0300][14400][7356 ][debug][gc,phases] GC(14) Concurrent References Enqueue 0.000ms
[2025-06-18T00:02:17.392+0300][14400][7356 ][info ][gc,phases] GC(14) Concurrent Process Non-Strong References 7.685ms
[2025-06-18T00:02:17.392+0300][14400][7356 ][info ][gc,phases] GC(14) Concurrent Reset Relocation Set 0.002ms
[2025-06-18T00:02:17.392+0300][14400][7356 ][info ][gc,phases] GC(14) Concurrent Select Relocation Set 1.068ms
[2025-06-18T00:02:17.392+0300][14400][20600][debug][safepoint] Safepoint synchronization initiated using striped semaphore wait barrier. (32 threads)
[2025-06-18T00:02:17.392+0300][14400][20600][info ][gc,phases] GC(14) Pause Relocate Start 0.006ms
[2025-06-18T00:02:17.392+0300][14400][20600][info ][safepoint] Safepoint "XRelocateStart", Time since last: 8910300 ns, Reaching safepoint: 22300 ns, Cleanup: 5300 ns, At safepoint: 18300 ns, Total: 45900 ns
[2025-06-18T00:02:17.392+0300][14400][7356 ][info ][gc,phases] GC(14) Concurrent Relocate 0.712ms
[2025-06-18T00:02:17.392+0300][14400][7356 ][debug][gc,heap  ] GC(14) Heap after GC invocations=15 (full 15):
[2025-06-18T00:02:17.392+0300][14400][7356 ][debug][gc,heap  ] GC(14)  ZHeap           used 70M, capacity 2048M, max capacity 2048M
[2025-06-18T00:02:17.392+0300][14400][7356 ][debug][gc,heap  ] GC(14)  Metaspace       used 34263K, committed 35136K, reserved 1114112K
[2025-06-18T00:02:17.392+0300][14400][7356 ][debug][gc,heap  ] GC(14)   class space    used 2859K, committed 3264K, reserved 1048576K
[2025-06-18T00:02:17.392+0300][14400][7356 ][info ][gc,heap  ] GC(14) Min Capacity: 2048M(100%)
[2025-06-18T00:02:17.392+0300][14400][7356 ][info ][gc,heap  ] GC(14) Max Capacity: 2048M(100%)
[2025-06-18T00:02:17.392+0300][14400][7356 ][info ][gc,heap  ] GC(14) Soft Max Capacity: 2048M(100%)
[2025-06-18T00:02:17.392+0300][14400][7356 ][info ][gc,heap  ] GC(14)                Mark Start          Mark End        Relocate Start      Relocate End           High               Low         
[2025-06-18T00:02:17.392+0300][14400][7356 ][info ][gc,heap  ] GC(14)  Capacity:     2048M (100%)       2048M (100%)       2048M (100%)       2048M (100%)       2048M (100%)       2048M (100%)   
[2025-06-18T00:02:17.392+0300][14400][7356 ][info ][gc,heap  ] GC(14)      Free:     1772M (87%)        1756M (86%)        1904M (93%)        1978M (97%)        1978M (97%)        1756M (86%)    
[2025-06-18T00:02:17.392+0300][14400][7356 ][info ][gc,heap  ] GC(14)      Used:      276M (13%)         292M (14%)         144M (7%)           70M (3%)          292M (14%)          70M (3%)     
[2025-06-18T00:02:17.392+0300][14400][7356 ][info ][gc,heap  ] GC(14)      Live:         -                18M (1%)           18M (1%)           18M (1%)             -                  -          
[2025-06-18T00:02:17.392+0300][14400][7356 ][info ][gc,heap  ] GC(14) Allocated:         -                16M (1%)           16M (1%)           16M (1%)             -                  -          
[2025-06-18T00:02:17.392+0300][14400][7356 ][info ][gc,heap  ] GC(14)   Garbage:         -               257M (13%)         109M (5%)           35M (2%)             -                  -          
[2025-06-18T00:02:17.392+0300][14400][7356 ][info ][gc,heap  ] GC(14) Reclaimed:         -                  -               148M (7%)          222M (11%)            -                  -          
[2025-06-18T00:02:17.392+0300][14400][7356 ][info ][gc       ] GC(14) Garbage Collection (Proactive) 276M(13%)->70M(3%)
[2025-06-18T00:02:19.400+0300][14400][20600][debug][safepoint] Safepoint synchronization initiated using striped semaphore wait barrier. (32 threads)
[2025-06-18T00:02:19.400+0300][14400][20600][info ][safepoint] Safepoint "Cleanup", Time since last: 2005566800 ns, Reaching safepoint: 122200 ns, Cleanup: 27300 ns, At safepoint: 18700 ns, Total: 168200 ns
[2025-06-18T00:02:24.243+0300][14400][7356 ][debug][gc,heap  ] GC(15) Heap before GC invocations=15 (full 15):
[2025-06-18T00:02:24.243+0300][14400][7356 ][debug][gc,heap  ] GC(15)  ZHeap           used 278M, capacity 2048M, max capacity 2048M
[2025-06-18T00:02:24.243+0300][14400][7356 ][debug][gc,heap  ] GC(15)  Metaspace       used 34278K, committed 35136K, reserved 1114112K
[2025-06-18T00:02:24.243+0300][14400][7356 ][debug][gc,heap  ] GC(15)   class space    used 2860K, committed 3264K, reserved 1048576K
[2025-06-18T00:02:24.243+0300][14400][20600][debug][safepoint] Safepoint synchronization initiated using striped semaphore wait barrier. (32 threads)
[2025-06-18T00:02:24.243+0300][14400][20600][info ][gc,phases] GC(15) Pause Mark Start 0.015ms
[2025-06-18T00:02:24.243+0300][14400][20600][info ][safepoint] Safepoint "XMarkStart", Time since last: 4843109100 ns, Reaching safepoint: 129400 ns, Cleanup: 39800 ns, At safepoint: 119800 ns, Total: 289000 ns
[2025-06-18T00:02:24.260+0300][14400][7356 ][info ][gc,phases] GC(15) Concurrent Mark 16.804ms
[2025-06-18T00:02:24.260+0300][14400][20600][debug][safepoint] Safepoint synchronization initiated using striped semaphore wait barrier. (32 threads)
[2025-06-18T00:02:24.260+0300][14400][20600][info ][gc,phases] GC(15) Pause Mark End 0.017ms
[2025-06-18T00:02:24.260+0300][14400][20600][info ][safepoint] Safepoint "XMarkEnd", Time since last: 17006000 ns, Reaching safepoint: 59700 ns, Cleanup: 9100 ns, At safepoint: 68100 ns, Total: 136900 ns
[2025-06-18T00:02:24.260+0300][14400][7356 ][info ][gc,phases] GC(15) Concurrent Mark Free 0.001ms
[2025-06-18T00:02:24.260+0300][14400][7356 ][debug][gc,phases] GC(15) Concurrent References Process 0.134ms
[2025-06-18T00:02:24.260+0300][14400][7356 ][debug][gc,phases] GC(15) ClassLoaderData 0.041ms
[2025-06-18T00:02:24.260+0300][14400][7356 ][debug][gc,phases] GC(15) Trigger cleanups 0.000ms
[2025-06-18T00:02:24.260+0300][14400][7356 ][debug][gc,phases] GC(15) Concurrent Classes Unlink 6.947ms
[2025-06-18T00:02:24.260+0300][14400][7356 ][debug][gc,phases] GC(15) Concurrent Classes Purge 0.052ms
[2025-06-18T00:02:24.260+0300][14400][7356 ][debug][gc,phases] GC(15) Concurrent References Enqueue 0.001ms
[2025-06-18T00:02:24.260+0300][14400][7356 ][info ][gc,phases] GC(15) Concurrent Process Non-Strong References 8.071ms
[2025-06-18T00:02:24.260+0300][14400][7356 ][info ][gc,phases] GC(15) Concurrent Reset Relocation Set 0.002ms
[2025-06-18T00:02:24.260+0300][14400][7356 ][info ][gc,phases] GC(15) Concurrent Select Relocation Set 1.121ms
[2025-06-18T00:02:24.260+0300][14400][20600][debug][safepoint] Safepoint synchronization initiated using striped semaphore wait barrier. (32 threads)
[2025-06-18T00:02:24.260+0300][14400][20600][info ][gc,phases] GC(15) Pause Relocate Start 0.006ms
[2025-06-18T00:02:24.260+0300][14400][20600][info ][safepoint] Safepoint "XRelocateStart", Time since last: 9349800 ns, Reaching safepoint: 22600 ns, Cleanup: 8800 ns, At safepoint: 18900 ns, Total: 50300 ns
[2025-06-18T00:02:24.260+0300][14400][7356 ][info ][gc,phases] GC(15) Concurrent Relocate 0.734ms
[2025-06-18T00:02:24.260+0300][14400][7356 ][debug][gc,heap  ] GC(15) Heap after GC invocations=16 (full 16):
[2025-06-18T00:02:24.260+0300][14400][7356 ][debug][gc,heap  ] GC(15)  ZHeap           used 70M, capacity 2048M, max capacity 2048M
[2025-06-18T00:02:24.260+0300][14400][7356 ][debug][gc,heap  ] GC(15)  Metaspace       used 34278K, committed 35136K, reserved 1114112K
[2025-06-18T00:02:24.260+0300][14400][7356 ][debug][gc,heap  ] GC(15)   class space    used 2860K, committed 3264K, reserved 1048576K
[2025-06-18T00:02:24.260+0300][14400][7356 ][info ][gc,heap  ] GC(15) Min Capacity: 2048M(100%)
[2025-06-18T00:02:24.260+0300][14400][7356 ][info ][gc,heap  ] GC(15) Max Capacity: 2048M(100%)
[2025-06-18T00:02:24.260+0300][14400][7356 ][info ][gc,heap  ] GC(15) Soft Max Capacity: 2048M(100%)
[2025-06-18T00:02:24.260+0300][14400][7356 ][info ][gc,heap  ] GC(15)                Mark Start          Mark End        Relocate Start      Relocate End           High               Low         
[2025-06-18T00:02:24.260+0300][14400][7356 ][info ][gc,heap  ] GC(15)  Capacity:     2048M (100%)       2048M (100%)       2048M (100%)       2048M (100%)       2048M (100%)       2048M (100%)   
[2025-06-18T00:02:24.260+0300][14400][7356 ][info ][gc,heap  ] GC(15)      Free:     1770M (86%)        1754M (86%)        1908M (93%)        1978M (97%)        1978M (97%)        1754M (86%)    
[2025-06-18T00:02:24.260+0300][14400][7356 ][info ][gc,heap  ] GC(15)      Used:      278M (14%)         294M (14%)         140M (7%)           70M (3%)          294M (14%)          70M (3%)     
[2025-06-18T00:02:24.260+0300][14400][7356 ][info ][gc,heap  ] GC(15)      Live:         -                18M (1%)           18M (1%)           18M (1%)             -                  -          
[2025-06-18T00:02:24.260+0300][14400][7356 ][info ][gc,heap  ] GC(15) Allocated:         -                16M (1%)           16M (1%)           16M (1%)             -                  -          
[2025-06-18T00:02:24.260+0300][14400][7356 ][info ][gc,heap  ] GC(15)   Garbage:         -               259M (13%)         105M (5%)           35M (2%)             -                  -          
[2025-06-18T00:02:24.260+0300][14400][7356 ][info ][gc,heap  ] GC(15) Reclaimed:         -                  -               154M (8%)          224M (11%)            -                  -          
[2025-06-18T00:02:24.260+0300][14400][7356 ][info ][gc       ] GC(15) Garbage Collection (Proactive) 278M(14%)->70M(3%)
[2025-06-18T00:02:26.281+0300][14400][20600][debug][safepoint] Safepoint synchronization initiated using striped semaphore wait barrier. (32 threads)
[2025-06-18T00:02:26.281+0300][14400][20600][info ][safepoint] Safepoint "Cleanup", Time since last: 2011222200 ns, Reaching safepoint: 155300 ns, Cleanup: 34300 ns, At safepoint: 16000 ns, Total: 205600 ns
[2025-06-18T00:02:31.136+0300][14400][7356 ][debug][gc,heap  ] GC(16) Heap before GC invocations=16 (full 16):
[2025-06-18T00:02:31.136+0300][14400][7356 ][debug][gc,heap  ] GC(16)  ZHeap           used 280M, capacity 2048M, max capacity 2048M
[2025-06-18T00:02:31.136+0300][14400][7356 ][debug][gc,heap  ] GC(16)  Metaspace       used 34281K, committed 35136K, reserved 1114112K
[2025-06-18T00:02:31.136+0300][14400][7356 ][debug][gc,heap  ] GC(16)   class space    used 2860K, committed 3264K, reserved 1048576K
[2025-06-18T00:02:31.136+0300][14400][20600][debug][safepoint] Safepoint synchronization initiated using striped semaphore wait barrier. (32 threads)
[2025-06-18T00:02:31.136+0300][14400][21828][debug][safepoint] ... found polling page loop exception at pc = 0x000001bef42604a9, stub =0x000001bef3ab5280
[2025-06-18T00:02:31.136+0300][14400][20600][info ][gc,phases] GC(16) Pause Mark Start 0.009ms
[2025-06-18T00:02:31.136+0300][14400][20600][info ][safepoint] Safepoint "XMarkStart", Time since last: 4855343700 ns, Reaching safepoint: 149000 ns, Cleanup: 21900 ns, At safepoint: 72800 ns, Total: 243700 ns
[2025-06-18T00:02:31.154+0300][14400][7356 ][info ][gc,phases] GC(16) Concurrent Mark 16.536ms
[2025-06-18T00:02:31.154+0300][14400][20600][debug][safepoint] Safepoint synchronization initiated using striped semaphore wait barrier. (32 threads)
[2025-06-18T00:02:31.154+0300][14400][20600][info ][gc,phases] GC(16) Pause Mark End 0.014ms
[2025-06-18T00:02:31.154+0300][14400][20600][info ][safepoint] Safepoint "XMarkEnd", Time since last: 16693100 ns, Reaching safepoint: 43000 ns, Cleanup: 5700 ns, At safepoint: 46700 ns, Total: 95400 ns
[2025-06-18T00:02:31.154+0300][14400][7356 ][info ][gc,phases] GC(16) Concurrent Mark Free 0.001ms
[2025-06-18T00:02:31.154+0300][14400][7356 ][debug][gc,phases] GC(16) Concurrent References Process 0.302ms
[2025-06-18T00:02:31.154+0300][14400][7356 ][debug][gc,phases] GC(16) ClassLoaderData 0.034ms
[2025-06-18T00:02:31.154+0300][14400][7356 ][debug][gc,phases] GC(16) Trigger cleanups 0.000ms
[2025-06-18T00:02:31.154+0300][14400][7356 ][debug][gc,phases] GC(16) Concurrent Classes Unlink 7.145ms
[2025-06-18T00:02:31.154+0300][14400][7356 ][debug][gc,phases] GC(16) Concurrent Classes Purge 0.068ms
[2025-06-18T00:02:31.154+0300][14400][7356 ][debug][gc,phases] GC(16) Concurrent References Enqueue 0.004ms
[2025-06-18T00:02:31.154+0300][14400][7356 ][info ][gc,phases] GC(16) Concurrent Process Non-Strong References 8.897ms
[2025-06-18T00:02:31.154+0300][14400][7356 ][info ][gc,phases] GC(16) Concurrent Reset Relocation Set 0.002ms
[2025-06-18T00:02:31.154+0300][14400][7356 ][info ][gc,phases] GC(16) Concurrent Select Relocation Set 1.262ms
[2025-06-18T00:02:31.154+0300][14400][20600][debug][safepoint] Safepoint synchronization initiated using striped semaphore wait barrier. (32 threads)
[2025-06-18T00:02:31.154+0300][14400][20600][info ][gc,phases] GC(16) Pause Relocate Start 0.007ms
[2025-06-18T00:02:31.154+0300][14400][20600][info ][safepoint] Safepoint "XRelocateStart", Time since last: 10323600 ns, Reaching safepoint: 21800 ns, Cleanup: 5600 ns, At safepoint: 19300 ns, Total: 46700 ns
[2025-06-18T00:02:31.154+0300][14400][7356 ][info ][gc,phases] GC(16) Concurrent Relocate 0.728ms
[2025-06-18T00:02:31.154+0300][14400][7356 ][debug][gc,heap  ] GC(16) Heap after GC invocations=17 (full 17):
[2025-06-18T00:02:31.154+0300][14400][7356 ][debug][gc,heap  ] GC(16)  ZHeap           used 68M, capacity 2048M, max capacity 2048M
[2025-06-18T00:02:31.154+0300][14400][7356 ][debug][gc,heap  ] GC(16)  Metaspace       used 34281K, committed 35136K, reserved 1114112K
[2025-06-18T00:02:31.154+0300][14400][7356 ][debug][gc,heap  ] GC(16)   class space    used 2860K, committed 3264K, reserved 1048576K
[2025-06-18T00:02:31.154+0300][14400][7356 ][info ][gc,heap  ] GC(16) Min Capacity: 2048M(100%)
[2025-06-18T00:02:31.154+0300][14400][7356 ][info ][gc,heap  ] GC(16) Max Capacity: 2048M(100%)
[2025-06-18T00:02:31.154+0300][14400][7356 ][info ][gc,heap  ] GC(16) Soft Max Capacity: 2048M(100%)
[2025-06-18T00:02:31.154+0300][14400][7356 ][info ][gc,heap  ] GC(16)                Mark Start          Mark End        Relocate Start      Relocate End           High               Low         
[2025-06-18T00:02:31.154+0300][14400][7356 ][info ][gc,heap  ] GC(16)  Capacity:     2048M (100%)       2048M (100%)       2048M (100%)       2048M (100%)       2048M (100%)       2048M (100%)   
[2025-06-18T00:02:31.154+0300][14400][7356 ][info ][gc,heap  ] GC(16)      Free:     1768M (86%)        1754M (86%)        1910M (93%)        1980M (97%)        1980M (97%)        1754M (86%)    
[2025-06-18T00:02:31.154+0300][14400][7356 ][info ][gc,heap  ] GC(16)      Used:      280M (14%)         294M (14%)         138M (7%)           68M (3%)          294M (14%)          68M (3%)     
[2025-06-18T00:02:31.154+0300][14400][7356 ][info ][gc,heap  ] GC(16)      Live:         -                18M (1%)           18M (1%)           18M (1%)             -                  -          
[2025-06-18T00:02:31.154+0300][14400][7356 ][info ][gc,heap  ] GC(16) Allocated:         -                14M (1%)           14M (1%)           14M (1%)             -                  -          
[2025-06-18T00:02:31.154+0300][14400][7356 ][info ][gc,heap  ] GC(16)   Garbage:         -               261M (13%)         105M (5%)           35M (2%)             -                  -          
[2025-06-18T00:02:31.154+0300][14400][7356 ][info ][gc,heap  ] GC(16) Reclaimed:         -                  -               156M (8%)          226M (11%)            -                  -          
[2025-06-18T00:02:31.154+0300][14400][7356 ][info ][gc       ] GC(16) Garbage Collection (Proactive) 280M(14%)->68M(3%)
[2025-06-18T00:02:37.849+0300][14400][7356 ][debug][gc,heap  ] GC(17) Heap before GC invocations=17 (full 17):
[2025-06-18T00:02:37.849+0300][14400][7356 ][debug][gc,heap  ] GC(17)  ZHeap           used 274M, capacity 2048M, max capacity 2048M
[2025-06-18T00:02:37.849+0300][14400][7356 ][debug][gc,heap  ] GC(17)  Metaspace       used 34285K, committed 35136K, reserved 1114112K
[2025-06-18T00:02:37.849+0300][14400][7356 ][debug][gc,heap  ] GC(17)   class space    used 2860K, committed 3264K, reserved 1048576K
[2025-06-18T00:02:37.849+0300][14400][20600][debug][safepoint] Safepoint synchronization initiated using striped semaphore wait barrier. (32 threads)
[2025-06-18T00:02:37.849+0300][14400][14812][debug][safepoint] ... found polling page loop exception at pc = 0x000001bef42604a9, stub =0x000001bef3ab5280
[2025-06-18T00:02:37.849+0300][14400][17428][debug][safepoint] ... found polling page loop exception at pc = 0x000001bef475818d, stub =0x000001bef3ab5280
[2025-06-18T00:02:37.849+0300][14400][18728][debug][safepoint] ... found polling page loop exception at pc = 0x000001bef46d9e40, stub =0x000001bef3ab5b00
[2025-06-18T00:02:37.849+0300][14400][20600][info ][gc,phases] GC(17) Pause Mark Start 0.014ms
[2025-06-18T00:02:37.849+0300][14400][20600][info ][safepoint] Safepoint "XMarkStart", Time since last: 6685147200 ns, Reaching safepoint: 436000 ns, Cleanup: 27600 ns, At safepoint: 121500 ns, Total: 585100 ns
[2025-06-18T00:02:37.867+0300][14400][7356 ][info ][gc,phases] GC(17) Concurrent Mark 16.560ms
[2025-06-18T00:02:37.867+0300][14400][20600][debug][safepoint] Safepoint synchronization initiated using striped semaphore wait barrier. (32 threads)
[2025-06-18T00:02:37.867+0300][14400][20600][info ][gc,phases] GC(17) Pause Mark End 0.013ms
[2025-06-18T00:02:37.867+0300][14400][20600][info ][safepoint] Safepoint "XMarkEnd", Time since last: 16768000 ns, Reaching safepoint: 94100 ns, Cleanup: 5300 ns, At safepoint: 52700 ns, Total: 152100 ns
[2025-06-18T00:02:37.867+0300][14400][7356 ][info ][gc,phases] GC(17) Concurrent Mark Free 0.000ms
[2025-06-18T00:02:37.867+0300][14400][7356 ][debug][gc,phases] GC(17) Concurrent References Process 0.064ms
[2025-06-18T00:02:37.868+0300][14400][7356 ][debug][gc,phases] GC(17) ClassLoaderData 0.037ms
[2025-06-18T00:02:37.868+0300][14400][7356 ][debug][gc,phases] GC(17) Trigger cleanups 0.000ms
[2025-06-18T00:02:37.868+0300][14400][7356 ][debug][gc,phases] GC(17) Concurrent Classes Unlink 6.873ms
[2025-06-18T00:02:37.868+0300][14400][7356 ][debug][gc,phases] GC(17) Concurrent Classes Purge 0.029ms
[2025-06-18T00:02:37.868+0300][14400][7356 ][debug][gc,phases] GC(17) Concurrent References Enqueue 0.000ms
[2025-06-18T00:02:37.868+0300][14400][7356 ][info ][gc,phases] GC(17) Concurrent Process Non-Strong References 7.914ms
[2025-06-18T00:02:37.868+0300][14400][7356 ][info ][gc,phases] GC(17) Concurrent Reset Relocation Set 0.002ms
[2025-06-18T00:02:37.868+0300][14400][7356 ][info ][gc,phases] GC(17) Concurrent Select Relocation Set 1.120ms
[2025-06-18T00:02:37.868+0300][14400][20600][debug][safepoint] Safepoint synchronization initiated using striped semaphore wait barrier. (32 threads)
[2025-06-18T00:02:37.868+0300][14400][20600][info ][gc,phases] GC(17) Pause Relocate Start 0.007ms
[2025-06-18T00:02:37.868+0300][14400][20600][info ][safepoint] Safepoint "XRelocateStart", Time since last: 9152800 ns, Reaching safepoint: 23000 ns, Cleanup: 3600 ns, At safepoint: 19000 ns, Total: 45600 ns
[2025-06-18T00:02:37.868+0300][14400][7356 ][info ][gc,phases] GC(17) Concurrent Relocate 0.734ms
[2025-06-18T00:02:37.868+0300][14400][7356 ][debug][gc,heap  ] GC(17) Heap after GC invocations=18 (full 18):
[2025-06-18T00:02:37.868+0300][14400][7356 ][debug][gc,heap  ] GC(17)  ZHeap           used 68M, capacity 2048M, max capacity 2048M
[2025-06-18T00:02:37.868+0300][14400][7356 ][debug][gc,heap  ] GC(17)  Metaspace       used 34285K, committed 35136K, reserved 1114112K
[2025-06-18T00:02:37.868+0300][14400][7356 ][debug][gc,heap  ] GC(17)   class space    used 2860K, committed 3264K, reserved 1048576K
[2025-06-18T00:02:37.868+0300][14400][7356 ][info ][gc,heap  ] GC(17) Min Capacity: 2048M(100%)
[2025-06-18T00:02:37.868+0300][14400][7356 ][info ][gc,heap  ] GC(17) Max Capacity: 2048M(100%)
[2025-06-18T00:02:37.868+0300][14400][7356 ][info ][gc,heap  ] GC(17) Soft Max Capacity: 2048M(100%)
[2025-06-18T00:02:37.868+0300][14400][7356 ][info ][gc,heap  ] GC(17)                Mark Start          Mark End        Relocate Start      Relocate End           High               Low         
[2025-06-18T00:02:37.868+0300][14400][7356 ][info ][gc,heap  ] GC(17)  Capacity:     2048M (100%)       2048M (100%)       2048M (100%)       2048M (100%)       2048M (100%)       2048M (100%)   
[2025-06-18T00:02:37.868+0300][14400][7356 ][info ][gc,heap  ] GC(17)      Free:     1774M (87%)        1760M (86%)        1906M (93%)        1980M (97%)        1980M (97%)        1760M (86%)    
[2025-06-18T00:02:37.868+0300][14400][7356 ][info ][gc,heap  ] GC(17)      Used:      274M (13%)         288M (14%)         142M (7%)           68M (3%)          288M (14%)          68M (3%)     
[2025-06-18T00:02:37.868+0300][14400][7356 ][info ][gc,heap  ] GC(17)      Live:         -                18M (1%)           18M (1%)           18M (1%)             -                  -          
[2025-06-18T00:02:37.868+0300][14400][7356 ][info ][gc,heap  ] GC(17) Allocated:         -                14M (1%)           14M (1%)           14M (1%)             -                  -          
[2025-06-18T00:02:37.868+0300][14400][7356 ][info ][gc,heap  ] GC(17)   Garbage:         -               255M (12%)         109M (5%)           35M (2%)             -                  -          
[2025-06-18T00:02:37.868+0300][14400][7356 ][info ][gc,heap  ] GC(17) Reclaimed:         -                  -               146M (7%)          220M (11%)            -                  -          
[2025-06-18T00:02:37.868+0300][14400][7356 ][info ][gc       ] GC(17) Garbage Collection (Proactive) 274M(13%)->68M(3%)
[2025-06-18T00:02:39.886+0300][14400][20600][debug][safepoint] Safepoint synchronization initiated using striped semaphore wait barrier. (32 threads)
[2025-06-18T00:02:39.886+0300][14400][17664][debug][safepoint] ... found polling page loop exception at pc = 0x000001bef45002c9, stub =0x000001bef3ab5b00
[2025-06-18T00:02:39.886+0300][14400][20600][info ][safepoint] Safepoint "Cleanup", Time since last: 2009785300 ns, Reaching safepoint: 320100 ns, Cleanup: 37100 ns, At safepoint: 25500 ns, Total: 382700 ns
[2025-06-18T00:02:40.900+0300][14400][20600][debug][safepoint] Safepoint synchronization initiated using striped semaphore wait barrier. (32 threads)
[2025-06-18T00:02:40.900+0300][14400][20600][info ][safepoint] Safepoint "Cleanup", Time since last: 1013805700 ns, Reaching safepoint: 94000 ns, Cleanup: 20000 ns, At safepoint: 9500 ns, Total: 123500 ns
[2025-06-18T00:02:44.337+0300][14400][7356 ][debug][gc,heap  ] GC(18) Heap before GC invocations=18 (full 18):
[2025-06-18T00:02:44.337+0300][14400][7356 ][debug][gc,heap  ] GC(18)  ZHeap           used 274M, capacity 2048M, max capacity 2048M
[2025-06-18T00:02:44.337+0300][14400][7356 ][debug][gc,heap  ] GC(18)  Metaspace       used 34286K, committed 35136K, reserved 1114112K
[2025-06-18T00:02:44.337+0300][14400][7356 ][debug][gc,heap  ] GC(18)   class space    used 2860K, committed 3264K, reserved 1048576K
[2025-06-18T00:02:44.337+0300][14400][20600][debug][safepoint] Safepoint synchronization initiated using striped semaphore wait barrier. (32 threads)
[2025-06-18T00:02:44.337+0300][14400][20600][info ][gc,phases] GC(18) Pause Mark Start 0.030ms
[2025-06-18T00:02:44.337+0300][14400][20600][info ][safepoint] Safepoint "XMarkStart", Time since last: 3437101800 ns, Reaching safepoint: 155900 ns, Cleanup: 30100 ns, At safepoint: 146600 ns, Total: 332600 ns
[2025-06-18T00:02:44.369+0300][14400][7356 ][info ][gc,phases] GC(18) Concurrent Mark 31.124ms
[2025-06-18T00:02:44.369+0300][14400][20600][debug][safepoint] Safepoint synchronization initiated using striped semaphore wait barrier. (32 threads)
[2025-06-18T00:02:44.369+0300][14400][20600][info ][gc,phases] GC(18) Pause Mark End 0.013ms
[2025-06-18T00:02:44.369+0300][14400][20600][info ][safepoint] Safepoint "XMarkEnd", Time since last: 31357400 ns, Reaching safepoint: 69400 ns, Cleanup: 5400 ns, At safepoint: 41200 ns, Total: 116000 ns
[2025-06-18T00:02:44.369+0300][14400][7356 ][info ][gc,phases] GC(18) Concurrent Mark Free 0.000ms
[2025-06-18T00:02:44.369+0300][14400][7356 ][debug][gc,phases] GC(18) Concurrent References Process 0.141ms
[2025-06-18T00:02:44.369+0300][14400][7356 ][debug][gc,phases] GC(18) ClassLoaderData 0.032ms
[2025-06-18T00:02:44.369+0300][14400][7356 ][debug][gc,phases] GC(18) Trigger cleanups 0.000ms
[2025-06-18T00:02:44.375+0300][14400][7356 ][debug][gc,phases] GC(18) Concurrent Classes Unlink 7.252ms
[2025-06-18T00:02:44.375+0300][14400][7356 ][debug][gc,phases] GC(18) Concurrent Classes Purge 0.098ms
[2025-06-18T00:02:44.375+0300][14400][7356 ][debug][gc,phases] GC(18) Concurrent References Enqueue 0.004ms
[2025-06-18T00:02:44.375+0300][14400][7356 ][info ][gc,phases] GC(18) Concurrent Process Non-Strong References 8.350ms
[2025-06-18T00:02:44.375+0300][14400][7356 ][info ][gc,phases] GC(18) Concurrent Reset Relocation Set 0.002ms
[2025-06-18T00:02:44.375+0300][14400][7356 ][info ][gc,phases] GC(18) Concurrent Select Relocation Set 2.837ms
[2025-06-18T00:02:44.375+0300][14400][20600][debug][safepoint] Safepoint synchronization initiated using striped semaphore wait barrier. (32 threads)
[2025-06-18T00:02:44.375+0300][14400][20600][info ][gc,phases] GC(18) Pause Relocate Start 0.006ms
[2025-06-18T00:02:44.375+0300][14400][20600][info ][safepoint] Safepoint "XRelocateStart", Time since last: 11305500 ns, Reaching safepoint: 22200 ns, Cleanup: 6900 ns, At safepoint: 18400 ns, Total: 47500 ns
[2025-06-18T00:02:44.375+0300][14400][7356 ][info ][gc,phases] GC(18) Concurrent Relocate 0.731ms
[2025-06-18T00:02:44.375+0300][14400][7356 ][debug][gc,heap  ] GC(18) Heap after GC invocations=19 (full 19):
[2025-06-18T00:02:44.375+0300][14400][7356 ][debug][gc,heap  ] GC(18)  ZHeap           used 70M, capacity 2048M, max capacity 2048M
[2025-06-18T00:02:44.375+0300][14400][7356 ][debug][gc,heap  ] GC(18)  Metaspace       used 34286K, committed 35136K, reserved 1114112K
[2025-06-18T00:02:44.375+0300][14400][7356 ][debug][gc,heap  ] GC(18)   class space    used 2860K, committed 3264K, reserved 1048576K
[2025-06-18T00:02:44.375+0300][14400][7356 ][info ][gc,heap  ] GC(18) Min Capacity: 2048M(100%)
[2025-06-18T00:02:44.375+0300][14400][7356 ][info ][gc,heap  ] GC(18) Max Capacity: 2048M(100%)
[2025-06-18T00:02:44.375+0300][14400][7356 ][info ][gc,heap  ] GC(18) Soft Max Capacity: 2048M(100%)
[2025-06-18T00:02:44.375+0300][14400][7356 ][info ][gc,heap  ] GC(18)                Mark Start          Mark End        Relocate Start      Relocate End           High               Low         
[2025-06-18T00:02:44.375+0300][14400][7356 ][info ][gc,heap  ] GC(18)  Capacity:     2048M (100%)       2048M (100%)       2048M (100%)       2048M (100%)       2048M (100%)       2048M (100%)   
[2025-06-18T00:02:44.375+0300][14400][7356 ][info ][gc,heap  ] GC(18)      Free:     1774M (87%)        1758M (86%)        1900M (93%)        1978M (97%)        1978M (97%)        1758M (86%)    
[2025-06-18T00:02:44.375+0300][14400][7356 ][info ][gc,heap  ] GC(18)      Used:      274M (13%)         290M (14%)         148M (7%)           70M (3%)          290M (14%)          70M (3%)     
[2025-06-18T00:02:44.375+0300][14400][7356 ][info ][gc,heap  ] GC(18)      Live:         -                18M (1%)           18M (1%)           18M (1%)             -                  -          
[2025-06-18T00:02:44.375+0300][14400][7356 ][info ][gc,heap  ] GC(18) Allocated:         -                16M (1%)           16M (1%)           16M (1%)             -                  -          
[2025-06-18T00:02:44.375+0300][14400][7356 ][info ][gc,heap  ] GC(18)   Garbage:         -               255M (12%)         113M (6%)           35M (2%)             -                  -          
[2025-06-18T00:02:44.375+0300][14400][7356 ][info ][gc,heap  ] GC(18) Reclaimed:         -                  -               142M (7%)          220M (11%)            -                  -          
[2025-06-18T00:02:44.375+0300][14400][7356 ][info ][gc       ] GC(18) Garbage Collection (Proactive) 274M(13%)->70M(3%)
[2025-06-18T00:02:47.407+0300][14400][20600][debug][safepoint] Safepoint synchronization initiated using striped semaphore wait barrier. (32 threads)
[2025-06-18T00:02:47.407+0300][14400][20600][info ][safepoint] Safepoint "Cleanup", Time since last: 3026965000 ns, Reaching safepoint: 183200 ns, Cleanup: 19000 ns, At safepoint: 28700 ns, Total: 230900 ns
[2025-06-18T00:02:49.423+0300][14400][20600][debug][safepoint] Safepoint synchronization initiated using striped semaphore wait barrier. (32 threads)
[2025-06-18T00:02:49.424+0300][14400][20600][info ][safepoint] Safepoint "Cleanup", Time since last: 2015862200 ns, Reaching safepoint: 158900 ns, Cleanup: 44400 ns, At safepoint: 24600 ns, Total: 227900 ns
[2025-06-18T00:02:50.439+0300][14400][20600][debug][safepoint] Safepoint synchronization initiated using striped semaphore wait barrier. (32 threads)
[2025-06-18T00:02:50.439+0300][14400][20600][info ][safepoint] Safepoint "Cleanup", Time since last: 1015471300 ns, Reaching safepoint: 126700 ns, Cleanup: 39800 ns, At safepoint: 3400 ns, Total: 169900 ns
[2025-06-18T00:02:51.146+0300][14400][7356 ][debug][gc,heap  ] GC(19) Heap before GC invocations=19 (full 19):
[2025-06-18T00:02:51.146+0300][14400][7356 ][debug][gc,heap  ] GC(19)  ZHeap           used 276M, capacity 2048M, max capacity 2048M
[2025-06-18T00:02:51.146+0300][14400][7356 ][debug][gc,heap  ] GC(19)  Metaspace       used 34290K, committed 35136K, reserved 1114112K
[2025-06-18T00:02:51.146+0300][14400][7356 ][debug][gc,heap  ] GC(19)   class space    used 2860K, committed 3264K, reserved 1048576K
[2025-06-18T00:02:51.146+0300][14400][20600][debug][safepoint] Safepoint synchronization initiated using striped semaphore wait barrier. (32 threads)
[2025-06-18T00:02:51.146+0300][14400][8428 ][debug][safepoint] ... found polling page loop exception at pc = 0x000001bef4428317, stub =0x000001bef3ab5280
[2025-06-18T00:02:51.146+0300][14400][17428][debug][safepoint] ... found polling page loop exception at pc = 0x000001bef475818d, stub =0x000001bef3ab5280
[2025-06-18T00:02:51.146+0300][14400][20600][info ][gc,phases] GC(19) Pause Mark Start 0.015ms
[2025-06-18T00:02:51.146+0300][14400][20600][info ][safepoint] Safepoint "XMarkStart", Time since last: 707015500 ns, Reaching safepoint: 375400 ns, Cleanup: 25900 ns, At safepoint: 153400 ns, Total: 554700 ns
[2025-06-18T00:02:51.164+0300][14400][7356 ][info ][gc,phases] GC(19) Concurrent Mark 16.836ms
[2025-06-18T00:02:51.164+0300][14400][20600][debug][safepoint] Safepoint synchronization initiated using striped semaphore wait barrier. (32 threads)
[2025-06-18T00:02:51.164+0300][14400][20600][info ][gc,phases] GC(19) Pause Mark End 0.017ms
[2025-06-18T00:02:51.164+0300][14400][20600][info ][safepoint] Safepoint "XMarkEnd", Time since last: 17006200 ns, Reaching safepoint: 53900 ns, Cleanup: 12100 ns, At safepoint: 55100 ns, Total: 121100 ns
[2025-06-18T00:02:51.164+0300][14400][7356 ][info ][gc,phases] GC(19) Concurrent Mark Free 0.001ms
[2025-06-18T00:02:51.164+0300][14400][7356 ][debug][gc,phases] GC(19) Concurrent References Process 0.184ms
[2025-06-18T00:02:51.164+0300][14400][7356 ][debug][gc,phases] GC(19) ClassLoaderData 0.033ms
[2025-06-18T00:02:51.164+0300][14400][7356 ][debug][gc,phases] GC(19) Trigger cleanups 0.000ms
[2025-06-18T00:02:51.170+0300][14400][7356 ][debug][gc,phases] GC(19) Concurrent Classes Unlink 7.011ms
[2025-06-18T00:02:51.170+0300][14400][7356 ][debug][gc,phases] GC(19) Concurrent Classes Purge 0.059ms
[2025-06-18T00:02:51.170+0300][14400][7356 ][debug][gc,phases] GC(19) Concurrent References Enqueue 0.004ms
[2025-06-18T00:02:51.170+0300][14400][7356 ][info ][gc,phases] GC(19) Concurrent Process Non-Strong References 8.211ms
[2025-06-18T00:02:51.170+0300][14400][7356 ][info ][gc,phases] GC(19) Concurrent Reset Relocation Set 0.002ms
[2025-06-18T00:02:51.170+0300][14400][7356 ][info ][gc,phases] GC(19) Concurrent Select Relocation Set 1.082ms
[2025-06-18T00:02:51.170+0300][14400][20600][debug][safepoint] Safepoint synchronization initiated using striped semaphore wait barrier. (32 threads)
[2025-06-18T00:02:51.170+0300][14400][20600][info ][gc,phases] GC(19) Pause Relocate Start 0.006ms
[2025-06-18T00:02:51.170+0300][14400][20600][info ][safepoint] Safepoint "XRelocateStart", Time since last: 9407600 ns, Reaching safepoint: 21700 ns, Cleanup: 7700 ns, At safepoint: 19000 ns, Total: 48400 ns
[2025-06-18T00:02:51.170+0300][14400][7356 ][info ][gc,phases] GC(19) Concurrent Relocate 0.718ms
[2025-06-18T00:02:51.170+0300][14400][7356 ][debug][gc,heap  ] GC(19) Heap after GC invocations=20 (full 20):
[2025-06-18T00:02:51.170+0300][14400][7356 ][debug][gc,heap  ] GC(19)  ZHeap           used 66M, capacity 2048M, max capacity 2048M
[2025-06-18T00:02:51.170+0300][14400][7356 ][debug][gc,heap  ] GC(19)  Metaspace       used 34290K, committed 35136K, reserved 1114112K
[2025-06-18T00:02:51.170+0300][14400][7356 ][debug][gc,heap  ] GC(19)   class space    used 2860K, committed 3264K, reserved 1048576K
[2025-06-18T00:02:51.170+0300][14400][7356 ][info ][gc,heap  ] GC(19) Min Capacity: 2048M(100%)
[2025-06-18T00:02:51.170+0300][14400][7356 ][info ][gc,heap  ] GC(19) Max Capacity: 2048M(100%)
[2025-06-18T00:02:51.170+0300][14400][7356 ][info ][gc,heap  ] GC(19) Soft Max Capacity: 2048M(100%)
[2025-06-18T00:02:51.170+0300][14400][7356 ][info ][gc,heap  ] GC(19)                Mark Start          Mark End        Relocate Start      Relocate End           High               Low         
[2025-06-18T00:02:51.170+0300][14400][7356 ][info ][gc,heap  ] GC(19)  Capacity:     2048M (100%)       2048M (100%)       2048M (100%)       2048M (100%)       2048M (100%)       2048M (100%)   
[2025-06-18T00:02:51.170+0300][14400][7356 ][info ][gc,heap  ] GC(19)      Free:     1772M (87%)        1760M (86%)        1904M (93%)        1982M (97%)        1982M (97%)        1760M (86%)    
[2025-06-18T00:02:51.170+0300][14400][7356 ][info ][gc,heap  ] GC(19)      Used:      276M (13%)         288M (14%)         144M (7%)           66M (3%)          288M (14%)          66M (3%)     
[2025-06-18T00:02:51.170+0300][14400][7356 ][info ][gc,heap  ] GC(19)      Live:         -                18M (1%)           18M (1%)           18M (1%)             -                  -          
[2025-06-18T00:02:51.170+0300][14400][7356 ][info ][gc,heap  ] GC(19) Allocated:         -                12M (1%)           12M (1%)           12M (1%)             -                  -          
[2025-06-18T00:02:51.170+0300][14400][7356 ][info ][gc,heap  ] GC(19)   Garbage:         -               257M (13%)         113M (6%)           35M (2%)             -                  -          
[2025-06-18T00:02:51.170+0300][14400][7356 ][info ][gc,heap  ] GC(19) Reclaimed:         -                  -               144M (7%)          222M (11%)            -                  -          
[2025-06-18T00:02:51.170+0300][14400][7356 ][info ][gc       ] GC(19) Garbage Collection (Proactive) 276M(13%)->66M(3%)
[2025-06-18T00:02:53.185+0300][14400][20600][debug][safepoint] Safepoint synchronization initiated using striped semaphore wait barrier. (32 threads)
[2025-06-18T00:02:53.185+0300][14400][20600][info ][safepoint] Safepoint "Cleanup", Time since last: 2011497400 ns, Reaching safepoint: 155500 ns, Cleanup: 51000 ns, At safepoint: 51800 ns, Total: 258300 ns
[2025-06-18T00:02:57.224+0300][14400][20600][debug][safepoint] Safepoint synchronization initiated using striped semaphore wait barrier. (32 threads)
[2025-06-18T00:02:57.224+0300][14400][20600][info ][safepoint] Safepoint "Cleanup", Time since last: 4038629200 ns, Reaching safepoint: 164500 ns, Cleanup: 45100 ns, At safepoint: 42700 ns, Total: 252300 ns
[2025-06-18T00:02:57.841+0300][14400][7356 ][debug][gc,heap  ] GC(20) Heap before GC invocations=20 (full 20):
[2025-06-18T00:02:57.841+0300][14400][7356 ][debug][gc,heap  ] GC(20)  ZHeap           used 272M, capacity 2048M, max capacity 2048M
[2025-06-18T00:02:57.841+0300][14400][7356 ][debug][gc,heap  ] GC(20)  Metaspace       used 34292K, committed 35136K, reserved 1114112K
[2025-06-18T00:02:57.841+0300][14400][7356 ][debug][gc,heap  ] GC(20)   class space    used 2860K, committed 3264K, reserved 1048576K
[2025-06-18T00:02:57.841+0300][14400][20600][debug][safepoint] Safepoint synchronization initiated using striped semaphore wait barrier. (32 threads)
[2025-06-18T00:02:57.841+0300][14400][20600][info ][gc,phases] GC(20) Pause Mark Start 0.015ms
[2025-06-18T00:02:57.841+0300][14400][20600][info ][safepoint] Safepoint "XMarkStart", Time since last: 617298000 ns, Reaching safepoint: 127300 ns, Cleanup: 18000 ns, At safepoint: 89800 ns, Total: 235100 ns
[2025-06-18T00:02:57.857+0300][14400][7356 ][info ][gc,phases] GC(20) Concurrent Mark 15.154ms
[2025-06-18T00:02:57.857+0300][14400][20600][debug][safepoint] Safepoint synchronization initiated using striped semaphore wait barrier. (32 threads)
[2025-06-18T00:02:57.857+0300][14400][20600][info ][gc,phases] GC(20) Pause Mark End 0.017ms
[2025-06-18T00:02:57.857+0300][14400][20600][info ][safepoint] Safepoint "XMarkEnd", Time since last: 15408000 ns, Reaching safepoint: 54000 ns, Cleanup: 74400 ns, At safepoint: 1192300 ns, Total: 1320700 ns
[2025-06-18T00:02:57.857+0300][14400][7356 ][info ][gc,phases] GC(20) Concurrent Mark Free 0.002ms
[2025-06-18T00:02:57.857+0300][14400][7356 ][debug][gc,phases] GC(20) Concurrent References Process 0.169ms
[2025-06-18T00:02:57.859+0300][14400][7356 ][debug][gc,phases] GC(20) ClassLoaderData 0.035ms
[2025-06-18T00:02:57.859+0300][14400][7356 ][debug][gc,phases] GC(20) Trigger cleanups 0.000ms
[2025-06-18T00:02:57.859+0300][14400][7356 ][debug][gc,phases] GC(20) Concurrent Classes Unlink 6.861ms
[2025-06-18T00:02:57.859+0300][14400][7356 ][debug][gc,phases] GC(20) Concurrent Classes Purge 0.047ms
[2025-06-18T00:02:57.859+0300][14400][7356 ][debug][gc,phases] GC(20) Concurrent References Enqueue 0.000ms
[2025-06-18T00:02:57.859+0300][14400][7356 ][info ][gc,phases] GC(20) Concurrent Process Non-Strong References 7.941ms
[2025-06-18T00:02:57.859+0300][14400][7356 ][info ][gc,phases] GC(20) Concurrent Reset Relocation Set 0.002ms
[2025-06-18T00:02:57.859+0300][14400][7356 ][info ][gc,phases] GC(20) Concurrent Select Relocation Set 1.128ms
[2025-06-18T00:02:57.859+0300][14400][20600][debug][safepoint] Safepoint synchronization initiated using striped semaphore wait barrier. (32 threads)
[2025-06-18T00:02:57.859+0300][14400][20600][info ][gc,phases] GC(20) Pause Relocate Start 0.007ms
[2025-06-18T00:02:57.859+0300][14400][20600][info ][safepoint] Safepoint "XRelocateStart", Time since last: 9329200 ns, Reaching safepoint: 22500 ns, Cleanup: 3400 ns, At safepoint: 19600 ns, Total: 45500 ns
[2025-06-18T00:02:57.859+0300][14400][7356 ][info ][gc,phases] GC(20) Concurrent Relocate 0.743ms
[2025-06-18T00:02:57.859+0300][14400][7356 ][debug][gc,heap  ] GC(20) Heap after GC invocations=21 (full 21):
[2025-06-18T00:02:57.859+0300][14400][7356 ][debug][gc,heap  ] GC(20)  ZHeap           used 68M, capacity 2048M, max capacity 2048M
[2025-06-18T00:02:57.859+0300][14400][7356 ][debug][gc,heap  ] GC(20)  Metaspace       used 34292K, committed 35136K, reserved 1114112K
[2025-06-18T00:02:57.859+0300][14400][7356 ][debug][gc,heap  ] GC(20)   class space    used 2860K, committed 3264K, reserved 1048576K
[2025-06-18T00:02:57.859+0300][14400][7356 ][info ][gc,heap  ] GC(20) Min Capacity: 2048M(100%)
[2025-06-18T00:02:57.859+0300][14400][7356 ][info ][gc,heap  ] GC(20) Max Capacity: 2048M(100%)
[2025-06-18T00:02:57.859+0300][14400][7356 ][info ][gc,heap  ] GC(20) Soft Max Capacity: 2048M(100%)
[2025-06-18T00:02:57.859+0300][14400][7356 ][info ][gc,heap  ] GC(20)                Mark Start          Mark End        Relocate Start      Relocate End           High               Low         
[2025-06-18T00:02:57.859+0300][14400][7356 ][info ][gc,heap  ] GC(20)  Capacity:     2048M (100%)       2048M (100%)       2048M (100%)       2048M (100%)       2048M (100%)       2048M (100%)   
[2025-06-18T00:02:57.859+0300][14400][7356 ][info ][gc,heap  ] GC(20)      Free:     1776M (87%)        1762M (86%)        1898M (93%)        1980M (97%)        1980M (97%)        1762M (86%)    
[2025-06-18T00:02:57.859+0300][14400][7356 ][info ][gc,heap  ] GC(20)      Used:      272M (13%)         286M (14%)         150M (7%)           68M (3%)          286M (14%)          68M (3%)     
[2025-06-18T00:02:57.859+0300][14400][7356 ][info ][gc,heap  ] GC(20)      Live:         -                18M (1%)           18M (1%)           18M (1%)             -                  -          
[2025-06-18T00:02:57.859+0300][14400][7356 ][info ][gc,heap  ] GC(20) Allocated:         -                14M (1%)           14M (1%)           14M (1%)             -                  -          
[2025-06-18T00:02:57.859+0300][14400][7356 ][info ][gc,heap  ] GC(20)   Garbage:         -               253M (12%)         117M (6%)           35M (2%)             -                  -          
[2025-06-18T00:02:57.859+0300][14400][7356 ][info ][gc,heap  ] GC(20) Reclaimed:         -                  -               136M (7%)          218M (11%)            -                  -          
[2025-06-18T00:02:57.859+0300][14400][7356 ][info ][gc       ] GC(20) Garbage Collection (Proactive) 272M(13%)->68M(3%)
[2025-06-18T00:03:02.884+0300][14400][20600][debug][safepoint] Safepoint synchronization initiated using striped semaphore wait barrier. (32 threads)
[2025-06-18T00:03:02.884+0300][14400][20600][info ][safepoint] Safepoint "Cleanup", Time since last: 5016280200 ns, Reaching safepoint: 206800 ns, Cleanup: 43200 ns, At safepoint: 49400 ns, Total: 299400 ns
[2025-06-18T00:03:04.641+0300][14400][7356 ][debug][gc,heap  ] GC(21) Heap before GC invocations=21 (full 21):
[2025-06-18T00:03:04.641+0300][14400][7356 ][debug][gc,heap  ] GC(21)  ZHeap           used 274M, capacity 2048M, max capacity 2048M
[2025-06-18T00:03:04.641+0300][14400][7356 ][debug][gc,heap  ] GC(21)  Metaspace       used 34306K, committed 35136K, reserved 1114112K
[2025-06-18T00:03:04.641+0300][14400][7356 ][debug][gc,heap  ] GC(21)   class space    used 2860K, committed 3264K, reserved 1048576K
[2025-06-18T00:03:04.641+0300][14400][20600][debug][safepoint] Safepoint synchronization initiated using striped semaphore wait barrier. (32 threads)
[2025-06-18T00:03:04.641+0300][14400][11368][debug][safepoint] ... found polling page loop exception at pc = 0x000001bef47c6b6a, stub =0x000001bef3ab5b00
[2025-06-18T00:03:04.641+0300][14400][21828][debug][safepoint] ... found polling page loop exception at pc = 0x000001bef4605be2, stub =0x000001bef3ab5280
[2025-06-18T00:03:04.641+0300][14400][12292][debug][safepoint] ... found polling page loop exception at pc = 0x000001bef42604a9, stub =0x000001bef3ab5280
[2025-06-18T00:03:04.641+0300][14400][20600][info ][gc,phases] GC(21) Pause Mark Start 0.012ms
[2025-06-18T00:03:04.641+0300][14400][20600][info ][safepoint] Safepoint "XMarkStart", Time since last: 1757292400 ns, Reaching safepoint: 518800 ns, Cleanup: 9000 ns, At safepoint: 132100 ns, Total: 659900 ns
[2025-06-18T00:03:04.657+0300][14400][7356 ][info ][gc,phases] GC(21) Concurrent Mark 14.683ms
[2025-06-18T00:03:04.657+0300][14400][20600][debug][safepoint] Safepoint synchronization initiated using striped semaphore wait barrier. (32 threads)
[2025-06-18T00:03:04.657+0300][14400][20600][info ][gc,phases] GC(21) Pause Mark End 0.015ms
[2025-06-18T00:03:04.657+0300][14400][20600][info ][safepoint] Safepoint "XMarkEnd", Time since last: 14947200 ns, Reaching safepoint: 45100 ns, Cleanup: 11400 ns, At safepoint: 47500 ns, Total: 104000 ns
[2025-06-18T00:03:04.657+0300][14400][7356 ][info ][gc,phases] GC(21) Concurrent Mark Free 0.001ms
[2025-06-18T00:03:04.657+0300][14400][7356 ][debug][gc,phases] GC(21) Concurrent References Process 0.115ms
[2025-06-18T00:03:04.657+0300][14400][7356 ][debug][gc,phases] GC(21) ClassLoaderData 0.033ms
[2025-06-18T00:03:04.657+0300][14400][7356 ][debug][gc,phases] GC(21) Trigger cleanups 0.000ms
[2025-06-18T00:03:04.665+0300][14400][7356 ][debug][gc,phases] GC(21) Concurrent Classes Unlink 6.156ms
[2025-06-18T00:03:04.665+0300][14400][7356 ][debug][gc,phases] GC(21) Concurrent Classes Purge 0.032ms
[2025-06-18T00:03:04.665+0300][14400][7356 ][debug][gc,phases] GC(21) Concurrent References Enqueue 0.000ms
[2025-06-18T00:03:04.665+0300][14400][7356 ][info ][gc,phases] GC(21) Concurrent Process Non-Strong References 7.267ms
[2025-06-18T00:03:04.665+0300][14400][7356 ][info ][gc,phases] GC(21) Concurrent Reset Relocation Set 0.002ms
[2025-06-18T00:03:04.665+0300][14400][7356 ][info ][gc,phases] GC(21) Concurrent Select Relocation Set 1.056ms
[2025-06-18T00:03:04.665+0300][14400][20600][debug][safepoint] Safepoint synchronization initiated using striped semaphore wait barrier. (32 threads)
[2025-06-18T00:03:04.665+0300][14400][20600][info ][gc,phases] GC(21) Pause Relocate Start 0.006ms
[2025-06-18T00:03:04.665+0300][14400][20600][info ][safepoint] Safepoint "XRelocateStart", Time since last: 8460900 ns, Reaching safepoint: 23300 ns, Cleanup: 2700 ns, At safepoint: 18800 ns, Total: 44800 ns
[2025-06-18T00:03:04.665+0300][14400][7356 ][info ][gc,phases] GC(21) Concurrent Relocate 0.747ms
[2025-06-18T00:03:04.665+0300][14400][7356 ][debug][gc,heap  ] GC(21) Heap after GC invocations=22 (full 22):
[2025-06-18T00:03:04.665+0300][14400][7356 ][debug][gc,heap  ] GC(21)  ZHeap           used 70M, capacity 2048M, max capacity 2048M
[2025-06-18T00:03:04.665+0300][14400][7356 ][debug][gc,heap  ] GC(21)  Metaspace       used 34306K, committed 35136K, reserved 1114112K
[2025-06-18T00:03:04.665+0300][14400][7356 ][debug][gc,heap  ] GC(21)   class space    used 2860K, committed 3264K, reserved 1048576K
[2025-06-18T00:03:04.665+0300][14400][7356 ][info ][gc,heap  ] GC(21) Min Capacity: 2048M(100%)
[2025-06-18T00:03:04.665+0300][14400][7356 ][info ][gc,heap  ] GC(21) Max Capacity: 2048M(100%)
[2025-06-18T00:03:04.665+0300][14400][7356 ][info ][gc,heap  ] GC(21) Soft Max Capacity: 2048M(100%)
[2025-06-18T00:03:04.665+0300][14400][7356 ][info ][gc,heap  ] GC(21)                Mark Start          Mark End        Relocate Start      Relocate End           High               Low         
[2025-06-18T00:03:04.665+0300][14400][7356 ][info ][gc,heap  ] GC(21)  Capacity:     2048M (100%)       2048M (100%)       2048M (100%)       2048M (100%)       2048M (100%)       2048M (100%)   
[2025-06-18T00:03:04.665+0300][14400][7356 ][info ][gc,heap  ] GC(21)      Free:     1774M (87%)        1758M (86%)        1900M (93%)        1978M (97%)        1978M (97%)        1758M (86%)    
[2025-06-18T00:03:04.665+0300][14400][7356 ][info ][gc,heap  ] GC(21)      Used:      274M (13%)         290M (14%)         148M (7%)           70M (3%)          290M (14%)          70M (3%)     
[2025-06-18T00:03:04.665+0300][14400][7356 ][info ][gc,heap  ] GC(21)      Live:         -                18M (1%)           18M (1%)           18M (1%)             -                  -          
[2025-06-18T00:03:04.665+0300][14400][7356 ][info ][gc,heap  ] GC(21) Allocated:         -                16M (1%)           16M (1%)           16M (1%)             -                  -          
[2025-06-18T00:03:04.665+0300][14400][7356 ][info ][gc,heap  ] GC(21)   Garbage:         -               255M (12%)         113M (6%)           35M (2%)             -                  -          
[2025-06-18T00:03:04.665+0300][14400][7356 ][info ][gc,heap  ] GC(21) Reclaimed:         -                  -               142M (7%)          220M (11%)            -                  -          
[2025-06-18T00:03:04.665+0300][14400][7356 ][info ][gc       ] GC(21) Garbage Collection (Proactive) 274M(13%)->70M(3%)
[2025-06-18T00:03:08.692+0300][14400][20600][debug][safepoint] Safepoint synchronization initiated using striped semaphore wait barrier. (32 threads)
[2025-06-18T00:03:08.692+0300][14400][13180][debug][safepoint] ... found polling page loop exception at pc = 0x000001bef45153fa, stub =0x000001bef3ab5b00
[2025-06-18T00:03:08.692+0300][14400][20600][info ][safepoint] Safepoint "Cleanup", Time since last: 4026093300 ns, Reaching safepoint: 296800 ns, Cleanup: 35500 ns, At safepoint: 24200 ns, Total: 356500 ns
[2025-06-18T00:03:11.444+0300][14400][7356 ][debug][gc,heap  ] GC(22) Heap before GC invocations=22 (full 22):
[2025-06-18T00:03:11.444+0300][14400][7356 ][debug][gc,heap  ] GC(22)  ZHeap           used 278M, capacity 2048M, max capacity 2048M
[2025-06-18T00:03:11.444+0300][14400][7356 ][debug][gc,heap  ] GC(22)  Metaspace       used 34310K, committed 35136K, reserved 1114112K
[2025-06-18T00:03:11.444+0300][14400][7356 ][debug][gc,heap  ] GC(22)   class space    used 2860K, committed 3264K, reserved 1048576K
[2025-06-18T00:03:11.444+0300][14400][20600][debug][safepoint] Safepoint synchronization initiated using striped semaphore wait barrier. (32 threads)
[2025-06-18T00:03:11.444+0300][14400][21968][debug][safepoint] ... found polling page loop exception at pc = 0x000001bef4239809, stub =0x000001bef3ab5280
[2025-06-18T00:03:11.444+0300][14400][8428 ][debug][safepoint] ... found polling page loop exception at pc = 0x000001bef4503c41, stub =0x000001bef3ab5b00
[2025-06-18T00:03:11.444+0300][14400][20600][info ][gc,phases] GC(22) Pause Mark Start 0.017ms
[2025-06-18T00:03:11.444+0300][14400][20600][info ][safepoint] Safepoint "XMarkStart", Time since last: 2752636100 ns, Reaching safepoint: 301200 ns, Cleanup: 9800 ns, At safepoint: 176000 ns, Total: 487000 ns
[2025-06-18T00:03:11.463+0300][14400][7356 ][info ][gc,phases] GC(22) Concurrent Mark 17.672ms
[2025-06-18T00:03:11.463+0300][14400][20600][debug][safepoint] Safepoint synchronization initiated using striped semaphore wait barrier. (32 threads)
[2025-06-18T00:03:11.463+0300][14400][20600][info ][gc,phases] GC(22) Pause Mark End 0.015ms
[2025-06-18T00:03:11.463+0300][14400][20600][info ][safepoint] Safepoint "XMarkEnd", Time since last: 17873500 ns, Reaching safepoint: 44900 ns, Cleanup: 15900 ns, At safepoint: 52300 ns, Total: 113100 ns
[2025-06-18T00:03:11.463+0300][14400][7356 ][info ][gc,phases] GC(22) Concurrent Mark Free 0.001ms
[2025-06-18T00:03:11.463+0300][14400][7356 ][debug][gc,phases] GC(22) Concurrent References Process 0.191ms
[2025-06-18T00:03:11.463+0300][14400][7356 ][debug][gc,phases] GC(22) ClassLoaderData 0.031ms
[2025-06-18T00:03:11.463+0300][14400][7356 ][debug][gc,phases] GC(22) Trigger cleanups 0.000ms
[2025-06-18T00:03:11.463+0300][14400][7356 ][debug][gc,phases] GC(22) Concurrent Classes Unlink 6.805ms
[2025-06-18T00:03:11.463+0300][14400][7356 ][debug][gc,phases] GC(22) Concurrent Classes Purge 0.037ms
[2025-06-18T00:03:11.463+0300][14400][7356 ][debug][gc,phases] GC(22) Concurrent References Enqueue 0.004ms
[2025-06-18T00:03:11.463+0300][14400][7356 ][info ][gc,phases] GC(22) Concurrent Process Non-Strong References 8.233ms
[2025-06-18T00:03:11.463+0300][14400][7356 ][info ][gc,phases] GC(22) Concurrent Reset Relocation Set 0.003ms
[2025-06-18T00:03:11.463+0300][14400][7356 ][info ][gc,phases] GC(22) Concurrent Select Relocation Set 1.115ms
[2025-06-18T00:03:11.463+0300][14400][20600][debug][safepoint] Safepoint synchronization initiated using striped semaphore wait barrier. (32 threads)
[2025-06-18T00:03:11.463+0300][14400][20600][info ][gc,phases] GC(22) Pause Relocate Start 0.007ms
[2025-06-18T00:03:11.463+0300][14400][20600][info ][safepoint] Safepoint "XRelocateStart", Time since last: 9468000 ns, Reaching safepoint: 22900 ns, Cleanup: 3300 ns, At safepoint: 19600 ns, Total: 45800 ns
[2025-06-18T00:03:11.463+0300][14400][7356 ][info ][gc,phases] GC(22) Concurrent Relocate 0.751ms
[2025-06-18T00:03:11.463+0300][14400][7356 ][debug][gc,heap  ] GC(22) Heap after GC invocations=23 (full 23):
[2025-06-18T00:03:11.463+0300][14400][7356 ][debug][gc,heap  ] GC(22)  ZHeap           used 70M, capacity 2048M, max capacity 2048M
[2025-06-18T00:03:11.463+0300][14400][7356 ][debug][gc,heap  ] GC(22)  Metaspace       used 34310K, committed 35136K, reserved 1114112K
[2025-06-18T00:03:11.463+0300][14400][7356 ][debug][gc,heap  ] GC(22)   class space    used 2860K, committed 3264K, reserved 1048576K
[2025-06-18T00:03:11.463+0300][14400][7356 ][info ][gc,heap  ] GC(22) Min Capacity: 2048M(100%)
[2025-06-18T00:03:11.463+0300][14400][7356 ][info ][gc,heap  ] GC(22) Max Capacity: 2048M(100%)
[2025-06-18T00:03:11.463+0300][14400][7356 ][info ][gc,heap  ] GC(22) Soft Max Capacity: 2048M(100%)
[2025-06-18T00:03:11.463+0300][14400][7356 ][info ][gc,heap  ] GC(22)                Mark Start          Mark End        Relocate Start      Relocate End           High               Low         
[2025-06-18T00:03:11.463+0300][14400][7356 ][info ][gc,heap  ] GC(22)  Capacity:     2048M (100%)       2048M (100%)       2048M (100%)       2048M (100%)       2048M (100%)       2048M (100%)   
[2025-06-18T00:03:11.463+0300][14400][7356 ][info ][gc,heap  ] GC(22)      Free:     1768M (86%)        1752M (86%)        1890M (92%)        1978M (97%)        1978M (97%)        1752M (86%)    
[2025-06-18T00:03:11.463+0300][14400][7356 ][info ][gc,heap  ] GC(22)      Used:      280M (14%)         296M (14%)         158M (8%)           70M (3%)          296M (14%)          70M (3%)     
[2025-06-18T00:03:11.463+0300][14400][7356 ][info ][gc,heap  ] GC(22)      Live:         -                18M (1%)           18M (1%)           18M (1%)             -                  -          
[2025-06-18T00:03:11.463+0300][14400][7356 ][info ][gc,heap  ] GC(22) Allocated:         -                16M (1%)           16M (1%)           16M (1%)             -                  -          
[2025-06-18T00:03:11.463+0300][14400][7356 ][info ][gc,heap  ] GC(22)   Garbage:         -               261M (13%)         123M (6%)           35M (2%)             -                  -          
[2025-06-18T00:03:11.463+0300][14400][7356 ][info ][gc,heap  ] GC(22) Reclaimed:         -                  -               138M (7%)          226M (11%)            -                  -          
[2025-06-18T00:03:11.463+0300][14400][7356 ][info ][gc       ] GC(22) Garbage Collection (Proactive) 280M(14%)->70M(3%)
[2025-06-18T00:03:18.343+0300][14400][7356 ][debug][gc,heap  ] GC(23) Heap before GC invocations=23 (full 23):
[2025-06-18T00:03:18.343+0300][14400][7356 ][debug][gc,heap  ] GC(23)  ZHeap           used 276M, capacity 2048M, max capacity 2048M
[2025-06-18T00:03:18.343+0300][14400][7356 ][debug][gc,heap  ] GC(23)  Metaspace       used 34315K, committed 35136K, reserved 1114112K
[2025-06-18T00:03:18.343+0300][14400][7356 ][debug][gc,heap  ] GC(23)   class space    used 2860K, committed 3264K, reserved 1048576K
[2025-06-18T00:03:18.343+0300][14400][20600][debug][safepoint] Safepoint synchronization initiated using striped semaphore wait barrier. (32 threads)
[2025-06-18T00:03:18.343+0300][14400][18728][debug][safepoint] ... found polling page loop exception at pc = 0x000001bef461f81d, stub =0x000001bef3ab5280
[2025-06-18T00:03:18.343+0300][14400][20600][info ][gc,phases] GC(23) Pause Mark Start 0.015ms
[2025-06-18T00:03:18.343+0300][14400][20600][info ][safepoint] Safepoint "XMarkStart", Time since last: 6871157400 ns, Reaching safepoint: 238700 ns, Cleanup: 13800 ns, At safepoint: 149300 ns, Total: 401800 ns
[2025-06-18T00:03:18.376+0300][14400][7356 ][info ][gc,phases] GC(23) Concurrent Mark 31.207ms
[2025-06-18T00:03:18.376+0300][14400][20600][debug][safepoint] Safepoint synchronization initiated using striped semaphore wait barrier. (32 threads)
[2025-06-18T00:03:18.376+0300][14400][20600][info ][gc,phases] GC(23) Pause Mark End 0.015ms
[2025-06-18T00:03:18.376+0300][14400][20600][info ][safepoint] Safepoint "XMarkEnd", Time since last: 31399300 ns, Reaching safepoint: 81900 ns, Cleanup: 11100 ns, At safepoint: 57700 ns, Total: 150700 ns
[2025-06-18T00:03:18.376+0300][14400][7356 ][info ][gc,phases] GC(23) Concurrent Mark Free 0.001ms
[2025-06-18T00:03:18.376+0300][14400][7356 ][debug][gc,phases] GC(23) Concurrent References Process 0.142ms
[2025-06-18T00:03:18.376+0300][14400][7356 ][debug][gc,phases] GC(23) ClassLoaderData 0.030ms
[2025-06-18T00:03:18.376+0300][14400][7356 ][debug][gc,phases] GC(23) Trigger cleanups 0.000ms
[2025-06-18T00:03:18.376+0300][14400][7356 ][debug][gc,phases] GC(23) Concurrent Classes Unlink 6.636ms
[2025-06-18T00:03:18.376+0300][14400][7356 ][debug][gc,phases] GC(23) Concurrent Classes Purge 0.017ms
[2025-06-18T00:03:18.376+0300][14400][7356 ][debug][gc,phases] GC(23) Concurrent References Enqueue 0.000ms
[2025-06-18T00:03:18.376+0300][14400][7356 ][info ][gc,phases] GC(23) Concurrent Process Non-Strong References 7.619ms
[2025-06-18T00:03:18.376+0300][14400][7356 ][info ][gc,phases] GC(23) Concurrent Reset Relocation Set 0.002ms
[2025-06-18T00:03:18.376+0300][14400][7356 ][info ][gc,phases] GC(23) Concurrent Select Relocation Set 1.073ms
[2025-06-18T00:03:18.376+0300][14400][20600][debug][safepoint] Safepoint synchronization initiated using striped semaphore wait barrier. (32 threads)
[2025-06-18T00:03:18.376+0300][14400][20600][info ][gc,phases] GC(23) Pause Relocate Start 0.007ms
[2025-06-18T00:03:18.376+0300][14400][20600][info ][safepoint] Safepoint "XRelocateStart", Time since last: 8877500 ns, Reaching safepoint: 24400 ns, Cleanup: 3400 ns, At safepoint: 19100 ns, Total: 46900 ns
[2025-06-18T00:03:18.376+0300][14400][7356 ][info ][gc,phases] GC(23) Concurrent Relocate 0.739ms
[2025-06-18T00:03:18.376+0300][14400][7356 ][debug][gc,heap  ] GC(23) Heap after GC invocations=24 (full 24):
[2025-06-18T00:03:18.376+0300][14400][7356 ][debug][gc,heap  ] GC(23)  ZHeap           used 68M, capacity 2048M, max capacity 2048M
[2025-06-18T00:03:18.376+0300][14400][7356 ][debug][gc,heap  ] GC(23)  Metaspace       used 34315K, committed 35136K, reserved 1114112K
[2025-06-18T00:03:18.376+0300][14400][7356 ][debug][gc,heap  ] GC(23)   class space    used 2860K, committed 3264K, reserved 1048576K
[2025-06-18T00:03:18.376+0300][14400][7356 ][info ][gc,heap  ] GC(23) Min Capacity: 2048M(100%)
[2025-06-18T00:03:18.376+0300][14400][7356 ][info ][gc,heap  ] GC(23) Max Capacity: 2048M(100%)
[2025-06-18T00:03:18.376+0300][14400][7356 ][info ][gc,heap  ] GC(23) Soft Max Capacity: 2048M(100%)
[2025-06-18T00:03:18.376+0300][14400][7356 ][info ][gc,heap  ] GC(23)                Mark Start          Mark End        Relocate Start      Relocate End           High               Low         
[2025-06-18T00:03:18.376+0300][14400][7356 ][info ][gc,heap  ] GC(23)  Capacity:     2048M (100%)       2048M (100%)       2048M (100%)       2048M (100%)       2048M (100%)       2048M (100%)   
[2025-06-18T00:03:18.376+0300][14400][7356 ][info ][gc,heap  ] GC(23)      Free:     1772M (87%)        1758M (86%)        1906M (93%)        1980M (97%)        1980M (97%)        1758M (86%)    
[2025-06-18T00:03:18.376+0300][14400][7356 ][info ][gc,heap  ] GC(23)      Used:      276M (13%)         290M (14%)         142M (7%)           68M (3%)          290M (14%)          68M (3%)     
[2025-06-18T00:03:18.376+0300][14400][7356 ][info ][gc,heap  ] GC(23)      Live:         -                18M (1%)           18M (1%)           18M (1%)             -                  -          
[2025-06-18T00:03:18.376+0300][14400][7356 ][info ][gc,heap  ] GC(23) Allocated:         -                14M (1%)           14M (1%)           14M (1%)             -                  -          
[2025-06-18T00:03:18.376+0300][14400][7356 ][info ][gc,heap  ] GC(23)   Garbage:         -               257M (13%)         109M (5%)           35M (2%)             -                  -          
[2025-06-18T00:03:18.376+0300][14400][7356 ][info ][gc,heap  ] GC(23) Reclaimed:         -                  -               148M (7%)          222M (11%)            -                  -          
[2025-06-18T00:03:18.376+0300][14400][7356 ][info ][gc       ] GC(23) Garbage Collection (Proactive) 276M(13%)->68M(3%)
[2025-06-18T00:03:21.405+0300][14400][20600][debug][safepoint] Safepoint synchronization initiated using striped semaphore wait barrier. (32 threads)
[2025-06-18T00:03:21.405+0300][14400][20600][info ][safepoint] Safepoint "Cleanup", Time since last: 3019552200 ns, Reaching safepoint: 156700 ns, Cleanup: 38100 ns, At safepoint: 4500 ns, Total: 199300 ns
[2025-06-18T00:03:25.145+0300][14400][7356 ][debug][gc,heap  ] GC(24) Heap before GC invocations=24 (full 24):
[2025-06-18T00:03:25.145+0300][14400][7356 ][debug][gc,heap  ] GC(24)  ZHeap           used 274M, capacity 2048M, max capacity 2048M
[2025-06-18T00:03:25.145+0300][14400][7356 ][debug][gc,heap  ] GC(24)  Metaspace       used 34320K, committed 35136K, reserved 1114112K
[2025-06-18T00:03:25.145+0300][14400][7356 ][debug][gc,heap  ] GC(24)   class space    used 2860K, committed 3264K, reserved 1048576K
[2025-06-18T00:03:25.145+0300][14400][20600][debug][safepoint] Safepoint synchronization initiated using striped semaphore wait barrier. (32 threads)
[2025-06-18T00:03:25.146+0300][14400][21828][debug][safepoint] ... found polling page loop exception at pc = 0x000001bef475818d, stub =0x000001bef3ab5280
[2025-06-18T00:03:25.146+0300][14400][17768][debug][safepoint] ... found polling page loop exception at pc = 0x000001bef45e75c3, stub =0x000001bef3ab5b00
[2025-06-18T00:03:25.146+0300][14400][20600][info ][gc,phases] GC(24) Pause Mark Start 0.015ms
[2025-06-18T00:03:25.146+0300][14400][20600][info ][safepoint] Safepoint "XMarkStart", Time since last: 3741242200 ns, Reaching safepoint: 458200 ns, Cleanup: 8700 ns, At safepoint: 135400 ns, Total: 602300 ns
[2025-06-18T00:03:25.164+0300][14400][7356 ][info ][gc,phases] GC(24) Concurrent Mark 17.422ms
[2025-06-18T00:03:25.164+0300][14400][20600][debug][safepoint] Safepoint synchronization initiated using striped semaphore wait barrier. (32 threads)
[2025-06-18T00:03:25.164+0300][14400][20600][info ][gc,phases] GC(24) Pause Mark End 0.013ms
[2025-06-18T00:03:25.164+0300][14400][20600][info ][safepoint] Safepoint "XMarkEnd", Time since last: 17639000 ns, Reaching safepoint: 46800 ns, Cleanup: 21800 ns, At safepoint: 42800 ns, Total: 111400 ns
[2025-06-18T00:03:25.164+0300][14400][7356 ][info ][gc,phases] GC(24) Concurrent Mark Free 0.001ms
[2025-06-18T00:03:25.164+0300][14400][7356 ][debug][gc,phases] GC(24) Concurrent References Process 0.210ms
[2025-06-18T00:03:25.165+0300][14400][7356 ][debug][gc,phases] GC(24) ClassLoaderData 0.034ms
[2025-06-18T00:03:25.165+0300][14400][7356 ][debug][gc,phases] GC(24) Trigger cleanups 0.000ms
[2025-06-18T00:03:25.169+0300][14400][7356 ][debug][gc,phases] GC(24) Concurrent Classes Unlink 6.349ms
[2025-06-18T00:03:25.169+0300][14400][7356 ][debug][gc,phases] GC(24) Concurrent Classes Purge 0.037ms
[2025-06-18T00:03:25.169+0300][14400][7356 ][debug][gc,phases] GC(24) Concurrent References Enqueue 0.004ms
[2025-06-18T00:03:25.169+0300][14400][7356 ][info ][gc,phases] GC(24) Concurrent Process Non-Strong References 7.559ms
[2025-06-18T00:03:25.169+0300][14400][7356 ][info ][gc,phases] GC(24) Concurrent Reset Relocation Set 0.002ms
[2025-06-18T00:03:25.169+0300][14400][7356 ][info ][gc,phases] GC(24) Concurrent Select Relocation Set 1.045ms
[2025-06-18T00:03:25.169+0300][14400][20600][debug][safepoint] Safepoint synchronization initiated using striped semaphore wait barrier. (32 threads)
[2025-06-18T00:03:25.169+0300][14400][20600][info ][gc,phases] GC(24) Pause Relocate Start 0.006ms
[2025-06-18T00:03:25.169+0300][14400][20600][info ][safepoint] Safepoint "XRelocateStart", Time since last: 8796000 ns, Reaching safepoint: 22800 ns, Cleanup: 2700 ns, At safepoint: 18900 ns, Total: 44400 ns
[2025-06-18T00:03:25.169+0300][14400][7356 ][info ][gc,phases] GC(24) Concurrent Relocate 0.703ms
[2025-06-18T00:03:25.169+0300][14400][7356 ][debug][gc,heap  ] GC(24) Heap after GC invocations=25 (full 25):
[2025-06-18T00:03:25.169+0300][14400][7356 ][debug][gc,heap  ] GC(24)  ZHeap           used 70M, capacity 2048M, max capacity 2048M
[2025-06-18T00:03:25.169+0300][14400][7356 ][debug][gc,heap  ] GC(24)  Metaspace       used 34320K, committed 35136K, reserved 1114112K
[2025-06-18T00:03:25.169+0300][14400][7356 ][debug][gc,heap  ] GC(24)   class space    used 2860K, committed 3264K, reserved 1048576K
[2025-06-18T00:03:25.169+0300][14400][7356 ][info ][gc,heap  ] GC(24) Min Capacity: 2048M(100%)
[2025-06-18T00:03:25.169+0300][14400][7356 ][info ][gc,heap  ] GC(24) Max Capacity: 2048M(100%)
[2025-06-18T00:03:25.169+0300][14400][7356 ][info ][gc,heap  ] GC(24) Soft Max Capacity: 2048M(100%)
[2025-06-18T00:03:25.169+0300][14400][7356 ][info ][gc,heap  ] GC(24)                Mark Start          Mark End        Relocate Start      Relocate End           High               Low         
[2025-06-18T00:03:25.169+0300][14400][7356 ][info ][gc,heap  ] GC(24)  Capacity:     2048M (100%)       2048M (100%)       2048M (100%)       2048M (100%)       2048M (100%)       2048M (100%)   
[2025-06-18T00:03:25.169+0300][14400][7356 ][info ][gc,heap  ] GC(24)      Free:     1774M (87%)        1760M (86%)        1910M (93%)        1978M (97%)        1978M (97%)        1758M (86%)    
[2025-06-18T00:03:25.169+0300][14400][7356 ][info ][gc,heap  ] GC(24)      Used:      274M (13%)         288M (14%)         138M (7%)           70M (3%)          290M (14%)          70M (3%)     
[2025-06-18T00:03:25.169+0300][14400][7356 ][info ][gc,heap  ] GC(24)      Live:         -                18M (1%)           18M (1%)           18M (1%)             -                  -          
[2025-06-18T00:03:25.169+0300][14400][7356 ][info ][gc,heap  ] GC(24) Allocated:         -                14M (1%)           16M (1%)           16M (1%)             -                  -          
[2025-06-18T00:03:25.169+0300][14400][7356 ][info ][gc,heap  ] GC(24)   Garbage:         -               255M (12%)         103M (5%)           35M (2%)             -                  -          
[2025-06-18T00:03:25.169+0300][14400][7356 ][info ][gc,heap  ] GC(24) Reclaimed:         -                  -               152M (7%)          220M (11%)            -                  -          
[2025-06-18T00:03:25.169+0300][14400][7356 ][info ][gc       ] GC(24) Garbage Collection (Proactive) 274M(13%)->70M(3%)
[2025-06-18T00:03:31.204+0300][14400][20600][debug][safepoint] Safepoint synchronization initiated using striped semaphore wait barrier. (32 threads)
[2025-06-18T00:03:31.204+0300][14400][20600][info ][safepoint] Safepoint "Cleanup", Time since last: 6030371800 ns, Reaching safepoint: 386500 ns, Cleanup: 45400 ns, At safepoint: 22700 ns, Total: 454600 ns
[2025-06-18T00:03:31.952+0300][14400][7356 ][debug][gc,heap  ] GC(25) Heap before GC invocations=25 (full 25):
[2025-06-18T00:03:31.952+0300][14400][7356 ][debug][gc,heap  ] GC(25)  ZHeap           used 276M, capacity 2048M, max capacity 2048M
[2025-06-18T00:03:31.952+0300][14400][7356 ][debug][gc,heap  ] GC(25)  Metaspace       used 34320K, committed 35136K, reserved 1114112K
[2025-06-18T00:03:31.952+0300][14400][7356 ][debug][gc,heap  ] GC(25)   class space    used 2860K, committed 3264K, reserved 1048576K
[2025-06-18T00:03:31.953+0300][14400][20600][debug][safepoint] Safepoint synchronization initiated using striped semaphore wait barrier. (32 threads)
[2025-06-18T00:03:31.953+0300][14400][19400][debug][safepoint] ... found polling page loop exception at pc = 0x000001bef45002c9, stub =0x000001bef3ab5b00
[2025-06-18T00:03:31.953+0300][14400][20600][info ][gc,phases] GC(25) Pause Mark Start 0.013ms
[2025-06-18T00:03:31.953+0300][14400][20600][info ][safepoint] Safepoint "XMarkStart", Time since last: 748459400 ns, Reaching safepoint: 227800 ns, Cleanup: 34700 ns, At safepoint: 96800 ns, Total: 359300 ns
[2025-06-18T00:03:31.970+0300][14400][7356 ][info ][gc,phases] GC(25) Concurrent Mark 17.022ms
[2025-06-18T00:03:31.970+0300][14400][20600][debug][safepoint] Safepoint synchronization initiated using striped semaphore wait barrier. (32 threads)
[2025-06-18T00:03:31.970+0300][14400][20600][info ][gc,phases] GC(25) Pause Mark End 0.018ms
[2025-06-18T00:03:31.970+0300][14400][20600][info ][safepoint] Safepoint "XMarkEnd", Time since last: 17240600 ns, Reaching safepoint: 44300 ns, Cleanup: 7500 ns, At safepoint: 52500 ns, Total: 104300 ns
[2025-06-18T00:03:31.970+0300][14400][7356 ][info ][gc,phases] GC(25) Concurrent Mark Free 0.001ms
[2025-06-18T00:03:31.970+0300][14400][7356 ][debug][gc,phases] GC(25) Concurrent References Process 0.183ms
[2025-06-18T00:03:31.971+0300][14400][7356 ][debug][gc,phases] GC(25) ClassLoaderData 0.030ms
[2025-06-18T00:03:31.971+0300][14400][7356 ][debug][gc,phases] GC(25) Trigger cleanups 0.000ms
[2025-06-18T00:03:31.974+0300][14400][7356 ][debug][gc,phases] GC(25) Concurrent Classes Unlink 6.583ms
[2025-06-18T00:03:31.974+0300][14400][7356 ][debug][gc,phases] GC(25) Concurrent Classes Purge 0.051ms
[2025-06-18T00:03:31.974+0300][14400][7356 ][debug][gc,phases] GC(25) Concurrent References Enqueue 0.000ms
[2025-06-18T00:03:31.974+0300][14400][7356 ][info ][gc,phases] GC(25) Concurrent Process Non-Strong References 7.739ms
[2025-06-18T00:03:31.974+0300][14400][7356 ][info ][gc,phases] GC(25) Concurrent Reset Relocation Set 0.002ms
[2025-06-18T00:03:31.974+0300][14400][7356 ][info ][gc,phases] GC(25) Concurrent Select Relocation Set 1.357ms
[2025-06-18T00:03:31.974+0300][14400][20600][debug][safepoint] Safepoint synchronization initiated using striped semaphore wait barrier. (32 threads)
[2025-06-18T00:03:31.974+0300][14400][20600][info ][gc,phases] GC(25) Pause Relocate Start 0.007ms
[2025-06-18T00:03:31.974+0300][14400][20600][info ][safepoint] Safepoint "XRelocateStart", Time since last: 9289700 ns, Reaching safepoint: 22300 ns, Cleanup: 3900 ns, At safepoint: 20100 ns, Total: 46300 ns
[2025-06-18T00:03:31.974+0300][14400][7356 ][info ][gc,phases] GC(25) Concurrent Relocate 0.714ms
[2025-06-18T00:03:31.974+0300][14400][7356 ][debug][gc,heap  ] GC(25) Heap after GC invocations=26 (full 26):
[2025-06-18T00:03:31.974+0300][14400][7356 ][debug][gc,heap  ] GC(25)  ZHeap           used 70M, capacity 2048M, max capacity 2048M
[2025-06-18T00:03:31.974+0300][14400][7356 ][debug][gc,heap  ] GC(25)  Metaspace       used 34320K, committed 35136K, reserved 1114112K
[2025-06-18T00:03:31.974+0300][14400][7356 ][debug][gc,heap  ] GC(25)   class space    used 2860K, committed 3264K, reserved 1048576K
[2025-06-18T00:03:31.974+0300][14400][7356 ][info ][gc,heap  ] GC(25) Min Capacity: 2048M(100%)
[2025-06-18T00:03:31.974+0300][14400][7356 ][info ][gc,heap  ] GC(25) Max Capacity: 2048M(100%)
[2025-06-18T00:03:31.974+0300][14400][7356 ][info ][gc,heap  ] GC(25) Soft Max Capacity: 2048M(100%)
[2025-06-18T00:03:31.974+0300][14400][7356 ][info ][gc,heap  ] GC(25)                Mark Start          Mark End        Relocate Start      Relocate End           High               Low         
[2025-06-18T00:03:31.974+0300][14400][7356 ][info ][gc,heap  ] GC(25)  Capacity:     2048M (100%)       2048M (100%)       2048M (100%)       2048M (100%)       2048M (100%)       2048M (100%)   
[2025-06-18T00:03:31.974+0300][14400][7356 ][info ][gc,heap  ] GC(25)      Free:     1772M (87%)        1756M (86%)        1898M (93%)        1978M (97%)        1978M (97%)        1756M (86%)    
[2025-06-18T00:03:31.974+0300][14400][7356 ][info ][gc,heap  ] GC(25)      Used:      276M (13%)         292M (14%)         150M (7%)           70M (3%)          292M (14%)          70M (3%)     
[2025-06-18T00:03:31.974+0300][14400][7356 ][info ][gc,heap  ] GC(25)      Live:         -                18M (1%)           18M (1%)           18M (1%)             -                  -          
[2025-06-18T00:03:31.974+0300][14400][7356 ][info ][gc,heap  ] GC(25) Allocated:         -                16M (1%)           16M (1%)           16M (1%)             -                  -          
[2025-06-18T00:03:31.974+0300][14400][7356 ][info ][gc,heap  ] GC(25)   Garbage:         -               257M (13%)         115M (6%)           35M (2%)             -                  -          
[2025-06-18T00:03:31.974+0300][14400][7356 ][info ][gc,heap  ] GC(25) Reclaimed:         -                  -               142M (7%)          222M (11%)            -                  -          
[2025-06-18T00:03:31.974+0300][14400][7356 ][info ][gc       ] GC(25) Garbage Collection (Proactive) 276M(13%)->70M(3%)
[2025-06-18T00:03:35.523+0300][14400][17768][debug][safepoint] ... found polling page loop exception at pc = 0x000001bef458fb2f, stub =0x000001bef3ab5b00
[2025-06-18T00:03:35.523+0300][14400][18728][debug][safepoint] ... found polling page loop exception at pc = 0x000001bef458fb2f, stub =0x000001bef3ab5b00
[2025-06-18T00:03:38.750+0300][14400][7356 ][debug][gc,heap  ] GC(26) Heap before GC invocations=26 (full 26):
[2025-06-18T00:03:38.750+0300][14400][7356 ][debug][gc,heap  ] GC(26)  ZHeap           used 276M, capacity 2048M, max capacity 2048M
[2025-06-18T00:03:38.750+0300][14400][7356 ][debug][gc,heap  ] GC(26)  Metaspace       used 34320K, committed 35136K, reserved 1114112K
[2025-06-18T00:03:38.750+0300][14400][7356 ][debug][gc,heap  ] GC(26)   class space    used 2860K, committed 3264K, reserved 1048576K
[2025-06-18T00:03:38.752+0300][14400][20600][debug][safepoint] Safepoint synchronization initiated using striped semaphore wait barrier. (32 threads)
[2025-06-18T00:03:38.752+0300][14400][20600][info ][gc,phases] GC(26) Pause Mark Start 0.040ms
[2025-06-18T00:03:38.752+0300][14400][20600][info ][safepoint] Safepoint "XMarkStart", Time since last: 6773541100 ns, Reaching safepoint: 91600 ns, Cleanup: 25100 ns, At safepoint: 108400 ns, Total: 225100 ns
[2025-06-18T00:03:38.767+0300][14400][6708 ][debug][safepoint] ... found polling page loop exception at pc = 0x000001bef47b4be0, stub =0x000001bef3ab5280
[2025-06-18T00:03:38.784+0300][14400][7356 ][info ][gc,phases] GC(26) Concurrent Mark 30.893ms
[2025-06-18T00:03:38.784+0300][14400][20600][debug][safepoint] Safepoint synchronization initiated using striped semaphore wait barrier. (32 threads)
[2025-06-18T00:03:38.784+0300][14400][20600][info ][gc,phases] GC(26) Pause Mark End 0.029ms
[2025-06-18T00:03:38.784+0300][14400][20600][info ][safepoint] Safepoint "XMarkEnd", Time since last: 31134700 ns, Reaching safepoint: 46300 ns, Cleanup: 7400 ns, At safepoint: 55900 ns, Total: 109600 ns
[2025-06-18T00:03:38.784+0300][14400][7356 ][info ][gc,phases] GC(26) Concurrent Mark Free 0.001ms
[2025-06-18T00:03:38.784+0300][14400][7356 ][debug][gc,phases] GC(26) Concurrent References Process 0.129ms
[2025-06-18T00:03:38.785+0300][14400][7356 ][debug][gc,phases] GC(26) ClassLoaderData 0.036ms
[2025-06-18T00:03:38.785+0300][14400][7356 ][debug][gc,phases] GC(26) Trigger cleanups 0.000ms
[2025-06-18T00:03:38.793+0300][14400][7356 ][debug][gc,phases] GC(26) Concurrent Classes Unlink 7.734ms
[2025-06-18T00:03:38.793+0300][14400][7356 ][debug][gc,phases] GC(26) Concurrent Classes Purge 0.061ms
[2025-06-18T00:03:38.793+0300][14400][7356 ][debug][gc,phases] GC(26) Concurrent References Enqueue 0.001ms
[2025-06-18T00:03:38.793+0300][14400][7356 ][info ][gc,phases] GC(26) Concurrent Process Non-Strong References 9.162ms
[2025-06-18T00:03:38.793+0300][14400][7356 ][info ][gc,phases] GC(26) Concurrent Reset Relocation Set 0.004ms
[2025-06-18T00:03:38.794+0300][14400][7356 ][info ][gc,phases] GC(26) Concurrent Select Relocation Set 1.330ms
[2025-06-18T00:03:38.794+0300][14400][20600][debug][safepoint] Safepoint synchronization initiated using striped semaphore wait barrier. (32 threads)
[2025-06-18T00:03:38.794+0300][14400][20600][info ][gc,phases] GC(26) Pause Relocate Start 0.006ms
[2025-06-18T00:03:38.794+0300][14400][20600][info ][safepoint] Safepoint "XRelocateStart", Time since last: 10680500 ns, Reaching safepoint: 21700 ns, Cleanup: 3200 ns, At safepoint: 19400 ns, Total: 44300 ns
[2025-06-18T00:03:38.794+0300][14400][7356 ][info ][gc,phases] GC(26) Concurrent Relocate 0.796ms
[2025-06-18T00:03:38.794+0300][14400][7356 ][debug][gc,heap  ] GC(26) Heap after GC invocations=27 (full 27):
[2025-06-18T00:03:38.794+0300][14400][7356 ][debug][gc,heap  ] GC(26)  ZHeap           used 68M, capacity 2048M, max capacity 2048M
[2025-06-18T00:03:38.794+0300][14400][7356 ][debug][gc,heap  ] GC(26)  Metaspace       used 34320K, committed 35136K, reserved 1114112K
[2025-06-18T00:03:38.794+0300][14400][7356 ][debug][gc,heap  ] GC(26)   class space    used 2860K, committed 3264K, reserved 1048576K
[2025-06-18T00:03:38.794+0300][14400][7356 ][info ][gc,heap  ] GC(26) Min Capacity: 2048M(100%)
[2025-06-18T00:03:38.794+0300][14400][7356 ][info ][gc,heap  ] GC(26) Max Capacity: 2048M(100%)
[2025-06-18T00:03:38.794+0300][14400][7356 ][info ][gc,heap  ] GC(26) Soft Max Capacity: 2048M(100%)
[2025-06-18T00:03:38.794+0300][14400][7356 ][info ][gc,heap  ] GC(26)                Mark Start          Mark End        Relocate Start      Relocate End           High               Low         
[2025-06-18T00:03:38.794+0300][14400][7356 ][info ][gc,heap  ] GC(26)  Capacity:     2048M (100%)       2048M (100%)       2048M (100%)       2048M (100%)       2048M (100%)       2048M (100%)   
[2025-06-18T00:03:38.794+0300][14400][7356 ][info ][gc,heap  ] GC(26)      Free:     1770M (86%)        1756M (86%)        1906M (93%)        1980M (97%)        1980M (97%)        1756M (86%)    
[2025-06-18T00:03:38.794+0300][14400][7356 ][info ][gc,heap  ] GC(26)      Used:      278M (14%)         292M (14%)         142M (7%)           68M (3%)          292M (14%)          68M (3%)     
[2025-06-18T00:03:38.794+0300][14400][7356 ][info ][gc,heap  ] GC(26)      Live:         -                18M (1%)           18M (1%)           18M (1%)             -                  -          
[2025-06-18T00:03:38.794+0300][14400][7356 ][info ][gc,heap  ] GC(26) Allocated:         -                14M (1%)           14M (1%)           14M (1%)             -                  -          
[2025-06-18T00:03:38.794+0300][14400][7356 ][info ][gc,heap  ] GC(26)   Garbage:         -               259M (13%)         109M (5%)           35M (2%)             -                  -          
[2025-06-18T00:03:38.794+0300][14400][7356 ][info ][gc,heap  ] GC(26) Reclaimed:         -                  -               150M (7%)          224M (11%)            -                  -          
[2025-06-18T00:03:38.794+0300][14400][7356 ][info ][gc       ] GC(26) Garbage Collection (Proactive) 278M(14%)->68M(3%)
[2025-06-18T00:03:45.549+0300][14400][7356 ][debug][gc,heap  ] GC(27) Heap before GC invocations=27 (full 27):
[2025-06-18T00:03:45.549+0300][14400][7356 ][debug][gc,heap  ] GC(27)  ZHeap           used 278M, capacity 2048M, max capacity 2048M
[2025-06-18T00:03:45.549+0300][14400][7356 ][debug][gc,heap  ] GC(27)  Metaspace       used 34322K, committed 35136K, reserved 1114112K
[2025-06-18T00:03:45.549+0300][14400][7356 ][debug][gc,heap  ] GC(27)   class space    used 2860K, committed 3264K, reserved 1048576K
[2025-06-18T00:03:45.550+0300][14400][20600][debug][safepoint] Safepoint synchronization initiated using striped semaphore wait barrier. (32 threads)
[2025-06-18T00:03:45.550+0300][14400][2788 ][debug][safepoint] ... found polling page loop exception at pc = 0x000001bef42604a9, stub =0x000001bef3ab5280
[2025-06-18T00:03:45.550+0300][14400][6708 ][debug][safepoint] ... found polling page loop exception at pc = 0x000001bef42604a9, stub =0x000001bef3ab5280
[2025-06-18T00:03:45.550+0300][14400][20600][info ][gc,phases] GC(27) Pause Mark Start 0.016ms
[2025-06-18T00:03:45.550+0300][14400][20600][info ][safepoint] Safepoint "XMarkStart", Time since last: 6754720200 ns, Reaching safepoint: 396300 ns, Cleanup: 21900 ns, At safepoint: 123600 ns, Total: 541800 ns
[2025-06-18T00:03:45.566+0300][14400][7356 ][info ][gc,phases] GC(27) Concurrent Mark 15.295ms
[2025-06-18T00:03:45.566+0300][14400][20600][debug][safepoint] Safepoint synchronization initiated using striped semaphore wait barrier. (32 threads)
[2025-06-18T00:03:45.566+0300][14400][6708 ][debug][safepoint] ... found polling page loop exception at pc = 0x000001bef444f1e9, stub =0x000001bef3ab5280
[2025-06-18T00:03:45.582+0300][14400][20600][info ][gc,phases] GC(27) Pause Mark End 0.041ms
[2025-06-18T00:03:45.582+0300][14400][20600][info ][safepoint] Safepoint "XMarkEnd", Time since last: 15480200 ns, Reaching safepoint: 16065400 ns, Cleanup: 13000 ns, At safepoint: 132800 ns, Total: 16211200 ns
[2025-06-18T00:03:45.582+0300][14400][7356 ][info ][gc,phases] GC(27) Concurrent Mark Free 0.001ms
[2025-06-18T00:03:45.582+0300][14400][7356 ][debug][gc,phases] GC(27) Concurrent References Process 0.135ms
[2025-06-18T00:03:45.583+0300][14400][7356 ][debug][gc,phases] GC(27) ClassLoaderData 0.034ms
[2025-06-18T00:03:45.583+0300][14400][7356 ][debug][gc,phases] GC(27) Trigger cleanups 0.000ms
[2025-06-18T00:03:45.583+0300][14400][7356 ][debug][gc,phases] GC(27) Concurrent Classes Unlink 6.867ms
[2025-06-18T00:03:45.583+0300][14400][7356 ][debug][gc,phases] GC(27) Concurrent Classes Purge 0.024ms
[2025-06-18T00:03:45.583+0300][14400][7356 ][debug][gc,phases] GC(27) Concurrent References Enqueue 0.001ms
[2025-06-18T00:03:45.583+0300][14400][7356 ][info ][gc,phases] GC(27) Concurrent Process Non-Strong References 7.997ms
[2025-06-18T00:03:45.583+0300][14400][7356 ][info ][gc,phases] GC(27) Concurrent Reset Relocation Set 0.002ms
[2025-06-18T00:03:45.583+0300][14400][7356 ][info ][gc,phases] GC(27) Concurrent Select Relocation Set 1.123ms
[2025-06-18T00:03:45.583+0300][14400][20600][debug][safepoint] Safepoint synchronization initiated using striped semaphore wait barrier. (32 threads)
[2025-06-18T00:03:45.583+0300][14400][20600][info ][gc,phases] GC(27) Pause Relocate Start 0.006ms
[2025-06-18T00:03:45.583+0300][14400][20600][info ][safepoint] Safepoint "XRelocateStart", Time since last: 9323200 ns, Reaching safepoint: 22200 ns, Cleanup: 3700 ns, At safepoint: 19000 ns, Total: 44900 ns
[2025-06-18T00:03:45.583+0300][14400][7356 ][info ][gc,phases] GC(27) Concurrent Relocate 0.779ms
[2025-06-18T00:03:45.583+0300][14400][7356 ][debug][gc,heap  ] GC(27) Heap after GC invocations=28 (full 28):
[2025-06-18T00:03:45.583+0300][14400][7356 ][debug][gc,heap  ] GC(27)  ZHeap           used 70M, capacity 2048M, max capacity 2048M
[2025-06-18T00:03:45.583+0300][14400][7356 ][debug][gc,heap  ] GC(27)  Metaspace       used 34322K, committed 35136K, reserved 1114112K
[2025-06-18T00:03:45.583+0300][14400][7356 ][debug][gc,heap  ] GC(27)   class space    used 2860K, committed 3264K, reserved 1048576K
[2025-06-18T00:03:45.583+0300][14400][7356 ][info ][gc,heap  ] GC(27) Min Capacity: 2048M(100%)
[2025-06-18T00:03:45.583+0300][14400][7356 ][info ][gc,heap  ] GC(27) Max Capacity: 2048M(100%)
[2025-06-18T00:03:45.583+0300][14400][7356 ][info ][gc,heap  ] GC(27) Soft Max Capacity: 2048M(100%)
[2025-06-18T00:03:45.583+0300][14400][7356 ][info ][gc,heap  ] GC(27)                Mark Start          Mark End        Relocate Start      Relocate End           High               Low         
[2025-06-18T00:03:45.583+0300][14400][7356 ][info ][gc,heap  ] GC(27)  Capacity:     2048M (100%)       2048M (100%)       2048M (100%)       2048M (100%)       2048M (100%)       2048M (100%)   
[2025-06-18T00:03:45.583+0300][14400][7356 ][info ][gc,heap  ] GC(27)      Free:     1770M (86%)        1756M (86%)        1900M (93%)        1978M (97%)        1978M (97%)        1754M (86%)    
[2025-06-18T00:03:45.583+0300][14400][7356 ][info ][gc,heap  ] GC(27)      Used:      278M (14%)         292M (14%)         148M (7%)           70M (3%)          294M (14%)          70M (3%)     
[2025-06-18T00:03:45.583+0300][14400][7356 ][info ][gc,heap  ] GC(27)      Live:         -                18M (1%)           18M (1%)           18M (1%)             -                  -          
[2025-06-18T00:03:45.583+0300][14400][7356 ][info ][gc,heap  ] GC(27) Allocated:         -                14M (1%)           16M (1%)           16M (1%)             -                  -          
[2025-06-18T00:03:45.583+0300][14400][7356 ][info ][gc,heap  ] GC(27)   Garbage:         -               259M (13%)         113M (6%)           35M (2%)             -                  -          
[2025-06-18T00:03:45.583+0300][14400][7356 ][info ][gc,heap  ] GC(27) Reclaimed:         -                  -               146M (7%)          224M (11%)            -                  -          
[2025-06-18T00:03:45.583+0300][14400][7356 ][info ][gc       ] GC(27) Garbage Collection (Proactive) 278M(14%)->70M(3%)
[2025-06-18T00:03:49.453+0300][14400][7356 ][debug][gc,heap  ] GC(28) Heap before GC invocations=28 (full 28):
[2025-06-18T00:03:49.453+0300][14400][7356 ][debug][gc,heap  ] GC(28)  ZHeap           used 206M, capacity 2048M, max capacity 2048M
[2025-06-18T00:03:49.453+0300][14400][7356 ][debug][gc,heap  ] GC(28)  Metaspace       used 34426K, committed 35264K, reserved 1114112K
[2025-06-18T00:03:49.453+0300][14400][7356 ][debug][gc,heap  ] GC(28)   class space    used 2869K, committed 3264K, reserved 1048576K
[2025-06-18T00:03:49.453+0300][14400][20600][debug][safepoint] Safepoint synchronization initiated using striped semaphore wait barrier. (25 threads)
[2025-06-18T00:03:49.453+0300][14400][20600][info ][gc,phases] GC(28) Pause Mark Start 0.007ms
[2025-06-18T00:03:49.453+0300][14400][20600][info ][safepoint] Safepoint "XMarkStart", Time since last: 3871799800 ns, Reaching safepoint: 43700 ns, Cleanup: 23100 ns, At safepoint: 30300 ns, Total: 97100 ns
[2025-06-18T00:03:49.485+0300][14400][7356 ][info ][gc,phases] GC(28) Concurrent Mark 21.579ms
[2025-06-18T00:03:49.485+0300][14400][20600][debug][safepoint] Safepoint synchronization initiated using striped semaphore wait barrier. (25 threads)
[2025-06-18T00:03:49.485+0300][14400][20600][info ][gc,phases] GC(28) Pause Mark End 0.012ms
[2025-06-18T00:03:49.485+0300][14400][20600][info ][safepoint] Safepoint "XMarkEnd", Time since last: 21693500 ns, Reaching safepoint: 24300 ns, Cleanup: 5700 ns, At safepoint: 25000 ns, Total: 55000 ns
[2025-06-18T00:03:49.485+0300][14400][7356 ][info ][gc,phases] GC(28) Concurrent Mark Free 0.001ms
[2025-06-18T00:03:49.485+0300][14400][7356 ][debug][gc,phases] GC(28) Concurrent References Process 0.150ms
[2025-06-18T00:03:49.485+0300][14400][7356 ][debug][gc,phases] GC(28) ClassLoaderData 0.240ms
[2025-06-18T00:03:49.485+0300][14400][7356 ][debug][gc,phases] GC(28) Trigger cleanups 0.007ms
[2025-06-18T00:03:49.497+0300][14400][7356 ][debug][gc,phases] GC(28) Concurrent Classes Unlink 13.149ms
[2025-06-18T00:03:49.497+0300][14400][7356 ][debug][gc,phases] GC(28) Concurrent Classes Purge 1.063ms
[2025-06-18T00:03:49.497+0300][14400][7356 ][debug][gc,phases] GC(28) Concurrent References Enqueue 0.004ms
[2025-06-18T00:03:49.497+0300][14400][7356 ][info ][gc,phases] GC(28) Concurrent Process Non-Strong References 15.128ms
[2025-06-18T00:03:49.497+0300][14400][7356 ][info ][gc,phases] GC(28) Concurrent Reset Relocation Set 0.002ms
[2025-06-18T00:03:49.497+0300][14400][20600][debug][safepoint] Safepoint synchronization initiated using striped semaphore wait barrier. (25 threads)
[2025-06-18T00:03:49.501+0300][14400][20600][info ][safepoint] Safepoint "CleanClassLoaderDataMetaspaces", Time since last: 15207600 ns, Reaching safepoint: 65000 ns, Cleanup: 120800 ns, At safepoint: 47300 ns, Total: 233100 ns
[2025-06-18T00:03:49.501+0300][14400][7356 ][info ][gc,phases] GC(28) Concurrent Select Relocation Set 1.350ms
[2025-06-18T00:03:49.501+0300][14400][20600][debug][safepoint] Safepoint synchronization initiated using striped semaphore wait barrier. (25 threads)
[2025-06-18T00:03:49.501+0300][14400][20600][info ][gc,phases] GC(28) Pause Relocate Start 0.005ms
[2025-06-18T00:03:49.501+0300][14400][20600][info ][safepoint] Safepoint "XRelocateStart", Time since last: 1143200 ns, Reaching safepoint: 18800 ns, Cleanup: 2100 ns, At safepoint: 16900 ns, Total: 37800 ns
[2025-06-18T00:03:49.501+0300][14400][7356 ][info ][gc,phases] GC(28) Concurrent Relocate 0.473ms
[2025-06-18T00:03:49.501+0300][14400][7356 ][debug][gc,heap  ] GC(28) Heap after GC invocations=29 (full 29):
[2025-06-18T00:03:49.501+0300][14400][7356 ][debug][gc,heap  ] GC(28)  ZHeap           used 60M, capacity 2048M, max capacity 2048M
[2025-06-18T00:03:49.501+0300][14400][7356 ][debug][gc,heap  ] GC(28)  Metaspace       used 33248K, committed 35136K, reserved 1114112K
[2025-06-18T00:03:49.501+0300][14400][7356 ][debug][gc,heap  ] GC(28)   class space    used 2783K, committed 3264K, reserved 1048576K
[2025-06-18T00:03:49.501+0300][14400][7356 ][info ][gc,heap  ] GC(28) Min Capacity: 2048M(100%)
[2025-06-18T00:03:49.501+0300][14400][7356 ][info ][gc,heap  ] GC(28) Max Capacity: 2048M(100%)
[2025-06-18T00:03:49.501+0300][14400][7356 ][info ][gc,heap  ] GC(28) Soft Max Capacity: 2048M(100%)
[2025-06-18T00:03:49.501+0300][14400][7356 ][info ][gc,heap  ] GC(28)                Mark Start          Mark End        Relocate Start      Relocate End           High               Low         
[2025-06-18T00:03:49.501+0300][14400][7356 ][info ][gc,heap  ] GC(28)  Capacity:     2048M (100%)       2048M (100%)       2048M (100%)       2048M (100%)       2048M (100%)       2048M (100%)   
[2025-06-18T00:03:49.501+0300][14400][7356 ][info ][gc,heap  ] GC(28)      Free:     1842M (90%)        1842M (90%)        1940M (95%)        1988M (97%)        1988M (97%)        1836M (90%)    
[2025-06-18T00:03:49.501+0300][14400][7356 ][info ][gc,heap  ] GC(28)      Used:      206M (10%)         206M (10%)         108M (5%)           60M (3%)          212M (10%)          60M (3%)     
[2025-06-18T00:03:49.501+0300][14400][7356 ][info ][gc,heap  ] GC(28)      Live:         -                17M (1%)           17M (1%)           17M (1%)             -                  -          
[2025-06-18T00:03:49.501+0300][14400][7356 ][info ][gc,heap  ] GC(28) Allocated:         -                 0M (0%)            6M (0%)            6M (0%)             -                  -          
[2025-06-18T00:03:49.501+0300][14400][7356 ][info ][gc,heap  ] GC(28)   Garbage:         -               188M (9%)           84M (4%)           36M (2%)             -                  -          
[2025-06-18T00:03:49.501+0300][14400][7356 ][info ][gc,heap  ] GC(28) Reclaimed:         -                  -               104M (5%)          152M (7%)             -                  -          
[2025-06-18T00:03:49.501+0300][14400][7356 ][info ][gc       ] GC(28) Garbage Collection (System.gc()) 206M(10%)->60M(3%)
[2025-06-18T00:03:50.509+0300][14400][20600][debug][safepoint] Safepoint synchronization initiated using striped semaphore wait barrier. (33 threads)
[2025-06-18T00:03:50.509+0300][14400][20600][info ][safepoint] Safepoint "Cleanup", Time since last: 1007634900 ns, Reaching safepoint: 99000 ns, Cleanup: 99400 ns, At safepoint: 16600 ns, Total: 215000 ns
[2025-06-18T00:03:51.513+0300][14400][20600][debug][safepoint] Safepoint synchronization initiated using striped semaphore wait barrier. (32 threads)
[2025-06-18T00:03:51.513+0300][14400][13180][debug][safepoint] ... found polling page loop exception at pc = 0x000001bef466744e, stub =0x000001bef3ab5b00
[2025-06-18T00:03:51.513+0300][14400][17664][debug][safepoint] ... found polling page loop exception at pc = 0x000001beed2694c4, stub =0x000001bef3ab5b00
[2025-06-18T00:03:51.513+0300][14400][20600][info ][safepoint] Safepoint "Cleanup", Time since last: 1003220600 ns, Reaching safepoint: 208000 ns, Cleanup: 17600 ns, At safepoint: 10000 ns, Total: 235600 ns
[2025-06-18T00:03:52.521+0300][14400][20600][debug][safepoint] Safepoint synchronization initiated using striped semaphore wait barrier. (32 threads)
[2025-06-18T00:03:52.521+0300][14400][20600][info ][safepoint] Safepoint "Cleanup", Time since last: 1007594600 ns, Reaching safepoint: 111800 ns, Cleanup: 79800 ns, At safepoint: 36400 ns, Total: 228000 ns
[2025-06-18T00:03:53.846+0300][14400][7356 ][debug][gc,heap  ] GC(29) Heap before GC invocations=29 (full 29):
[2025-06-18T00:03:53.846+0300][14400][7356 ][debug][gc,heap  ] GC(29)  ZHeap           used 266M, capacity 2048M, max capacity 2048M
[2025-06-18T00:03:53.846+0300][14400][7356 ][debug][gc,heap  ] GC(29)  Metaspace       used 34014K, committed 35200K, reserved 1114112K
[2025-06-18T00:03:53.846+0300][14400][7356 ][debug][gc,heap  ] GC(29)   class space    used 2858K, committed 3264K, reserved 1048576K
[2025-06-18T00:03:53.846+0300][14400][20600][debug][safepoint] Safepoint synchronization initiated using striped semaphore wait barrier. (32 threads)
[2025-06-18T00:03:53.846+0300][14400][20600][info ][gc,phases] GC(29) Pause Mark Start 0.011ms
[2025-06-18T00:03:53.846+0300][14400][20600][info ][safepoint] Safepoint "XMarkStart", Time since last: 1325420200 ns, Reaching safepoint: 63100 ns, Cleanup: 7400 ns, At safepoint: 75900 ns, Total: 146400 ns
[2025-06-18T00:03:53.862+0300][14400][7356 ][info ][gc,phases] GC(29) Concurrent Mark 15.322ms
[2025-06-18T00:03:53.862+0300][14400][20600][debug][safepoint] Safepoint synchronization initiated using striped semaphore wait barrier. (32 threads)
[2025-06-18T00:03:53.862+0300][14400][20600][info ][gc,phases] GC(29) Pause Mark End 0.012ms
[2025-06-18T00:03:53.862+0300][14400][20600][info ][safepoint] Safepoint "XMarkEnd", Time since last: 15532800 ns, Reaching safepoint: 45000 ns, Cleanup: 5900 ns, At safepoint: 41800 ns, Total: 92700 ns
[2025-06-18T00:03:53.862+0300][14400][7356 ][info ][gc,phases] GC(29) Concurrent Mark Free 0.001ms
[2025-06-18T00:03:53.862+0300][14400][7356 ][debug][gc,phases] GC(29) Concurrent References Process 0.171ms
[2025-06-18T00:03:53.863+0300][14400][7356 ][debug][gc,phases] GC(29) ClassLoaderData 0.043ms
[2025-06-18T00:03:53.863+0300][14400][7356 ][debug][gc,phases] GC(29) Trigger cleanups 0.000ms
[2025-06-18T00:03:53.863+0300][14400][7356 ][debug][gc,phases] GC(29) Concurrent Classes Unlink 5.910ms
[2025-06-18T00:03:53.863+0300][14400][7356 ][debug][gc,phases] GC(29) Concurrent Classes Purge 0.244ms
[2025-06-18T00:03:53.863+0300][14400][7356 ][debug][gc,phases] GC(29) Concurrent References Enqueue 0.004ms
[2025-06-18T00:03:53.863+0300][14400][7356 ][info ][gc,phases] GC(29) Concurrent Process Non-Strong References 7.248ms
[2025-06-18T00:03:53.863+0300][14400][7356 ][info ][gc,phases] GC(29) Concurrent Reset Relocation Set 0.002ms
[2025-06-18T00:03:53.863+0300][14400][20600][debug][safepoint] Safepoint synchronization initiated using striped semaphore wait barrier. (32 threads)
[2025-06-18T00:03:53.863+0300][14400][20600][info ][safepoint] Safepoint "CleanClassLoaderDataMetaspaces", Time since last: 7430000 ns, Reaching safepoint: 44300 ns, Cleanup: 69700 ns, At safepoint: 47300 ns, Total: 161300 ns
[2025-06-18T00:03:53.863+0300][14400][7356 ][info ][gc,phases] GC(29) Concurrent Select Relocation Set 1.554ms
[2025-06-18T00:03:53.863+0300][14400][20600][debug][safepoint] Safepoint synchronization initiated using striped semaphore wait barrier. (32 threads)
[2025-06-18T00:03:53.863+0300][14400][20600][info ][gc,phases] GC(29) Pause Relocate Start 0.006ms
[2025-06-18T00:03:53.863+0300][14400][20600][info ][safepoint] Safepoint "XRelocateStart", Time since last: 1400600 ns, Reaching safepoint: 26100 ns, Cleanup: 2500 ns, At safepoint: 21500 ns, Total: 50100 ns
[2025-06-18T00:03:53.863+0300][14400][7356 ][info ][gc,phases] GC(29) Concurrent Relocate 1.302ms
[2025-06-18T00:03:53.863+0300][14400][7356 ][debug][gc,heap  ] GC(29) Heap after GC invocations=30 (full 30):
[2025-06-18T00:03:53.863+0300][14400][7356 ][debug][gc,heap  ] GC(29)  ZHeap           used 66M, capacity 2048M, max capacity 2048M
[2025-06-18T00:03:53.863+0300][14400][7356 ][debug][gc,heap  ] GC(29)  Metaspace       used 34014K, committed 35200K, reserved 1114112K
[2025-06-18T00:03:53.863+0300][14400][7356 ][debug][gc,heap  ] GC(29)   class space    used 2858K, committed 3264K, reserved 1048576K
[2025-06-18T00:03:53.863+0300][14400][7356 ][info ][gc,heap  ] GC(29) Min Capacity: 2048M(100%)
[2025-06-18T00:03:53.863+0300][14400][7356 ][info ][gc,heap  ] GC(29) Max Capacity: 2048M(100%)
[2025-06-18T00:03:53.863+0300][14400][7356 ][info ][gc,heap  ] GC(29) Soft Max Capacity: 2048M(100%)
[2025-06-18T00:03:53.863+0300][14400][7356 ][info ][gc,heap  ] GC(29)                Mark Start          Mark End        Relocate Start      Relocate End           High               Low         
[2025-06-18T00:03:53.863+0300][14400][7356 ][info ][gc,heap  ] GC(29)  Capacity:     2048M (100%)       2048M (100%)       2048M (100%)       2048M (100%)       2048M (100%)       2048M (100%)   
[2025-06-18T00:03:53.863+0300][14400][7356 ][info ][gc,heap  ] GC(29)      Free:     1782M (87%)        1768M (86%)        1834M (90%)        1982M (97%)        1982M (97%)        1768M (86%)    
[2025-06-18T00:03:53.863+0300][14400][7356 ][info ][gc,heap  ] GC(29)      Used:      266M (13%)         280M (14%)         214M (10%)          66M (3%)          280M (14%)          66M (3%)     
[2025-06-18T00:03:53.863+0300][14400][7356 ][info ][gc,heap  ] GC(29)      Live:         -                18M (1%)           18M (1%)           18M (1%)             -                  -          
[2025-06-18T00:03:53.863+0300][14400][7356 ][info ][gc,heap  ] GC(29) Allocated:         -                14M (1%)           14M (1%)           14M (1%)             -                  -          
[2025-06-18T00:03:53.863+0300][14400][7356 ][info ][gc,heap  ] GC(29)   Garbage:         -               247M (12%)         181M (9%)           33M (2%)             -                  -          
[2025-06-18T00:03:53.863+0300][14400][7356 ][info ][gc,heap  ] GC(29) Reclaimed:         -                  -                66M (3%)          214M (10%)            -                  -          
[2025-06-18T00:03:53.863+0300][14400][7356 ][info ][gc       ] GC(29) Garbage Collection (Proactive) 266M(13%)->66M(3%)
[2025-06-18T00:03:55.868+0300][14400][20600][debug][safepoint] Safepoint synchronization initiated using striped semaphore wait barrier. (32 threads)
[2025-06-18T00:03:55.868+0300][14400][18024][debug][safepoint] ... found polling page loop exception at pc = 0x000001bef457d065, stub =0x000001bef3ab5b00
[2025-06-18T00:03:55.868+0300][14400][12436][debug][safepoint] ... found polling page loop exception at pc = 0x000001bef457d065, stub =0x000001bef3ab5b00
[2025-06-18T00:03:55.868+0300][14400][20600][info ][safepoint] Safepoint "Cleanup", Time since last: 1997092300 ns, Reaching safepoint: 215800 ns, Cleanup: 14500 ns, At safepoint: 13000 ns, Total: 243300 ns
[2025-06-18T00:03:56.879+0300][14400][20600][debug][safepoint] Safepoint synchronization initiated using striped semaphore wait barrier. (32 threads)
[2025-06-18T00:03:56.879+0300][14400][20600][info ][safepoint] Safepoint "Cleanup", Time since last: 1011032800 ns, Reaching safepoint: 118100 ns, Cleanup: 14900 ns, At safepoint: 19000 ns, Total: 152000 ns
[2025-06-18T00:03:57.880+0300][14400][20600][debug][safepoint] Safepoint synchronization initiated using striped semaphore wait barrier. (32 threads)
[2025-06-18T00:03:57.880+0300][14400][20600][info ][safepoint] Safepoint "Cleanup", Time since last: 1000300600 ns, Reaching safepoint: 135900 ns, Cleanup: 29300 ns, At safepoint: 14300 ns, Total: 179500 ns
[2025-06-18T00:03:59.888+0300][14400][20600][debug][safepoint] Safepoint synchronization initiated using striped semaphore wait barrier. (32 threads)
[2025-06-18T00:03:59.888+0300][14400][21760][debug][safepoint] ... found polling page loop exception at pc = 0x000001bef45ac259, stub =0x000001bef3ab5b00
[2025-06-18T00:03:59.888+0300][14400][4148 ][debug][safepoint] ... found polling page loop exception at pc = 0x000001bef4503a3a, stub =0x000001bef3ab5b00
[2025-06-18T00:03:59.888+0300][14400][20600][info ][safepoint] Safepoint "Cleanup", Time since last: 2008289000 ns, Reaching safepoint: 374800 ns, Cleanup: 42900 ns, At safepoint: 20800 ns, Total: 438500 ns
[2025-06-18T00:04:00.652+0300][14400][7356 ][debug][gc,heap  ] GC(30) Heap before GC invocations=30 (full 30):
[2025-06-18T00:04:00.652+0300][14400][7356 ][debug][gc,heap  ] GC(30)  ZHeap           used 276M, capacity 2048M, max capacity 2048M
[2025-06-18T00:04:00.652+0300][14400][7356 ][debug][gc,heap  ] GC(30)  Metaspace       used 34088K, committed 35200K, reserved 1114112K
[2025-06-18T00:04:00.652+0300][14400][7356 ][debug][gc,heap  ] GC(30)   class space    used 2860K, committed 3264K, reserved 1048576K
[2025-06-18T00:04:00.652+0300][14400][20600][debug][safepoint] Safepoint synchronization initiated using striped semaphore wait barrier. (32 threads)
[2025-06-18T00:04:00.652+0300][14400][21760][debug][safepoint] ... found polling page loop exception at pc = 0x000001bef4723b1e, stub =0x000001bef3ab5b00
[2025-06-18T00:04:00.652+0300][14400][3840 ][debug][safepoint] ... found polling page loop exception at pc = 0x000001bef422f5dc, stub =0x000001bef3ab5b00
[2025-06-18T00:04:00.652+0300][14400][20600][info ][gc,phases] GC(30) Pause Mark Start 0.007ms
[2025-06-18T00:04:00.652+0300][14400][20600][info ][safepoint] Safepoint "XMarkStart", Time since last: 763320100 ns, Reaching safepoint: 128200 ns, Cleanup: 10900 ns, At safepoint: 38500 ns, Total: 177600 ns
[2025-06-18T00:04:00.685+0300][14400][7356 ][info ][gc,phases] GC(30) Concurrent Mark 33.010ms
[2025-06-18T00:04:00.685+0300][14400][20600][debug][safepoint] Safepoint synchronization initiated using striped semaphore wait barrier. (32 threads)
[2025-06-18T00:04:00.685+0300][14400][20600][info ][gc,phases] GC(30) Pause Mark End 0.017ms
[2025-06-18T00:04:00.685+0300][14400][20600][info ][safepoint] Safepoint "XMarkEnd", Time since last: 33230400 ns, Reaching safepoint: 59200 ns, Cleanup: 5700 ns, At safepoint: 65000 ns, Total: 129900 ns
[2025-06-18T00:04:00.685+0300][14400][7356 ][info ][gc,phases] GC(30) Concurrent Mark Free 0.016ms
[2025-06-18T00:04:00.685+0300][14400][7356 ][debug][gc,phases] GC(30) Concurrent References Process 0.106ms
[2025-06-18T00:04:00.685+0300][14400][7356 ][debug][gc,phases] GC(30) ClassLoaderData 0.032ms
[2025-06-18T00:04:00.685+0300][14400][7356 ][debug][gc,phases] GC(30) Trigger cleanups 0.000ms
[2025-06-18T00:04:00.685+0300][14400][7356 ][debug][gc,phases] GC(30) Concurrent Classes Unlink 5.993ms
[2025-06-18T00:04:00.685+0300][14400][7356 ][debug][gc,phases] GC(30) Concurrent Classes Purge 0.084ms
[2025-06-18T00:04:00.685+0300][14400][7356 ][debug][gc,phases] GC(30) Concurrent References Enqueue 0.004ms
[2025-06-18T00:04:00.685+0300][14400][7356 ][info ][gc,phases] GC(30) Concurrent Process Non-Strong References 7.204ms
[2025-06-18T00:04:00.685+0300][14400][7356 ][info ][gc,phases] GC(30) Concurrent Reset Relocation Set 0.005ms
[2025-06-18T00:04:00.685+0300][14400][7356 ][info ][gc,phases] GC(30) Concurrent Select Relocation Set 1.139ms
[2025-06-18T00:04:00.685+0300][14400][20600][debug][safepoint] Safepoint synchronization initiated using striped semaphore wait barrier. (32 threads)
[2025-06-18T00:04:00.685+0300][14400][20600][info ][gc,phases] GC(30) Pause Relocate Start 0.005ms
[2025-06-18T00:04:00.685+0300][14400][20600][info ][safepoint] Safepoint "XRelocateStart", Time since last: 8500900 ns, Reaching safepoint: 21500 ns, Cleanup: 7000 ns, At safepoint: 17600 ns, Total: 46100 ns
[2025-06-18T00:04:00.685+0300][14400][7356 ][info ][gc,phases] GC(30) Concurrent Relocate 0.732ms
[2025-06-18T00:04:00.685+0300][14400][7356 ][debug][gc,heap  ] GC(30) Heap after GC invocations=31 (full 31):
[2025-06-18T00:04:00.685+0300][14400][7356 ][debug][gc,heap  ] GC(30)  ZHeap           used 68M, capacity 2048M, max capacity 2048M
[2025-06-18T00:04:00.685+0300][14400][7356 ][debug][gc,heap  ] GC(30)  Metaspace       used 34088K, committed 35200K, reserved 1114112K
[2025-06-18T00:04:00.685+0300][14400][7356 ][debug][gc,heap  ] GC(30)   class space    used 2860K, committed 3264K, reserved 1048576K
[2025-06-18T00:04:00.685+0300][14400][7356 ][info ][gc,heap  ] GC(30) Min Capacity: 2048M(100%)
[2025-06-18T00:04:00.685+0300][14400][7356 ][info ][gc,heap  ] GC(30) Max Capacity: 2048M(100%)
[2025-06-18T00:04:00.685+0300][14400][7356 ][info ][gc,heap  ] GC(30) Soft Max Capacity: 2048M(100%)
[2025-06-18T00:04:00.685+0300][14400][7356 ][info ][gc,heap  ] GC(30)                Mark Start          Mark End        Relocate Start      Relocate End           High               Low         
[2025-06-18T00:04:00.685+0300][14400][7356 ][info ][gc,heap  ] GC(30)  Capacity:     2048M (100%)       2048M (100%)       2048M (100%)       2048M (100%)       2048M (100%)       2048M (100%)   
[2025-06-18T00:04:00.685+0300][14400][7356 ][info ][gc,heap  ] GC(30)      Free:     1772M (87%)        1758M (86%)        1874M (92%)        1980M (97%)        1980M (97%)        1758M (86%)    
[2025-06-18T00:04:00.685+0300][14400][7356 ][info ][gc,heap  ] GC(30)      Used:      276M (13%)         290M (14%)         174M (8%)           68M (3%)          290M (14%)          68M (3%)     
[2025-06-18T00:04:00.685+0300][14400][7356 ][info ][gc,heap  ] GC(30)      Live:         -                18M (1%)           18M (1%)           18M (1%)             -                  -          
[2025-06-18T00:04:00.685+0300][14400][7356 ][info ][gc,heap  ] GC(30) Allocated:         -                14M (1%)           14M (1%)           14M (1%)             -                  -          
[2025-06-18T00:04:00.685+0300][14400][7356 ][info ][gc,heap  ] GC(30)   Garbage:         -               257M (13%)         141M (7%)           35M (2%)             -                  -          
[2025-06-18T00:04:00.685+0300][14400][7356 ][info ][gc,heap  ] GC(30) Reclaimed:         -                  -               116M (6%)          222M (11%)            -                  -          
[2025-06-18T00:04:00.685+0300][14400][7356 ][info ][gc       ] GC(30) Garbage Collection (Proactive) 276M(13%)->68M(3%)
[2025-06-18T00:04:02.700+0300][14400][20600][debug][safepoint] Safepoint synchronization initiated using striped semaphore wait barrier. (32 threads)
[2025-06-18T00:04:02.700+0300][14400][20600][info ][safepoint] Safepoint "Cleanup", Time since last: 2005550000 ns, Reaching safepoint: 101300 ns, Cleanup: 20100 ns, At safepoint: 2400 ns, Total: 123800 ns
[2025-06-18T00:04:03.710+0300][14400][20600][debug][safepoint] Safepoint synchronization initiated using striped semaphore wait barrier. (32 threads)
[2025-06-18T00:04:03.710+0300][14400][20600][info ][safepoint] Safepoint "Cleanup", Time since last: 1010046100 ns, Reaching safepoint: 159500 ns, Cleanup: 40400 ns, At safepoint: 44700 ns, Total: 244600 ns
[2025-06-18T00:04:07.347+0300][14400][7356 ][debug][gc,heap  ] GC(31) Heap before GC invocations=31 (full 31):
[2025-06-18T00:04:07.347+0300][14400][7356 ][debug][gc,heap  ] GC(31)  ZHeap           used 274M, capacity 2048M, max capacity 2048M
[2025-06-18T00:04:07.347+0300][14400][7356 ][debug][gc,heap  ] GC(31)  Metaspace       used 34142K, committed 35200K, reserved 1114112K
[2025-06-18T00:04:07.347+0300][14400][7356 ][debug][gc,heap  ] GC(31)   class space    used 2861K, committed 3264K, reserved 1048576K
[2025-06-18T00:04:07.347+0300][14400][20600][debug][safepoint] Safepoint synchronization initiated using striped semaphore wait barrier. (32 threads)
[2025-06-18T00:04:07.347+0300][14400][20600][info ][gc,phases] GC(31) Pause Mark Start 0.016ms
[2025-06-18T00:04:07.347+0300][14400][20600][info ][safepoint] Safepoint "XMarkStart", Time since last: 3637323500 ns, Reaching safepoint: 149500 ns, Cleanup: 26700 ns, At safepoint: 142800 ns, Total: 319000 ns
[2025-06-18T00:04:07.363+0300][14400][7356 ][info ][gc,phases] GC(31) Concurrent Mark 15.083ms
[2025-06-18T00:04:07.363+0300][14400][20600][debug][safepoint] Safepoint synchronization initiated using striped semaphore wait barrier. (32 threads)
[2025-06-18T00:04:07.363+0300][14400][20600][info ][gc,phases] GC(31) Pause Mark End 0.016ms
[2025-06-18T00:04:07.363+0300][14400][20600][info ][safepoint] Safepoint "XMarkEnd", Time since last: 15311600 ns, Reaching safepoint: 56400 ns, Cleanup: 6200 ns, At safepoint: 44200 ns, Total: 106800 ns
[2025-06-18T00:04:07.363+0300][14400][7356 ][info ][gc,phases] GC(31) Concurrent Mark Free 0.001ms
[2025-06-18T00:04:07.363+0300][14400][7356 ][debug][gc,phases] GC(31) Concurrent References Process 0.149ms
[2025-06-18T00:04:07.364+0300][14400][7356 ][debug][gc,phases] GC(31) ClassLoaderData 0.037ms
[2025-06-18T00:04:07.364+0300][14400][7356 ][debug][gc,phases] GC(31) Trigger cleanups 0.000ms
[2025-06-18T00:04:07.364+0300][14400][7356 ][debug][gc,phases] GC(31) Concurrent Classes Unlink 6.746ms
[2025-06-18T00:04:07.364+0300][14400][7356 ][debug][gc,phases] GC(31) Concurrent Classes Purge 0.103ms
[2025-06-18T00:04:07.364+0300][14400][7356 ][debug][gc,phases] GC(31) Concurrent References Enqueue 0.005ms
[2025-06-18T00:04:07.364+0300][14400][7356 ][info ][gc,phases] GC(31) Concurrent Process Non-Strong References 7.886ms
[2025-06-18T00:04:07.364+0300][14400][7356 ][info ][gc,phases] GC(31) Concurrent Reset Relocation Set 0.003ms
[2025-06-18T00:04:07.364+0300][14400][7356 ][info ][gc,phases] GC(31) Concurrent Select Relocation Set 1.175ms
[2025-06-18T00:04:07.364+0300][14400][20600][debug][safepoint] Safepoint synchronization initiated using striped semaphore wait barrier. (32 threads)
[2025-06-18T00:04:07.364+0300][14400][20600][info ][gc,phases] GC(31) Pause Relocate Start 0.006ms
[2025-06-18T00:04:07.364+0300][14400][20600][info ][safepoint] Safepoint "XRelocateStart", Time since last: 9195700 ns, Reaching safepoint: 28200 ns, Cleanup: 7400 ns, At safepoint: 19100 ns, Total: 54700 ns
[2025-06-18T00:04:07.364+0300][14400][7356 ][info ][gc,phases] GC(31) Concurrent Relocate 0.750ms
[2025-06-18T00:04:07.364+0300][14400][7356 ][debug][gc,heap  ] GC(31) Heap after GC invocations=32 (full 32):
[2025-06-18T00:04:07.364+0300][14400][7356 ][debug][gc,heap  ] GC(31)  ZHeap           used 68M, capacity 2048M, max capacity 2048M
[2025-06-18T00:04:07.364+0300][14400][7356 ][debug][gc,heap  ] GC(31)  Metaspace       used 34142K, committed 35200K, reserved 1114112K
[2025-06-18T00:04:07.364+0300][14400][7356 ][debug][gc,heap  ] GC(31)   class space    used 2861K, committed 3264K, reserved 1048576K
[2025-06-18T00:04:07.364+0300][14400][7356 ][info ][gc,heap  ] GC(31) Min Capacity: 2048M(100%)
[2025-06-18T00:04:07.364+0300][14400][7356 ][info ][gc,heap  ] GC(31) Max Capacity: 2048M(100%)
[2025-06-18T00:04:07.364+0300][14400][7356 ][info ][gc,heap  ] GC(31) Soft Max Capacity: 2048M(100%)
[2025-06-18T00:04:07.364+0300][14400][7356 ][info ][gc,heap  ] GC(31)                Mark Start          Mark End        Relocate Start      Relocate End           High               Low         
[2025-06-18T00:04:07.364+0300][14400][7356 ][info ][gc,heap  ] GC(31)  Capacity:     2048M (100%)       2048M (100%)       2048M (100%)       2048M (100%)       2048M (100%)       2048M (100%)   
[2025-06-18T00:04:07.364+0300][14400][7356 ][info ][gc,heap  ] GC(31)      Free:     1774M (87%)        1760M (86%)        1890M (92%)        1980M (97%)        1980M (97%)        1760M (86%)    
[2025-06-18T00:04:07.364+0300][14400][7356 ][info ][gc,heap  ] GC(31)      Used:      274M (13%)         288M (14%)         158M (8%)           68M (3%)          288M (14%)          68M (3%)     
[2025-06-18T00:04:07.364+0300][14400][7356 ][info ][gc,heap  ] GC(31)      Live:         -                18M (1%)           18M (1%)           18M (1%)             -                  -          
[2025-06-18T00:04:07.364+0300][14400][7356 ][info ][gc,heap  ] GC(31) Allocated:         -                14M (1%)           14M (1%)           14M (1%)             -                  -          
[2025-06-18T00:04:07.364+0300][14400][7356 ][info ][gc,heap  ] GC(31)   Garbage:         -               255M (12%)         125M (6%)           35M (2%)             -                  -          
[2025-06-18T00:04:07.364+0300][14400][7356 ][info ][gc,heap  ] GC(31) Reclaimed:         -                  -               130M (6%)          220M (11%)            -                  -          
[2025-06-18T00:04:07.364+0300][14400][7356 ][info ][gc       ] GC(31) Garbage Collection (Proactive) 274M(13%)->68M(3%)
[2025-06-18T00:04:09.372+0300][14400][20600][debug][safepoint] Safepoint synchronization initiated using striped semaphore wait barrier. (32 threads)
[2025-06-18T00:04:09.372+0300][14400][20600][info ][safepoint] Safepoint "Cleanup", Time since last: 1999500400 ns, Reaching safepoint: 82200 ns, Cleanup: 33200 ns, At safepoint: 14200 ns, Total: 129600 ns
[2025-06-18T00:04:10.383+0300][14400][20600][debug][safepoint] Safepoint synchronization initiated using striped semaphore wait barrier. (32 threads)
[2025-06-18T00:04:10.383+0300][14400][20600][info ][safepoint] Safepoint "Cleanup", Time since last: 1010805500 ns, Reaching safepoint: 123700 ns, Cleanup: 43700 ns, At safepoint: 13600 ns, Total: 181000 ns
[2025-06-18T00:04:12.396+0300][14400][20600][debug][safepoint] Safepoint synchronization initiated using striped semaphore wait barrier. (32 threads)
[2025-06-18T00:04:12.396+0300][14400][20600][info ][safepoint] Safepoint "Cleanup", Time since last: 2012575800 ns, Reaching safepoint: 129800 ns, Cleanup: 26800 ns, At safepoint: 13400 ns, Total: 170000 ns
[2025-06-18T00:04:13.407+0300][14400][20600][debug][safepoint] Safepoint synchronization initiated using striped semaphore wait barrier. (32 threads)
[2025-06-18T00:04:13.408+0300][14400][20600][info ][safepoint] Safepoint "Cleanup", Time since last: 1011490900 ns, Reaching safepoint: 173100 ns, Cleanup: 41300 ns, At safepoint: 36700 ns, Total: 251100 ns
[2025-06-18T00:04:13.944+0300][14400][7356 ][debug][gc,heap  ] GC(32) Heap before GC invocations=32 (full 32):
[2025-06-18T00:04:13.944+0300][14400][7356 ][debug][gc,heap  ] GC(32)  ZHeap           used 276M, capacity 2048M, max capacity 2048M
[2025-06-18T00:04:13.944+0300][14400][7356 ][debug][gc,heap  ] GC(32)  Metaspace       used 34266K, committed 35200K, reserved 1114112K
[2025-06-18T00:04:13.944+0300][14400][7356 ][debug][gc,heap  ] GC(32)   class space    used 2861K, committed 3264K, reserved 1048576K
[2025-06-18T00:04:13.944+0300][14400][20600][debug][safepoint] Safepoint synchronization initiated using striped semaphore wait barrier. (32 threads)
[2025-06-18T00:04:13.944+0300][14400][21760][debug][safepoint] ... found polling page loop exception at pc = 0x000001bef45e75c3, stub =0x000001bef3ab5b00
[2025-06-18T00:04:13.944+0300][14400][15940][debug][safepoint] ... found polling page loop exception at pc = 0x000001bef461f81d, stub =0x000001bef3ab5280
[2025-06-18T00:04:13.944+0300][14400][20600][info ][gc,phases] GC(32) Pause Mark Start 0.008ms
[2025-06-18T00:04:13.944+0300][14400][20600][info ][safepoint] Safepoint "XMarkStart", Time since last: 536581100 ns, Reaching safepoint: 139800 ns, Cleanup: 10500 ns, At safepoint: 57900 ns, Total: 208200 ns
[2025-06-18T00:04:13.960+0300][14400][7356 ][info ][gc,phases] GC(32) Concurrent Mark 15.657ms
[2025-06-18T00:04:13.960+0300][14400][20600][debug][safepoint] Safepoint synchronization initiated using striped semaphore wait barrier. (32 threads)
[2025-06-18T00:04:13.960+0300][14400][20600][info ][gc,phases] GC(32) Pause Mark End 0.016ms
[2025-06-18T00:04:13.960+0300][14400][20600][info ][safepoint] Safepoint "XMarkEnd", Time since last: 15814200 ns, Reaching safepoint: 52900 ns, Cleanup: 6400 ns, At safepoint: 48000 ns, Total: 107300 ns
[2025-06-18T00:04:13.960+0300][14400][7356 ][info ][gc,phases] GC(32) Concurrent Mark Free 0.001ms
[2025-06-18T00:04:13.960+0300][14400][7356 ][debug][gc,phases] GC(32) Concurrent References Process 0.094ms
[2025-06-18T00:04:13.961+0300][14400][7356 ][debug][gc,phases] GC(32) ClassLoaderData 0.032ms
[2025-06-18T00:04:13.961+0300][14400][7356 ][debug][gc,phases] GC(32) Trigger cleanups 0.000ms
[2025-06-18T00:04:13.961+0300][14400][7356 ][debug][gc,phases] GC(32) Concurrent Classes Unlink 7.163ms
[2025-06-18T00:04:13.961+0300][14400][7356 ][debug][gc,phases] GC(32) Concurrent Classes Purge 0.042ms
[2025-06-18T00:04:13.961+0300][14400][7356 ][debug][gc,phases] GC(32) Concurrent References Enqueue 0.004ms
[2025-06-18T00:04:13.961+0300][14400][7356 ][info ][gc,phases] GC(32) Concurrent Process Non-Strong References 8.183ms
[2025-06-18T00:04:13.961+0300][14400][7356 ][info ][gc,phases] GC(32) Concurrent Reset Relocation Set 0.002ms
[2025-06-18T00:04:13.961+0300][14400][7356 ][info ][gc,phases] GC(32) Concurrent Select Relocation Set 1.102ms
[2025-06-18T00:04:13.961+0300][14400][20600][debug][safepoint] Safepoint synchronization initiated using striped semaphore wait barrier. (32 threads)
[2025-06-18T00:04:13.961+0300][14400][20600][info ][gc,phases] GC(32) Pause Relocate Start 0.007ms
[2025-06-18T00:04:13.961+0300][14400][20600][info ][safepoint] Safepoint "XRelocateStart", Time since last: 9477100 ns, Reaching safepoint: 22600 ns, Cleanup: 4100 ns, At safepoint: 19200 ns, Total: 45900 ns
[2025-06-18T00:04:13.961+0300][14400][7356 ][info ][gc,phases] GC(32) Concurrent Relocate 0.718ms
[2025-06-18T00:04:13.961+0300][14400][7356 ][debug][gc,heap  ] GC(32) Heap after GC invocations=33 (full 33):
[2025-06-18T00:04:13.961+0300][14400][7356 ][debug][gc,heap  ] GC(32)  ZHeap           used 70M, capacity 2048M, max capacity 2048M
[2025-06-18T00:04:13.961+0300][14400][7356 ][debug][gc,heap  ] GC(32)  Metaspace       used 34266K, committed 35200K, reserved 1114112K
[2025-06-18T00:04:13.961+0300][14400][7356 ][debug][gc,heap  ] GC(32)   class space    used 2861K, committed 3264K, reserved 1048576K
[2025-06-18T00:04:13.961+0300][14400][7356 ][info ][gc,heap  ] GC(32) Min Capacity: 2048M(100%)
[2025-06-18T00:04:13.961+0300][14400][7356 ][info ][gc,heap  ] GC(32) Max Capacity: 2048M(100%)
[2025-06-18T00:04:13.961+0300][14400][7356 ][info ][gc,heap  ] GC(32) Soft Max Capacity: 2048M(100%)
[2025-06-18T00:04:13.961+0300][14400][7356 ][info ][gc,heap  ] GC(32)                Mark Start          Mark End        Relocate Start      Relocate End           High               Low         
[2025-06-18T00:04:13.961+0300][14400][7356 ][info ][gc,heap  ] GC(32)  Capacity:     2048M (100%)       2048M (100%)       2048M (100%)       2048M (100%)       2048M (100%)       2048M (100%)   
[2025-06-18T00:04:13.961+0300][14400][7356 ][info ][gc,heap  ] GC(32)      Free:     1772M (87%)        1756M (86%)        1892M (92%)        1978M (97%)        1978M (97%)        1756M (86%)    
[2025-06-18T00:04:13.961+0300][14400][7356 ][info ][gc,heap  ] GC(32)      Used:      276M (13%)         292M (14%)         156M (8%)           70M (3%)          292M (14%)          70M (3%)     
[2025-06-18T00:04:13.961+0300][14400][7356 ][info ][gc,heap  ] GC(32)      Live:         -                18M (1%)           18M (1%)           18M (1%)             -                  -          
[2025-06-18T00:04:13.961+0300][14400][7356 ][info ][gc,heap  ] GC(32) Allocated:         -                16M (1%)           16M (1%)           16M (1%)             -                  -          
[2025-06-18T00:04:13.961+0300][14400][7356 ][info ][gc,heap  ] GC(32)   Garbage:         -               257M (13%)         121M (6%)           35M (2%)             -                  -          
[2025-06-18T00:04:13.961+0300][14400][7356 ][info ][gc,heap  ] GC(32) Reclaimed:         -                  -               136M (7%)          222M (11%)            -                  -          
[2025-06-18T00:04:13.961+0300][14400][7356 ][info ][gc       ] GC(32) Garbage Collection (Proactive) 276M(13%)->70M(3%)
[2025-06-18T00:04:15.971+0300][14400][20600][debug][safepoint] Safepoint synchronization initiated using striped semaphore wait barrier. (32 threads)
[2025-06-18T00:04:15.971+0300][14400][20600][info ][safepoint] Safepoint "Cleanup", Time since last: 2000966800 ns, Reaching safepoint: 174900 ns, Cleanup: 35200 ns, At safepoint: 30700 ns, Total: 240800 ns
[2025-06-18T00:04:17.982+0300][14400][20600][debug][safepoint] Safepoint synchronization initiated using striped semaphore wait barrier. (32 threads)
[2025-06-18T00:04:17.982+0300][14400][20600][info ][safepoint] Safepoint "Cleanup", Time since last: 2010463400 ns, Reaching safepoint: 159100 ns, Cleanup: 32200 ns, At safepoint: 20000 ns, Total: 211300 ns
[2025-06-18T00:04:20.850+0300][14400][7356 ][debug][gc,heap  ] GC(33) Heap before GC invocations=33 (full 33):
[2025-06-18T00:04:20.850+0300][14400][7356 ][debug][gc,heap  ] GC(33)  ZHeap           used 276M, capacity 2048M, max capacity 2048M
[2025-06-18T00:04:20.850+0300][14400][7356 ][debug][gc,heap  ] GC(33)  Metaspace       used 34352K, committed 35200K, reserved 1114112K
[2025-06-18T00:04:20.850+0300][14400][7356 ][debug][gc,heap  ] GC(33)   class space    used 2861K, committed 3264K, reserved 1048576K
[2025-06-18T00:04:20.850+0300][14400][20600][debug][safepoint] Safepoint synchronization initiated using striped semaphore wait barrier. (32 threads)
[2025-06-18T00:04:20.850+0300][14400][21760][debug][safepoint] ... found polling page loop exception at pc = 0x000001bef4643545, stub =0x000001bef3ab5b00
[2025-06-18T00:04:20.850+0300][14400][12384][debug][safepoint] ... found polling page loop exception at pc = 0x000001bef43eceae, stub =0x000001bef3ab5b00
[2025-06-18T00:04:20.850+0300][14400][20600][info ][gc,phases] GC(33) Pause Mark Start 0.015ms
[2025-06-18T00:04:20.850+0300][14400][20600][info ][safepoint] Safepoint "XMarkStart", Time since last: 2868542200 ns, Reaching safepoint: 315000 ns, Cleanup: 25400 ns, At safepoint: 156500 ns, Total: 496900 ns
[2025-06-18T00:04:20.867+0300][14400][7356 ][info ][gc,phases] GC(33) Concurrent Mark 15.549ms
[2025-06-18T00:04:20.867+0300][14400][20600][debug][safepoint] Safepoint synchronization initiated using striped semaphore wait barrier. (32 threads)
[2025-06-18T00:04:20.867+0300][14400][20600][info ][gc,phases] GC(33) Pause Mark End 0.014ms
[2025-06-18T00:04:20.867+0300][14400][20600][info ][safepoint] Safepoint "XMarkEnd", Time since last: 15724100 ns, Reaching safepoint: 59400 ns, Cleanup: 6400 ns, At safepoint: 52500 ns, Total: 118300 ns
[2025-06-18T00:04:20.867+0300][14400][7356 ][info ][gc,phases] GC(33) Concurrent Mark Free 0.001ms
[2025-06-18T00:04:20.867+0300][14400][7356 ][debug][gc,phases] GC(33) Concurrent References Process 0.143ms
[2025-06-18T00:04:20.867+0300][14400][7356 ][debug][gc,phases] GC(33) ClassLoaderData 0.029ms
[2025-06-18T00:04:20.867+0300][14400][7356 ][debug][gc,phases] GC(33) Trigger cleanups 0.000ms
[2025-06-18T00:04:20.867+0300][14400][7356 ][debug][gc,phases] GC(33) Concurrent Classes Unlink 5.908ms
[2025-06-18T00:04:20.867+0300][14400][7356 ][debug][gc,phases] GC(33) Concurrent Classes Purge 0.027ms
[2025-06-18T00:04:20.867+0300][14400][7356 ][debug][gc,phases] GC(33) Concurrent References Enqueue 0.004ms
[2025-06-18T00:04:20.867+0300][14400][7356 ][info ][gc,phases] GC(33) Concurrent Process Non-Strong References 7.052ms
[2025-06-18T00:04:20.867+0300][14400][7356 ][info ][gc,phases] GC(33) Concurrent Reset Relocation Set 0.002ms
[2025-06-18T00:04:20.867+0300][14400][7356 ][info ][gc,phases] GC(33) Concurrent Select Relocation Set 1.236ms
[2025-06-18T00:04:20.867+0300][14400][20600][debug][safepoint] Safepoint synchronization initiated using striped semaphore wait barrier. (32 threads)
[2025-06-18T00:04:20.867+0300][14400][20600][info ][gc,phases] GC(33) Pause Relocate Start 0.006ms
[2025-06-18T00:04:20.867+0300][14400][20600][info ][safepoint] Safepoint "XRelocateStart", Time since last: 8468100 ns, Reaching safepoint: 22800 ns, Cleanup: 3000 ns, At safepoint: 18000 ns, Total: 43800 ns
[2025-06-18T00:04:20.867+0300][14400][7356 ][info ][gc,phases] GC(33) Concurrent Relocate 0.710ms
[2025-06-18T00:04:20.867+0300][14400][7356 ][debug][gc,heap  ] GC(33) Heap after GC invocations=34 (full 34):
[2025-06-18T00:04:20.867+0300][14400][7356 ][debug][gc,heap  ] GC(33)  ZHeap           used 66M, capacity 2048M, max capacity 2048M
[2025-06-18T00:04:20.867+0300][14400][7356 ][debug][gc,heap  ] GC(33)  Metaspace       used 34352K, committed 35200K, reserved 1114112K
[2025-06-18T00:04:20.867+0300][14400][7356 ][debug][gc,heap  ] GC(33)   class space    used 2861K, committed 3264K, reserved 1048576K
[2025-06-18T00:04:20.867+0300][14400][7356 ][info ][gc,heap  ] GC(33) Min Capacity: 2048M(100%)
[2025-06-18T00:04:20.867+0300][14400][7356 ][info ][gc,heap  ] GC(33) Max Capacity: 2048M(100%)
[2025-06-18T00:04:20.867+0300][14400][7356 ][info ][gc,heap  ] GC(33) Soft Max Capacity: 2048M(100%)
[2025-06-18T00:04:20.867+0300][14400][7356 ][info ][gc,heap  ] GC(33)                Mark Start          Mark End        Relocate Start      Relocate End           High               Low         
[2025-06-18T00:04:20.867+0300][14400][7356 ][info ][gc,heap  ] GC(33)  Capacity:     2048M (100%)       2048M (100%)       2048M (100%)       2048M (100%)       2048M (100%)       2048M (100%)   
[2025-06-18T00:04:20.867+0300][14400][7356 ][info ][gc,heap  ] GC(33)      Free:     1772M (87%)        1760M (86%)        1902M (93%)        1982M (97%)        1982M (97%)        1760M (86%)    
[2025-06-18T00:04:20.867+0300][14400][7356 ][info ][gc,heap  ] GC(33)      Used:      276M (13%)         288M (14%)         146M (7%)           66M (3%)          288M (14%)          66M (3%)     
[2025-06-18T00:04:20.867+0300][14400][7356 ][info ][gc,heap  ] GC(33)      Live:         -                18M (1%)           18M (1%)           18M (1%)             -                  -          
[2025-06-18T00:04:20.867+0300][14400][7356 ][info ][gc,heap  ] GC(33) Allocated:         -                12M (1%)           12M (1%)           12M (1%)             -                  -          
[2025-06-18T00:04:20.867+0300][14400][7356 ][info ][gc,heap  ] GC(33)   Garbage:         -               257M (13%)         115M (6%)           35M (2%)             -                  -          
[2025-06-18T00:04:20.867+0300][14400][7356 ][info ][gc,heap  ] GC(33) Reclaimed:         -                  -               142M (7%)          222M (11%)            -                  -          
[2025-06-18T00:04:20.867+0300][14400][7356 ][info ][gc       ] GC(33) Garbage Collection (Proactive) 276M(13%)->66M(3%)
[2025-06-18T00:04:27.546+0300][14400][7356 ][debug][gc,heap  ] GC(34) Heap before GC invocations=34 (full 34):
[2025-06-18T00:04:27.546+0300][14400][7356 ][debug][gc,heap  ] GC(34)  ZHeap           used 272M, capacity 2048M, max capacity 2048M
[2025-06-18T00:04:27.546+0300][14400][7356 ][debug][gc,heap  ] GC(34)  Metaspace       used 34374K, committed 35200K, reserved 1114112K
[2025-06-18T00:04:27.546+0300][14400][7356 ][debug][gc,heap  ] GC(34)   class space    used 2861K, committed 3264K, reserved 1048576K
[2025-06-18T00:04:27.546+0300][14400][20600][debug][safepoint] Safepoint synchronization initiated using striped semaphore wait barrier. (32 threads)
[2025-06-18T00:04:27.546+0300][14400][21760][debug][safepoint] ... found polling page loop exception at pc = 0x000001bef442fcf1, stub =0x000001bef3ab5b00
[2025-06-18T00:04:27.546+0300][14400][20600][info ][gc,phases] GC(34) Pause Mark Start 0.014ms
[2025-06-18T00:04:27.546+0300][14400][20600][info ][safepoint] Safepoint "XMarkStart", Time since last: 6670709300 ns, Reaching safepoint: 232900 ns, Cleanup: 23500 ns, At safepoint: 141700 ns, Total: 398100 ns
[2025-06-18T00:04:27.564+0300][14400][12384][debug][safepoint] ... found polling page loop exception at pc = 0x000001bef444f1e9, stub =0x000001bef3ab5280
[2025-06-18T00:04:27.564+0300][14400][12708][debug][safepoint] ... found polling page loop exception at pc = 0x000001bef444f1e9, stub =0x000001bef3ab5280
[2025-06-18T00:04:27.564+0300][14400][14668][debug][safepoint] ... found polling page loop exception at pc = 0x000001bef42604a9, stub =0x000001bef3ab5280
[2025-06-18T00:04:27.564+0300][14400][14648][debug][safepoint] ... found polling page loop exception at pc = 0x000001bef460635f, stub =0x000001bef3ab5280
[2025-06-18T00:04:27.564+0300][14400][10940][debug][safepoint] ... found polling page loop exception at pc = 0x000001bef43048a5, stub =0x000001bef3ab5b00
[2025-06-18T00:04:27.580+0300][14400][7356 ][info ][gc,phases] GC(34) Concurrent Mark 33.838ms
[2025-06-18T00:04:27.580+0300][14400][20600][debug][safepoint] Safepoint synchronization initiated using striped semaphore wait barrier. (32 threads)
[2025-06-18T00:04:27.580+0300][14400][20600][info ][gc,phases] GC(34) Pause Mark End 0.021ms
[2025-06-18T00:04:27.580+0300][14400][20600][info ][safepoint] Safepoint "XMarkEnd", Time since last: 34072200 ns, Reaching safepoint: 40900 ns, Cleanup: 5800 ns, At safepoint: 50100 ns, Total: 96800 ns
[2025-06-18T00:04:27.580+0300][14400][7356 ][info ][gc,phases] GC(34) Concurrent Mark Free 0.001ms
[2025-06-18T00:04:27.580+0300][14400][7356 ][debug][gc,phases] GC(34) Concurrent References Process 0.138ms
[2025-06-18T00:04:27.580+0300][14400][7356 ][debug][gc,phases] GC(34) ClassLoaderData 0.032ms
[2025-06-18T00:04:27.580+0300][14400][7356 ][debug][gc,phases] GC(34) Trigger cleanups 0.000ms
[2025-06-18T00:04:27.586+0300][14400][7356 ][debug][gc,phases] GC(34) Concurrent Classes Unlink 6.648ms
[2025-06-18T00:04:27.586+0300][14400][7356 ][debug][gc,phases] GC(34) Concurrent Classes Purge 0.024ms
[2025-06-18T00:04:27.586+0300][14400][7356 ][debug][gc,phases] GC(34) Concurrent References Enqueue 0.003ms
[2025-06-18T00:04:27.586+0300][14400][7356 ][info ][gc,phases] GC(34) Concurrent Process Non-Strong References 7.754ms
[2025-06-18T00:04:27.586+0300][14400][7356 ][info ][gc,phases] GC(34) Concurrent Reset Relocation Set 0.002ms
[2025-06-18T00:04:27.586+0300][14400][7356 ][info ][gc,phases] GC(34) Concurrent Select Relocation Set 1.057ms
[2025-06-18T00:04:27.586+0300][14400][20600][debug][safepoint] Safepoint synchronization initiated using striped semaphore wait barrier. (32 threads)
[2025-06-18T00:04:27.586+0300][14400][20600][info ][gc,phases] GC(34) Pause Relocate Start 0.006ms
[2025-06-18T00:04:27.586+0300][14400][20600][info ][safepoint] Safepoint "XRelocateStart", Time since last: 9012500 ns, Reaching safepoint: 22700 ns, Cleanup: 3400 ns, At safepoint: 19000 ns, Total: 45100 ns
[2025-06-18T00:04:27.586+0300][14400][7356 ][info ][gc,phases] GC(34) Concurrent Relocate 0.697ms
[2025-06-18T00:04:27.586+0300][14400][7356 ][debug][gc,heap  ] GC(34) Heap after GC invocations=35 (full 35):
[2025-06-18T00:04:27.586+0300][14400][7356 ][debug][gc,heap  ] GC(34)  ZHeap           used 66M, capacity 2048M, max capacity 2048M
[2025-06-18T00:04:27.586+0300][14400][7356 ][debug][gc,heap  ] GC(34)  Metaspace       used 34374K, committed 35200K, reserved 1114112K
[2025-06-18T00:04:27.586+0300][14400][7356 ][debug][gc,heap  ] GC(34)   class space    used 2861K, committed 3264K, reserved 1048576K
[2025-06-18T00:04:27.586+0300][14400][7356 ][info ][gc,heap  ] GC(34) Min Capacity: 2048M(100%)
[2025-06-18T00:04:27.586+0300][14400][7356 ][info ][gc,heap  ] GC(34) Max Capacity: 2048M(100%)
[2025-06-18T00:04:27.586+0300][14400][7356 ][info ][gc,heap  ] GC(34) Soft Max Capacity: 2048M(100%)
[2025-06-18T00:04:27.586+0300][14400][7356 ][info ][gc,heap  ] GC(34)                Mark Start          Mark End        Relocate Start      Relocate End           High               Low         
[2025-06-18T00:04:27.586+0300][14400][7356 ][info ][gc,heap  ] GC(34)  Capacity:     2048M (100%)       2048M (100%)       2048M (100%)       2048M (100%)       2048M (100%)       2048M (100%)   
[2025-06-18T00:04:27.586+0300][14400][7356 ][info ][gc,heap  ] GC(34)      Free:     1776M (87%)        1764M (86%)        1910M (93%)        1982M (97%)        1982M (97%)        1764M (86%)    
[2025-06-18T00:04:27.586+0300][14400][7356 ][info ][gc,heap  ] GC(34)      Used:      272M (13%)         284M (14%)         138M (7%)           66M (3%)          284M (14%)          66M (3%)     
[2025-06-18T00:04:27.586+0300][14400][7356 ][info ][gc,heap  ] GC(34)      Live:         -                18M (1%)           18M (1%)           18M (1%)             -                  -          
[2025-06-18T00:04:27.586+0300][14400][7356 ][info ][gc,heap  ] GC(34) Allocated:         -                12M (1%)           12M (1%)           12M (1%)             -                  -          
[2025-06-18T00:04:27.586+0300][14400][7356 ][info ][gc,heap  ] GC(34)   Garbage:         -               253M (12%)         107M (5%)           35M (2%)             -                  -          
[2025-06-18T00:04:27.586+0300][14400][7356 ][info ][gc,heap  ] GC(34) Reclaimed:         -                  -               146M (7%)          218M (11%)            -                  -          
[2025-06-18T00:04:27.586+0300][14400][7356 ][info ][gc       ] GC(34) Garbage Collection (Proactive) 272M(13%)->66M(3%)
[2025-06-18T00:04:32.613+0300][14400][20600][debug][safepoint] Safepoint synchronization initiated using striped semaphore wait barrier. (32 threads)
[2025-06-18T00:04:32.613+0300][14400][20600][info ][safepoint] Safepoint "Cleanup", Time since last: 5023065400 ns, Reaching safepoint: 136100 ns, Cleanup: 52600 ns, At safepoint: 22200 ns, Total: 210900 ns
[2025-06-18T00:04:34.346+0300][14400][7356 ][debug][gc,heap  ] GC(35) Heap before GC invocations=35 (full 35):
[2025-06-18T00:04:34.346+0300][14400][7356 ][debug][gc,heap  ] GC(35)  ZHeap           used 278M, capacity 2048M, max capacity 2048M
[2025-06-18T00:04:34.346+0300][14400][7356 ][debug][gc,heap  ] GC(35)  Metaspace       used 34374K, committed 35200K, reserved 1114112K
[2025-06-18T00:04:34.346+0300][14400][7356 ][debug][gc,heap  ] GC(35)   class space    used 2861K, committed 3264K, reserved 1048576K
[2025-06-18T00:04:34.346+0300][14400][20600][debug][safepoint] Safepoint synchronization initiated using striped semaphore wait barrier. (32 threads)
[2025-06-18T00:04:34.346+0300][14400][15940][debug][safepoint] ... found polling page loop exception at pc = 0x000001bef4881e47, stub =0x000001bef3ab5b00
[2025-06-18T00:04:34.346+0300][14400][18024][debug][safepoint] ... found polling page loop exception at pc = 0x000001bef471a03e, stub =0x000001bef3ab5b00
[2025-06-18T00:04:34.346+0300][14400][20600][info ][gc,phases] GC(35) Pause Mark Start 0.011ms
[2025-06-18T00:04:34.346+0300][14400][20600][info ][safepoint] Safepoint "XMarkStart", Time since last: 1733940000 ns, Reaching safepoint: 342800 ns, Cleanup: 8800 ns, At safepoint: 77800 ns, Total: 429400 ns
[2025-06-18T00:04:34.365+0300][14400][7356 ][info ][gc,phases] GC(35) Concurrent Mark 18.069ms
[2025-06-18T00:04:34.365+0300][14400][20600][debug][safepoint] Safepoint synchronization initiated using striped semaphore wait barrier. (32 threads)
[2025-06-18T00:04:34.366+0300][14400][20600][info ][gc,phases] GC(35) Pause Mark End 0.015ms
[2025-06-18T00:04:34.366+0300][14400][20600][info ][safepoint] Safepoint "XMarkEnd", Time since last: 18281400 ns, Reaching safepoint: 47300 ns, Cleanup: 11400 ns, At safepoint: 50400 ns, Total: 109100 ns
[2025-06-18T00:04:34.366+0300][14400][7356 ][info ][gc,phases] GC(35) Concurrent Mark Free 0.001ms
[2025-06-18T00:04:34.366+0300][14400][7356 ][debug][gc,phases] GC(35) Concurrent References Process 0.173ms
[2025-06-18T00:04:34.366+0300][14400][7356 ][debug][gc,phases] GC(35) ClassLoaderData 0.041ms
[2025-06-18T00:04:34.366+0300][14400][7356 ][debug][gc,phases] GC(35) Trigger cleanups 0.000ms
[2025-06-18T00:04:34.372+0300][14400][7356 ][debug][gc,phases] GC(35) Concurrent Classes Unlink 6.912ms
[2025-06-18T00:04:34.372+0300][14400][7356 ][debug][gc,phases] GC(35) Concurrent Classes Purge 0.031ms
[2025-06-18T00:04:34.372+0300][14400][7356 ][debug][gc,phases] GC(35) Concurrent References Enqueue 0.001ms
[2025-06-18T00:04:34.372+0300][14400][7356 ][info ][gc,phases] GC(35) Concurrent Process Non-Strong References 7.990ms
[2025-06-18T00:04:34.372+0300][14400][7356 ][info ][gc,phases] GC(35) Concurrent Reset Relocation Set 0.002ms
[2025-06-18T00:04:34.372+0300][14400][7356 ][info ][gc,phases] GC(35) Concurrent Select Relocation Set 1.200ms
[2025-06-18T00:04:34.372+0300][14400][20600][debug][safepoint] Safepoint synchronization initiated using striped semaphore wait barrier. (32 threads)
[2025-06-18T00:04:34.372+0300][14400][20600][info ][gc,phases] GC(35) Pause Relocate Start 0.006ms
[2025-06-18T00:04:34.372+0300][14400][20600][info ][safepoint] Safepoint "XRelocateStart", Time since last: 9374200 ns, Reaching safepoint: 22200 ns, Cleanup: 3400 ns, At safepoint: 18200 ns, Total: 43800 ns
[2025-06-18T00:04:34.372+0300][14400][7356 ][info ][gc,phases] GC(35) Concurrent Relocate 0.721ms
[2025-06-18T00:04:34.372+0300][14400][7356 ][debug][gc,heap  ] GC(35) Heap after GC invocations=36 (full 36):
[2025-06-18T00:04:34.372+0300][14400][7356 ][debug][gc,heap  ] GC(35)  ZHeap           used 68M, capacity 2048M, max capacity 2048M
[2025-06-18T00:04:34.372+0300][14400][7356 ][debug][gc,heap  ] GC(35)  Metaspace       used 34374K, committed 35200K, reserved 1114112K
[2025-06-18T00:04:34.372+0300][14400][7356 ][debug][gc,heap  ] GC(35)   class space    used 2861K, committed 3264K, reserved 1048576K
[2025-06-18T00:04:34.372+0300][14400][7356 ][info ][gc,heap  ] GC(35) Min Capacity: 2048M(100%)
[2025-06-18T00:04:34.372+0300][14400][7356 ][info ][gc,heap  ] GC(35) Max Capacity: 2048M(100%)
[2025-06-18T00:04:34.372+0300][14400][7356 ][info ][gc,heap  ] GC(35) Soft Max Capacity: 2048M(100%)
[2025-06-18T00:04:34.372+0300][14400][7356 ][info ][gc,heap  ] GC(35)                Mark Start          Mark End        Relocate Start      Relocate End           High               Low         
[2025-06-18T00:04:34.372+0300][14400][7356 ][info ][gc,heap  ] GC(35)  Capacity:     2048M (100%)       2048M (100%)       2048M (100%)       2048M (100%)       2048M (100%)       2048M (100%)   
[2025-06-18T00:04:34.372+0300][14400][7356 ][info ][gc,heap  ] GC(35)      Free:     1770M (86%)        1756M (86%)        1900M (93%)        1980M (97%)        1980M (97%)        1756M (86%)    
[2025-06-18T00:04:34.372+0300][14400][7356 ][info ][gc,heap  ] GC(35)      Used:      278M (14%)         292M (14%)         148M (7%)           68M (3%)          292M (14%)          68M (3%)     
[2025-06-18T00:04:34.372+0300][14400][7356 ][info ][gc,heap  ] GC(35)      Live:         -                18M (1%)           18M (1%)           18M (1%)             -                  -          
[2025-06-18T00:04:34.372+0300][14400][7356 ][info ][gc,heap  ] GC(35) Allocated:         -                14M (1%)           14M (1%)           14M (1%)             -                  -          
[2025-06-18T00:04:34.372+0300][14400][7356 ][info ][gc,heap  ] GC(35)   Garbage:         -               259M (13%)         115M (6%)           35M (2%)             -                  -          
[2025-06-18T00:04:34.372+0300][14400][7356 ][info ][gc,heap  ] GC(35) Reclaimed:         -                  -               144M (7%)          224M (11%)            -                  -          
[2025-06-18T00:04:34.372+0300][14400][7356 ][info ][gc       ] GC(35) Garbage Collection (Proactive) 278M(14%)->68M(3%)
[2025-06-18T00:04:35.647+0300][14400][15940][debug][safepoint] ... found polling page loop exception at pc = 0x000001bef45e75c3, stub =0x000001bef3ab5b00
[2025-06-18T00:04:36.661+0300][14400][20600][debug][safepoint] Safepoint synchronization initiated using striped semaphore wait barrier. (32 threads)
[2025-06-18T00:04:36.661+0300][14400][7408 ][debug][safepoint] ... found polling page loop exception at pc = 0x000001bef4503f37, stub =0x000001bef3ab5b00
[2025-06-18T00:04:36.661+0300][14400][20600][info ][safepoint] Safepoint "Cleanup", Time since last: 2285962000 ns, Reaching safepoint: 294900 ns, Cleanup: 17600 ns, At safepoint: 43100 ns, Total: 355600 ns
[2025-06-18T00:04:40.710+0300][14400][20600][debug][safepoint] Safepoint synchronization initiated using striped semaphore wait barrier. (32 threads)
[2025-06-18T00:04:40.710+0300][14400][3840 ][debug][safepoint] ... found polling page loop exception at pc = 0x000001bef442cb97, stub =0x000001bef3ab5b00
[2025-06-18T00:04:40.710+0300][14400][20600][info ][safepoint] Safepoint "Cleanup", Time since last: 4049014200 ns, Reaching safepoint: 316100 ns, Cleanup: 53100 ns, At safepoint: 16400 ns, Total: 385600 ns
[2025-06-18T00:04:41.043+0300][14400][7356 ][debug][gc,heap  ] GC(36) Heap before GC invocations=36 (full 36):
[2025-06-18T00:04:41.043+0300][14400][7356 ][debug][gc,heap  ] GC(36)  ZHeap           used 276M, capacity 2048M, max capacity 2048M
[2025-06-18T00:04:41.043+0300][14400][7356 ][debug][gc,heap  ] GC(36)  Metaspace       used 34375K, committed 35200K, reserved 1114112K
[2025-06-18T00:04:41.043+0300][14400][7356 ][debug][gc,heap  ] GC(36)   class space    used 2861K, committed 3264K, reserved 1048576K
[2025-06-18T00:04:41.043+0300][14400][20600][debug][safepoint] Safepoint synchronization initiated using striped semaphore wait barrier. (32 threads)
[2025-06-18T00:04:41.043+0300][14400][7408 ][debug][safepoint] ... found polling page loop exception at pc = 0x000001bef46c40b7, stub =0x000001bef3ab5b00
[2025-06-18T00:04:41.043+0300][14400][20600][info ][gc,phases] GC(36) Pause Mark Start 0.013ms
[2025-06-18T00:04:41.043+0300][14400][20600][info ][safepoint] Safepoint "XMarkStart", Time since last: 332525100 ns, Reaching safepoint: 230200 ns, Cleanup: 8200 ns, At safepoint: 92800 ns, Total: 331200 ns
[2025-06-18T00:04:41.059+0300][14400][7356 ][info ][gc,phases] GC(36) Concurrent Mark 14.982ms
[2025-06-18T00:04:41.059+0300][14400][20600][debug][safepoint] Safepoint synchronization initiated using striped semaphore wait barrier. (32 threads)
[2025-06-18T00:04:41.059+0300][14400][20600][info ][gc,phases] GC(36) Pause Mark End 0.015ms
[2025-06-18T00:04:41.059+0300][14400][20600][info ][safepoint] Safepoint "XMarkEnd", Time since last: 15214900 ns, Reaching safepoint: 56400 ns, Cleanup: 7800 ns, At safepoint: 50700 ns, Total: 114900 ns
[2025-06-18T00:04:41.059+0300][14400][7356 ][info ][gc,phases] GC(36) Concurrent Mark Free 0.001ms
[2025-06-18T00:04:41.059+0300][14400][7356 ][debug][gc,phases] GC(36) Concurrent References Process 0.094ms
[2025-06-18T00:04:41.059+0300][14400][7356 ][debug][gc,phases] GC(36) ClassLoaderData 0.033ms
[2025-06-18T00:04:41.059+0300][14400][7356 ][debug][gc,phases] GC(36) Trigger cleanups 0.000ms
[2025-06-18T00:04:41.064+0300][14400][7356 ][debug][gc,phases] GC(36) Concurrent Classes Unlink 6.511ms
[2025-06-18T00:04:41.064+0300][14400][7356 ][debug][gc,phases] GC(36) Concurrent Classes Purge 0.029ms
[2025-06-18T00:04:41.064+0300][14400][7356 ][debug][gc,phases] GC(36) Concurrent References Enqueue 0.001ms
[2025-06-18T00:04:41.064+0300][14400][7356 ][info ][gc,phases] GC(36) Concurrent Process Non-Strong References 7.512ms
[2025-06-18T00:04:41.064+0300][14400][7356 ][info ][gc,phases] GC(36) Concurrent Reset Relocation Set 0.002ms
[2025-06-18T00:04:41.064+0300][14400][7356 ][info ][gc,phases] GC(36) Concurrent Select Relocation Set 1.093ms
[2025-06-18T00:04:41.064+0300][14400][20600][debug][safepoint] Safepoint synchronization initiated using striped semaphore wait barrier. (32 threads)
[2025-06-18T00:04:41.064+0300][14400][20600][info ][gc,phases] GC(36) Pause Relocate Start 0.007ms
[2025-06-18T00:04:41.064+0300][14400][20600][info ][safepoint] Safepoint "XRelocateStart", Time since last: 8785400 ns, Reaching safepoint: 21900 ns, Cleanup: 3200 ns, At safepoint: 19300 ns, Total: 44400 ns
[2025-06-18T00:04:41.064+0300][14400][7356 ][info ][gc,phases] GC(36) Concurrent Relocate 0.720ms
[2025-06-18T00:04:41.064+0300][14400][7356 ][debug][gc,heap  ] GC(36) Heap after GC invocations=37 (full 37):
[2025-06-18T00:04:41.064+0300][14400][7356 ][debug][gc,heap  ] GC(36)  ZHeap           used 68M, capacity 2048M, max capacity 2048M
[2025-06-18T00:04:41.064+0300][14400][7356 ][debug][gc,heap  ] GC(36)  Metaspace       used 34375K, committed 35200K, reserved 1114112K
[2025-06-18T00:04:41.064+0300][14400][7356 ][debug][gc,heap  ] GC(36)   class space    used 2861K, committed 3264K, reserved 1048576K
[2025-06-18T00:04:41.064+0300][14400][7356 ][info ][gc,heap  ] GC(36) Min Capacity: 2048M(100%)
[2025-06-18T00:04:41.064+0300][14400][7356 ][info ][gc,heap  ] GC(36) Max Capacity: 2048M(100%)
[2025-06-18T00:04:41.064+0300][14400][7356 ][info ][gc,heap  ] GC(36) Soft Max Capacity: 2048M(100%)
[2025-06-18T00:04:41.064+0300][14400][7356 ][info ][gc,heap  ] GC(36)                Mark Start          Mark End        Relocate Start      Relocate End           High               Low         
[2025-06-18T00:04:41.064+0300][14400][7356 ][info ][gc,heap  ] GC(36)  Capacity:     2048M (100%)       2048M (100%)       2048M (100%)       2048M (100%)       2048M (100%)       2048M (100%)   
[2025-06-18T00:04:41.064+0300][14400][7356 ][info ][gc,heap  ] GC(36)      Free:     1772M (87%)        1758M (86%)        1890M (92%)        1980M (97%)        1980M (97%)        1758M (86%)    
[2025-06-18T00:04:41.064+0300][14400][7356 ][info ][gc,heap  ] GC(36)      Used:      276M (13%)         290M (14%)         158M (8%)           68M (3%)          290M (14%)          68M (3%)     
[2025-06-18T00:04:41.064+0300][14400][7356 ][info ][gc,heap  ] GC(36)      Live:         -                18M (1%)           18M (1%)           18M (1%)             -                  -          
[2025-06-18T00:04:41.064+0300][14400][7356 ][info ][gc,heap  ] GC(36) Allocated:         -                14M (1%)           14M (1%)           14M (1%)             -                  -          
[2025-06-18T00:04:41.064+0300][14400][7356 ][info ][gc,heap  ] GC(36)   Garbage:         -               257M (13%)         125M (6%)           35M (2%)             -                  -          
[2025-06-18T00:04:41.064+0300][14400][7356 ][info ][gc,heap  ] GC(36) Reclaimed:         -                  -               132M (6%)          222M (11%)            -                  -          
[2025-06-18T00:04:41.064+0300][14400][7356 ][info ][gc       ] GC(36) Garbage Collection (Proactive) 276M(13%)->68M(3%)
[2025-06-18T00:04:43.081+0300][14400][20600][debug][safepoint] Safepoint synchronization initiated using striped semaphore wait barrier. (32 threads)
[2025-06-18T00:04:43.081+0300][14400][3672 ][debug][safepoint] ... found polling page loop exception at pc = 0x000001bef4723b1e, stub =0x000001bef3ab5b00
[2025-06-18T00:04:43.081+0300][14400][20600][info ][safepoint] Safepoint "Cleanup", Time since last: 2014084900 ns, Reaching safepoint: 314300 ns, Cleanup: 16200 ns, At safepoint: 10400 ns, Total: 340900 ns
[2025-06-18T00:04:44.082+0300][14400][20600][debug][safepoint] Safepoint synchronization initiated using striped semaphore wait barrier. (32 threads)
[2025-06-18T00:04:44.083+0300][14400][20600][info ][safepoint] Safepoint "Cleanup", Time since last: 1000276900 ns, Reaching safepoint: 140200 ns, Cleanup: 46900 ns, At safepoint: 15900 ns, Total: 203000 ns
[2025-06-18T00:04:45.084+0300][14400][20600][debug][safepoint] Safepoint synchronization initiated using striped semaphore wait barrier. (32 threads)
[2025-06-18T00:04:45.084+0300][14400][20600][info ][safepoint] Safepoint "Cleanup", Time since last: 1002021500 ns, Reaching safepoint: 157400 ns, Cleanup: 32800 ns, At safepoint: 27300 ns, Total: 217500 ns
[2025-06-18T00:04:46.100+0300][14400][20600][debug][safepoint] Safepoint synchronization initiated using striped semaphore wait barrier. (32 threads)
[2025-06-18T00:04:46.100+0300][14400][20600][info ][safepoint] Safepoint "Cleanup", Time since last: 1015329600 ns, Reaching safepoint: 171800 ns, Cleanup: 49800 ns, At safepoint: 13800 ns, Total: 235400 ns
[2025-06-18T00:04:47.745+0300][14400][7356 ][debug][gc,heap  ] GC(37) Heap before GC invocations=37 (full 37):
[2025-06-18T00:04:47.745+0300][14400][7356 ][debug][gc,heap  ] GC(37)  ZHeap           used 278M, capacity 2048M, max capacity 2048M
[2025-06-18T00:04:47.745+0300][14400][7356 ][debug][gc,heap  ] GC(37)  Metaspace       used 34375K, committed 35200K, reserved 1114112K
[2025-06-18T00:04:47.745+0300][14400][7356 ][debug][gc,heap  ] GC(37)   class space    used 2861K, committed 3264K, reserved 1048576K
[2025-06-18T00:04:47.745+0300][14400][20600][debug][safepoint] Safepoint synchronization initiated using striped semaphore wait barrier. (32 threads)
[2025-06-18T00:04:47.745+0300][14400][3840 ][debug][safepoint] ... found polling page loop exception at pc = 0x000001bef45002c9, stub =0x000001bef3ab5b00
[2025-06-18T00:04:47.745+0300][14400][20600][info ][gc,phases] GC(37) Pause Mark Start 0.010ms
[2025-06-18T00:04:47.745+0300][14400][20600][info ][safepoint] Safepoint "XMarkStart", Time since last: 1645190900 ns, Reaching safepoint: 207700 ns, Cleanup: 7900 ns, At safepoint: 94600 ns, Total: 310200 ns
[2025-06-18T00:04:47.763+0300][14400][7356 ][info ][gc,phases] GC(37) Concurrent Mark 16.977ms
[2025-06-18T00:04:47.763+0300][14400][20600][debug][safepoint] Safepoint synchronization initiated using striped semaphore wait barrier. (32 threads)
[2025-06-18T00:04:47.763+0300][14400][20600][info ][gc,phases] GC(37) Pause Mark End 0.014ms
[2025-06-18T00:04:47.763+0300][14400][20600][info ][safepoint] Safepoint "XMarkEnd", Time since last: 17186400 ns, Reaching safepoint: 53500 ns, Cleanup: 20000 ns, At safepoint: 37500 ns, Total: 111000 ns
[2025-06-18T00:04:47.763+0300][14400][7356 ][info ][gc,phases] GC(37) Concurrent Mark Free 0.001ms
[2025-06-18T00:04:47.763+0300][14400][7356 ][debug][gc,phases] GC(37) Concurrent References Process 0.126ms
[2025-06-18T00:04:47.763+0300][14400][7356 ][debug][gc,phases] GC(37) ClassLoaderData 0.036ms
[2025-06-18T00:04:47.763+0300][14400][7356 ][debug][gc,phases] GC(37) Trigger cleanups 0.000ms
[2025-06-18T00:04:47.763+0300][14400][7356 ][debug][gc,phases] GC(37) Concurrent Classes Unlink 6.340ms
[2025-06-18T00:04:47.763+0300][14400][7356 ][debug][gc,phases] GC(37) Concurrent Classes Purge 0.048ms
[2025-06-18T00:04:47.763+0300][14400][7356 ][debug][gc,phases] GC(37) Concurrent References Enqueue 0.000ms
[2025-06-18T00:04:47.763+0300][14400][7356 ][info ][gc,phases] GC(37) Concurrent Process Non-Strong References 7.463ms
[2025-06-18T00:04:47.763+0300][14400][7356 ][info ][gc,phases] GC(37) Concurrent Reset Relocation Set 0.002ms
[2025-06-18T00:04:47.763+0300][14400][7356 ][info ][gc,phases] GC(37) Concurrent Select Relocation Set 1.038ms
[2025-06-18T00:04:47.763+0300][14400][20600][debug][safepoint] Safepoint synchronization initiated using striped semaphore wait barrier. (32 threads)
[2025-06-18T00:04:47.763+0300][14400][20600][info ][gc,phases] GC(37) Pause Relocate Start 0.006ms
[2025-06-18T00:04:47.763+0300][14400][20600][info ][safepoint] Safepoint "XRelocateStart", Time since last: 8693900 ns, Reaching safepoint: 23500 ns, Cleanup: 4700 ns, At safepoint: 19400 ns, Total: 47600 ns
[2025-06-18T00:04:47.763+0300][14400][7356 ][info ][gc,phases] GC(37) Concurrent Relocate 0.749ms
[2025-06-18T00:04:47.763+0300][14400][7356 ][debug][gc,heap  ] GC(37) Heap after GC invocations=38 (full 38):
[2025-06-18T00:04:47.763+0300][14400][7356 ][debug][gc,heap  ] GC(37)  ZHeap           used 68M, capacity 2048M, max capacity 2048M
[2025-06-18T00:04:47.763+0300][14400][7356 ][debug][gc,heap  ] GC(37)  Metaspace       used 34375K, committed 35200K, reserved 1114112K
[2025-06-18T00:04:47.763+0300][14400][7356 ][debug][gc,heap  ] GC(37)   class space    used 2861K, committed 3264K, reserved 1048576K
[2025-06-18T00:04:47.763+0300][14400][7356 ][info ][gc,heap  ] GC(37) Min Capacity: 2048M(100%)
[2025-06-18T00:04:47.763+0300][14400][7356 ][info ][gc,heap  ] GC(37) Max Capacity: 2048M(100%)
[2025-06-18T00:04:47.763+0300][14400][7356 ][info ][gc,heap  ] GC(37) Soft Max Capacity: 2048M(100%)
[2025-06-18T00:04:47.763+0300][14400][7356 ][info ][gc,heap  ] GC(37)                Mark Start          Mark End        Relocate Start      Relocate End           High               Low         
[2025-06-18T00:04:47.763+0300][14400][7356 ][info ][gc,heap  ] GC(37)  Capacity:     2048M (100%)       2048M (100%)       2048M (100%)       2048M (100%)       2048M (100%)       2048M (100%)   
[2025-06-18T00:04:47.763+0300][14400][7356 ][info ][gc,heap  ] GC(37)      Free:     1770M (86%)        1756M (86%)        1906M (93%)        1980M (97%)        1980M (97%)        1756M (86%)    
[2025-06-18T00:04:47.763+0300][14400][7356 ][info ][gc,heap  ] GC(37)      Used:      278M (14%)         292M (14%)         142M (7%)           68M (3%)          292M (14%)          68M (3%)     
[2025-06-18T00:04:47.763+0300][14400][7356 ][info ][gc,heap  ] GC(37)      Live:         -                18M (1%)           18M (1%)           18M (1%)             -                  -          
[2025-06-18T00:04:47.763+0300][14400][7356 ][info ][gc,heap  ] GC(37) Allocated:         -                14M (1%)           14M (1%)           14M (1%)             -                  -          
[2025-06-18T00:04:47.763+0300][14400][7356 ][info ][gc,heap  ] GC(37)   Garbage:         -               259M (13%)         109M (5%)           35M (2%)             -                  -          
[2025-06-18T00:04:47.763+0300][14400][7356 ][info ][gc,heap  ] GC(37) Reclaimed:         -                  -               150M (7%)          224M (11%)            -                  -          
[2025-06-18T00:04:47.763+0300][14400][7356 ][info ][gc       ] GC(37) Garbage Collection (Proactive) 278M(14%)->68M(3%)
[2025-06-18T00:04:48.774+0300][14400][20600][debug][safepoint] Safepoint synchronization initiated using striped semaphore wait barrier. (32 threads)
[2025-06-18T00:04:48.774+0300][14400][20600][info ][safepoint] Safepoint "Cleanup", Time since last: 1001913000 ns, Reaching safepoint: 149400 ns, Cleanup: 36100 ns, At safepoint: 21000 ns, Total: 206500 ns
[2025-06-18T00:04:49.778+0300][14400][20600][debug][safepoint] Safepoint synchronization initiated using striped semaphore wait barrier. (32 threads)
[2025-06-18T00:04:49.778+0300][14400][20600][info ][safepoint] Safepoint "Cleanup", Time since last: 1003855400 ns, Reaching safepoint: 204500 ns, Cleanup: 29200 ns, At safepoint: 38600 ns, Total: 272300 ns
[2025-06-18T00:04:51.792+0300][14400][20600][debug][safepoint] Safepoint synchronization initiated using striped semaphore wait barrier. (32 threads)
[2025-06-18T00:04:51.792+0300][14400][18024][debug][safepoint] ... found polling page loop exception at pc = 0x000001bef4503a3a, stub =0x000001bef3ab5b00
[2025-06-18T00:04:51.792+0300][14400][15940][debug][safepoint] ... found polling page loop exception at pc = 0x000001bef45b9aaa, stub =0x000001bef3ab5b00
[2025-06-18T00:04:51.792+0300][14400][20600][info ][safepoint] Safepoint "Cleanup", Time since last: 2013684300 ns, Reaching safepoint: 383700 ns, Cleanup: 18300 ns, At safepoint: 29700 ns, Total: 431700 ns
[2025-06-18T00:04:54.541+0300][14400][7356 ][debug][gc,heap  ] GC(38) Heap before GC invocations=38 (full 38):
[2025-06-18T00:04:54.541+0300][14400][7356 ][debug][gc,heap  ] GC(38)  ZHeap           used 274M, capacity 2048M, max capacity 2048M
[2025-06-18T00:04:54.541+0300][14400][7356 ][debug][gc,heap  ] GC(38)  Metaspace       used 34376K, committed 35200K, reserved 1114112K
[2025-06-18T00:04:54.541+0300][14400][7356 ][debug][gc,heap  ] GC(38)   class space    used 2861K, committed 3264K, reserved 1048576K
[2025-06-18T00:04:54.541+0300][14400][20600][debug][safepoint] Safepoint synchronization initiated using striped semaphore wait barrier. (32 threads)
[2025-06-18T00:04:54.541+0300][14400][18024][debug][safepoint] ... found polling page loop exception at pc = 0x000001bef45b9aaa, stub =0x000001bef3ab5b00
[2025-06-18T00:04:54.541+0300][14400][7408 ][debug][safepoint] ... found polling page loop exception at pc = 0x000001bef45e75c3, stub =0x000001bef3ab5b00
[2025-06-18T00:04:54.541+0300][14400][3700 ][debug][safepoint] ... found polling page loop exception at pc = 0x000001bef42399f4, stub =0x000001bef3ab5280
[2025-06-18T00:04:54.541+0300][14400][20600][info ][gc,phases] GC(38) Pause Mark Start 0.014ms
[2025-06-18T00:04:54.541+0300][14400][20600][info ][safepoint] Safepoint "XMarkStart", Time since last: 2749419500 ns, Reaching safepoint: 424400 ns, Cleanup: 22800 ns, At safepoint: 113300 ns, Total: 560500 ns
[2025-06-18T00:04:54.558+0300][14400][7356 ][info ][gc,phases] GC(38) Concurrent Mark 15.117ms
[2025-06-18T00:04:54.558+0300][14400][20600][debug][safepoint] Safepoint synchronization initiated using striped semaphore wait barrier. (32 threads)
[2025-06-18T00:04:54.558+0300][14400][20600][info ][gc,phases] GC(38) Pause Mark End 0.013ms
[2025-06-18T00:04:54.558+0300][14400][20600][info ][safepoint] Safepoint "XMarkEnd", Time since last: 15321600 ns, Reaching safepoint: 23800 ns, Cleanup: 3900 ns, At safepoint: 30800 ns, Total: 58500 ns
[2025-06-18T00:04:54.558+0300][14400][7356 ][info ][gc,phases] GC(38) Concurrent Mark Free 0.001ms
[2025-06-18T00:04:54.558+0300][14400][7356 ][debug][gc,phases] GC(38) Concurrent References Process 0.100ms
[2025-06-18T00:04:54.558+0300][14400][7356 ][debug][gc,phases] GC(38) ClassLoaderData 0.029ms
[2025-06-18T00:04:54.558+0300][14400][7356 ][debug][gc,phases] GC(38) Trigger cleanups 0.000ms
[2025-06-18T00:04:54.558+0300][14400][7356 ][debug][gc,phases] GC(38) Concurrent Classes Unlink 5.134ms
[2025-06-18T00:04:54.558+0300][14400][7356 ][debug][gc,phases] GC(38) Concurrent Classes Purge 0.061ms
[2025-06-18T00:04:54.558+0300][14400][7356 ][debug][gc,phases] GC(38) Concurrent References Enqueue 0.004ms
[2025-06-18T00:04:54.558+0300][14400][7356 ][info ][gc,phases] GC(38) Concurrent Process Non-Strong References 6.037ms
[2025-06-18T00:04:54.558+0300][14400][7356 ][info ][gc,phases] GC(38) Concurrent Reset Relocation Set 0.002ms
[2025-06-18T00:04:54.558+0300][14400][7356 ][info ][gc,phases] GC(38) Concurrent Select Relocation Set 1.045ms
[2025-06-18T00:04:54.558+0300][14400][20600][debug][safepoint] Safepoint synchronization initiated using striped semaphore wait barrier. (32 threads)
[2025-06-18T00:04:54.558+0300][14400][20600][info ][gc,phases] GC(38) Pause Relocate Start 0.005ms
[2025-06-18T00:04:54.558+0300][14400][20600][info ][safepoint] Safepoint "XRelocateStart", Time since last: 7256000 ns, Reaching safepoint: 22900 ns, Cleanup: 7600 ns, At safepoint: 18300 ns, Total: 48800 ns
[2025-06-18T00:04:54.558+0300][14400][7356 ][info ][gc,phases] GC(38) Concurrent Relocate 0.696ms
[2025-06-18T00:04:54.558+0300][14400][7356 ][debug][gc,heap  ] GC(38) Heap after GC invocations=39 (full 39):
[2025-06-18T00:04:54.558+0300][14400][7356 ][debug][gc,heap  ] GC(38)  ZHeap           used 66M, capacity 2048M, max capacity 2048M
[2025-06-18T00:04:54.558+0300][14400][7356 ][debug][gc,heap  ] GC(38)  Metaspace       used 34376K, committed 35200K, reserved 1114112K
[2025-06-18T00:04:54.558+0300][14400][7356 ][debug][gc,heap  ] GC(38)   class space    used 2861K, committed 3264K, reserved 1048576K
[2025-06-18T00:04:54.558+0300][14400][7356 ][info ][gc,heap  ] GC(38) Min Capacity: 2048M(100%)
[2025-06-18T00:04:54.558+0300][14400][7356 ][info ][gc,heap  ] GC(38) Max Capacity: 2048M(100%)
[2025-06-18T00:04:54.558+0300][14400][7356 ][info ][gc,heap  ] GC(38) Soft Max Capacity: 2048M(100%)
[2025-06-18T00:04:54.558+0300][14400][7356 ][info ][gc,heap  ] GC(38)                Mark Start          Mark End        Relocate Start      Relocate End           High               Low         
[2025-06-18T00:04:54.558+0300][14400][7356 ][info ][gc,heap  ] GC(38)  Capacity:     2048M (100%)       2048M (100%)       2048M (100%)       2048M (100%)       2048M (100%)       2048M (100%)   
[2025-06-18T00:04:54.558+0300][14400][7356 ][info ][gc,heap  ] GC(38)      Free:     1774M (87%)        1762M (86%)        1898M (93%)        1982M (97%)        1982M (97%)        1762M (86%)    
[2025-06-18T00:04:54.558+0300][14400][7356 ][info ][gc,heap  ] GC(38)      Used:      274M (13%)         286M (14%)         150M (7%)           66M (3%)          286M (14%)          66M (3%)     
[2025-06-18T00:04:54.558+0300][14400][7356 ][info ][gc,heap  ] GC(38)      Live:         -                18M (1%)           18M (1%)           18M (1%)             -                  -          
[2025-06-18T00:04:54.558+0300][14400][7356 ][info ][gc,heap  ] GC(38) Allocated:         -                12M (1%)           12M (1%)           12M (1%)             -                  -          
[2025-06-18T00:04:54.558+0300][14400][7356 ][info ][gc,heap  ] GC(38)   Garbage:         -               255M (12%)         119M (6%)           35M (2%)             -                  -          
[2025-06-18T00:04:54.558+0300][14400][7356 ][info ][gc,heap  ] GC(38) Reclaimed:         -                  -               136M (7%)          220M (11%)            -                  -          
[2025-06-18T00:04:54.558+0300][14400][7356 ][info ][gc       ] GC(38) Garbage Collection (Proactive) 274M(13%)->66M(3%)
[2025-06-18T00:04:55.572+0300][14400][20600][debug][safepoint] Safepoint synchronization initiated using striped semaphore wait barrier. (32 threads)
[2025-06-18T00:04:55.572+0300][14400][20600][info ][safepoint] Safepoint "Cleanup", Time since last: 1006737000 ns, Reaching safepoint: 114500 ns, Cleanup: 23100 ns, At safepoint: 11800 ns, Total: 149400 ns
[2025-06-18T00:04:56.579+0300][14400][20600][debug][safepoint] Safepoint synchronization initiated using striped semaphore wait barrier. (32 threads)
[2025-06-18T00:04:56.579+0300][14400][4148 ][debug][safepoint] ... found polling page loop exception at pc = 0x000001bef4503a3a, stub =0x000001bef3ab5b00
[2025-06-18T00:04:56.579+0300][14400][18024][debug][safepoint] ... found polling page loop exception at pc = 0x000001bef4881930, stub =0x000001bef3ab5b00
[2025-06-18T00:04:56.579+0300][14400][20600][info ][safepoint] Safepoint "Cleanup", Time since last: 1007659400 ns, Reaching safepoint: 183300 ns, Cleanup: 19500 ns, At safepoint: 8400 ns, Total: 211200 ns
[2025-06-18T00:04:57.589+0300][14400][20600][debug][safepoint] Safepoint synchronization initiated using striped semaphore wait barrier. (32 threads)
[2025-06-18T00:04:57.589+0300][14400][20600][info ][safepoint] Safepoint "Cleanup", Time since last: 1009225500 ns, Reaching safepoint: 151800 ns, Cleanup: 44400 ns, At safepoint: 18400 ns, Total: 214600 ns
[2025-06-18T00:04:59.606+0300][14400][20600][debug][safepoint] Safepoint synchronization initiated using striped semaphore wait barrier. (32 threads)
[2025-06-18T00:04:59.606+0300][14400][7408 ][debug][safepoint] ... found polling page loop exception at pc = 0x000001bef42a0577, stub =0x000001bef3ab5b00
[2025-06-18T00:04:59.606+0300][14400][20600][info ][safepoint] Safepoint "Cleanup", Time since last: 2016930000 ns, Reaching safepoint: 301200 ns, Cleanup: 45500 ns, At safepoint: 28100 ns, Total: 374800 ns
[2025-06-18T00:05:00.620+0300][14400][20600][debug][safepoint] Safepoint synchronization initiated using striped semaphore wait barrier. (32 threads)
[2025-06-18T00:05:00.620+0300][14400][20600][info ][safepoint] Safepoint "Cleanup", Time since last: 1013398400 ns, Reaching safepoint: 169600 ns, Cleanup: 24300 ns, At safepoint: 41700 ns, Total: 235600 ns
[2025-06-18T00:05:01.345+0300][14400][7356 ][debug][gc,heap  ] GC(39) Heap before GC invocations=39 (full 39):
[2025-06-18T00:05:01.345+0300][14400][7356 ][debug][gc,heap  ] GC(39)  ZHeap           used 272M, capacity 2048M, max capacity 2048M
[2025-06-18T00:05:01.345+0300][14400][7356 ][debug][gc,heap  ] GC(39)  Metaspace       used 34378K, committed 35200K, reserved 1114112K
[2025-06-18T00:05:01.345+0300][14400][7356 ][debug][gc,heap  ] GC(39)   class space    used 2861K, committed 3264K, reserved 1048576K
[2025-06-18T00:05:01.345+0300][14400][20600][debug][safepoint] Safepoint synchronization initiated using striped semaphore wait barrier. (32 threads)
[2025-06-18T00:05:01.345+0300][14400][18024][debug][safepoint] ... found polling page loop exception at pc = 0x000001bef4723b1e, stub =0x000001bef3ab5b00
[2025-06-18T00:05:01.345+0300][14400][20600][info ][gc,phases] GC(39) Pause Mark Start 0.014ms
[2025-06-18T00:05:01.345+0300][14400][20600][info ][safepoint] Safepoint "XMarkStart", Time since last: 725495200 ns, Reaching safepoint: 266200 ns, Cleanup: 10500 ns, At safepoint: 123400 ns, Total: 400100 ns
[2025-06-18T00:05:01.380+0300][14400][7356 ][info ][gc,phases] GC(39) Concurrent Mark 33.981ms
[2025-06-18T00:05:01.380+0300][14400][20600][debug][safepoint] Safepoint synchronization initiated using striped semaphore wait barrier. (32 threads)
[2025-06-18T00:05:01.380+0300][14400][20600][info ][gc,phases] GC(39) Pause Mark End 0.016ms
[2025-06-18T00:05:01.380+0300][14400][20600][info ][safepoint] Safepoint "XMarkEnd", Time since last: 34197300 ns, Reaching safepoint: 75600 ns, Cleanup: 12200 ns, At safepoint: 64200 ns, Total: 152000 ns
[2025-06-18T00:05:01.380+0300][14400][7356 ][info ][gc,phases] GC(39) Concurrent Mark Free 0.001ms
[2025-06-18T00:05:01.380+0300][14400][7356 ][debug][gc,phases] GC(39) Concurrent References Process 0.113ms
[2025-06-18T00:05:01.380+0300][14400][7356 ][debug][gc,phases] GC(39) ClassLoaderData 0.034ms
[2025-06-18T00:05:01.380+0300][14400][7356 ][debug][gc,phases] GC(39) Trigger cleanups 0.000ms
[2025-06-18T00:05:01.383+0300][14400][7356 ][debug][gc,phases] GC(39) Concurrent Classes Unlink 6.481ms
[2025-06-18T00:05:01.383+0300][14400][7356 ][debug][gc,phases] GC(39) Concurrent Classes Purge 0.080ms
[2025-06-18T00:05:01.383+0300][14400][7356 ][debug][gc,phases] GC(39) Concurrent References Enqueue 0.005ms
[2025-06-18T00:05:01.383+0300][14400][7356 ][info ][gc,phases] GC(39) Concurrent Process Non-Strong References 7.608ms
[2025-06-18T00:05:01.383+0300][14400][7356 ][info ][gc,phases] GC(39) Concurrent Reset Relocation Set 0.002ms
[2025-06-18T00:05:01.383+0300][14400][7356 ][info ][gc,phases] GC(39) Concurrent Select Relocation Set 1.348ms
[2025-06-18T00:05:01.383+0300][14400][20600][debug][safepoint] Safepoint synchronization initiated using striped semaphore wait barrier. (32 threads)
[2025-06-18T00:05:01.383+0300][14400][20600][info ][gc,phases] GC(39) Pause Relocate Start 0.007ms
[2025-06-18T00:05:01.383+0300][14400][20600][info ][safepoint] Safepoint "XRelocateStart", Time since last: 9114300 ns, Reaching safepoint: 24600 ns, Cleanup: 7300 ns, At safepoint: 19800 ns, Total: 51700 ns
[2025-06-18T00:05:01.383+0300][14400][7356 ][info ][gc,phases] GC(39) Concurrent Relocate 0.758ms
[2025-06-18T00:05:01.383+0300][14400][7356 ][debug][gc,heap  ] GC(39) Heap after GC invocations=40 (full 40):
[2025-06-18T00:05:01.383+0300][14400][7356 ][debug][gc,heap  ] GC(39)  ZHeap           used 70M, capacity 2048M, max capacity 2048M
[2025-06-18T00:05:01.383+0300][14400][7356 ][debug][gc,heap  ] GC(39)  Metaspace       used 34378K, committed 35200K, reserved 1114112K
[2025-06-18T00:05:01.383+0300][14400][7356 ][debug][gc,heap  ] GC(39)   class space    used 2861K, committed 3264K, reserved 1048576K
[2025-06-18T00:05:01.383+0300][14400][7356 ][info ][gc,heap  ] GC(39) Min Capacity: 2048M(100%)
[2025-06-18T00:05:01.383+0300][14400][7356 ][info ][gc,heap  ] GC(39) Max Capacity: 2048M(100%)
[2025-06-18T00:05:01.383+0300][14400][7356 ][info ][gc,heap  ] GC(39) Soft Max Capacity: 2048M(100%)
[2025-06-18T00:05:01.383+0300][14400][7356 ][info ][gc,heap  ] GC(39)                Mark Start          Mark End        Relocate Start      Relocate End           High               Low         
[2025-06-18T00:05:01.383+0300][14400][7356 ][info ][gc,heap  ] GC(39)  Capacity:     2048M (100%)       2048M (100%)       2048M (100%)       2048M (100%)       2048M (100%)       2048M (100%)   
[2025-06-18T00:05:01.383+0300][14400][7356 ][info ][gc,heap  ] GC(39)      Free:     1776M (87%)        1760M (86%)        1894M (92%)        1978M (97%)        1978M (97%)        1760M (86%)    
[2025-06-18T00:05:01.383+0300][14400][7356 ][info ][gc,heap  ] GC(39)      Used:      272M (13%)         288M (14%)         154M (8%)           70M (3%)          288M (14%)          70M (3%)     
[2025-06-18T00:05:01.383+0300][14400][7356 ][info ][gc,heap  ] GC(39)      Live:         -                18M (1%)           18M (1%)           18M (1%)             -                  -          
[2025-06-18T00:05:01.383+0300][14400][7356 ][info ][gc,heap  ] GC(39) Allocated:         -                16M (1%)           16M (1%)           16M (1%)             -                  -          
[2025-06-18T00:05:01.383+0300][14400][7356 ][info ][gc,heap  ] GC(39)   Garbage:         -               253M (12%)         119M (6%)           35M (2%)             -                  -          
[2025-06-18T00:05:01.383+0300][14400][7356 ][info ][gc,heap  ] GC(39) Reclaimed:         -                  -               134M (7%)          218M (11%)            -                  -          
[2025-06-18T00:05:01.383+0300][14400][7356 ][info ][gc       ] GC(39) Garbage Collection (Proactive) 272M(13%)->70M(3%)
[2025-06-18T00:05:08.136+0300][14400][7356 ][debug][gc,heap  ] GC(40) Heap before GC invocations=40 (full 40):
[2025-06-18T00:05:08.136+0300][14400][7356 ][debug][gc,heap  ] GC(40)  ZHeap           used 276M, capacity 2048M, max capacity 2048M
[2025-06-18T00:05:08.136+0300][14400][7356 ][debug][gc,heap  ] GC(40)  Metaspace       used 34378K, committed 35200K, reserved 1114112K
[2025-06-18T00:05:08.136+0300][14400][7356 ][debug][gc,heap  ] GC(40)   class space    used 2861K, committed 3264K, reserved 1048576K
[2025-06-18T00:05:08.137+0300][14400][20600][debug][safepoint] Safepoint synchronization initiated using striped semaphore wait barrier. (32 threads)
[2025-06-18T00:05:08.137+0300][14400][20600][info ][gc,phases] GC(40) Pause Mark Start 0.014ms
[2025-06-18T00:05:08.137+0300][14400][20600][info ][safepoint] Safepoint "XMarkStart", Time since last: 6746987100 ns, Reaching safepoint: 108300 ns, Cleanup: 20400 ns, At safepoint: 106600 ns, Total: 235300 ns
[2025-06-18T00:05:08.152+0300][14400][7356 ][info ][gc,phases] GC(40) Concurrent Mark 15.669ms
[2025-06-18T00:05:08.152+0300][14400][20600][debug][safepoint] Safepoint synchronization initiated using striped semaphore wait barrier. (32 threads)
[2025-06-18T00:05:08.152+0300][14400][18024][debug][safepoint] ... found polling page loop exception at pc = 0x000001bef42a0577, stub =0x000001bef3ab5b00
[2025-06-18T00:05:08.152+0300][14400][3672 ][debug][safepoint] ... found polling page loop exception at pc = 0x000001bef42a0577, stub =0x000001bef3ab5b00
[2025-06-18T00:05:08.152+0300][14400][20600][info ][gc,phases] GC(40) Pause Mark End 0.012ms
[2025-06-18T00:05:08.152+0300][14400][20600][info ][safepoint] Safepoint "XMarkEnd", Time since last: 15873900 ns, Reaching safepoint: 124500 ns, Cleanup: 5100 ns, At safepoint: 49300 ns, Total: 178900 ns
[2025-06-18T00:05:08.152+0300][14400][7356 ][info ][gc,phases] GC(40) Concurrent Mark Free 0.001ms
[2025-06-18T00:05:08.152+0300][14400][7356 ][debug][gc,phases] GC(40) Concurrent References Process 0.072ms
[2025-06-18T00:05:08.154+0300][14400][7356 ][debug][gc,phases] GC(40) ClassLoaderData 0.031ms
[2025-06-18T00:05:08.154+0300][14400][7356 ][debug][gc,phases] GC(40) Trigger cleanups 0.000ms
[2025-06-18T00:05:08.154+0300][14400][7356 ][debug][gc,phases] GC(40) Concurrent Classes Unlink 6.503ms
[2025-06-18T00:05:08.154+0300][14400][7356 ][debug][gc,phases] GC(40) Concurrent Classes Purge 0.022ms
[2025-06-18T00:05:08.154+0300][14400][7356 ][debug][gc,phases] GC(40) Concurrent References Enqueue 0.004ms
[2025-06-18T00:05:08.154+0300][14400][7356 ][info ][gc,phases] GC(40) Concurrent Process Non-Strong References 7.575ms
[2025-06-18T00:05:08.154+0300][14400][7356 ][info ][gc,phases] GC(40) Concurrent Reset Relocation Set 0.002ms
[2025-06-18T00:05:08.154+0300][14400][7356 ][info ][gc,phases] GC(40) Concurrent Select Relocation Set 1.107ms
[2025-06-18T00:05:08.154+0300][14400][20600][debug][safepoint] Safepoint synchronization initiated using striped semaphore wait barrier. (32 threads)
[2025-06-18T00:05:08.154+0300][14400][20600][info ][gc,phases] GC(40) Pause Relocate Start 0.006ms
[2025-06-18T00:05:08.154+0300][14400][20600][info ][safepoint] Safepoint "XRelocateStart", Time since last: 8898100 ns, Reaching safepoint: 22800 ns, Cleanup: 3200 ns, At safepoint: 20000 ns, Total: 46000 ns
[2025-06-18T00:05:08.154+0300][14400][7356 ][info ][gc,phases] GC(40) Concurrent Relocate 0.733ms
[2025-06-18T00:05:08.154+0300][14400][7356 ][debug][gc,heap  ] GC(40) Heap after GC invocations=41 (full 41):
[2025-06-18T00:05:08.154+0300][14400][7356 ][debug][gc,heap  ] GC(40)  ZHeap           used 70M, capacity 2048M, max capacity 2048M
[2025-06-18T00:05:08.154+0300][14400][7356 ][debug][gc,heap  ] GC(40)  Metaspace       used 34378K, committed 35200K, reserved 1114112K
[2025-06-18T00:05:08.154+0300][14400][7356 ][debug][gc,heap  ] GC(40)   class space    used 2861K, committed 3264K, reserved 1048576K
[2025-06-18T00:05:08.154+0300][14400][7356 ][info ][gc,heap  ] GC(40) Min Capacity: 2048M(100%)
[2025-06-18T00:05:08.154+0300][14400][7356 ][info ][gc,heap  ] GC(40) Max Capacity: 2048M(100%)
[2025-06-18T00:05:08.154+0300][14400][7356 ][info ][gc,heap  ] GC(40) Soft Max Capacity: 2048M(100%)
[2025-06-18T00:05:08.154+0300][14400][7356 ][info ][gc,heap  ] GC(40)                Mark Start          Mark End        Relocate Start      Relocate End           High               Low         
[2025-06-18T00:05:08.154+0300][14400][7356 ][info ][gc,heap  ] GC(40)  Capacity:     2048M (100%)       2048M (100%)       2048M (100%)       2048M (100%)       2048M (100%)       2048M (100%)   
[2025-06-18T00:05:08.154+0300][14400][7356 ][info ][gc,heap  ] GC(40)      Free:     1772M (87%)        1756M (86%)        1908M (93%)        1978M (97%)        1978M (97%)        1756M (86%)    
[2025-06-18T00:05:08.154+0300][14400][7356 ][info ][gc,heap  ] GC(40)      Used:      276M (13%)         292M (14%)         140M (7%)           70M (3%)          292M (14%)          70M (3%)     
[2025-06-18T00:05:08.154+0300][14400][7356 ][info ][gc,heap  ] GC(40)      Live:         -                18M (1%)           18M (1%)           18M (1%)             -                  -          
[2025-06-18T00:05:08.154+0300][14400][7356 ][info ][gc,heap  ] GC(40) Allocated:         -                16M (1%)           16M (1%)           16M (1%)             -                  -          
[2025-06-18T00:05:08.154+0300][14400][7356 ][info ][gc,heap  ] GC(40)   Garbage:         -               257M (13%)         105M (5%)           35M (2%)             -                  -          
[2025-06-18T00:05:08.154+0300][14400][7356 ][info ][gc,heap  ] GC(40) Reclaimed:         -                  -               152M (7%)          222M (11%)            -                  -          
[2025-06-18T00:05:08.154+0300][14400][7356 ][info ][gc       ] GC(40) Garbage Collection (Proactive) 276M(13%)->70M(3%)
[2025-06-18T00:05:11.176+0300][14400][20600][debug][safepoint] Safepoint synchronization initiated using striped semaphore wait barrier. (32 threads)
[2025-06-18T00:05:11.176+0300][14400][4148 ][debug][safepoint] ... found polling page loop exception at pc = 0x000001bef453332d, stub =0x000001bef3ab5b00
[2025-06-18T00:05:11.176+0300][14400][20600][info ][safepoint] Safepoint "Cleanup", Time since last: 3014040300 ns, Reaching safepoint: 220400 ns, Cleanup: 27400 ns, At safepoint: 17200 ns, Total: 265000 ns
[2025-06-18T00:05:14.948+0300][14400][7356 ][debug][gc,heap  ] GC(41) Heap before GC invocations=41 (full 41):
[2025-06-18T00:05:14.948+0300][14400][7356 ][debug][gc,heap  ] GC(41)  ZHeap           used 278M, capacity 2048M, max capacity 2048M
[2025-06-18T00:05:14.948+0300][14400][7356 ][debug][gc,heap  ] GC(41)  Metaspace       used 34378K, committed 35200K, reserved 1114112K
[2025-06-18T00:05:14.948+0300][14400][7356 ][debug][gc,heap  ] GC(41)   class space    used 2861K, committed 3264K, reserved 1048576K
[2025-06-18T00:05:14.948+0300][14400][20600][debug][safepoint] Safepoint synchronization initiated using striped semaphore wait barrier. (32 threads)
[2025-06-18T00:05:14.948+0300][14400][20600][info ][gc,phases] GC(41) Pause Mark Start 0.016ms
[2025-06-18T00:05:14.948+0300][14400][20600][info ][safepoint] Safepoint "XMarkStart", Time since last: 3772265900 ns, Reaching safepoint: 159200 ns, Cleanup: 35600 ns, At safepoint: 121000 ns, Total: 315800 ns
[2025-06-18T00:05:14.967+0300][14400][7356 ][info ][gc,phases] GC(41) Concurrent Mark 17.777ms
[2025-06-18T00:05:14.967+0300][14400][20600][debug][safepoint] Safepoint synchronization initiated using striped semaphore wait barrier. (32 threads)
[2025-06-18T00:05:14.967+0300][14400][20600][info ][gc,phases] GC(41) Pause Mark End 0.019ms
[2025-06-18T00:05:14.967+0300][14400][20600][info ][safepoint] Safepoint "XMarkEnd", Time since last: 18062600 ns, Reaching safepoint: 72300 ns, Cleanup: 7500 ns, At safepoint: 59400 ns, Total: 139200 ns
[2025-06-18T00:05:14.967+0300][14400][7356 ][info ][gc,phases] GC(41) Concurrent Mark Free 0.001ms
[2025-06-18T00:05:14.967+0300][14400][7356 ][debug][gc,phases] GC(41) Concurrent References Process 0.172ms
[2025-06-18T00:05:14.968+0300][14400][7356 ][debug][gc,phases] GC(41) ClassLoaderData 0.032ms
[2025-06-18T00:05:14.968+0300][14400][7356 ][debug][gc,phases] GC(41) Trigger cleanups 0.000ms
[2025-06-18T00:05:14.968+0300][14400][7356 ][debug][gc,phases] GC(41) Concurrent Classes Unlink 7.213ms
[2025-06-18T00:05:14.968+0300][14400][7356 ][debug][gc,phases] GC(41) Concurrent Classes Purge 0.063ms
[2025-06-18T00:05:14.968+0300][14400][7356 ][debug][gc,phases] GC(41) Concurrent References Enqueue 0.004ms
[2025-06-18T00:05:14.968+0300][14400][7356 ][info ][gc,phases] GC(41) Concurrent Process Non-Strong References 8.322ms
[2025-06-18T00:05:14.968+0300][14400][7356 ][info ][gc,phases] GC(41) Concurrent Reset Relocation Set 0.002ms
[2025-06-18T00:05:14.968+0300][14400][7356 ][info ][gc,phases] GC(41) Concurrent Select Relocation Set 1.126ms
[2025-06-18T00:05:14.968+0300][14400][20600][debug][safepoint] Safepoint synchronization initiated using striped semaphore wait barrier. (32 threads)
[2025-06-18T00:05:14.968+0300][14400][20600][info ][gc,phases] GC(41) Pause Relocate Start 0.007ms
[2025-06-18T00:05:14.968+0300][14400][20600][info ][safepoint] Safepoint "XRelocateStart", Time since last: 9642100 ns, Reaching safepoint: 21500 ns, Cleanup: 3600 ns, At safepoint: 19300 ns, Total: 44400 ns
[2025-06-18T00:05:14.968+0300][14400][7356 ][info ][gc,phases] GC(41) Concurrent Relocate 0.747ms
[2025-06-18T00:05:14.968+0300][14400][7356 ][debug][gc,heap  ] GC(41) Heap after GC invocations=42 (full 42):
[2025-06-18T00:05:14.968+0300][14400][7356 ][debug][gc,heap  ] GC(41)  ZHeap           used 68M, capacity 2048M, max capacity 2048M
[2025-06-18T00:05:14.968+0300][14400][7356 ][debug][gc,heap  ] GC(41)  Metaspace       used 34378K, committed 35200K, reserved 1114112K
[2025-06-18T00:05:14.968+0300][14400][7356 ][debug][gc,heap  ] GC(41)   class space    used 2861K, committed 3264K, reserved 1048576K
[2025-06-18T00:05:14.968+0300][14400][7356 ][info ][gc,heap  ] GC(41) Min Capacity: 2048M(100%)
[2025-06-18T00:05:14.968+0300][14400][7356 ][info ][gc,heap  ] GC(41) Max Capacity: 2048M(100%)
[2025-06-18T00:05:14.968+0300][14400][7356 ][info ][gc,heap  ] GC(41) Soft Max Capacity: 2048M(100%)
[2025-06-18T00:05:14.968+0300][14400][7356 ][info ][gc,heap  ] GC(41)                Mark Start          Mark End        Relocate Start      Relocate End           High               Low         
[2025-06-18T00:05:14.968+0300][14400][7356 ][info ][gc,heap  ] GC(41)  Capacity:     2048M (100%)       2048M (100%)       2048M (100%)       2048M (100%)       2048M (100%)       2048M (100%)   
[2025-06-18T00:05:14.968+0300][14400][7356 ][info ][gc,heap  ] GC(41)      Free:     1770M (86%)        1756M (86%)        1894M (92%)        1980M (97%)        1980M (97%)        1756M (86%)    
[2025-06-18T00:05:14.968+0300][14400][7356 ][info ][gc,heap  ] GC(41)      Used:      278M (14%)         292M (14%)         154M (8%)           68M (3%)          292M (14%)          68M (3%)     
[2025-06-18T00:05:14.968+0300][14400][7356 ][info ][gc,heap  ] GC(41)      Live:         -                18M (1%)           18M (1%)           18M (1%)             -                  -          
[2025-06-18T00:05:14.968+0300][14400][7356 ][info ][gc,heap  ] GC(41) Allocated:         -                14M (1%)           14M (1%)           14M (1%)             -                  -          
[2025-06-18T00:05:14.968+0300][14400][7356 ][info ][gc,heap  ] GC(41)   Garbage:         -               259M (13%)         121M (6%)           35M (2%)             -                  -          
[2025-06-18T00:05:14.968+0300][14400][7356 ][info ][gc,heap  ] GC(41) Reclaimed:         -                  -               138M (7%)          224M (11%)            -                  -          
[2025-06-18T00:05:14.968+0300][14400][7356 ][info ][gc       ] GC(41) Garbage Collection (Proactive) 278M(14%)->68M(3%)
[2025-06-18T00:05:15.982+0300][14400][20600][debug][safepoint] Safepoint synchronization initiated using striped semaphore wait barrier. (32 threads)
[2025-06-18T00:05:15.982+0300][14400][15940][debug][safepoint] ... found polling page loop exception at pc = 0x000001bef47b64eb, stub =0x000001bef3ab5b00
[2025-06-18T00:05:15.982+0300][14400][20600][info ][safepoint] Safepoint "Cleanup", Time since last: 1005415300 ns, Reaching safepoint: 219500 ns, Cleanup: 13700 ns, At safepoint: 16300 ns, Total: 249500 ns
[2025-06-18T00:05:17.999+0300][14400][20600][debug][safepoint] Safepoint synchronization initiated using striped semaphore wait barrier. (32 threads)
[2025-06-18T00:05:17.999+0300][14400][21760][debug][safepoint] ... found polling page loop exception at pc = 0x000001bef4615bd1, stub =0x000001bef3ab5b00
[2025-06-18T00:05:17.999+0300][14400][20600][info ][safepoint] Safepoint "Cleanup", Time since last: 2016888700 ns, Reaching safepoint: 269300 ns, Cleanup: 27300 ns, At safepoint: 19800 ns, Total: 316400 ns
[2025-06-18T00:05:21.840+0300][14400][7356 ][debug][gc,heap  ] GC(42) Heap before GC invocations=42 (full 42):
[2025-06-18T00:05:21.840+0300][14400][7356 ][debug][gc,heap  ] GC(42)  ZHeap           used 278M, capacity 2048M, max capacity 2048M
[2025-06-18T00:05:21.840+0300][14400][7356 ][debug][gc,heap  ] GC(42)  Metaspace       used 34378K, committed 35200K, reserved 1114112K
[2025-06-18T00:05:21.840+0300][14400][7356 ][debug][gc,heap  ] GC(42)   class space    used 2861K, committed 3264K, reserved 1048576K
[2025-06-18T00:05:21.840+0300][14400][20600][debug][safepoint] Safepoint synchronization initiated using striped semaphore wait barrier. (32 threads)
[2025-06-18T00:05:21.840+0300][14400][20600][info ][gc,phases] GC(42) Pause Mark Start 0.018ms
[2025-06-18T00:05:21.840+0300][14400][20600][info ][safepoint] Safepoint "XMarkStart", Time since last: 3841654000 ns, Reaching safepoint: 159500 ns, Cleanup: 30100 ns, At safepoint: 145600 ns, Total: 335200 ns
[2025-06-18T00:05:21.859+0300][14400][4148 ][debug][safepoint] ... found polling page loop exception at pc = 0x000001bef485a4ea, stub =0x000001bef3ab5b00
[2025-06-18T00:05:21.859+0300][14400][15940][debug][safepoint] ... found polling page loop exception at pc = 0x000001bef442d08d, stub =0x000001bef3ab5b00
[2025-06-18T00:05:21.859+0300][14400][8060 ][debug][safepoint] ... found polling page loop exception at pc = 0x000001bef475818d, stub =0x000001bef3ab5280
[2025-06-18T00:05:21.875+0300][14400][7356 ][info ][gc,phases] GC(42) Concurrent Mark 34.135ms
[2025-06-18T00:05:21.875+0300][14400][20600][debug][safepoint] Safepoint synchronization initiated using striped semaphore wait barrier. (32 threads)
[2025-06-18T00:05:21.875+0300][14400][18024][debug][safepoint] ... found polling page loop exception at pc = 0x000001bef45e75c3, stub =0x000001bef3ab5b00
[2025-06-18T00:05:21.875+0300][14400][12436][debug][safepoint] ... found polling page loop exception at pc = 0x000001bef442cb97, stub =0x000001bef3ab5b00
[2025-06-18T00:05:21.875+0300][14400][20600][info ][gc,phases] GC(42) Pause Mark End 0.013ms
[2025-06-18T00:05:21.875+0300][14400][20600][info ][safepoint] Safepoint "XMarkEnd", Time since last: 34396400 ns, Reaching safepoint: 156500 ns, Cleanup: 6100 ns, At safepoint: 55000 ns, Total: 217600 ns
[2025-06-18T00:05:21.875+0300][14400][7356 ][info ][gc,phases] GC(42) Concurrent Mark Free 0.001ms
[2025-06-18T00:05:21.875+0300][14400][7356 ][debug][gc,phases] GC(42) Concurrent References Process 0.233ms
[2025-06-18T00:05:21.877+0300][14400][7356 ][debug][gc,phases] GC(42) ClassLoaderData 0.029ms
[2025-06-18T00:05:21.877+0300][14400][7356 ][debug][gc,phases] GC(42) Trigger cleanups 0.000ms
[2025-06-18T00:05:21.877+0300][14400][7356 ][debug][gc,phases] GC(42) Concurrent Classes Unlink 7.189ms
[2025-06-18T00:05:21.877+0300][14400][7356 ][debug][gc,phases] GC(42) Concurrent Classes Purge 0.041ms
[2025-06-18T00:05:21.877+0300][14400][7356 ][debug][gc,phases] GC(42) Concurrent References Enqueue 0.000ms
[2025-06-18T00:05:21.877+0300][14400][7356 ][info ][gc,phases] GC(42) Concurrent Process Non-Strong References 8.354ms
[2025-06-18T00:05:21.877+0300][14400][7356 ][info ][gc,phases] GC(42) Concurrent Reset Relocation Set 0.002ms
[2025-06-18T00:05:21.877+0300][14400][7356 ][info ][gc,phases] GC(42) Concurrent Select Relocation Set 1.269ms
[2025-06-18T00:05:21.877+0300][14400][20600][debug][safepoint] Safepoint synchronization initiated using striped semaphore wait barrier. (32 threads)
[2025-06-18T00:05:21.877+0300][14400][20600][info ][gc,phases] GC(42) Pause Relocate Start 0.006ms
[2025-06-18T00:05:21.877+0300][14400][20600][info ][safepoint] Safepoint "XRelocateStart", Time since last: 9768200 ns, Reaching safepoint: 22700 ns, Cleanup: 6500 ns, At safepoint: 19200 ns, Total: 48400 ns
[2025-06-18T00:05:21.877+0300][14400][7356 ][info ][gc,phases] GC(42) Concurrent Relocate 0.751ms
[2025-06-18T00:05:21.877+0300][14400][7356 ][debug][gc,heap  ] GC(42) Heap after GC invocations=43 (full 43):
[2025-06-18T00:05:21.877+0300][14400][7356 ][debug][gc,heap  ] GC(42)  ZHeap           used 70M, capacity 2048M, max capacity 2048M
[2025-06-18T00:05:21.877+0300][14400][7356 ][debug][gc,heap  ] GC(42)  Metaspace       used 34378K, committed 35200K, reserved 1114112K
[2025-06-18T00:05:21.877+0300][14400][7356 ][debug][gc,heap  ] GC(42)   class space    used 2861K, committed 3264K, reserved 1048576K
[2025-06-18T00:05:21.877+0300][14400][7356 ][info ][gc,heap  ] GC(42) Min Capacity: 2048M(100%)
[2025-06-18T00:05:21.877+0300][14400][7356 ][info ][gc,heap  ] GC(42) Max Capacity: 2048M(100%)
[2025-06-18T00:05:21.877+0300][14400][7356 ][info ][gc,heap  ] GC(42) Soft Max Capacity: 2048M(100%)
[2025-06-18T00:05:21.877+0300][14400][7356 ][info ][gc,heap  ] GC(42)                Mark Start          Mark End        Relocate Start      Relocate End           High               Low         
[2025-06-18T00:05:21.877+0300][14400][7356 ][info ][gc,heap  ] GC(42)  Capacity:     2048M (100%)       2048M (100%)       2048M (100%)       2048M (100%)       2048M (100%)       2048M (100%)   
[2025-06-18T00:05:21.877+0300][14400][7356 ][info ][gc,heap  ] GC(42)      Free:     1770M (86%)        1754M (86%)        1900M (93%)        1978M (97%)        1978M (97%)        1754M (86%)    
[2025-06-18T00:05:21.877+0300][14400][7356 ][info ][gc,heap  ] GC(42)      Used:      278M (14%)         294M (14%)         148M (7%)           70M (3%)          294M (14%)          70M (3%)     
[2025-06-18T00:05:21.877+0300][14400][7356 ][info ][gc,heap  ] GC(42)      Live:         -                18M (1%)           18M (1%)           18M (1%)             -                  -          
[2025-06-18T00:05:21.877+0300][14400][7356 ][info ][gc,heap  ] GC(42) Allocated:         -                16M (1%)           16M (1%)           16M (1%)             -                  -          
[2025-06-18T00:05:21.877+0300][14400][7356 ][info ][gc,heap  ] GC(42)   Garbage:         -               259M (13%)         113M (6%)           35M (2%)             -                  -          
[2025-06-18T00:05:21.877+0300][14400][7356 ][info ][gc,heap  ] GC(42) Reclaimed:         -                  -               146M (7%)          224M (11%)            -                  -          
[2025-06-18T00:05:21.877+0300][14400][7356 ][info ][gc       ] GC(42) Garbage Collection (Proactive) 278M(14%)->70M(3%)
[2025-06-18T00:05:28.651+0300][14400][7356 ][debug][gc,heap  ] GC(43) Heap before GC invocations=43 (full 43):
[2025-06-18T00:05:28.651+0300][14400][7356 ][debug][gc,heap  ] GC(43)  ZHeap           used 278M, capacity 2048M, max capacity 2048M
[2025-06-18T00:05:28.651+0300][14400][7356 ][debug][gc,heap  ] GC(43)  Metaspace       used 34378K, committed 35200K, reserved 1114112K
[2025-06-18T00:05:28.651+0300][14400][7356 ][debug][gc,heap  ] GC(43)   class space    used 2861K, committed 3264K, reserved 1048576K
[2025-06-18T00:05:28.651+0300][14400][20600][debug][safepoint] Safepoint synchronization initiated using striped semaphore wait barrier. (32 threads)
[2025-06-18T00:05:28.651+0300][14400][20600][info ][gc,phases] GC(43) Pause Mark Start 0.016ms
[2025-06-18T00:05:28.651+0300][14400][20600][info ][safepoint] Safepoint "XMarkStart", Time since last: 6765780600 ns, Reaching safepoint: 132900 ns, Cleanup: 10200 ns, At safepoint: 97100 ns, Total: 240200 ns
[2025-06-18T00:05:28.671+0300][14400][7356 ][info ][gc,phases] GC(43) Concurrent Mark 18.646ms
[2025-06-18T00:05:28.671+0300][14400][20600][debug][safepoint] Safepoint synchronization initiated using striped semaphore wait barrier. (32 threads)
[2025-06-18T00:05:28.671+0300][14400][20600][info ][gc,phases] GC(43) Pause Mark End 0.023ms
[2025-06-18T00:05:28.671+0300][14400][20600][info ][safepoint] Safepoint "XMarkEnd", Time since last: 18852700 ns, Reaching safepoint: 46900 ns, Cleanup: 12000 ns, At safepoint: 54700 ns, Total: 113600 ns
[2025-06-18T00:05:28.671+0300][14400][7356 ][info ][gc,phases] GC(43) Concurrent Mark Free 0.002ms
[2025-06-18T00:05:28.671+0300][14400][7356 ][debug][gc,phases] GC(43) Concurrent References Process 0.169ms
[2025-06-18T00:05:28.671+0300][14400][7356 ][debug][gc,phases] GC(43) ClassLoaderData 0.044ms
[2025-06-18T00:05:28.671+0300][14400][7356 ][debug][gc,phases] GC(43) Trigger cleanups 0.000ms
[2025-06-18T00:05:28.671+0300][14400][7356 ][debug][gc,phases] GC(43) Concurrent Classes Unlink 7.190ms
[2025-06-18T00:05:28.671+0300][14400][7356 ][debug][gc,phases] GC(43) Concurrent Classes Purge 0.012ms
[2025-06-18T00:05:28.671+0300][14400][7356 ][debug][gc,phases] GC(43) Concurrent References Enqueue 0.000ms
[2025-06-18T00:05:28.671+0300][14400][7356 ][info ][gc,phases] GC(43) Concurrent Process Non-Strong References 8.349ms
[2025-06-18T00:05:28.671+0300][14400][7356 ][info ][gc,phases] GC(43) Concurrent Reset Relocation Set 0.002ms
[2025-06-18T00:05:28.671+0300][14400][7356 ][info ][gc,phases] GC(43) Concurrent Select Relocation Set 1.120ms
[2025-06-18T00:05:28.671+0300][14400][20600][debug][safepoint] Safepoint synchronization initiated using striped semaphore wait barrier. (32 threads)
[2025-06-18T00:05:28.671+0300][14400][20600][info ][gc,phases] GC(43) Pause Relocate Start 0.007ms
[2025-06-18T00:05:28.671+0300][14400][20600][info ][safepoint] Safepoint "XRelocateStart", Time since last: 9753900 ns, Reaching safepoint: 22700 ns, Cleanup: 3600 ns, At safepoint: 19200 ns, Total: 45500 ns
[2025-06-18T00:05:28.671+0300][14400][7356 ][info ][gc,phases] GC(43) Concurrent Relocate 0.731ms
[2025-06-18T00:05:28.671+0300][14400][7356 ][debug][gc,heap  ] GC(43) Heap after GC invocations=44 (full 44):
[2025-06-18T00:05:28.671+0300][14400][7356 ][debug][gc,heap  ] GC(43)  ZHeap           used 68M, capacity 2048M, max capacity 2048M
[2025-06-18T00:05:28.671+0300][14400][7356 ][debug][gc,heap  ] GC(43)  Metaspace       used 34378K, committed 35200K, reserved 1114112K
[2025-06-18T00:05:28.671+0300][14400][7356 ][debug][gc,heap  ] GC(43)   class space    used 2861K, committed 3264K, reserved 1048576K
[2025-06-18T00:05:28.671+0300][14400][7356 ][info ][gc,heap  ] GC(43) Min Capacity: 2048M(100%)
[2025-06-18T00:05:28.671+0300][14400][7356 ][info ][gc,heap  ] GC(43) Max Capacity: 2048M(100%)
[2025-06-18T00:05:28.671+0300][14400][7356 ][info ][gc,heap  ] GC(43) Soft Max Capacity: 2048M(100%)
[2025-06-18T00:05:28.671+0300][14400][7356 ][info ][gc,heap  ] GC(43)                Mark Start          Mark End        Relocate Start      Relocate End           High               Low         
[2025-06-18T00:05:28.671+0300][14400][7356 ][info ][gc,heap  ] GC(43)  Capacity:     2048M (100%)       2048M (100%)       2048M (100%)       2048M (100%)       2048M (100%)       2048M (100%)   
[2025-06-18T00:05:28.671+0300][14400][7356 ][info ][gc,heap  ] GC(43)      Free:     1770M (86%)        1756M (86%)        1902M (93%)        1980M (97%)        1980M (97%)        1756M (86%)    
[2025-06-18T00:05:28.671+0300][14400][7356 ][info ][gc,heap  ] GC(43)      Used:      278M (14%)         292M (14%)         146M (7%)           68M (3%)          292M (14%)          68M (3%)     
[2025-06-18T00:05:28.671+0300][14400][7356 ][info ][gc,heap  ] GC(43)      Live:         -                18M (1%)           18M (1%)           18M (1%)             -                  -          
[2025-06-18T00:05:28.671+0300][14400][7356 ][info ][gc,heap  ] GC(43) Allocated:         -                14M (1%)           14M (1%)           14M (1%)             -                  -          
[2025-06-18T00:05:28.671+0300][14400][7356 ][info ][gc,heap  ] GC(43)   Garbage:         -               259M (13%)         113M (6%)           35M (2%)             -                  -          
[2025-06-18T00:05:28.671+0300][14400][7356 ][info ][gc,heap  ] GC(43) Reclaimed:         -                  -               146M (7%)          224M (11%)            -                  -          
[2025-06-18T00:05:28.671+0300][14400][7356 ][info ][gc       ] GC(43) Garbage Collection (Proactive) 278M(14%)->68M(3%)
[2025-06-18T00:05:30.685+0300][14400][20600][debug][safepoint] Safepoint synchronization initiated using striped semaphore wait barrier. (32 threads)
[2025-06-18T00:05:30.685+0300][14400][20600][info ][safepoint] Safepoint "Cleanup", Time since last: 2004145600 ns, Reaching safepoint: 174400 ns, Cleanup: 40800 ns, At safepoint: 50800 ns, Total: 266000 ns
[2025-06-18T00:05:35.351+0300][14400][7356 ][debug][gc,heap  ] GC(44) Heap before GC invocations=44 (full 44):
[2025-06-18T00:05:35.351+0300][14400][7356 ][debug][gc,heap  ] GC(44)  ZHeap           used 274M, capacity 2048M, max capacity 2048M
[2025-06-18T00:05:35.351+0300][14400][7356 ][debug][gc,heap  ] GC(44)  Metaspace       used 34378K, committed 35200K, reserved 1114112K
[2025-06-18T00:05:35.351+0300][14400][7356 ][debug][gc,heap  ] GC(44)   class space    used 2861K, committed 3264K, reserved 1048576K
[2025-06-18T00:05:35.351+0300][14400][20600][debug][safepoint] Safepoint synchronization initiated using striped semaphore wait barrier. (32 threads)
[2025-06-18T00:05:35.351+0300][14400][20600][info ][gc,phases] GC(44) Pause Mark Start 0.007ms
[2025-06-18T00:05:35.351+0300][14400][20600][info ][safepoint] Safepoint "XMarkStart", Time since last: 4665769400 ns, Reaching safepoint: 41200 ns, Cleanup: 13400 ns, At safepoint: 42300 ns, Total: 96900 ns
[2025-06-18T00:05:35.371+0300][14400][7356 ][info ][gc,phases] GC(44) Concurrent Mark 20.109ms
[2025-06-18T00:05:35.371+0300][14400][20600][debug][safepoint] Safepoint synchronization initiated using striped semaphore wait barrier. (32 threads)
[2025-06-18T00:05:35.371+0300][14400][3672 ][debug][safepoint] ... found polling page loop exception at pc = 0x000001bef4881e47, stub =0x000001bef3ab5b00
[2025-06-18T00:05:35.371+0300][14400][21760][debug][safepoint] ... found polling page loop exception at pc = 0x000001bef45e75c3, stub =0x000001bef3ab5b00
[2025-06-18T00:05:35.371+0300][14400][14648][debug][safepoint] ... found polling page loop exception at pc = 0x000001bef42399f4, stub =0x000001bef3ab5280
[2025-06-18T00:05:35.371+0300][14400][20600][info ][gc,phases] GC(44) Pause Mark End 0.017ms
[2025-06-18T00:05:35.371+0300][14400][20600][info ][safepoint] Safepoint "XMarkEnd", Time since last: 20303800 ns, Reaching safepoint: 143600 ns, Cleanup: 5800 ns, At safepoint: 73100 ns, Total: 222500 ns
[2025-06-18T00:05:35.371+0300][14400][7356 ][info ][gc,phases] GC(44) Concurrent Mark Free 0.001ms
[2025-06-18T00:05:35.371+0300][14400][7356 ][debug][gc,phases] GC(44) Concurrent References Process 0.119ms
[2025-06-18T00:05:35.371+0300][14400][7356 ][debug][gc,phases] GC(44) ClassLoaderData 0.049ms
[2025-06-18T00:05:35.371+0300][14400][7356 ][debug][gc,phases] GC(44) Trigger cleanups 0.000ms
[2025-06-18T00:05:35.381+0300][14400][7356 ][debug][gc,phases] GC(44) Concurrent Classes Unlink 9.264ms
[2025-06-18T00:05:35.381+0300][14400][7356 ][debug][gc,phases] GC(44) Concurrent Classes Purge 0.059ms
[2025-06-18T00:05:35.381+0300][14400][7356 ][debug][gc,phases] GC(44) Concurrent References Enqueue 0.001ms
[2025-06-18T00:05:35.381+0300][14400][7356 ][info ][gc,phases] GC(44) Concurrent Process Non-Strong References 10.523ms
[2025-06-18T00:05:35.381+0300][14400][7356 ][info ][gc,phases] GC(44) Concurrent Reset Relocation Set 0.002ms
[2025-06-18T00:05:35.381+0300][14400][7356 ][info ][gc,phases] GC(44) Concurrent Select Relocation Set 1.161ms
[2025-06-18T00:05:35.381+0300][14400][20600][debug][safepoint] Safepoint synchronization initiated using striped semaphore wait barrier. (32 threads)
[2025-06-18T00:05:35.381+0300][14400][20600][info ][gc,phases] GC(44) Pause Relocate Start 0.006ms
[2025-06-18T00:05:35.381+0300][14400][20600][info ][safepoint] Safepoint "XRelocateStart", Time since last: 11854900 ns, Reaching safepoint: 20800 ns, Cleanup: 2700 ns, At safepoint: 18200 ns, Total: 41700 ns
[2025-06-18T00:05:35.381+0300][14400][7356 ][info ][gc,phases] GC(44) Concurrent Relocate 0.726ms
[2025-06-18T00:05:35.381+0300][14400][7356 ][debug][gc,heap  ] GC(44) Heap after GC invocations=45 (full 45):
[2025-06-18T00:05:35.381+0300][14400][7356 ][debug][gc,heap  ] GC(44)  ZHeap           used 66M, capacity 2048M, max capacity 2048M
[2025-06-18T00:05:35.381+0300][14400][7356 ][debug][gc,heap  ] GC(44)  Metaspace       used 34378K, committed 35200K, reserved 1114112K
[2025-06-18T00:05:35.381+0300][14400][7356 ][debug][gc,heap  ] GC(44)   class space    used 2861K, committed 3264K, reserved 1048576K
[2025-06-18T00:05:35.381+0300][14400][7356 ][info ][gc,heap  ] GC(44) Min Capacity: 2048M(100%)
[2025-06-18T00:05:35.381+0300][14400][7356 ][info ][gc,heap  ] GC(44) Max Capacity: 2048M(100%)
[2025-06-18T00:05:35.381+0300][14400][7356 ][info ][gc,heap  ] GC(44) Soft Max Capacity: 2048M(100%)
[2025-06-18T00:05:35.381+0300][14400][7356 ][info ][gc,heap  ] GC(44)                Mark Start          Mark End        Relocate Start      Relocate End           High               Low         
[2025-06-18T00:05:35.381+0300][14400][7356 ][info ][gc,heap  ] GC(44)  Capacity:     2048M (100%)       2048M (100%)       2048M (100%)       2048M (100%)       2048M (100%)       2048M (100%)   
[2025-06-18T00:05:35.381+0300][14400][7356 ][info ][gc,heap  ] GC(44)      Free:     1774M (87%)        1762M (86%)        1906M (93%)        1982M (97%)        1982M (97%)        1762M (86%)    
[2025-06-18T00:05:35.381+0300][14400][7356 ][info ][gc,heap  ] GC(44)      Used:      274M (13%)         286M (14%)         142M (7%)           66M (3%)          286M (14%)          66M (3%)     
[2025-06-18T00:05:35.381+0300][14400][7356 ][info ][gc,heap  ] GC(44)      Live:         -                18M (1%)           18M (1%)           18M (1%)             -                  -          
[2025-06-18T00:05:35.381+0300][14400][7356 ][info ][gc,heap  ] GC(44) Allocated:         -                12M (1%)           12M (1%)           12M (1%)             -                  -          
[2025-06-18T00:05:35.381+0300][14400][7356 ][info ][gc,heap  ] GC(44)   Garbage:         -               255M (12%)         111M (5%)           35M (2%)             -                  -          
[2025-06-18T00:05:35.381+0300][14400][7356 ][info ][gc,heap  ] GC(44) Reclaimed:         -                  -               144M (7%)          220M (11%)            -                  -          
[2025-06-18T00:05:35.381+0300][14400][7356 ][info ][gc       ] GC(44) Garbage Collection (Proactive) 274M(13%)->66M(3%)
[2025-06-18T00:05:35.775+0300][14400][7408 ][debug][safepoint] ... found polling page loop exception at pc = 0x000001bef4541606, stub =0x000001bef3ab5b00
[2025-06-18T00:05:42.037+0300][14400][7356 ][debug][gc,heap  ] GC(45) Heap before GC invocations=45 (full 45):
[2025-06-18T00:05:42.037+0300][14400][7356 ][debug][gc,heap  ] GC(45)  ZHeap           used 272M, capacity 2048M, max capacity 2048M
[2025-06-18T00:05:42.037+0300][14400][7356 ][debug][gc,heap  ] GC(45)  Metaspace       used 34380K, committed 35200K, reserved 1114112K
[2025-06-18T00:05:42.037+0300][14400][7356 ][debug][gc,heap  ] GC(45)   class space    used 2861K, committed 3264K, reserved 1048576K
[2025-06-18T00:05:42.037+0300][14400][20600][debug][safepoint] Safepoint synchronization initiated using striped semaphore wait barrier. (32 threads)
[2025-06-18T00:05:42.037+0300][14400][12436][debug][safepoint] ... found polling page loop exception at pc = 0x000001bef442819b, stub =0x000001bef3ab5280
[2025-06-18T00:05:42.037+0300][14400][4148 ][debug][safepoint] ... found polling page loop exception at pc = 0x000001bef42a0577, stub =0x000001bef3ab5b00
[2025-06-18T00:05:42.037+0300][14400][20600][info ][gc,phases] GC(45) Pause Mark Start 0.017ms
[2025-06-18T00:05:42.037+0300][14400][20600][info ][safepoint] Safepoint "XMarkStart", Time since last: 6653932000 ns, Reaching safepoint: 317400 ns, Cleanup: 25200 ns, At safepoint: 113800 ns, Total: 456400 ns
[2025-06-18T00:05:42.070+0300][14400][7356 ][info ][gc,phases] GC(45) Concurrent Mark 31.974ms
[2025-06-18T00:05:42.070+0300][14400][20600][debug][safepoint] Safepoint synchronization initiated using striped semaphore wait barrier. (32 threads)
[2025-06-18T00:05:42.070+0300][14400][20600][info ][gc,phases] GC(45) Pause Mark End 0.014ms
[2025-06-18T00:05:42.070+0300][14400][20600][info ][safepoint] Safepoint "XMarkEnd", Time since last: 32233200 ns, Reaching safepoint: 34800 ns, Cleanup: 5200 ns, At safepoint: 41300 ns, Total: 81300 ns
[2025-06-18T00:05:42.070+0300][14400][7356 ][info ][gc,phases] GC(45) Concurrent Mark Free 0.004ms
[2025-06-18T00:05:42.070+0300][14400][7356 ][debug][gc,phases] GC(45) Concurrent References Process 0.157ms
[2025-06-18T00:05:42.070+0300][14400][7356 ][debug][gc,phases] GC(45) ClassLoaderData 0.032ms
[2025-06-18T00:05:42.070+0300][14400][7356 ][debug][gc,phases] GC(45) Trigger cleanups 0.000ms
[2025-06-18T00:05:42.070+0300][14400][7356 ][debug][gc,phases] GC(45) Concurrent Classes Unlink 6.816ms
[2025-06-18T00:05:42.070+0300][14400][7356 ][debug][gc,phases] GC(45) Concurrent Classes Purge 0.019ms
[2025-06-18T00:05:42.070+0300][14400][7356 ][debug][gc,phases] GC(45) Concurrent References Enqueue 0.000ms
[2025-06-18T00:05:42.070+0300][14400][7356 ][info ][gc,phases] GC(45) Concurrent Process Non-Strong References 8.005ms
[2025-06-18T00:05:42.070+0300][14400][7356 ][info ][gc,phases] GC(45) Concurrent Reset Relocation Set 0.002ms
[2025-06-18T00:05:42.070+0300][14400][7356 ][info ][gc,phases] GC(45) Concurrent Select Relocation Set 1.162ms
[2025-06-18T00:05:42.070+0300][14400][20600][debug][safepoint] Safepoint synchronization initiated using striped semaphore wait barrier. (32 threads)
[2025-06-18T00:05:42.070+0300][14400][20600][info ][gc,phases] GC(45) Pause Relocate Start 0.006ms
[2025-06-18T00:05:42.070+0300][14400][20600][info ][safepoint] Safepoint "XRelocateStart", Time since last: 9431300 ns, Reaching safepoint: 23900 ns, Cleanup: 3200 ns, At safepoint: 19900 ns, Total: 47000 ns
[2025-06-18T00:05:42.070+0300][14400][7356 ][info ][gc,phases] GC(45) Concurrent Relocate 0.700ms
[2025-06-18T00:05:42.070+0300][14400][7356 ][debug][gc,heap  ] GC(45) Heap after GC invocations=46 (full 46):
[2025-06-18T00:05:42.070+0300][14400][7356 ][debug][gc,heap  ] GC(45)  ZHeap           used 70M, capacity 2048M, max capacity 2048M
[2025-06-18T00:05:42.070+0300][14400][7356 ][debug][gc,heap  ] GC(45)  Metaspace       used 34380K, committed 35200K, reserved 1114112K
[2025-06-18T00:05:42.070+0300][14400][7356 ][debug][gc,heap  ] GC(45)   class space    used 2861K, committed 3264K, reserved 1048576K
[2025-06-18T00:05:42.070+0300][14400][7356 ][info ][gc,heap  ] GC(45) Min Capacity: 2048M(100%)
[2025-06-18T00:05:42.070+0300][14400][7356 ][info ][gc,heap  ] GC(45) Max Capacity: 2048M(100%)
[2025-06-18T00:05:42.070+0300][14400][7356 ][info ][gc,heap  ] GC(45) Soft Max Capacity: 2048M(100%)
[2025-06-18T00:05:42.070+0300][14400][7356 ][info ][gc,heap  ] GC(45)                Mark Start          Mark End        Relocate Start      Relocate End           High               Low         
[2025-06-18T00:05:42.070+0300][14400][7356 ][info ][gc,heap  ] GC(45)  Capacity:     2048M (100%)       2048M (100%)       2048M (100%)       2048M (100%)       2048M (100%)       2048M (100%)   
[2025-06-18T00:05:42.070+0300][14400][7356 ][info ][gc,heap  ] GC(45)      Free:     1776M (87%)        1760M (86%)        1906M (93%)        1978M (97%)        1978M (97%)        1760M (86%)    
[2025-06-18T00:05:42.070+0300][14400][7356 ][info ][gc,heap  ] GC(45)      Used:      272M (13%)         288M (14%)         142M (7%)           70M (3%)          288M (14%)          70M (3%)     
[2025-06-18T00:05:42.070+0300][14400][7356 ][info ][gc,heap  ] GC(45)      Live:         -                18M (1%)           18M (1%)           18M (1%)             -                  -          
[2025-06-18T00:05:42.070+0300][14400][7356 ][info ][gc,heap  ] GC(45) Allocated:         -                16M (1%)           16M (1%)           16M (1%)             -                  -          
[2025-06-18T00:05:42.070+0300][14400][7356 ][info ][gc,heap  ] GC(45)   Garbage:         -               253M (12%)         107M (5%)           35M (2%)             -                  -          
[2025-06-18T00:05:42.070+0300][14400][7356 ][info ][gc,heap  ] GC(45) Reclaimed:         -                  -               146M (7%)          218M (11%)            -                  -          
[2025-06-18T00:05:42.070+0300][14400][7356 ][info ][gc       ] GC(45) Garbage Collection (Proactive) 272M(13%)->70M(3%)
[2025-06-18T00:05:48.736+0300][14400][7356 ][debug][gc,heap  ] GC(46) Heap before GC invocations=46 (full 46):
[2025-06-18T00:05:48.737+0300][14400][7356 ][debug][gc,heap  ] GC(46)  ZHeap           used 276M, capacity 2048M, max capacity 2048M
[2025-06-18T00:05:48.737+0300][14400][7356 ][debug][gc,heap  ] GC(46)  Metaspace       used 34390K, committed 35200K, reserved 1114112K
[2025-06-18T00:05:48.737+0300][14400][7356 ][debug][gc,heap  ] GC(46)   class space    used 2861K, committed 3264K, reserved 1048576K
[2025-06-18T00:05:48.737+0300][14400][20600][debug][safepoint] Safepoint synchronization initiated using striped semaphore wait barrier. (32 threads)
[2025-06-18T00:05:48.737+0300][14400][21760][debug][safepoint] ... found polling page loop exception at pc = 0x000001bef442819b, stub =0x000001bef3ab5280
[2025-06-18T00:05:48.737+0300][14400][7408 ][debug][safepoint] ... found polling page loop exception at pc = 0x000001bef471a03e, stub =0x000001bef3ab5b00
[2025-06-18T00:05:48.737+0300][14400][20600][info ][gc,phases] GC(46) Pause Mark Start 0.017ms
[2025-06-18T00:05:48.737+0300][14400][20600][info ][safepoint] Safepoint "XMarkStart", Time since last: 6657615000 ns, Reaching safepoint: 331600 ns, Cleanup: 34900 ns, At safepoint: 134700 ns, Total: 501200 ns
[2025-06-18T00:05:48.753+0300][14400][7356 ][info ][gc,phases] GC(46) Concurrent Mark 15.257ms
[2025-06-18T00:05:48.753+0300][14400][20600][debug][safepoint] Safepoint synchronization initiated using striped semaphore wait barrier. (32 threads)
[2025-06-18T00:05:48.753+0300][14400][20600][info ][gc,phases] GC(46) Pause Mark End 0.017ms
[2025-06-18T00:05:48.753+0300][14400][20600][info ][safepoint] Safepoint "XMarkEnd", Time since last: 15492300 ns, Reaching safepoint: 53300 ns, Cleanup: 5700 ns, At safepoint: 45400 ns, Total: 104400 ns
[2025-06-18T00:05:48.753+0300][14400][7356 ][info ][gc,phases] GC(46) Concurrent Mark Free 0.001ms
[2025-06-18T00:05:48.753+0300][14400][7356 ][debug][gc,phases] GC(46) Concurrent References Process 0.150ms
[2025-06-18T00:05:48.753+0300][14400][7356 ][debug][gc,phases] GC(46) ClassLoaderData 0.046ms
[2025-06-18T00:05:48.753+0300][14400][7356 ][debug][gc,phases] GC(46) Trigger cleanups 0.000ms
[2025-06-18T00:05:48.753+0300][14400][7356 ][debug][gc,phases] GC(46) Concurrent Classes Unlink 7.335ms
[2025-06-18T00:05:48.753+0300][14400][7356 ][debug][gc,phases] GC(46) Concurrent Classes Purge 0.033ms
[2025-06-18T00:05:48.753+0300][14400][7356 ][debug][gc,phases] GC(46) Concurrent References Enqueue 0.001ms
[2025-06-18T00:05:48.753+0300][14400][7356 ][info ][gc,phases] GC(46) Concurrent Process Non-Strong References 8.431ms
[2025-06-18T00:05:48.753+0300][14400][7356 ][info ][gc,phases] GC(46) Concurrent Reset Relocation Set 0.002ms
[2025-06-18T00:05:48.753+0300][14400][7356 ][info ][gc,phases] GC(46) Concurrent Select Relocation Set 1.159ms
[2025-06-18T00:05:48.753+0300][14400][20600][debug][safepoint] Safepoint synchronization initiated using striped semaphore wait barrier. (32 threads)
[2025-06-18T00:05:48.753+0300][14400][20600][info ][gc,phases] GC(46) Pause Relocate Start 0.006ms
[2025-06-18T00:05:48.753+0300][14400][20600][info ][safepoint] Safepoint "XRelocateStart", Time since last: 9789600 ns, Reaching safepoint: 23300 ns, Cleanup: 6800 ns, At safepoint: 18400 ns, Total: 48500 ns
[2025-06-18T00:05:48.753+0300][14400][7356 ][info ][gc,phases] GC(46) Concurrent Relocate 0.727ms
[2025-06-18T00:05:48.753+0300][14400][7356 ][debug][gc,heap  ] GC(46) Heap after GC invocations=47 (full 47):
[2025-06-18T00:05:48.753+0300][14400][7356 ][debug][gc,heap  ] GC(46)  ZHeap           used 68M, capacity 2048M, max capacity 2048M
[2025-06-18T00:05:48.753+0300][14400][7356 ][debug][gc,heap  ] GC(46)  Metaspace       used 34390K, committed 35200K, reserved 1114112K
[2025-06-18T00:05:48.753+0300][14400][7356 ][debug][gc,heap  ] GC(46)   class space    used 2861K, committed 3264K, reserved 1048576K
[2025-06-18T00:05:48.753+0300][14400][7356 ][info ][gc,heap  ] GC(46) Min Capacity: 2048M(100%)
[2025-06-18T00:05:48.753+0300][14400][7356 ][info ][gc,heap  ] GC(46) Max Capacity: 2048M(100%)
[2025-06-18T00:05:48.753+0300][14400][7356 ][info ][gc,heap  ] GC(46) Soft Max Capacity: 2048M(100%)
[2025-06-18T00:05:48.753+0300][14400][7356 ][info ][gc,heap  ] GC(46)                Mark Start          Mark End        Relocate Start      Relocate End           High               Low         
[2025-06-18T00:05:48.753+0300][14400][7356 ][info ][gc,heap  ] GC(46)  Capacity:     2048M (100%)       2048M (100%)       2048M (100%)       2048M (100%)       2048M (100%)       2048M (100%)   
[2025-06-18T00:05:48.753+0300][14400][7356 ][info ][gc,heap  ] GC(46)      Free:     1772M (87%)        1758M (86%)        1890M (92%)        1980M (97%)        1980M (97%)        1758M (86%)    
[2025-06-18T00:05:48.753+0300][14400][7356 ][info ][gc,heap  ] GC(46)      Used:      276M (13%)         290M (14%)         158M (8%)           68M (3%)          290M (14%)          68M (3%)     
[2025-06-18T00:05:48.753+0300][14400][7356 ][info ][gc,heap  ] GC(46)      Live:         -                18M (1%)           18M (1%)           18M (1%)             -                  -          
[2025-06-18T00:05:48.753+0300][14400][7356 ][info ][gc,heap  ] GC(46) Allocated:         -                14M (1%)           14M (1%)           14M (1%)             -                  -          
[2025-06-18T00:05:48.753+0300][14400][7356 ][info ][gc,heap  ] GC(46)   Garbage:         -               257M (13%)         125M (6%)           35M (2%)             -                  -          
[2025-06-18T00:05:48.753+0300][14400][7356 ][info ][gc,heap  ] GC(46) Reclaimed:         -                  -               132M (6%)          222M (11%)            -                  -          
[2025-06-18T00:05:48.753+0300][14400][7356 ][info ][gc       ] GC(46) Garbage Collection (Proactive) 276M(13%)->68M(3%)
[2025-06-18T00:05:55.442+0300][14400][7356 ][debug][gc,heap  ] GC(47) Heap before GC invocations=47 (full 47):
[2025-06-18T00:05:55.442+0300][14400][7356 ][debug][gc,heap  ] GC(47)  ZHeap           used 274M, capacity 2048M, max capacity 2048M
[2025-06-18T00:05:55.442+0300][14400][7356 ][debug][gc,heap  ] GC(47)  Metaspace       used 34391K, committed 35200K, reserved 1114112K
[2025-06-18T00:05:55.442+0300][14400][7356 ][debug][gc,heap  ] GC(47)   class space    used 2862K, committed 3264K, reserved 1048576K
[2025-06-18T00:05:55.442+0300][14400][20600][debug][safepoint] Safepoint synchronization initiated using striped semaphore wait barrier. (32 threads)
[2025-06-18T00:05:55.442+0300][14400][3672 ][debug][safepoint] ... found polling page loop exception at pc = 0x000001bef45e75c3, stub =0x000001bef3ab5b00
[2025-06-18T00:05:55.442+0300][14400][7408 ][debug][safepoint] ... found polling page loop exception at pc = 0x000001bef45e75c3, stub =0x000001bef3ab5b00
[2025-06-18T00:05:55.442+0300][14400][20508][debug][safepoint] ... found polling page loop exception at pc = 0x000001bef452d0b2, stub =0x000001bef3ab5280
[2025-06-18T00:05:55.442+0300][14400][20600][info ][gc,phases] GC(47) Pause Mark Start 0.016ms
[2025-06-18T00:05:55.442+0300][14400][20600][info ][safepoint] Safepoint "XMarkStart", Time since last: 6679162700 ns, Reaching safepoint: 568400 ns, Cleanup: 30900 ns, At safepoint: 141900 ns, Total: 741200 ns
[2025-06-18T00:05:55.458+0300][14400][7356 ][info ][gc,phases] GC(47) Concurrent Mark 14.978ms
[2025-06-18T00:05:55.458+0300][14400][20600][debug][safepoint] Safepoint synchronization initiated using striped semaphore wait barrier. (32 threads)
[2025-06-18T00:05:55.458+0300][14400][20600][info ][gc,phases] GC(47) Pause Mark End 0.020ms
[2025-06-18T00:05:55.458+0300][14400][20600][info ][safepoint] Safepoint "XMarkEnd", Time since last: 15216600 ns, Reaching safepoint: 44300 ns, Cleanup: 6400 ns, At safepoint: 42800 ns, Total: 93500 ns
[2025-06-18T00:05:55.458+0300][14400][7356 ][info ][gc,phases] GC(47) Concurrent Mark Free 0.001ms
[2025-06-18T00:05:55.458+0300][14400][7356 ][debug][gc,phases] GC(47) Concurrent References Process 0.176ms
[2025-06-18T00:05:55.459+0300][14400][7356 ][debug][gc,phases] GC(47) ClassLoaderData 0.033ms
[2025-06-18T00:05:55.459+0300][14400][7356 ][debug][gc,phases] GC(47) Trigger cleanups 0.000ms
[2025-06-18T00:05:55.459+0300][14400][7356 ][debug][gc,phases] GC(47) Concurrent Classes Unlink 6.734ms
[2025-06-18T00:05:55.459+0300][14400][7356 ][debug][gc,phases] GC(47) Concurrent Classes Purge 0.059ms
[2025-06-18T00:05:55.459+0300][14400][7356 ][debug][gc,phases] GC(47) Concurrent References Enqueue 0.001ms
[2025-06-18T00:05:55.459+0300][14400][7356 ][info ][gc,phases] GC(47) Concurrent Process Non-Strong References 7.852ms
[2025-06-18T00:05:55.459+0300][14400][7356 ][info ][gc,phases] GC(47) Concurrent Reset Relocation Set 0.002ms
[2025-06-18T00:05:55.459+0300][14400][7356 ][info ][gc,phases] GC(47) Concurrent Select Relocation Set 1.093ms
[2025-06-18T00:05:55.459+0300][14400][20600][debug][safepoint] Safepoint synchronization initiated using striped semaphore wait barrier. (32 threads)
[2025-06-18T00:05:55.459+0300][14400][20600][info ][gc,phases] GC(47) Pause Relocate Start 0.006ms
[2025-06-18T00:05:55.459+0300][14400][20600][info ][safepoint] Safepoint "XRelocateStart", Time since last: 9132800 ns, Reaching safepoint: 23100 ns, Cleanup: 7000 ns, At safepoint: 19800 ns, Total: 49900 ns
[2025-06-18T00:05:55.459+0300][14400][7356 ][info ][gc,phases] GC(47) Concurrent Relocate 0.746ms
[2025-06-18T00:05:55.459+0300][14400][7356 ][debug][gc,heap  ] GC(47) Heap after GC invocations=48 (full 48):
[2025-06-18T00:05:55.459+0300][14400][7356 ][debug][gc,heap  ] GC(47)  ZHeap           used 68M, capacity 2048M, max capacity 2048M
[2025-06-18T00:05:55.459+0300][14400][7356 ][debug][gc,heap  ] GC(47)  Metaspace       used 34391K, committed 35200K, reserved 1114112K
[2025-06-18T00:05:55.459+0300][14400][7356 ][debug][gc,heap  ] GC(47)   class space    used 2862K, committed 3264K, reserved 1048576K
[2025-06-18T00:05:55.459+0300][14400][7356 ][info ][gc,heap  ] GC(47) Min Capacity: 2048M(100%)
[2025-06-18T00:05:55.459+0300][14400][7356 ][info ][gc,heap  ] GC(47) Max Capacity: 2048M(100%)
[2025-06-18T00:05:55.459+0300][14400][7356 ][info ][gc,heap  ] GC(47) Soft Max Capacity: 2048M(100%)
[2025-06-18T00:05:55.459+0300][14400][7356 ][info ][gc,heap  ] GC(47)                Mark Start          Mark End        Relocate Start      Relocate End           High               Low         
[2025-06-18T00:05:55.459+0300][14400][7356 ][info ][gc,heap  ] GC(47)  Capacity:     2048M (100%)       2048M (100%)       2048M (100%)       2048M (100%)       2048M (100%)       2048M (100%)   
[2025-06-18T00:05:55.459+0300][14400][7356 ][info ][gc,heap  ] GC(47)      Free:     1774M (87%)        1760M (86%)        1904M (93%)        1980M (97%)        1980M (97%)        1760M (86%)    
[2025-06-18T00:05:55.459+0300][14400][7356 ][info ][gc,heap  ] GC(47)      Used:      274M (13%)         288M (14%)         144M (7%)           68M (3%)          288M (14%)          68M (3%)     
[2025-06-18T00:05:55.459+0300][14400][7356 ][info ][gc,heap  ] GC(47)      Live:         -                18M (1%)           18M (1%)           18M (1%)             -                  -          
[2025-06-18T00:05:55.459+0300][14400][7356 ][info ][gc,heap  ] GC(47) Allocated:         -                14M (1%)           14M (1%)           14M (1%)             -                  -          
[2025-06-18T00:05:55.459+0300][14400][7356 ][info ][gc,heap  ] GC(47)   Garbage:         -               255M (12%)         111M (5%)           35M (2%)             -                  -          
[2025-06-18T00:05:55.459+0300][14400][7356 ][info ][gc,heap  ] GC(47) Reclaimed:         -                  -               144M (7%)          220M (11%)            -                  -          
[2025-06-18T00:05:55.459+0300][14400][7356 ][info ][gc       ] GC(47) Garbage Collection (Proactive) 274M(13%)->68M(3%)
[2025-06-18T00:06:02.148+0300][14400][7356 ][debug][gc,heap  ] GC(48) Heap before GC invocations=48 (full 48):
[2025-06-18T00:06:02.148+0300][14400][7356 ][debug][gc,heap  ] GC(48)  ZHeap           used 274M, capacity 2048M, max capacity 2048M
[2025-06-18T00:06:02.148+0300][14400][7356 ][debug][gc,heap  ] GC(48)  Metaspace       used 34391K, committed 35200K, reserved 1114112K
[2025-06-18T00:06:02.148+0300][14400][7356 ][debug][gc,heap  ] GC(48)   class space    used 2862K, committed 3264K, reserved 1048576K
[2025-06-18T00:06:02.148+0300][14400][20600][debug][safepoint] Safepoint synchronization initiated using striped semaphore wait barrier. (32 threads)
[2025-06-18T00:06:02.148+0300][14400][20600][info ][gc,phases] GC(48) Pause Mark Start 0.006ms
[2025-06-18T00:06:02.148+0300][14400][20600][info ][safepoint] Safepoint "XMarkStart", Time since last: 6680841700 ns, Reaching safepoint: 41300 ns, Cleanup: 8000 ns, At safepoint: 30400 ns, Total: 79700 ns
[2025-06-18T00:06:02.164+0300][14400][7356 ][info ][gc,phases] GC(48) Concurrent Mark 15.638ms
[2025-06-18T00:06:02.164+0300][14400][20600][debug][safepoint] Safepoint synchronization initiated using striped semaphore wait barrier. (32 threads)
[2025-06-18T00:06:02.164+0300][14400][20600][info ][gc,phases] GC(48) Pause Mark End 0.012ms
[2025-06-18T00:06:02.164+0300][14400][20600][info ][safepoint] Safepoint "XMarkEnd", Time since last: 15817700 ns, Reaching safepoint: 54600 ns, Cleanup: 5600 ns, At safepoint: 40800 ns, Total: 101000 ns
[2025-06-18T00:06:02.164+0300][14400][7356 ][info ][gc,phases] GC(48) Concurrent Mark Free 0.001ms
[2025-06-18T00:06:02.164+0300][14400][7356 ][debug][gc,phases] GC(48) Concurrent References Process 0.104ms
[2025-06-18T00:06:02.165+0300][14400][7356 ][debug][gc,phases] GC(48) ClassLoaderData 0.040ms
[2025-06-18T00:06:02.165+0300][14400][7356 ][debug][gc,phases] GC(48) Trigger cleanups 0.001ms
[2025-06-18T00:06:02.165+0300][14400][7356 ][debug][gc,phases] GC(48) Concurrent Classes Unlink 7.314ms
[2025-06-18T00:06:02.165+0300][14400][7356 ][debug][gc,phases] GC(48) Concurrent Classes Purge 0.044ms
[2025-06-18T00:06:02.165+0300][14400][7356 ][debug][gc,phases] GC(48) Concurrent References Enqueue 0.000ms
[2025-06-18T00:06:02.165+0300][14400][7356 ][info ][gc,phases] GC(48) Concurrent Process Non-Strong References 8.463ms
[2025-06-18T00:06:02.165+0300][14400][7356 ][info ][gc,phases] GC(48) Concurrent Reset Relocation Set 0.002ms
[2025-06-18T00:06:02.165+0300][14400][7356 ][info ][gc,phases] GC(48) Concurrent Select Relocation Set 1.182ms
[2025-06-18T00:06:02.165+0300][14400][20600][debug][safepoint] Safepoint synchronization initiated using striped semaphore wait barrier. (32 threads)
[2025-06-18T00:06:02.165+0300][14400][20600][info ][gc,phases] GC(48) Pause Relocate Start 0.007ms
[2025-06-18T00:06:02.165+0300][14400][20600][info ][safepoint] Safepoint "XRelocateStart", Time since last: 9853500 ns, Reaching safepoint: 29300 ns, Cleanup: 2900 ns, At safepoint: 20000 ns, Total: 52200 ns
[2025-06-18T00:06:02.165+0300][14400][7356 ][info ][gc,phases] GC(48) Concurrent Relocate 0.729ms
[2025-06-18T00:06:02.165+0300][14400][7356 ][debug][gc,heap  ] GC(48) Heap after GC invocations=49 (full 49):
[2025-06-18T00:06:02.165+0300][14400][7356 ][debug][gc,heap  ] GC(48)  ZHeap           used 66M, capacity 2048M, max capacity 2048M
[2025-06-18T00:06:02.165+0300][14400][7356 ][debug][gc,heap  ] GC(48)  Metaspace       used 34391K, committed 35200K, reserved 1114112K
[2025-06-18T00:06:02.165+0300][14400][7356 ][debug][gc,heap  ] GC(48)   class space    used 2862K, committed 3264K, reserved 1048576K
[2025-06-18T00:06:02.165+0300][14400][7356 ][info ][gc,heap  ] GC(48) Min Capacity: 2048M(100%)
[2025-06-18T00:06:02.165+0300][14400][7356 ][info ][gc,heap  ] GC(48) Max Capacity: 2048M(100%)
[2025-06-18T00:06:02.165+0300][14400][7356 ][info ][gc,heap  ] GC(48) Soft Max Capacity: 2048M(100%)
[2025-06-18T00:06:02.165+0300][14400][7356 ][info ][gc,heap  ] GC(48)                Mark Start          Mark End        Relocate Start      Relocate End           High               Low         
[2025-06-18T00:06:02.165+0300][14400][7356 ][info ][gc,heap  ] GC(48)  Capacity:     2048M (100%)       2048M (100%)       2048M (100%)       2048M (100%)       2048M (100%)       2048M (100%)   
[2025-06-18T00:06:02.165+0300][14400][7356 ][info ][gc,heap  ] GC(48)      Free:     1774M (87%)        1762M (86%)        1902M (93%)        1982M (97%)        1982M (97%)        1762M (86%)    
[2025-06-18T00:06:02.165+0300][14400][7356 ][info ][gc,heap  ] GC(48)      Used:      274M (13%)         286M (14%)         146M (7%)           66M (3%)          286M (14%)          66M (3%)     
[2025-06-18T00:06:02.165+0300][14400][7356 ][info ][gc,heap  ] GC(48)      Live:         -                18M (1%)           18M (1%)           18M (1%)             -                  -          
[2025-06-18T00:06:02.165+0300][14400][7356 ][info ][gc,heap  ] GC(48) Allocated:         -                12M (1%)           12M (1%)           12M (1%)             -                  -          
[2025-06-18T00:06:02.165+0300][14400][7356 ][info ][gc,heap  ] GC(48)   Garbage:         -               255M (12%)         115M (6%)           35M (2%)             -                  -          
[2025-06-18T00:06:02.165+0300][14400][7356 ][info ][gc,heap  ] GC(48) Reclaimed:         -                  -               140M (7%)          220M (11%)            -                  -          
[2025-06-18T00:06:02.165+0300][14400][7356 ][info ][gc       ] GC(48) Garbage Collection (Proactive) 274M(13%)->66M(3%)
[2025-06-18T00:06:08.650+0300][14400][7356 ][debug][gc,heap  ] GC(49) Heap before GC invocations=49 (full 49):
[2025-06-18T00:06:08.650+0300][14400][7356 ][debug][gc,heap  ] GC(49)  ZHeap           used 272M, capacity 2048M, max capacity 2048M
[2025-06-18T00:06:08.650+0300][14400][7356 ][debug][gc,heap  ] GC(49)  Metaspace       used 34391K, committed 35200K, reserved 1114112K
[2025-06-18T00:06:08.650+0300][14400][7356 ][debug][gc,heap  ] GC(49)   class space    used 2862K, committed 3264K, reserved 1048576K
[2025-06-18T00:06:08.650+0300][14400][20600][debug][safepoint] Safepoint synchronization initiated using striped semaphore wait barrier. (32 threads)
[2025-06-18T00:06:08.650+0300][14400][7408 ][debug][safepoint] ... found polling page loop exception at pc = 0x000001bef45002c9, stub =0x000001bef3ab5b00
[2025-06-18T00:06:08.650+0300][14400][8060 ][debug][safepoint] ... found polling page loop exception at pc = 0x000001bef42604a9, stub =0x000001bef3ab5280
[2025-06-18T00:06:08.650+0300][14400][4148 ][debug][safepoint] ... found polling page loop exception at pc = 0x000001bef47425ac, stub =0x000001bef3ab5b00
[2025-06-18T00:06:08.650+0300][14400][20600][info ][gc,phases] GC(49) Pause Mark Start 0.008ms
[2025-06-18T00:06:08.650+0300][14400][20600][info ][safepoint] Safepoint "XMarkStart", Time since last: 6476336200 ns, Reaching safepoint: 234900 ns, Cleanup: 14400 ns, At safepoint: 69000 ns, Total: 318300 ns
[2025-06-18T00:06:08.668+0300][14400][7356 ][info ][gc,phases] GC(49) Concurrent Mark 17.283ms
[2025-06-18T00:06:08.668+0300][14400][20600][debug][safepoint] Safepoint synchronization initiated using striped semaphore wait barrier. (32 threads)
[2025-06-18T00:06:08.668+0300][14400][20600][info ][gc,phases] GC(49) Pause Mark End 0.013ms
[2025-06-18T00:06:08.668+0300][14400][20600][info ][safepoint] Safepoint "XMarkEnd", Time since last: 17503900 ns, Reaching safepoint: 66700 ns, Cleanup: 5400 ns, At safepoint: 58000 ns, Total: 130100 ns
[2025-06-18T00:06:08.668+0300][14400][7356 ][info ][gc,phases] GC(49) Concurrent Mark Free 0.002ms
[2025-06-18T00:06:08.668+0300][14400][7356 ][debug][gc,phases] GC(49) Concurrent References Process 0.076ms
[2025-06-18T00:06:08.669+0300][14400][7356 ][debug][gc,phases] GC(49) ClassLoaderData 0.040ms
[2025-06-18T00:06:08.669+0300][14400][7356 ][debug][gc,phases] GC(49) Trigger cleanups 0.000ms
[2025-06-18T00:06:08.669+0300][14400][7356 ][debug][gc,phases] GC(49) Concurrent Classes Unlink 7.242ms
[2025-06-18T00:06:08.669+0300][14400][7356 ][debug][gc,phases] GC(49) Concurrent Classes Purge 0.030ms
[2025-06-18T00:06:08.669+0300][14400][7356 ][debug][gc,phases] GC(49) Concurrent References Enqueue 0.004ms
[2025-06-18T00:06:08.669+0300][14400][7356 ][info ][gc,phases] GC(49) Concurrent Process Non-Strong References 8.270ms
[2025-06-18T00:06:08.669+0300][14400][7356 ][info ][gc,phases] GC(49) Concurrent Reset Relocation Set 0.002ms
[2025-06-18T00:06:08.669+0300][14400][7356 ][info ][gc,phases] GC(49) Concurrent Select Relocation Set 1.129ms
[2025-06-18T00:06:08.669+0300][14400][20600][debug][safepoint] Safepoint synchronization initiated using striped semaphore wait barrier. (32 threads)
[2025-06-18T00:06:08.669+0300][14400][20600][info ][gc,phases] GC(49) Pause Relocate Start 0.007ms
[2025-06-18T00:06:08.669+0300][14400][20600][info ][safepoint] Safepoint "XRelocateStart", Time since last: 9542300 ns, Reaching safepoint: 24900 ns, Cleanup: 3100 ns, At safepoint: 19600 ns, Total: 47600 ns
[2025-06-18T00:06:08.669+0300][14400][7356 ][info ][gc,phases] GC(49) Concurrent Relocate 0.711ms
[2025-06-18T00:06:08.669+0300][14400][7356 ][debug][gc,heap  ] GC(49) Heap after GC invocations=50 (full 50):
[2025-06-18T00:06:08.669+0300][14400][7356 ][debug][gc,heap  ] GC(49)  ZHeap           used 66M, capacity 2048M, max capacity 2048M
[2025-06-18T00:06:08.669+0300][14400][7356 ][debug][gc,heap  ] GC(49)  Metaspace       used 34391K, committed 35200K, reserved 1114112K
[2025-06-18T00:06:08.669+0300][14400][7356 ][debug][gc,heap  ] GC(49)   class space    used 2862K, committed 3264K, reserved 1048576K
[2025-06-18T00:06:08.669+0300][14400][7356 ][info ][gc,heap  ] GC(49) Min Capacity: 2048M(100%)
[2025-06-18T00:06:08.669+0300][14400][7356 ][info ][gc,heap  ] GC(49) Max Capacity: 2048M(100%)
[2025-06-18T00:06:08.669+0300][14400][7356 ][info ][gc,heap  ] GC(49) Soft Max Capacity: 2048M(100%)
[2025-06-18T00:06:08.669+0300][14400][7356 ][info ][gc,heap  ] GC(49)                Mark Start          Mark End        Relocate Start      Relocate End           High               Low         
[2025-06-18T00:06:08.669+0300][14400][7356 ][info ][gc,heap  ] GC(49)  Capacity:     2048M (100%)       2048M (100%)       2048M (100%)       2048M (100%)       2048M (100%)       2048M (100%)   
[2025-06-18T00:06:08.669+0300][14400][7356 ][info ][gc,heap  ] GC(49)      Free:     1776M (87%)        1764M (86%)        1910M (93%)        1982M (97%)        1982M (97%)        1764M (86%)    
[2025-06-18T00:06:08.669+0300][14400][7356 ][info ][gc,heap  ] GC(49)      Used:      272M (13%)         284M (14%)         138M (7%)           66M (3%)          284M (14%)          66M (3%)     
[2025-06-18T00:06:08.669+0300][14400][7356 ][info ][gc,heap  ] GC(49)      Live:         -                18M (1%)           18M (1%)           18M (1%)             -                  -          
[2025-06-18T00:06:08.669+0300][14400][7356 ][info ][gc,heap  ] GC(49) Allocated:         -                12M (1%)           12M (1%)           12M (1%)             -                  -          
[2025-06-18T00:06:08.669+0300][14400][7356 ][info ][gc,heap  ] GC(49)   Garbage:         -               253M (12%)         107M (5%)           35M (2%)             -                  -          
[2025-06-18T00:06:08.669+0300][14400][7356 ][info ][gc,heap  ] GC(49) Reclaimed:         -                  -               146M (7%)          218M (11%)            -                  -          
[2025-06-18T00:06:08.669+0300][14400][7356 ][info ][gc       ] GC(49) Garbage Collection (Proactive) 272M(13%)->66M(3%)
[2025-06-18T00:06:15.453+0300][14400][7356 ][debug][gc,heap  ] GC(50) Heap before GC invocations=50 (full 50):
[2025-06-18T00:06:15.453+0300][14400][7356 ][debug][gc,heap  ] GC(50)  ZHeap           used 278M, capacity 2048M, max capacity 2048M
[2025-06-18T00:06:15.453+0300][14400][7356 ][debug][gc,heap  ] GC(50)  Metaspace       used 34391K, committed 35200K, reserved 1114112K
[2025-06-18T00:06:15.453+0300][14400][7356 ][debug][gc,heap  ] GC(50)   class space    used 2862K, committed 3264K, reserved 1048576K
[2025-06-18T00:06:15.453+0300][14400][20600][debug][safepoint] Safepoint synchronization initiated using striped semaphore wait barrier. (32 threads)
[2025-06-18T00:06:15.453+0300][14400][12436][debug][safepoint] ... found polling page loop exception at pc = 0x000001bef45e75c3, stub =0x000001bef3ab5b00
[2025-06-18T00:06:15.453+0300][14400][20600][info ][gc,phases] GC(50) Pause Mark Start 0.012ms
[2025-06-18T00:06:15.453+0300][14400][20600][info ][safepoint] Safepoint "XMarkStart", Time since last: 6775326100 ns, Reaching safepoint: 180500 ns, Cleanup: 18700 ns, At safepoint: 86200 ns, Total: 285400 ns
[2025-06-18T00:06:15.476+0300][14400][7356 ][info ][gc,phases] GC(50) Concurrent Mark 21.813ms
[2025-06-18T00:06:15.476+0300][14400][20600][debug][safepoint] Safepoint synchronization initiated using striped semaphore wait barrier. (32 threads)
[2025-06-18T00:06:15.476+0300][14400][20600][info ][gc,phases] GC(50) Pause Mark End 0.021ms
[2025-06-18T00:06:15.476+0300][14400][20600][info ][safepoint] Safepoint "XMarkEnd", Time since last: 22064600 ns, Reaching safepoint: 39900 ns, Cleanup: 6300 ns, At safepoint: 44500 ns, Total: 90700 ns
[2025-06-18T00:06:15.476+0300][14400][7356 ][info ][gc,phases] GC(50) Concurrent Mark Free 0.001ms
[2025-06-18T00:06:15.476+0300][14400][7356 ][debug][gc,phases] GC(50) Concurrent References Process 0.181ms
[2025-06-18T00:06:15.476+0300][14400][7356 ][debug][gc,phases] GC(50) ClassLoaderData 0.034ms
[2025-06-18T00:06:15.476+0300][14400][7356 ][debug][gc,phases] GC(50) Trigger cleanups 0.000ms
[2025-06-18T00:06:15.477+0300][14400][7356 ][debug][gc,phases] GC(50) Concurrent Classes Unlink 7.392ms
[2025-06-18T00:06:15.477+0300][14400][7356 ][debug][gc,phases] GC(50) Concurrent Classes Purge 0.029ms
[2025-06-18T00:06:15.477+0300][14400][7356 ][debug][gc,phases] GC(50) Concurrent References Enqueue 0.004ms
[2025-06-18T00:06:15.477+0300][14400][7356 ][info ][gc,phases] GC(50) Concurrent Process Non-Strong References 8.454ms
[2025-06-18T00:06:15.477+0300][14400][7356 ][info ][gc,phases] GC(50) Concurrent Reset Relocation Set 0.002ms
[2025-06-18T00:06:15.477+0300][14400][7356 ][info ][gc,phases] GC(50) Concurrent Select Relocation Set 1.098ms
[2025-06-18T00:06:15.477+0300][14400][20600][debug][safepoint] Safepoint synchronization initiated using striped semaphore wait barrier. (32 threads)
[2025-06-18T00:06:15.477+0300][14400][20600][info ][gc,phases] GC(50) Pause Relocate Start 0.007ms
[2025-06-18T00:06:15.477+0300][14400][20600][info ][safepoint] Safepoint "XRelocateStart", Time since last: 9749200 ns, Reaching safepoint: 22900 ns, Cleanup: 3100 ns, At safepoint: 19600 ns, Total: 45600 ns
[2025-06-18T00:06:15.477+0300][14400][7356 ][info ][gc,phases] GC(50) Concurrent Relocate 0.728ms
[2025-06-18T00:06:15.477+0300][14400][7356 ][debug][gc,heap  ] GC(50) Heap after GC invocations=51 (full 51):
[2025-06-18T00:06:15.477+0300][14400][7356 ][debug][gc,heap  ] GC(50)  ZHeap           used 68M, capacity 2048M, max capacity 2048M
[2025-06-18T00:06:15.477+0300][14400][7356 ][debug][gc,heap  ] GC(50)  Metaspace       used 34391K, committed 35200K, reserved 1114112K
[2025-06-18T00:06:15.477+0300][14400][7356 ][debug][gc,heap  ] GC(50)   class space    used 2862K, committed 3264K, reserved 1048576K
[2025-06-18T00:06:15.477+0300][14400][7356 ][info ][gc,heap  ] GC(50) Min Capacity: 2048M(100%)
[2025-06-18T00:06:15.477+0300][14400][7356 ][info ][gc,heap  ] GC(50) Max Capacity: 2048M(100%)
[2025-06-18T00:06:15.477+0300][14400][7356 ][info ][gc,heap  ] GC(50) Soft Max Capacity: 2048M(100%)
[2025-06-18T00:06:15.477+0300][14400][7356 ][info ][gc,heap  ] GC(50)                Mark Start          Mark End        Relocate Start      Relocate End           High               Low         
[2025-06-18T00:06:15.477+0300][14400][7356 ][info ][gc,heap  ] GC(50)  Capacity:     2048M (100%)       2048M (100%)       2048M (100%)       2048M (100%)       2048M (100%)       2048M (100%)   
[2025-06-18T00:06:15.477+0300][14400][7356 ][info ][gc,heap  ] GC(50)      Free:     1770M (86%)        1756M (86%)        1910M (93%)        1980M (97%)        1980M (97%)        1756M (86%)    
[2025-06-18T00:06:15.477+0300][14400][7356 ][info ][gc,heap  ] GC(50)      Used:      278M (14%)         292M (14%)         138M (7%)           68M (3%)          292M (14%)          68M (3%)     
[2025-06-18T00:06:15.477+0300][14400][7356 ][info ][gc,heap  ] GC(50)      Live:         -                18M (1%)           18M (1%)           18M (1%)             -                  -          
[2025-06-18T00:06:15.477+0300][14400][7356 ][info ][gc,heap  ] GC(50) Allocated:         -                14M (1%)           14M (1%)           14M (1%)             -                  -          
[2025-06-18T00:06:15.477+0300][14400][7356 ][info ][gc,heap  ] GC(50)   Garbage:         -               259M (13%)         105M (5%)           35M (2%)             -                  -          
[2025-06-18T00:06:15.477+0300][14400][7356 ][info ][gc,heap  ] GC(50) Reclaimed:         -                  -               154M (8%)          224M (11%)            -                  -          
[2025-06-18T00:06:15.477+0300][14400][7356 ][info ][gc       ] GC(50) Garbage Collection (Proactive) 278M(14%)->68M(3%)
[2025-06-18T00:06:22.346+0300][14400][7356 ][debug][gc,heap  ] GC(51) Heap before GC invocations=51 (full 51):
[2025-06-18T00:06:22.346+0300][14400][7356 ][debug][gc,heap  ] GC(51)  ZHeap           used 280M, capacity 2048M, max capacity 2048M
[2025-06-18T00:06:22.346+0300][14400][7356 ][debug][gc,heap  ] GC(51)  Metaspace       used 34391K, committed 35200K, reserved 1114112K
[2025-06-18T00:06:22.346+0300][14400][7356 ][debug][gc,heap  ] GC(51)   class space    used 2862K, committed 3264K, reserved 1048576K
[2025-06-18T00:06:22.346+0300][14400][20600][debug][safepoint] Safepoint synchronization initiated using striped semaphore wait barrier. (32 threads)
[2025-06-18T00:06:22.346+0300][14400][3700 ][debug][safepoint] ... found polling page loop exception at pc = 0x000001bef4710166, stub =0x000001bef3ab5b00
[2025-06-18T00:06:22.346+0300][14400][20600][info ][gc,phases] GC(51) Pause Mark Start 0.011ms
[2025-06-18T00:06:22.346+0300][14400][20600][info ][safepoint] Safepoint "XMarkStart", Time since last: 6860181100 ns, Reaching safepoint: 197700 ns, Cleanup: 16800 ns, At safepoint: 99500 ns, Total: 314000 ns
[2025-06-18T00:06:22.379+0300][14400][7356 ][info ][gc,phases] GC(51) Concurrent Mark 33.003ms
[2025-06-18T00:06:22.379+0300][14400][20600][debug][safepoint] Safepoint synchronization initiated using striped semaphore wait barrier. (32 threads)
[2025-06-18T00:06:22.379+0300][14400][20600][info ][gc,phases] GC(51) Pause Mark End 0.013ms
[2025-06-18T00:06:22.379+0300][14400][20600][info ][safepoint] Safepoint "XMarkEnd", Time since last: 33317900 ns, Reaching safepoint: 112000 ns, Cleanup: 5700 ns, At safepoint: 71900 ns, Total: 189600 ns
[2025-06-18T00:06:22.379+0300][14400][7356 ][info ][gc,phases] GC(51) Concurrent Mark Free 0.001ms
[2025-06-18T00:06:22.379+0300][14400][7356 ][debug][gc,phases] GC(51) Concurrent References Process 0.095ms
[2025-06-18T00:06:22.380+0300][14400][7356 ][debug][gc,phases] GC(51) ClassLoaderData 0.042ms
[2025-06-18T00:06:22.380+0300][14400][7356 ][debug][gc,phases] GC(51) Trigger cleanups 0.000ms
[2025-06-18T00:06:22.387+0300][14400][7356 ][debug][gc,phases] GC(51) Concurrent Classes Unlink 7.064ms
[2025-06-18T00:06:22.387+0300][14400][7356 ][debug][gc,phases] GC(51) Concurrent Classes Purge 0.022ms
[2025-06-18T00:06:22.387+0300][14400][7356 ][debug][gc,phases] GC(51) Concurrent References Enqueue 0.001ms
[2025-06-18T00:06:22.387+0300][14400][7356 ][info ][gc,phases] GC(51) Concurrent Process Non-Strong References 8.105ms
[2025-06-18T00:06:22.387+0300][14400][7356 ][info ][gc,phases] GC(51) Concurrent Reset Relocation Set 0.003ms
[2025-06-18T00:06:22.387+0300][14400][7356 ][info ][gc,phases] GC(51) Concurrent Select Relocation Set 1.155ms
[2025-06-18T00:06:22.387+0300][14400][20600][debug][safepoint] Safepoint synchronization initiated using striped semaphore wait barrier. (32 threads)
[2025-06-18T00:06:22.387+0300][14400][20600][info ][gc,phases] GC(51) Pause Relocate Start 0.007ms
[2025-06-18T00:06:22.387+0300][14400][20600][info ][safepoint] Safepoint "XRelocateStart", Time since last: 9467500 ns, Reaching safepoint: 24300 ns, Cleanup: 3800 ns, At safepoint: 19100 ns, Total: 47200 ns
[2025-06-18T00:06:22.387+0300][14400][7356 ][info ][gc,phases] GC(51) Concurrent Relocate 0.749ms
[2025-06-18T00:06:22.387+0300][14400][7356 ][debug][gc,heap  ] GC(51) Heap after GC invocations=52 (full 52):
[2025-06-18T00:06:22.387+0300][14400][7356 ][debug][gc,heap  ] GC(51)  ZHeap           used 68M, capacity 2048M, max capacity 2048M
[2025-06-18T00:06:22.387+0300][14400][7356 ][debug][gc,heap  ] GC(51)  Metaspace       used 34391K, committed 35200K, reserved 1114112K
[2025-06-18T00:06:22.387+0300][14400][7356 ][debug][gc,heap  ] GC(51)   class space    used 2862K, committed 3264K, reserved 1048576K
[2025-06-18T00:06:22.387+0300][14400][7356 ][info ][gc,heap  ] GC(51) Min Capacity: 2048M(100%)
[2025-06-18T00:06:22.387+0300][14400][7356 ][info ][gc,heap  ] GC(51) Max Capacity: 2048M(100%)
[2025-06-18T00:06:22.387+0300][14400][7356 ][info ][gc,heap  ] GC(51) Soft Max Capacity: 2048M(100%)
[2025-06-18T00:06:22.387+0300][14400][7356 ][info ][gc,heap  ] GC(51)                Mark Start          Mark End        Relocate Start      Relocate End           High               Low         
[2025-06-18T00:06:22.387+0300][14400][7356 ][info ][gc,heap  ] GC(51)  Capacity:     2048M (100%)       2048M (100%)       2048M (100%)       2048M (100%)       2048M (100%)       2048M (100%)   
[2025-06-18T00:06:22.387+0300][14400][7356 ][info ][gc,heap  ] GC(51)      Free:     1768M (86%)        1754M (86%)        1896M (93%)        1980M (97%)        1980M (97%)        1754M (86%)    
[2025-06-18T00:06:22.387+0300][14400][7356 ][info ][gc,heap  ] GC(51)      Used:      280M (14%)         294M (14%)         152M (7%)           68M (3%)          294M (14%)          68M (3%)     
[2025-06-18T00:06:22.387+0300][14400][7356 ][info ][gc,heap  ] GC(51)      Live:         -                18M (1%)           18M (1%)           18M (1%)             -                  -          
[2025-06-18T00:06:22.387+0300][14400][7356 ][info ][gc,heap  ] GC(51) Allocated:         -                14M (1%)           14M (1%)           14M (1%)             -                  -          
[2025-06-18T00:06:22.387+0300][14400][7356 ][info ][gc,heap  ] GC(51)   Garbage:         -               261M (13%)         119M (6%)           35M (2%)             -                  -          
[2025-06-18T00:06:22.387+0300][14400][7356 ][info ][gc,heap  ] GC(51) Reclaimed:         -                  -               142M (7%)          226M (11%)            -                  -          
[2025-06-18T00:06:22.387+0300][14400][7356 ][info ][gc       ] GC(51) Garbage Collection (Proactive) 280M(14%)->68M(3%)
[2025-06-18T00:06:29.137+0300][14400][7356 ][debug][gc,heap  ] GC(52) Heap before GC invocations=52 (full 52):
[2025-06-18T00:06:29.137+0300][14400][7356 ][debug][gc,heap  ] GC(52)  ZHeap           used 276M, capacity 2048M, max capacity 2048M
[2025-06-18T00:06:29.137+0300][14400][7356 ][debug][gc,heap  ] GC(52)  Metaspace       used 34391K, committed 35200K, reserved 1114112K
[2025-06-18T00:06:29.137+0300][14400][7356 ][debug][gc,heap  ] GC(52)   class space    used 2862K, committed 3264K, reserved 1048576K
[2025-06-18T00:06:29.137+0300][14400][20600][debug][safepoint] Safepoint synchronization initiated using striped semaphore wait barrier. (32 threads)
[2025-06-18T00:06:29.137+0300][14400][12436][debug][safepoint] ... found polling page loop exception at pc = 0x000001bef4503a3a, stub =0x000001bef3ab5b00
[2025-06-18T00:06:29.137+0300][14400][20600][info ][gc,phases] GC(52) Pause Mark Start 0.017ms
[2025-06-18T00:06:29.137+0300][14400][20600][info ][safepoint] Safepoint "XMarkStart", Time since last: 6748450200 ns, Reaching safepoint: 262000 ns, Cleanup: 8600 ns, At safepoint: 114700 ns, Total: 385300 ns
[2025-06-18T00:06:29.156+0300][14400][7356 ][info ][gc,phases] GC(52) Concurrent Mark 17.645ms
[2025-06-18T00:06:29.156+0300][14400][20600][debug][safepoint] Safepoint synchronization initiated using striped semaphore wait barrier. (32 threads)
[2025-06-18T00:06:29.156+0300][14400][20600][info ][gc,phases] GC(52) Pause Mark End 0.016ms
[2025-06-18T00:06:29.156+0300][14400][20600][info ][safepoint] Safepoint "XMarkEnd", Time since last: 17886400 ns, Reaching safepoint: 85900 ns, Cleanup: 11600 ns, At safepoint: 60800 ns, Total: 158300 ns
[2025-06-18T00:06:29.156+0300][14400][7356 ][info ][gc,phases] GC(52) Concurrent Mark Free 0.001ms
[2025-06-18T00:06:29.156+0300][14400][7356 ][debug][gc,phases] GC(52) Concurrent References Process 0.067ms
[2025-06-18T00:06:29.156+0300][14400][7356 ][debug][gc,phases] GC(52) ClassLoaderData 0.035ms
[2025-06-18T00:06:29.156+0300][14400][7356 ][debug][gc,phases] GC(52) Trigger cleanups 0.000ms
[2025-06-18T00:06:29.156+0300][14400][7356 ][debug][gc,phases] GC(52) Concurrent Classes Unlink 7.128ms
[2025-06-18T00:06:29.156+0300][14400][7356 ][debug][gc,phases] GC(52) Concurrent Classes Purge 0.016ms
[2025-06-18T00:06:29.156+0300][14400][7356 ][debug][gc,phases] GC(52) Concurrent References Enqueue 0.001ms
[2025-06-18T00:06:29.156+0300][14400][7356 ][info ][gc,phases] GC(52) Concurrent Process Non-Strong References 8.186ms
[2025-06-18T00:06:29.156+0300][14400][7356 ][info ][gc,phases] GC(52) Concurrent Reset Relocation Set 0.002ms
[2025-06-18T00:06:29.156+0300][14400][7356 ][info ][gc,phases] GC(52) Concurrent Select Relocation Set 1.102ms
[2025-06-18T00:06:29.156+0300][14400][20600][debug][safepoint] Safepoint synchronization initiated using striped semaphore wait barrier. (32 threads)
[2025-06-18T00:06:29.156+0300][14400][20600][info ][gc,phases] GC(52) Pause Relocate Start 0.006ms
[2025-06-18T00:06:29.156+0300][14400][20600][info ][safepoint] Safepoint "XRelocateStart", Time since last: 9439900 ns, Reaching safepoint: 23000 ns, Cleanup: 3400 ns, At safepoint: 19000 ns, Total: 45400 ns
[2025-06-18T00:06:29.156+0300][14400][7356 ][info ][gc,phases] GC(52) Concurrent Relocate 0.724ms
[2025-06-18T00:06:29.156+0300][14400][7356 ][debug][gc,heap  ] GC(52) Heap after GC invocations=53 (full 53):
[2025-06-18T00:06:29.156+0300][14400][7356 ][debug][gc,heap  ] GC(52)  ZHeap           used 70M, capacity 2048M, max capacity 2048M
[2025-06-18T00:06:29.156+0300][14400][7356 ][debug][gc,heap  ] GC(52)  Metaspace       used 34391K, committed 35200K, reserved 1114112K
[2025-06-18T00:06:29.156+0300][14400][7356 ][debug][gc,heap  ] GC(52)   class space    used 2862K, committed 3264K, reserved 1048576K
[2025-06-18T00:06:29.156+0300][14400][7356 ][info ][gc,heap  ] GC(52) Min Capacity: 2048M(100%)
[2025-06-18T00:06:29.156+0300][14400][7356 ][info ][gc,heap  ] GC(52) Max Capacity: 2048M(100%)
[2025-06-18T00:06:29.156+0300][14400][7356 ][info ][gc,heap  ] GC(52) Soft Max Capacity: 2048M(100%)
[2025-06-18T00:06:29.156+0300][14400][7356 ][info ][gc,heap  ] GC(52)                Mark Start          Mark End        Relocate Start      Relocate End           High               Low         
[2025-06-18T00:06:29.156+0300][14400][7356 ][info ][gc,heap  ] GC(52)  Capacity:     2048M (100%)       2048M (100%)       2048M (100%)       2048M (100%)       2048M (100%)       2048M (100%)   
[2025-06-18T00:06:29.156+0300][14400][7356 ][info ][gc,heap  ] GC(52)      Free:     1772M (87%)        1756M (86%)        1906M (93%)        1978M (97%)        1978M (97%)        1756M (86%)    
[2025-06-18T00:06:29.156+0300][14400][7356 ][info ][gc,heap  ] GC(52)      Used:      276M (13%)         292M (14%)         142M (7%)           70M (3%)          292M (14%)          70M (3%)     
[2025-06-18T00:06:29.156+0300][14400][7356 ][info ][gc,heap  ] GC(52)      Live:         -                18M (1%)           18M (1%)           18M (1%)             -                  -          
[2025-06-18T00:06:29.156+0300][14400][7356 ][info ][gc,heap  ] GC(52) Allocated:         -                16M (1%)           16M (1%)           16M (1%)             -                  -          
[2025-06-18T00:06:29.156+0300][14400][7356 ][info ][gc,heap  ] GC(52)   Garbage:         -               257M (13%)         107M (5%)           35M (2%)             -                  -          
[2025-06-18T00:06:29.156+0300][14400][7356 ][info ][gc,heap  ] GC(52) Reclaimed:         -                  -               150M (7%)          222M (11%)            -                  -          
[2025-06-18T00:06:29.156+0300][14400][7356 ][info ][gc       ] GC(52) Garbage Collection (Proactive) 276M(13%)->70M(3%)
[2025-06-18T00:06:35.923+0300][14400][3840 ][debug][safepoint] ... found polling page loop exception at pc = 0x000001bef442d08d, stub =0x000001bef3ab5b00
[2025-06-18T00:06:35.923+0300][14400][18024][debug][safepoint] ... found polling page loop exception at pc = 0x000001bef45002c9, stub =0x000001bef3ab5b00
[2025-06-18T00:06:36.038+0300][14400][7356 ][debug][gc,heap  ] GC(53) Heap before GC invocations=53 (full 53):
[2025-06-18T00:06:36.038+0300][14400][7356 ][debug][gc,heap  ] GC(53)  ZHeap           used 278M, capacity 2048M, max capacity 2048M
[2025-06-18T00:06:36.038+0300][14400][7356 ][debug][gc,heap  ] GC(53)  Metaspace       used 34391K, committed 35200K, reserved 1114112K
[2025-06-18T00:06:36.038+0300][14400][7356 ][debug][gc,heap  ] GC(53)   class space    used 2862K, committed 3264K, reserved 1048576K
[2025-06-18T00:06:36.038+0300][14400][20600][debug][safepoint] Safepoint synchronization initiated using striped semaphore wait barrier. (32 threads)
[2025-06-18T00:06:36.038+0300][14400][20600][info ][gc,phases] GC(53) Pause Mark Start 0.014ms
[2025-06-18T00:06:36.038+0300][14400][20600][info ][safepoint] Safepoint "XMarkStart", Time since last: 6873374800 ns, Reaching safepoint: 123400 ns, Cleanup: 9500 ns, At safepoint: 111100 ns, Total: 244000 ns
[2025-06-18T00:06:36.054+0300][14400][7356 ][info ][gc,phases] GC(53) Concurrent Mark 15.204ms
[2025-06-18T00:06:36.054+0300][14400][20600][debug][safepoint] Safepoint synchronization initiated using striped semaphore wait barrier. (32 threads)
[2025-06-18T00:06:36.054+0300][14400][20600][info ][gc,phases] GC(53) Pause Mark End 0.024ms
[2025-06-18T00:06:36.054+0300][14400][20600][info ][safepoint] Safepoint "XMarkEnd", Time since last: 15443800 ns, Reaching safepoint: 47500 ns, Cleanup: 11900 ns, At safepoint: 46400 ns, Total: 105800 ns
[2025-06-18T00:06:36.054+0300][14400][7356 ][info ][gc,phases] GC(53) Concurrent Mark Free 0.001ms
[2025-06-18T00:06:36.054+0300][14400][7356 ][debug][gc,phases] GC(53) Concurrent References Process 0.138ms
[2025-06-18T00:06:36.054+0300][14400][7356 ][debug][gc,phases] GC(53) ClassLoaderData 0.031ms
[2025-06-18T00:06:36.054+0300][14400][7356 ][debug][gc,phases] GC(53) Trigger cleanups 0.000ms
[2025-06-18T00:06:36.054+0300][14400][7356 ][debug][gc,phases] GC(53) Concurrent Classes Unlink 6.271ms
[2025-06-18T00:06:36.054+0300][14400][7356 ][debug][gc,phases] GC(53) Concurrent Classes Purge 0.006ms
[2025-06-18T00:06:36.054+0300][14400][7356 ][debug][gc,phases] GC(53) Concurrent References Enqueue 0.000ms
[2025-06-18T00:06:36.054+0300][14400][7356 ][info ][gc,phases] GC(53) Concurrent Process Non-Strong References 7.479ms
[2025-06-18T00:06:36.054+0300][14400][7356 ][info ][gc,phases] GC(53) Concurrent Reset Relocation Set 0.003ms
[2025-06-18T00:06:36.054+0300][14400][7356 ][info ][gc,phases] GC(53) Concurrent Select Relocation Set 1.099ms
[2025-06-18T00:06:36.054+0300][14400][20600][debug][safepoint] Safepoint synchronization initiated using striped semaphore wait barrier. (32 threads)
[2025-06-18T00:06:36.054+0300][14400][20600][info ][gc,phases] GC(53) Pause Relocate Start 0.007ms
[2025-06-18T00:06:36.054+0300][14400][20600][info ][safepoint] Safepoint "XRelocateStart", Time since last: 8775900 ns, Reaching safepoint: 24500 ns, Cleanup: 3400 ns, At safepoint: 20300 ns, Total: 48200 ns
[2025-06-18T00:06:36.054+0300][14400][7356 ][info ][gc,phases] GC(53) Concurrent Relocate 0.742ms
[2025-06-18T00:06:36.054+0300][14400][7356 ][debug][gc,heap  ] GC(53) Heap after GC invocations=54 (full 54):
[2025-06-18T00:06:36.054+0300][14400][7356 ][debug][gc,heap  ] GC(53)  ZHeap           used 66M, capacity 2048M, max capacity 2048M
[2025-06-18T00:06:36.054+0300][14400][7356 ][debug][gc,heap  ] GC(53)  Metaspace       used 34391K, committed 35200K, reserved 1114112K
[2025-06-18T00:06:36.054+0300][14400][7356 ][debug][gc,heap  ] GC(53)   class space    used 2862K, committed 3264K, reserved 1048576K
[2025-06-18T00:06:36.054+0300][14400][7356 ][info ][gc,heap  ] GC(53) Min Capacity: 2048M(100%)
[2025-06-18T00:06:36.054+0300][14400][7356 ][info ][gc,heap  ] GC(53) Max Capacity: 2048M(100%)
[2025-06-18T00:06:36.054+0300][14400][7356 ][info ][gc,heap  ] GC(53) Soft Max Capacity: 2048M(100%)
[2025-06-18T00:06:36.054+0300][14400][7356 ][info ][gc,heap  ] GC(53)                Mark Start          Mark End        Relocate Start      Relocate End           High               Low         
[2025-06-18T00:06:36.054+0300][14400][7356 ][info ][gc,heap  ] GC(53)  Capacity:     2048M (100%)       2048M (100%)       2048M (100%)       2048M (100%)       2048M (100%)       2048M (100%)   
[2025-06-18T00:06:36.054+0300][14400][7356 ][info ][gc,heap  ] GC(53)      Free:     1770M (86%)        1758M (86%)        1904M (93%)        1982M (97%)        1982M (97%)        1758M (86%)    
[2025-06-18T00:06:36.054+0300][14400][7356 ][info ][gc,heap  ] GC(53)      Used:      278M (14%)         290M (14%)         144M (7%)           66M (3%)          290M (14%)          66M (3%)     
[2025-06-18T00:06:36.054+0300][14400][7356 ][info ][gc,heap  ] GC(53)      Live:         -                18M (1%)           18M (1%)           18M (1%)             -                  -          
[2025-06-18T00:06:36.054+0300][14400][7356 ][info ][gc,heap  ] GC(53) Allocated:         -                12M (1%)           12M (1%)           12M (1%)             -                  -          
[2025-06-18T00:06:36.054+0300][14400][7356 ][info ][gc,heap  ] GC(53)   Garbage:         -               259M (13%)         113M (6%)           35M (2%)             -                  -          
[2025-06-18T00:06:36.054+0300][14400][7356 ][info ][gc,heap  ] GC(53) Reclaimed:         -                  -               146M (7%)          224M (11%)            -                  -          
[2025-06-18T00:06:36.054+0300][14400][7356 ][info ][gc       ] GC(53) Garbage Collection (Proactive) 278M(14%)->66M(3%)
[2025-06-18T00:06:42.746+0300][14400][7356 ][debug][gc,heap  ] GC(54) Heap before GC invocations=54 (full 54):
[2025-06-18T00:06:42.746+0300][14400][7356 ][debug][gc,heap  ] GC(54)  ZHeap           used 272M, capacity 2048M, max capacity 2048M
[2025-06-18T00:06:42.746+0300][14400][7356 ][debug][gc,heap  ] GC(54)  Metaspace       used 34391K, committed 35200K, reserved 1114112K
[2025-06-18T00:06:42.746+0300][14400][7356 ][debug][gc,heap  ] GC(54)   class space    used 2862K, committed 3264K, reserved 1048576K
[2025-06-18T00:06:42.746+0300][14400][20600][debug][safepoint] Safepoint synchronization initiated using striped semaphore wait barrier. (32 threads)
[2025-06-18T00:06:42.746+0300][14400][14668][debug][safepoint] ... found polling page loop exception at pc = 0x000001bef46105ae, stub =0x000001bef3ab5280
[2025-06-18T00:06:42.746+0300][14400][12436][debug][safepoint] ... found polling page loop exception at pc = 0x000001bef47a0556, stub =0x000001bef3ab5280
[2025-06-18T00:06:42.746+0300][14400][3700 ][debug][safepoint] ... found polling page loop exception at pc = 0x000001bef460ffcc, stub =0x000001bef3ab5280
[2025-06-18T00:06:42.746+0300][14400][20508][debug][safepoint] ... found polling page loop exception at pc = 0x000001bef43ed38f, stub =0x000001bef3ab5b00
[2025-06-18T00:06:42.746+0300][14400][21760][debug][safepoint] ... found polling page loop exception at pc = 0x000001bef4881e47, stub =0x000001bef3ab5b00
[2025-06-18T00:06:42.746+0300][14400][20600][info ][gc,phases] GC(54) Pause Mark Start 0.008ms
[2025-06-18T00:06:42.746+0300][14400][20600][info ][safepoint] Safepoint "XMarkStart", Time since last: 6682688800 ns, Reaching safepoint: 316900 ns, Cleanup: 15100 ns, At safepoint: 50800 ns, Total: 382800 ns
[2025-06-18T00:06:42.763+0300][14400][7356 ][info ][gc,phases] GC(54) Concurrent Mark 16.117ms
[2025-06-18T00:06:42.763+0300][14400][20600][debug][safepoint] Safepoint synchronization initiated using striped semaphore wait barrier. (32 threads)
[2025-06-18T00:06:42.763+0300][14400][4148 ][debug][safepoint] ... found polling page loop exception at pc = 0x000001bef4541709, stub =0x000001bef3ab5b00
[2025-06-18T00:06:42.763+0300][14400][20600][info ][gc,phases] GC(54) Pause Mark End 0.012ms
[2025-06-18T00:06:42.763+0300][14400][20600][info ][safepoint] Safepoint "XMarkEnd", Time since last: 16287700 ns, Reaching safepoint: 101800 ns, Cleanup: 5600 ns, At safepoint: 38300 ns, Total: 145700 ns
[2025-06-18T00:06:42.763+0300][14400][7356 ][info ][gc,phases] GC(54) Concurrent Mark Free 0.001ms
[2025-06-18T00:06:42.763+0300][14400][7356 ][debug][gc,phases] GC(54) Concurrent References Process 0.439ms
[2025-06-18T00:06:42.763+0300][14400][7356 ][debug][gc,phases] GC(54) ClassLoaderData 0.029ms
[2025-06-18T00:06:42.763+0300][14400][7356 ][debug][gc,phases] GC(54) Trigger cleanups 0.000ms
[2025-06-18T00:06:42.763+0300][14400][7356 ][debug][gc,phases] GC(54) Concurrent Classes Unlink 5.088ms
[2025-06-18T00:06:42.763+0300][14400][7356 ][debug][gc,phases] GC(54) Concurrent Classes Purge 0.028ms
[2025-06-18T00:06:42.763+0300][14400][7356 ][debug][gc,phases] GC(54) Concurrent References Enqueue 0.000ms
[2025-06-18T00:06:42.763+0300][14400][7356 ][info ][gc,phases] GC(54) Concurrent Process Non-Strong References 6.454ms
[2025-06-18T00:06:42.763+0300][14400][7356 ][info ][gc,phases] GC(54) Concurrent Reset Relocation Set 0.003ms
[2025-06-18T00:06:42.763+0300][14400][7356 ][info ][gc,phases] GC(54) Concurrent Select Relocation Set 1.046ms
[2025-06-18T00:06:42.763+0300][14400][20600][debug][safepoint] Safepoint synchronization initiated using striped semaphore wait barrier. (32 threads)
[2025-06-18T00:06:42.763+0300][14400][20600][info ][gc,phases] GC(54) Pause Relocate Start 0.006ms
[2025-06-18T00:06:42.763+0300][14400][20600][info ][safepoint] Safepoint "XRelocateStart", Time since last: 7691600 ns, Reaching safepoint: 21200 ns, Cleanup: 5300 ns, At safepoint: 18100 ns, Total: 44600 ns
[2025-06-18T00:06:42.763+0300][14400][7356 ][info ][gc,phases] GC(54) Concurrent Relocate 0.699ms
[2025-06-18T00:06:42.763+0300][14400][7356 ][debug][gc,heap  ] GC(54) Heap after GC invocations=55 (full 55):
[2025-06-18T00:06:42.763+0300][14400][7356 ][debug][gc,heap  ] GC(54)  ZHeap           used 70M, capacity 2048M, max capacity 2048M
[2025-06-18T00:06:42.763+0300][14400][7356 ][debug][gc,heap  ] GC(54)  Metaspace       used 34391K, committed 35200K, reserved 1114112K
[2025-06-18T00:06:42.763+0300][14400][7356 ][debug][gc,heap  ] GC(54)   class space    used 2862K, committed 3264K, reserved 1048576K
[2025-06-18T00:06:42.763+0300][14400][7356 ][info ][gc,heap  ] GC(54) Min Capacity: 2048M(100%)
[2025-06-18T00:06:42.763+0300][14400][7356 ][info ][gc,heap  ] GC(54) Max Capacity: 2048M(100%)
[2025-06-18T00:06:42.763+0300][14400][7356 ][info ][gc,heap  ] GC(54) Soft Max Capacity: 2048M(100%)
[2025-06-18T00:06:42.763+0300][14400][7356 ][info ][gc,heap  ] GC(54)                Mark Start          Mark End        Relocate Start      Relocate End           High               Low         
[2025-06-18T00:06:42.763+0300][14400][7356 ][info ][gc,heap  ] GC(54)  Capacity:     2048M (100%)       2048M (100%)       2048M (100%)       2048M (100%)       2048M (100%)       2048M (100%)   
[2025-06-18T00:06:42.763+0300][14400][7356 ][info ][gc,heap  ] GC(54)      Free:     1774M (87%)        1758M (86%)        1900M (93%)        1978M (97%)        1978M (97%)        1758M (86%)    
[2025-06-18T00:06:42.763+0300][14400][7356 ][info ][gc,heap  ] GC(54)      Used:      274M (13%)         290M (14%)         148M (7%)           70M (3%)          290M (14%)          70M (3%)     
[2025-06-18T00:06:42.763+0300][14400][7356 ][info ][gc,heap  ] GC(54)      Live:         -                18M (1%)           18M (1%)           18M (1%)             -                  -          
[2025-06-18T00:06:42.763+0300][14400][7356 ][info ][gc,heap  ] GC(54) Allocated:         -                16M (1%)           16M (1%)           16M (1%)             -                  -          
[2025-06-18T00:06:42.763+0300][14400][7356 ][info ][gc,heap  ] GC(54)   Garbage:         -               255M (12%)         113M (6%)           35M (2%)             -                  -          
[2025-06-18T00:06:42.763+0300][14400][7356 ][info ][gc,heap  ] GC(54) Reclaimed:         -                  -               142M (7%)          220M (11%)            -                  -          
[2025-06-18T00:06:42.763+0300][14400][7356 ][info ][gc       ] GC(54) Garbage Collection (Proactive) 274M(13%)->70M(3%)
[2025-06-18T00:06:49.438+0300][14400][7356 ][debug][gc,heap  ] GC(55) Heap before GC invocations=55 (full 55):
[2025-06-18T00:06:49.438+0300][14400][7356 ][debug][gc,heap  ] GC(55)  ZHeap           used 276M, capacity 2048M, max capacity 2048M
[2025-06-18T00:06:49.438+0300][14400][7356 ][debug][gc,heap  ] GC(55)  Metaspace       used 34391K, committed 35200K, reserved 1114112K
[2025-06-18T00:06:49.438+0300][14400][7356 ][debug][gc,heap  ] GC(55)   class space    used 2862K, committed 3264K, reserved 1048576K
[2025-06-18T00:06:49.438+0300][14400][20600][debug][safepoint] Safepoint synchronization initiated using striped semaphore wait barrier. (32 threads)
[2025-06-18T00:06:49.438+0300][14400][8060 ][debug][safepoint] ... found polling page loop exception at pc = 0x000001bef477cb5a, stub =0x000001bef3ab5b00
[2025-06-18T00:06:49.438+0300][14400][4148 ][debug][safepoint] ... found polling page loop exception at pc = 0x000001bef45b9aaa, stub =0x000001bef3ab5b00
[2025-06-18T00:06:49.438+0300][14400][18024][debug][safepoint] ... found polling page loop exception at pc = 0x000001bef442819b, stub =0x000001bef3ab5280
[2025-06-18T00:06:49.438+0300][14400][12708][debug][safepoint] ... found polling page loop exception at pc = 0x000001bef475818d, stub =0x000001bef3ab5280
[2025-06-18T00:06:49.438+0300][14400][20600][info ][gc,phases] GC(55) Pause Mark Start 0.015ms
[2025-06-18T00:06:49.438+0300][14400][20600][info ][safepoint] Safepoint "XMarkStart", Time since last: 6668109400 ns, Reaching safepoint: 663200 ns, Cleanup: 30800 ns, At safepoint: 161900 ns, Total: 855900 ns
[2025-06-18T00:06:49.470+0300][14400][7356 ][info ][gc,phases] GC(55) Concurrent Mark 30.234ms
[2025-06-18T00:06:49.470+0300][14400][20600][debug][safepoint] Safepoint synchronization initiated using striped semaphore wait barrier. (32 threads)
[2025-06-18T00:06:49.470+0300][14400][20600][info ][gc,phases] GC(55) Pause Mark End 0.053ms
[2025-06-18T00:06:49.470+0300][14400][20600][info ][safepoint] Safepoint "XMarkEnd", Time since last: 30493200 ns, Reaching safepoint: 35500 ns, Cleanup: 5400 ns, At safepoint: 102800 ns, Total: 143700 ns
[2025-06-18T00:06:49.470+0300][14400][7356 ][info ][gc,phases] GC(55) Concurrent Mark Free 0.001ms
[2025-06-18T00:06:49.470+0300][14400][7356 ][debug][gc,phases] GC(55) Concurrent References Process 0.130ms
[2025-06-18T00:06:49.471+0300][14400][7356 ][debug][gc,phases] GC(55) ClassLoaderData 0.040ms
[2025-06-18T00:06:49.471+0300][14400][7356 ][debug][gc,phases] GC(55) Trigger cleanups 0.000ms
[2025-06-18T00:06:49.471+0300][14400][7356 ][debug][gc,phases] GC(55) Concurrent Classes Unlink 7.101ms
[2025-06-18T00:06:49.471+0300][14400][7356 ][debug][gc,phases] GC(55) Concurrent Classes Purge 0.021ms
[2025-06-18T00:06:49.471+0300][14400][7356 ][debug][gc,phases] GC(55) Concurrent References Enqueue 0.000ms
[2025-06-18T00:06:49.471+0300][14400][7356 ][info ][gc,phases] GC(55) Concurrent Process Non-Strong References 8.184ms
[2025-06-18T00:06:49.471+0300][14400][7356 ][info ][gc,phases] GC(55) Concurrent Reset Relocation Set 0.002ms
[2025-06-18T00:06:49.471+0300][14400][7356 ][info ][gc,phases] GC(55) Concurrent Select Relocation Set 1.137ms
[2025-06-18T00:06:49.471+0300][14400][20600][debug][safepoint] Safepoint synchronization initiated using striped semaphore wait barrier. (32 threads)
[2025-06-18T00:06:49.471+0300][14400][20600][info ][gc,phases] GC(55) Pause Relocate Start 0.007ms
[2025-06-18T00:06:49.471+0300][14400][20600][info ][safepoint] Safepoint "XRelocateStart", Time since last: 9492100 ns, Reaching safepoint: 23400 ns, Cleanup: 3500 ns, At safepoint: 18900 ns, Total: 45800 ns
[2025-06-18T00:06:49.471+0300][14400][7356 ][info ][gc,phases] GC(55) Concurrent Relocate 0.746ms
[2025-06-18T00:06:49.471+0300][14400][7356 ][debug][gc,heap  ] GC(55) Heap after GC invocations=56 (full 56):
[2025-06-18T00:06:49.471+0300][14400][7356 ][debug][gc,heap  ] GC(55)  ZHeap           used 70M, capacity 2048M, max capacity 2048M
[2025-06-18T00:06:49.471+0300][14400][7356 ][debug][gc,heap  ] GC(55)  Metaspace       used 34391K, committed 35200K, reserved 1114112K
[2025-06-18T00:06:49.471+0300][14400][7356 ][debug][gc,heap  ] GC(55)   class space    used 2862K, committed 3264K, reserved 1048576K
[2025-06-18T00:06:49.471+0300][14400][7356 ][info ][gc,heap  ] GC(55) Min Capacity: 2048M(100%)
[2025-06-18T00:06:49.471+0300][14400][7356 ][info ][gc,heap  ] GC(55) Max Capacity: 2048M(100%)
[2025-06-18T00:06:49.471+0300][14400][7356 ][info ][gc,heap  ] GC(55) Soft Max Capacity: 2048M(100%)
[2025-06-18T00:06:49.471+0300][14400][7356 ][info ][gc,heap  ] GC(55)                Mark Start          Mark End        Relocate Start      Relocate End           High               Low         
[2025-06-18T00:06:49.471+0300][14400][7356 ][info ][gc,heap  ] GC(55)  Capacity:     2048M (100%)       2048M (100%)       2048M (100%)       2048M (100%)       2048M (100%)       2048M (100%)   
[2025-06-18T00:06:49.471+0300][14400][7356 ][info ][gc,heap  ] GC(55)      Free:     1772M (87%)        1758M (86%)        1904M (93%)        1978M (97%)        1978M (97%)        1756M (86%)    
[2025-06-18T00:06:49.471+0300][14400][7356 ][info ][gc,heap  ] GC(55)      Used:      276M (13%)         290M (14%)         144M (7%)           70M (3%)          292M (14%)          70M (3%)     
[2025-06-18T00:06:49.471+0300][14400][7356 ][info ][gc,heap  ] GC(55)      Live:         -                18M (1%)           18M (1%)           18M (1%)             -                  -          
[2025-06-18T00:06:49.471+0300][14400][7356 ][info ][gc,heap  ] GC(55) Allocated:         -                14M (1%)           16M (1%)           16M (1%)             -                  -          
[2025-06-18T00:06:49.471+0300][14400][7356 ][info ][gc,heap  ] GC(55)   Garbage:         -               257M (13%)         109M (5%)           35M (2%)             -                  -          
[2025-06-18T00:06:49.471+0300][14400][7356 ][info ][gc,heap  ] GC(55) Reclaimed:         -                  -               148M (7%)          222M (11%)            -                  -          
[2025-06-18T00:06:49.471+0300][14400][7356 ][info ][gc       ] GC(55) Garbage Collection (Proactive) 276M(13%)->70M(3%)
[2025-06-18T00:06:55.141+0300][14400][7356 ][debug][gc,heap  ] GC(56) Heap before GC invocations=56 (full 56):
[2025-06-18T00:06:55.141+0300][14400][7356 ][debug][gc,heap  ] GC(56)  ZHeap           used 264M, capacity 2048M, max capacity 2048M
[2025-06-18T00:06:55.141+0300][14400][7356 ][debug][gc,heap  ] GC(56)  Metaspace       used 34406K, committed 35200K, reserved 1114112K
[2025-06-18T00:06:55.141+0300][14400][7356 ][debug][gc,heap  ] GC(56)   class space    used 2863K, committed 3264K, reserved 1048576K
[2025-06-18T00:06:55.141+0300][14400][20600][debug][safepoint] Safepoint synchronization initiated using striped semaphore wait barrier. (24 threads)
[2025-06-18T00:06:55.141+0300][14400][20600][info ][gc,phases] GC(56) Pause Mark Start 0.005ms
[2025-06-18T00:06:55.141+0300][14400][20600][info ][safepoint] Safepoint "XMarkStart", Time since last: 5667378200 ns, Reaching safepoint: 30100 ns, Cleanup: 10900 ns, At safepoint: 21200 ns, Total: 62200 ns
[2025-06-18T00:06:55.173+0300][14400][7356 ][info ][gc,phases] GC(56) Concurrent Mark 25.734ms
[2025-06-18T00:06:55.173+0300][14400][20600][debug][safepoint] Safepoint synchronization initiated using striped semaphore wait barrier. (24 threads)
[2025-06-18T00:06:55.173+0300][14400][20600][info ][gc,phases] GC(56) Pause Mark End 0.015ms
[2025-06-18T00:06:55.173+0300][14400][20600][info ][safepoint] Safepoint "XMarkEnd", Time since last: 25871900 ns, Reaching safepoint: 27700 ns, Cleanup: 4400 ns, At safepoint: 29600 ns, Total: 61700 ns
[2025-06-18T00:06:55.173+0300][14400][7356 ][info ][gc,phases] GC(56) Concurrent Mark Free 0.001ms
[2025-06-18T00:06:55.173+0300][14400][7356 ][debug][gc,phases] GC(56) Concurrent References Process 0.152ms
[2025-06-18T00:06:55.173+0300][14400][7356 ][debug][gc,phases] GC(56) ClassLoaderData 0.298ms
[2025-06-18T00:06:55.173+0300][14400][7356 ][debug][gc,phases] GC(56) Trigger cleanups 0.008ms
[2025-06-18T00:06:55.173+0300][14400][7356 ][debug][gc,phases] GC(56) Concurrent Classes Unlink 13.980ms
[2025-06-18T00:06:55.189+0300][14400][7356 ][debug][gc,phases] GC(56) Concurrent Classes Purge 1.120ms
[2025-06-18T00:06:55.189+0300][14400][7356 ][debug][gc,phases] GC(56) Concurrent References Enqueue 0.005ms
[2025-06-18T00:06:55.189+0300][14400][7356 ][info ][gc,phases] GC(56) Concurrent Process Non-Strong References 16.279ms
[2025-06-18T00:06:55.189+0300][14400][7356 ][info ][gc,phases] GC(56) Concurrent Reset Relocation Set 0.004ms
[2025-06-18T00:06:55.189+0300][14400][7356 ][info ][gc,phases] GC(56) Concurrent Select Relocation Set 2.081ms
[2025-06-18T00:06:55.189+0300][14400][20600][debug][safepoint] Safepoint synchronization initiated using striped semaphore wait barrier. (24 threads)
[2025-06-18T00:06:55.189+0300][14400][20600][info ][gc,phases] GC(56) Pause Relocate Start 0.006ms
[2025-06-18T00:06:55.189+0300][14400][20600][info ][safepoint] Safepoint "XRelocateStart", Time since last: 18560600 ns, Reaching safepoint: 30500 ns, Cleanup: 9900 ns, At safepoint: 20000 ns, Total: 60400 ns
[2025-06-18T00:06:55.189+0300][14400][7356 ][info ][gc,phases] GC(56) Concurrent Relocate 1.714ms
[2025-06-18T00:06:55.189+0300][14400][7356 ][debug][gc,heap  ] GC(56) Heap after GC invocations=57 (full 57):
[2025-06-18T00:06:55.189+0300][14400][7356 ][debug][gc,heap  ] GC(56)  ZHeap           used 56M, capacity 2048M, max capacity 2048M
[2025-06-18T00:06:55.189+0300][14400][7356 ][debug][gc,heap  ] GC(56)  Metaspace       used 33372K, committed 35200K, reserved 1114112K
[2025-06-18T00:06:55.189+0300][14400][7356 ][debug][gc,heap  ] GC(56)   class space    used 2786K, committed 3264K, reserved 1048576K
[2025-06-18T00:06:55.189+0300][14400][7356 ][info ][gc,heap  ] GC(56) Min Capacity: 2048M(100%)
[2025-06-18T00:06:55.189+0300][14400][7356 ][info ][gc,heap  ] GC(56) Max Capacity: 2048M(100%)
[2025-06-18T00:06:55.189+0300][14400][7356 ][info ][gc,heap  ] GC(56) Soft Max Capacity: 2048M(100%)
[2025-06-18T00:06:55.189+0300][14400][7356 ][info ][gc,heap  ] GC(56)                Mark Start          Mark End        Relocate Start      Relocate End           High               Low         
[2025-06-18T00:06:55.189+0300][14400][7356 ][info ][gc,heap  ] GC(56)  Capacity:     2048M (100%)       2048M (100%)       2048M (100%)       2048M (100%)       2048M (100%)       2048M (100%)   
[2025-06-18T00:06:55.189+0300][14400][7356 ][info ][gc,heap  ] GC(56)      Free:     1784M (87%)        1784M (87%)        1926M (94%)        1992M (97%)        1992M (97%)        1780M (87%)    
[2025-06-18T00:06:55.189+0300][14400][7356 ][info ][gc,heap  ] GC(56)      Used:      264M (13%)         264M (13%)         122M (6%)           56M (3%)          268M (13%)          56M (3%)     
[2025-06-18T00:06:55.189+0300][14400][7356 ][info ][gc,heap  ] GC(56)      Live:         -                16M (1%)           16M (1%)           16M (1%)             -                  -          
[2025-06-18T00:06:55.189+0300][14400][7356 ][info ][gc,heap  ] GC(56) Allocated:         -                 0M (0%)            4M (0%)            4M (0%)             -                  -          
[2025-06-18T00:06:55.189+0300][14400][7356 ][info ][gc,heap  ] GC(56)   Garbage:         -               247M (12%)         101M (5%)           35M (2%)             -                  -          
[2025-06-18T00:06:55.189+0300][14400][7356 ][info ][gc,heap  ] GC(56) Reclaimed:         -                  -               146M (7%)          212M (10%)            -                  -          
[2025-06-18T00:06:55.189+0300][14400][7356 ][info ][gc       ] GC(56) Garbage Collection (System.gc()) 264M(13%)->56M(3%)
[2025-06-18T00:06:56.197+0300][14400][20600][debug][safepoint] Safepoint synchronization initiated using striped semaphore wait barrier. (32 threads)
[2025-06-18T00:06:56.197+0300][14400][18024][debug][safepoint] ... found polling page loop exception at pc = 0x000001bef466744e, stub =0x000001bef3ab5b00
[2025-06-18T00:06:56.197+0300][14400][12436][debug][safepoint] ... found polling page loop exception at pc = 0x000001bef4741653, stub =0x000001bef3ab5b00
[2025-06-18T00:06:56.197+0300][14400][20600][info ][safepoint] Safepoint "Cleanup", Time since last: 1005536500 ns, Reaching safepoint: 264000 ns, Cleanup: 31700 ns, At safepoint: 10700 ns, Total: 306400 ns
[2025-06-18T00:06:57.203+0300][14400][20600][debug][safepoint] Safepoint synchronization initiated using striped semaphore wait barrier. (32 threads)
[2025-06-18T00:06:57.203+0300][14400][3672 ][debug][safepoint] ... found polling page loop exception at pc = 0x000001bef4574700, stub =0x000001bef3ab5280
[2025-06-18T00:06:57.203+0300][14400][20600][info ][safepoint] Safepoint "Cleanup", Time since last: 1005399500 ns, Reaching safepoint: 245600 ns, Cleanup: 24300 ns, At safepoint: 25100 ns, Total: 295000 ns
[2025-06-18T00:06:58.215+0300][14400][20600][debug][safepoint] Safepoint synchronization initiated using striped semaphore wait barrier. (32 threads)
[2025-06-18T00:06:58.215+0300][14400][21292][debug][safepoint] ... found polling page loop exception at pc = 0x000001bef4881e47, stub =0x000001bef3ab5b00
[2025-06-18T00:06:58.215+0300][14400][20600][info ][safepoint] Safepoint "Cleanup", Time since last: 1012309900 ns, Reaching safepoint: 360100 ns, Cleanup: 21000 ns, At safepoint: 28100 ns, Total: 409200 ns
[2025-06-18T00:06:59.449+0300][14400][7356 ][debug][gc,heap  ] GC(57) Heap before GC invocations=57 (full 57):
[2025-06-18T00:06:59.449+0300][14400][7356 ][debug][gc,heap  ] GC(57)  ZHeap           used 264M, capacity 2048M, max capacity 2048M
[2025-06-18T00:06:59.449+0300][14400][7356 ][debug][gc,heap  ] GC(57)  Metaspace       used 34101K, committed 35264K, reserved 1114112K
[2025-06-18T00:06:59.449+0300][14400][7356 ][debug][gc,heap  ] GC(57)   class space    used 2858K, committed 3264K, reserved 1048576K
[2025-06-18T00:06:59.449+0300][14400][20600][debug][safepoint] Safepoint synchronization initiated using striped semaphore wait barrier. (32 threads)
[2025-06-18T00:06:59.449+0300][14400][20600][info ][gc,phases] GC(57) Pause Mark Start 0.017ms
[2025-06-18T00:06:59.449+0300][14400][20600][info ][safepoint] Safepoint "XMarkStart", Time since last: 1233239900 ns, Reaching safepoint: 150300 ns, Cleanup: 11400 ns, At safepoint: 138700 ns, Total: 300400 ns
[2025-06-18T00:06:59.481+0300][14400][7356 ][info ][gc,phases] GC(57) Concurrent Mark 30.948ms
[2025-06-18T00:06:59.481+0300][14400][20600][debug][safepoint] Safepoint synchronization initiated using striped semaphore wait barrier. (32 threads)
[2025-06-18T00:06:59.481+0300][14400][3672 ][debug][safepoint] ... found polling page loop exception at pc = 0x000001bef4239809, stub =0x000001bef3ab5280
[2025-06-18T00:06:59.481+0300][14400][20600][info ][gc,phases] GC(57) Pause Mark End 0.014ms
[2025-06-18T00:06:59.481+0300][14400][20600][info ][safepoint] Safepoint "XMarkEnd", Time since last: 31572200 ns, Reaching safepoint: 98100 ns, Cleanup: 5800 ns, At safepoint: 58300 ns, Total: 162200 ns
[2025-06-18T00:06:59.481+0300][14400][7356 ][info ][gc,phases] GC(57) Concurrent Mark Free 0.005ms
[2025-06-18T00:06:59.482+0300][14400][7356 ][debug][gc,phases] GC(57) Concurrent References Process 0.155ms
[2025-06-18T00:06:59.482+0300][14400][7356 ][debug][gc,phases] GC(57) ClassLoaderData 0.029ms
[2025-06-18T00:06:59.482+0300][14400][7356 ][debug][gc,phases] GC(57) Trigger cleanups 0.000ms
[2025-06-18T00:06:59.482+0300][14400][7356 ][debug][gc,phases] GC(57) Concurrent Classes Unlink 6.501ms
[2025-06-18T00:06:59.482+0300][14400][7356 ][debug][gc,phases] GC(57) Concurrent Classes Purge 0.089ms
[2025-06-18T00:06:59.482+0300][14400][7356 ][debug][gc,phases] GC(57) Concurrent References Enqueue 0.004ms
[2025-06-18T00:06:59.482+0300][14400][7356 ][info ][gc,phases] GC(57) Concurrent Process Non-Strong References 7.715ms
[2025-06-18T00:06:59.482+0300][14400][7356 ][info ][gc,phases] GC(57) Concurrent Reset Relocation Set 0.002ms
[2025-06-18T00:06:59.482+0300][14400][20600][debug][safepoint] Safepoint synchronization initiated using striped semaphore wait barrier. (32 threads)
[2025-06-18T00:06:59.482+0300][14400][20600][info ][safepoint] Safepoint "CleanClassLoaderDataMetaspaces", Time since last: 8045100 ns, Reaching safepoint: 46000 ns, Cleanup: 182600 ns, At safepoint: 54500 ns, Total: 283100 ns
[2025-06-18T00:06:59.482+0300][14400][7356 ][info ][gc,phases] GC(57) Concurrent Select Relocation Set 1.467ms
[2025-06-18T00:06:59.482+0300][14400][20600][debug][safepoint] Safepoint synchronization initiated using striped semaphore wait barrier. (32 threads)
[2025-06-18T00:06:59.482+0300][14400][20600][info ][gc,phases] GC(57) Pause Relocate Start 0.006ms
[2025-06-18T00:06:59.482+0300][14400][20600][info ][safepoint] Safepoint "XRelocateStart", Time since last: 1233900 ns, Reaching safepoint: 19700 ns, Cleanup: 1900 ns, At safepoint: 18700 ns, Total: 40300 ns
[2025-06-18T00:06:59.482+0300][14400][7356 ][info ][gc,phases] GC(57) Concurrent Relocate 0.653ms
[2025-06-18T00:06:59.482+0300][14400][7356 ][debug][gc,heap  ] GC(57) Heap after GC invocations=58 (full 58):
[2025-06-18T00:06:59.482+0300][14400][7356 ][debug][gc,heap  ] GC(57)  ZHeap           used 70M, capacity 2048M, max capacity 2048M
[2025-06-18T00:06:59.482+0300][14400][7356 ][debug][gc,heap  ] GC(57)  Metaspace       used 34103K, committed 35264K, reserved 1114112K
[2025-06-18T00:06:59.482+0300][14400][7356 ][debug][gc,heap  ] GC(57)   class space    used 2858K, committed 3264K, reserved 1048576K
[2025-06-18T00:06:59.482+0300][14400][7356 ][info ][gc,heap  ] GC(57) Min Capacity: 2048M(100%)
[2025-06-18T00:06:59.482+0300][14400][7356 ][info ][gc,heap  ] GC(57) Max Capacity: 2048M(100%)
[2025-06-18T00:06:59.482+0300][14400][7356 ][info ][gc,heap  ] GC(57) Soft Max Capacity: 2048M(100%)
[2025-06-18T00:06:59.482+0300][14400][7356 ][info ][gc,heap  ] GC(57)                Mark Start          Mark End        Relocate Start      Relocate End           High               Low         
[2025-06-18T00:06:59.482+0300][14400][7356 ][info ][gc,heap  ] GC(57)  Capacity:     2048M (100%)       2048M (100%)       2048M (100%)       2048M (100%)       2048M (100%)       2048M (100%)   
[2025-06-18T00:06:59.482+0300][14400][7356 ][info ][gc,heap  ] GC(57)      Free:     1784M (87%)        1768M (86%)        1832M (89%)        1978M (97%)        1978M (97%)        1768M (86%)    
[2025-06-18T00:06:59.482+0300][14400][7356 ][info ][gc,heap  ] GC(57)      Used:      264M (13%)         280M (14%)         216M (11%)          70M (3%)          280M (14%)          70M (3%)     
[2025-06-18T00:06:59.482+0300][14400][7356 ][info ][gc,heap  ] GC(57)      Live:         -                18M (1%)           18M (1%)           18M (1%)             -                  -          
[2025-06-18T00:06:59.482+0300][14400][7356 ][info ][gc,heap  ] GC(57) Allocated:         -                16M (1%)           16M (1%)           16M (1%)             -                  -          
[2025-06-18T00:06:59.482+0300][14400][7356 ][info ][gc,heap  ] GC(57)   Garbage:         -               245M (12%)         181M (9%)           35M (2%)             -                  -          
[2025-06-18T00:06:59.482+0300][14400][7356 ][info ][gc,heap  ] GC(57) Reclaimed:         -                  -                64M (3%)          210M (10%)            -                  -          
[2025-06-18T00:06:59.482+0300][14400][7356 ][info ][gc       ] GC(57) Garbage Collection (Proactive) 264M(13%)->70M(3%)
[2025-06-18T00:07:01.495+0300][14400][20600][debug][safepoint] Safepoint synchronization initiated using striped semaphore wait barrier. (32 threads)
[2025-06-18T00:07:01.495+0300][14400][20600][info ][safepoint] Safepoint "Cleanup", Time since last: 2003813000 ns, Reaching safepoint: 130800 ns, Cleanup: 25900 ns, At safepoint: 20000 ns, Total: 176700 ns
[2025-06-18T00:07:02.507+0300][14400][20600][debug][safepoint] Safepoint synchronization initiated using striped semaphore wait barrier. (32 threads)
[2025-06-18T00:07:02.508+0300][14400][20600][info ][safepoint] Safepoint "Cleanup", Time since last: 1012314800 ns, Reaching safepoint: 175200 ns, Cleanup: 17200 ns, At safepoint: 18600 ns, Total: 211000 ns
[2025-06-18T00:07:04.520+0300][14400][20600][debug][safepoint] Safepoint synchronization initiated using striped semaphore wait barrier. (32 threads)
[2025-06-18T00:07:04.520+0300][14400][20600][info ][safepoint] Safepoint "Cleanup", Time since last: 2012543400 ns, Reaching safepoint: 84500 ns, Cleanup: 20300 ns, At safepoint: 2200 ns, Total: 107000 ns
[2025-06-18T00:07:06.139+0300][14400][7356 ][debug][gc,heap  ] GC(58) Heap before GC invocations=58 (full 58):
[2025-06-18T00:07:06.139+0300][14400][7356 ][debug][gc,heap  ] GC(58)  ZHeap           used 276M, capacity 2048M, max capacity 2048M
[2025-06-18T00:07:06.139+0300][14400][7356 ][debug][gc,heap  ] GC(58)  Metaspace       used 34174K, committed 35264K, reserved 1114112K
[2025-06-18T00:07:06.139+0300][14400][7356 ][debug][gc,heap  ] GC(58)   class space    used 2861K, committed 3264K, reserved 1048576K
[2025-06-18T00:07:06.139+0300][14400][20600][debug][safepoint] Safepoint synchronization initiated using striped semaphore wait barrier. (32 threads)
[2025-06-18T00:07:06.139+0300][14400][20600][info ][gc,phases] GC(58) Pause Mark Start 0.016ms
[2025-06-18T00:07:06.139+0300][14400][20600][info ][safepoint] Safepoint "XMarkStart", Time since last: 1618818000 ns, Reaching safepoint: 131600 ns, Cleanup: 26400 ns, At safepoint: 103500 ns, Total: 261500 ns
[2025-06-18T00:07:06.155+0300][14400][7356 ][info ][gc,phases] GC(58) Concurrent Mark 15.553ms
[2025-06-18T00:07:06.155+0300][14400][20600][debug][safepoint] Safepoint synchronization initiated using striped semaphore wait barrier. (32 threads)
[2025-06-18T00:07:06.155+0300][14400][18184][debug][safepoint] ... found polling page loop exception at pc = 0x000001bef475818d, stub =0x000001bef3ab5280
[2025-06-18T00:07:06.155+0300][14400][10224][debug][safepoint] ... found polling page loop exception at pc = 0x000001bef475818d, stub =0x000001bef3ab5280
[2025-06-18T00:07:06.155+0300][14400][20600][info ][gc,phases] GC(58) Pause Mark End 0.012ms
[2025-06-18T00:07:06.155+0300][14400][20600][info ][safepoint] Safepoint "XMarkEnd", Time since last: 15762700 ns, Reaching safepoint: 135700 ns, Cleanup: 3000 ns, At safepoint: 44600 ns, Total: 183300 ns
[2025-06-18T00:07:06.155+0300][14400][7356 ][info ][gc,phases] GC(58) Concurrent Mark Free 0.000ms
[2025-06-18T00:07:06.155+0300][14400][7356 ][debug][gc,phases] GC(58) Concurrent References Process 0.106ms
[2025-06-18T00:07:06.155+0300][14400][7356 ][debug][gc,phases] GC(58) ClassLoaderData 0.046ms
[2025-06-18T00:07:06.155+0300][14400][7356 ][debug][gc,phases] GC(58) Trigger cleanups 0.000ms
[2025-06-18T00:07:06.155+0300][14400][7356 ][debug][gc,phases] GC(58) Concurrent Classes Unlink 6.703ms
[2025-06-18T00:07:06.155+0300][14400][7356 ][debug][gc,phases] GC(58) Concurrent Classes Purge 0.046ms
[2025-06-18T00:07:06.155+0300][14400][7356 ][debug][gc,phases] GC(58) Concurrent References Enqueue 0.000ms
[2025-06-18T00:07:06.155+0300][14400][7356 ][info ][gc,phases] GC(58) Concurrent Process Non-Strong References 7.562ms
[2025-06-18T00:07:06.155+0300][14400][7356 ][info ][gc,phases] GC(58) Concurrent Reset Relocation Set 0.005ms
[2025-06-18T00:07:06.155+0300][14400][7356 ][info ][gc,phases] GC(58) Concurrent Select Relocation Set 1.266ms
[2025-06-18T00:07:06.155+0300][14400][20600][debug][safepoint] Safepoint synchronization initiated using striped semaphore wait barrier. (32 threads)
[2025-06-18T00:07:06.155+0300][14400][20600][info ][gc,phases] GC(58) Pause Relocate Start 0.007ms
[2025-06-18T00:07:06.155+0300][14400][20600][info ][safepoint] Safepoint "XRelocateStart", Time since last: 8992200 ns, Reaching safepoint: 24100 ns, Cleanup: 3500 ns, At safepoint: 19900 ns, Total: 47500 ns
[2025-06-18T00:07:06.155+0300][14400][7356 ][info ][gc,phases] GC(58) Concurrent Relocate 0.418ms
[2025-06-18T00:07:06.155+0300][14400][7356 ][debug][gc,heap  ] GC(58) Heap after GC invocations=59 (full 59):
[2025-06-18T00:07:06.155+0300][14400][7356 ][debug][gc,heap  ] GC(58)  ZHeap           used 68M, capacity 2048M, max capacity 2048M
[2025-06-18T00:07:06.155+0300][14400][7356 ][debug][gc,heap  ] GC(58)  Metaspace       used 34174K, committed 35264K, reserved 1114112K
[2025-06-18T00:07:06.155+0300][14400][7356 ][debug][gc,heap  ] GC(58)   class space    used 2861K, committed 3264K, reserved 1048576K
[2025-06-18T00:07:06.155+0300][14400][7356 ][info ][gc,heap  ] GC(58) Min Capacity: 2048M(100%)
[2025-06-18T00:07:06.155+0300][14400][7356 ][info ][gc,heap  ] GC(58) Max Capacity: 2048M(100%)
[2025-06-18T00:07:06.155+0300][14400][7356 ][info ][gc,heap  ] GC(58) Soft Max Capacity: 2048M(100%)
[2025-06-18T00:07:06.155+0300][14400][7356 ][info ][gc,heap  ] GC(58)                Mark Start          Mark End        Relocate Start      Relocate End           High               Low         
[2025-06-18T00:07:06.155+0300][14400][7356 ][info ][gc,heap  ] GC(58)  Capacity:     2048M (100%)       2048M (100%)       2048M (100%)       2048M (100%)       2048M (100%)       2048M (100%)   
[2025-06-18T00:07:06.155+0300][14400][7356 ][info ][gc,heap  ] GC(58)      Free:     1772M (87%)        1758M (86%)        1860M (91%)        1980M (97%)        1980M (97%)        1758M (86%)    
[2025-06-18T00:07:06.155+0300][14400][7356 ][info ][gc,heap  ] GC(58)      Used:      276M (13%)         290M (14%)         188M (9%)           68M (3%)          290M (14%)          68M (3%)     
[2025-06-18T00:07:06.155+0300][14400][7356 ][info ][gc,heap  ] GC(58)      Live:         -                18M (1%)           18M (1%)           18M (1%)             -                  -          
[2025-06-18T00:07:06.155+0300][14400][7356 ][info ][gc,heap  ] GC(58) Allocated:         -                14M (1%)           14M (1%)           14M (1%)             -                  -          
[2025-06-18T00:07:06.155+0300][14400][7356 ][info ][gc,heap  ] GC(58)   Garbage:         -               257M (13%)         155M (8%)           35M (2%)             -                  -          
[2025-06-18T00:07:06.155+0300][14400][7356 ][info ][gc,heap  ] GC(58) Reclaimed:         -                  -               102M (5%)          222M (11%)            -                  -          
[2025-06-18T00:07:06.155+0300][14400][7356 ][info ][gc       ] GC(58) Garbage Collection (Proactive) 276M(13%)->68M(3%)
[2025-06-18T00:07:08.174+0300][14400][20600][debug][safepoint] Safepoint synchronization initiated using striped semaphore wait barrier. (32 threads)
[2025-06-18T00:07:08.174+0300][14400][20600][info ][safepoint] Safepoint "Cleanup", Time since last: 2009855900 ns, Reaching safepoint: 167800 ns, Cleanup: 42700 ns, At safepoint: 20100 ns, Total: 230600 ns
[2025-06-18T00:07:12.849+0300][14400][7356 ][debug][gc,heap  ] GC(59) Heap before GC invocations=59 (full 59):
[2025-06-18T00:07:12.849+0300][14400][7356 ][debug][gc,heap  ] GC(59)  ZHeap           used 276M, capacity 2048M, max capacity 2048M
[2025-06-18T00:07:12.849+0300][14400][7356 ][debug][gc,heap  ] GC(59)  Metaspace       used 34224K, committed 35264K, reserved 1114112K
[2025-06-18T00:07:12.849+0300][14400][7356 ][debug][gc,heap  ] GC(59)   class space    used 2862K, committed 3264K, reserved 1048576K
[2025-06-18T00:07:12.849+0300][14400][20600][debug][safepoint] Safepoint synchronization initiated using striped semaphore wait barrier. (32 threads)
[2025-06-18T00:07:12.849+0300][14400][2848 ][debug][safepoint] ... found polling page loop exception at pc = 0x000001bef45ac259, stub =0x000001bef3ab5b00
[2025-06-18T00:07:12.849+0300][14400][20600][info ][gc,phases] GC(59) Pause Mark Start 0.014ms
[2025-06-18T00:07:12.849+0300][14400][20600][info ][safepoint] Safepoint "XMarkStart", Time since last: 4675356500 ns, Reaching safepoint: 265000 ns, Cleanup: 40400 ns, At safepoint: 160000 ns, Total: 465400 ns
[2025-06-18T00:07:12.868+0300][14400][7356 ][info ][gc,phases] GC(59) Concurrent Mark 17.348ms
[2025-06-18T00:07:12.868+0300][14400][20600][debug][safepoint] Safepoint synchronization initiated using striped semaphore wait barrier. (32 threads)
[2025-06-18T00:07:12.868+0300][14400][20600][info ][gc,phases] GC(59) Pause Mark End 0.021ms
[2025-06-18T00:07:12.868+0300][14400][20600][info ][safepoint] Safepoint "XMarkEnd", Time since last: 17531600 ns, Reaching safepoint: 81300 ns, Cleanup: 7200 ns, At safepoint: 78900 ns, Total: 167400 ns
[2025-06-18T00:07:12.868+0300][14400][7356 ][info ][gc,phases] GC(59) Concurrent Mark Free 0.001ms
[2025-06-18T00:07:12.868+0300][14400][7356 ][debug][gc,phases] GC(59) Concurrent References Process 0.140ms
[2025-06-18T00:07:12.868+0300][14400][7356 ][debug][gc,phases] GC(59) ClassLoaderData 0.031ms
[2025-06-18T00:07:12.868+0300][14400][7356 ][debug][gc,phases] GC(59) Trigger cleanups 0.000ms
[2025-06-18T00:07:12.868+0300][14400][7356 ][debug][gc,phases] GC(59) Concurrent Classes Unlink 4.957ms
[2025-06-18T00:07:12.868+0300][14400][7356 ][debug][gc,phases] GC(59) Concurrent Classes Purge 0.036ms
[2025-06-18T00:07:12.868+0300][14400][7356 ][debug][gc,phases] GC(59) Concurrent References Enqueue 0.000ms
[2025-06-18T00:07:12.868+0300][14400][7356 ][info ][gc,phases] GC(59) Concurrent Process Non-Strong References 5.936ms
[2025-06-18T00:07:12.868+0300][14400][7356 ][info ][gc,phases] GC(59) Concurrent Reset Relocation Set 0.003ms
[2025-06-18T00:07:12.868+0300][14400][7356 ][info ][gc,phases] GC(59) Concurrent Select Relocation Set 1.059ms
[2025-06-18T00:07:12.868+0300][14400][20600][debug][safepoint] Safepoint synchronization initiated using striped semaphore wait barrier. (32 threads)
[2025-06-18T00:07:12.868+0300][14400][20600][info ][gc,phases] GC(59) Pause Relocate Start 0.006ms
[2025-06-18T00:07:12.868+0300][14400][20600][info ][safepoint] Safepoint "XRelocateStart", Time since last: 7172900 ns, Reaching safepoint: 24100 ns, Cleanup: 3600 ns, At safepoint: 18800 ns, Total: 46500 ns
[2025-06-18T00:07:12.868+0300][14400][7356 ][info ][gc,phases] GC(59) Concurrent Relocate 0.399ms
[2025-06-18T00:07:12.868+0300][14400][7356 ][debug][gc,heap  ] GC(59) Heap after GC invocations=60 (full 60):
[2025-06-18T00:07:12.868+0300][14400][7356 ][debug][gc,heap  ] GC(59)  ZHeap           used 70M, capacity 2048M, max capacity 2048M
[2025-06-18T00:07:12.868+0300][14400][7356 ][debug][gc,heap  ] GC(59)  Metaspace       used 34224K, committed 35264K, reserved 1114112K
[2025-06-18T00:07:12.868+0300][14400][7356 ][debug][gc,heap  ] GC(59)   class space    used 2862K, committed 3264K, reserved 1048576K
[2025-06-18T00:07:12.868+0300][14400][7356 ][info ][gc,heap  ] GC(59) Min Capacity: 2048M(100%)
[2025-06-18T00:07:12.868+0300][14400][7356 ][info ][gc,heap  ] GC(59) Max Capacity: 2048M(100%)
[2025-06-18T00:07:12.868+0300][14400][7356 ][info ][gc,heap  ] GC(59) Soft Max Capacity: 2048M(100%)
[2025-06-18T00:07:12.868+0300][14400][7356 ][info ][gc,heap  ] GC(59)                Mark Start          Mark End        Relocate Start      Relocate End           High               Low         
[2025-06-18T00:07:12.868+0300][14400][7356 ][info ][gc,heap  ] GC(59)  Capacity:     2048M (100%)       2048M (100%)       2048M (100%)       2048M (100%)       2048M (100%)       2048M (100%)   
[2025-06-18T00:07:12.868+0300][14400][7356 ][info ][gc,heap  ] GC(59)      Free:     1772M (87%)        1756M (86%)        1894M (92%)        1978M (97%)        1978M (97%)        1756M (86%)    
[2025-06-18T00:07:12.868+0300][14400][7356 ][info ][gc,heap  ] GC(59)      Used:      276M (13%)         292M (14%)         154M (8%)           70M (3%)          292M (14%)          70M (3%)     
[2025-06-18T00:07:12.868+0300][14400][7356 ][info ][gc,heap  ] GC(59)      Live:         -                18M (1%)           18M (1%)           18M (1%)             -                  -          
[2025-06-18T00:07:12.868+0300][14400][7356 ][info ][gc,heap  ] GC(59) Allocated:         -                16M (1%)           16M (1%)           16M (1%)             -                  -          
[2025-06-18T00:07:12.868+0300][14400][7356 ][info ][gc,heap  ] GC(59)   Garbage:         -               257M (13%)         119M (6%)           35M (2%)             -                  -          
[2025-06-18T00:07:12.868+0300][14400][7356 ][info ][gc,heap  ] GC(59) Reclaimed:         -                  -               138M (7%)          222M (11%)            -                  -          
[2025-06-18T00:07:12.868+0300][14400][7356 ][info ][gc       ] GC(59) Garbage Collection (Proactive) 276M(13%)->70M(3%)
[2025-06-18T00:07:14.892+0300][14400][20600][debug][safepoint] Safepoint synchronization initiated using striped semaphore wait barrier. (32 threads)
[2025-06-18T00:07:14.892+0300][14400][8604 ][debug][safepoint] ... found polling page loop exception at pc = 0x000001bef4503f37, stub =0x000001bef3ab5b00
[2025-06-18T00:07:14.892+0300][14400][20600][info ][safepoint] Safepoint "Cleanup", Time since last: 2017262200 ns, Reaching safepoint: 282500 ns, Cleanup: 36800 ns, At safepoint: 18700 ns, Total: 338000 ns
[2025-06-18T00:07:15.894+0300][14400][20600][debug][safepoint] Safepoint synchronization initiated using striped semaphore wait barrier. (32 threads)
[2025-06-18T00:07:15.894+0300][14400][20600][info ][safepoint] Safepoint "Cleanup", Time since last: 1001509400 ns, Reaching safepoint: 152700 ns, Cleanup: 37500 ns, At safepoint: 26000 ns, Total: 216200 ns
[2025-06-18T00:07:19.651+0300][14400][7356 ][debug][gc,heap  ] GC(60) Heap before GC invocations=60 (full 60):
[2025-06-18T00:07:19.651+0300][14400][7356 ][debug][gc,heap  ] GC(60)  ZHeap           used 278M, capacity 2048M, max capacity 2048M
[2025-06-18T00:07:19.651+0300][14400][7356 ][debug][gc,heap  ] GC(60)  Metaspace       used 34375K, committed 35264K, reserved 1114112K
[2025-06-18T00:07:19.651+0300][14400][7356 ][debug][gc,heap  ] GC(60)   class space    used 2862K, committed 3264K, reserved 1048576K
[2025-06-18T00:07:19.651+0300][14400][20600][debug][safepoint] Safepoint synchronization initiated using striped semaphore wait barrier. (32 threads)
[2025-06-18T00:07:19.651+0300][14400][3424 ][debug][safepoint] ... found polling page loop exception at pc = 0x000001bef42604a9, stub =0x000001bef3ab5280
[2025-06-18T00:07:19.651+0300][14400][20600][info ][gc,phases] GC(60) Pause Mark Start 0.014ms
[2025-06-18T00:07:19.651+0300][14400][20600][info ][safepoint] Safepoint "XMarkStart", Time since last: 3757086000 ns, Reaching safepoint: 405200 ns, Cleanup: 23800 ns, At safepoint: 150200 ns, Total: 579200 ns
[2025-06-18T00:07:19.687+0300][14400][7356 ][info ][gc,phases] GC(60) Concurrent Mark 34.206ms
[2025-06-18T00:07:19.687+0300][14400][20600][debug][safepoint] Safepoint synchronization initiated using striped semaphore wait barrier. (32 threads)
[2025-06-18T00:07:19.687+0300][14400][21460][debug][safepoint] ... found polling page loop exception at pc = 0x000001bef48ba24a, stub =0x000001bef3ab5280
[2025-06-18T00:07:19.687+0300][14400][20600][info ][gc,phases] GC(60) Pause Mark End 0.012ms
[2025-06-18T00:07:19.687+0300][14400][20600][info ][safepoint] Safepoint "XMarkEnd", Time since last: 34420700 ns, Reaching safepoint: 110400 ns, Cleanup: 5300 ns, At safepoint: 52000 ns, Total: 167700 ns
[2025-06-18T00:07:19.687+0300][14400][7356 ][info ][gc,phases] GC(60) Concurrent Mark Free 0.001ms
[2025-06-18T00:07:19.687+0300][14400][7356 ][debug][gc,phases] GC(60) Concurrent References Process 0.202ms
[2025-06-18T00:07:19.687+0300][14400][7356 ][debug][gc,phases] GC(60) ClassLoaderData 0.049ms
[2025-06-18T00:07:19.687+0300][14400][7356 ][debug][gc,phases] GC(60) Trigger cleanups 0.000ms
[2025-06-18T00:07:19.687+0300][14400][7356 ][debug][gc,phases] GC(60) Concurrent Classes Unlink 6.814ms
[2025-06-18T00:07:19.687+0300][14400][7356 ][debug][gc,phases] GC(60) Concurrent Classes Purge 0.036ms
[2025-06-18T00:07:19.687+0300][14400][7356 ][debug][gc,phases] GC(60) Concurrent References Enqueue 0.004ms
[2025-06-18T00:07:19.687+0300][14400][7356 ][info ][gc,phases] GC(60) Concurrent Process Non-Strong References 8.006ms
[2025-06-18T00:07:19.687+0300][14400][7356 ][info ][gc,phases] GC(60) Concurrent Reset Relocation Set 0.003ms
[2025-06-18T00:07:19.687+0300][14400][7356 ][info ][gc,phases] GC(60) Concurrent Select Relocation Set 1.112ms
[2025-06-18T00:07:19.687+0300][14400][20600][debug][safepoint] Safepoint synchronization initiated using striped semaphore wait barrier. (32 threads)
[2025-06-18T00:07:19.687+0300][14400][20600][info ][gc,phases] GC(60) Pause Relocate Start 0.006ms
[2025-06-18T00:07:19.687+0300][14400][20600][info ][safepoint] Safepoint "XRelocateStart", Time since last: 9295100 ns, Reaching safepoint: 22400 ns, Cleanup: 6300 ns, At safepoint: 19300 ns, Total: 48000 ns
[2025-06-18T00:07:19.687+0300][14400][7356 ][info ][gc,phases] GC(60) Concurrent Relocate 0.415ms
[2025-06-18T00:07:19.687+0300][14400][7356 ][debug][gc,heap  ] GC(60) Heap after GC invocations=61 (full 61):
[2025-06-18T00:07:19.687+0300][14400][7356 ][debug][gc,heap  ] GC(60)  ZHeap           used 70M, capacity 2048M, max capacity 2048M
[2025-06-18T00:07:19.687+0300][14400][7356 ][debug][gc,heap  ] GC(60)  Metaspace       used 34383K, committed 35264K, reserved 1114112K
[2025-06-18T00:07:19.687+0300][14400][7356 ][debug][gc,heap  ] GC(60)   class space    used 2862K, committed 3264K, reserved 1048576K
[2025-06-18T00:07:19.687+0300][14400][7356 ][info ][gc,heap  ] GC(60) Min Capacity: 2048M(100%)
[2025-06-18T00:07:19.687+0300][14400][7356 ][info ][gc,heap  ] GC(60) Max Capacity: 2048M(100%)
[2025-06-18T00:07:19.687+0300][14400][7356 ][info ][gc,heap  ] GC(60) Soft Max Capacity: 2048M(100%)
[2025-06-18T00:07:19.687+0300][14400][7356 ][info ][gc,heap  ] GC(60)                Mark Start          Mark End        Relocate Start      Relocate End           High               Low         
[2025-06-18T00:07:19.687+0300][14400][7356 ][info ][gc,heap  ] GC(60)  Capacity:     2048M (100%)       2048M (100%)       2048M (100%)       2048M (100%)       2048M (100%)       2048M (100%)   
[2025-06-18T00:07:19.687+0300][14400][7356 ][info ][gc,heap  ] GC(60)      Free:     1770M (86%)        1754M (86%)        1888M (92%)        1978M (97%)        1978M (97%)        1754M (86%)    
[2025-06-18T00:07:19.687+0300][14400][7356 ][info ][gc,heap  ] GC(60)      Used:      278M (14%)         294M (14%)         160M (8%)           70M (3%)          294M (14%)          70M (3%)     
[2025-06-18T00:07:19.687+0300][14400][7356 ][info ][gc,heap  ] GC(60)      Live:         -                18M (1%)           18M (1%)           18M (1%)             -                  -          
[2025-06-18T00:07:19.687+0300][14400][7356 ][info ][gc,heap  ] GC(60) Allocated:         -                16M (1%)           16M (1%)           16M (1%)             -                  -          
[2025-06-18T00:07:19.687+0300][14400][7356 ][info ][gc,heap  ] GC(60)   Garbage:         -               259M (13%)         125M (6%)           35M (2%)             -                  -          
[2025-06-18T00:07:19.687+0300][14400][7356 ][info ][gc,heap  ] GC(60) Reclaimed:         -                  -               134M (7%)          224M (11%)            -                  -          
[2025-06-18T00:07:19.687+0300][14400][7356 ][info ][gc       ] GC(60) Garbage Collection (Proactive) 278M(14%)->70M(3%)
[2025-06-18T00:07:26.437+0300][14400][7356 ][debug][gc,heap  ] GC(61) Heap before GC invocations=61 (full 61):
[2025-06-18T00:07:26.437+0300][14400][7356 ][debug][gc,heap  ] GC(61)  ZHeap           used 276M, capacity 2048M, max capacity 2048M
[2025-06-18T00:07:26.437+0300][14400][7356 ][debug][gc,heap  ] GC(61)  Metaspace       used 34432K, committed 35328K, reserved 1114112K
[2025-06-18T00:07:26.437+0300][14400][7356 ][debug][gc,heap  ] GC(61)   class space    used 2862K, committed 3264K, reserved 1048576K
[2025-06-18T00:07:26.437+0300][14400][20600][debug][safepoint] Safepoint synchronization initiated using striped semaphore wait barrier. (32 threads)
[2025-06-18T00:07:26.437+0300][14400][20600][info ][gc,phases] GC(61) Pause Mark Start 0.013ms
[2025-06-18T00:07:26.437+0300][14400][20600][info ][safepoint] Safepoint "XMarkStart", Time since last: 6741037500 ns, Reaching safepoint: 114900 ns, Cleanup: 20900 ns, At safepoint: 90500 ns, Total: 226300 ns
[2025-06-18T00:07:26.452+0300][14400][7356 ][info ][gc,phases] GC(61) Concurrent Mark 15.183ms
[2025-06-18T00:07:26.452+0300][14400][20600][debug][safepoint] Safepoint synchronization initiated using striped semaphore wait barrier. (32 threads)
[2025-06-18T00:07:26.452+0300][14400][20600][info ][gc,phases] GC(61) Pause Mark End 0.013ms
[2025-06-18T00:07:26.452+0300][14400][20600][info ][safepoint] Safepoint "XMarkEnd", Time since last: 15393300 ns, Reaching safepoint: 47700 ns, Cleanup: 6100 ns, At safepoint: 43900 ns, Total: 97700 ns
[2025-06-18T00:07:26.452+0300][14400][7356 ][info ][gc,phases] GC(61) Concurrent Mark Free 0.001ms
[2025-06-18T00:07:26.452+0300][14400][7356 ][debug][gc,phases] GC(61) Concurrent References Process 0.208ms
[2025-06-18T00:07:26.452+0300][14400][7356 ][debug][gc,phases] GC(61) ClassLoaderData 0.043ms
[2025-06-18T00:07:26.452+0300][14400][7356 ][debug][gc,phases] GC(61) Trigger cleanups 0.001ms
[2025-06-18T00:07:26.456+0300][14400][7356 ][debug][gc,phases] GC(61) Concurrent Classes Unlink 6.956ms
[2025-06-18T00:07:26.456+0300][14400][7356 ][debug][gc,phases] GC(61) Concurrent Classes Purge 0.016ms
[2025-06-18T00:07:26.456+0300][14400][7356 ][debug][gc,phases] GC(61) Concurrent References Enqueue 0.000ms
[2025-06-18T00:07:26.456+0300][14400][7356 ][info ][gc,phases] GC(61) Concurrent Process Non-Strong References 8.027ms
[2025-06-18T00:07:26.456+0300][14400][7356 ][info ][gc,phases] GC(61) Concurrent Reset Relocation Set 0.003ms
[2025-06-18T00:07:26.456+0300][14400][7356 ][info ][gc,phases] GC(61) Concurrent Select Relocation Set 1.121ms
[2025-06-18T00:07:26.456+0300][14400][20600][debug][safepoint] Safepoint synchronization initiated using striped semaphore wait barrier. (32 threads)
[2025-06-18T00:07:26.456+0300][14400][20600][info ][gc,phases] GC(61) Pause Relocate Start 0.007ms
[2025-06-18T00:07:26.456+0300][14400][20600][info ][safepoint] Safepoint "XRelocateStart", Time since last: 9330100 ns, Reaching safepoint: 23500 ns, Cleanup: 3600 ns, At safepoint: 19800 ns, Total: 46900 ns
[2025-06-18T00:07:26.456+0300][14400][7356 ][info ][gc,phases] GC(61) Concurrent Relocate 0.411ms
[2025-06-18T00:07:26.456+0300][14400][7356 ][debug][gc,heap  ] GC(61) Heap after GC invocations=62 (full 62):
[2025-06-18T00:07:26.456+0300][14400][7356 ][debug][gc,heap  ] GC(61)  ZHeap           used 68M, capacity 2048M, max capacity 2048M
[2025-06-18T00:07:26.456+0300][14400][7356 ][debug][gc,heap  ] GC(61)  Metaspace       used 34432K, committed 35328K, reserved 1114112K
[2025-06-18T00:07:26.456+0300][14400][7356 ][debug][gc,heap  ] GC(61)   class space    used 2862K, committed 3264K, reserved 1048576K
[2025-06-18T00:07:26.456+0300][14400][7356 ][info ][gc,heap  ] GC(61) Min Capacity: 2048M(100%)
[2025-06-18T00:07:26.456+0300][14400][7356 ][info ][gc,heap  ] GC(61) Max Capacity: 2048M(100%)
[2025-06-18T00:07:26.456+0300][14400][7356 ][info ][gc,heap  ] GC(61) Soft Max Capacity: 2048M(100%)
[2025-06-18T00:07:26.456+0300][14400][7356 ][info ][gc,heap  ] GC(61)                Mark Start          Mark End        Relocate Start      Relocate End           High               Low         
[2025-06-18T00:07:26.456+0300][14400][7356 ][info ][gc,heap  ] GC(61)  Capacity:     2048M (100%)       2048M (100%)       2048M (100%)       2048M (100%)       2048M (100%)       2048M (100%)   
[2025-06-18T00:07:26.456+0300][14400][7356 ][info ][gc,heap  ] GC(61)      Free:     1772M (87%)        1758M (86%)        1910M (93%)        1980M (97%)        1980M (97%)        1758M (86%)    
[2025-06-18T00:07:26.456+0300][14400][7356 ][info ][gc,heap  ] GC(61)      Used:      276M (13%)         290M (14%)         138M (7%)           68M (3%)          290M (14%)          68M (3%)     
[2025-06-18T00:07:26.456+0300][14400][7356 ][info ][gc,heap  ] GC(61)      Live:         -                18M (1%)           18M (1%)           18M (1%)             -                  -          
[2025-06-18T00:07:26.456+0300][14400][7356 ][info ][gc,heap  ] GC(61) Allocated:         -                14M (1%)           14M (1%)           14M (1%)             -                  -          
[2025-06-18T00:07:26.456+0300][14400][7356 ][info ][gc,heap  ] GC(61)   Garbage:         -               257M (13%)         105M (5%)           35M (2%)             -                  -          
[2025-06-18T00:07:26.456+0300][14400][7356 ][info ][gc,heap  ] GC(61) Reclaimed:         -                  -               152M (7%)          222M (11%)            -                  -          
[2025-06-18T00:07:26.456+0300][14400][7356 ][info ][gc       ] GC(61) Garbage Collection (Proactive) 276M(13%)->68M(3%)
[2025-06-18T00:07:33.249+0300][14400][7356 ][debug][gc,heap  ] GC(62) Heap before GC invocations=62 (full 62):
[2025-06-18T00:07:33.249+0300][14400][7356 ][debug][gc,heap  ] GC(62)  ZHeap           used 274M, capacity 2048M, max capacity 2048M
[2025-06-18T00:07:33.249+0300][14400][7356 ][debug][gc,heap  ] GC(62)  Metaspace       used 34453K, committed 35328K, reserved 1114112K
[2025-06-18T00:07:33.249+0300][14400][7356 ][debug][gc,heap  ] GC(62)   class space    used 2862K, committed 3264K, reserved 1048576K
[2025-06-18T00:07:33.249+0300][14400][20600][debug][safepoint] Safepoint synchronization initiated using striped semaphore wait barrier. (32 threads)
[2025-06-18T00:07:33.249+0300][14400][5268 ][debug][safepoint] ... found polling page loop exception at pc = 0x000001bef479a64f, stub =0x000001bef3ab5280
[2025-06-18T00:07:33.249+0300][14400][3424 ][debug][safepoint] ... found polling page loop exception at pc = 0x000001bef475818d, stub =0x000001bef3ab5280
[2025-06-18T00:07:33.249+0300][14400][10224][debug][safepoint] ... found polling page loop exception at pc = 0x000001bef475818d, stub =0x000001bef3ab5280
[2025-06-18T00:07:33.249+0300][14400][20600][info ][gc,phases] GC(62) Pause Mark Start 0.014ms
[2025-06-18T00:07:33.249+0300][14400][20600][info ][safepoint] Safepoint "XMarkStart", Time since last: 6787235700 ns, Reaching safepoint: 476600 ns, Cleanup: 21000 ns, At safepoint: 143700 ns, Total: 641300 ns
[2025-06-18T00:07:33.265+0300][14400][7356 ][info ][gc,phases] GC(62) Concurrent Mark 14.641ms
[2025-06-18T00:07:33.265+0300][14400][20600][debug][safepoint] Safepoint synchronization initiated using striped semaphore wait barrier. (32 threads)
[2025-06-18T00:07:33.265+0300][14400][20600][info ][gc,phases] GC(62) Pause Mark End 0.012ms
[2025-06-18T00:07:33.265+0300][14400][20600][info ][safepoint] Safepoint "XMarkEnd", Time since last: 14852600 ns, Reaching safepoint: 50400 ns, Cleanup: 14300 ns, At safepoint: 41900 ns, Total: 106600 ns
[2025-06-18T00:07:33.265+0300][14400][7356 ][info ][gc,phases] GC(62) Concurrent Mark Free 0.001ms
[2025-06-18T00:07:33.265+0300][14400][7356 ][debug][gc,phases] GC(62) Concurrent References Process 0.198ms
[2025-06-18T00:07:33.265+0300][14400][7356 ][debug][gc,phases] GC(62) ClassLoaderData 0.042ms
[2025-06-18T00:07:33.265+0300][14400][7356 ][debug][gc,phases] GC(62) Trigger cleanups 0.000ms
[2025-06-18T00:07:33.265+0300][14400][7356 ][debug][gc,phases] GC(62) Concurrent Classes Unlink 7.199ms
[2025-06-18T00:07:33.265+0300][14400][7356 ][debug][gc,phases] GC(62) Concurrent Classes Purge 0.006ms
[2025-06-18T00:07:33.265+0300][14400][7356 ][debug][gc,phases] GC(62) Concurrent References Enqueue 0.004ms
[2025-06-18T00:07:33.265+0300][14400][7356 ][info ][gc,phases] GC(62) Concurrent Process Non-Strong References 8.403ms
[2025-06-18T00:07:33.265+0300][14400][7356 ][info ][gc,phases] GC(62) Concurrent Reset Relocation Set 0.002ms
[2025-06-18T00:07:33.265+0300][14400][7356 ][info ][gc,phases] GC(62) Concurrent Select Relocation Set 1.119ms
[2025-06-18T00:07:33.265+0300][14400][20600][debug][safepoint] Safepoint synchronization initiated using striped semaphore wait barrier. (32 threads)
[2025-06-18T00:07:33.265+0300][14400][20600][info ][gc,phases] GC(62) Pause Relocate Start 0.006ms
[2025-06-18T00:07:33.265+0300][14400][20600][info ][safepoint] Safepoint "XRelocateStart", Time since last: 9713400 ns, Reaching safepoint: 24200 ns, Cleanup: 3700 ns, At safepoint: 18600 ns, Total: 46500 ns
[2025-06-18T00:07:33.265+0300][14400][7356 ][info ][gc,phases] GC(62) Concurrent Relocate 0.423ms
[2025-06-18T00:07:33.265+0300][14400][7356 ][debug][gc,heap  ] GC(62) Heap after GC invocations=63 (full 63):
[2025-06-18T00:07:33.265+0300][14400][7356 ][debug][gc,heap  ] GC(62)  ZHeap           used 68M, capacity 2048M, max capacity 2048M
[2025-06-18T00:07:33.265+0300][14400][7356 ][debug][gc,heap  ] GC(62)  Metaspace       used 34453K, committed 35328K, reserved 1114112K
[2025-06-18T00:07:33.265+0300][14400][7356 ][debug][gc,heap  ] GC(62)   class space    used 2862K, committed 3264K, reserved 1048576K
[2025-06-18T00:07:33.265+0300][14400][7356 ][info ][gc,heap  ] GC(62) Min Capacity: 2048M(100%)
[2025-06-18T00:07:33.265+0300][14400][7356 ][info ][gc,heap  ] GC(62) Max Capacity: 2048M(100%)
[2025-06-18T00:07:33.265+0300][14400][7356 ][info ][gc,heap  ] GC(62) Soft Max Capacity: 2048M(100%)
[2025-06-18T00:07:33.265+0300][14400][7356 ][info ][gc,heap  ] GC(62)                Mark Start          Mark End        Relocate Start      Relocate End           High               Low         
[2025-06-18T00:07:33.265+0300][14400][7356 ][info ][gc,heap  ] GC(62)  Capacity:     2048M (100%)       2048M (100%)       2048M (100%)       2048M (100%)       2048M (100%)       2048M (100%)   
[2025-06-18T00:07:33.265+0300][14400][7356 ][info ][gc,heap  ] GC(62)      Free:     1774M (87%)        1760M (86%)        1906M (93%)        1980M (97%)        1980M (97%)        1760M (86%)    
[2025-06-18T00:07:33.265+0300][14400][7356 ][info ][gc,heap  ] GC(62)      Used:      274M (13%)         288M (14%)         142M (7%)           68M (3%)          288M (14%)          68M (3%)     
[2025-06-18T00:07:33.265+0300][14400][7356 ][info ][gc,heap  ] GC(62)      Live:         -                18M (1%)           18M (1%)           18M (1%)             -                  -          
[2025-06-18T00:07:33.265+0300][14400][7356 ][info ][gc,heap  ] GC(62) Allocated:         -                14M (1%)           14M (1%)           14M (1%)             -                  -          
[2025-06-18T00:07:33.265+0300][14400][7356 ][info ][gc,heap  ] GC(62)   Garbage:         -               255M (12%)         109M (5%)           35M (2%)             -                  -          
[2025-06-18T00:07:33.265+0300][14400][7356 ][info ][gc,heap  ] GC(62) Reclaimed:         -                  -               146M (7%)          220M (11%)            -                  -          
[2025-06-18T00:07:33.265+0300][14400][7356 ][info ][gc       ] GC(62) Garbage Collection (Proactive) 274M(13%)->68M(3%)
[2025-06-18T00:07:38.097+0300][14400][20600][debug][safepoint] Safepoint synchronization initiated using striped semaphore wait barrier. (32 threads)
[2025-06-18T00:07:38.097+0300][14400][17212][debug][safepoint] ... found polling page loop exception at pc = 0x000001bef45e75c3, stub =0x000001bef3ab5b00
[2025-06-18T00:07:38.097+0300][14400][2848 ][debug][safepoint] ... found polling page loop exception at pc = 0x000001bef4541709, stub =0x000001bef3ab5b00
[2025-06-18T00:07:38.097+0300][14400][20600][info ][safepoint] Safepoint "Cleanup", Time since last: 4822937100 ns, Reaching safepoint: 444600 ns, Cleanup: 52800 ns, At safepoint: 30700 ns, Total: 528100 ns
[2025-06-18T00:07:39.112+0300][14400][20600][debug][safepoint] Safepoint synchronization initiated using striped semaphore wait barrier. (32 threads)
[2025-06-18T00:07:39.112+0300][14400][20600][info ][safepoint] Safepoint "Cleanup", Time since last: 1013980400 ns, Reaching safepoint: 121300 ns, Cleanup: 19100 ns, At safepoint: 52500 ns, Total: 192900 ns
[2025-06-18T00:07:39.942+0300][14400][7356 ][debug][gc,heap  ] GC(63) Heap before GC invocations=63 (full 63):
[2025-06-18T00:07:39.942+0300][14400][7356 ][debug][gc,heap  ] GC(63)  ZHeap           used 276M, capacity 2048M, max capacity 2048M
[2025-06-18T00:07:39.942+0300][14400][7356 ][debug][gc,heap  ] GC(63)  Metaspace       used 34453K, committed 35328K, reserved 1114112K
[2025-06-18T00:07:39.942+0300][14400][7356 ][debug][gc,heap  ] GC(63)   class space    used 2862K, committed 3264K, reserved 1048576K
[2025-06-18T00:07:39.942+0300][14400][20600][debug][safepoint] Safepoint synchronization initiated using striped semaphore wait barrier. (32 threads)
[2025-06-18T00:07:39.942+0300][14400][20600][info ][gc,phases] GC(63) Pause Mark Start 0.007ms
[2025-06-18T00:07:39.942+0300][14400][20600][info ][safepoint] Safepoint "XMarkStart", Time since last: 830156800 ns, Reaching safepoint: 118000 ns, Cleanup: 14600 ns, At safepoint: 65800 ns, Total: 198400 ns
[2025-06-18T00:07:39.958+0300][14400][7356 ][info ][gc,phases] GC(63) Concurrent Mark 15.259ms
[2025-06-18T00:07:39.958+0300][14400][20600][debug][safepoint] Safepoint synchronization initiated using striped semaphore wait barrier. (32 threads)
[2025-06-18T00:07:39.958+0300][14400][20600][info ][gc,phases] GC(63) Pause Mark End 0.016ms
[2025-06-18T00:07:39.958+0300][14400][20600][info ][safepoint] Safepoint "XMarkEnd", Time since last: 15421200 ns, Reaching safepoint: 42700 ns, Cleanup: 6700 ns, At safepoint: 83100 ns, Total: 132500 ns
[2025-06-18T00:07:39.958+0300][14400][7356 ][info ][gc,phases] GC(63) Concurrent Mark Free 0.001ms
[2025-06-18T00:07:39.958+0300][14400][7356 ][debug][gc,phases] GC(63) Concurrent References Process 0.105ms
[2025-06-18T00:07:39.959+0300][14400][7356 ][debug][gc,phases] GC(63) ClassLoaderData 0.035ms
[2025-06-18T00:07:39.959+0300][14400][7356 ][debug][gc,phases] GC(63) Trigger cleanups 0.000ms
[2025-06-18T00:07:39.959+0300][14400][7356 ][debug][gc,phases] GC(63) Concurrent Classes Unlink 7.163ms
[2025-06-18T00:07:39.959+0300][14400][7356 ][debug][gc,phases] GC(63) Concurrent Classes Purge 0.035ms
[2025-06-18T00:07:39.959+0300][14400][7356 ][debug][gc,phases] GC(63) Concurrent References Enqueue 0.000ms
[2025-06-18T00:07:39.959+0300][14400][7356 ][info ][gc,phases] GC(63) Concurrent Process Non-Strong References 8.140ms
[2025-06-18T00:07:39.959+0300][14400][7356 ][info ][gc,phases] GC(63) Concurrent Reset Relocation Set 0.002ms
[2025-06-18T00:07:39.959+0300][14400][7356 ][info ][gc,phases] GC(63) Concurrent Select Relocation Set 1.142ms
[2025-06-18T00:07:39.959+0300][14400][20600][debug][safepoint] Safepoint synchronization initiated using striped semaphore wait barrier. (32 threads)
[2025-06-18T00:07:39.959+0300][14400][20600][info ][gc,phases] GC(63) Pause Relocate Start 0.006ms
[2025-06-18T00:07:39.959+0300][14400][20600][info ][safepoint] Safepoint "XRelocateStart", Time since last: 9409900 ns, Reaching safepoint: 22600 ns, Cleanup: 3300 ns, At safepoint: 25300 ns, Total: 51200 ns
[2025-06-18T00:07:39.959+0300][14400][7356 ][info ][gc,phases] GC(63) Concurrent Relocate 0.422ms
[2025-06-18T00:07:39.959+0300][14400][7356 ][debug][gc,heap  ] GC(63) Heap after GC invocations=64 (full 64):
[2025-06-18T00:07:39.959+0300][14400][7356 ][debug][gc,heap  ] GC(63)  ZHeap           used 68M, capacity 2048M, max capacity 2048M
[2025-06-18T00:07:39.959+0300][14400][7356 ][debug][gc,heap  ] GC(63)  Metaspace       used 34453K, committed 35328K, reserved 1114112K
[2025-06-18T00:07:39.959+0300][14400][7356 ][debug][gc,heap  ] GC(63)   class space    used 2862K, committed 3264K, reserved 1048576K
[2025-06-18T00:07:39.959+0300][14400][7356 ][info ][gc,heap  ] GC(63) Min Capacity: 2048M(100%)
[2025-06-18T00:07:39.959+0300][14400][7356 ][info ][gc,heap  ] GC(63) Max Capacity: 2048M(100%)
[2025-06-18T00:07:39.959+0300][14400][7356 ][info ][gc,heap  ] GC(63) Soft Max Capacity: 2048M(100%)
[2025-06-18T00:07:39.959+0300][14400][7356 ][info ][gc,heap  ] GC(63)                Mark Start          Mark End        Relocate Start      Relocate End           High               Low         
[2025-06-18T00:07:39.959+0300][14400][7356 ][info ][gc,heap  ] GC(63)  Capacity:     2048M (100%)       2048M (100%)       2048M (100%)       2048M (100%)       2048M (100%)       2048M (100%)   
[2025-06-18T00:07:39.959+0300][14400][7356 ][info ][gc,heap  ] GC(63)      Free:     1772M (87%)        1758M (86%)        1906M (93%)        1980M (97%)        1980M (97%)        1758M (86%)    
[2025-06-18T00:07:39.959+0300][14400][7356 ][info ][gc,heap  ] GC(63)      Used:      276M (13%)         290M (14%)         142M (7%)           68M (3%)          290M (14%)          68M (3%)     
[2025-06-18T00:07:39.959+0300][14400][7356 ][info ][gc,heap  ] GC(63)      Live:         -                18M (1%)           18M (1%)           18M (1%)             -                  -          
[2025-06-18T00:07:39.959+0300][14400][7356 ][info ][gc,heap  ] GC(63) Allocated:         -                14M (1%)           14M (1%)           14M (1%)             -                  -          
[2025-06-18T00:07:39.959+0300][14400][7356 ][info ][gc,heap  ] GC(63)   Garbage:         -               257M (13%)         109M (5%)           35M (2%)             -                  -          
[2025-06-18T00:07:39.959+0300][14400][7356 ][info ][gc,heap  ] GC(63) Reclaimed:         -                  -               148M (7%)          222M (11%)            -                  -          
[2025-06-18T00:07:39.959+0300][14400][7356 ][info ][gc       ] GC(63) Garbage Collection (Proactive) 276M(13%)->68M(3%)
[2025-06-18T00:07:46.017+0300][14400][20600][debug][safepoint] Safepoint synchronization initiated using striped semaphore wait barrier. (32 threads)
[2025-06-18T00:07:46.017+0300][14400][20600][info ][safepoint] Safepoint "Cleanup", Time since last: 6049731800 ns, Reaching safepoint: 168100 ns, Cleanup: 73600 ns, At safepoint: 42000 ns, Total: 283700 ns
[2025-06-18T00:07:46.650+0300][14400][7356 ][debug][gc,heap  ] GC(64) Heap before GC invocations=64 (full 64):
[2025-06-18T00:07:46.650+0300][14400][7356 ][debug][gc,heap  ] GC(64)  ZHeap           used 274M, capacity 2048M, max capacity 2048M
[2025-06-18T00:07:46.650+0300][14400][7356 ][debug][gc,heap  ] GC(64)  Metaspace       used 34454K, committed 35328K, reserved 1114112K
[2025-06-18T00:07:46.650+0300][14400][7356 ][debug][gc,heap  ] GC(64)   class space    used 2862K, committed 3264K, reserved 1048576K
[2025-06-18T00:07:46.650+0300][14400][20600][debug][safepoint] Safepoint synchronization initiated using striped semaphore wait barrier. (32 threads)
[2025-06-18T00:07:46.650+0300][14400][20600][info ][gc,phases] GC(64) Pause Mark Start 0.013ms
[2025-06-18T00:07:46.650+0300][14400][20600][info ][safepoint] Safepoint "XMarkStart", Time since last: 632581300 ns, Reaching safepoint: 152200 ns, Cleanup: 9600 ns, At safepoint: 121000 ns, Total: 282800 ns
[2025-06-18T00:07:46.684+0300][14400][7356 ][info ][gc,phases] GC(64) Concurrent Mark 33.155ms
[2025-06-18T00:07:46.684+0300][14400][20600][debug][safepoint] Safepoint synchronization initiated using striped semaphore wait barrier. (32 threads)
[2025-06-18T00:07:46.684+0300][14400][14864][debug][safepoint] ... found polling page loop exception at pc = 0x000001bef45002c9, stub =0x000001bef3ab5b00
[2025-06-18T00:07:46.684+0300][14400][19024][debug][safepoint] ... found polling page loop exception at pc = 0x000001bef43ed36d, stub =0x000001bef3ab5b00
[2025-06-18T00:07:46.684+0300][14400][20600][info ][gc,phases] GC(64) Pause Mark End 0.016ms
[2025-06-18T00:07:46.684+0300][14400][20600][info ][safepoint] Safepoint "XMarkEnd", Time since last: 33467200 ns, Reaching safepoint: 189900 ns, Cleanup: 12300 ns, At safepoint: 54500 ns, Total: 256700 ns
[2025-06-18T00:07:46.684+0300][14400][7356 ][info ][gc,phases] GC(64) Concurrent Mark Free 0.001ms
[2025-06-18T00:07:46.684+0300][14400][7356 ][debug][gc,phases] GC(64) Concurrent References Process 0.154ms
[2025-06-18T00:07:46.684+0300][14400][7356 ][debug][gc,phases] GC(64) ClassLoaderData 0.042ms
[2025-06-18T00:07:46.684+0300][14400][7356 ][debug][gc,phases] GC(64) Trigger cleanups 0.000ms
[2025-06-18T00:07:46.684+0300][14400][7356 ][debug][gc,phases] GC(64) Concurrent Classes Unlink 6.460ms
[2025-06-18T00:07:46.684+0300][14400][7356 ][debug][gc,phases] GC(64) Concurrent Classes Purge 0.035ms
[2025-06-18T00:07:46.684+0300][14400][7356 ][debug][gc,phases] GC(64) Concurrent References Enqueue 0.000ms
[2025-06-18T00:07:46.684+0300][14400][7356 ][info ][gc,phases] GC(64) Concurrent Process Non-Strong References 7.520ms
[2025-06-18T00:07:46.684+0300][14400][7356 ][info ][gc,phases] GC(64) Concurrent Reset Relocation Set 0.003ms
[2025-06-18T00:07:46.684+0300][14400][7356 ][info ][gc,phases] GC(64) Concurrent Select Relocation Set 1.113ms
[2025-06-18T00:07:46.684+0300][14400][20600][debug][safepoint] Safepoint synchronization initiated using striped semaphore wait barrier. (32 threads)
[2025-06-18T00:07:46.684+0300][14400][20600][info ][gc,phases] GC(64) Pause Relocate Start 0.006ms
[2025-06-18T00:07:46.684+0300][14400][20600][info ][safepoint] Safepoint "XRelocateStart", Time since last: 8831400 ns, Reaching safepoint: 24200 ns, Cleanup: 7500 ns, At safepoint: 18900 ns, Total: 50600 ns
[2025-06-18T00:07:46.684+0300][14400][7356 ][info ][gc,phases] GC(64) Concurrent Relocate 0.461ms
[2025-06-18T00:07:46.684+0300][14400][7356 ][debug][gc,heap  ] GC(64) Heap after GC invocations=65 (full 65):
[2025-06-18T00:07:46.684+0300][14400][7356 ][debug][gc,heap  ] GC(64)  ZHeap           used 68M, capacity 2048M, max capacity 2048M
[2025-06-18T00:07:46.684+0300][14400][7356 ][debug][gc,heap  ] GC(64)  Metaspace       used 34454K, committed 35328K, reserved 1114112K
[2025-06-18T00:07:46.684+0300][14400][7356 ][debug][gc,heap  ] GC(64)   class space    used 2862K, committed 3264K, reserved 1048576K
[2025-06-18T00:07:46.684+0300][14400][7356 ][info ][gc,heap  ] GC(64) Min Capacity: 2048M(100%)
[2025-06-18T00:07:46.684+0300][14400][7356 ][info ][gc,heap  ] GC(64) Max Capacity: 2048M(100%)
[2025-06-18T00:07:46.684+0300][14400][7356 ][info ][gc,heap  ] GC(64) Soft Max Capacity: 2048M(100%)
[2025-06-18T00:07:46.684+0300][14400][7356 ][info ][gc,heap  ] GC(64)                Mark Start          Mark End        Relocate Start      Relocate End           High               Low         
[2025-06-18T00:07:46.684+0300][14400][7356 ][info ][gc,heap  ] GC(64)  Capacity:     2048M (100%)       2048M (100%)       2048M (100%)       2048M (100%)       2048M (100%)       2048M (100%)   
[2025-06-18T00:07:46.684+0300][14400][7356 ][info ][gc,heap  ] GC(64)      Free:     1774M (87%)        1760M (86%)        1894M (92%)        1980M (97%)        1980M (97%)        1760M (86%)    
[2025-06-18T00:07:46.684+0300][14400][7356 ][info ][gc,heap  ] GC(64)      Used:      274M (13%)         288M (14%)         154M (8%)           68M (3%)          288M (14%)          68M (3%)     
[2025-06-18T00:07:46.684+0300][14400][7356 ][info ][gc,heap  ] GC(64)      Live:         -                18M (1%)           18M (1%)           18M (1%)             -                  -          
[2025-06-18T00:07:46.684+0300][14400][7356 ][info ][gc,heap  ] GC(64) Allocated:         -                14M (1%)           14M (1%)           14M (1%)             -                  -          
[2025-06-18T00:07:46.684+0300][14400][7356 ][info ][gc,heap  ] GC(64)   Garbage:         -               255M (12%)         121M (6%)           35M (2%)             -                  -          
[2025-06-18T00:07:46.684+0300][14400][7356 ][info ][gc,heap  ] GC(64) Reclaimed:         -                  -               134M (7%)          220M (11%)            -                  -          
[2025-06-18T00:07:46.684+0300][14400][7356 ][info ][gc       ] GC(64) Garbage Collection (Proactive) 274M(13%)->68M(3%)
[2025-06-18T00:07:53.341+0300][14400][7356 ][debug][gc,heap  ] GC(65) Heap before GC invocations=65 (full 65):
[2025-06-18T00:07:53.341+0300][14400][7356 ][debug][gc,heap  ] GC(65)  ZHeap           used 274M, capacity 2048M, max capacity 2048M
[2025-06-18T00:07:53.341+0300][14400][7356 ][debug][gc,heap  ] GC(65)  Metaspace       used 34454K, committed 35328K, reserved 1114112K
[2025-06-18T00:07:53.341+0300][14400][7356 ][debug][gc,heap  ] GC(65)   class space    used 2862K, committed 3264K, reserved 1048576K
[2025-06-18T00:07:53.341+0300][14400][20600][debug][safepoint] Safepoint synchronization initiated using striped semaphore wait barrier. (32 threads)
[2025-06-18T00:07:53.341+0300][14400][20600][info ][gc,phases] GC(65) Pause Mark Start 0.015ms
[2025-06-18T00:07:53.341+0300][14400][20600][info ][safepoint] Safepoint "XMarkStart", Time since last: 6647832500 ns, Reaching safepoint: 125800 ns, Cleanup: 22700 ns, At safepoint: 112400 ns, Total: 260900 ns
[2025-06-18T00:07:53.373+0300][14400][7356 ][info ][gc,phases] GC(65) Concurrent Mark 31.139ms
[2025-06-18T00:07:53.373+0300][14400][20600][debug][safepoint] Safepoint synchronization initiated using striped semaphore wait barrier. (32 threads)
[2025-06-18T00:07:53.373+0300][14400][20600][info ][gc,phases] GC(65) Pause Mark End 0.012ms
[2025-06-18T00:07:53.373+0300][14400][20600][info ][safepoint] Safepoint "XMarkEnd", Time since last: 31376200 ns, Reaching safepoint: 42900 ns, Cleanup: 6000 ns, At safepoint: 45400 ns, Total: 94300 ns
[2025-06-18T00:07:53.373+0300][14400][7356 ][info ][gc,phases] GC(65) Concurrent Mark Free 0.001ms
[2025-06-18T00:07:53.373+0300][14400][7356 ][debug][gc,phases] GC(65) Concurrent References Process 0.240ms
[2025-06-18T00:07:53.373+0300][14400][7356 ][debug][gc,phases] GC(65) ClassLoaderData 0.045ms
[2025-06-18T00:07:53.373+0300][14400][7356 ][debug][gc,phases] GC(65) Trigger cleanups 0.000ms
[2025-06-18T00:07:53.373+0300][14400][7356 ][debug][gc,phases] GC(65) Concurrent Classes Unlink 6.855ms
[2025-06-18T00:07:53.373+0300][14400][7356 ][debug][gc,phases] GC(65) Concurrent Classes Purge 0.017ms
[2025-06-18T00:07:53.373+0300][14400][7356 ][debug][gc,phases] GC(65) Concurrent References Enqueue 0.000ms
[2025-06-18T00:07:53.373+0300][14400][7356 ][info ][gc,phases] GC(65) Concurrent Process Non-Strong References 7.949ms
[2025-06-18T00:07:53.373+0300][14400][7356 ][info ][gc,phases] GC(65) Concurrent Reset Relocation Set 0.003ms
[2025-06-18T00:07:53.373+0300][14400][7356 ][info ][gc,phases] GC(65) Concurrent Select Relocation Set 1.143ms
[2025-06-18T00:07:53.373+0300][14400][20600][debug][safepoint] Safepoint synchronization initiated using striped semaphore wait barrier. (32 threads)
[2025-06-18T00:07:53.373+0300][14400][20600][info ][gc,phases] GC(65) Pause Relocate Start 0.007ms
[2025-06-18T00:07:53.373+0300][14400][20600][info ][safepoint] Safepoint "XRelocateStart", Time since last: 9303200 ns, Reaching safepoint: 21600 ns, Cleanup: 3200 ns, At safepoint: 18700 ns, Total: 43500 ns
[2025-06-18T00:07:53.373+0300][14400][7356 ][info ][gc,phases] GC(65) Concurrent Relocate 0.415ms
[2025-06-18T00:07:53.373+0300][14400][7356 ][debug][gc,heap  ] GC(65) Heap after GC invocations=66 (full 66):
[2025-06-18T00:07:53.373+0300][14400][7356 ][debug][gc,heap  ] GC(65)  ZHeap           used 68M, capacity 2048M, max capacity 2048M
[2025-06-18T00:07:53.373+0300][14400][7356 ][debug][gc,heap  ] GC(65)  Metaspace       used 34454K, committed 35328K, reserved 1114112K
[2025-06-18T00:07:53.373+0300][14400][7356 ][debug][gc,heap  ] GC(65)   class space    used 2862K, committed 3264K, reserved 1048576K
[2025-06-18T00:07:53.373+0300][14400][7356 ][info ][gc,heap  ] GC(65) Min Capacity: 2048M(100%)
[2025-06-18T00:07:53.373+0300][14400][7356 ][info ][gc,heap  ] GC(65) Max Capacity: 2048M(100%)
[2025-06-18T00:07:53.373+0300][14400][7356 ][info ][gc,heap  ] GC(65) Soft Max Capacity: 2048M(100%)
[2025-06-18T00:07:53.373+0300][14400][7356 ][info ][gc,heap  ] GC(65)                Mark Start          Mark End        Relocate Start      Relocate End           High               Low         
[2025-06-18T00:07:53.373+0300][14400][7356 ][info ][gc,heap  ] GC(65)  Capacity:     2048M (100%)       2048M (100%)       2048M (100%)       2048M (100%)       2048M (100%)       2048M (100%)   
[2025-06-18T00:07:53.373+0300][14400][7356 ][info ][gc,heap  ] GC(65)      Free:     1774M (87%)        1760M (86%)        1906M (93%)        1980M (97%)        1980M (97%)        1760M (86%)    
[2025-06-18T00:07:53.373+0300][14400][7356 ][info ][gc,heap  ] GC(65)      Used:      274M (13%)         288M (14%)         142M (7%)           68M (3%)          288M (14%)          68M (3%)     
[2025-06-18T00:07:53.373+0300][14400][7356 ][info ][gc,heap  ] GC(65)      Live:         -                18M (1%)           18M (1%)           18M (1%)             -                  -          
[2025-06-18T00:07:53.373+0300][14400][7356 ][info ][gc,heap  ] GC(65) Allocated:         -                14M (1%)           14M (1%)           14M (1%)             -                  -          
[2025-06-18T00:07:53.373+0300][14400][7356 ][info ][gc,heap  ] GC(65)   Garbage:         -               255M (12%)         109M (5%)           35M (2%)             -                  -          
[2025-06-18T00:07:53.373+0300][14400][7356 ][info ][gc,heap  ] GC(65) Reclaimed:         -                  -               146M (7%)          220M (11%)            -                  -          
[2025-06-18T00:07:53.373+0300][14400][7356 ][info ][gc       ] GC(65) Garbage Collection (Proactive) 274M(13%)->68M(3%)
[2025-06-18T00:08:00.049+0300][14400][7356 ][debug][gc,heap  ] GC(66) Heap before GC invocations=66 (full 66):
[2025-06-18T00:08:00.049+0300][14400][7356 ][debug][gc,heap  ] GC(66)  ZHeap           used 274M, capacity 2048M, max capacity 2048M
[2025-06-18T00:08:00.049+0300][14400][7356 ][debug][gc,heap  ] GC(66)  Metaspace       used 34454K, committed 35328K, reserved 1114112K
[2025-06-18T00:08:00.049+0300][14400][7356 ][debug][gc,heap  ] GC(66)   class space    used 2862K, committed 3264K, reserved 1048576K
[2025-06-18T00:08:00.049+0300][14400][20600][debug][safepoint] Safepoint synchronization initiated using striped semaphore wait barrier. (32 threads)
[2025-06-18T00:08:00.049+0300][14400][21292][debug][safepoint] ... found polling page loop exception at pc = 0x000001bef417d3b2, stub =0x000001bef3ab5b00
[2025-06-18T00:08:00.049+0300][14400][20600][info ][gc,phases] GC(66) Pause Mark Start 0.011ms
[2025-06-18T00:08:00.049+0300][14400][20600][info ][safepoint] Safepoint "XMarkStart", Time since last: 6666971900 ns, Reaching safepoint: 156700 ns, Cleanup: 14700 ns, At safepoint: 90800 ns, Total: 262200 ns
[2025-06-18T00:08:00.067+0300][14400][7356 ][info ][gc,phases] GC(66) Concurrent Mark 17.051ms
[2025-06-18T00:08:00.067+0300][14400][20600][debug][safepoint] Safepoint synchronization initiated using striped semaphore wait barrier. (32 threads)
[2025-06-18T00:08:00.067+0300][14400][20600][info ][gc,phases] GC(66) Pause Mark End 0.020ms
[2025-06-18T00:08:00.067+0300][14400][20600][info ][safepoint] Safepoint "XMarkEnd", Time since last: 17222400 ns, Reaching safepoint: 56700 ns, Cleanup: 6900 ns, At safepoint: 73500 ns, Total: 137100 ns
[2025-06-18T00:08:00.067+0300][14400][7356 ][info ][gc,phases] GC(66) Concurrent Mark Free 0.002ms
[2025-06-18T00:08:00.067+0300][14400][7356 ][debug][gc,phases] GC(66) Concurrent References Process 0.169ms
[2025-06-18T00:08:00.067+0300][14400][7356 ][debug][gc,phases] GC(66) ClassLoaderData 0.033ms
[2025-06-18T00:08:00.067+0300][14400][7356 ][debug][gc,phases] GC(66) Trigger cleanups 0.000ms
[2025-06-18T00:08:00.067+0300][14400][7356 ][debug][gc,phases] GC(66) Concurrent Classes Unlink 6.723ms
[2025-06-18T00:08:00.067+0300][14400][7356 ][debug][gc,phases] GC(66) Concurrent Classes Purge 0.029ms
[2025-06-18T00:08:00.067+0300][14400][7356 ][debug][gc,phases] GC(66) Concurrent References Enqueue 0.001ms
[2025-06-18T00:08:00.067+0300][14400][7356 ][info ][gc,phases] GC(66) Concurrent Process Non-Strong References 8.085ms
[2025-06-18T00:08:00.067+0300][14400][7356 ][info ][gc,phases] GC(66) Concurrent Reset Relocation Set 0.002ms
[2025-06-18T00:08:00.067+0300][14400][7356 ][info ][gc,phases] GC(66) Concurrent Select Relocation Set 1.085ms
[2025-06-18T00:08:00.067+0300][14400][20600][debug][safepoint] Safepoint synchronization initiated using striped semaphore wait barrier. (32 threads)
[2025-06-18T00:08:00.067+0300][14400][20600][info ][gc,phases] GC(66) Pause Relocate Start 0.008ms
[2025-06-18T00:08:00.067+0300][14400][20600][info ][safepoint] Safepoint "XRelocateStart", Time since last: 9386500 ns, Reaching safepoint: 42900 ns, Cleanup: 3500 ns, At safepoint: 34600 ns, Total: 81000 ns
[2025-06-18T00:08:00.067+0300][14400][7356 ][info ][gc,phases] GC(66) Concurrent Relocate 0.614ms
[2025-06-18T00:08:00.067+0300][14400][7356 ][debug][gc,heap  ] GC(66) Heap after GC invocations=67 (full 67):
[2025-06-18T00:08:00.067+0300][14400][7356 ][debug][gc,heap  ] GC(66)  ZHeap           used 66M, capacity 2048M, max capacity 2048M
[2025-06-18T00:08:00.067+0300][14400][7356 ][debug][gc,heap  ] GC(66)  Metaspace       used 34454K, committed 35328K, reserved 1114112K
[2025-06-18T00:08:00.067+0300][14400][7356 ][debug][gc,heap  ] GC(66)   class space    used 2862K, committed 3264K, reserved 1048576K
[2025-06-18T00:08:00.067+0300][14400][7356 ][info ][gc,heap  ] GC(66) Min Capacity: 2048M(100%)
[2025-06-18T00:08:00.067+0300][14400][7356 ][info ][gc,heap  ] GC(66) Max Capacity: 2048M(100%)
[2025-06-18T00:08:00.067+0300][14400][7356 ][info ][gc,heap  ] GC(66) Soft Max Capacity: 2048M(100%)
[2025-06-18T00:08:00.067+0300][14400][7356 ][info ][gc,heap  ] GC(66)                Mark Start          Mark End        Relocate Start      Relocate End           High               Low         
[2025-06-18T00:08:00.067+0300][14400][7356 ][info ][gc,heap  ] GC(66)  Capacity:     2048M (100%)       2048M (100%)       2048M (100%)       2048M (100%)       2048M (100%)       2048M (100%)   
[2025-06-18T00:08:00.067+0300][14400][7356 ][info ][gc,heap  ] GC(66)      Free:     1774M (87%)        1762M (86%)        1906M (93%)        1982M (97%)        1982M (97%)        1762M (86%)    
[2025-06-18T00:08:00.067+0300][14400][7356 ][info ][gc,heap  ] GC(66)      Used:      274M (13%)         286M (14%)         142M (7%)           66M (3%)          286M (14%)          66M (3%)     
[2025-06-18T00:08:00.067+0300][14400][7356 ][info ][gc,heap  ] GC(66)      Live:         -                18M (1%)           18M (1%)           18M (1%)             -                  -          
[2025-06-18T00:08:00.067+0300][14400][7356 ][info ][gc,heap  ] GC(66) Allocated:         -                12M (1%)           12M (1%)           12M (1%)             -                  -          
[2025-06-18T00:08:00.067+0300][14400][7356 ][info ][gc,heap  ] GC(66)   Garbage:         -               255M (12%)         111M (5%)           35M (2%)             -                  -          
[2025-06-18T00:08:00.067+0300][14400][7356 ][info ][gc,heap  ] GC(66) Reclaimed:         -                  -               144M (7%)          220M (11%)            -                  -          
[2025-06-18T00:08:00.067+0300][14400][7356 ][info ][gc       ] GC(66) Garbage Collection (Proactive) 274M(13%)->66M(3%)
[2025-06-18T00:08:06.745+0300][14400][7356 ][debug][gc,heap  ] GC(67) Heap before GC invocations=67 (full 67):
[2025-06-18T00:08:06.745+0300][14400][7356 ][debug][gc,heap  ] GC(67)  ZHeap           used 274M, capacity 2048M, max capacity 2048M
[2025-06-18T00:08:06.745+0300][14400][7356 ][debug][gc,heap  ] GC(67)  Metaspace       used 34454K, committed 35328K, reserved 1114112K
[2025-06-18T00:08:06.745+0300][14400][7356 ][debug][gc,heap  ] GC(67)   class space    used 2862K, committed 3264K, reserved 1048576K
[2025-06-18T00:08:06.745+0300][14400][20600][debug][safepoint] Safepoint synchronization initiated using striped semaphore wait barrier. (32 threads)
[2025-06-18T00:08:06.745+0300][14400][3424 ][debug][safepoint] ... found polling page loop exception at pc = 0x000001bef475818d, stub =0x000001bef3ab5280
[2025-06-18T00:08:06.745+0300][14400][4476 ][debug][safepoint] ... found polling page loop exception at pc = 0x000001bef475818d, stub =0x000001bef3ab5280
[2025-06-18T00:08:06.745+0300][14400][20600][info ][gc,phases] GC(67) Pause Mark Start 0.008ms
[2025-06-18T00:08:06.745+0300][14400][20600][info ][safepoint] Safepoint "XMarkStart", Time since last: 6669432900 ns, Reaching safepoint: 151800 ns, Cleanup: 5000 ns, At safepoint: 48400 ns, Total: 205200 ns
[2025-06-18T00:08:06.763+0300][14400][7356 ][info ][gc,phases] GC(67) Concurrent Mark 16.855ms
[2025-06-18T00:08:06.763+0300][14400][20600][debug][safepoint] Safepoint synchronization initiated using striped semaphore wait barrier. (32 threads)
[2025-06-18T00:08:06.763+0300][14400][20600][info ][gc,phases] GC(67) Pause Mark End 0.014ms
[2025-06-18T00:08:06.763+0300][14400][20600][info ][safepoint] Safepoint "XMarkEnd", Time since last: 17040600 ns, Reaching safepoint: 44800 ns, Cleanup: 9700 ns, At safepoint: 38300 ns, Total: 92800 ns
[2025-06-18T00:08:06.763+0300][14400][7356 ][info ][gc,phases] GC(67) Concurrent Mark Free 0.002ms
[2025-06-18T00:08:06.763+0300][14400][7356 ][debug][gc,phases] GC(67) Concurrent References Process 0.183ms
[2025-06-18T00:08:06.763+0300][14400][7356 ][debug][gc,phases] GC(67) ClassLoaderData 0.051ms
[2025-06-18T00:08:06.763+0300][14400][7356 ][debug][gc,phases] GC(67) Trigger cleanups 0.000ms
[2025-06-18T00:08:06.766+0300][14400][7356 ][debug][gc,phases] GC(67) Concurrent Classes Unlink 8.096ms
[2025-06-18T00:08:06.766+0300][14400][7356 ][debug][gc,phases] GC(67) Concurrent Classes Purge 0.007ms
[2025-06-18T00:08:06.766+0300][14400][7356 ][debug][gc,phases] GC(67) Concurrent References Enqueue 0.000ms
[2025-06-18T00:08:06.766+0300][14400][7356 ][info ][gc,phases] GC(67) Concurrent Process Non-Strong References 9.120ms
[2025-06-18T00:08:06.766+0300][14400][7356 ][info ][gc,phases] GC(67) Concurrent Reset Relocation Set 0.003ms
[2025-06-18T00:08:06.766+0300][14400][7356 ][info ][gc,phases] GC(67) Concurrent Select Relocation Set 1.099ms
[2025-06-18T00:08:06.766+0300][14400][20600][debug][safepoint] Safepoint synchronization initiated using striped semaphore wait barrier. (32 threads)
[2025-06-18T00:08:06.766+0300][14400][20600][info ][gc,phases] GC(67) Pause Relocate Start 0.009ms
[2025-06-18T00:08:06.766+0300][14400][20600][info ][safepoint] Safepoint "XRelocateStart", Time since last: 10455900 ns, Reaching safepoint: 76400 ns, Cleanup: 4600 ns, At safepoint: 35600 ns, Total: 116600 ns
[2025-06-18T00:08:06.766+0300][14400][7356 ][info ][gc,phases] GC(67) Concurrent Relocate 0.856ms
[2025-06-18T00:08:06.766+0300][14400][7356 ][debug][gc,heap  ] GC(67) Heap after GC invocations=68 (full 68):
[2025-06-18T00:08:06.766+0300][14400][7356 ][debug][gc,heap  ] GC(67)  ZHeap           used 68M, capacity 2048M, max capacity 2048M
[2025-06-18T00:08:06.766+0300][14400][7356 ][debug][gc,heap  ] GC(67)  Metaspace       used 34454K, committed 35328K, reserved 1114112K
[2025-06-18T00:08:06.766+0300][14400][7356 ][debug][gc,heap  ] GC(67)   class space    used 2862K, committed 3264K, reserved 1048576K
[2025-06-18T00:08:06.766+0300][14400][7356 ][info ][gc,heap  ] GC(67) Min Capacity: 2048M(100%)
[2025-06-18T00:08:06.766+0300][14400][7356 ][info ][gc,heap  ] GC(67) Max Capacity: 2048M(100%)
[2025-06-18T00:08:06.766+0300][14400][7356 ][info ][gc,heap  ] GC(67) Soft Max Capacity: 2048M(100%)
[2025-06-18T00:08:06.766+0300][14400][7356 ][info ][gc,heap  ] GC(67)                Mark Start          Mark End        Relocate Start      Relocate End           High               Low         
[2025-06-18T00:08:06.766+0300][14400][7356 ][info ][gc,heap  ] GC(67)  Capacity:     2048M (100%)       2048M (100%)       2048M (100%)       2048M (100%)       2048M (100%)       2048M (100%)   
[2025-06-18T00:08:06.766+0300][14400][7356 ][info ][gc,heap  ] GC(67)      Free:     1774M (87%)        1760M (86%)        1906M (93%)        1980M (97%)        1980M (97%)        1760M (86%)    
[2025-06-18T00:08:06.766+0300][14400][7356 ][info ][gc,heap  ] GC(67)      Used:      274M (13%)         288M (14%)         142M (7%)           68M (3%)          288M (14%)          68M (3%)     
[2025-06-18T00:08:06.766+0300][14400][7356 ][info ][gc,heap  ] GC(67)      Live:         -                18M (1%)           18M (1%)           18M (1%)             -                  -          
[2025-06-18T00:08:06.766+0300][14400][7356 ][info ][gc,heap  ] GC(67) Allocated:         -                14M (1%)           14M (1%)           14M (1%)             -                  -          
[2025-06-18T00:08:06.766+0300][14400][7356 ][info ][gc,heap  ] GC(67)   Garbage:         -               255M (12%)         109M (5%)           35M (2%)             -                  -          
[2025-06-18T00:08:06.766+0300][14400][7356 ][info ][gc,heap  ] GC(67) Reclaimed:         -                  -               146M (7%)          220M (11%)            -                  -          
[2025-06-18T00:08:06.766+0300][14400][7356 ][info ][gc       ] GC(67) Garbage Collection (Proactive) 274M(13%)->68M(3%)
[2025-06-18T00:08:13.346+0300][14400][7356 ][debug][gc,heap  ] GC(68) Heap before GC invocations=68 (full 68):
[2025-06-18T00:08:13.346+0300][14400][7356 ][debug][gc,heap  ] GC(68)  ZHeap           used 274M, capacity 2048M, max capacity 2048M
[2025-06-18T00:08:13.346+0300][14400][7356 ][debug][gc,heap  ] GC(68)  Metaspace       used 34454K, committed 35328K, reserved 1114112K
[2025-06-18T00:08:13.346+0300][14400][7356 ][debug][gc,heap  ] GC(68)   class space    used 2862K, committed 3264K, reserved 1048576K
[2025-06-18T00:08:13.346+0300][14400][20600][debug][safepoint] Safepoint synchronization initiated using striped semaphore wait barrier. (32 threads)
[2025-06-18T00:08:13.346+0300][14400][14864][debug][safepoint] ... found polling page loop exception at pc = 0x000001bef461f81d, stub =0x000001bef3ab5280
[2025-06-18T00:08:13.346+0300][14400][20600][info ][gc,phases] GC(68) Pause Mark Start 0.057ms
[2025-06-18T00:08:13.346+0300][14400][20600][info ][safepoint] Safepoint "XMarkStart", Time since last: 6573405600 ns, Reaching safepoint: 271300 ns, Cleanup: 29200 ns, At safepoint: 162900 ns, Total: 463400 ns
[2025-06-18T00:08:13.379+0300][14400][7356 ][info ][gc,phases] GC(68) Concurrent Mark 31.655ms
[2025-06-18T00:08:13.379+0300][14400][20600][debug][safepoint] Safepoint synchronization initiated using striped semaphore wait barrier. (32 threads)
[2025-06-18T00:08:13.379+0300][14400][20600][info ][gc,phases] GC(68) Pause Mark End 0.017ms
[2025-06-18T00:08:13.379+0300][14400][20600][info ][safepoint] Safepoint "XMarkEnd", Time since last: 31895700 ns, Reaching safepoint: 58800 ns, Cleanup: 8400 ns, At safepoint: 77400 ns, Total: 144600 ns
[2025-06-18T00:08:13.379+0300][14400][7356 ][info ][gc,phases] GC(68) Concurrent Mark Free 0.001ms
[2025-06-18T00:08:13.379+0300][14400][7356 ][debug][gc,phases] GC(68) Concurrent References Process 0.147ms
[2025-06-18T00:08:13.380+0300][14400][7356 ][debug][gc,phases] GC(68) ClassLoaderData 0.032ms
[2025-06-18T00:08:13.380+0300][14400][7356 ][debug][gc,phases] GC(68) Trigger cleanups 0.000ms
[2025-06-18T00:08:13.380+0300][14400][7356 ][debug][gc,phases] GC(68) Concurrent Classes Unlink 7.543ms
[2025-06-18T00:08:13.380+0300][14400][7356 ][debug][gc,phases] GC(68) Concurrent Classes Purge 0.024ms
[2025-06-18T00:08:13.380+0300][14400][7356 ][debug][gc,phases] GC(68) Concurrent References Enqueue 0.001ms
[2025-06-18T00:08:13.380+0300][14400][7356 ][info ][gc,phases] GC(68) Concurrent Process Non-Strong References 8.617ms
[2025-06-18T00:08:13.380+0300][14400][7356 ][info ][gc,phases] GC(68) Concurrent Reset Relocation Set 0.002ms
[2025-06-18T00:08:13.380+0300][14400][7356 ][info ][gc,phases] GC(68) Concurrent Select Relocation Set 1.155ms
[2025-06-18T00:08:13.380+0300][14400][20600][debug][safepoint] Safepoint synchronization initiated using striped semaphore wait barrier. (32 threads)
[2025-06-18T00:08:13.380+0300][14400][20600][info ][gc,phases] GC(68) Pause Relocate Start 0.007ms
[2025-06-18T00:08:13.380+0300][14400][20600][info ][safepoint] Safepoint "XRelocateStart", Time since last: 9947400 ns, Reaching safepoint: 25100 ns, Cleanup: 3200 ns, At safepoint: 19500 ns, Total: 47800 ns
[2025-06-18T00:08:13.380+0300][14400][7356 ][info ][gc,phases] GC(68) Concurrent Relocate 0.422ms
[2025-06-18T00:08:13.380+0300][14400][7356 ][debug][gc,heap  ] GC(68) Heap after GC invocations=69 (full 69):
[2025-06-18T00:08:13.380+0300][14400][7356 ][debug][gc,heap  ] GC(68)  ZHeap           used 68M, capacity 2048M, max capacity 2048M
[2025-06-18T00:08:13.380+0300][14400][7356 ][debug][gc,heap  ] GC(68)  Metaspace       used 34454K, committed 35328K, reserved 1114112K
[2025-06-18T00:08:13.380+0300][14400][7356 ][debug][gc,heap  ] GC(68)   class space    used 2862K, committed 3264K, reserved 1048576K
[2025-06-18T00:08:13.380+0300][14400][7356 ][info ][gc,heap  ] GC(68) Min Capacity: 2048M(100%)
[2025-06-18T00:08:13.380+0300][14400][7356 ][info ][gc,heap  ] GC(68) Max Capacity: 2048M(100%)
[2025-06-18T00:08:13.380+0300][14400][7356 ][info ][gc,heap  ] GC(68) Soft Max Capacity: 2048M(100%)
[2025-06-18T00:08:13.380+0300][14400][7356 ][info ][gc,heap  ] GC(68)                Mark Start          Mark End        Relocate Start      Relocate End           High               Low         
[2025-06-18T00:08:13.380+0300][14400][7356 ][info ][gc,heap  ] GC(68)  Capacity:     2048M (100%)       2048M (100%)       2048M (100%)       2048M (100%)       2048M (100%)       2048M (100%)   
[2025-06-18T00:08:13.380+0300][14400][7356 ][info ][gc,heap  ] GC(68)      Free:     1774M (87%)        1760M (86%)        1904M (93%)        1980M (97%)        1980M (97%)        1760M (86%)    
[2025-06-18T00:08:13.380+0300][14400][7356 ][info ][gc,heap  ] GC(68)      Used:      274M (13%)         288M (14%)         144M (7%)           68M (3%)          288M (14%)          68M (3%)     
[2025-06-18T00:08:13.380+0300][14400][7356 ][info ][gc,heap  ] GC(68)      Live:         -                18M (1%)           18M (1%)           18M (1%)             -                  -          
[2025-06-18T00:08:13.380+0300][14400][7356 ][info ][gc,heap  ] GC(68) Allocated:         -                14M (1%)           14M (1%)           14M (1%)             -                  -          
[2025-06-18T00:08:13.380+0300][14400][7356 ][info ][gc,heap  ] GC(68)   Garbage:         -               255M (12%)         111M (5%)           35M (2%)             -                  -          
[2025-06-18T00:08:13.380+0300][14400][7356 ][info ][gc,heap  ] GC(68) Reclaimed:         -                  -               144M (7%)          220M (11%)            -                  -          
[2025-06-18T00:08:13.380+0300][14400][7356 ][info ][gc       ] GC(68) Garbage Collection (Proactive) 274M(13%)->68M(3%)
[2025-06-18T00:08:20.144+0300][14400][7356 ][debug][gc,heap  ] GC(69) Heap before GC invocations=69 (full 69):
[2025-06-18T00:08:20.144+0300][14400][7356 ][debug][gc,heap  ] GC(69)  ZHeap           used 276M, capacity 2048M, max capacity 2048M
[2025-06-18T00:08:20.144+0300][14400][7356 ][debug][gc,heap  ] GC(69)  Metaspace       used 34455K, committed 35328K, reserved 1114112K
[2025-06-18T00:08:20.144+0300][14400][7356 ][debug][gc,heap  ] GC(69)   class space    used 2862K, committed 3264K, reserved 1048576K
[2025-06-18T00:08:20.145+0300][14400][20600][debug][safepoint] Safepoint synchronization initiated using striped semaphore wait barrier. (32 threads)
[2025-06-18T00:08:20.145+0300][14400][2848 ][debug][safepoint] ... found polling page loop exception at pc = 0x000001bef4881930, stub =0x000001bef3ab5b00
[2025-06-18T00:08:20.145+0300][14400][8604 ][debug][safepoint] ... found polling page loop exception at pc = 0x000001bef46ba604, stub =0x000001bef3ab5280
[2025-06-18T00:08:20.145+0300][14400][20600][info ][gc,phases] GC(69) Pause Mark Start 0.011ms
[2025-06-18T00:08:20.145+0300][14400][20600][info ][safepoint] Safepoint "XMarkStart", Time since last: 6755082900 ns, Reaching safepoint: 273600 ns, Cleanup: 18400 ns, At safepoint: 76000 ns, Total: 368000 ns
[2025-06-18T00:08:20.164+0300][14400][7356 ][info ][gc,phases] GC(69) Concurrent Mark 18.840ms
[2025-06-18T00:08:20.164+0300][14400][20600][debug][safepoint] Safepoint synchronization initiated using striped semaphore wait barrier. (32 threads)
[2025-06-18T00:08:20.164+0300][14400][19568][debug][safepoint] ... found polling page loop exception at pc = 0x000001bef444f1e9, stub =0x000001bef3ab5280
[2025-06-18T00:08:20.164+0300][14400][20600][info ][gc,phases] GC(69) Pause Mark End 0.013ms
[2025-06-18T00:08:20.164+0300][14400][20600][info ][safepoint] Safepoint "XMarkEnd", Time since last: 19033300 ns, Reaching safepoint: 104200 ns, Cleanup: 5000 ns, At safepoint: 39400 ns, Total: 148600 ns
[2025-06-18T00:08:20.164+0300][14400][7356 ][info ][gc,phases] GC(69) Concurrent Mark Free 0.001ms
[2025-06-18T00:08:20.164+0300][14400][7356 ][debug][gc,phases] GC(69) Concurrent References Process 0.176ms
[2025-06-18T00:08:20.165+0300][14400][7356 ][debug][gc,phases] GC(69) ClassLoaderData 0.045ms
[2025-06-18T00:08:20.165+0300][14400][7356 ][debug][gc,phases] GC(69) Trigger cleanups 0.000ms
[2025-06-18T00:08:20.167+0300][14400][7356 ][debug][gc,phases] GC(69) Concurrent Classes Unlink 7.653ms
[2025-06-18T00:08:20.167+0300][14400][7356 ][debug][gc,phases] GC(69) Concurrent Classes Purge 0.031ms
[2025-06-18T00:08:20.167+0300][14400][7356 ][debug][gc,phases] GC(69) Concurrent References Enqueue 0.001ms
[2025-06-18T00:08:20.167+0300][14400][7356 ][info ][gc,phases] GC(69) Concurrent Process Non-Strong References 8.867ms
[2025-06-18T00:08:20.167+0300][14400][7356 ][info ][gc,phases] GC(69) Concurrent Reset Relocation Set 0.002ms
[2025-06-18T00:08:20.167+0300][14400][7356 ][info ][gc,phases] GC(69) Concurrent Select Relocation Set 1.115ms
[2025-06-18T00:08:20.167+0300][14400][20600][debug][safepoint] Safepoint synchronization initiated using striped semaphore wait barrier. (32 threads)
[2025-06-18T00:08:20.167+0300][14400][20600][info ][gc,phases] GC(69) Pause Relocate Start 0.006ms
[2025-06-18T00:08:20.167+0300][14400][20600][info ][safepoint] Safepoint "XRelocateStart", Time since last: 10100900 ns, Reaching safepoint: 25000 ns, Cleanup: 6800 ns, At safepoint: 20000 ns, Total: 51800 ns
[2025-06-18T00:08:20.167+0300][14400][7356 ][info ][gc,phases] GC(69) Concurrent Relocate 0.419ms
[2025-06-18T00:08:20.167+0300][14400][7356 ][debug][gc,heap  ] GC(69) Heap after GC invocations=70 (full 70):
[2025-06-18T00:08:20.167+0300][14400][7356 ][debug][gc,heap  ] GC(69)  ZHeap           used 66M, capacity 2048M, max capacity 2048M
[2025-06-18T00:08:20.167+0300][14400][7356 ][debug][gc,heap  ] GC(69)  Metaspace       used 34455K, committed 35328K, reserved 1114112K
[2025-06-18T00:08:20.167+0300][14400][7356 ][debug][gc,heap  ] GC(69)   class space    used 2862K, committed 3264K, reserved 1048576K
[2025-06-18T00:08:20.167+0300][14400][7356 ][info ][gc,heap  ] GC(69) Min Capacity: 2048M(100%)
[2025-06-18T00:08:20.167+0300][14400][7356 ][info ][gc,heap  ] GC(69) Max Capacity: 2048M(100%)
[2025-06-18T00:08:20.167+0300][14400][7356 ][info ][gc,heap  ] GC(69) Soft Max Capacity: 2048M(100%)
[2025-06-18T00:08:20.167+0300][14400][7356 ][info ][gc,heap  ] GC(69)                Mark Start          Mark End        Relocate Start      Relocate End           High               Low         
[2025-06-18T00:08:20.167+0300][14400][7356 ][info ][gc,heap  ] GC(69)  Capacity:     2048M (100%)       2048M (100%)       2048M (100%)       2048M (100%)       2048M (100%)       2048M (100%)   
[2025-06-18T00:08:20.167+0300][14400][7356 ][info ][gc,heap  ] GC(69)      Free:     1772M (87%)        1760M (86%)        1906M (93%)        1982M (97%)        1982M (97%)        1760M (86%)    
[2025-06-18T00:08:20.167+0300][14400][7356 ][info ][gc,heap  ] GC(69)      Used:      276M (13%)         288M (14%)         142M (7%)           66M (3%)          288M (14%)          66M (3%)     
[2025-06-18T00:08:20.167+0300][14400][7356 ][info ][gc,heap  ] GC(69)      Live:         -                18M (1%)           18M (1%)           18M (1%)             -                  -          
[2025-06-18T00:08:20.167+0300][14400][7356 ][info ][gc,heap  ] GC(69) Allocated:         -                12M (1%)           12M (1%)           12M (1%)             -                  -          
[2025-06-18T00:08:20.167+0300][14400][7356 ][info ][gc,heap  ] GC(69)   Garbage:         -               257M (13%)         111M (5%)           35M (2%)             -                  -          
[2025-06-18T00:08:20.167+0300][14400][7356 ][info ][gc,heap  ] GC(69) Reclaimed:         -                  -               146M (7%)          222M (11%)            -                  -          
[2025-06-18T00:08:20.167+0300][14400][7356 ][info ][gc       ] GC(69) Garbage Collection (Proactive) 276M(13%)->66M(3%)
[2025-06-18T00:08:26.738+0300][14400][7356 ][debug][gc,heap  ] GC(70) Heap before GC invocations=70 (full 70):
[2025-06-18T00:08:26.738+0300][14400][7356 ][debug][gc,heap  ] GC(70)  ZHeap           used 272M, capacity 2048M, max capacity 2048M
[2025-06-18T00:08:26.738+0300][14400][7356 ][debug][gc,heap  ] GC(70)  Metaspace       used 34455K, committed 35328K, reserved 1114112K
[2025-06-18T00:08:26.738+0300][14400][7356 ][debug][gc,heap  ] GC(70)   class space    used 2862K, committed 3264K, reserved 1048576K
[2025-06-18T00:08:26.738+0300][14400][20600][debug][safepoint] Safepoint synchronization initiated using striped semaphore wait barrier. (32 threads)
[2025-06-18T00:08:26.738+0300][14400][19024][debug][safepoint] ... found polling page loop exception at pc = 0x000001bef43eceae, stub =0x000001bef3ab5b00
[2025-06-18T00:08:26.738+0300][14400][20600][info ][gc,phases] GC(70) Pause Mark Start 0.015ms
[2025-06-18T00:08:26.738+0300][14400][20600][info ][safepoint] Safepoint "XMarkStart", Time since last: 6564361600 ns, Reaching safepoint: 253900 ns, Cleanup: 23600 ns, At safepoint: 167000 ns, Total: 444500 ns
[2025-06-18T00:08:26.754+0300][14400][7356 ][info ][gc,phases] GC(70) Concurrent Mark 14.732ms
[2025-06-18T00:08:26.754+0300][14400][20600][debug][safepoint] Safepoint synchronization initiated using striped semaphore wait barrier. (32 threads)
[2025-06-18T00:08:26.754+0300][14400][20600][info ][gc,phases] GC(70) Pause Mark End 0.016ms
[2025-06-18T00:08:26.754+0300][14400][20600][info ][safepoint] Safepoint "XMarkEnd", Time since last: 14935900 ns, Reaching safepoint: 54600 ns, Cleanup: 5700 ns, At safepoint: 45100 ns, Total: 105400 ns
[2025-06-18T00:08:26.754+0300][14400][7356 ][info ][gc,phases] GC(70) Concurrent Mark Free 0.001ms
[2025-06-18T00:08:26.754+0300][14400][7356 ][debug][gc,phases] GC(70) Concurrent References Process 0.135ms
[2025-06-18T00:08:26.755+0300][14400][7356 ][debug][gc,phases] GC(70) ClassLoaderData 0.037ms
[2025-06-18T00:08:26.755+0300][14400][7356 ][debug][gc,phases] GC(70) Trigger cleanups 0.000ms
[2025-06-18T00:08:26.755+0300][14400][7356 ][debug][gc,phases] GC(70) Concurrent Classes Unlink 7.192ms
[2025-06-18T00:08:26.755+0300][14400][7356 ][debug][gc,phases] GC(70) Concurrent Classes Purge 0.032ms
[2025-06-18T00:08:26.755+0300][14400][7356 ][debug][gc,phases] GC(70) Concurrent References Enqueue 0.000ms
[2025-06-18T00:08:26.755+0300][14400][7356 ][info ][gc,phases] GC(70) Concurrent Process Non-Strong References 8.312ms
[2025-06-18T00:08:26.755+0300][14400][7356 ][info ][gc,phases] GC(70) Concurrent Reset Relocation Set 0.002ms
[2025-06-18T00:08:26.755+0300][14400][7356 ][info ][gc,phases] GC(70) Concurrent Select Relocation Set 1.162ms
[2025-06-18T00:08:26.755+0300][14400][20600][debug][safepoint] Safepoint synchronization initiated using striped semaphore wait barrier. (32 threads)
[2025-06-18T00:08:26.755+0300][14400][20600][info ][gc,phases] GC(70) Pause Relocate Start 0.007ms
[2025-06-18T00:08:26.755+0300][14400][20600][info ][safepoint] Safepoint "XRelocateStart", Time since last: 9616500 ns, Reaching safepoint: 25000 ns, Cleanup: 3200 ns, At safepoint: 20400 ns, Total: 48600 ns
[2025-06-18T00:08:26.755+0300][14400][7356 ][info ][gc,phases] GC(70) Concurrent Relocate 0.465ms
[2025-06-18T00:08:26.755+0300][14400][7356 ][debug][gc,heap  ] GC(70) Heap after GC invocations=71 (full 71):
[2025-06-18T00:08:26.755+0300][14400][7356 ][debug][gc,heap  ] GC(70)  ZHeap           used 68M, capacity 2048M, max capacity 2048M
[2025-06-18T00:08:26.755+0300][14400][7356 ][debug][gc,heap  ] GC(70)  Metaspace       used 34455K, committed 35328K, reserved 1114112K
[2025-06-18T00:08:26.755+0300][14400][7356 ][debug][gc,heap  ] GC(70)   class space    used 2862K, committed 3264K, reserved 1048576K
[2025-06-18T00:08:26.755+0300][14400][7356 ][info ][gc,heap  ] GC(70) Min Capacity: 2048M(100%)
[2025-06-18T00:08:26.755+0300][14400][7356 ][info ][gc,heap  ] GC(70) Max Capacity: 2048M(100%)
[2025-06-18T00:08:26.755+0300][14400][7356 ][info ][gc,heap  ] GC(70) Soft Max Capacity: 2048M(100%)
[2025-06-18T00:08:26.755+0300][14400][7356 ][info ][gc,heap  ] GC(70)                Mark Start          Mark End        Relocate Start      Relocate End           High               Low         
[2025-06-18T00:08:26.755+0300][14400][7356 ][info ][gc,heap  ] GC(70)  Capacity:     2048M (100%)       2048M (100%)       2048M (100%)       2048M (100%)       2048M (100%)       2048M (100%)   
[2025-06-18T00:08:26.755+0300][14400][7356 ][info ][gc,heap  ] GC(70)      Free:     1776M (87%)        1762M (86%)        1898M (93%)        1980M (97%)        1980M (97%)        1762M (86%)    
[2025-06-18T00:08:26.755+0300][14400][7356 ][info ][gc,heap  ] GC(70)      Used:      272M (13%)         286M (14%)         150M (7%)           68M (3%)          286M (14%)          68M (3%)     
[2025-06-18T00:08:26.755+0300][14400][7356 ][info ][gc,heap  ] GC(70)      Live:         -                18M (1%)           18M (1%)           18M (1%)             -                  -          
[2025-06-18T00:08:26.755+0300][14400][7356 ][info ][gc,heap  ] GC(70) Allocated:         -                14M (1%)           14M (1%)           14M (1%)             -                  -          
[2025-06-18T00:08:26.755+0300][14400][7356 ][info ][gc,heap  ] GC(70)   Garbage:         -               253M (12%)         117M (6%)           35M (2%)             -                  -          
[2025-06-18T00:08:26.755+0300][14400][7356 ][info ][gc,heap  ] GC(70) Reclaimed:         -                  -               136M (7%)          218M (11%)            -                  -          
[2025-06-18T00:08:26.755+0300][14400][7356 ][info ][gc       ] GC(70) Garbage Collection (Proactive) 272M(13%)->68M(3%)
[2025-06-18T00:08:33.446+0300][14400][7356 ][debug][gc,heap  ] GC(71) Heap before GC invocations=71 (full 71):
[2025-06-18T00:08:33.446+0300][14400][7356 ][debug][gc,heap  ] GC(71)  ZHeap           used 274M, capacity 2048M, max capacity 2048M
[2025-06-18T00:08:33.446+0300][14400][7356 ][debug][gc,heap  ] GC(71)  Metaspace       used 34455K, committed 35328K, reserved 1114112K
[2025-06-18T00:08:33.446+0300][14400][7356 ][debug][gc,heap  ] GC(71)   class space    used 2862K, committed 3264K, reserved 1048576K
[2025-06-18T00:08:33.446+0300][14400][20600][debug][safepoint] Safepoint synchronization initiated using striped semaphore wait barrier. (32 threads)
[2025-06-18T00:08:33.446+0300][14400][8604 ][debug][safepoint] ... found polling page loop exception at pc = 0x000001bef45b34a5, stub =0x000001bef3ab5b00
[2025-06-18T00:08:33.446+0300][14400][20600][info ][gc,phases] GC(71) Pause Mark Start 0.015ms
[2025-06-18T00:08:33.446+0300][14400][20600][info ][safepoint] Safepoint "XMarkStart", Time since last: 6682628900 ns, Reaching safepoint: 300000 ns, Cleanup: 11500 ns, At safepoint: 219400 ns, Total: 530900 ns
[2025-06-18T00:08:33.478+0300][14400][7356 ][info ][gc,phases] GC(71) Concurrent Mark 30.856ms
[2025-06-18T00:08:33.478+0300][14400][20600][debug][safepoint] Safepoint synchronization initiated using striped semaphore wait barrier. (32 threads)
[2025-06-18T00:08:33.478+0300][14400][20600][info ][gc,phases] GC(71) Pause Mark End 0.015ms
[2025-06-18T00:08:33.478+0300][14400][20600][info ][safepoint] Safepoint "XMarkEnd", Time since last: 31055500 ns, Reaching safepoint: 34400 ns, Cleanup: 13200 ns, At safepoint: 53000 ns, Total: 100600 ns
[2025-06-18T00:08:33.478+0300][14400][7356 ][info ][gc,phases] GC(71) Concurrent Mark Free 0.001ms
[2025-06-18T00:08:33.478+0300][14400][7356 ][debug][gc,phases] GC(71) Concurrent References Process 0.117ms
[2025-06-18T00:08:33.479+0300][14400][7356 ][debug][gc,phases] GC(71) ClassLoaderData 0.031ms
[2025-06-18T00:08:33.479+0300][14400][7356 ][debug][gc,phases] GC(71) Trigger cleanups 0.000ms
[2025-06-18T00:08:33.479+0300][14400][7356 ][debug][gc,phases] GC(71) Concurrent Classes Unlink 7.609ms
[2025-06-18T00:08:33.479+0300][14400][7356 ][debug][gc,phases] GC(71) Concurrent Classes Purge 0.019ms
[2025-06-18T00:08:33.479+0300][14400][7356 ][debug][gc,phases] GC(71) Concurrent References Enqueue 0.001ms
[2025-06-18T00:08:33.479+0300][14400][7356 ][info ][gc,phases] GC(71) Concurrent Process Non-Strong References 8.672ms
[2025-06-18T00:08:33.479+0300][14400][7356 ][info ][gc,phases] GC(71) Concurrent Reset Relocation Set 0.003ms
[2025-06-18T00:08:33.479+0300][14400][7356 ][info ][gc,phases] GC(71) Concurrent Select Relocation Set 1.165ms
[2025-06-18T00:08:33.479+0300][14400][20600][debug][safepoint] Safepoint synchronization initiated using striped semaphore wait barrier. (32 threads)
[2025-06-18T00:08:33.479+0300][14400][20600][info ][gc,phases] GC(71) Pause Relocate Start 0.007ms
[2025-06-18T00:08:33.479+0300][14400][20600][info ][safepoint] Safepoint "XRelocateStart", Time since last: 10036800 ns, Reaching safepoint: 23900 ns, Cleanup: 3400 ns, At safepoint: 19500 ns, Total: 46800 ns
[2025-06-18T00:08:33.479+0300][14400][7356 ][info ][gc,phases] GC(71) Concurrent Relocate 0.426ms
[2025-06-18T00:08:33.479+0300][14400][7356 ][debug][gc,heap  ] GC(71) Heap after GC invocations=72 (full 72):
[2025-06-18T00:08:33.479+0300][14400][7356 ][debug][gc,heap  ] GC(71)  ZHeap           used 70M, capacity 2048M, max capacity 2048M
[2025-06-18T00:08:33.479+0300][14400][7356 ][debug][gc,heap  ] GC(71)  Metaspace       used 34455K, committed 35328K, reserved 1114112K
[2025-06-18T00:08:33.479+0300][14400][7356 ][debug][gc,heap  ] GC(71)   class space    used 2862K, committed 3264K, reserved 1048576K
[2025-06-18T00:08:33.479+0300][14400][7356 ][info ][gc,heap  ] GC(71) Min Capacity: 2048M(100%)
[2025-06-18T00:08:33.479+0300][14400][7356 ][info ][gc,heap  ] GC(71) Max Capacity: 2048M(100%)
[2025-06-18T00:08:33.479+0300][14400][7356 ][info ][gc,heap  ] GC(71) Soft Max Capacity: 2048M(100%)
[2025-06-18T00:08:33.479+0300][14400][7356 ][info ][gc,heap  ] GC(71)                Mark Start          Mark End        Relocate Start      Relocate End           High               Low         
[2025-06-18T00:08:33.479+0300][14400][7356 ][info ][gc,heap  ] GC(71)  Capacity:     2048M (100%)       2048M (100%)       2048M (100%)       2048M (100%)       2048M (100%)       2048M (100%)   
[2025-06-18T00:08:33.479+0300][14400][7356 ][info ][gc,heap  ] GC(71)      Free:     1774M (87%)        1758M (86%)        1904M (93%)        1978M (97%)        1978M (97%)        1758M (86%)    
[2025-06-18T00:08:33.479+0300][14400][7356 ][info ][gc,heap  ] GC(71)      Used:      274M (13%)         290M (14%)         144M (7%)           70M (3%)          290M (14%)          70M (3%)     
[2025-06-18T00:08:33.479+0300][14400][7356 ][info ][gc,heap  ] GC(71)      Live:         -                18M (1%)           18M (1%)           18M (1%)             -                  -          
[2025-06-18T00:08:33.479+0300][14400][7356 ][info ][gc,heap  ] GC(71) Allocated:         -                16M (1%)           16M (1%)           16M (1%)             -                  -          
[2025-06-18T00:08:33.479+0300][14400][7356 ][info ][gc,heap  ] GC(71)   Garbage:         -               255M (12%)         109M (5%)           35M (2%)             -                  -          
[2025-06-18T00:08:33.479+0300][14400][7356 ][info ][gc,heap  ] GC(71) Reclaimed:         -                  -               146M (7%)          220M (11%)            -                  -          
[2025-06-18T00:08:33.479+0300][14400][7356 ][info ][gc       ] GC(71) Garbage Collection (Proactive) 274M(13%)->70M(3%)
[2025-06-18T00:08:35.483+0300][14400][20600][debug][safepoint] Safepoint synchronization initiated using striped semaphore wait barrier. (32 threads)
[2025-06-18T00:08:35.483+0300][14400][20600][info ][safepoint] Safepoint "Cleanup", Time since last: 1995018100 ns, Reaching safepoint: 146400 ns, Cleanup: 37000 ns, At safepoint: 26700 ns, Total: 210100 ns
[2025-06-18T00:08:37.329+0300][14400][20600][debug][safepoint] Safepoint synchronization initiated using striped semaphore wait barrier. (32 threads)
[2025-06-18T00:08:37.329+0300][14400][20600][info ][safepoint] Safepoint "Cleanup", Time since last: 1846166500 ns, Reaching safepoint: 171500 ns, Cleanup: 65100 ns, At safepoint: 31100 ns, Total: 267700 ns
[2025-06-18T00:08:40.437+0300][14400][7356 ][debug][gc,heap  ] GC(72) Heap before GC invocations=72 (full 72):
[2025-06-18T00:08:40.437+0300][14400][7356 ][debug][gc,heap  ] GC(72)  ZHeap           used 280M, capacity 2048M, max capacity 2048M
[2025-06-18T00:08:40.437+0300][14400][7356 ][debug][gc,heap  ] GC(72)  Metaspace       used 34455K, committed 35328K, reserved 1114112K
[2025-06-18T00:08:40.437+0300][14400][7356 ][debug][gc,heap  ] GC(72)   class space    used 2862K, committed 3264K, reserved 1048576K
[2025-06-18T00:08:40.437+0300][14400][20600][debug][safepoint] Safepoint synchronization initiated using striped semaphore wait barrier. (32 threads)
[2025-06-18T00:08:40.438+0300][14400][18184][debug][safepoint] ... found polling page loop exception at pc = 0x000001bef42399f4, stub =0x000001bef3ab5280
[2025-06-18T00:08:40.438+0300][14400][4476 ][debug][safepoint] ... found polling page loop exception at pc = 0x000001bef475818d, stub =0x000001bef3ab5280
[2025-06-18T00:08:40.438+0300][14400][17212][debug][safepoint] ... found polling page loop exception at pc = 0x000001bef45e75c3, stub =0x000001bef3ab5b00
[2025-06-18T00:08:40.438+0300][14400][20600][info ][gc,phases] GC(72) Pause Mark Start 0.016ms
[2025-06-18T00:08:40.438+0300][14400][20600][info ][safepoint] Safepoint "XMarkStart", Time since last: 3107757700 ns, Reaching safepoint: 397500 ns, Cleanup: 24400 ns, At safepoint: 158600 ns, Total: 580500 ns
[2025-06-18T00:08:40.454+0300][14400][7356 ][info ][gc,phases] GC(72) Concurrent Mark 15.947ms
[2025-06-18T00:08:40.454+0300][14400][20600][debug][safepoint] Safepoint synchronization initiated using striped semaphore wait barrier. (32 threads)
[2025-06-18T00:08:40.454+0300][14400][20600][info ][gc,phases] GC(72) Pause Mark End 0.015ms
[2025-06-18T00:08:40.454+0300][14400][20600][info ][safepoint] Safepoint "XMarkEnd", Time since last: 16129000 ns, Reaching safepoint: 46800 ns, Cleanup: 5700 ns, At safepoint: 58500 ns, Total: 111000 ns
[2025-06-18T00:08:40.454+0300][14400][7356 ][info ][gc,phases] GC(72) Concurrent Mark Free 0.001ms
[2025-06-18T00:08:40.454+0300][14400][7356 ][debug][gc,phases] GC(72) Concurrent References Process 0.126ms
[2025-06-18T00:08:40.454+0300][14400][7356 ][debug][gc,phases] GC(72) ClassLoaderData 0.031ms
[2025-06-18T00:08:40.454+0300][14400][7356 ][debug][gc,phases] GC(72) Trigger cleanups 0.000ms
[2025-06-18T00:08:40.454+0300][14400][7356 ][debug][gc,phases] GC(72) Concurrent Classes Unlink 7.022ms
[2025-06-18T00:08:40.454+0300][14400][7356 ][debug][gc,phases] GC(72) Concurrent Classes Purge 0.045ms
[2025-06-18T00:08:40.454+0300][14400][7356 ][debug][gc,phases] GC(72) Concurrent References Enqueue 0.001ms
[2025-06-18T00:08:40.454+0300][14400][7356 ][info ][gc,phases] GC(72) Concurrent Process Non-Strong References 8.151ms
[2025-06-18T00:08:40.454+0300][14400][7356 ][info ][gc,phases] GC(72) Concurrent Reset Relocation Set 0.003ms
[2025-06-18T00:08:40.454+0300][14400][7356 ][info ][gc,phases] GC(72) Concurrent Select Relocation Set 1.215ms
[2025-06-18T00:08:40.454+0300][14400][20600][debug][safepoint] Safepoint synchronization initiated using striped semaphore wait barrier. (32 threads)
[2025-06-18T00:08:40.454+0300][14400][20600][info ][gc,phases] GC(72) Pause Relocate Start 0.015ms
[2025-06-18T00:08:40.454+0300][14400][20600][info ][safepoint] Safepoint "XRelocateStart", Time since last: 9554500 ns, Reaching safepoint: 23600 ns, Cleanup: 3600 ns, At safepoint: 29100 ns, Total: 56300 ns
[2025-06-18T00:08:40.454+0300][14400][7356 ][info ][gc,phases] GC(72) Concurrent Relocate 0.417ms
[2025-06-18T00:08:40.454+0300][14400][7356 ][debug][gc,heap  ] GC(72) Heap after GC invocations=73 (full 73):
[2025-06-18T00:08:40.454+0300][14400][7356 ][debug][gc,heap  ] GC(72)  ZHeap           used 68M, capacity 2048M, max capacity 2048M
[2025-06-18T00:08:40.454+0300][14400][7356 ][debug][gc,heap  ] GC(72)  Metaspace       used 34455K, committed 35328K, reserved 1114112K
[2025-06-18T00:08:40.454+0300][14400][7356 ][debug][gc,heap  ] GC(72)   class space    used 2862K, committed 3264K, reserved 1048576K
[2025-06-18T00:08:40.454+0300][14400][7356 ][info ][gc,heap  ] GC(72) Min Capacity: 2048M(100%)
[2025-06-18T00:08:40.454+0300][14400][7356 ][info ][gc,heap  ] GC(72) Max Capacity: 2048M(100%)
[2025-06-18T00:08:40.454+0300][14400][7356 ][info ][gc,heap  ] GC(72) Soft Max Capacity: 2048M(100%)
[2025-06-18T00:08:40.454+0300][14400][7356 ][info ][gc,heap  ] GC(72)                Mark Start          Mark End        Relocate Start      Relocate End           High               Low         
[2025-06-18T00:08:40.454+0300][14400][7356 ][info ][gc,heap  ] GC(72)  Capacity:     2048M (100%)       2048M (100%)       2048M (100%)       2048M (100%)       2048M (100%)       2048M (100%)   
[2025-06-18T00:08:40.454+0300][14400][7356 ][info ][gc,heap  ] GC(72)      Free:     1768M (86%)        1754M (86%)        1904M (93%)        1980M (97%)        1980M (97%)        1754M (86%)    
[2025-06-18T00:08:40.454+0300][14400][7356 ][info ][gc,heap  ] GC(72)      Used:      280M (14%)         294M (14%)         144M (7%)           68M (3%)          294M (14%)          68M (3%)     
[2025-06-18T00:08:40.454+0300][14400][7356 ][info ][gc,heap  ] GC(72)      Live:         -                18M (1%)           18M (1%)           18M (1%)             -                  -          
[2025-06-18T00:08:40.454+0300][14400][7356 ][info ][gc,heap  ] GC(72) Allocated:         -                14M (1%)           14M (1%)           14M (1%)             -                  -          
[2025-06-18T00:08:40.454+0300][14400][7356 ][info ][gc,heap  ] GC(72)   Garbage:         -               261M (13%)         111M (5%)           35M (2%)             -                  -          
[2025-06-18T00:08:40.454+0300][14400][7356 ][info ][gc,heap  ] GC(72) Reclaimed:         -                  -               150M (7%)          226M (11%)            -                  -          
[2025-06-18T00:08:40.454+0300][14400][7356 ][info ][gc       ] GC(72) Garbage Collection (Proactive) 280M(14%)->68M(3%)
[2025-06-18T00:08:41.466+0300][14400][20600][debug][safepoint] Safepoint synchronization initiated using striped semaphore wait barrier. (32 threads)
[2025-06-18T00:08:41.467+0300][14400][6196 ][debug][safepoint] ... found polling page loop exception at pc = 0x000001bef46c9319, stub =0x000001bef3ab5b00
[2025-06-18T00:08:41.467+0300][14400][20600][info ][safepoint] Safepoint "Cleanup", Time since last: 1002467800 ns, Reaching safepoint: 299900 ns, Cleanup: 36900 ns, At safepoint: 27600 ns, Total: 364400 ns
[2025-06-18T00:08:44.492+0300][14400][20600][debug][safepoint] Safepoint synchronization initiated using striped semaphore wait barrier. (32 threads)
[2025-06-18T00:08:44.492+0300][14400][20600][info ][safepoint] Safepoint "Cleanup", Time since last: 3024964200 ns, Reaching safepoint: 180800 ns, Cleanup: 38000 ns, At safepoint: 42900 ns, Total: 261700 ns
[2025-06-18T00:08:45.497+0300][14400][20600][debug][safepoint] Safepoint synchronization initiated using striped semaphore wait barrier. (32 threads)
[2025-06-18T00:08:45.498+0300][14400][20600][info ][safepoint] Safepoint "Cleanup", Time since last: 1005402100 ns, Reaching safepoint: 178000 ns, Cleanup: 20600 ns, At safepoint: 31600 ns, Total: 230200 ns
[2025-06-18T00:08:47.136+0300][14400][7356 ][debug][gc,heap  ] GC(73) Heap before GC invocations=73 (full 73):
[2025-06-18T00:08:47.136+0300][14400][7356 ][debug][gc,heap  ] GC(73)  ZHeap           used 274M, capacity 2048M, max capacity 2048M
[2025-06-18T00:08:47.136+0300][14400][7356 ][debug][gc,heap  ] GC(73)  Metaspace       used 34455K, committed 35328K, reserved 1114112K
[2025-06-18T00:08:47.136+0300][14400][7356 ][debug][gc,heap  ] GC(73)   class space    used 2862K, committed 3264K, reserved 1048576K
[2025-06-18T00:08:47.136+0300][14400][20600][debug][safepoint] Safepoint synchronization initiated using striped semaphore wait barrier. (32 threads)
[2025-06-18T00:08:47.136+0300][14400][8604 ][debug][safepoint] ... found polling page loop exception at pc = 0x000001bef47a0556, stub =0x000001bef3ab5280
[2025-06-18T00:08:47.136+0300][14400][20600][info ][gc,phases] GC(73) Pause Mark Start 0.019ms
[2025-06-18T00:08:47.136+0300][14400][20600][info ][safepoint] Safepoint "XMarkStart", Time since last: 1639191300 ns, Reaching safepoint: 269700 ns, Cleanup: 30700 ns, At safepoint: 139100 ns, Total: 439500 ns
[2025-06-18T00:08:47.155+0300][14400][7356 ][info ][gc,phases] GC(73) Concurrent Mark 17.481ms
[2025-06-18T00:08:47.155+0300][14400][20600][debug][safepoint] Safepoint synchronization initiated using striped semaphore wait barrier. (32 threads)
[2025-06-18T00:08:47.155+0300][14400][20600][info ][gc,phases] GC(73) Pause Mark End 0.018ms
[2025-06-18T00:08:47.155+0300][14400][20600][info ][safepoint] Safepoint "XMarkEnd", Time since last: 17702900 ns, Reaching safepoint: 59800 ns, Cleanup: 5400 ns, At safepoint: 54600 ns, Total: 119800 ns
[2025-06-18T00:08:47.155+0300][14400][7356 ][info ][gc,phases] GC(73) Concurrent Mark Free 0.001ms
[2025-06-18T00:08:47.155+0300][14400][7356 ][debug][gc,phases] GC(73) Concurrent References Process 0.212ms
[2025-06-18T00:08:47.155+0300][14400][7356 ][debug][gc,phases] GC(73) ClassLoaderData 0.031ms
[2025-06-18T00:08:47.155+0300][14400][7356 ][debug][gc,phases] GC(73) Trigger cleanups 0.000ms
[2025-06-18T00:08:47.155+0300][14400][7356 ][debug][gc,phases] GC(73) Concurrent Classes Unlink 6.598ms
[2025-06-18T00:08:47.155+0300][14400][7356 ][debug][gc,phases] GC(73) Concurrent Classes Purge 0.049ms
[2025-06-18T00:08:47.155+0300][14400][7356 ][debug][gc,phases] GC(73) Concurrent References Enqueue 0.001ms
[2025-06-18T00:08:47.155+0300][14400][7356 ][info ][gc,phases] GC(73) Concurrent Process Non-Strong References 7.709ms
[2025-06-18T00:08:47.155+0300][14400][7356 ][info ][gc,phases] GC(73) Concurrent Reset Relocation Set 0.002ms
[2025-06-18T00:08:47.155+0300][14400][7356 ][info ][gc,phases] GC(73) Concurrent Select Relocation Set 1.118ms
[2025-06-18T00:08:47.155+0300][14400][20600][debug][safepoint] Safepoint synchronization initiated using striped semaphore wait barrier. (32 threads)
[2025-06-18T00:08:47.155+0300][14400][20600][info ][gc,phases] GC(73) Pause Relocate Start 0.006ms
[2025-06-18T00:08:47.155+0300][14400][20600][info ][safepoint] Safepoint "XRelocateStart", Time since last: 8948200 ns, Reaching safepoint: 31100 ns, Cleanup: 3300 ns, At safepoint: 19900 ns, Total: 54300 ns
[2025-06-18T00:08:47.155+0300][14400][7356 ][info ][gc,phases] GC(73) Concurrent Relocate 0.445ms
[2025-06-18T00:08:47.155+0300][14400][7356 ][debug][gc,heap  ] GC(73) Heap after GC invocations=74 (full 74):
[2025-06-18T00:08:47.155+0300][14400][7356 ][debug][gc,heap  ] GC(73)  ZHeap           used 68M, capacity 2048M, max capacity 2048M
[2025-06-18T00:08:47.155+0300][14400][7356 ][debug][gc,heap  ] GC(73)  Metaspace       used 34455K, committed 35328K, reserved 1114112K
[2025-06-18T00:08:47.155+0300][14400][7356 ][debug][gc,heap  ] GC(73)   class space    used 2862K, committed 3264K, reserved 1048576K
[2025-06-18T00:08:47.155+0300][14400][7356 ][info ][gc,heap  ] GC(73) Min Capacity: 2048M(100%)
[2025-06-18T00:08:47.155+0300][14400][7356 ][info ][gc,heap  ] GC(73) Max Capacity: 2048M(100%)
[2025-06-18T00:08:47.155+0300][14400][7356 ][info ][gc,heap  ] GC(73) Soft Max Capacity: 2048M(100%)
[2025-06-18T00:08:47.155+0300][14400][7356 ][info ][gc,heap  ] GC(73)                Mark Start          Mark End        Relocate Start      Relocate End           High               Low         
[2025-06-18T00:08:47.155+0300][14400][7356 ][info ][gc,heap  ] GC(73)  Capacity:     2048M (100%)       2048M (100%)       2048M (100%)       2048M (100%)       2048M (100%)       2048M (100%)   
[2025-06-18T00:08:47.155+0300][14400][7356 ][info ][gc,heap  ] GC(73)      Free:     1774M (87%)        1760M (86%)        1902M (93%)        1980M (97%)        1980M (97%)        1760M (86%)    
[2025-06-18T00:08:47.155+0300][14400][7356 ][info ][gc,heap  ] GC(73)      Used:      274M (13%)         288M (14%)         146M (7%)           68M (3%)          288M (14%)          68M (3%)     
[2025-06-18T00:08:47.155+0300][14400][7356 ][info ][gc,heap  ] GC(73)      Live:         -                18M (1%)           18M (1%)           18M (1%)             -                  -          
[2025-06-18T00:08:47.155+0300][14400][7356 ][info ][gc,heap  ] GC(73) Allocated:         -                14M (1%)           14M (1%)           14M (1%)             -                  -          
[2025-06-18T00:08:47.155+0300][14400][7356 ][info ][gc,heap  ] GC(73)   Garbage:         -               255M (12%)         113M (6%)           35M (2%)             -                  -          
[2025-06-18T00:08:47.155+0300][14400][7356 ][info ][gc,heap  ] GC(73) Reclaimed:         -                  -               142M (7%)          220M (11%)            -                  -          
[2025-06-18T00:08:47.155+0300][14400][7356 ][info ][gc       ] GC(73) Garbage Collection (Proactive) 274M(13%)->68M(3%)
[2025-06-18T00:08:48.167+0300][14400][20600][debug][safepoint] Safepoint synchronization initiated using striped semaphore wait barrier. (32 threads)
[2025-06-18T00:08:48.167+0300][14400][20600][info ][safepoint] Safepoint "Cleanup", Time since last: 1002719100 ns, Reaching safepoint: 127900 ns, Cleanup: 15100 ns, At safepoint: 15800 ns, Total: 158800 ns
[2025-06-18T00:08:53.941+0300][14400][7356 ][debug][gc,heap  ] GC(74) Heap before GC invocations=74 (full 74):
[2025-06-18T00:08:53.941+0300][14400][7356 ][debug][gc,heap  ] GC(74)  ZHeap           used 276M, capacity 2048M, max capacity 2048M
[2025-06-18T00:08:53.941+0300][14400][7356 ][debug][gc,heap  ] GC(74)  Metaspace       used 34455K, committed 35328K, reserved 1114112K
[2025-06-18T00:08:53.941+0300][14400][7356 ][debug][gc,heap  ] GC(74)   class space    used 2862K, committed 3264K, reserved 1048576K
[2025-06-18T00:08:53.941+0300][14400][20600][debug][safepoint] Safepoint synchronization initiated using striped semaphore wait barrier. (32 threads)
[2025-06-18T00:08:53.941+0300][14400][20600][info ][gc,phases] GC(74) Pause Mark Start 0.017ms
[2025-06-18T00:08:53.941+0300][14400][20600][info ][safepoint] Safepoint "XMarkStart", Time since last: 5774945700 ns, Reaching safepoint: 147000 ns, Cleanup: 24600 ns, At safepoint: 132900 ns, Total: 304500 ns
[2025-06-18T00:08:53.959+0300][14400][7356 ][info ][gc,phases] GC(74) Concurrent Mark 16.743ms
[2025-06-18T00:08:53.959+0300][14400][20600][debug][safepoint] Safepoint synchronization initiated using striped semaphore wait barrier. (32 threads)
[2025-06-18T00:08:53.959+0300][14400][20600][info ][gc,phases] GC(74) Pause Mark End 0.014ms
[2025-06-18T00:08:53.959+0300][14400][20600][info ][safepoint] Safepoint "XMarkEnd", Time since last: 16965400 ns, Reaching safepoint: 74100 ns, Cleanup: 15600 ns, At safepoint: 38900 ns, Total: 128600 ns
[2025-06-18T00:08:53.959+0300][14400][7356 ][info ][gc,phases] GC(74) Concurrent Mark Free 0.001ms
[2025-06-18T00:08:53.959+0300][14400][7356 ][debug][gc,phases] GC(74) Concurrent References Process 0.182ms
[2025-06-18T00:08:53.960+0300][14400][7356 ][debug][gc,phases] GC(74) ClassLoaderData 0.032ms
[2025-06-18T00:08:53.960+0300][14400][7356 ][debug][gc,phases] GC(74) Trigger cleanups 0.000ms
[2025-06-18T00:08:53.960+0300][14400][7356 ][debug][gc,phases] GC(74) Concurrent Classes Unlink 6.396ms
[2025-06-18T00:08:53.960+0300][14400][7356 ][debug][gc,phases] GC(74) Concurrent Classes Purge 0.044ms
[2025-06-18T00:08:53.960+0300][14400][7356 ][debug][gc,phases] GC(74) Concurrent References Enqueue 0.000ms
[2025-06-18T00:08:53.960+0300][14400][7356 ][info ][gc,phases] GC(74) Concurrent Process Non-Strong References 7.486ms
[2025-06-18T00:08:53.960+0300][14400][7356 ][info ][gc,phases] GC(74) Concurrent Reset Relocation Set 0.002ms
[2025-06-18T00:08:53.960+0300][14400][7356 ][info ][gc,phases] GC(74) Concurrent Select Relocation Set 1.163ms
[2025-06-18T00:08:53.960+0300][14400][20600][debug][safepoint] Safepoint synchronization initiated using striped semaphore wait barrier. (32 threads)
[2025-06-18T00:08:53.960+0300][14400][20600][info ][gc,phases] GC(74) Pause Relocate Start 0.006ms
[2025-06-18T00:08:53.960+0300][14400][20600][info ][safepoint] Safepoint "XRelocateStart", Time since last: 8847600 ns, Reaching safepoint: 22800 ns, Cleanup: 3800 ns, At safepoint: 19300 ns, Total: 45900 ns
[2025-06-18T00:08:53.960+0300][14400][7356 ][info ][gc,phases] GC(74) Concurrent Relocate 0.443ms
[2025-06-18T00:08:53.960+0300][14400][7356 ][debug][gc,heap  ] GC(74) Heap after GC invocations=75 (full 75):
[2025-06-18T00:08:53.960+0300][14400][7356 ][debug][gc,heap  ] GC(74)  ZHeap           used 70M, capacity 2048M, max capacity 2048M
[2025-06-18T00:08:53.960+0300][14400][7356 ][debug][gc,heap  ] GC(74)  Metaspace       used 34455K, committed 35328K, reserved 1114112K
[2025-06-18T00:08:53.960+0300][14400][7356 ][debug][gc,heap  ] GC(74)   class space    used 2862K, committed 3264K, reserved 1048576K
[2025-06-18T00:08:53.960+0300][14400][7356 ][info ][gc,heap  ] GC(74) Min Capacity: 2048M(100%)
[2025-06-18T00:08:53.960+0300][14400][7356 ][info ][gc,heap  ] GC(74) Max Capacity: 2048M(100%)
[2025-06-18T00:08:53.960+0300][14400][7356 ][info ][gc,heap  ] GC(74) Soft Max Capacity: 2048M(100%)
[2025-06-18T00:08:53.960+0300][14400][7356 ][info ][gc,heap  ] GC(74)                Mark Start          Mark End        Relocate Start      Relocate End           High               Low         
[2025-06-18T00:08:53.960+0300][14400][7356 ][info ][gc,heap  ] GC(74)  Capacity:     2048M (100%)       2048M (100%)       2048M (100%)       2048M (100%)       2048M (100%)       2048M (100%)   
[2025-06-18T00:08:53.960+0300][14400][7356 ][info ][gc,heap  ] GC(74)      Free:     1772M (87%)        1756M (86%)        1902M (93%)        1978M (97%)        1978M (97%)        1756M (86%)    
[2025-06-18T00:08:53.960+0300][14400][7356 ][info ][gc,heap  ] GC(74)      Used:      276M (13%)         292M (14%)         146M (7%)           70M (3%)          292M (14%)          70M (3%)     
[2025-06-18T00:08:53.960+0300][14400][7356 ][info ][gc,heap  ] GC(74)      Live:         -                18M (1%)           18M (1%)           18M (1%)             -                  -          
[2025-06-18T00:08:53.960+0300][14400][7356 ][info ][gc,heap  ] GC(74) Allocated:         -                16M (1%)           16M (1%)           16M (1%)             -                  -          
[2025-06-18T00:08:53.960+0300][14400][7356 ][info ][gc,heap  ] GC(74)   Garbage:         -               257M (13%)         111M (5%)           35M (2%)             -                  -          
[2025-06-18T00:08:53.960+0300][14400][7356 ][info ][gc,heap  ] GC(74) Reclaimed:         -                  -               146M (7%)          222M (11%)            -                  -          
[2025-06-18T00:08:53.960+0300][14400][7356 ][info ][gc       ] GC(74) Garbage Collection (Proactive) 276M(13%)->70M(3%)
[2025-06-18T00:09:00.842+0300][14400][7356 ][debug][gc,heap  ] GC(75) Heap before GC invocations=75 (full 75):
[2025-06-18T00:09:00.842+0300][14400][7356 ][debug][gc,heap  ] GC(75)  ZHeap           used 280M, capacity 2048M, max capacity 2048M
[2025-06-18T00:09:00.842+0300][14400][7356 ][debug][gc,heap  ] GC(75)  Metaspace       used 34455K, committed 35328K, reserved 1114112K
[2025-06-18T00:09:00.842+0300][14400][7356 ][debug][gc,heap  ] GC(75)   class space    used 2862K, committed 3264K, reserved 1048576K
[2025-06-18T00:09:00.842+0300][14400][20600][debug][safepoint] Safepoint synchronization initiated using striped semaphore wait barrier. (32 threads)
[2025-06-18T00:09:00.842+0300][14400][21292][debug][safepoint] ... found polling page loop exception at pc = 0x000001bef4541a82, stub =0x000001bef3ab5b00
[2025-06-18T00:09:00.842+0300][14400][20600][info ][gc,phases] GC(75) Pause Mark Start 0.009ms
[2025-06-18T00:09:00.842+0300][14400][20600][info ][safepoint] Safepoint "XMarkStart", Time since last: 6873951800 ns, Reaching safepoint: 121600 ns, Cleanup: 17500 ns, At safepoint: 71500 ns, Total: 210600 ns
[2025-06-18T00:09:00.858+0300][14400][7356 ][info ][gc,phases] GC(75) Concurrent Mark 15.379ms
[2025-06-18T00:09:00.858+0300][14400][20600][debug][safepoint] Safepoint synchronization initiated using striped semaphore wait barrier. (32 threads)
[2025-06-18T00:09:00.858+0300][14400][20600][info ][gc,phases] GC(75) Pause Mark End 0.019ms
[2025-06-18T00:09:00.858+0300][14400][20600][info ][safepoint] Safepoint "XMarkEnd", Time since last: 15549400 ns, Reaching safepoint: 61700 ns, Cleanup: 7000 ns, At safepoint: 62500 ns, Total: 131200 ns
[2025-06-18T00:09:00.858+0300][14400][7356 ][info ][gc,phases] GC(75) Concurrent Mark Free 0.000ms
[2025-06-18T00:09:00.858+0300][14400][7356 ][debug][gc,phases] GC(75) Concurrent References Process 0.078ms
[2025-06-18T00:09:00.859+0300][14400][7356 ][debug][gc,phases] GC(75) ClassLoaderData 0.063ms
[2025-06-18T00:09:00.859+0300][14400][7356 ][debug][gc,phases] GC(75) Trigger cleanups 0.002ms
[2025-06-18T00:09:00.861+0300][14400][7356 ][debug][gc,phases] GC(75) Concurrent Classes Unlink 9.359ms
[2025-06-18T00:09:00.861+0300][14400][7356 ][debug][gc,phases] GC(75) Concurrent Classes Purge 0.091ms
[2025-06-18T00:09:00.861+0300][14400][7356 ][debug][gc,phases] GC(75) Concurrent References Enqueue 0.000ms
[2025-06-18T00:09:00.861+0300][14400][7356 ][info ][gc,phases] GC(75) Concurrent Process Non-Strong References 10.410ms
[2025-06-18T00:09:00.861+0300][14400][7356 ][info ][gc,phases] GC(75) Concurrent Reset Relocation Set 0.002ms
[2025-06-18T00:09:00.861+0300][14400][7356 ][info ][gc,phases] GC(75) Concurrent Select Relocation Set 1.181ms
[2025-06-18T00:09:00.861+0300][14400][20600][debug][safepoint] Safepoint synchronization initiated using striped semaphore wait barrier. (32 threads)
[2025-06-18T00:09:00.861+0300][14400][20600][info ][gc,phases] GC(75) Pause Relocate Start 0.013ms
[2025-06-18T00:09:00.861+0300][14400][20600][info ][safepoint] Safepoint "XRelocateStart", Time since last: 11756600 ns, Reaching safepoint: 85300 ns, Cleanup: 6500 ns, At safepoint: 72000 ns, Total: 163800 ns
[2025-06-18T00:09:00.861+0300][14400][7356 ][info ][gc,phases] GC(75) Concurrent Relocate 0.667ms
[2025-06-18T00:09:00.861+0300][14400][7356 ][debug][gc,heap  ] GC(75) Heap after GC invocations=76 (full 76):
[2025-06-18T00:09:00.861+0300][14400][7356 ][debug][gc,heap  ] GC(75)  ZHeap           used 70M, capacity 2048M, max capacity 2048M
[2025-06-18T00:09:00.861+0300][14400][7356 ][debug][gc,heap  ] GC(75)  Metaspace       used 34455K, committed 35328K, reserved 1114112K
[2025-06-18T00:09:00.861+0300][14400][7356 ][debug][gc,heap  ] GC(75)   class space    used 2862K, committed 3264K, reserved 1048576K
[2025-06-18T00:09:00.861+0300][14400][7356 ][info ][gc,heap  ] GC(75) Min Capacity: 2048M(100%)
[2025-06-18T00:09:00.861+0300][14400][7356 ][info ][gc,heap  ] GC(75) Max Capacity: 2048M(100%)
[2025-06-18T00:09:00.861+0300][14400][7356 ][info ][gc,heap  ] GC(75) Soft Max Capacity: 2048M(100%)
[2025-06-18T00:09:00.861+0300][14400][7356 ][info ][gc,heap  ] GC(75)                Mark Start          Mark End        Relocate Start      Relocate End           High               Low         
[2025-06-18T00:09:00.861+0300][14400][7356 ][info ][gc,heap  ] GC(75)  Capacity:     2048M (100%)       2048M (100%)       2048M (100%)       2048M (100%)       2048M (100%)       2048M (100%)   
[2025-06-18T00:09:00.861+0300][14400][7356 ][info ][gc,heap  ] GC(75)      Free:     1768M (86%)        1752M (86%)        1902M (93%)        1978M (97%)        1978M (97%)        1752M (86%)    
[2025-06-18T00:09:00.861+0300][14400][7356 ][info ][gc,heap  ] GC(75)      Used:      280M (14%)         296M (14%)         146M (7%)           70M (3%)          296M (14%)          70M (3%)     
[2025-06-18T00:09:00.861+0300][14400][7356 ][info ][gc,heap  ] GC(75)      Live:         -                18M (1%)           18M (1%)           18M (1%)             -                  -          
[2025-06-18T00:09:00.861+0300][14400][7356 ][info ][gc,heap  ] GC(75) Allocated:         -                16M (1%)           16M (1%)           16M (1%)             -                  -          
[2025-06-18T00:09:00.861+0300][14400][7356 ][info ][gc,heap  ] GC(75)   Garbage:         -               261M (13%)         111M (5%)           35M (2%)             -                  -          
[2025-06-18T00:09:00.861+0300][14400][7356 ][info ][gc,heap  ] GC(75) Reclaimed:         -                  -               150M (7%)          226M (11%)            -                  -          
[2025-06-18T00:09:00.861+0300][14400][7356 ][info ][gc       ] GC(75) Garbage Collection (Proactive) 280M(14%)->70M(3%)
[2025-06-18T00:09:03.880+0300][14400][20600][debug][safepoint] Safepoint synchronization initiated using striped semaphore wait barrier. (32 threads)
[2025-06-18T00:09:03.880+0300][14400][20600][info ][safepoint] Safepoint "Cleanup", Time since last: 3010377700 ns, Reaching safepoint: 101300 ns, Cleanup: 20400 ns, At safepoint: 10100 ns, Total: 131800 ns
[2025-06-18T00:09:05.891+0300][14400][20600][debug][safepoint] Safepoint synchronization initiated using striped semaphore wait barrier. (32 threads)
[2025-06-18T00:09:05.891+0300][14400][20600][info ][safepoint] Safepoint "Cleanup", Time since last: 2010092200 ns, Reaching safepoint: 158000 ns, Cleanup: 35900 ns, At safepoint: 4900 ns, Total: 198800 ns
[2025-06-18T00:09:06.895+0300][14400][20600][debug][safepoint] Safepoint synchronization initiated using striped semaphore wait barrier. (32 threads)
[2025-06-18T00:09:06.895+0300][14400][20600][info ][safepoint] Safepoint "Cleanup", Time since last: 1005020000 ns, Reaching safepoint: 160400 ns, Cleanup: 46600 ns, At safepoint: 22600 ns, Total: 229600 ns
[2025-06-18T00:09:07.647+0300][14400][7356 ][debug][gc,heap  ] GC(76) Heap before GC invocations=76 (full 76):
[2025-06-18T00:09:07.647+0300][14400][7356 ][debug][gc,heap  ] GC(76)  ZHeap           used 278M, capacity 2048M, max capacity 2048M
[2025-06-18T00:09:07.647+0300][14400][7356 ][debug][gc,heap  ] GC(76)  Metaspace       used 34455K, committed 35328K, reserved 1114112K
[2025-06-18T00:09:07.647+0300][14400][7356 ][debug][gc,heap  ] GC(76)   class space    used 2863K, committed 3264K, reserved 1048576K
[2025-06-18T00:09:07.647+0300][14400][20600][debug][safepoint] Safepoint synchronization initiated using striped semaphore wait barrier. (32 threads)
[2025-06-18T00:09:07.647+0300][14400][3424 ][debug][safepoint] ... found polling page loop exception at pc = 0x000001bef43eceae, stub =0x000001bef3ab5b00
[2025-06-18T00:09:07.647+0300][14400][20600][info ][gc,phases] GC(76) Pause Mark Start 0.008ms
[2025-06-18T00:09:07.647+0300][14400][20600][info ][safepoint] Safepoint "XMarkStart", Time since last: 751000000 ns, Reaching safepoint: 100300 ns, Cleanup: 10900 ns, At safepoint: 68200 ns, Total: 179400 ns
[2025-06-18T00:09:07.664+0300][14400][7356 ][info ][gc,phases] GC(76) Concurrent Mark 16.473ms
[2025-06-18T00:09:07.664+0300][14400][20600][debug][safepoint] Safepoint synchronization initiated using striped semaphore wait barrier. (32 threads)
[2025-06-18T00:09:07.664+0300][14400][20600][info ][gc,phases] GC(76) Pause Mark End 0.013ms
[2025-06-18T00:09:07.664+0300][14400][20600][info ][safepoint] Safepoint "XMarkEnd", Time since last: 16680000 ns, Reaching safepoint: 61000 ns, Cleanup: 11400 ns, At safepoint: 41100 ns, Total: 113500 ns
[2025-06-18T00:09:07.664+0300][14400][7356 ][info ][gc,phases] GC(76) Concurrent Mark Free 0.001ms
[2025-06-18T00:09:07.664+0300][14400][7356 ][debug][gc,phases] GC(76) Concurrent References Process 0.119ms
[2025-06-18T00:09:07.665+0300][14400][7356 ][debug][gc,phases] GC(76) ClassLoaderData 0.033ms
[2025-06-18T00:09:07.665+0300][14400][7356 ][debug][gc,phases] GC(76) Trigger cleanups 0.000ms
[2025-06-18T00:09:07.665+0300][14400][7356 ][debug][gc,phases] GC(76) Concurrent Classes Unlink 7.220ms
[2025-06-18T00:09:07.665+0300][14400][7356 ][debug][gc,phases] GC(76) Concurrent Classes Purge 0.062ms
[2025-06-18T00:09:07.665+0300][14400][7356 ][debug][gc,phases] GC(76) Concurrent References Enqueue 0.000ms
[2025-06-18T00:09:07.665+0300][14400][7356 ][info ][gc,phases] GC(76) Concurrent Process Non-Strong References 8.338ms
[2025-06-18T00:09:07.665+0300][14400][7356 ][info ][gc,phases] GC(76) Concurrent Reset Relocation Set 0.002ms
[2025-06-18T00:09:07.665+0300][14400][7356 ][info ][gc,phases] GC(76) Concurrent Select Relocation Set 1.139ms
[2025-06-18T00:09:07.665+0300][14400][20600][debug][safepoint] Safepoint synchronization initiated using striped semaphore wait barrier. (32 threads)
[2025-06-18T00:09:07.665+0300][14400][20600][info ][gc,phases] GC(76) Pause Relocate Start 0.006ms
[2025-06-18T00:09:07.665+0300][14400][20600][info ][safepoint] Safepoint "XRelocateStart", Time since last: 9669200 ns, Reaching safepoint: 22600 ns, Cleanup: 3600 ns, At safepoint: 19200 ns, Total: 45400 ns
[2025-06-18T00:09:07.665+0300][14400][7356 ][info ][gc,phases] GC(76) Concurrent Relocate 0.700ms
[2025-06-18T00:09:07.665+0300][14400][7356 ][debug][gc,heap  ] GC(76) Heap after GC invocations=77 (full 77):
[2025-06-18T00:09:07.665+0300][14400][7356 ][debug][gc,heap  ] GC(76)  ZHeap           used 70M, capacity 2048M, max capacity 2048M
[2025-06-18T00:09:07.665+0300][14400][7356 ][debug][gc,heap  ] GC(76)  Metaspace       used 34455K, committed 35328K, reserved 1114112K
[2025-06-18T00:09:07.665+0300][14400][7356 ][debug][gc,heap  ] GC(76)   class space    used 2863K, committed 3264K, reserved 1048576K
[2025-06-18T00:09:07.665+0300][14400][7356 ][info ][gc,heap  ] GC(76) Min Capacity: 2048M(100%)
[2025-06-18T00:09:07.665+0300][14400][7356 ][info ][gc,heap  ] GC(76) Max Capacity: 2048M(100%)
[2025-06-18T00:09:07.665+0300][14400][7356 ][info ][gc,heap  ] GC(76) Soft Max Capacity: 2048M(100%)
[2025-06-18T00:09:07.665+0300][14400][7356 ][info ][gc,heap  ] GC(76)                Mark Start          Mark End        Relocate Start      Relocate End           High               Low         
[2025-06-18T00:09:07.665+0300][14400][7356 ][info ][gc,heap  ] GC(76)  Capacity:     2048M (100%)       2048M (100%)       2048M (100%)       2048M (100%)       2048M (100%)       2048M (100%)   
[2025-06-18T00:09:07.665+0300][14400][7356 ][info ][gc,heap  ] GC(76)      Free:     1770M (86%)        1756M (86%)        1888M (92%)        1978M (97%)        1978M (97%)        1754M (86%)    
[2025-06-18T00:09:07.665+0300][14400][7356 ][info ][gc,heap  ] GC(76)      Used:      278M (14%)         292M (14%)         160M (8%)           70M (3%)          294M (14%)          70M (3%)     
[2025-06-18T00:09:07.665+0300][14400][7356 ][info ][gc,heap  ] GC(76)      Live:         -                18M (1%)           18M (1%)           18M (1%)             -                  -          
[2025-06-18T00:09:07.665+0300][14400][7356 ][info ][gc,heap  ] GC(76) Allocated:         -                14M (1%)           16M (1%)           16M (1%)             -                  -          
[2025-06-18T00:09:07.665+0300][14400][7356 ][info ][gc,heap  ] GC(76)   Garbage:         -               259M (13%)         125M (6%)           35M (2%)             -                  -          
[2025-06-18T00:09:07.665+0300][14400][7356 ][info ][gc,heap  ] GC(76) Reclaimed:         -                  -               134M (7%)          224M (11%)            -                  -          
[2025-06-18T00:09:07.665+0300][14400][7356 ][info ][gc       ] GC(76) Garbage Collection (Proactive) 278M(14%)->70M(3%)
[2025-06-18T00:09:08.680+0300][14400][20600][debug][safepoint] Safepoint synchronization initiated using striped semaphore wait barrier. (32 threads)
[2025-06-18T00:09:08.680+0300][14400][20600][info ][safepoint] Safepoint "Cleanup", Time since last: 1006283000 ns, Reaching safepoint: 150600 ns, Cleanup: 66300 ns, At safepoint: 49100 ns, Total: 266000 ns
[2025-06-18T00:09:09.691+0300][14400][20600][debug][safepoint] Safepoint synchronization initiated using striped semaphore wait barrier. (32 threads)
[2025-06-18T00:09:09.692+0300][14400][20600][info ][safepoint] Safepoint "Cleanup", Time since last: 1011210900 ns, Reaching safepoint: 176100 ns, Cleanup: 45500 ns, At safepoint: 39700 ns, Total: 261300 ns
[2025-06-18T00:09:10.704+0300][14400][20600][debug][safepoint] Safepoint synchronization initiated using striped semaphore wait barrier. (32 threads)
[2025-06-18T00:09:10.704+0300][14400][20600][info ][safepoint] Safepoint "Cleanup", Time since last: 1012808800 ns, Reaching safepoint: 158000 ns, Cleanup: 48400 ns, At safepoint: 38100 ns, Total: 244500 ns
[2025-06-18T00:09:14.538+0300][14400][7356 ][debug][gc,heap  ] GC(77) Heap before GC invocations=77 (full 77):
[2025-06-18T00:09:14.538+0300][14400][7356 ][debug][gc,heap  ] GC(77)  ZHeap           used 278M, capacity 2048M, max capacity 2048M
[2025-06-18T00:09:14.538+0300][14400][7356 ][debug][gc,heap  ] GC(77)  Metaspace       used 34455K, committed 35328K, reserved 1114112K
[2025-06-18T00:09:14.538+0300][14400][7356 ][debug][gc,heap  ] GC(77)   class space    used 2863K, committed 3264K, reserved 1048576K
[2025-06-18T00:09:14.538+0300][14400][20600][debug][safepoint] Safepoint synchronization initiated using striped semaphore wait barrier. (32 threads)
[2025-06-18T00:09:14.538+0300][14400][17212][debug][safepoint] ... found polling page loop exception at pc = 0x000001bef442fcf1, stub =0x000001bef3ab5b00
[2025-06-18T00:09:14.538+0300][14400][20600][info ][gc,phases] GC(77) Pause Mark Start 0.008ms
[2025-06-18T00:09:14.538+0300][14400][20600][info ][safepoint] Safepoint "XMarkStart", Time since last: 3833279300 ns, Reaching safepoint: 110600 ns, Cleanup: 28000 ns, At safepoint: 46600 ns, Total: 185200 ns
[2025-06-18T00:09:14.555+0300][14400][7356 ][info ][gc,phases] GC(77) Concurrent Mark 16.678ms
[2025-06-18T00:09:14.555+0300][14400][20600][debug][safepoint] Safepoint synchronization initiated using striped semaphore wait barrier. (32 threads)
[2025-06-18T00:09:14.555+0300][14400][20600][info ][gc,phases] GC(77) Pause Mark End 0.013ms
[2025-06-18T00:09:14.555+0300][14400][20600][info ][safepoint] Safepoint "XMarkEnd", Time since last: 16868300 ns, Reaching safepoint: 69800 ns, Cleanup: 5900 ns, At safepoint: 47500 ns, Total: 123200 ns
[2025-06-18T00:09:14.555+0300][14400][7356 ][info ][gc,phases] GC(77) Concurrent Mark Free 0.001ms
[2025-06-18T00:09:14.555+0300][14400][7356 ][debug][gc,phases] GC(77) Concurrent References Process 0.182ms
[2025-06-18T00:09:14.556+0300][14400][7356 ][debug][gc,phases] GC(77) ClassLoaderData 0.035ms
[2025-06-18T00:09:14.556+0300][14400][7356 ][debug][gc,phases] GC(77) Trigger cleanups 0.000ms
[2025-06-18T00:09:14.556+0300][14400][7356 ][debug][gc,phases] GC(77) Concurrent Classes Unlink 7.131ms
[2025-06-18T00:09:14.556+0300][14400][7356 ][debug][gc,phases] GC(77) Concurrent Classes Purge 0.096ms
[2025-06-18T00:09:14.556+0300][14400][7356 ][debug][gc,phases] GC(77) Concurrent References Enqueue 0.000ms
[2025-06-18T00:09:14.556+0300][14400][7356 ][info ][gc,phases] GC(77) Concurrent Process Non-Strong References 8.308ms
[2025-06-18T00:09:14.556+0300][14400][7356 ][info ][gc,phases] GC(77) Concurrent Reset Relocation Set 0.002ms
[2025-06-18T00:09:14.556+0300][14400][7356 ][info ][gc,phases] GC(77) Concurrent Select Relocation Set 1.122ms
[2025-06-18T00:09:14.556+0300][14400][20600][debug][safepoint] Safepoint synchronization initiated using striped semaphore wait barrier. (32 threads)
[2025-06-18T00:09:14.556+0300][14400][20600][info ][gc,phases] GC(77) Pause Relocate Start 0.006ms
[2025-06-18T00:09:14.556+0300][14400][20600][info ][safepoint] Safepoint "XRelocateStart", Time since last: 9615100 ns, Reaching safepoint: 23000 ns, Cleanup: 6000 ns, At safepoint: 19200 ns, Total: 48200 ns
[2025-06-18T00:09:14.556+0300][14400][7356 ][info ][gc,phases] GC(77) Concurrent Relocate 0.660ms
[2025-06-18T00:09:14.556+0300][14400][7356 ][debug][gc,heap  ] GC(77) Heap after GC invocations=78 (full 78):
[2025-06-18T00:09:14.556+0300][14400][7356 ][debug][gc,heap  ] GC(77)  ZHeap           used 68M, capacity 2048M, max capacity 2048M
[2025-06-18T00:09:14.556+0300][14400][7356 ][debug][gc,heap  ] GC(77)  Metaspace       used 34455K, committed 35328K, reserved 1114112K
[2025-06-18T00:09:14.556+0300][14400][7356 ][debug][gc,heap  ] GC(77)   class space    used 2863K, committed 3264K, reserved 1048576K
[2025-06-18T00:09:14.556+0300][14400][7356 ][info ][gc,heap  ] GC(77) Min Capacity: 2048M(100%)
[2025-06-18T00:09:14.556+0300][14400][7356 ][info ][gc,heap  ] GC(77) Max Capacity: 2048M(100%)
[2025-06-18T00:09:14.556+0300][14400][7356 ][info ][gc,heap  ] GC(77) Soft Max Capacity: 2048M(100%)
[2025-06-18T00:09:14.556+0300][14400][7356 ][info ][gc,heap  ] GC(77)                Mark Start          Mark End        Relocate Start      Relocate End           High               Low         
[2025-06-18T00:09:14.556+0300][14400][7356 ][info ][gc,heap  ] GC(77)  Capacity:     2048M (100%)       2048M (100%)       2048M (100%)       2048M (100%)       2048M (100%)       2048M (100%)   
[2025-06-18T00:09:14.556+0300][14400][7356 ][info ][gc,heap  ] GC(77)      Free:     1770M (86%)        1756M (86%)        1896M (93%)        1980M (97%)        1980M (97%)        1756M (86%)    
[2025-06-18T00:09:14.556+0300][14400][7356 ][info ][gc,heap  ] GC(77)      Used:      278M (14%)         292M (14%)         152M (7%)           68M (3%)          292M (14%)          68M (3%)     
[2025-06-18T00:09:14.556+0300][14400][7356 ][info ][gc,heap  ] GC(77)      Live:         -                18M (1%)           18M (1%)           18M (1%)             -                  -          
[2025-06-18T00:09:14.556+0300][14400][7356 ][info ][gc,heap  ] GC(77) Allocated:         -                14M (1%)           14M (1%)           14M (1%)             -                  -          
[2025-06-18T00:09:14.556+0300][14400][7356 ][info ][gc,heap  ] GC(77)   Garbage:         -               259M (13%)         119M (6%)           35M (2%)             -                  -          
[2025-06-18T00:09:14.556+0300][14400][7356 ][info ][gc,heap  ] GC(77) Reclaimed:         -                  -               140M (7%)          224M (11%)            -                  -          
[2025-06-18T00:09:14.556+0300][14400][7356 ][info ][gc       ] GC(77) Garbage Collection (Proactive) 278M(14%)->68M(3%)
[2025-06-18T00:09:16.577+0300][14400][20600][debug][safepoint] Safepoint synchronization initiated using striped semaphore wait barrier. (32 threads)
[2025-06-18T00:09:16.577+0300][14400][17212][debug][safepoint] ... found polling page loop exception at pc = 0x000001bef42a0577, stub =0x000001bef3ab5b00
[2025-06-18T00:09:16.577+0300][14400][20600][info ][safepoint] Safepoint "Cleanup", Time since last: 2012696200 ns, Reaching safepoint: 329800 ns, Cleanup: 45400 ns, At safepoint: 20200 ns, Total: 395400 ns
[2025-06-18T00:09:17.582+0300][14400][20600][debug][safepoint] Safepoint synchronization initiated using striped semaphore wait barrier. (32 threads)
[2025-06-18T00:09:17.582+0300][14400][20600][info ][safepoint] Safepoint "Cleanup", Time since last: 1003945400 ns, Reaching safepoint: 163300 ns, Cleanup: 40200 ns, At safepoint: 26700 ns, Total: 230200 ns
[2025-06-18T00:09:18.594+0300][14400][20600][debug][safepoint] Safepoint synchronization initiated using striped semaphore wait barrier. (32 threads)
[2025-06-18T00:09:18.594+0300][14400][20600][info ][safepoint] Safepoint "Cleanup", Time since last: 1012389200 ns, Reaching safepoint: 172000 ns, Cleanup: 42800 ns, At safepoint: 27300 ns, Total: 242100 ns
[2025-06-18T00:09:20.606+0300][14400][20600][debug][safepoint] Safepoint synchronization initiated using striped semaphore wait barrier. (32 threads)
[2025-06-18T00:09:20.606+0300][14400][20600][info ][safepoint] Safepoint "Cleanup", Time since last: 2011144600 ns, Reaching safepoint: 156000 ns, Cleanup: 46300 ns, At safepoint: 20900 ns, Total: 223200 ns
[2025-06-18T00:09:21.345+0300][14400][7356 ][debug][gc,heap  ] GC(78) Heap before GC invocations=78 (full 78):
[2025-06-18T00:09:21.345+0300][14400][7356 ][debug][gc,heap  ] GC(78)  ZHeap           used 278M, capacity 2048M, max capacity 2048M
[2025-06-18T00:09:21.345+0300][14400][7356 ][debug][gc,heap  ] GC(78)  Metaspace       used 34455K, committed 35328K, reserved 1114112K
[2025-06-18T00:09:21.345+0300][14400][7356 ][debug][gc,heap  ] GC(78)   class space    used 2863K, committed 3264K, reserved 1048576K
[2025-06-18T00:09:21.345+0300][14400][20600][debug][safepoint] Safepoint synchronization initiated using striped semaphore wait barrier. (32 threads)
[2025-06-18T00:09:21.345+0300][14400][20600][info ][gc,phases] GC(78) Pause Mark Start 0.016ms
[2025-06-18T00:09:21.345+0300][14400][20600][info ][safepoint] Safepoint "XMarkStart", Time since last: 739234800 ns, Reaching safepoint: 136900 ns, Cleanup: 32300 ns, At safepoint: 123500 ns, Total: 292700 ns
[2025-06-18T00:09:21.364+0300][14400][7356 ][info ][gc,phases] GC(78) Concurrent Mark 18.018ms
[2025-06-18T00:09:21.364+0300][14400][20600][debug][safepoint] Safepoint synchronization initiated using striped semaphore wait barrier. (32 threads)
[2025-06-18T00:09:21.364+0300][14400][20600][info ][gc,phases] GC(78) Pause Mark End 0.021ms
[2025-06-18T00:09:21.364+0300][14400][20600][info ][safepoint] Safepoint "XMarkEnd", Time since last: 18272100 ns, Reaching safepoint: 42100 ns, Cleanup: 5700 ns, At safepoint: 43100 ns, Total: 90900 ns
[2025-06-18T00:09:21.364+0300][14400][7356 ][info ][gc,phases] GC(78) Concurrent Mark Free 0.001ms
[2025-06-18T00:09:21.364+0300][14400][7356 ][debug][gc,phases] GC(78) Concurrent References Process 0.177ms
[2025-06-18T00:09:21.365+0300][14400][7356 ][debug][gc,phases] GC(78) ClassLoaderData 0.045ms
[2025-06-18T00:09:21.365+0300][14400][7356 ][debug][gc,phases] GC(78) Trigger cleanups 0.000ms
[2025-06-18T00:09:21.365+0300][14400][7356 ][debug][gc,phases] GC(78) Concurrent Classes Unlink 7.162ms
[2025-06-18T00:09:21.365+0300][14400][7356 ][debug][gc,phases] GC(78) Concurrent Classes Purge 0.064ms
[2025-06-18T00:09:21.365+0300][14400][7356 ][debug][gc,phases] GC(78) Concurrent References Enqueue 0.000ms
[2025-06-18T00:09:21.365+0300][14400][7356 ][info ][gc,phases] GC(78) Concurrent Process Non-Strong References 8.306ms
[2025-06-18T00:09:21.365+0300][14400][7356 ][info ][gc,phases] GC(78) Concurrent Reset Relocation Set 0.002ms
[2025-06-18T00:09:21.365+0300][14400][7356 ][info ][gc,phases] GC(78) Concurrent Select Relocation Set 1.156ms
[2025-06-18T00:09:21.365+0300][14400][20600][debug][safepoint] Safepoint synchronization initiated using striped semaphore wait barrier. (32 threads)
[2025-06-18T00:09:21.365+0300][14400][20600][info ][gc,phases] GC(78) Pause Relocate Start 0.006ms
[2025-06-18T00:09:21.365+0300][14400][20600][info ][safepoint] Safepoint "XRelocateStart", Time since last: 9626700 ns, Reaching safepoint: 26000 ns, Cleanup: 3600 ns, At safepoint: 19300 ns, Total: 48900 ns
[2025-06-18T00:09:21.365+0300][14400][7356 ][info ][gc,phases] GC(78) Concurrent Relocate 0.436ms
[2025-06-18T00:09:21.365+0300][14400][7356 ][debug][gc,heap  ] GC(78) Heap after GC invocations=79 (full 79):
[2025-06-18T00:09:21.365+0300][14400][7356 ][debug][gc,heap  ] GC(78)  ZHeap           used 68M, capacity 2048M, max capacity 2048M
[2025-06-18T00:09:21.365+0300][14400][7356 ][debug][gc,heap  ] GC(78)  Metaspace       used 34455K, committed 35328K, reserved 1114112K
[2025-06-18T00:09:21.365+0300][14400][7356 ][debug][gc,heap  ] GC(78)   class space    used 2863K, committed 3264K, reserved 1048576K
[2025-06-18T00:09:21.365+0300][14400][7356 ][info ][gc,heap  ] GC(78) Min Capacity: 2048M(100%)
[2025-06-18T00:09:21.365+0300][14400][7356 ][info ][gc,heap  ] GC(78) Max Capacity: 2048M(100%)
[2025-06-18T00:09:21.365+0300][14400][7356 ][info ][gc,heap  ] GC(78) Soft Max Capacity: 2048M(100%)
[2025-06-18T00:09:21.365+0300][14400][7356 ][info ][gc,heap  ] GC(78)                Mark Start          Mark End        Relocate Start      Relocate End           High               Low         
[2025-06-18T00:09:21.365+0300][14400][7356 ][info ][gc,heap  ] GC(78)  Capacity:     2048M (100%)       2048M (100%)       2048M (100%)       2048M (100%)       2048M (100%)       2048M (100%)   
[2025-06-18T00:09:21.365+0300][14400][7356 ][info ][gc,heap  ] GC(78)      Free:     1770M (86%)        1756M (86%)        1906M (93%)        1980M (97%)        1980M (97%)        1756M (86%)    
[2025-06-18T00:09:21.365+0300][14400][7356 ][info ][gc,heap  ] GC(78)      Used:      278M (14%)         292M (14%)         142M (7%)           68M (3%)          292M (14%)          68M (3%)     
[2025-06-18T00:09:21.365+0300][14400][7356 ][info ][gc,heap  ] GC(78)      Live:         -                18M (1%)           18M (1%)           18M (1%)             -                  -          
[2025-06-18T00:09:21.365+0300][14400][7356 ][info ][gc,heap  ] GC(78) Allocated:         -                14M (1%)           14M (1%)           14M (1%)             -                  -          
[2025-06-18T00:09:21.365+0300][14400][7356 ][info ][gc,heap  ] GC(78)   Garbage:         -               259M (13%)         109M (5%)           35M (2%)             -                  -          
[2025-06-18T00:09:21.365+0300][14400][7356 ][info ][gc,heap  ] GC(78) Reclaimed:         -                  -               150M (7%)          224M (11%)            -                  -          
[2025-06-18T00:09:21.365+0300][14400][7356 ][info ][gc       ] GC(78) Garbage Collection (Proactive) 278M(14%)->68M(3%)
[2025-06-18T00:09:23.379+0300][14400][20600][debug][safepoint] Safepoint synchronization initiated using striped semaphore wait barrier. (32 threads)
[2025-06-18T00:09:23.379+0300][14400][18184][debug][safepoint] ... found polling page loop exception at pc = 0x000001bef444f1e9, stub =0x000001bef3ab5280
[2025-06-18T00:09:23.379+0300][14400][20600][info ][safepoint] Safepoint "Cleanup", Time since last: 2005395300 ns, Reaching safepoint: 292800 ns, Cleanup: 31200 ns, At safepoint: 18900 ns, Total: 342900 ns
[2025-06-18T00:09:24.393+0300][14400][20600][debug][safepoint] Safepoint synchronization initiated using striped semaphore wait barrier. (32 threads)
[2025-06-18T00:09:24.393+0300][14400][20600][info ][safepoint] Safepoint "Cleanup", Time since last: 1014003500 ns, Reaching safepoint: 166900 ns, Cleanup: 41300 ns, At safepoint: 24100 ns, Total: 232300 ns
[2025-06-18T00:09:27.414+0300][14400][20600][debug][safepoint] Safepoint synchronization initiated using striped semaphore wait barrier. (32 threads)
[2025-06-18T00:09:27.414+0300][14400][20600][info ][safepoint] Safepoint "Cleanup", Time since last: 3020262800 ns, Reaching safepoint: 155400 ns, Cleanup: 38600 ns, At safepoint: 56100 ns, Total: 250100 ns
[2025-06-18T00:09:28.051+0300][14400][7356 ][debug][gc,heap  ] GC(79) Heap before GC invocations=79 (full 79):
[2025-06-18T00:09:28.051+0300][14400][7356 ][debug][gc,heap  ] GC(79)  ZHeap           used 274M, capacity 2048M, max capacity 2048M
[2025-06-18T00:09:28.051+0300][14400][7356 ][debug][gc,heap  ] GC(79)  Metaspace       used 34455K, committed 35328K, reserved 1114112K
[2025-06-18T00:09:28.051+0300][14400][7356 ][debug][gc,heap  ] GC(79)   class space    used 2863K, committed 3264K, reserved 1048576K
[2025-06-18T00:09:28.051+0300][14400][20600][debug][safepoint] Safepoint synchronization initiated using striped semaphore wait barrier. (32 threads)
[2025-06-18T00:09:28.051+0300][14400][2848 ][debug][safepoint] ... found polling page loop exception at pc = 0x000001bef45b9aaa, stub =0x000001bef3ab5b00
[2025-06-18T00:09:28.051+0300][14400][20600][info ][gc,phases] GC(79) Pause Mark Start 0.014ms
[2025-06-18T00:09:28.051+0300][14400][20600][info ][safepoint] Safepoint "XMarkStart", Time since last: 637231200 ns, Reaching safepoint: 278900 ns, Cleanup: 10400 ns, At safepoint: 128600 ns, Total: 417900 ns
[2025-06-18T00:09:28.068+0300][14400][7356 ][info ][gc,phases] GC(79) Concurrent Mark 15.608ms
[2025-06-18T00:09:28.068+0300][14400][20600][debug][safepoint] Safepoint synchronization initiated using striped semaphore wait barrier. (32 threads)
[2025-06-18T00:09:28.068+0300][14400][20600][info ][gc,phases] GC(79) Pause Mark End 0.014ms
[2025-06-18T00:09:28.068+0300][14400][20600][info ][safepoint] Safepoint "XMarkEnd", Time since last: 15847200 ns, Reaching safepoint: 63000 ns, Cleanup: 12900 ns, At safepoint: 40200 ns, Total: 116100 ns
[2025-06-18T00:09:28.068+0300][14400][7356 ][info ][gc,phases] GC(79) Concurrent Mark Free 0.001ms
[2025-06-18T00:09:28.068+0300][14400][7356 ][debug][gc,phases] GC(79) Concurrent References Process 0.184ms
[2025-06-18T00:09:28.068+0300][14400][7356 ][debug][gc,phases] GC(79) ClassLoaderData 0.038ms
[2025-06-18T00:09:28.068+0300][14400][7356 ][debug][gc,phases] GC(79) Trigger cleanups 0.000ms
[2025-06-18T00:09:28.068+0300][14400][7356 ][debug][gc,phases] GC(79) Concurrent Classes Unlink 6.861ms
[2025-06-18T00:09:28.068+0300][14400][7356 ][debug][gc,phases] GC(79) Concurrent Classes Purge 0.043ms
[2025-06-18T00:09:28.068+0300][14400][7356 ][debug][gc,phases] GC(79) Concurrent References Enqueue 0.000ms
[2025-06-18T00:09:28.068+0300][14400][7356 ][info ][gc,phases] GC(79) Concurrent Process Non-Strong References 7.872ms
[2025-06-18T00:09:28.068+0300][14400][7356 ][info ][gc,phases] GC(79) Concurrent Reset Relocation Set 0.003ms
[2025-06-18T00:09:28.068+0300][14400][7356 ][info ][gc,phases] GC(79) Concurrent Select Relocation Set 1.154ms
[2025-06-18T00:09:28.068+0300][14400][20600][debug][safepoint] Safepoint synchronization initiated using striped semaphore wait barrier. (32 threads)
[2025-06-18T00:09:28.068+0300][14400][20600][info ][gc,phases] GC(79) Pause Relocate Start 0.007ms
[2025-06-18T00:09:28.068+0300][14400][20600][info ][safepoint] Safepoint "XRelocateStart", Time since last: 9196800 ns, Reaching safepoint: 24500 ns, Cleanup: 3900 ns, At safepoint: 19300 ns, Total: 47700 ns
[2025-06-18T00:09:28.068+0300][14400][7356 ][info ][gc,phases] GC(79) Concurrent Relocate 0.573ms
[2025-06-18T00:09:28.068+0300][14400][7356 ][debug][gc,heap  ] GC(79) Heap after GC invocations=80 (full 80):
[2025-06-18T00:09:28.068+0300][14400][7356 ][debug][gc,heap  ] GC(79)  ZHeap           used 68M, capacity 2048M, max capacity 2048M
[2025-06-18T00:09:28.068+0300][14400][7356 ][debug][gc,heap  ] GC(79)  Metaspace       used 34455K, committed 35328K, reserved 1114112K
[2025-06-18T00:09:28.068+0300][14400][7356 ][debug][gc,heap  ] GC(79)   class space    used 2863K, committed 3264K, reserved 1048576K
[2025-06-18T00:09:28.068+0300][14400][7356 ][info ][gc,heap  ] GC(79) Min Capacity: 2048M(100%)
[2025-06-18T00:09:28.068+0300][14400][7356 ][info ][gc,heap  ] GC(79) Max Capacity: 2048M(100%)
[2025-06-18T00:09:28.068+0300][14400][7356 ][info ][gc,heap  ] GC(79) Soft Max Capacity: 2048M(100%)
[2025-06-18T00:09:28.068+0300][14400][7356 ][info ][gc,heap  ] GC(79)                Mark Start          Mark End        Relocate Start      Relocate End           High               Low         
[2025-06-18T00:09:28.068+0300][14400][7356 ][info ][gc,heap  ] GC(79)  Capacity:     2048M (100%)       2048M (100%)       2048M (100%)       2048M (100%)       2048M (100%)       2048M (100%)   
[2025-06-18T00:09:28.068+0300][14400][7356 ][info ][gc,heap  ] GC(79)      Free:     1774M (87%)        1760M (86%)        1906M (93%)        1980M (97%)        1980M (97%)        1760M (86%)    
[2025-06-18T00:09:28.068+0300][14400][7356 ][info ][gc,heap  ] GC(79)      Used:      274M (13%)         288M (14%)         142M (7%)           68M (3%)          288M (14%)          68M (3%)     
[2025-06-18T00:09:28.068+0300][14400][7356 ][info ][gc,heap  ] GC(79)      Live:         -                18M (1%)           18M (1%)           18M (1%)             -                  -          
[2025-06-18T00:09:28.068+0300][14400][7356 ][info ][gc,heap  ] GC(79) Allocated:         -                14M (1%)           14M (1%)           14M (1%)             -                  -          
[2025-06-18T00:09:28.068+0300][14400][7356 ][info ][gc,heap  ] GC(79)   Garbage:         -               255M (12%)         109M (5%)           35M (2%)             -                  -          
[2025-06-18T00:09:28.068+0300][14400][7356 ][info ][gc,heap  ] GC(79) Reclaimed:         -                  -               146M (7%)          220M (11%)            -                  -          
[2025-06-18T00:09:28.068+0300][14400][7356 ][info ][gc       ] GC(79) Garbage Collection (Proactive) 274M(13%)->68M(3%)
[2025-06-18T00:09:34.738+0300][14400][7356 ][debug][gc,heap  ] GC(80) Heap before GC invocations=80 (full 80):
[2025-06-18T00:09:34.738+0300][14400][7356 ][debug][gc,heap  ] GC(80)  ZHeap           used 274M, capacity 2048M, max capacity 2048M
[2025-06-18T00:09:34.738+0300][14400][7356 ][debug][gc,heap  ] GC(80)  Metaspace       used 34455K, committed 35328K, reserved 1114112K
[2025-06-18T00:09:34.738+0300][14400][7356 ][debug][gc,heap  ] GC(80)   class space    used 2863K, committed 3264K, reserved 1048576K
[2025-06-18T00:09:34.738+0300][14400][20600][debug][safepoint] Safepoint synchronization initiated using striped semaphore wait barrier. (32 threads)
[2025-06-18T00:09:34.738+0300][14400][19024][debug][safepoint] ... found polling page loop exception at pc = 0x000001bef43eceae, stub =0x000001bef3ab5b00
[2025-06-18T00:09:34.738+0300][14400][8720 ][debug][safepoint] ... found polling page loop exception at pc = 0x000001bef444f1e9, stub =0x000001bef3ab5280
[2025-06-18T00:09:34.738+0300][14400][21292][debug][safepoint] ... found polling page loop exception at pc = 0x000001bef49be739, stub =0x000001bef3ab5b00
[2025-06-18T00:09:34.738+0300][14400][20600][info ][gc,phases] GC(80) Pause Mark Start 0.011ms
[2025-06-18T00:09:34.738+0300][14400][20600][info ][safepoint] Safepoint "XMarkStart", Time since last: 6660956200 ns, Reaching safepoint: 386900 ns, Cleanup: 7100 ns, At safepoint: 86400 ns, Total: 480400 ns
[2025-06-18T00:09:34.756+0300][14400][7356 ][info ][gc,phases] GC(80) Concurrent Mark 16.850ms
[2025-06-18T00:09:34.756+0300][14400][20600][debug][safepoint] Safepoint synchronization initiated using striped semaphore wait barrier. (32 threads)
[2025-06-18T00:09:34.756+0300][14400][20600][info ][gc,phases] GC(80) Pause Mark End 0.014ms
[2025-06-18T00:09:34.756+0300][14400][20600][info ][safepoint] Safepoint "XMarkEnd", Time since last: 17090900 ns, Reaching safepoint: 43700 ns, Cleanup: 13800 ns, At safepoint: 48900 ns, Total: 106400 ns
[2025-06-18T00:09:34.756+0300][14400][7356 ][info ][gc,phases] GC(80) Concurrent Mark Free 0.002ms
[2025-06-18T00:09:34.756+0300][14400][7356 ][debug][gc,phases] GC(80) Concurrent References Process 0.138ms
[2025-06-18T00:09:34.756+0300][14400][7356 ][debug][gc,phases] GC(80) ClassLoaderData 0.063ms
[2025-06-18T00:09:34.756+0300][14400][7356 ][debug][gc,phases] GC(80) Trigger cleanups 0.000ms
[2025-06-18T00:09:34.756+0300][14400][7356 ][debug][gc,phases] GC(80) Concurrent Classes Unlink 6.431ms
[2025-06-18T00:09:34.756+0300][14400][7356 ][debug][gc,phases] GC(80) Concurrent Classes Purge 0.017ms
[2025-06-18T00:09:34.756+0300][14400][7356 ][debug][gc,phases] GC(80) Concurrent References Enqueue 0.007ms
[2025-06-18T00:09:34.756+0300][14400][7356 ][info ][gc,phases] GC(80) Concurrent Process Non-Strong References 7.505ms
[2025-06-18T00:09:34.756+0300][14400][7356 ][info ][gc,phases] GC(80) Concurrent Reset Relocation Set 0.002ms
[2025-06-18T00:09:34.756+0300][14400][7356 ][info ][gc,phases] GC(80) Concurrent Select Relocation Set 1.084ms
[2025-06-18T00:09:34.756+0300][14400][20600][debug][safepoint] Safepoint synchronization initiated using striped semaphore wait barrier. (32 threads)
[2025-06-18T00:09:34.756+0300][14400][20600][info ][gc,phases] GC(80) Pause Relocate Start 0.006ms
[2025-06-18T00:09:34.756+0300][14400][20600][info ][safepoint] Safepoint "XRelocateStart", Time since last: 8719400 ns, Reaching safepoint: 23500 ns, Cleanup: 2900 ns, At safepoint: 28200 ns, Total: 54600 ns
[2025-06-18T00:09:34.756+0300][14400][7356 ][info ][gc,phases] GC(80) Concurrent Relocate 0.435ms
[2025-06-18T00:09:34.756+0300][14400][7356 ][debug][gc,heap  ] GC(80) Heap after GC invocations=81 (full 81):
[2025-06-18T00:09:34.756+0300][14400][7356 ][debug][gc,heap  ] GC(80)  ZHeap           used 68M, capacity 2048M, max capacity 2048M
[2025-06-18T00:09:34.756+0300][14400][7356 ][debug][gc,heap  ] GC(80)  Metaspace       used 34455K, committed 35328K, reserved 1114112K
[2025-06-18T00:09:34.756+0300][14400][7356 ][debug][gc,heap  ] GC(80)   class space    used 2863K, committed 3264K, reserved 1048576K
[2025-06-18T00:09:34.756+0300][14400][7356 ][info ][gc,heap  ] GC(80) Min Capacity: 2048M(100%)
[2025-06-18T00:09:34.756+0300][14400][7356 ][info ][gc,heap  ] GC(80) Max Capacity: 2048M(100%)
[2025-06-18T00:09:34.756+0300][14400][7356 ][info ][gc,heap  ] GC(80) Soft Max Capacity: 2048M(100%)
[2025-06-18T00:09:34.756+0300][14400][7356 ][info ][gc,heap  ] GC(80)                Mark Start          Mark End        Relocate Start      Relocate End           High               Low         
[2025-06-18T00:09:34.756+0300][14400][7356 ][info ][gc,heap  ] GC(80)  Capacity:     2048M (100%)       2048M (100%)       2048M (100%)       2048M (100%)       2048M (100%)       2048M (100%)   
[2025-06-18T00:09:34.756+0300][14400][7356 ][info ][gc,heap  ] GC(80)      Free:     1774M (87%)        1760M (86%)        1910M (93%)        1980M (97%)        1980M (97%)        1760M (86%)    
[2025-06-18T00:09:34.756+0300][14400][7356 ][info ][gc,heap  ] GC(80)      Used:      274M (13%)         288M (14%)         138M (7%)           68M (3%)          288M (14%)          68M (3%)     
[2025-06-18T00:09:34.756+0300][14400][7356 ][info ][gc,heap  ] GC(80)      Live:         -                18M (1%)           18M (1%)           18M (1%)             -                  -          
[2025-06-18T00:09:34.756+0300][14400][7356 ][info ][gc,heap  ] GC(80) Allocated:         -                14M (1%)           14M (1%)           14M (1%)             -                  -          
[2025-06-18T00:09:34.756+0300][14400][7356 ][info ][gc,heap  ] GC(80)   Garbage:         -               255M (12%)         105M (5%)           35M (2%)             -                  -          
[2025-06-18T00:09:34.756+0300][14400][7356 ][info ][gc,heap  ] GC(80) Reclaimed:         -                  -               150M (7%)          220M (11%)            -                  -          
[2025-06-18T00:09:34.756+0300][14400][7356 ][info ][gc       ] GC(80) Garbage Collection (Proactive) 274M(13%)->68M(3%)
[2025-06-18T00:09:41.536+0300][14400][7356 ][debug][gc,heap  ] GC(81) Heap before GC invocations=81 (full 81):
[2025-06-18T00:09:41.536+0300][14400][7356 ][debug][gc,heap  ] GC(81)  ZHeap           used 276M, capacity 2048M, max capacity 2048M
[2025-06-18T00:09:41.536+0300][14400][7356 ][debug][gc,heap  ] GC(81)  Metaspace       used 34455K, committed 35328K, reserved 1114112K
[2025-06-18T00:09:41.536+0300][14400][7356 ][debug][gc,heap  ] GC(81)   class space    used 2863K, committed 3264K, reserved 1048576K
[2025-06-18T00:09:41.536+0300][14400][20600][debug][safepoint] Safepoint synchronization initiated using striped semaphore wait barrier. (32 threads)
[2025-06-18T00:09:41.536+0300][14400][20600][info ][gc,phases] GC(81) Pause Mark Start 0.013ms
[2025-06-18T00:09:41.536+0300][14400][20600][info ][safepoint] Safepoint "XMarkStart", Time since last: 6771642000 ns, Reaching safepoint: 98600 ns, Cleanup: 21200 ns, At safepoint: 84100 ns, Total: 203900 ns
[2025-06-18T00:09:41.552+0300][14400][7356 ][info ][gc,phases] GC(81) Concurrent Mark 15.335ms
[2025-06-18T00:09:41.552+0300][14400][20600][debug][safepoint] Safepoint synchronization initiated using striped semaphore wait barrier. (32 threads)
[2025-06-18T00:09:41.552+0300][14400][19268][debug][safepoint] ... found polling page loop exception at pc = 0x000001bef47b7499, stub =0x000001bef3ab5b00
[2025-06-18T00:09:41.552+0300][14400][20600][info ][gc,phases] GC(81) Pause Mark End 0.013ms
[2025-06-18T00:09:41.552+0300][14400][20600][info ][safepoint] Safepoint "XMarkEnd", Time since last: 15534900 ns, Reaching safepoint: 116400 ns, Cleanup: 4600 ns, At safepoint: 37200 ns, Total: 158200 ns
[2025-06-18T00:09:41.552+0300][14400][7356 ][info ][gc,phases] GC(81) Concurrent Mark Free 0.001ms
[2025-06-18T00:09:41.552+0300][14400][7356 ][debug][gc,phases] GC(81) Concurrent References Process 0.184ms
[2025-06-18T00:09:41.552+0300][14400][7356 ][debug][gc,phases] GC(81) ClassLoaderData 0.036ms
[2025-06-18T00:09:41.552+0300][14400][7356 ][debug][gc,phases] GC(81) Trigger cleanups 0.000ms
[2025-06-18T00:09:41.552+0300][14400][7356 ][debug][gc,phases] GC(81) Concurrent Classes Unlink 7.936ms
[2025-06-18T00:09:41.552+0300][14400][7356 ][debug][gc,phases] GC(81) Concurrent Classes Purge 0.014ms
[2025-06-18T00:09:41.552+0300][14400][7356 ][debug][gc,phases] GC(81) Concurrent References Enqueue 0.000ms
[2025-06-18T00:09:41.552+0300][14400][7356 ][info ][gc,phases] GC(81) Concurrent Process Non-Strong References 9.111ms
[2025-06-18T00:09:41.552+0300][14400][7356 ][info ][gc,phases] GC(81) Concurrent Reset Relocation Set 0.002ms
[2025-06-18T00:09:41.552+0300][14400][7356 ][info ][gc,phases] GC(81) Concurrent Select Relocation Set 1.393ms
[2025-06-18T00:09:41.552+0300][14400][20600][debug][safepoint] Safepoint synchronization initiated using striped semaphore wait barrier. (32 threads)
[2025-06-18T00:09:41.552+0300][14400][20600][info ][gc,phases] GC(81) Pause Relocate Start 0.007ms
[2025-06-18T00:09:41.552+0300][14400][20600][info ][safepoint] Safepoint "XRelocateStart", Time since last: 10692800 ns, Reaching safepoint: 20900 ns, Cleanup: 3300 ns, At safepoint: 19400 ns, Total: 43600 ns
[2025-06-18T00:09:41.552+0300][14400][7356 ][info ][gc,phases] GC(81) Concurrent Relocate 0.801ms
[2025-06-18T00:09:41.552+0300][14400][7356 ][debug][gc,heap  ] GC(81) Heap after GC invocations=82 (full 82):
[2025-06-18T00:09:41.552+0300][14400][7356 ][debug][gc,heap  ] GC(81)  ZHeap           used 70M, capacity 2048M, max capacity 2048M
[2025-06-18T00:09:41.552+0300][14400][7356 ][debug][gc,heap  ] GC(81)  Metaspace       used 34455K, committed 35328K, reserved 1114112K
[2025-06-18T00:09:41.552+0300][14400][7356 ][debug][gc,heap  ] GC(81)   class space    used 2863K, committed 3264K, reserved 1048576K
[2025-06-18T00:09:41.552+0300][14400][7356 ][info ][gc,heap  ] GC(81) Min Capacity: 2048M(100%)
[2025-06-18T00:09:41.552+0300][14400][7356 ][info ][gc,heap  ] GC(81) Max Capacity: 2048M(100%)
[2025-06-18T00:09:41.552+0300][14400][7356 ][info ][gc,heap  ] GC(81) Soft Max Capacity: 2048M(100%)
[2025-06-18T00:09:41.552+0300][14400][7356 ][info ][gc,heap  ] GC(81)                Mark Start          Mark End        Relocate Start      Relocate End           High               Low         
[2025-06-18T00:09:41.552+0300][14400][7356 ][info ][gc,heap  ] GC(81)  Capacity:     2048M (100%)       2048M (100%)       2048M (100%)       2048M (100%)       2048M (100%)       2048M (100%)   
[2025-06-18T00:09:41.552+0300][14400][7356 ][info ][gc,heap  ] GC(81)      Free:     1772M (87%)        1756M (86%)        1906M (93%)        1978M (97%)        1978M (97%)        1756M (86%)    
[2025-06-18T00:09:41.552+0300][14400][7356 ][info ][gc,heap  ] GC(81)      Used:      276M (13%)         292M (14%)         142M (7%)           70M (3%)          292M (14%)          70M (3%)     
[2025-06-18T00:09:41.552+0300][14400][7356 ][info ][gc,heap  ] GC(81)      Live:         -                18M (1%)           18M (1%)           18M (1%)             -                  -          
[2025-06-18T00:09:41.552+0300][14400][7356 ][info ][gc,heap  ] GC(81) Allocated:         -                16M (1%)           16M (1%)           16M (1%)             -                  -          
[2025-06-18T00:09:41.552+0300][14400][7356 ][info ][gc,heap  ] GC(81)   Garbage:         -               257M (13%)         107M (5%)           35M (2%)             -                  -          
[2025-06-18T00:09:41.552+0300][14400][7356 ][info ][gc,heap  ] GC(81) Reclaimed:         -                  -               150M (7%)          222M (11%)            -                  -          
[2025-06-18T00:09:41.552+0300][14400][7356 ][info ][gc       ] GC(81) Garbage Collection (Proactive) 276M(13%)->70M(3%)
[2025-06-18T00:09:48.343+0300][14400][7356 ][debug][gc,heap  ] GC(82) Heap before GC invocations=82 (full 82):
[2025-06-18T00:09:48.343+0300][14400][7356 ][debug][gc,heap  ] GC(82)  ZHeap           used 276M, capacity 2048M, max capacity 2048M
[2025-06-18T00:09:48.343+0300][14400][7356 ][debug][gc,heap  ] GC(82)  Metaspace       used 34455K, committed 35328K, reserved 1114112K
[2025-06-18T00:09:48.343+0300][14400][7356 ][debug][gc,heap  ] GC(82)   class space    used 2863K, committed 3264K, reserved 1048576K
[2025-06-18T00:09:48.343+0300][14400][20600][debug][safepoint] Safepoint synchronization initiated using striped semaphore wait barrier. (32 threads)
[2025-06-18T00:09:48.343+0300][14400][2848 ][debug][safepoint] ... found polling page loop exception at pc = 0x000001bef460d17c, stub =0x000001bef3ab5b00
[2025-06-18T00:09:48.343+0300][14400][20600][info ][gc,phases] GC(82) Pause Mark Start 0.014ms
[2025-06-18T00:09:48.343+0300][14400][20600][info ][safepoint] Safepoint "XMarkStart", Time since last: 6780729600 ns, Reaching safepoint: 294700 ns, Cleanup: 24400 ns, At safepoint: 110600 ns, Total: 429700 ns
[2025-06-18T00:09:48.375+0300][14400][7356 ][info ][gc,phases] GC(82) Concurrent Mark 31.162ms
[2025-06-18T00:09:48.375+0300][14400][20600][debug][safepoint] Safepoint synchronization initiated using striped semaphore wait barrier. (32 threads)
[2025-06-18T00:09:48.375+0300][14400][17212][debug][safepoint] ... found polling page loop exception at pc = 0x000001bef47425ac, stub =0x000001bef3ab5b00
[2025-06-18T00:09:48.375+0300][14400][20600][info ][gc,phases] GC(82) Pause Mark End 0.014ms
[2025-06-18T00:09:48.375+0300][14400][20600][info ][safepoint] Safepoint "XMarkEnd", Time since last: 31383700 ns, Reaching safepoint: 104500 ns, Cleanup: 5100 ns, At safepoint: 43400 ns, Total: 153000 ns
[2025-06-18T00:09:48.375+0300][14400][7356 ][info ][gc,phases] GC(82) Concurrent Mark Free 0.000ms
[2025-06-18T00:09:48.375+0300][14400][7356 ][debug][gc,phases] GC(82) Concurrent References Process 0.094ms
[2025-06-18T00:09:48.375+0300][14400][7356 ][debug][gc,phases] GC(82) ClassLoaderData 0.035ms
[2025-06-18T00:09:48.375+0300][14400][7356 ][debug][gc,phases] GC(82) Trigger cleanups 0.000ms
[2025-06-18T00:09:48.375+0300][14400][7356 ][debug][gc,phases] GC(82) Concurrent Classes Unlink 7.422ms
[2025-06-18T00:09:48.375+0300][14400][7356 ][debug][gc,phases] GC(82) Concurrent Classes Purge 0.048ms
[2025-06-18T00:09:48.375+0300][14400][7356 ][debug][gc,phases] GC(82) Concurrent References Enqueue 0.000ms
[2025-06-18T00:09:48.375+0300][14400][7356 ][info ][gc,phases] GC(82) Concurrent Process Non-Strong References 8.453ms
[2025-06-18T00:09:48.375+0300][14400][7356 ][info ][gc,phases] GC(82) Concurrent Reset Relocation Set 0.002ms
[2025-06-18T00:09:48.375+0300][14400][7356 ][info ][gc,phases] GC(82) Concurrent Select Relocation Set 1.217ms
[2025-06-18T00:09:48.375+0300][14400][20600][debug][safepoint] Safepoint synchronization initiated using striped semaphore wait barrier. (32 threads)
[2025-06-18T00:09:48.375+0300][14400][20600][info ][gc,phases] GC(82) Pause Relocate Start 0.006ms
[2025-06-18T00:09:48.375+0300][14400][20600][info ][safepoint] Safepoint "XRelocateStart", Time since last: 9794800 ns, Reaching safepoint: 35200 ns, Cleanup: 2900 ns, At safepoint: 19200 ns, Total: 57300 ns
[2025-06-18T00:09:48.375+0300][14400][7356 ][info ][gc,phases] GC(82) Concurrent Relocate 0.443ms
[2025-06-18T00:09:48.375+0300][14400][7356 ][debug][gc,heap  ] GC(82) Heap after GC invocations=83 (full 83):
[2025-06-18T00:09:48.375+0300][14400][7356 ][debug][gc,heap  ] GC(82)  ZHeap           used 68M, capacity 2048M, max capacity 2048M
[2025-06-18T00:09:48.375+0300][14400][7356 ][debug][gc,heap  ] GC(82)  Metaspace       used 34455K, committed 35328K, reserved 1114112K
[2025-06-18T00:09:48.375+0300][14400][7356 ][debug][gc,heap  ] GC(82)   class space    used 2863K, committed 3264K, reserved 1048576K
[2025-06-18T00:09:48.375+0300][14400][7356 ][info ][gc,heap  ] GC(82) Min Capacity: 2048M(100%)
[2025-06-18T00:09:48.375+0300][14400][7356 ][info ][gc,heap  ] GC(82) Max Capacity: 2048M(100%)
[2025-06-18T00:09:48.375+0300][14400][7356 ][info ][gc,heap  ] GC(82) Soft Max Capacity: 2048M(100%)
[2025-06-18T00:09:48.375+0300][14400][7356 ][info ][gc,heap  ] GC(82)                Mark Start          Mark End        Relocate Start      Relocate End           High               Low         
[2025-06-18T00:09:48.375+0300][14400][7356 ][info ][gc,heap  ] GC(82)  Capacity:     2048M (100%)       2048M (100%)       2048M (100%)       2048M (100%)       2048M (100%)       2048M (100%)   
[2025-06-18T00:09:48.375+0300][14400][7356 ][info ][gc,heap  ] GC(82)      Free:     1772M (87%)        1758M (86%)        1904M (93%)        1980M (97%)        1980M (97%)        1758M (86%)    
[2025-06-18T00:09:48.375+0300][14400][7356 ][info ][gc,heap  ] GC(82)      Used:      276M (13%)         290M (14%)         144M (7%)           68M (3%)          290M (14%)          68M (3%)     
[2025-06-18T00:09:48.375+0300][14400][7356 ][info ][gc,heap  ] GC(82)      Live:         -                18M (1%)           18M (1%)           18M (1%)             -                  -          
[2025-06-18T00:09:48.375+0300][14400][7356 ][info ][gc,heap  ] GC(82) Allocated:         -                14M (1%)           14M (1%)           14M (1%)             -                  -          
[2025-06-18T00:09:48.375+0300][14400][7356 ][info ][gc,heap  ] GC(82)   Garbage:         -               257M (13%)         111M (5%)           35M (2%)             -                  -          
[2025-06-18T00:09:48.375+0300][14400][7356 ][info ][gc,heap  ] GC(82) Reclaimed:         -                  -               146M (7%)          222M (11%)            -                  -          
[2025-06-18T00:09:48.375+0300][14400][7356 ][info ][gc       ] GC(82) Garbage Collection (Proactive) 276M(13%)->68M(3%)
[2025-06-18T00:09:55.148+0300][14400][7356 ][debug][gc,heap  ] GC(83) Heap before GC invocations=83 (full 83):
[2025-06-18T00:09:55.148+0300][14400][7356 ][debug][gc,heap  ] GC(83)  ZHeap           used 276M, capacity 2048M, max capacity 2048M
[2025-06-18T00:09:55.148+0300][14400][7356 ][debug][gc,heap  ] GC(83)  Metaspace       used 34455K, committed 35328K, reserved 1114112K
[2025-06-18T00:09:55.148+0300][14400][7356 ][debug][gc,heap  ] GC(83)   class space    used 2863K, committed 3264K, reserved 1048576K
[2025-06-18T00:09:55.148+0300][14400][20600][debug][safepoint] Safepoint synchronization initiated using striped semaphore wait barrier. (32 threads)
[2025-06-18T00:09:55.148+0300][14400][19268][debug][safepoint] ... found polling page loop exception at pc = 0x000001bef45e75c3, stub =0x000001bef3ab5b00
[2025-06-18T00:09:55.148+0300][14400][5268 ][debug][safepoint] ... found polling page loop exception at pc = 0x000001bef466744e, stub =0x000001bef3ab5b00
[2025-06-18T00:09:55.148+0300][14400][20600][info ][gc,phases] GC(83) Pause Mark Start 0.015ms
[2025-06-18T00:09:55.148+0300][14400][20600][info ][safepoint] Safepoint "XMarkStart", Time since last: 6762901200 ns, Reaching safepoint: 346600 ns, Cleanup: 28300 ns, At safepoint: 123900 ns, Total: 498800 ns
[2025-06-18T00:09:55.167+0300][14400][7356 ][info ][gc,phases] GC(83) Concurrent Mark 17.667ms
[2025-06-18T00:09:55.167+0300][14400][20600][debug][safepoint] Safepoint synchronization initiated using striped semaphore wait barrier. (32 threads)
[2025-06-18T00:09:55.167+0300][14400][20600][info ][gc,phases] GC(83) Pause Mark End 0.021ms
[2025-06-18T00:09:55.167+0300][14400][20600][info ][safepoint] Safepoint "XMarkEnd", Time since last: 17965800 ns, Reaching safepoint: 59800 ns, Cleanup: 5300 ns, At safepoint: 40700 ns, Total: 105800 ns
[2025-06-18T00:09:55.167+0300][14400][7356 ][info ][gc,phases] GC(83) Concurrent Mark Free 0.001ms
[2025-06-18T00:09:55.167+0300][14400][7356 ][debug][gc,phases] GC(83) Concurrent References Process 0.174ms
[2025-06-18T00:09:55.167+0300][14400][7356 ][debug][gc,phases] GC(83) ClassLoaderData 0.031ms
[2025-06-18T00:09:55.167+0300][14400][7356 ][debug][gc,phases] GC(83) Trigger cleanups 0.000ms
[2025-06-18T00:09:55.167+0300][14400][7356 ][debug][gc,phases] GC(83) Concurrent Classes Unlink 7.269ms
[2025-06-18T00:09:55.167+0300][14400][7356 ][debug][gc,phases] GC(83) Concurrent Classes Purge 0.006ms
[2025-06-18T00:09:55.167+0300][14400][7356 ][debug][gc,phases] GC(83) Concurrent References Enqueue 0.004ms
[2025-06-18T00:09:55.167+0300][14400][7356 ][info ][gc,phases] GC(83) Concurrent Process Non-Strong References 8.284ms
[2025-06-18T00:09:55.167+0300][14400][7356 ][info ][gc,phases] GC(83) Concurrent Reset Relocation Set 0.003ms
[2025-06-18T00:09:55.167+0300][14400][7356 ][info ][gc,phases] GC(83) Concurrent Select Relocation Set 1.152ms
[2025-06-18T00:09:55.167+0300][14400][20600][debug][safepoint] Safepoint synchronization initiated using striped semaphore wait barrier. (32 threads)
[2025-06-18T00:09:55.167+0300][14400][20600][info ][gc,phases] GC(83) Pause Relocate Start 0.006ms
[2025-06-18T00:09:55.167+0300][14400][20600][info ][safepoint] Safepoint "XRelocateStart", Time since last: 9637900 ns, Reaching safepoint: 23700 ns, Cleanup: 3300 ns, At safepoint: 19500 ns, Total: 46500 ns
[2025-06-18T00:09:55.167+0300][14400][7356 ][info ][gc,phases] GC(83) Concurrent Relocate 0.421ms
[2025-06-18T00:09:55.167+0300][14400][7356 ][debug][gc,heap  ] GC(83) Heap after GC invocations=84 (full 84):
[2025-06-18T00:09:55.167+0300][14400][7356 ][debug][gc,heap  ] GC(83)  ZHeap           used 66M, capacity 2048M, max capacity 2048M
[2025-06-18T00:09:55.167+0300][14400][7356 ][debug][gc,heap  ] GC(83)  Metaspace       used 34455K, committed 35328K, reserved 1114112K
[2025-06-18T00:09:55.167+0300][14400][7356 ][debug][gc,heap  ] GC(83)   class space    used 2863K, committed 3264K, reserved 1048576K
[2025-06-18T00:09:55.167+0300][14400][7356 ][info ][gc,heap  ] GC(83) Min Capacity: 2048M(100%)
[2025-06-18T00:09:55.167+0300][14400][7356 ][info ][gc,heap  ] GC(83) Max Capacity: 2048M(100%)
[2025-06-18T00:09:55.167+0300][14400][7356 ][info ][gc,heap  ] GC(83) Soft Max Capacity: 2048M(100%)
[2025-06-18T00:09:55.167+0300][14400][7356 ][info ][gc,heap  ] GC(83)                Mark Start          Mark End        Relocate Start      Relocate End           High               Low         
[2025-06-18T00:09:55.167+0300][14400][7356 ][info ][gc,heap  ] GC(83)  Capacity:     2048M (100%)       2048M (100%)       2048M (100%)       2048M (100%)       2048M (100%)       2048M (100%)   
[2025-06-18T00:09:55.167+0300][14400][7356 ][info ][gc,heap  ] GC(83)      Free:     1772M (87%)        1760M (86%)        1910M (93%)        1982M (97%)        1982M (97%)        1760M (86%)    
[2025-06-18T00:09:55.167+0300][14400][7356 ][info ][gc,heap  ] GC(83)      Used:      276M (13%)         288M (14%)         138M (7%)           66M (3%)          288M (14%)          66M (3%)     
[2025-06-18T00:09:55.167+0300][14400][7356 ][info ][gc,heap  ] GC(83)      Live:         -                18M (1%)           18M (1%)           18M (1%)             -                  -          
[2025-06-18T00:09:55.167+0300][14400][7356 ][info ][gc,heap  ] GC(83) Allocated:         -                12M (1%)           12M (1%)           12M (1%)             -                  -          
[2025-06-18T00:09:55.167+0300][14400][7356 ][info ][gc,heap  ] GC(83)   Garbage:         -               257M (13%)         107M (5%)           35M (2%)             -                  -          
[2025-06-18T00:09:55.167+0300][14400][7356 ][info ][gc,heap  ] GC(83) Reclaimed:         -                  -               150M (7%)          222M (11%)            -                  -          
[2025-06-18T00:09:55.167+0300][14400][7356 ][info ][gc       ] GC(83) Garbage Collection (Proactive) 276M(13%)->66M(3%)
[2025-06-18T00:10:00.602+0300][14400][20600][debug][safepoint] Safepoint synchronization initiated using striped semaphore wait barrier. (13 threads)
[2025-06-18T00:10:00.602+0300][14400][20600][info ][safepoint] Safepoint "Cleanup", Time since last: 5425927400 ns, Reaching safepoint: 71400 ns, Cleanup: 27900 ns, At safepoint: 4600 ns, Total: 103900 ns
[2025-06-18T00:10:00.757+0300][14400][20600][debug][safepoint] Safepoint synchronization initiated using striped semaphore wait barrier. (12 threads)
