[2025-05-18T22:39:04.577+0300][4660][10576][info][gc,init] Initializing The Z Garbage Collector
[2025-05-18T22:39:04.578+0300][4660][10576][info][gc,init] Version: 21.0.7+6-LTS (release)
[2025-05-18T22:39:04.578+0300][4660][10576][info][gc,init] Using legacy single-generation mode
[2025-05-18T22:39:04.578+0300][4660][10576][info][gc,init] NUMA Support: Disabled
[2025-05-18T22:39:04.578+0300][4660][10576][info][gc,init] CPUs: 8 total, 8 available
[2025-05-18T22:39:04.578+0300][4660][10576][info][gc,init] Memory: 16183M
[2025-05-18T22:39:04.578+0300][4660][10576][info][gc,init] Large Page Support: Disabled
[2025-05-18T22:39:04.579+0300][4660][10576][info][gc,init] GC Workers: 2 (dynamic)
[2025-05-18T22:39:04.580+0300][4660][10576][info][gc,init] Address Space Type: Contiguous/Unrestricted/Complete
[2025-05-18T22:39:04.580+0300][4660][10576][info][gc,init] Address Space Size: 65536M x 3 = 196608M
[2025-05-18T22:39:04.580+0300][4660][10576][info][gc,init] Min Capacity: 4096M
[2025-05-18T22:39:04.580+0300][4660][10576][info][gc,init] Initial Capacity: 4096M
[2025-05-18T22:39:04.580+0300][4660][10576][info][gc,init] Max Capacity: 4096M
[2025-05-18T22:39:04.580+0300][4660][10576][info][gc,init] Medium Page Size: 32M
[2025-05-18T22:39:04.580+0300][4660][10576][info][gc,init] Pre-touch: Disabled
[2025-05-18T22:39:04.580+0300][4660][10576][info][gc,init] Uncommit: Implicitly Disabled (-Xms equals -Xmx)
[2025-05-18T22:39:04.670+0300][4660][10576][info][gc,init] Runtime Workers: 5
[2025-05-18T22:39:04.672+0300][4660][10576][info][gc     ] Using The Z Garbage Collector
[2025-05-18T22:39:04.686+0300][4660][10576][info][gc,metaspace] CDS archive(s) mapped at: [0x000001daa4000000-0x000001daa4c80000-0x000001daa4c80000), size 13107200, SharedBaseAddress: 0x000001daa4000000, ArchiveRelocationMode: 1.
[2025-05-18T22:39:04.686+0300][4660][10576][info][gc,metaspace] Compressed class space mapped at: 0x000001daa5000000-0x000001dae5000000, reserved size: 1073741824
[2025-05-18T22:39:04.686+0300][4660][10576][info][gc,metaspace] Narrow klass base: 0x000001daa4000000, Narrow klass shift: 0, Narrow klass range: 0x100000000
[2025-05-18T22:39:04.994+0300][4660][13120][info][gc,start    ] GC(0) Garbage Collection (System.gc())
[2025-05-18T22:39:04.994+0300][4660][13120][info][gc,task     ] GC(0) Using 2 workers
[2025-05-18T22:39:04.994+0300][4660][16660][info][gc,phases   ] GC(0) Pause Mark Start 0.005ms
[2025-05-18T22:39:05.003+0300][4660][13120][info][gc,phases   ] GC(0) Concurrent Mark 8.569ms
[2025-05-18T22:39:05.003+0300][4660][16660][info][gc,phases   ] GC(0) Pause Mark End 0.039ms
[2025-05-18T22:39:05.003+0300][4660][13120][info][gc,phases   ] GC(0) Concurrent Mark Free 0.001ms
[2025-05-18T22:39:05.004+0300][4660][13120][info][gc,phases   ] GC(0) Concurrent Process Non-Strong References 1.306ms
[2025-05-18T22:39:05.004+0300][4660][13120][info][gc,phases   ] GC(0) Concurrent Reset Relocation Set 0.000ms
[2025-05-18T22:39:05.008+0300][4660][13120][info][gc,phases   ] GC(0) Concurrent Select Relocation Set 3.227ms
[2025-05-18T22:39:05.008+0300][4660][16660][info][gc,phases   ] GC(0) Pause Relocate Start 0.011ms
[2025-05-18T22:39:05.009+0300][4660][13120][info][gc,phases   ] GC(0) Concurrent Relocate 1.320ms
[2025-05-18T22:39:05.009+0300][4660][13120][info][gc,load     ] GC(0) Load: 0.00/0.00/0.00
[2025-05-18T22:39:05.009+0300][4660][13120][info][gc,mmu      ] GC(0) MMU: 2ms/98.1%, 5ms/99.0%, 10ms/99.5%, 20ms/99.7%, 50ms/99.9%, 100ms/99.9%
[2025-05-18T22:39:05.009+0300][4660][13120][info][gc,marking  ] GC(0) Mark: 2 stripe(s), 2 proactive flush(es), 1 terminate flush(es), 0 completion(s), 0 continuation(s) 
[2025-05-18T22:39:05.009+0300][4660][13120][info][gc,marking  ] GC(0) Mark Stack Usage: 32M
[2025-05-18T22:39:05.009+0300][4660][13120][info][gc,nmethod  ] GC(0) NMethods: 749 registered, 77 unregistered
[2025-05-18T22:39:05.009+0300][4660][13120][info][gc,metaspace] GC(0) Metaspace: 2M used, 3M committed, 1088M reserved
[2025-05-18T22:39:05.009+0300][4660][13120][info][gc,ref      ] GC(0) Soft: 81 encountered, 0 discovered, 0 enqueued
[2025-05-18T22:39:05.010+0300][4660][13120][info][gc,ref      ] GC(0) Weak: 319 encountered, 142 discovered, 75 enqueued
[2025-05-18T22:39:05.010+0300][4660][13120][info][gc,ref      ] GC(0) Final: 3 encountered, 0 discovered, 0 enqueued
[2025-05-18T22:39:05.010+0300][4660][13120][info][gc,ref      ] GC(0) Phantom: 52 encountered, 49 discovered, 34 enqueued
[2025-05-18T22:39:05.010+0300][4660][13120][info][gc,reloc    ] GC(0) Small Pages: 30 / 60M, Empty: 0M, Relocated: 2M, In-Place: 0
[2025-05-18T22:39:05.010+0300][4660][13120][info][gc,reloc    ] GC(0) Medium Pages: 0 / 0M, Empty: 0M, Relocated: 0M, In-Place: 0
[2025-05-18T22:39:05.010+0300][4660][13120][info][gc,reloc    ] GC(0) Large Pages: 0 / 0M, Empty: 0M, Relocated: 0M, In-Place: 0
[2025-05-18T22:39:05.010+0300][4660][13120][info][gc,reloc    ] GC(0) Forwarding Usage: 0M
[2025-05-18T22:39:05.010+0300][4660][13120][info][gc,heap     ] GC(0) Min Capacity: 4096M(100%)
[2025-05-18T22:39:05.010+0300][4660][13120][info][gc,heap     ] GC(0) Max Capacity: 4096M(100%)
[2025-05-18T22:39:05.010+0300][4660][13120][info][gc,heap     ] GC(0) Soft Max Capacity: 4096M(100%)
[2025-05-18T22:39:05.010+0300][4660][13120][info][gc,heap     ] GC(0)                Mark Start          Mark End        Relocate Start      Relocate End           High               Low         
[2025-05-18T22:39:05.010+0300][4660][13120][info][gc,heap     ] GC(0)  Capacity:     4096M (100%)       4096M (100%)       4096M (100%)       4096M (100%)       4096M (100%)       4096M (100%)   
[2025-05-18T22:39:05.010+0300][4660][13120][info][gc,heap     ] GC(0)      Free:     4036M (99%)        4036M (99%)        4034M (98%)        4090M (100%)       4090M (100%)       4032M (98%)    
[2025-05-18T22:39:05.010+0300][4660][13120][info][gc,heap     ] GC(0)      Used:       60M (1%)           60M (1%)           62M (2%)            6M (0%)           64M (2%)            6M (0%)     
[2025-05-18T22:39:05.010+0300][4660][13120][info][gc,heap     ] GC(0)      Live:         -                 2M (0%)            2M (0%)            2M (0%)             -                  -          
[2025-05-18T22:39:05.010+0300][4660][13120][info][gc,heap     ] GC(0) Allocated:         -                 0M (0%)            2M (0%)            2M (0%)             -                  -          
[2025-05-18T22:39:05.010+0300][4660][13120][info][gc,heap     ] GC(0)   Garbage:         -                57M (1%)           57M (1%)            1M (0%)             -                  -          
[2025-05-18T22:39:05.010+0300][4660][13120][info][gc,heap     ] GC(0) Reclaimed:         -                  -                 0M (0%)           56M (1%)             -                  -          
[2025-05-18T22:39:05.010+0300][4660][13120][info][gc          ] GC(0) Garbage Collection (System.gc()) 60M(1%)->6M(0%)
[2025-05-18T22:39:11.476+0300][4660][13120][info][gc,start    ] GC(1) Garbage Collection (System.gc())
[2025-05-18T22:39:11.476+0300][4660][13120][info][gc,task     ] GC(1) Using 2 workers
[2025-05-18T22:39:11.476+0300][4660][16660][info][gc,phases   ] GC(1) Pause Mark Start 0.006ms
[2025-05-18T22:39:11.494+0300][4660][13120][info][gc,phases   ] GC(1) Concurrent Mark 17.993ms
[2025-05-18T22:39:11.494+0300][4660][16660][info][gc,phases   ] GC(1) Pause Mark End 0.015ms
[2025-05-18T22:39:11.494+0300][4660][13120][info][gc,phases   ] GC(1) Concurrent Mark Free 0.001ms
[2025-05-18T22:39:11.497+0300][4660][13120][info][gc,phases   ] GC(1) Concurrent Process Non-Strong References 3.283ms
[2025-05-18T22:39:11.497+0300][4660][13120][info][gc,phases   ] GC(1) Concurrent Reset Relocation Set 0.002ms
[2025-05-18T22:39:11.499+0300][4660][13120][info][gc,phases   ] GC(1) Concurrent Select Relocation Set 1.545ms
[2025-05-18T22:39:11.499+0300][4660][16660][info][gc,phases   ] GC(1) Pause Relocate Start 0.007ms
[2025-05-18T22:39:11.501+0300][4660][13120][info][gc,phases   ] GC(1) Concurrent Relocate 1.130ms
[2025-05-18T22:39:11.501+0300][4660][13120][info][gc,load     ] GC(1) Load: 0.00/0.00/0.00
[2025-05-18T22:39:11.501+0300][4660][13120][info][gc,mmu      ] GC(1) MMU: 2ms/98.1%, 5ms/99.0%, 10ms/99.5%, 20ms/99.7%, 50ms/99.9%, 100ms/99.9%
[2025-05-18T22:39:11.501+0300][4660][13120][info][gc,marking  ] GC(1) Mark: 2 stripe(s), 2 proactive flush(es), 1 terminate flush(es), 0 completion(s), 0 continuation(s) 
[2025-05-18T22:39:11.501+0300][4660][13120][info][gc,marking  ] GC(1) Mark Stack Usage: 32M
[2025-05-18T22:39:11.501+0300][4660][13120][info][gc,nmethod  ] GC(1) NMethods: 1510 registered, 414 unregistered
[2025-05-18T22:39:11.501+0300][4660][13120][info][gc,metaspace] GC(1) Metaspace: 5M used, 5M committed, 1088M reserved
[2025-05-18T22:39:11.501+0300][4660][13120][info][gc,ref      ] GC(1) Soft: 89 encountered, 0 discovered, 0 enqueued
[2025-05-18T22:39:11.501+0300][4660][13120][info][gc,ref      ] GC(1) Weak: 262 encountered, 78 discovered, 10 enqueued
[2025-05-18T22:39:11.501+0300][4660][13120][info][gc,ref      ] GC(1) Final: 3 encountered, 3 discovered, 0 enqueued
[2025-05-18T22:39:11.501+0300][4660][13120][info][gc,ref      ] GC(1) Phantom: 18 encountered, 13 discovered, 4 enqueued
[2025-05-18T22:39:11.501+0300][4660][13120][info][gc,reloc    ] GC(1) Small Pages: 61 / 122M, Empty: 86M, Relocated: 1M, In-Place: 0
[2025-05-18T22:39:11.501+0300][4660][13120][info][gc,reloc    ] GC(1) Medium Pages: 0 / 0M, Empty: 0M, Relocated: 0M, In-Place: 0
[2025-05-18T22:39:11.501+0300][4660][13120][info][gc,reloc    ] GC(1) Large Pages: 0 / 0M, Empty: 0M, Relocated: 0M, In-Place: 0
[2025-05-18T22:39:11.501+0300][4660][13120][info][gc,reloc    ] GC(1) Forwarding Usage: 0M
[2025-05-18T22:39:11.501+0300][4660][13120][info][gc,heap     ] GC(1) Min Capacity: 4096M(100%)
[2025-05-18T22:39:11.501+0300][4660][13120][info][gc,heap     ] GC(1) Max Capacity: 4096M(100%)
[2025-05-18T22:39:11.501+0300][4660][13120][info][gc,heap     ] GC(1) Soft Max Capacity: 4096M(100%)
[2025-05-18T22:39:11.501+0300][4660][13120][info][gc,heap     ] GC(1)                Mark Start          Mark End        Relocate Start      Relocate End           High               Low         
[2025-05-18T22:39:11.501+0300][4660][13120][info][gc,heap     ] GC(1)  Capacity:     4096M (100%)       4096M (100%)       4096M (100%)       4096M (100%)       4096M (100%)       4096M (100%)   
[2025-05-18T22:39:11.501+0300][4660][13120][info][gc,heap     ] GC(1)      Free:     3974M (97%)        3974M (97%)        4058M (99%)        4086M (100%)       4086M (100%)       3972M (97%)    
[2025-05-18T22:39:11.501+0300][4660][13120][info][gc,heap     ] GC(1)      Used:      122M (3%)          122M (3%)           38M (1%)           10M (0%)          124M (3%)           10M (0%)     
[2025-05-18T22:39:11.501+0300][4660][13120][info][gc,heap     ] GC(1)      Live:         -                 3M (0%)            3M (0%)            3M (0%)             -                  -          
[2025-05-18T22:39:11.501+0300][4660][13120][info][gc,heap     ] GC(1) Allocated:         -                 0M (0%)            2M (0%)            3M (0%)             -                  -          
[2025-05-18T22:39:11.501+0300][4660][13120][info][gc,heap     ] GC(1)   Garbage:         -               118M (3%)           32M (1%)            2M (0%)             -                  -          
[2025-05-18T22:39:11.501+0300][4660][13120][info][gc,heap     ] GC(1) Reclaimed:         -                  -                86M (2%)          115M (3%)             -                  -          
[2025-05-18T22:39:11.501+0300][4660][13120][info][gc          ] GC(1) Garbage Collection (System.gc()) 122M(3%)->10M(0%)
[2025-05-18T22:39:14.699+0300][4660][5132 ][info][gc,stats    ] === Garbage Collection Statistics =======================================================================================================================
[2025-05-18T22:39:14.699+0300][4660][5132 ][info][gc,stats    ]                                                              Last 10s              Last 10m              Last 10h                Total
[2025-05-18T22:39:14.699+0300][4660][5132 ][info][gc,stats    ]                                                              Avg / Max             Avg / Max             Avg / Max             Avg / Max
[2025-05-18T22:39:14.699+0300][4660][5132 ][info][gc,stats    ]   Collector: Garbage Collection Cycle                     20.467 / 24.806       20.467 / 24.806       20.467 / 24.806       20.467 / 24.806      ms
[2025-05-18T22:39:14.699+0300][4660][5132 ][info][gc,stats    ]  Contention: Mark Segment Reset Contention                     0 / 0                 0 / 0                 0 / 0                 0 / 0           ops/s
[2025-05-18T22:39:14.699+0300][4660][5132 ][info][gc,stats    ]  Contention: Mark SeqNum Reset Contention                      0 / 0                 0 / 0                 0 / 0                 0 / 0           ops/s
[2025-05-18T22:39:14.699+0300][4660][5132 ][info][gc,stats    ]    Critical: Allocation Stall                                  0 / 0                 0 / 0                 0 / 0                 0 / 0           ops/s
[2025-05-18T22:39:14.699+0300][4660][5132 ][info][gc,stats    ]    Critical: Allocation Stall                              0.000 / 0.000         0.000 / 0.000         0.000 / 0.000         0.000 / 0.000       ms
[2025-05-18T22:39:14.699+0300][4660][5132 ][info][gc,stats    ]    Critical: GC Locker Stall                                   0 / 0                 0 / 0                 0 / 0                 0 / 0           ops/s
[2025-05-18T22:39:14.699+0300][4660][5132 ][info][gc,stats    ]    Critical: GC Locker Stall                               0.000 / 0.000         0.000 / 0.000         0.000 / 0.000         0.000 / 0.000       ms
[2025-05-18T22:39:14.699+0300][4660][5132 ][info][gc,stats    ]    Critical: Relocation Stall                                  0 / 0                 0 / 0                 0 / 0                 0 / 0           ops/s
[2025-05-18T22:39:14.699+0300][4660][5132 ][info][gc,stats    ]    Critical: Relocation Stall                              0.000 / 0.000         0.000 / 0.000         0.000 / 0.000         0.000 / 0.000       ms
[2025-05-18T22:39:14.699+0300][4660][5132 ][info][gc,stats    ]      Memory: Allocation Rate                                  23 / 82               23 / 82               23 / 82               23 / 82          MB/s
[2025-05-18T22:39:14.699+0300][4660][5132 ][info][gc,stats    ]      Memory: Defragment                                        0 / 0                 0 / 0                 0 / 0                 0 / 0           ops/s
[2025-05-18T22:39:14.699+0300][4660][5132 ][info][gc,stats    ]      Memory: Out Of Memory                                     0 / 0                 0 / 0                 0 / 0                 0 / 0           ops/s
[2025-05-18T22:39:14.699+0300][4660][5132 ][info][gc,stats    ]      Memory: Page Cache Flush                                  0 / 0                 0 / 0                 0 / 0                 0 / 0           MB/s
[2025-05-18T22:39:14.699+0300][4660][5132 ][info][gc,stats    ]      Memory: Page Cache Hit L1                                 6 / 12                6 / 12                6 / 12                6 / 12          ops/s
[2025-05-18T22:39:14.699+0300][4660][5132 ][info][gc,stats    ]      Memory: Page Cache Hit L2                                 0 / 0                 0 / 0                 0 / 0                 0 / 0           ops/s
[2025-05-18T22:39:14.699+0300][4660][5132 ][info][gc,stats    ]      Memory: Page Cache Hit L3                                 6 / 32                6 / 32                6 / 32                6 / 32          ops/s
[2025-05-18T22:39:14.699+0300][4660][5132 ][info][gc,stats    ]      Memory: Page Cache Miss                                   0 / 1                 0 / 1                 0 / 1                 0 / 1           ops/s
[2025-05-18T22:39:14.699+0300][4660][5132 ][info][gc,stats    ]      Memory: Uncommit                                          0 / 0                 0 / 0                 0 / 0                 0 / 0           MB/s
[2025-05-18T22:39:14.699+0300][4660][5132 ][info][gc,stats    ]      Memory: Undo Object Allocation Failed                     0 / 0                 0 / 0                 0 / 0                 0 / 0           ops/s
[2025-05-18T22:39:14.699+0300][4660][5132 ][info][gc,stats    ]      Memory: Undo Object Allocation Succeeded                  0 / 0                 0 / 0                 0 / 0                 0 / 0           ops/s
[2025-05-18T22:39:14.699+0300][4660][5132 ][info][gc,stats    ]      Memory: Undo Page Allocation                              0 / 0                 0 / 0                 0 / 0                 0 / 0           ops/s
[2025-05-18T22:39:14.699+0300][4660][5132 ][info][gc,stats    ]       Phase: Concurrent Mark                              13.281 / 17.993       13.281 / 17.993       13.281 / 17.993       13.281 / 17.993      ms
[2025-05-18T22:39:14.699+0300][4660][5132 ][info][gc,stats    ]       Phase: Concurrent Mark Continue                      0.000 / 0.000         0.000 / 0.000         0.000 / 0.000         0.000 / 0.000       ms
[2025-05-18T22:39:14.699+0300][4660][5132 ][info][gc,stats    ]       Phase: Concurrent Mark Free                          0.001 / 0.001         0.001 / 0.001         0.001 / 0.001         0.001 / 0.001       ms
[2025-05-18T22:39:14.699+0300][4660][5132 ][info][gc,stats    ]       Phase: Concurrent Process Non-Strong References      2.295 / 3.283         2.295 / 3.283         2.295 / 3.283         2.295 / 3.283       ms
[2025-05-18T22:39:14.699+0300][4660][5132 ][info][gc,stats    ]       Phase: Concurrent Relocate                           1.225 / 1.320         1.225 / 1.320         1.225 / 1.320         1.225 / 1.320       ms
[2025-05-18T22:39:14.699+0300][4660][5132 ][info][gc,stats    ]       Phase: Concurrent Reset Relocation Set               0.001 / 0.002         0.001 / 0.002         0.001 / 0.002         0.001 / 0.002       ms
[2025-05-18T22:39:14.699+0300][4660][5132 ][info][gc,stats    ]       Phase: Concurrent Select Relocation Set              2.386 / 3.227         2.386 / 3.227         2.386 / 3.227         2.386 / 3.227       ms
[2025-05-18T22:39:14.699+0300][4660][5132 ][info][gc,stats    ]       Phase: Pause Mark End                                0.027 / 0.039         0.027 / 0.039         0.027 / 0.039         0.027 / 0.039       ms
[2025-05-18T22:39:14.699+0300][4660][5132 ][info][gc,stats    ]       Phase: Pause Mark Start                              0.006 / 0.006         0.006 / 0.006         0.006 / 0.006         0.006 / 0.006       ms
[2025-05-18T22:39:14.699+0300][4660][5132 ][info][gc,stats    ]       Phase: Pause Relocate Start                          0.009 / 0.011         0.009 / 0.011         0.009 / 0.011         0.009 / 0.011       ms
[2025-05-18T22:39:14.699+0300][4660][5132 ][info][gc,stats    ]    Subphase: Concurrent Classes Purge                      0.233 / 0.381         0.233 / 0.381         0.233 / 0.381         0.233 / 0.381       ms
[2025-05-18T22:39:14.699+0300][4660][5132 ][info][gc,stats    ]    Subphase: Concurrent Classes Unlink                     1.423 / 2.178         1.423 / 2.178         1.423 / 2.178         1.423 / 2.178       ms
[2025-05-18T22:39:14.699+0300][4660][5132 ][info][gc,stats    ]    Subphase: Concurrent Mark                               8.590 / 17.573        8.590 / 17.573        8.590 / 17.573        8.590 / 17.573      ms
[2025-05-18T22:39:14.699+0300][4660][5132 ][info][gc,stats    ]    Subphase: Concurrent Mark Try Flush                     0.085 / 0.245         0.085 / 0.245         0.085 / 0.245         0.085 / 0.245       ms
[2025-05-18T22:39:14.699+0300][4660][5132 ][info][gc,stats    ]    Subphase: Concurrent Mark Try Terminate                 2.925 / 12.198        2.925 / 12.198        2.925 / 12.198        2.925 / 12.198      ms
[2025-05-18T22:39:14.699+0300][4660][5132 ][info][gc,stats    ]    Subphase: Concurrent References Enqueue                 0.003 / 0.003         0.003 / 0.003         0.003 / 0.003         0.003 / 0.003       ms
[2025-05-18T22:39:14.699+0300][4660][5132 ][info][gc,stats    ]    Subphase: Concurrent References Process                 0.124 / 0.178         0.124 / 0.178         0.124 / 0.178         0.124 / 0.178       ms
[2025-05-18T22:39:14.699+0300][4660][5132 ][info][gc,stats    ]    Subphase: Concurrent Roots ClassLoaderDataGraph         0.082 / 0.238         0.082 / 0.238         0.082 / 0.238         0.082 / 0.238       ms
[2025-05-18T22:39:14.699+0300][4660][5132 ][info][gc,stats    ]    Subphase: Concurrent Roots CodeCache                    0.000 / 0.000         0.000 / 0.000         0.000 / 0.000         0.000 / 0.000       ms
[2025-05-18T22:39:14.699+0300][4660][5132 ][info][gc,stats    ]    Subphase: Concurrent Roots JavaThreads                  0.470 / 0.693         0.470 / 0.693         0.470 / 0.693         0.470 / 0.693       ms
[2025-05-18T22:39:14.699+0300][4660][5132 ][info][gc,stats    ]    Subphase: Concurrent Roots OopStorageSet                0.018 / 0.041         0.018 / 0.041         0.018 / 0.041         0.018 / 0.041       ms
[2025-05-18T22:39:14.699+0300][4660][5132 ][info][gc,stats    ]    Subphase: Concurrent Weak Roots OopStorageSet           0.212 / 0.382         0.212 / 0.382         0.212 / 0.382         0.212 / 0.382       ms
[2025-05-18T22:39:14.699+0300][4660][5132 ][info][gc,stats    ]    Subphase: Pause Mark Try Complete                       0.000 / 0.000         0.000 / 0.000         0.000 / 0.000         0.000 / 0.000       ms
[2025-05-18T22:39:14.699+0300][4660][5132 ][info][gc,stats    ]      System: Java Threads                                     11 / 12               11 / 12               11 / 12               11 / 12          threads
[2025-05-18T22:39:14.699+0300][4660][5132 ][info][gc,stats    ] =========================================================================================================================================================
[2025-05-18T22:39:17.687+0300][4660][13120][info][gc,start    ] GC(2) Garbage Collection (System.gc())
[2025-05-18T22:39:17.687+0300][4660][13120][info][gc,task     ] GC(2) Using 2 workers
[2025-05-18T22:39:17.687+0300][4660][16660][info][gc,phases   ] GC(2) Pause Mark Start 0.006ms
[2025-05-18T22:39:17.698+0300][4660][13120][info][gc,phases   ] GC(2) Concurrent Mark 10.422ms
[2025-05-18T22:39:17.698+0300][4660][16660][info][gc,phases   ] GC(2) Pause Mark End 0.008ms
[2025-05-18T22:39:17.698+0300][4660][13120][info][gc,phases   ] GC(2) Concurrent Mark Free 0.001ms
[2025-05-18T22:39:17.699+0300][4660][13120][info][gc,phases   ] GC(2) Concurrent Process Non-Strong References 1.389ms
[2025-05-18T22:39:17.699+0300][4660][13120][info][gc,phases   ] GC(2) Concurrent Reset Relocation Set 0.002ms
[2025-05-18T22:39:17.701+0300][4660][13120][info][gc,phases   ] GC(2) Concurrent Select Relocation Set 1.364ms
[2025-05-18T22:39:17.701+0300][4660][16660][info][gc,phases   ] GC(2) Pause Relocate Start 0.006ms
[2025-05-18T22:39:17.701+0300][4660][13120][info][gc,phases   ] GC(2) Concurrent Relocate 0.731ms
[2025-05-18T22:39:17.701+0300][4660][13120][info][gc,load     ] GC(2) Load: 0.00/0.00/0.00
[2025-05-18T22:39:17.701+0300][4660][13120][info][gc,mmu      ] GC(2) MMU: 2ms/98.1%, 5ms/99.0%, 10ms/99.5%, 20ms/99.7%, 50ms/99.9%, 100ms/99.9%
[2025-05-18T22:39:17.701+0300][4660][13120][info][gc,marking  ] GC(2) Mark: 2 stripe(s), 1 proactive flush(es), 1 terminate flush(es), 0 completion(s), 0 continuation(s) 
[2025-05-18T22:39:17.701+0300][4660][13120][info][gc,marking  ] GC(2) Mark Stack Usage: 32M
[2025-05-18T22:39:17.701+0300][4660][13120][info][gc,nmethod  ] GC(2) NMethods: 1589 registered, 468 unregistered
[2025-05-18T22:39:17.701+0300][4660][13120][info][gc,metaspace] GC(2) Metaspace: 5M used, 5M committed, 1088M reserved
[2025-05-18T22:39:17.701+0300][4660][13120][info][gc,ref      ] GC(2) Soft: 89 encountered, 0 discovered, 0 enqueued
[2025-05-18T22:39:17.701+0300][4660][13120][info][gc,ref      ] GC(2) Weak: 252 encountered, 72 discovered, 0 enqueued
[2025-05-18T22:39:17.701+0300][4660][13120][info][gc,ref      ] GC(2) Final: 3 encountered, 0 discovered, 0 enqueued
[2025-05-18T22:39:17.701+0300][4660][13120][info][gc,ref      ] GC(2) Phantom: 16 encountered, 7 discovered, 2 enqueued
[2025-05-18T22:39:17.701+0300][4660][13120][info][gc,reloc    ] GC(2) Small Pages: 60 / 120M, Empty: 106M, Relocated: 1M, In-Place: 0
[2025-05-18T22:39:17.701+0300][4660][13120][info][gc,reloc    ] GC(2) Medium Pages: 0 / 0M, Empty: 0M, Relocated: 0M, In-Place: 0
[2025-05-18T22:39:17.701+0300][4660][13120][info][gc,reloc    ] GC(2) Large Pages: 0 / 0M, Empty: 0M, Relocated: 0M, In-Place: 0
[2025-05-18T22:39:17.701+0300][4660][13120][info][gc,reloc    ] GC(2) Forwarding Usage: 0M
[2025-05-18T22:39:17.702+0300][4660][13120][info][gc,heap     ] GC(2) Min Capacity: 4096M(100%)
[2025-05-18T22:39:17.702+0300][4660][13120][info][gc,heap     ] GC(2) Max Capacity: 4096M(100%)
[2025-05-18T22:39:17.702+0300][4660][13120][info][gc,heap     ] GC(2) Soft Max Capacity: 4096M(100%)
[2025-05-18T22:39:17.702+0300][4660][13120][info][gc,heap     ] GC(2)                Mark Start          Mark End        Relocate Start      Relocate End           High               Low         
[2025-05-18T22:39:17.702+0300][4660][13120][info][gc,heap     ] GC(2)  Capacity:     4096M (100%)       4096M (100%)       4096M (100%)       4096M (100%)       4096M (100%)       4096M (100%)   
[2025-05-18T22:39:17.702+0300][4660][13120][info][gc,heap     ] GC(2)      Free:     3976M (97%)        3976M (97%)        4080M (100%)       4088M (100%)       4088M (100%)       3974M (97%)    
[2025-05-18T22:39:17.702+0300][4660][13120][info][gc,heap     ] GC(2)      Used:      120M (3%)          120M (3%)           16M (0%)            8M (0%)          122M (3%)            8M (0%)     
[2025-05-18T22:39:17.702+0300][4660][13120][info][gc,heap     ] GC(2)      Live:         -                 3M (0%)            3M (0%)            3M (0%)             -                  -          
[2025-05-18T22:39:17.702+0300][4660][13120][info][gc,heap     ] GC(2) Allocated:         -                 0M (0%)            2M (0%)            2M (0%)             -                  -          
[2025-05-18T22:39:17.702+0300][4660][13120][info][gc,heap     ] GC(2)   Garbage:         -               116M (3%)           10M (0%)            2M (0%)             -                  -          
[2025-05-18T22:39:17.702+0300][4660][13120][info][gc,heap     ] GC(2) Reclaimed:         -                  -               106M (3%)          114M (3%)             -                  -          
[2025-05-18T22:39:17.702+0300][4660][13120][info][gc          ] GC(2) Garbage Collection (System.gc()) 120M(3%)->8M(0%)
[2025-05-18T22:39:23.836+0300][4660][10576][info][gc,heap,exit] Heap
[2025-05-18T22:39:23.836+0300][4660][10576][info][gc,heap,exit]  ZHeap           used 120M, capacity 4096M, max capacity 4096M
[2025-05-18T22:39:23.836+0300][4660][10576][info][gc,heap,exit]  Metaspace       used 5499K, committed 5760K, reserved 1114112K
[2025-05-18T22:39:23.836+0300][4660][10576][info][gc,heap,exit]   class space    used 591K, committed 704K, reserved 1048576K
