[2025-06-18T00:10:24.036+0300][17400][16604][debug][gc,heap] Minimum heap 12884901888  Initial heap 12884901888  Maximum heap 12884901888
[2025-06-18T00:10:24.325+0300][17400][16604][info ][gc     ] Using The Z Garbage Collector
[2025-06-18T00:10:25.402+0300][17400][3016 ][debug][safepoint] Safepoint synchronization initiated using striped semaphore wait barrier. (11 threads)
[2025-06-18T00:10:25.402+0300][17400][3016 ][info ][safepoint] Safepoint "Cleanup", Time since last: 1062333100 ns, Reaching safepoint: 112200 ns, Cleanup: 44500 ns, At safepoint: 5400 ns, Total: 162100 ns
[2025-06-18T00:10:26.144+0300][17400][4220 ][debug][gc,heap  ] GC(0) Heap before GC invocations=0 (full 0):
[2025-06-18T00:10:26.144+0300][17400][4220 ][debug][gc,heap  ] GC(0)  ZHeap           used 162M, capacity 12288M, max capacity 12288M
[2025-06-18T00:10:26.144+0300][17400][4220 ][debug][gc,heap  ] GC(0)  Metaspace       used 2841K, committed 3072K, reserved 1114112K
[2025-06-18T00:10:26.144+0300][17400][4220 ][debug][gc,heap  ] GC(0)   class space    used 256K, committed 384K, reserved 1048576K
[2025-06-18T00:10:26.144+0300][17400][3016 ][debug][safepoint] Safepoint synchronization initiated using striped semaphore wait barrier. (12 threads)
[2025-06-18T00:10:26.144+0300][17400][3016 ][info ][gc,phases] GC(0) Pause Mark Start 0.006ms
[2025-06-18T00:10:26.144+0300][17400][3016 ][info ][safepoint] Safepoint "XMarkStart", Time since last: 751683400 ns, Reaching safepoint: 37600 ns, Cleanup: 34900 ns, At safepoint: 44600 ns, Total: 117100 ns
[2025-06-18T00:10:26.160+0300][17400][4220 ][info ][gc,phases] GC(0) Concurrent Mark 6.079ms
[2025-06-18T00:10:26.160+0300][17400][3016 ][debug][safepoint] Safepoint synchronization initiated using striped semaphore wait barrier. (12 threads)
[2025-06-18T00:10:26.160+0300][17400][3016 ][info ][gc,phases] GC(0) Pause Mark End 0.031ms
[2025-06-18T00:10:26.160+0300][17400][3016 ][info ][safepoint] Safepoint "XMarkEnd", Time since last: 6222600 ns, Reaching safepoint: 95300 ns, Cleanup: 11600 ns, At safepoint: 46200 ns, Total: 153100 ns
[2025-06-18T00:10:26.160+0300][17400][4220 ][info ][gc,phases] GC(0) Concurrent Mark Free 0.001ms
[2025-06-18T00:10:26.160+0300][17400][4220 ][debug][gc,phases] GC(0) Concurrent References Process 0.177ms
[2025-06-18T00:10:26.160+0300][17400][4220 ][debug][gc,phases] GC(0) ClassLoaderData 0.005ms
[2025-06-18T00:10:26.160+0300][17400][4220 ][debug][gc,phases] GC(0) Trigger cleanups 0.000ms
[2025-06-18T00:10:26.160+0300][17400][4220 ][debug][gc,phases] GC(0) Concurrent Classes Unlink 0.664ms
[2025-06-18T00:10:26.160+0300][17400][4220 ][debug][gc,phases] GC(0) Concurrent Classes Purge 0.119ms
[2025-06-18T00:10:26.160+0300][17400][4220 ][debug][gc,phases] GC(0) Concurrent References Enqueue 0.010ms
[2025-06-18T00:10:26.160+0300][17400][4220 ][info ][gc,phases] GC(0) Concurrent Process Non-Strong References 1.422ms
[2025-06-18T00:10:26.160+0300][17400][4220 ][info ][gc,phases] GC(0) Concurrent Reset Relocation Set 0.000ms
[2025-06-18T00:10:26.160+0300][17400][3016 ][debug][safepoint] Safepoint synchronization initiated using striped semaphore wait barrier. (12 threads)
[2025-06-18T00:10:26.160+0300][17400][3016 ][info ][safepoint] Safepoint "CleanClassLoaderDataMetaspaces", Time since last: 1681300 ns, Reaching safepoint: 36600 ns, Cleanup: 96300 ns, At safepoint: 29600 ns, Total: 162500 ns
[2025-06-18T00:10:26.160+0300][17400][4220 ][info ][gc,phases] GC(0) Concurrent Select Relocation Set 3.182ms
[2025-06-18T00:10:26.160+0300][17400][3016 ][debug][safepoint] Safepoint synchronization initiated using striped semaphore wait barrier. (12 threads)
[2025-06-18T00:10:26.160+0300][17400][3016 ][info ][gc,phases] GC(0) Pause Relocate Start 0.010ms
[2025-06-18T00:10:26.160+0300][17400][3016 ][info ][safepoint] Safepoint "XRelocateStart", Time since last: 2984800 ns, Reaching safepoint: 24300 ns, Cleanup: 2200 ns, At safepoint: 23700 ns, Total: 50200 ns
[2025-06-18T00:10:26.160+0300][17400][4220 ][info ][gc,phases] GC(0) Concurrent Relocate 1.201ms
[2025-06-18T00:10:26.160+0300][17400][4220 ][debug][gc,heap  ] GC(0) Heap after GC invocations=1 (full 1):
[2025-06-18T00:10:26.160+0300][17400][4220 ][debug][gc,heap  ] GC(0)  ZHeap           used 10M, capacity 12288M, max capacity 12288M
[2025-06-18T00:10:26.160+0300][17400][4220 ][debug][gc,heap  ] GC(0)  Metaspace       used 2842K, committed 3072K, reserved 1114112K
[2025-06-18T00:10:26.160+0300][17400][4220 ][debug][gc,heap  ] GC(0)   class space    used 256K, committed 384K, reserved 1048576K
[2025-06-18T00:10:26.160+0300][17400][4220 ][info ][gc,heap  ] GC(0) Min Capacity: 12288M(100%)
[2025-06-18T00:10:26.160+0300][17400][4220 ][info ][gc,heap  ] GC(0) Max Capacity: 12288M(100%)
[2025-06-18T00:10:26.160+0300][17400][4220 ][info ][gc,heap  ] GC(0) Soft Max Capacity: 12288M(100%)
[2025-06-18T00:10:26.160+0300][17400][4220 ][info ][gc,heap  ] GC(0)                Mark Start          Mark End        Relocate Start      Relocate End           High               Low         
[2025-06-18T00:10:26.160+0300][17400][4220 ][info ][gc,heap  ] GC(0)  Capacity:    12288M (100%)      12288M (100%)      12288M (100%)      12288M (100%)      12288M (100%)      12288M (100%)   
[2025-06-18T00:10:26.160+0300][17400][4220 ][info ][gc,heap  ] GC(0)      Free:    12126M (99%)       12126M (99%)       12124M (99%)       12278M (100%)      12278M (100%)      12122M (99%)    
[2025-06-18T00:10:26.160+0300][17400][4220 ][info ][gc,heap  ] GC(0)      Used:      162M (1%)          162M (1%)          164M (1%)           10M (0%)          166M (1%)           10M (0%)     
[2025-06-18T00:10:26.160+0300][17400][4220 ][info ][gc,heap  ] GC(0)      Live:         -                 3M (0%)            3M (0%)            3M (0%)             -                  -          
[2025-06-18T00:10:26.160+0300][17400][4220 ][info ][gc,heap  ] GC(0) Allocated:         -                 0M (0%)            2M (0%)            2M (0%)             -                  -          
[2025-06-18T00:10:26.160+0300][17400][4220 ][info ][gc,heap  ] GC(0)   Garbage:         -               158M (1%)          158M (1%)            4M (0%)             -                  -          
[2025-06-18T00:10:26.160+0300][17400][4220 ][info ][gc,heap  ] GC(0) Reclaimed:         -                  -                 0M (0%)          154M (1%)             -                  -          
[2025-06-18T00:10:26.160+0300][17400][4220 ][info ][gc       ] GC(0) Garbage Collection (System.gc()) 162M(1%)->10M(0%)
[2025-06-18T00:10:26.491+0300][17400][3016 ][debug][safepoint] Safepoint synchronization initiated using striped semaphore wait barrier. (21 threads)
[2025-06-18T00:10:26.491+0300][17400][3016 ][info ][safepoint] Safepoint "ICBufferFull", Time since last: 326652500 ns, Reaching safepoint: 99600 ns, Cleanup: 88100 ns, At safepoint: 18400 ns, Total: 206100 ns
[2025-06-18T00:10:26.495+0300][17400][3016 ][debug][safepoint] Safepoint synchronization initiated using striped semaphore wait barrier. (21 threads)
[2025-06-18T00:10:26.495+0300][17400][3016 ][info ][safepoint] Safepoint "ICBufferFull", Time since last: 3619200 ns, Reaching safepoint: 79200 ns, Cleanup: 9500 ns, At safepoint: 13700 ns, Total: 102400 ns
[2025-06-18T00:10:26.495+0300][17400][3016 ][debug][safepoint] Safepoint synchronization initiated using striped semaphore wait barrier. (21 threads)
[2025-06-18T00:10:26.495+0300][17400][22040][debug][safepoint] ... found polling page loop exception at pc = 0x0000025d901ba1a4, stub =0x0000025d8fbb5b00
[2025-06-18T00:10:26.495+0300][17400][3060 ][debug][safepoint] ... found polling page loop exception at pc = 0x0000025d901af4ba, stub =0x0000025d8fbb5280
[2025-06-18T00:10:26.495+0300][17400][3016 ][info ][safepoint] Safepoint "ICBufferFull", Time since last: 97900 ns, Reaching safepoint: 138400 ns, Cleanup: 19900 ns, At safepoint: 13400 ns, Total: 171700 ns
[2025-06-18T00:10:26.742+0300][17400][3016 ][debug][safepoint] Safepoint synchronization initiated using striped semaphore wait barrier. (21 threads)
[2025-06-18T00:10:26.742+0300][17400][3060 ][debug][safepoint] ... found polling page loop exception at pc = 0x0000025d901b4160, stub =0x0000025d8fbb5280
[2025-06-18T00:10:26.742+0300][17400][3016 ][info ][safepoint] Safepoint "ICBufferFull", Time since last: 247862700 ns, Reaching safepoint: 197500 ns, Cleanup: 65000 ns, At safepoint: 14800 ns, Total: 277300 ns
[2025-06-18T00:10:26.742+0300][17400][3016 ][debug][safepoint] Safepoint synchronization initiated using striped semaphore wait barrier. (21 threads)
[2025-06-18T00:10:26.742+0300][17400][16424][debug][safepoint] ... found polling page loop exception at pc = 0x0000025d901c89cb, stub =0x0000025d8fbb5b00
[2025-06-18T00:10:26.742+0300][17400][3016 ][info ][safepoint] Safepoint "ICBufferFull", Time since last: 49800 ns, Reaching safepoint: 62600 ns, Cleanup: 1300 ns, At safepoint: 14300 ns, Total: 78200 ns
[2025-06-18T00:10:26.742+0300][17400][3016 ][debug][safepoint] Safepoint synchronization initiated using striped semaphore wait barrier. (21 threads)
[2025-06-18T00:10:26.742+0300][17400][3060 ][debug][safepoint] ... found polling page loop exception at pc = 0x0000025d901b4160, stub =0x0000025d8fbb5280
[2025-06-18T00:10:26.742+0300][17400][3016 ][info ][safepoint] Safepoint "ICBufferFull", Time since last: 57000 ns, Reaching safepoint: 57000 ns, Cleanup: 1800 ns, At safepoint: 13900 ns, Total: 72700 ns
[2025-06-18T00:10:26.742+0300][17400][3016 ][debug][safepoint] Safepoint synchronization initiated using striped semaphore wait barrier. (21 threads)
[2025-06-18T00:10:26.742+0300][17400][16424][debug][safepoint] ... found polling page loop exception at pc = 0x0000025d889e501d, stub =0x0000025d8fbb5b00
[2025-06-18T00:10:26.742+0300][17400][3016 ][info ][safepoint] Safepoint "ICBufferFull", Time since last: 1126800 ns, Reaching safepoint: 75500 ns, Cleanup: 2600 ns, At safepoint: 16800 ns, Total: 94900 ns
[2025-06-18T00:10:27.651+0300][17400][4220 ][debug][gc,heap  ] GC(1) Heap before GC invocations=1 (full 1):
[2025-06-18T00:10:27.651+0300][17400][4220 ][debug][gc,heap  ] GC(1)  ZHeap           used 1412M, capacity 12288M, max capacity 12288M
[2025-06-18T00:10:27.651+0300][17400][4220 ][debug][gc,heap  ] GC(1)  Metaspace       used 8835K, committed 9408K, reserved 1114112K
[2025-06-18T00:10:27.651+0300][17400][4220 ][debug][gc,heap  ] GC(1)   class space    used 967K, committed 1216K, reserved 1048576K
[2025-06-18T00:10:27.651+0300][17400][3016 ][debug][safepoint] Safepoint synchronization initiated using striped semaphore wait barrier. (21 threads)
[2025-06-18T00:10:27.651+0300][17400][10884][debug][safepoint] ... found polling page loop exception at pc = 0x0000025d901f190f, stub =0x0000025d8fbb5280
[2025-06-18T00:10:27.651+0300][17400][22040][debug][safepoint] ... found polling page loop exception at pc = 0x0000025d901f190f, stub =0x0000025d8fbb5280
[2025-06-18T00:10:27.651+0300][17400][16424][debug][safepoint] ... found polling page loop exception at pc = 0x0000025d901b654a, stub =0x0000025d8fbb5b00
[2025-06-18T00:10:27.651+0300][17400][21920][debug][safepoint] ... found polling page loop exception at pc = 0x0000025d901b4160, stub =0x0000025d8fbb5280
[2025-06-18T00:10:27.651+0300][17400][5644 ][debug][safepoint] ... found polling page loop exception at pc = 0x0000025d901b4160, stub =0x0000025d8fbb5280
[2025-06-18T00:10:27.651+0300][17400][3016 ][info ][gc,phases] GC(1) Pause Mark Start 0.008ms
[2025-06-18T00:10:27.651+0300][17400][3016 ][info ][safepoint] Safepoint "XMarkStart", Time since last: 906049200 ns, Reaching safepoint: 249500 ns, Cleanup: 86300 ns, At safepoint: 45300 ns, Total: 381100 ns
[2025-06-18T00:10:27.659+0300][17400][21920][debug][safepoint] ... found polling page loop exception at pc = 0x0000025d901b4160, stub =0x0000025d8fbb5280
[2025-06-18T00:10:27.659+0300][17400][1372 ][debug][safepoint] ... found polling page loop exception at pc = 0x0000025d901b4160, stub =0x0000025d8fbb5280
[2025-06-18T00:10:27.659+0300][17400][5644 ][debug][safepoint] ... found polling page loop exception at pc = 0x0000025d9022bbc3, stub =0x0000025d8fbb5b00
[2025-06-18T00:10:27.659+0300][17400][18944][debug][safepoint] ... found polling page loop exception at pc = 0x0000025d901b4160, stub =0x0000025d8fbb5280
[2025-06-18T00:10:27.659+0300][17400][22040][debug][safepoint] ... found polling page loop exception at pc = 0x0000025d901cda30, stub =0x0000025d8fbb5b00
[2025-06-18T00:10:27.661+0300][17400][10884][debug][safepoint] ... found polling page loop exception at pc = 0x0000025d901bf78e, stub =0x0000025d8fbb5b00
[2025-06-18T00:10:27.661+0300][17400][3060 ][debug][safepoint] ... found polling page loop exception at pc = 0x0000025d901c89cb, stub =0x0000025d8fbb5b00
[2025-06-18T00:10:27.661+0300][17400][18944][debug][safepoint] ... found polling page loop exception at pc = 0x0000025d901f190f, stub =0x0000025d8fbb5280
[2025-06-18T00:10:27.661+0300][17400][21920][debug][safepoint] ... found polling page loop exception at pc = 0x0000025d901bf78e, stub =0x0000025d8fbb5b00
[2025-06-18T00:10:27.661+0300][17400][1372 ][debug][safepoint] ... found polling page loop exception at pc = 0x0000025d901b4160, stub =0x0000025d8fbb5280
[2025-06-18T00:10:27.661+0300][17400][22040][debug][safepoint] ... found polling page loop exception at pc = 0x0000025d901c89cb, stub =0x0000025d8fbb5b00
[2025-06-18T00:10:27.661+0300][17400][10884][debug][safepoint] ... found polling page loop exception at pc = 0x0000025d901b4160, stub =0x0000025d8fbb5280
[2025-06-18T00:10:27.661+0300][17400][21920][debug][safepoint] ... found polling page loop exception at pc = 0x0000025d901b4160, stub =0x0000025d8fbb5280
[2025-06-18T00:10:27.661+0300][17400][16424][debug][safepoint] ... found polling page loop exception at pc = 0x0000025d901f190f, stub =0x0000025d8fbb5280
[2025-06-18T00:10:27.663+0300][17400][21920][debug][safepoint] ... found polling page loop exception at pc = 0x0000025d901b4160, stub =0x0000025d8fbb5280
[2025-06-18T00:10:27.663+0300][17400][10884][debug][safepoint] ... found polling page loop exception at pc = 0x0000025d901b2d06, stub =0x0000025d8fbb5b00
[2025-06-18T00:10:27.663+0300][17400][18944][debug][safepoint] ... found polling page loop exception at pc = 0x0000025d901b4160, stub =0x0000025d8fbb5280
[2025-06-18T00:10:27.667+0300][17400][4220 ][info ][gc,phases] GC(1) Concurrent Mark 15.517ms
[2025-06-18T00:10:27.667+0300][17400][3016 ][debug][safepoint] Safepoint synchronization initiated using striped semaphore wait barrier. (21 threads)
[2025-06-18T00:10:27.667+0300][17400][5644 ][debug][safepoint] ... found polling page loop exception at pc = 0x0000025d901b4160, stub =0x0000025d8fbb5280
[2025-06-18T00:10:27.667+0300][17400][1372 ][debug][safepoint] ... found polling page loop exception at pc = 0x0000025d901b4160, stub =0x0000025d8fbb5280
[2025-06-18T00:10:27.667+0300][17400][22040][debug][safepoint] ... found polling page loop exception at pc = 0x0000025d901f190f, stub =0x0000025d8fbb5280
[2025-06-18T00:10:27.667+0300][17400][3060 ][debug][safepoint] ... found polling page loop exception at pc = 0x0000025d901b654a, stub =0x0000025d8fbb5b00
[2025-06-18T00:10:27.667+0300][17400][10884][debug][safepoint] ... found polling page loop exception at pc = 0x0000025d901b4160, stub =0x0000025d8fbb5280
[2025-06-18T00:10:27.667+0300][17400][3016 ][info ][gc,phases] GC(1) Pause Mark End 0.015ms
[2025-06-18T00:10:27.667+0300][17400][3016 ][info ][safepoint] Safepoint "XMarkEnd", Time since last: 15604100 ns, Reaching safepoint: 214500 ns, Cleanup: 9300 ns, At safepoint: 52700 ns, Total: 276500 ns
[2025-06-18T00:10:27.667+0300][17400][4220 ][info ][gc,phases] GC(1) Concurrent Mark Free 0.001ms
[2025-06-18T00:10:27.667+0300][17400][4220 ][debug][gc,phases] GC(1) Concurrent References Process 0.115ms
[2025-06-18T00:10:27.667+0300][17400][4220 ][debug][gc,phases] GC(1) ClassLoaderData 0.366ms
[2025-06-18T00:10:27.667+0300][17400][4220 ][debug][gc,phases] GC(1) Trigger cleanups 0.004ms
[2025-06-18T00:10:27.673+0300][17400][4220 ][debug][gc,phases] GC(1) Concurrent Classes Unlink 5.106ms
[2025-06-18T00:10:27.673+0300][17400][18944][debug][safepoint] ... found polling page loop exception at pc = 0x0000025d901c89cb, stub =0x0000025d8fbb5b00
[2025-06-18T00:10:27.673+0300][17400][21920][debug][safepoint] ... found polling page loop exception at pc = 0x0000025d901b4160, stub =0x0000025d8fbb5280
[2025-06-18T00:10:27.687+0300][17400][22040][debug][safepoint] ... found polling page loop exception at pc = 0x0000025d901b4160, stub =0x0000025d8fbb5280
[2025-06-18T00:10:27.699+0300][17400][4220 ][debug][gc,phases] GC(1) Concurrent Classes Purge 1.228ms
[2025-06-18T00:10:27.699+0300][17400][3016 ][debug][safepoint] Safepoint synchronization initiated using striped semaphore wait barrier. (21 threads)
[2025-06-18T00:10:27.699+0300][17400][4220 ][debug][gc,phases] GC(1) Concurrent References Enqueue 0.005ms
[2025-06-18T00:10:27.699+0300][17400][10884][debug][safepoint] ... found polling page loop exception at pc = 0x0000025d901b4160, stub =0x0000025d8fbb5280
[2025-06-18T00:10:27.699+0300][17400][16424][debug][safepoint] ... found polling page loop exception at pc = 0x0000025d901f190f, stub =0x0000025d8fbb5280
[2025-06-18T00:10:27.699+0300][17400][3060 ][debug][safepoint] ... found polling page loop exception at pc = 0x0000025d901b4160, stub =0x0000025d8fbb5280
[2025-06-18T00:10:27.699+0300][17400][18944][debug][safepoint] ... found polling page loop exception at pc = 0x0000025d901de305, stub =0x0000025d8fbb5b00
[2025-06-18T00:10:27.699+0300][17400][5644 ][debug][safepoint] ... found polling page loop exception at pc = 0x0000025d901b4160, stub =0x0000025d8fbb5280
[2025-06-18T00:10:27.699+0300][17400][4220 ][info ][gc,phases] GC(1) Concurrent Process Non-Strong References 32.300ms
[2025-06-18T00:10:27.701+0300][17400][4220 ][info ][gc,phases] GC(1) Concurrent Reset Relocation Set 0.013ms
[2025-06-18T00:10:27.701+0300][17400][3016 ][info ][safepoint] Safepoint "CleanClassLoaderDataMetaspaces", Time since last: 32237000 ns, Reaching safepoint: 942300 ns, Cleanup: 107000 ns, At safepoint: 179800 ns, Total: 1229100 ns
[2025-06-18T00:10:27.703+0300][17400][4220 ][info ][gc,phases] GC(1) Concurrent Select Relocation Set 2.555ms
[2025-06-18T00:10:27.703+0300][17400][3016 ][debug][safepoint] Safepoint synchronization initiated using striped semaphore wait barrier. (21 threads)
[2025-06-18T00:10:27.703+0300][17400][22040][debug][safepoint] ... found polling page loop exception at pc = 0x0000025d90268082, stub =0x0000025d8fbb5280
[2025-06-18T00:10:27.703+0300][17400][16424][debug][safepoint] ... found polling page loop exception at pc = 0x0000025d901bf78e, stub =0x0000025d8fbb5b00
[2025-06-18T00:10:27.703+0300][17400][1372 ][debug][safepoint] ... found polling page loop exception at pc = 0x0000025d901b4160, stub =0x0000025d8fbb5280
[2025-06-18T00:10:27.703+0300][17400][3060 ][debug][safepoint] ... found polling page loop exception at pc = 0x0000025d901b4160, stub =0x0000025d8fbb5280
[2025-06-18T00:10:27.703+0300][17400][5644 ][debug][safepoint] ... found polling page loop exception at pc = 0x0000025d901b4160, stub =0x0000025d8fbb5280
[2025-06-18T00:10:27.703+0300][17400][10884][debug][safepoint] ... found polling page loop exception at pc = 0x0000025d901b4160, stub =0x0000025d8fbb5280
[2025-06-18T00:10:27.703+0300][17400][3016 ][info ][gc,phases] GC(1) Pause Relocate Start 0.014ms
[2025-06-18T00:10:27.703+0300][17400][3016 ][info ][safepoint] Safepoint "XRelocateStart", Time since last: 2373400 ns, Reaching safepoint: 268400 ns, Cleanup: 15800 ns, At safepoint: 63700 ns, Total: 347900 ns
[2025-06-18T00:10:27.706+0300][17400][4220 ][info ][gc,phases] GC(1) Concurrent Relocate 1.809ms
[2025-06-18T00:10:27.706+0300][17400][4220 ][debug][gc,heap  ] GC(1) Heap after GC invocations=2 (full 2):
[2025-06-18T00:10:27.706+0300][17400][4220 ][debug][gc,heap  ] GC(1)  ZHeap           used 190M, capacity 12288M, max capacity 12288M
[2025-06-18T00:10:27.706+0300][17400][4220 ][debug][gc,heap  ] GC(1)  Metaspace       used 8448K, committed 9408K, reserved 1114112K
[2025-06-18T00:10:27.706+0300][17400][4220 ][debug][gc,heap  ] GC(1)   class space    used 856K, committed 1216K, reserved 1048576K
[2025-06-18T00:10:27.706+0300][17400][4220 ][info ][gc,heap  ] GC(1) Min Capacity: 12288M(100%)
[2025-06-18T00:10:27.706+0300][17400][4220 ][info ][gc,heap  ] GC(1) Max Capacity: 12288M(100%)
[2025-06-18T00:10:27.706+0300][17400][4220 ][info ][gc,heap  ] GC(1) Soft Max Capacity: 12288M(100%)
[2025-06-18T00:10:27.706+0300][17400][4220 ][info ][gc,heap  ] GC(1)                Mark Start          Mark End        Relocate Start      Relocate End           High               Low         
[2025-06-18T00:10:27.706+0300][17400][4220 ][info ][gc,heap  ] GC(1)  Capacity:    12288M (100%)      12288M (100%)      12288M (100%)      12288M (100%)      12288M (100%)      12288M (100%)   
[2025-06-18T00:10:27.706+0300][17400][4220 ][info ][gc,heap  ] GC(1)      Free:    10876M (89%)       10824M (88%)       11750M (96%)       12098M (98%)       12098M (98%)       10738M (87%)    
[2025-06-18T00:10:27.706+0300][17400][4220 ][info ][gc,heap  ] GC(1)      Used:     1412M (11%)        1464M (12%)         538M (4%)          190M (2%)         1550M (13%)         190M (2%)     
[2025-06-18T00:10:27.706+0300][17400][4220 ][info ][gc,heap  ] GC(1)      Live:         -                11M (0%)           11M (0%)           11M (0%)             -                  -          
[2025-06-18T00:10:27.706+0300][17400][4220 ][info ][gc,heap  ] GC(1) Allocated:         -                52M (0%)          146M (1%)          149M (1%)             -                  -          
[2025-06-18T00:10:27.706+0300][17400][4220 ][info ][gc,heap  ] GC(1)   Garbage:         -              1400M (11%)         380M (3%)           28M (0%)             -                  -          
[2025-06-18T00:10:27.706+0300][17400][4220 ][info ][gc,heap  ] GC(1) Reclaimed:         -                  -              1020M (8%)         1371M (11%)            -                  -          
[2025-06-18T00:10:27.706+0300][17400][4220 ][info ][gc       ] GC(1) Garbage Collection (Warmup) 1412M(11%)->190M(2%)
[2025-06-18T00:10:28.456+0300][17400][4220 ][debug][gc,heap  ] GC(2) Heap before GC invocations=2 (full 2):
[2025-06-18T00:10:28.456+0300][17400][4220 ][debug][gc,heap  ] GC(2)  ZHeap           used 2496M, capacity 12288M, max capacity 12288M
[2025-06-18T00:10:28.456+0300][17400][4220 ][debug][gc,heap  ] GC(2)  Metaspace       used 8473K, committed 9408K, reserved 1114112K
[2025-06-18T00:10:28.456+0300][17400][4220 ][debug][gc,heap  ] GC(2)   class space    used 857K, committed 1216K, reserved 1048576K
[2025-06-18T00:10:28.456+0300][17400][3016 ][debug][safepoint] Safepoint synchronization initiated using striped semaphore wait barrier. (20 threads)
[2025-06-18T00:10:28.456+0300][17400][16424][debug][safepoint] ... found polling page loop exception at pc = 0x0000025d901b4160, stub =0x0000025d8fbb5280
[2025-06-18T00:10:28.456+0300][17400][1372 ][debug][safepoint] ... found polling page loop exception at pc = 0x0000025d901b4160, stub =0x0000025d8fbb5280
[2025-06-18T00:10:28.456+0300][17400][21920][debug][safepoint] ... found polling page loop exception at pc = 0x0000025d901c89cb, stub =0x0000025d8fbb5b00
[2025-06-18T00:10:28.456+0300][17400][18944][debug][safepoint] ... found polling page loop exception at pc = 0x0000025d901c89cb, stub =0x0000025d8fbb5b00
[2025-06-18T00:10:28.456+0300][17400][3060 ][debug][safepoint] ... found polling page loop exception at pc = 0x0000025d901b4160, stub =0x0000025d8fbb5280
[2025-06-18T00:10:28.456+0300][17400][22040][debug][safepoint] ... found polling page loop exception at pc = 0x0000025d901b4160, stub =0x0000025d8fbb5280
[2025-06-18T00:10:28.456+0300][17400][3016 ][info ][gc,phases] GC(2) Pause Mark Start 0.010ms
[2025-06-18T00:10:28.456+0300][17400][3016 ][info ][safepoint] Safepoint "XMarkStart", Time since last: 751917300 ns, Reaching safepoint: 328700 ns, Cleanup: 34000 ns, At safepoint: 59800 ns, Total: 422500 ns
[2025-06-18T00:10:28.462+0300][17400][1372 ][debug][safepoint] ... found polling page loop exception at pc = 0x0000025d902c3c7b, stub =0x0000025d8fbb5280
[2025-06-18T00:10:28.462+0300][17400][18944][debug][safepoint] ... found polling page loop exception at pc = 0x0000025d901b4160, stub =0x0000025d8fbb5280
[2025-06-18T00:10:28.462+0300][17400][22040][debug][safepoint] ... found polling page loop exception at pc = 0x0000025d901b4160, stub =0x0000025d8fbb5280
[2025-06-18T00:10:28.462+0300][17400][21920][debug][safepoint] ... found polling page loop exception at pc = 0x0000025d901b4160, stub =0x0000025d8fbb5280
[2025-06-18T00:10:28.487+0300][17400][16424][debug][safepoint] ... found polling page loop exception at pc = 0x0000025d901b4160, stub =0x0000025d8fbb5280
[2025-06-18T00:10:28.487+0300][17400][10884][debug][safepoint] ... found polling page loop exception at pc = 0x0000025d901b4160, stub =0x0000025d8fbb5280
[2025-06-18T00:10:28.487+0300][17400][22040][debug][safepoint] ... found polling page loop exception at pc = 0x0000025d901c89cb, stub =0x0000025d8fbb5b00
[2025-06-18T00:10:28.487+0300][17400][21920][debug][safepoint] ... found polling page loop exception at pc = 0x0000025d901b4160, stub =0x0000025d8fbb5280
[2025-06-18T00:10:28.487+0300][17400][1372 ][debug][safepoint] ... found polling page loop exception at pc = 0x0000025d901f190f, stub =0x0000025d8fbb5280
[2025-06-18T00:10:28.487+0300][17400][5644 ][debug][safepoint] ... found polling page loop exception at pc = 0x0000025d901b4160, stub =0x0000025d8fbb5280
[2025-06-18T00:10:28.487+0300][17400][5644 ][debug][safepoint] ... found polling page loop exception at pc = 0x0000025d901f190f, stub =0x0000025d8fbb5280
[2025-06-18T00:10:28.487+0300][17400][3060 ][debug][safepoint] ... found polling page loop exception at pc = 0x0000025d901b4160, stub =0x0000025d8fbb5280
[2025-06-18T00:10:28.487+0300][17400][21920][debug][safepoint] ... found polling page loop exception at pc = 0x0000025d901fb2fc, stub =0x0000025d8fbb5b00
[2025-06-18T00:10:28.487+0300][17400][10884][debug][safepoint] ... found polling page loop exception at pc = 0x0000025d901b4160, stub =0x0000025d8fbb5280
[2025-06-18T00:10:28.487+0300][17400][18944][debug][safepoint] ... found polling page loop exception at pc = 0x0000025d901b4160, stub =0x0000025d8fbb5280
[2025-06-18T00:10:28.487+0300][17400][1372 ][debug][safepoint] ... found polling page loop exception at pc = 0x0000025d901b4160, stub =0x0000025d8fbb5280
[2025-06-18T00:10:28.503+0300][17400][4220 ][info ][gc,phases] GC(2) Concurrent Mark 46.955ms
[2025-06-18T00:10:28.503+0300][17400][3016 ][debug][safepoint] Safepoint synchronization initiated using striped semaphore wait barrier. (20 threads)
[2025-06-18T00:10:28.503+0300][17400][16424][debug][safepoint] ... found polling page loop exception at pc = 0x0000025d901f190f, stub =0x0000025d8fbb5280
[2025-06-18T00:10:28.503+0300][17400][1372 ][debug][safepoint] ... found polling page loop exception at pc = 0x0000025d901c89cb, stub =0x0000025d8fbb5b00
[2025-06-18T00:10:28.503+0300][17400][21920][debug][safepoint] ... found polling page loop exception at pc = 0x0000025d901b2ba0, stub =0x0000025d8fbb5b00
[2025-06-18T00:10:28.503+0300][17400][18944][debug][safepoint] ... found polling page loop exception at pc = 0x0000025d901b4160, stub =0x0000025d8fbb5280
[2025-06-18T00:10:28.503+0300][17400][3060 ][debug][safepoint] ... found polling page loop exception at pc = 0x0000025d901b4160, stub =0x0000025d8fbb5280
[2025-06-18T00:10:28.503+0300][17400][5644 ][debug][safepoint] ... found polling page loop exception at pc = 0x0000025d9023f4cd, stub =0x0000025d8fbb5280
[2025-06-18T00:10:28.503+0300][17400][3016 ][info ][gc,phases] GC(2) Pause Mark End 0.024ms
[2025-06-18T00:10:28.503+0300][17400][3016 ][info ][safepoint] Safepoint "XMarkEnd", Time since last: 47055100 ns, Reaching safepoint: 257400 ns, Cleanup: 10300 ns, At safepoint: 68700 ns, Total: 336400 ns
[2025-06-18T00:10:28.503+0300][17400][4220 ][info ][gc,phases] GC(2) Concurrent Mark Free 0.001ms
[2025-06-18T00:10:28.503+0300][17400][4220 ][debug][gc,phases] GC(2) Concurrent References Process 0.133ms
[2025-06-18T00:10:28.503+0300][17400][4220 ][debug][gc,phases] GC(2) ClassLoaderData 0.017ms
[2025-06-18T00:10:28.503+0300][17400][4220 ][debug][gc,phases] GC(2) Trigger cleanups 0.000ms
[2025-06-18T00:10:28.505+0300][17400][4220 ][debug][gc,phases] GC(2) Concurrent Classes Unlink 2.031ms
[2025-06-18T00:10:28.505+0300][17400][18944][debug][safepoint] ... found polling page loop exception at pc = 0x0000025d901b4160, stub =0x0000025d8fbb5280
[2025-06-18T00:10:28.505+0300][17400][1372 ][debug][safepoint] ... found polling page loop exception at pc = 0x0000025d901f190f, stub =0x0000025d8fbb5280
[2025-06-18T00:10:28.505+0300][17400][22040][debug][safepoint] ... found polling page loop exception at pc = 0x0000025d901b4160, stub =0x0000025d8fbb5280
[2025-06-18T00:10:28.505+0300][17400][4220 ][debug][gc,phases] GC(2) Concurrent Classes Purge 0.117ms
[2025-06-18T00:10:28.505+0300][17400][4220 ][debug][gc,phases] GC(2) Concurrent References Enqueue 0.005ms
[2025-06-18T00:10:28.505+0300][17400][4220 ][info ][gc,phases] GC(2) Concurrent Process Non-Strong References 3.385ms
[2025-06-18T00:10:28.505+0300][17400][4220 ][info ][gc,phases] GC(2) Concurrent Reset Relocation Set 0.009ms
[2025-06-18T00:10:28.509+0300][17400][4220 ][info ][gc,phases] GC(2) Concurrent Select Relocation Set 3.491ms
[2025-06-18T00:10:28.509+0300][17400][3016 ][debug][safepoint] Safepoint synchronization initiated using striped semaphore wait barrier. (20 threads)
[2025-06-18T00:10:28.509+0300][17400][18944][debug][safepoint] ... found polling page loop exception at pc = 0x0000025d901c89cb, stub =0x0000025d8fbb5b00
[2025-06-18T00:10:28.509+0300][17400][1372 ][debug][safepoint] ... found polling page loop exception at pc = 0x0000025d901c89cb, stub =0x0000025d8fbb5b00
[2025-06-18T00:10:28.509+0300][17400][3060 ][debug][safepoint] ... found polling page loop exception at pc = 0x0000025d901f190f, stub =0x0000025d8fbb5280
[2025-06-18T00:10:28.509+0300][17400][22040][debug][safepoint] ... found polling page loop exception at pc = 0x0000025d901c89cb, stub =0x0000025d8fbb5b00
[2025-06-18T00:10:28.509+0300][17400][10884][debug][safepoint] ... found polling page loop exception at pc = 0x0000025d901b4160, stub =0x0000025d8fbb5280
[2025-06-18T00:10:28.509+0300][17400][16424][debug][safepoint] ... found polling page loop exception at pc = 0x0000025d901b4160, stub =0x0000025d8fbb5280
[2025-06-18T00:10:28.509+0300][17400][21920][debug][safepoint] ... found polling page loop exception at pc = 0x0000025d901b2ba0, stub =0x0000025d8fbb5b00
[2025-06-18T00:10:28.509+0300][17400][3016 ][info ][gc,phases] GC(2) Pause Relocate Start 0.009ms
[2025-06-18T00:10:28.509+0300][17400][3016 ][info ][safepoint] Safepoint "XRelocateStart", Time since last: 7017800 ns, Reaching safepoint: 251200 ns, Cleanup: 5000 ns, At safepoint: 55700 ns, Total: 311900 ns
[2025-06-18T00:10:28.509+0300][17400][4220 ][info ][gc,phases] GC(2) Concurrent Relocate 1.522ms
[2025-06-18T00:10:28.509+0300][17400][4220 ][debug][gc,heap  ] GC(2) Heap after GC invocations=3 (full 3):
[2025-06-18T00:10:28.509+0300][17400][4220 ][debug][gc,heap  ] GC(2)  ZHeap           used 200M, capacity 12288M, max capacity 12288M
[2025-06-18T00:10:28.509+0300][17400][4220 ][debug][gc,heap  ] GC(2)  Metaspace       used 8473K, committed 9408K, reserved 1114112K
[2025-06-18T00:10:28.509+0300][17400][4220 ][debug][gc,heap  ] GC(2)   class space    used 857K, committed 1216K, reserved 1048576K
[2025-06-18T00:10:28.509+0300][17400][4220 ][info ][gc,heap  ] GC(2) Min Capacity: 12288M(100%)
[2025-06-18T00:10:28.509+0300][17400][4220 ][info ][gc,heap  ] GC(2) Max Capacity: 12288M(100%)
[2025-06-18T00:10:28.509+0300][17400][4220 ][info ][gc,heap  ] GC(2) Soft Max Capacity: 12288M(100%)
[2025-06-18T00:10:28.509+0300][17400][4220 ][info ][gc,heap  ] GC(2)                Mark Start          Mark End        Relocate Start      Relocate End           High               Low         
[2025-06-18T00:10:28.513+0300][17400][4220 ][info ][gc,heap  ] GC(2)  Capacity:    12288M (100%)      12288M (100%)      12288M (100%)      12288M (100%)      12288M (100%)      12288M (100%)   
[2025-06-18T00:10:28.513+0300][17400][4220 ][info ][gc,heap  ] GC(2)      Free:     9792M (80%)        9654M (79%)       11640M (95%)       12088M (98%)       12088M (98%)        9646M (78%)    
[2025-06-18T00:10:28.513+0300][17400][4220 ][info ][gc,heap  ] GC(2)      Used:     2496M (20%)        2634M (21%)         648M (5%)          200M (2%)         2642M (22%)         200M (2%)     
[2025-06-18T00:10:28.513+0300][17400][4220 ][info ][gc,heap  ] GC(2)      Live:         -                11M (0%)           11M (0%)           11M (0%)             -                  -          
[2025-06-18T00:10:28.513+0300][17400][4220 ][info ][gc,heap  ] GC(2) Allocated:         -               138M (1%)          158M (1%)          159M (1%)             -                  -          
[2025-06-18T00:10:28.513+0300][17400][4220 ][info ][gc,heap  ] GC(2)   Garbage:         -              2484M (20%)         478M (4%)           28M (0%)             -                  -          
[2025-06-18T00:10:28.513+0300][17400][4220 ][info ][gc,heap  ] GC(2) Reclaimed:         -                  -              2006M (16%)        2455M (20%)            -                  -          
[2025-06-18T00:10:28.513+0300][17400][4220 ][info ][gc       ] GC(2) Garbage Collection (Warmup) 2496M(20%)->200M(2%)
[2025-06-18T00:10:29.348+0300][17400][4220 ][debug][gc,heap  ] GC(3) Heap before GC invocations=3 (full 3):
[2025-06-18T00:10:29.348+0300][17400][4220 ][debug][gc,heap  ] GC(3)  ZHeap           used 3778M, capacity 12288M, max capacity 12288M
[2025-06-18T00:10:29.348+0300][17400][4220 ][debug][gc,heap  ] GC(3)  Metaspace       used 8499K, committed 9472K, reserved 1114112K
[2025-06-18T00:10:29.348+0300][17400][4220 ][debug][gc,heap  ] GC(3)   class space    used 857K, committed 1216K, reserved 1048576K
[2025-06-18T00:10:29.348+0300][17400][3016 ][debug][safepoint] Safepoint synchronization initiated using striped semaphore wait barrier. (19 threads)
[2025-06-18T00:10:29.348+0300][17400][10884][debug][safepoint] ... found polling page loop exception at pc = 0x0000025d901b4160, stub =0x0000025d8fbb5280
[2025-06-18T00:10:29.348+0300][17400][16424][debug][safepoint] ... found polling page loop exception at pc = 0x0000025d901c89cb, stub =0x0000025d8fbb5b00
[2025-06-18T00:10:29.348+0300][17400][1372 ][debug][safepoint] ... found polling page loop exception at pc = 0x0000025d901b4160, stub =0x0000025d8fbb5280
[2025-06-18T00:10:29.348+0300][17400][3060 ][debug][safepoint] ... found polling page loop exception at pc = 0x0000025d901b4160, stub =0x0000025d8fbb5280
[2025-06-18T00:10:29.348+0300][17400][5644 ][debug][safepoint] ... found polling page loop exception at pc = 0x0000025d901b4160, stub =0x0000025d8fbb5280
[2025-06-18T00:10:29.348+0300][17400][3016 ][info ][gc,phases] GC(3) Pause Mark Start 0.008ms
[2025-06-18T00:10:29.348+0300][17400][3016 ][info ][safepoint] Safepoint "XMarkStart", Time since last: 837263600 ns, Reaching safepoint: 223700 ns, Cleanup: 24700 ns, At safepoint: 49600 ns, Total: 298000 ns
[2025-06-18T00:10:29.356+0300][17400][16424][debug][safepoint] ... found polling page loop exception at pc = 0x0000025d901b4160, stub =0x0000025d8fbb5280
[2025-06-18T00:10:29.356+0300][17400][18944][debug][safepoint] ... found polling page loop exception at pc = 0x0000025d901b2ba0, stub =0x0000025d8fbb5b00
[2025-06-18T00:10:29.356+0300][17400][21920][debug][safepoint] ... found polling page loop exception at pc = 0x0000025d9022bbc3, stub =0x0000025d8fbb5b00
[2025-06-18T00:10:29.356+0300][17400][10884][debug][safepoint] ... found polling page loop exception at pc = 0x0000025d901b4160, stub =0x0000025d8fbb5280
[2025-06-18T00:10:29.356+0300][17400][5644 ][debug][safepoint] ... found polling page loop exception at pc = 0x0000025d901b4160, stub =0x0000025d8fbb5280
[2025-06-18T00:10:29.364+0300][17400][10884][debug][safepoint] ... found polling page loop exception at pc = 0x0000025d901b2d06, stub =0x0000025d8fbb5b00
[2025-06-18T00:10:29.364+0300][17400][16424][debug][safepoint] ... found polling page loop exception at pc = 0x0000025d901b4160, stub =0x0000025d8fbb5280
[2025-06-18T00:10:29.364+0300][17400][3060 ][debug][safepoint] ... found polling page loop exception at pc = 0x0000025d901b4160, stub =0x0000025d8fbb5280
[2025-06-18T00:10:29.368+0300][17400][1372 ][debug][safepoint] ... found polling page loop exception at pc = 0x0000025d901b4160, stub =0x0000025d8fbb5280
[2025-06-18T00:10:29.380+0300][17400][21920][debug][safepoint] ... found polling page loop exception at pc = 0x0000025d901bf78e, stub =0x0000025d8fbb5b00
[2025-06-18T00:10:29.380+0300][17400][10884][debug][safepoint] ... found polling page loop exception at pc = 0x0000025d901f190f, stub =0x0000025d8fbb5280
[2025-06-18T00:10:29.380+0300][17400][3060 ][debug][safepoint] ... found polling page loop exception at pc = 0x0000025d901b4160, stub =0x0000025d8fbb5280
[2025-06-18T00:10:29.380+0300][17400][16424][debug][safepoint] ... found polling page loop exception at pc = 0x0000025d901b4160, stub =0x0000025d8fbb5280
[2025-06-18T00:10:29.398+0300][17400][5644 ][debug][safepoint] ... found polling page loop exception at pc = 0x0000025d901b4160, stub =0x0000025d8fbb5280
[2025-06-18T00:10:29.412+0300][17400][5644 ][debug][safepoint] ... found polling page loop exception at pc = 0x0000025d901bf78e, stub =0x0000025d8fbb5b00
[2025-06-18T00:10:29.412+0300][17400][18944][debug][safepoint] ... found polling page loop exception at pc = 0x0000025d901b4160, stub =0x0000025d8fbb5280
[2025-06-18T00:10:29.412+0300][17400][16424][debug][safepoint] ... found polling page loop exception at pc = 0x0000025d901b4160, stub =0x0000025d8fbb5280
[2025-06-18T00:10:29.412+0300][17400][22040][debug][safepoint] ... found polling page loop exception at pc = 0x0000025d901cdc5d, stub =0x0000025d8fbb5b00
[2025-06-18T00:10:29.412+0300][17400][21920][debug][safepoint] ... found polling page loop exception at pc = 0x0000025d901b4160, stub =0x0000025d8fbb5280
[2025-06-18T00:10:29.414+0300][17400][16424][debug][safepoint] ... found polling page loop exception at pc = 0x0000025d901b4160, stub =0x0000025d8fbb5280
[2025-06-18T00:10:29.414+0300][17400][3060 ][debug][safepoint] ... found polling page loop exception at pc = 0x0000025d901b654a, stub =0x0000025d8fbb5b00
[2025-06-18T00:10:29.414+0300][17400][21920][debug][safepoint] ... found polling page loop exception at pc = 0x0000025d901e2dbf, stub =0x0000025d8fbb5b00
[2025-06-18T00:10:29.414+0300][17400][22040][debug][safepoint] ... found polling page loop exception at pc = 0x0000025d901b4160, stub =0x0000025d8fbb5280
[2025-06-18T00:10:29.414+0300][17400][10884][debug][safepoint] ... found polling page loop exception at pc = 0x0000025d901b4160, stub =0x0000025d8fbb5280
[2025-06-18T00:10:29.414+0300][17400][1372 ][debug][safepoint] ... found polling page loop exception at pc = 0x0000025d901f190f, stub =0x0000025d8fbb5280
[2025-06-18T00:10:29.427+0300][17400][16424][debug][safepoint] ... found polling page loop exception at pc = 0x0000025d901b4160, stub =0x0000025d8fbb5280
[2025-06-18T00:10:29.427+0300][17400][22040][debug][safepoint] ... found polling page loop exception at pc = 0x0000025d901c89cb, stub =0x0000025d8fbb5b00
[2025-06-18T00:10:29.427+0300][17400][3060 ][debug][safepoint] ... found polling page loop exception at pc = 0x0000025d901b2d06, stub =0x0000025d8fbb5b00
[2025-06-18T00:10:29.427+0300][17400][1372 ][debug][safepoint] ... found polling page loop exception at pc = 0x0000025d901b4160, stub =0x0000025d8fbb5280
[2025-06-18T00:10:29.427+0300][17400][16424][debug][safepoint] ... found polling page loop exception at pc = 0x0000025d901b2d06, stub =0x0000025d8fbb5b00
[2025-06-18T00:10:29.427+0300][17400][22040][debug][safepoint] ... found polling page loop exception at pc = 0x0000025d901b2d06, stub =0x0000025d8fbb5b00
[2025-06-18T00:10:29.427+0300][17400][18944][debug][safepoint] ... found polling page loop exception at pc = 0x0000025d901c89cb, stub =0x0000025d8fbb5b00
[2025-06-18T00:10:29.459+0300][17400][4220 ][info ][gc,phases] GC(3) Concurrent Mark 110.301ms
[2025-06-18T00:10:29.459+0300][17400][3016 ][debug][safepoint] Safepoint synchronization initiated using striped semaphore wait barrier. (19 threads)
[2025-06-18T00:10:29.459+0300][17400][10884][debug][safepoint] ... found polling page loop exception at pc = 0x0000025d901b4160, stub =0x0000025d8fbb5280
[2025-06-18T00:10:29.459+0300][17400][5644 ][debug][safepoint] ... found polling page loop exception at pc = 0x0000025d901f190f, stub =0x0000025d8fbb5280
[2025-06-18T00:10:29.459+0300][17400][16424][debug][safepoint] ... found polling page loop exception at pc = 0x0000025d901b4160, stub =0x0000025d8fbb5280
[2025-06-18T00:10:29.459+0300][17400][3060 ][debug][safepoint] ... found polling page loop exception at pc = 0x0000025d9022a55b, stub =0x0000025d8fbb5b00
[2025-06-18T00:10:29.459+0300][17400][21920][debug][safepoint] ... found polling page loop exception at pc = 0x0000025d901f190f, stub =0x0000025d8fbb5280
[2025-06-18T00:10:29.459+0300][17400][1372 ][debug][safepoint] ... found polling page loop exception at pc = 0x0000025d901b4160, stub =0x0000025d8fbb5280
[2025-06-18T00:10:29.459+0300][17400][3016 ][info ][gc,phases] GC(3) Pause Mark End 0.062ms
[2025-06-18T00:10:29.459+0300][17400][3016 ][info ][safepoint] Safepoint "XMarkEnd", Time since last: 110398500 ns, Reaching safepoint: 253800 ns, Cleanup: 4500 ns, At safepoint: 95200 ns, Total: 353500 ns
[2025-06-18T00:10:29.459+0300][17400][4220 ][info ][gc,phases] GC(3) Concurrent Mark Free 0.001ms
[2025-06-18T00:10:29.459+0300][17400][4220 ][debug][gc,phases] GC(3) Concurrent References Process 0.153ms
[2025-06-18T00:10:29.459+0300][17400][4220 ][debug][gc,phases] GC(3) ClassLoaderData 0.017ms
[2025-06-18T00:10:29.459+0300][17400][4220 ][debug][gc,phases] GC(3) Trigger cleanups 0.000ms
[2025-06-18T00:10:29.461+0300][17400][4220 ][debug][gc,phases] GC(3) Concurrent Classes Unlink 2.056ms
[2025-06-18T00:10:29.461+0300][17400][10884][debug][safepoint] ... found polling page loop exception at pc = 0x0000025d901bf78e, stub =0x0000025d8fbb5b00
[2025-06-18T00:10:29.461+0300][17400][22040][debug][safepoint] ... found polling page loop exception at pc = 0x0000025d901b2ba0, stub =0x0000025d8fbb5b00
[2025-06-18T00:10:29.461+0300][17400][16424][debug][safepoint] ... found polling page loop exception at pc = 0x0000025d901b4160, stub =0x0000025d8fbb5280
[2025-06-18T00:10:29.461+0300][17400][18944][debug][safepoint] ... found polling page loop exception at pc = 0x0000025d901b4160, stub =0x0000025d8fbb5280
[2025-06-18T00:10:29.461+0300][17400][3060 ][debug][safepoint] ... found polling page loop exception at pc = 0x0000025d901b2ba0, stub =0x0000025d8fbb5b00
[2025-06-18T00:10:29.475+0300][17400][4220 ][debug][gc,phases] GC(3) Concurrent Classes Purge 0.111ms
[2025-06-18T00:10:29.475+0300][17400][4220 ][debug][gc,phases] GC(3) Concurrent References Enqueue 0.004ms
[2025-06-18T00:10:29.475+0300][17400][4220 ][info ][gc,phases] GC(3) Concurrent Process Non-Strong References 15.655ms
[2025-06-18T00:10:29.475+0300][17400][4220 ][info ][gc,phases] GC(3) Concurrent Reset Relocation Set 0.009ms
[2025-06-18T00:10:29.477+0300][17400][4220 ][info ][gc,phases] GC(3) Concurrent Select Relocation Set 2.086ms
[2025-06-18T00:10:29.477+0300][17400][3016 ][debug][safepoint] Safepoint synchronization initiated using striped semaphore wait barrier. (19 threads)
[2025-06-18T00:10:29.477+0300][17400][5644 ][debug][safepoint] ... found polling page loop exception at pc = 0x0000025d901b4160, stub =0x0000025d8fbb5280
[2025-06-18T00:10:29.477+0300][17400][3060 ][debug][safepoint] ... found polling page loop exception at pc = 0x0000025d901b4160, stub =0x0000025d8fbb5280
[2025-06-18T00:10:29.477+0300][17400][22040][debug][safepoint] ... found polling page loop exception at pc = 0x0000025d901f140b, stub =0x0000025d8fbb5280
[2025-06-18T00:10:29.477+0300][17400][3016 ][info ][gc,phases] GC(3) Pause Relocate Start 0.008ms
[2025-06-18T00:10:29.477+0300][17400][3016 ][info ][safepoint] Safepoint "XRelocateStart", Time since last: 17879200 ns, Reaching safepoint: 197800 ns, Cleanup: 11700 ns, At safepoint: 52500 ns, Total: 262000 ns
[2025-06-18T00:10:29.477+0300][17400][4220 ][info ][gc,phases] GC(3) Concurrent Relocate 1.349ms
[2025-06-18T00:10:29.477+0300][17400][4220 ][debug][gc,heap  ] GC(3) Heap after GC invocations=4 (full 4):
[2025-06-18T00:10:29.477+0300][17400][4220 ][debug][gc,heap  ] GC(3)  ZHeap           used 454M, capacity 12288M, max capacity 12288M
[2025-06-18T00:10:29.477+0300][17400][4220 ][debug][gc,heap  ] GC(3)  Metaspace       used 8500K, committed 9472K, reserved 1114112K
[2025-06-18T00:10:29.477+0300][17400][4220 ][debug][gc,heap  ] GC(3)   class space    used 857K, committed 1216K, reserved 1048576K
[2025-06-18T00:10:29.477+0300][17400][4220 ][info ][gc,heap  ] GC(3) Min Capacity: 12288M(100%)
[2025-06-18T00:10:29.477+0300][17400][4220 ][info ][gc,heap  ] GC(3) Max Capacity: 12288M(100%)
[2025-06-18T00:10:29.477+0300][17400][4220 ][info ][gc,heap  ] GC(3) Soft Max Capacity: 12288M(100%)
[2025-06-18T00:10:29.477+0300][17400][4220 ][info ][gc,heap  ] GC(3)                Mark Start          Mark End        Relocate Start      Relocate End           High               Low         
[2025-06-18T00:10:29.477+0300][17400][4220 ][info ][gc,heap  ] GC(3)  Capacity:    12288M (100%)      12288M (100%)      12288M (100%)      12288M (100%)      12288M (100%)      12288M (100%)   
[2025-06-18T00:10:29.477+0300][17400][4220 ][info ][gc,heap  ] GC(3)      Free:     8508M (69%)        8154M (66%)       11190M (91%)       11834M (96%)       11834M (96%)        8110M (66%)    
[2025-06-18T00:10:29.477+0300][17400][4220 ][info ][gc,heap  ] GC(3)      Used:     3780M (31%)        4134M (34%)        1098M (9%)          454M (4%)         4178M (34%)         454M (4%)     
[2025-06-18T00:10:29.477+0300][17400][4220 ][info ][gc,heap  ] GC(3)      Live:         -                11M (0%)           11M (0%)           11M (0%)             -                  -          
[2025-06-18T00:10:29.477+0300][17400][4220 ][info ][gc,heap  ] GC(3) Allocated:         -               354M (3%)          408M (3%)          411M (3%)             -                  -          
[2025-06-18T00:10:29.477+0300][17400][4220 ][info ][gc,heap  ] GC(3)   Garbage:         -              3768M (31%)         678M (6%)           30M (0%)             -                  -          
[2025-06-18T00:10:29.477+0300][17400][4220 ][info ][gc,heap  ] GC(3) Reclaimed:         -                  -              3090M (25%)        3737M (30%)            -                  -          
[2025-06-18T00:10:29.477+0300][17400][4220 ][info ][gc       ] GC(3) Garbage Collection (Warmup) 3780M(31%)->454M(4%)
[2025-06-18T00:10:30.486+0300][17400][3016 ][debug][safepoint] Safepoint synchronization initiated using striped semaphore wait barrier. (19 threads)
[2025-06-18T00:10:30.486+0300][17400][3060 ][debug][safepoint] ... found polling page loop exception at pc = 0x0000025d901b4160, stub =0x0000025d8fbb5280
[2025-06-18T00:10:30.486+0300][17400][18944][debug][safepoint] ... found polling page loop exception at pc = 0x0000025d901b4160, stub =0x0000025d8fbb5280
[2025-06-18T00:10:30.486+0300][17400][22040][debug][safepoint] ... found polling page loop exception at pc = 0x0000025d90208cbb, stub =0x0000025d8fbb5280
[2025-06-18T00:10:30.486+0300][17400][21920][debug][safepoint] ... found polling page loop exception at pc = 0x0000025d901bf78e, stub =0x0000025d8fbb5b00
[2025-06-18T00:10:30.486+0300][17400][16424][debug][safepoint] ... found polling page loop exception at pc = 0x0000025d901b4160, stub =0x0000025d8fbb5280
[2025-06-18T00:10:30.486+0300][17400][1372 ][debug][safepoint] ... found polling page loop exception at pc = 0x0000025d901b4160, stub =0x0000025d8fbb5280
[2025-06-18T00:10:30.486+0300][17400][3016 ][info ][safepoint] Safepoint "Cleanup", Time since last: 1008701200 ns, Reaching safepoint: 303600 ns, Cleanup: 19600 ns, At safepoint: 14200 ns, Total: 337400 ns
[2025-06-18T00:10:31.497+0300][17400][3016 ][debug][safepoint] Safepoint synchronization initiated using striped semaphore wait barrier. (19 threads)
[2025-06-18T00:10:31.497+0300][17400][5644 ][debug][safepoint] ... found polling page loop exception at pc = 0x0000025d901b4160, stub =0x0000025d8fbb5280
[2025-06-18T00:10:31.497+0300][17400][1372 ][debug][safepoint] ... found polling page loop exception at pc = 0x0000025d901b2ba0, stub =0x0000025d8fbb5b00
[2025-06-18T00:10:31.497+0300][17400][3060 ][debug][safepoint] ... found polling page loop exception at pc = 0x0000025d902e9332, stub =0x0000025d8fbb5b00
[2025-06-18T00:10:31.497+0300][17400][10884][debug][safepoint] ... found polling page loop exception at pc = 0x0000025d901b2d06, stub =0x0000025d8fbb5b00
[2025-06-18T00:10:31.497+0300][17400][22040][debug][safepoint] ... found polling page loop exception at pc = 0x0000025d901b4160, stub =0x0000025d8fbb5280
[2025-06-18T00:10:31.497+0300][17400][18944][debug][safepoint] ... found polling page loop exception at pc = 0x0000025d901b4160, stub =0x0000025d8fbb5280
[2025-06-18T00:10:31.497+0300][17400][16424][debug][safepoint] ... found polling page loop exception at pc = 0x0000025d901b4160, stub =0x0000025d8fbb5280
[2025-06-18T00:10:31.497+0300][17400][3016 ][info ][safepoint] Safepoint "Cleanup", Time since last: 1010885000 ns, Reaching safepoint: 341000 ns, Cleanup: 20900 ns, At safepoint: 12800 ns, Total: 374700 ns
[2025-06-18T00:10:32.508+0300][17400][3016 ][debug][safepoint] Safepoint synchronization initiated using striped semaphore wait barrier. (19 threads)
[2025-06-18T00:10:32.508+0300][17400][10884][debug][safepoint] ... found polling page loop exception at pc = 0x0000025d901b4160, stub =0x0000025d8fbb5280
[2025-06-18T00:10:32.508+0300][17400][5644 ][debug][safepoint] ... found polling page loop exception at pc = 0x0000025d901c89cb, stub =0x0000025d8fbb5b00
[2025-06-18T00:10:32.508+0300][17400][16424][debug][safepoint] ... found polling page loop exception at pc = 0x0000025d902bbb9e, stub =0x0000025d8fbb5b00
[2025-06-18T00:10:32.508+0300][17400][3016 ][info ][safepoint] Safepoint "Cleanup", Time since last: 1010374000 ns, Reaching safepoint: 296100 ns, Cleanup: 29900 ns, At safepoint: 23000 ns, Total: 349000 ns
[2025-06-18T00:10:33.156+0300][17400][4220 ][debug][gc,heap  ] GC(4) Heap before GC invocations=4 (full 4):
[2025-06-18T00:10:33.156+0300][17400][4220 ][debug][gc,heap  ] GC(4)  ZHeap           used 10850M, capacity 12288M, max capacity 12288M
[2025-06-18T00:10:33.156+0300][17400][4220 ][debug][gc,heap  ] GC(4)  Metaspace       used 8506K, committed 9472K, reserved 1114112K
[2025-06-18T00:10:33.156+0300][17400][4220 ][debug][gc,heap  ] GC(4)   class space    used 857K, committed 1216K, reserved 1048576K
[2025-06-18T00:10:33.156+0300][17400][3016 ][debug][safepoint] Safepoint synchronization initiated using striped semaphore wait barrier. (19 threads)
[2025-06-18T00:10:33.156+0300][17400][5644 ][debug][safepoint] ... found polling page loop exception at pc = 0x0000025d901b4160, stub =0x0000025d8fbb5280
[2025-06-18T00:10:33.156+0300][17400][21920][debug][safepoint] ... found polling page loop exception at pc = 0x0000025d901b4160, stub =0x0000025d8fbb5280
[2025-06-18T00:10:33.156+0300][17400][3060 ][debug][safepoint] ... found polling page loop exception at pc = 0x0000025d901b4160, stub =0x0000025d8fbb5280
[2025-06-18T00:10:33.156+0300][17400][16424][debug][safepoint] ... found polling page loop exception at pc = 0x0000025d901f190f, stub =0x0000025d8fbb5280
[2025-06-18T00:10:33.156+0300][17400][3016 ][info ][gc,phases] GC(4) Pause Mark Start 0.023ms
[2025-06-18T00:10:33.158+0300][17400][3016 ][info ][safepoint] Safepoint "XMarkStart", Time since last: 648121100 ns, Reaching safepoint: 839900 ns, Cleanup: 11900 ns, At safepoint: 119600 ns, Total: 971400 ns
[2025-06-18T00:10:33.196+0300][17400][21920][debug][safepoint] ... found polling page loop exception at pc = 0x0000025d901b4160, stub =0x0000025d8fbb5280
[2025-06-18T00:10:33.196+0300][17400][22040][debug][safepoint] ... found polling page loop exception at pc = 0x0000025d901b4160, stub =0x0000025d8fbb5280
[2025-06-18T00:10:33.196+0300][17400][1372 ][debug][safepoint] ... found polling page loop exception at pc = 0x0000025d901f190f, stub =0x0000025d8fbb5280
[2025-06-18T00:10:33.196+0300][17400][18944][debug][safepoint] ... found polling page loop exception at pc = 0x0000025d901f190f, stub =0x0000025d8fbb5280
[2025-06-18T00:10:33.196+0300][17400][5644 ][debug][safepoint] ... found polling page loop exception at pc = 0x0000025d901b4160, stub =0x0000025d8fbb5280
[2025-06-18T00:10:33.204+0300][17400][21920][debug][safepoint] ... found polling page loop exception at pc = 0x0000025d901b4160, stub =0x0000025d8fbb5280
[2025-06-18T00:10:33.204+0300][17400][3060 ][debug][safepoint] ... found polling page loop exception at pc = 0x0000025d901e74c5, stub =0x0000025d8fbb5b00
[2025-06-18T00:10:33.204+0300][17400][5644 ][debug][safepoint] ... found polling page loop exception at pc = 0x0000025d902464d9, stub =0x0000025d8fbb5b00
[2025-06-18T00:10:33.235+0300][17400][1372 ][debug][safepoint] ... found polling page loop exception at pc = 0x0000025d90254260, stub =0x0000025d8fbb5280
[2025-06-18T00:10:33.235+0300][17400][18944][debug][safepoint] ... found polling page loop exception at pc = 0x0000025d9023dc8d, stub =0x0000025d8fbb5b00
[2025-06-18T00:10:33.235+0300][17400][10884][debug][safepoint] ... found polling page loop exception at pc = 0x0000025d901e74c5, stub =0x0000025d8fbb5b00
[2025-06-18T00:10:33.240+0300][17400][5644 ][debug][safepoint] ... found polling page loop exception at pc = 0x0000025d901bf78e, stub =0x0000025d8fbb5b00
[2025-06-18T00:10:33.251+0300][17400][4220 ][info ][gc,phases] GC(4) Concurrent Mark 93.781ms
[2025-06-18T00:10:33.251+0300][17400][3016 ][debug][safepoint] Safepoint synchronization initiated using striped semaphore wait barrier. (19 threads)
[2025-06-18T00:10:33.251+0300][17400][5644 ][debug][safepoint] ... found polling page loop exception at pc = 0x0000025d901bf78e, stub =0x0000025d8fbb5b00
[2025-06-18T00:10:33.251+0300][17400][18944][debug][safepoint] ... found polling page loop exception at pc = 0x0000025d901b4160, stub =0x0000025d8fbb5280
[2025-06-18T00:10:33.251+0300][17400][21920][debug][safepoint] ... found polling page loop exception at pc = 0x0000025d901b4160, stub =0x0000025d8fbb5280
[2025-06-18T00:10:33.251+0300][17400][3060 ][debug][safepoint] ... found polling page loop exception at pc = 0x0000025d901c89cb, stub =0x0000025d8fbb5b00
[2025-06-18T00:10:33.251+0300][17400][22040][debug][safepoint] ... found polling page loop exception at pc = 0x0000025d901c89cb, stub =0x0000025d8fbb5b00
[2025-06-18T00:10:33.251+0300][17400][1372 ][debug][safepoint] ... found polling page loop exception at pc = 0x0000025d901b4160, stub =0x0000025d8fbb5280
[2025-06-18T00:10:33.251+0300][17400][3016 ][info ][gc,phases] GC(4) Pause Mark End 0.034ms
[2025-06-18T00:10:33.251+0300][17400][3016 ][info ][safepoint] Safepoint "XMarkEnd", Time since last: 93939800 ns, Reaching safepoint: 419200 ns, Cleanup: 18000 ns, At safepoint: 121800 ns, Total: 559000 ns
[2025-06-18T00:10:33.251+0300][17400][4220 ][info ][gc,phases] GC(4) Concurrent Mark Free 0.001ms
[2025-06-18T00:10:33.251+0300][17400][4220 ][debug][gc,phases] GC(4) Concurrent References Process 0.950ms
[2025-06-18T00:10:33.253+0300][17400][4220 ][debug][gc,phases] GC(4) ClassLoaderData 0.022ms
[2025-06-18T00:10:33.253+0300][17400][4220 ][debug][gc,phases] GC(4) Trigger cleanups 0.001ms
[2025-06-18T00:10:33.261+0300][17400][4220 ][debug][gc,phases] GC(4) Concurrent Classes Unlink 7.868ms
[2025-06-18T00:10:33.261+0300][17400][10884][debug][safepoint] ... found polling page loop exception at pc = 0x0000025d901b4160, stub =0x0000025d8fbb5280
[2025-06-18T00:10:33.261+0300][17400][18944][debug][safepoint] ... found polling page loop exception at pc = 0x0000025d901b4160, stub =0x0000025d8fbb5280
[2025-06-18T00:10:33.261+0300][17400][21920][debug][safepoint] ... found polling page loop exception at pc = 0x0000025d901b4160, stub =0x0000025d8fbb5280
[2025-06-18T00:10:33.261+0300][17400][22040][debug][safepoint] ... found polling page loop exception at pc = 0x0000025d901b4160, stub =0x0000025d8fbb5280
[2025-06-18T00:10:33.261+0300][17400][3060 ][debug][safepoint] ... found polling page loop exception at pc = 0x0000025d901b4160, stub =0x0000025d8fbb5280
[2025-06-18T00:10:33.267+0300][17400][4220 ][debug][gc,phases] GC(4) Concurrent Classes Purge 0.178ms
[2025-06-18T00:10:33.267+0300][17400][4220 ][debug][gc,phases] GC(4) Concurrent References Enqueue 0.010ms
[2025-06-18T00:10:33.267+0300][17400][4220 ][info ][gc,phases] GC(4) Concurrent Process Non-Strong References 15.365ms
[2025-06-18T00:10:33.267+0300][17400][4220 ][info ][gc,phases] GC(4) Concurrent Reset Relocation Set 0.019ms
[2025-06-18T00:10:33.273+0300][17400][4220 ][info ][gc,phases] GC(4) Concurrent Select Relocation Set 7.398ms
[2025-06-18T00:10:33.273+0300][17400][3016 ][debug][safepoint] Safepoint synchronization initiated using striped semaphore wait barrier. (19 threads)
[2025-06-18T00:10:33.275+0300][17400][1372 ][debug][safepoint] ... found polling page loop exception at pc = 0x0000025d901b4160, stub =0x0000025d8fbb5280
[2025-06-18T00:10:33.275+0300][17400][16424][debug][safepoint] ... found polling page loop exception at pc = 0x0000025d901f190f, stub =0x0000025d8fbb5280
[2025-06-18T00:10:33.275+0300][17400][3060 ][debug][safepoint] ... found polling page loop exception at pc = 0x0000025d901b4160, stub =0x0000025d8fbb5280
[2025-06-18T00:10:33.275+0300][17400][18944][debug][safepoint] ... found polling page loop exception at pc = 0x0000025d901f190f, stub =0x0000025d8fbb5280
[2025-06-18T00:10:33.275+0300][17400][22040][debug][safepoint] ... found polling page loop exception at pc = 0x0000025d901b4160, stub =0x0000025d8fbb5280
[2025-06-18T00:10:33.275+0300][17400][21920][debug][safepoint] ... found polling page loop exception at pc = 0x0000025d901b4160, stub =0x0000025d8fbb5280
[2025-06-18T00:10:33.275+0300][17400][5644 ][debug][safepoint] ... found polling page loop exception at pc = 0x0000025d901c89cb, stub =0x0000025d8fbb5b00
[2025-06-18T00:10:33.275+0300][17400][10884][debug][safepoint] ... found polling page loop exception at pc = 0x0000025d901c89cb, stub =0x0000025d8fbb5b00
[2025-06-18T00:10:33.275+0300][17400][3016 ][info ][gc,phases] GC(4) Pause Relocate Start 0.013ms
[2025-06-18T00:10:33.275+0300][17400][3016 ][info ][safepoint] Safepoint "XRelocateStart", Time since last: 23034600 ns, Reaching safepoint: 531200 ns, Cleanup: 7600 ns, At safepoint: 95900 ns, Total: 634700 ns
[2025-06-18T00:10:33.281+0300][17400][4220 ][info ][gc,phases] GC(4) Concurrent Relocate 6.012ms
[2025-06-18T00:10:33.281+0300][17400][4220 ][debug][gc,heap  ] GC(4) Heap after GC invocations=5 (full 5):
[2025-06-18T00:10:33.281+0300][17400][4220 ][debug][gc,heap  ] GC(4)  ZHeap           used 192M, capacity 12288M, max capacity 12288M
[2025-06-18T00:10:33.281+0300][17400][4220 ][debug][gc,heap  ] GC(4)  Metaspace       used 8506K, committed 9472K, reserved 1114112K
[2025-06-18T00:10:33.281+0300][17400][4220 ][debug][gc,heap  ] GC(4)   class space    used 857K, committed 1216K, reserved 1048576K
[2025-06-18T00:10:33.281+0300][17400][4220 ][info ][gc,heap  ] GC(4) Min Capacity: 12288M(100%)
[2025-06-18T00:10:33.281+0300][17400][4220 ][info ][gc,heap  ] GC(4) Max Capacity: 12288M(100%)
[2025-06-18T00:10:33.281+0300][17400][4220 ][info ][gc,heap  ] GC(4) Soft Max Capacity: 12288M(100%)
[2025-06-18T00:10:33.281+0300][17400][4220 ][info ][gc,heap  ] GC(4)                Mark Start          Mark End        Relocate Start      Relocate End           High               Low         
[2025-06-18T00:10:33.281+0300][17400][4220 ][info ][gc,heap  ] GC(4)  Capacity:    12288M (100%)      12288M (100%)      12288M (100%)      12288M (100%)      12288M (100%)      12288M (100%)   
[2025-06-18T00:10:33.281+0300][17400][4220 ][info ][gc,heap  ] GC(4)      Free:     1438M (12%)        1318M (11%)       10302M (84%)       12096M (98%)       12098M (98%)        1302M (11%)    
[2025-06-18T00:10:33.281+0300][17400][4220 ][info ][gc,heap  ] GC(4)      Used:    10850M (88%)       10970M (89%)        1986M (16%)         192M (2%)        10986M (89%)         190M (2%)     
[2025-06-18T00:10:33.281+0300][17400][4220 ][info ][gc,heap  ] GC(4)      Live:         -                11M (0%)           11M (0%)           11M (0%)             -                  -          
[2025-06-18T00:10:33.281+0300][17400][4220 ][info ][gc,heap  ] GC(4) Allocated:         -               120M (1%)          144M (1%)          151M (1%)             -                  -          
[2025-06-18T00:10:33.281+0300][17400][4220 ][info ][gc,heap  ] GC(4)   Garbage:         -             10838M (88%)        1830M (15%)          28M (0%)             -                  -          
[2025-06-18T00:10:33.281+0300][17400][4220 ][info ][gc,heap  ] GC(4) Reclaimed:         -                  -              9008M (73%)       10809M (88%)            -                  -          
[2025-06-18T00:10:33.281+0300][17400][4220 ][info ][gc       ] GC(4) Garbage Collection (Allocation Rate) 10850M(88%)->192M(2%)
[2025-06-18T00:10:35.286+0300][17400][3016 ][debug][safepoint] Safepoint synchronization initiated using striped semaphore wait barrier. (19 threads)
[2025-06-18T00:10:35.286+0300][17400][10884][debug][safepoint] ... found polling page loop exception at pc = 0x0000025d901b4160, stub =0x0000025d8fbb5280
[2025-06-18T00:10:35.286+0300][17400][22040][debug][safepoint] ... found polling page loop exception at pc = 0x0000025d901b4160, stub =0x0000025d8fbb5280
[2025-06-18T00:10:35.286+0300][17400][18944][debug][safepoint] ... found polling page loop exception at pc = 0x0000025d901b4160, stub =0x0000025d8fbb5280
[2025-06-18T00:10:35.286+0300][17400][5644 ][debug][safepoint] ... found polling page loop exception at pc = 0x0000025d901b4160, stub =0x0000025d8fbb5280
[2025-06-18T00:10:35.286+0300][17400][3060 ][debug][safepoint] ... found polling page loop exception at pc = 0x0000025d901b4160, stub =0x0000025d8fbb5280
[2025-06-18T00:10:35.286+0300][17400][1372 ][debug][safepoint] ... found polling page loop exception at pc = 0x0000025d901b4160, stub =0x0000025d8fbb5280
[2025-06-18T00:10:35.286+0300][17400][3016 ][info ][safepoint] Safepoint "Cleanup", Time since last: 2010028900 ns, Reaching safepoint: 456200 ns, Cleanup: 27700 ns, At safepoint: 22300 ns, Total: 506200 ns
[2025-06-18T00:10:36.298+0300][17400][3016 ][debug][safepoint] Safepoint synchronization initiated using striped semaphore wait barrier. (13 threads)
[2025-06-18T00:10:36.298+0300][17400][5644 ][debug][safepoint] ... found polling page loop exception at pc = 0x0000025d901b4160, stub =0x0000025d8fbb5280
[2025-06-18T00:10:36.298+0300][17400][16424][debug][safepoint] ... found polling page loop exception at pc = 0x0000025d901b4160, stub =0x0000025d8fbb5280
[2025-06-18T00:10:36.298+0300][17400][3016 ][info ][safepoint] Safepoint "Cleanup", Time since last: 1011814900 ns, Reaching safepoint: 185000 ns, Cleanup: 12800 ns, At safepoint: 12000 ns, Total: 209800 ns
[2025-06-18T00:10:36.661+0300][17400][4220 ][debug][gc,heap  ] GC(5) Heap before GC invocations=5 (full 5):
[2025-06-18T00:10:36.661+0300][17400][4220 ][debug][gc,heap  ] GC(5)  ZHeap           used 7078M, capacity 12288M, max capacity 12288M
[2025-06-18T00:10:36.661+0300][17400][4220 ][debug][gc,heap  ] GC(5)  Metaspace       used 8689K, committed 9600K, reserved 1114112K
[2025-06-18T00:10:36.661+0300][17400][4220 ][debug][gc,heap  ] GC(5)   class space    used 875K, committed 1280K, reserved 1048576K
[2025-06-18T00:10:36.661+0300][17400][3016 ][debug][safepoint] Safepoint synchronization initiated using striped semaphore wait barrier. (13 threads)
[2025-06-18T00:10:36.661+0300][17400][3016 ][info ][gc,phases] GC(5) Pause Mark Start 0.011ms
[2025-06-18T00:10:36.661+0300][17400][3016 ][info ][safepoint] Safepoint "XMarkStart", Time since last: 374529500 ns, Reaching safepoint: 47300 ns, Cleanup: 25300 ns, At safepoint: 39800 ns, Total: 112400 ns
[2025-06-18T00:10:36.693+0300][17400][4220 ][info ][gc,phases] GC(5) Concurrent Mark 19.692ms
[2025-06-18T00:10:36.693+0300][17400][3016 ][debug][safepoint] Safepoint synchronization initiated using striped semaphore wait barrier. (13 threads)
[2025-06-18T00:10:36.693+0300][17400][3016 ][info ][gc,phases] GC(5) Pause Mark End 0.012ms
[2025-06-18T00:10:36.693+0300][17400][3016 ][info ][safepoint] Safepoint "XMarkEnd", Time since last: 19824500 ns, Reaching safepoint: 39400 ns, Cleanup: 3400 ns, At safepoint: 30300 ns, Total: 73100 ns
[2025-06-18T00:10:36.693+0300][17400][4220 ][info ][gc,phases] GC(5) Concurrent Mark Free 0.001ms
[2025-06-18T00:10:36.693+0300][17400][4220 ][debug][gc,phases] GC(5) Concurrent References Process 0.102ms
[2025-06-18T00:10:36.693+0300][17400][4220 ][debug][gc,phases] GC(5) ClassLoaderData 0.011ms
[2025-06-18T00:10:36.693+0300][17400][4220 ][debug][gc,phases] GC(5) Trigger cleanups 0.000ms
[2025-06-18T00:10:36.693+0300][17400][4220 ][debug][gc,phases] GC(5) Concurrent Classes Unlink 2.247ms
[2025-06-18T00:10:36.693+0300][17400][4220 ][debug][gc,phases] GC(5) Concurrent Classes Purge 0.160ms
[2025-06-18T00:10:36.693+0300][17400][4220 ][debug][gc,phases] GC(5) Concurrent References Enqueue 0.004ms
[2025-06-18T00:10:36.693+0300][17400][4220 ][info ][gc,phases] GC(5) Concurrent Process Non-Strong References 3.112ms
[2025-06-18T00:10:36.693+0300][17400][4220 ][info ][gc,phases] GC(5) Concurrent Reset Relocation Set 0.029ms
[2025-06-18T00:10:36.693+0300][17400][3016 ][debug][safepoint] Safepoint synchronization initiated using striped semaphore wait barrier. (13 threads)
[2025-06-18T00:10:36.693+0300][17400][3016 ][info ][safepoint] Safepoint "CleanClassLoaderDataMetaspaces", Time since last: 3373700 ns, Reaching safepoint: 57400 ns, Cleanup: 74400 ns, At safepoint: 29000 ns, Total: 160800 ns
[2025-06-18T00:10:36.693+0300][17400][4220 ][info ][gc,phases] GC(5) Concurrent Select Relocation Set 3.448ms
[2025-06-18T00:10:36.693+0300][17400][3016 ][debug][safepoint] Safepoint synchronization initiated using striped semaphore wait barrier. (13 threads)
[2025-06-18T00:10:36.693+0300][17400][3016 ][info ][gc,phases] GC(5) Pause Relocate Start 0.007ms
[2025-06-18T00:10:36.693+0300][17400][3016 ][info ][safepoint] Safepoint "XRelocateStart", Time since last: 3363400 ns, Reaching safepoint: 35100 ns, Cleanup: 3200 ns, At safepoint: 25000 ns, Total: 63300 ns
[2025-06-18T00:10:36.693+0300][17400][4220 ][info ][gc,phases] GC(5) Concurrent Relocate 1.769ms
[2025-06-18T00:10:36.693+0300][17400][4220 ][debug][gc,heap  ] GC(5) Heap after GC invocations=6 (full 6):
[2025-06-18T00:10:36.693+0300][17400][4220 ][debug][gc,heap  ] GC(5)  ZHeap           used 44M, capacity 12288M, max capacity 12288M
[2025-06-18T00:10:36.693+0300][17400][4220 ][debug][gc,heap  ] GC(5)  Metaspace       used 8689K, committed 9600K, reserved 1114112K
[2025-06-18T00:10:36.693+0300][17400][4220 ][debug][gc,heap  ] GC(5)   class space    used 875K, committed 1280K, reserved 1048576K
[2025-06-18T00:10:36.693+0300][17400][4220 ][info ][gc,heap  ] GC(5) Min Capacity: 12288M(100%)
[2025-06-18T00:10:36.693+0300][17400][4220 ][info ][gc,heap  ] GC(5) Max Capacity: 12288M(100%)
[2025-06-18T00:10:36.693+0300][17400][4220 ][info ][gc,heap  ] GC(5) Soft Max Capacity: 12288M(100%)
[2025-06-18T00:10:36.693+0300][17400][4220 ][info ][gc,heap  ] GC(5)                Mark Start          Mark End        Relocate Start      Relocate End           High               Low         
[2025-06-18T00:10:36.693+0300][17400][4220 ][info ][gc,heap  ] GC(5)  Capacity:    12288M (100%)      12288M (100%)      12288M (100%)      12288M (100%)      12288M (100%)      12288M (100%)   
[2025-06-18T00:10:36.693+0300][17400][4220 ][info ][gc,heap  ] GC(5)      Free:     5210M (42%)        5210M (42%)       12224M (99%)       12244M (100%)      12244M (100%)       5210M (42%)    
[2025-06-18T00:10:36.693+0300][17400][4220 ][info ][gc,heap  ] GC(5)      Used:     7078M (58%)        7078M (58%)          64M (1%)           44M (0%)         7078M (58%)          44M (0%)     
[2025-06-18T00:10:36.693+0300][17400][4220 ][info ][gc,heap  ] GC(5)      Live:         -                10M (0%)           10M (0%)           10M (0%)             -                  -          
[2025-06-18T00:10:36.693+0300][17400][4220 ][info ][gc,heap  ] GC(5) Allocated:         -                 0M (0%)            4M (0%)            4M (0%)             -                  -          
[2025-06-18T00:10:36.693+0300][17400][4220 ][info ][gc,heap  ] GC(5)   Garbage:         -              7067M (58%)          49M (0%)           29M (0%)             -                  -          
[2025-06-18T00:10:36.693+0300][17400][4220 ][info ][gc,heap  ] GC(5) Reclaimed:         -                  -              7018M (57%)        7038M (57%)            -                  -          
[2025-06-18T00:10:36.693+0300][17400][4220 ][info ][gc       ] GC(5) Garbage Collection (System.gc()) 7078M(58%)->44M(0%)
[2025-06-18T00:10:37.712+0300][17400][3016 ][debug][safepoint] Safepoint synchronization initiated using striped semaphore wait barrier. (19 threads)
[2025-06-18T00:10:37.712+0300][17400][6828 ][debug][safepoint] ... found polling page loop exception at pc = 0x0000025d901b4160, stub =0x0000025d8fbb5280
[2025-06-18T00:10:37.712+0300][17400][6192 ][debug][safepoint] ... found polling page loop exception at pc = 0x0000025d901b4160, stub =0x0000025d8fbb5280
[2025-06-18T00:10:37.712+0300][17400][3488 ][debug][safepoint] ... found polling page loop exception at pc = 0x0000025d901b2d06, stub =0x0000025d8fbb5b00
[2025-06-18T00:10:37.712+0300][17400][21604][debug][safepoint] ... found polling page loop exception at pc = 0x0000025d901b4160, stub =0x0000025d8fbb5280
[2025-06-18T00:10:37.712+0300][17400][18976][debug][safepoint] ... found polling page loop exception at pc = 0x0000025d901bf78e, stub =0x0000025d8fbb5b00
[2025-06-18T00:10:37.712+0300][17400][11372][debug][safepoint] ... found polling page loop exception at pc = 0x0000025d901b4160, stub =0x0000025d8fbb5280
[2025-06-18T00:10:37.712+0300][17400][3016 ][info ][safepoint] Safepoint "Cleanup", Time since last: 1012686500 ns, Reaching safepoint: 442700 ns, Cleanup: 58100 ns, At safepoint: 20500 ns, Total: 521300 ns
[2025-06-18T00:10:40.748+0300][17400][4220 ][debug][gc,heap  ] GC(6) Heap before GC invocations=6 (full 6):
[2025-06-18T00:10:40.748+0300][17400][4220 ][debug][gc,heap  ] GC(6)  ZHeap           used 11092M, capacity 12288M, max capacity 12288M
[2025-06-18T00:10:40.748+0300][17400][4220 ][debug][gc,heap  ] GC(6)  Metaspace       used 8689K, committed 9600K, reserved 1114112K
[2025-06-18T00:10:40.748+0300][17400][4220 ][debug][gc,heap  ] GC(6)   class space    used 875K, committed 1280K, reserved 1048576K
[2025-06-18T00:10:40.748+0300][17400][3016 ][debug][safepoint] Safepoint synchronization initiated using striped semaphore wait barrier. (19 threads)
[2025-06-18T00:10:40.748+0300][17400][6192 ][debug][safepoint] ... found polling page loop exception at pc = 0x0000025d901b4160, stub =0x0000025d8fbb5280
[2025-06-18T00:10:40.748+0300][17400][11372][debug][safepoint] ... found polling page loop exception at pc = 0x0000025d902c3c7b, stub =0x0000025d8fbb5280
[2025-06-18T00:10:40.748+0300][17400][3488 ][debug][safepoint] ... found polling page loop exception at pc = 0x0000025d901b4160, stub =0x0000025d8fbb5280
[2025-06-18T00:10:40.748+0300][17400][18976][debug][safepoint] ... found polling page loop exception at pc = 0x0000025d901c89cb, stub =0x0000025d8fbb5b00
[2025-06-18T00:10:40.748+0300][17400][21604][debug][safepoint] ... found polling page loop exception at pc = 0x0000025d901b4160, stub =0x0000025d8fbb5280
[2025-06-18T00:10:40.748+0300][17400][22388][debug][safepoint] ... found polling page loop exception at pc = 0x0000025d901b4160, stub =0x0000025d8fbb5280
[2025-06-18T00:10:40.748+0300][17400][3016 ][info ][gc,phases] GC(6) Pause Mark Start 0.019ms
[2025-06-18T00:10:40.748+0300][17400][3016 ][info ][safepoint] Safepoint "XMarkStart", Time since last: 3035124600 ns, Reaching safepoint: 419100 ns, Cleanup: 15200 ns, At safepoint: 104200 ns, Total: 538500 ns
[2025-06-18T00:10:40.782+0300][17400][11372][debug][safepoint] ... found polling page loop exception at pc = 0x0000025d901e74c5, stub =0x0000025d8fbb5b00
[2025-06-18T00:10:40.782+0300][17400][22388][debug][safepoint] ... found polling page loop exception at pc = 0x0000025d903382db, stub =0x0000025d8fbb5280
[2025-06-18T00:10:40.782+0300][17400][20192][debug][safepoint] ... found polling page loop exception at pc = 0x0000025d901b4160, stub =0x0000025d8fbb5280
[2025-06-18T00:10:40.782+0300][17400][3488 ][debug][safepoint] ... found polling page loop exception at pc = 0x0000025d90254260, stub =0x0000025d8fbb5280
[2025-06-18T00:10:40.782+0300][17400][18976][debug][safepoint] ... found polling page loop exception at pc = 0x0000025d903382db, stub =0x0000025d8fbb5280
[2025-06-18T00:10:40.782+0300][17400][6828 ][debug][safepoint] ... found polling page loop exception at pc = 0x0000025d901bf78e, stub =0x0000025d8fbb5b00
[2025-06-18T00:10:40.786+0300][17400][3488 ][debug][safepoint] ... found polling page loop exception at pc = 0x0000025d901c89cb, stub =0x0000025d8fbb5b00
[2025-06-18T00:10:40.786+0300][17400][11372][debug][safepoint] ... found polling page loop exception at pc = 0x0000025d901b4160, stub =0x0000025d8fbb5280
[2025-06-18T00:10:40.788+0300][17400][3488 ][debug][safepoint] ... found polling page loop exception at pc = 0x0000025d901b4160, stub =0x0000025d8fbb5280
[2025-06-18T00:10:40.788+0300][17400][6828 ][debug][safepoint] ... found polling page loop exception at pc = 0x0000025d90235255, stub =0x0000025d8fbb5b00
[2025-06-18T00:10:40.788+0300][17400][18976][debug][safepoint] ... found polling page loop exception at pc = 0x0000025d901b4160, stub =0x0000025d8fbb5280
[2025-06-18T00:10:40.788+0300][17400][6192 ][debug][safepoint] ... found polling page loop exception at pc = 0x0000025d901b4160, stub =0x0000025d8fbb5280
[2025-06-18T00:10:40.795+0300][17400][4220 ][info ][gc,phases] GC(6) Concurrent Mark 47.121ms
[2025-06-18T00:10:40.795+0300][17400][3016 ][debug][safepoint] Safepoint synchronization initiated using striped semaphore wait barrier. (19 threads)
[2025-06-18T00:10:40.795+0300][17400][6192 ][debug][safepoint] ... found polling page loop exception at pc = 0x0000025d901b4160, stub =0x0000025d8fbb5280
[2025-06-18T00:10:40.795+0300][17400][20192][debug][safepoint] ... found polling page loop exception at pc = 0x0000025d901c89cb, stub =0x0000025d8fbb5b00
[2025-06-18T00:10:40.795+0300][17400][3016 ][info ][gc,phases] GC(6) Pause Mark End 0.024ms
[2025-06-18T00:10:40.795+0300][17400][3016 ][info ][safepoint] Safepoint "XMarkEnd", Time since last: 47238600 ns, Reaching safepoint: 140300 ns, Cleanup: 6200 ns, At safepoint: 75400 ns, Total: 221900 ns
[2025-06-18T00:10:40.795+0300][17400][4220 ][info ][gc,phases] GC(6) Concurrent Mark Free 0.001ms
[2025-06-18T00:10:40.795+0300][17400][4220 ][debug][gc,phases] GC(6) Concurrent References Process 0.816ms
[2025-06-18T00:10:40.797+0300][17400][4220 ][debug][gc,phases] GC(6) ClassLoaderData 0.021ms
[2025-06-18T00:10:40.797+0300][17400][4220 ][debug][gc,phases] GC(6) Trigger cleanups 0.001ms
[2025-06-18T00:10:40.803+0300][17400][4220 ][debug][gc,phases] GC(6) Concurrent Classes Unlink 6.701ms
[2025-06-18T00:10:40.803+0300][17400][6828 ][debug][safepoint] ... found polling page loop exception at pc = 0x0000025d901b4160, stub =0x0000025d8fbb5280
[2025-06-18T00:10:40.803+0300][17400][11372][debug][safepoint] ... found polling page loop exception at pc = 0x0000025d903382db, stub =0x0000025d8fbb5280
[2025-06-18T00:10:40.803+0300][17400][18976][debug][safepoint] ... found polling page loop exception at pc = 0x0000025d901c89cb, stub =0x0000025d8fbb5b00
[2025-06-18T00:10:40.803+0300][17400][22388][debug][safepoint] ... found polling page loop exception at pc = 0x0000025d901b4160, stub =0x0000025d8fbb5280
[2025-06-18T00:10:40.803+0300][17400][21604][debug][safepoint] ... found polling page loop exception at pc = 0x0000025d901de305, stub =0x0000025d8fbb5b00
[2025-06-18T00:10:40.803+0300][17400][6192 ][debug][safepoint] ... found polling page loop exception at pc = 0x0000025d903382db, stub =0x0000025d8fbb5280
[2025-06-18T00:10:40.807+0300][17400][4220 ][debug][gc,phases] GC(6) Concurrent Classes Purge 0.147ms
[2025-06-18T00:10:40.807+0300][17400][4220 ][debug][gc,phases] GC(6) Concurrent References Enqueue 0.008ms
[2025-06-18T00:10:40.807+0300][17400][4220 ][info ][gc,phases] GC(6) Concurrent Process Non-Strong References 11.980ms
[2025-06-18T00:10:40.807+0300][17400][4220 ][info ][gc,phases] GC(6) Concurrent Reset Relocation Set 0.003ms
[2025-06-18T00:10:40.813+0300][17400][4220 ][info ][gc,phases] GC(6) Concurrent Select Relocation Set 5.440ms
[2025-06-18T00:10:40.813+0300][17400][3016 ][debug][safepoint] Safepoint synchronization initiated using striped semaphore wait barrier. (19 threads)
[2025-06-18T00:10:40.813+0300][17400][20192][debug][safepoint] ... found polling page loop exception at pc = 0x0000025d903382db, stub =0x0000025d8fbb5280
[2025-06-18T00:10:40.813+0300][17400][11372][debug][safepoint] ... found polling page loop exception at pc = 0x0000025d903382db, stub =0x0000025d8fbb5280
[2025-06-18T00:10:40.813+0300][17400][22388][debug][safepoint] ... found polling page loop exception at pc = 0x0000025d901b4160, stub =0x0000025d8fbb5280
[2025-06-18T00:10:40.813+0300][17400][18976][debug][safepoint] ... found polling page loop exception at pc = 0x0000025d901b4160, stub =0x0000025d8fbb5280
[2025-06-18T00:10:40.813+0300][17400][3488 ][debug][safepoint] ... found polling page loop exception at pc = 0x0000025d901b4160, stub =0x0000025d8fbb5280
[2025-06-18T00:10:40.813+0300][17400][3016 ][info ][gc,phases] GC(6) Pause Relocate Start 0.010ms
[2025-06-18T00:10:40.813+0300][17400][3016 ][info ][safepoint] Safepoint "XRelocateStart", Time since last: 17626400 ns, Reaching safepoint: 293200 ns, Cleanup: 5800 ns, At safepoint: 69900 ns, Total: 368900 ns
[2025-06-18T00:10:40.819+0300][17400][4220 ][info ][gc,phases] GC(6) Concurrent Relocate 5.299ms
[2025-06-18T00:10:40.819+0300][17400][4220 ][debug][gc,heap  ] GC(6) Heap after GC invocations=7 (full 7):
[2025-06-18T00:10:40.819+0300][17400][4220 ][debug][gc,heap  ] GC(6)  ZHeap           used 172M, capacity 12288M, max capacity 12288M
[2025-06-18T00:10:40.819+0300][17400][4220 ][debug][gc,heap  ] GC(6)  Metaspace       used 8689K, committed 9600K, reserved 1114112K
[2025-06-18T00:10:40.819+0300][17400][4220 ][debug][gc,heap  ] GC(6)   class space    used 875K, committed 1280K, reserved 1048576K
[2025-06-18T00:10:40.819+0300][17400][4220 ][info ][gc,heap  ] GC(6) Min Capacity: 12288M(100%)
[2025-06-18T00:10:40.819+0300][17400][4220 ][info ][gc,heap  ] GC(6) Max Capacity: 12288M(100%)
[2025-06-18T00:10:40.819+0300][17400][4220 ][info ][gc,heap  ] GC(6) Soft Max Capacity: 12288M(100%)
[2025-06-18T00:10:40.819+0300][17400][4220 ][info ][gc,heap  ] GC(6)                Mark Start          Mark End        Relocate Start      Relocate End           High               Low         
[2025-06-18T00:10:40.819+0300][17400][4220 ][info ][gc,heap  ] GC(6)  Capacity:    12288M (100%)      12288M (100%)      12288M (100%)      12288M (100%)      12288M (100%)      12288M (100%)   
[2025-06-18T00:10:40.819+0300][17400][4220 ][info ][gc,heap  ] GC(6)      Free:     1196M (10%)        1106M (9%)        10314M (84%)       12116M (99%)       12126M (99%)        1082M (9%)     
[2025-06-18T00:10:40.819+0300][17400][4220 ][info ][gc,heap  ] GC(6)      Used:    11092M (90%)       11182M (91%)        1974M (16%)         172M (1%)        11206M (91%)         162M (1%)     
[2025-06-18T00:10:40.819+0300][17400][4220 ][info ][gc,heap  ] GC(6)      Live:         -                11M (0%)           11M (0%)           11M (0%)             -                  -          
[2025-06-18T00:10:40.819+0300][17400][4220 ][info ][gc,heap  ] GC(6) Allocated:         -                90M (1%)          120M (1%)          133M (1%)             -                  -          
[2025-06-18T00:10:40.819+0300][17400][4220 ][info ][gc,heap  ] GC(6)   Garbage:         -             11080M (90%)        1842M (15%)          26M (0%)             -                  -          
[2025-06-18T00:10:40.819+0300][17400][4220 ][info ][gc,heap  ] GC(6) Reclaimed:         -                  -              9238M (75%)       11053M (90%)            -                  -          
[2025-06-18T00:10:40.819+0300][17400][4220 ][info ][gc       ] GC(6) Garbage Collection (Allocation Rate) 11092M(90%)->172M(1%)
[2025-06-18T00:10:44.551+0300][17400][4220 ][debug][gc,heap  ] GC(7) Heap before GC invocations=7 (full 7):
[2025-06-18T00:10:44.551+0300][17400][4220 ][debug][gc,heap  ] GC(7)  ZHeap           used 11386M, capacity 12288M, max capacity 12288M
[2025-06-18T00:10:44.551+0300][17400][4220 ][debug][gc,heap  ] GC(7)  Metaspace       used 8689K, committed 9600K, reserved 1114112K
[2025-06-18T00:10:44.551+0300][17400][4220 ][debug][gc,heap  ] GC(7)   class space    used 875K, committed 1280K, reserved 1048576K
[2025-06-18T00:10:44.551+0300][17400][3016 ][debug][safepoint] Safepoint synchronization initiated using striped semaphore wait barrier. (19 threads)
[2025-06-18T00:10:44.551+0300][17400][6828 ][debug][safepoint] ... found polling page loop exception at pc = 0x0000025d901c89cb, stub =0x0000025d8fbb5b00
[2025-06-18T00:10:44.551+0300][17400][11372][debug][safepoint] ... found polling page loop exception at pc = 0x0000025d901b4160, stub =0x0000025d8fbb5280
[2025-06-18T00:10:44.551+0300][17400][21604][debug][safepoint] ... found polling page loop exception at pc = 0x0000025d901b4160, stub =0x0000025d8fbb5280
[2025-06-18T00:10:44.551+0300][17400][20192][debug][safepoint] ... found polling page loop exception at pc = 0x0000025d901b4160, stub =0x0000025d8fbb5280
[2025-06-18T00:10:44.551+0300][17400][3016 ][info ][gc,phases] GC(7) Pause Mark Start 0.014ms
[2025-06-18T00:10:44.551+0300][17400][3016 ][info ][safepoint] Safepoint "XMarkStart", Time since last: 3737264600 ns, Reaching safepoint: 257500 ns, Cleanup: 13200 ns, At safepoint: 69900 ns, Total: 340600 ns
[2025-06-18T00:10:44.634+0300][17400][11372][debug][safepoint] ... found polling page loop exception at pc = 0x0000025d901b654a, stub =0x0000025d8fbb5b00
[2025-06-18T00:10:44.634+0300][17400][6828 ][debug][safepoint] ... found polling page loop exception at pc = 0x0000025d901c89cb, stub =0x0000025d8fbb5b00
[2025-06-18T00:10:44.634+0300][17400][21604][debug][safepoint] ... found polling page loop exception at pc = 0x0000025d901b4160, stub =0x0000025d8fbb5280
[2025-06-18T00:10:44.634+0300][17400][22388][debug][safepoint] ... found polling page loop exception at pc = 0x0000025d901b4160, stub =0x0000025d8fbb5280
[2025-06-18T00:10:44.634+0300][17400][20192][debug][safepoint] ... found polling page loop exception at pc = 0x0000025d902bbb9e, stub =0x0000025d8fbb5b00
[2025-06-18T00:10:44.634+0300][17400][18976][debug][safepoint] ... found polling page loop exception at pc = 0x0000025d901b654a, stub =0x0000025d8fbb5b00
[2025-06-18T00:10:44.634+0300][17400][6192 ][debug][safepoint] ... found polling page loop exception at pc = 0x0000025d9023dc8d, stub =0x0000025d8fbb5b00
[2025-06-18T00:10:44.634+0300][17400][11372][debug][safepoint] ... found polling page loop exception at pc = 0x0000025d903379ac, stub =0x0000025d8fbb5280
[2025-06-18T00:10:44.636+0300][17400][22388][debug][safepoint] ... found polling page loop exception at pc = 0x0000025d903382db, stub =0x0000025d8fbb5280
[2025-06-18T00:10:44.636+0300][17400][6192 ][debug][safepoint] ... found polling page loop exception at pc = 0x0000025d901c89cb, stub =0x0000025d8fbb5b00
[2025-06-18T00:10:44.636+0300][17400][3488 ][debug][safepoint] ... found polling page loop exception at pc = 0x0000025d901b4160, stub =0x0000025d8fbb5280
[2025-06-18T00:10:44.636+0300][17400][6192 ][debug][safepoint] ... found polling page loop exception at pc = 0x0000025d902f5bb5, stub =0x0000025d8fbb5b00
[2025-06-18T00:10:44.636+0300][17400][6828 ][debug][safepoint] ... found polling page loop exception at pc = 0x0000025d901b4160, stub =0x0000025d8fbb5280
[2025-06-18T00:10:44.638+0300][17400][11372][debug][safepoint] ... found polling page loop exception at pc = 0x0000025d901c89cb, stub =0x0000025d8fbb5b00
[2025-06-18T00:10:44.638+0300][17400][22388][debug][safepoint] ... found polling page loop exception at pc = 0x0000025d9022bbc3, stub =0x0000025d8fbb5b00
[2025-06-18T00:10:44.638+0300][17400][21604][debug][safepoint] ... found polling page loop exception at pc = 0x0000025d90254260, stub =0x0000025d8fbb5280
[2025-06-18T00:10:44.646+0300][17400][4220 ][info ][gc,phases] GC(7) Concurrent Mark 94.208ms
[2025-06-18T00:10:44.646+0300][17400][3016 ][debug][safepoint] Safepoint synchronization initiated using striped semaphore wait barrier. (19 threads)
[2025-06-18T00:10:44.646+0300][17400][20192][debug][safepoint] ... found polling page loop exception at pc = 0x0000025d901b2ba0, stub =0x0000025d8fbb5b00
[2025-06-18T00:10:44.646+0300][17400][6192 ][debug][safepoint] ... found polling page loop exception at pc = 0x0000025d901b4160, stub =0x0000025d8fbb5280
[2025-06-18T00:10:44.646+0300][17400][21604][debug][safepoint] ... found polling page loop exception at pc = 0x0000025d901b4160, stub =0x0000025d8fbb5280
[2025-06-18T00:10:44.646+0300][17400][18976][debug][safepoint] ... found polling page loop exception at pc = 0x0000025d901bf78e, stub =0x0000025d8fbb5b00
[2025-06-18T00:10:44.646+0300][17400][22388][debug][safepoint] ... found polling page loop exception at pc = 0x0000025d902464d9, stub =0x0000025d8fbb5b00
[2025-06-18T00:10:44.646+0300][17400][3488 ][debug][safepoint] ... found polling page loop exception at pc = 0x0000025d901c89cb, stub =0x0000025d8fbb5b00
[2025-06-18T00:10:44.646+0300][17400][3016 ][info ][gc,phases] GC(7) Pause Mark End 0.021ms
[2025-06-18T00:10:44.646+0300][17400][3016 ][info ][safepoint] Safepoint "XMarkEnd", Time since last: 94339300 ns, Reaching safepoint: 345500 ns, Cleanup: 6300 ns, At safepoint: 81900 ns, Total: 433700 ns
[2025-06-18T00:10:44.646+0300][17400][4220 ][info ][gc,phases] GC(7) Concurrent Mark Free 0.001ms
[2025-06-18T00:10:44.646+0300][17400][4220 ][debug][gc,phases] GC(7) Concurrent References Process 0.916ms
[2025-06-18T00:10:44.648+0300][17400][4220 ][debug][gc,phases] GC(7) ClassLoaderData 0.020ms
[2025-06-18T00:10:44.648+0300][17400][4220 ][debug][gc,phases] GC(7) Trigger cleanups 0.000ms
[2025-06-18T00:10:44.652+0300][17400][4220 ][debug][gc,phases] GC(7) Concurrent Classes Unlink 5.151ms
[2025-06-18T00:10:44.676+0300][17400][18976][debug][safepoint] ... found polling page loop exception at pc = 0x0000025d901c89cb, stub =0x0000025d8fbb5b00
[2025-06-18T00:10:44.676+0300][17400][11372][debug][safepoint] ... found polling page loop exception at pc = 0x0000025d901c89cb, stub =0x0000025d8fbb5b00
[2025-06-18T00:10:44.677+0300][17400][4220 ][debug][gc,phases] GC(7) Concurrent Classes Purge 0.044ms
[2025-06-18T00:10:44.677+0300][17400][4220 ][debug][gc,phases] GC(7) Concurrent References Enqueue 0.007ms
[2025-06-18T00:10:44.677+0300][17400][4220 ][info ][gc,phases] GC(7) Concurrent Process Non-Strong References 31.080ms
[2025-06-18T00:10:44.677+0300][17400][4220 ][info ][gc,phases] GC(7) Concurrent Reset Relocation Set 0.039ms
[2025-06-18T00:10:44.682+0300][17400][4220 ][info ][gc,phases] GC(7) Concurrent Select Relocation Set 5.226ms
[2025-06-18T00:10:44.682+0300][17400][3016 ][debug][safepoint] Safepoint synchronization initiated using striped semaphore wait barrier. (19 threads)
[2025-06-18T00:10:44.682+0300][17400][20192][debug][safepoint] ... found polling page loop exception at pc = 0x0000025d901bf78e, stub =0x0000025d8fbb5b00
[2025-06-18T00:10:44.682+0300][17400][6828 ][debug][safepoint] ... found polling page loop exception at pc = 0x0000025d901b654a, stub =0x0000025d8fbb5b00
[2025-06-18T00:10:44.682+0300][17400][21604][debug][safepoint] ... found polling page loop exception at pc = 0x0000025d901b4160, stub =0x0000025d8fbb5280
[2025-06-18T00:10:44.682+0300][17400][6192 ][debug][safepoint] ... found polling page loop exception at pc = 0x0000025d903379ac, stub =0x0000025d8fbb5280
[2025-06-18T00:10:44.682+0300][17400][3016 ][info ][gc,phases] GC(7) Pause Relocate Start 0.009ms
[2025-06-18T00:10:44.682+0300][17400][3016 ][info ][safepoint] Safepoint "XRelocateStart", Time since last: 36536100 ns, Reaching safepoint: 249300 ns, Cleanup: 5000 ns, At safepoint: 56000 ns, Total: 310300 ns
[2025-06-18T00:10:44.684+0300][17400][4220 ][info ][gc,phases] GC(7) Concurrent Relocate 1.289ms
[2025-06-18T00:10:44.684+0300][17400][4220 ][debug][gc,heap  ] GC(7) Heap after GC invocations=8 (full 8):
[2025-06-18T00:10:44.684+0300][17400][4220 ][debug][gc,heap  ] GC(7)  ZHeap           used 160M, capacity 12288M, max capacity 12288M
[2025-06-18T00:10:44.684+0300][17400][4220 ][debug][gc,heap  ] GC(7)  Metaspace       used 8689K, committed 9600K, reserved 1114112K
[2025-06-18T00:10:44.684+0300][17400][4220 ][debug][gc,heap  ] GC(7)   class space    used 875K, committed 1280K, reserved 1048576K
[2025-06-18T00:10:44.684+0300][17400][4220 ][info ][gc,heap  ] GC(7) Min Capacity: 12288M(100%)
[2025-06-18T00:10:44.684+0300][17400][4220 ][info ][gc,heap  ] GC(7) Max Capacity: 12288M(100%)
[2025-06-18T00:10:44.684+0300][17400][4220 ][info ][gc,heap  ] GC(7) Soft Max Capacity: 12288M(100%)
[2025-06-18T00:10:44.684+0300][17400][4220 ][info ][gc,heap  ] GC(7)                Mark Start          Mark End        Relocate Start      Relocate End           High               Low         
[2025-06-18T00:10:44.684+0300][17400][4220 ][info ][gc,heap  ] GC(7)  Capacity:    12288M (100%)      12288M (100%)      12288M (100%)      12288M (100%)      12288M (100%)      12288M (100%)   
[2025-06-18T00:10:44.684+0300][17400][4220 ][info ][gc,heap  ] GC(7)      Free:      902M (7%)          806M (7%)        10252M (83%)       12130M (99%)       12130M (99%)         794M (6%)     
[2025-06-18T00:10:44.684+0300][17400][4220 ][info ][gc,heap  ] GC(7)      Used:    11386M (93%)       11482M (93%)        2036M (17%)         158M (1%)        11494M (94%)         158M (1%)     
[2025-06-18T00:10:44.684+0300][17400][4220 ][info ][gc,heap  ] GC(7)      Live:         -                11M (0%)           11M (0%)           11M (0%)             -                  -          
[2025-06-18T00:10:44.684+0300][17400][4220 ][info ][gc,heap  ] GC(7) Allocated:         -                96M (1%)          114M (1%)          117M (1%)             -                  -          
[2025-06-18T00:10:44.684+0300][17400][4220 ][info ][gc,heap  ] GC(7)   Garbage:         -             11374M (93%)        1910M (16%)          28M (0%)             -                  -          
[2025-06-18T00:10:44.684+0300][17400][4220 ][info ][gc,heap  ] GC(7) Reclaimed:         -                  -              9464M (77%)       11345M (92%)            -                  -          
[2025-06-18T00:10:44.684+0300][17400][4220 ][info ][gc       ] GC(7) Garbage Collection (Allocation Rate) 11386M(93%)->158M(1%)
[2025-06-18T00:10:47.463+0300][17400][4220 ][debug][gc,heap  ] GC(8) Heap before GC invocations=8 (full 8):
[2025-06-18T00:10:47.463+0300][17400][4220 ][debug][gc,heap  ] GC(8)  ZHeap           used 3046M, capacity 12288M, max capacity 12288M
[2025-06-18T00:10:47.463+0300][17400][4220 ][debug][gc,heap  ] GC(8)  Metaspace       used 8691K, committed 9600K, reserved 1114112K
[2025-06-18T00:10:47.463+0300][17400][4220 ][debug][gc,heap  ] GC(8)   class space    used 875K, committed 1280K, reserved 1048576K
[2025-06-18T00:10:47.463+0300][17400][3016 ][debug][safepoint] Safepoint synchronization initiated using striped semaphore wait barrier. (12 threads)
[2025-06-18T00:10:47.463+0300][17400][3016 ][info ][gc,phases] GC(8) Pause Mark Start 0.016ms
[2025-06-18T00:10:47.463+0300][17400][3016 ][info ][safepoint] Safepoint "XMarkStart", Time since last: 2780013000 ns, Reaching safepoint: 59000 ns, Cleanup: 18900 ns, At safepoint: 52900 ns, Total: 130800 ns
[2025-06-18T00:10:47.479+0300][17400][4220 ][info ][gc,phases] GC(8) Concurrent Mark 15.478ms
[2025-06-18T00:10:47.479+0300][17400][3016 ][debug][safepoint] Safepoint synchronization initiated using striped semaphore wait barrier. (12 threads)
[2025-06-18T00:10:47.479+0300][17400][3016 ][info ][gc,phases] GC(8) Pause Mark End 0.018ms
[2025-06-18T00:10:47.479+0300][17400][3016 ][info ][safepoint] Safepoint "XMarkEnd", Time since last: 15639400 ns, Reaching safepoint: 50000 ns, Cleanup: 5900 ns, At safepoint: 40100 ns, Total: 96000 ns
[2025-06-18T00:10:47.479+0300][17400][4220 ][info ][gc,phases] GC(8) Concurrent Mark Free 0.001ms
[2025-06-18T00:10:47.479+0300][17400][4220 ][debug][gc,phases] GC(8) Concurrent References Process 0.070ms
[2025-06-18T00:10:47.479+0300][17400][4220 ][debug][gc,phases] GC(8) ClassLoaderData 0.016ms
[2025-06-18T00:10:47.479+0300][17400][4220 ][debug][gc,phases] GC(8) Trigger cleanups 0.000ms
[2025-06-18T00:10:47.481+0300][17400][4220 ][debug][gc,phases] GC(8) Concurrent Classes Unlink 2.936ms
[2025-06-18T00:10:47.481+0300][17400][4220 ][debug][gc,phases] GC(8) Concurrent Classes Purge 0.065ms
[2025-06-18T00:10:47.481+0300][17400][4220 ][debug][gc,phases] GC(8) Concurrent References Enqueue 0.001ms
[2025-06-18T00:10:47.481+0300][17400][4220 ][info ][gc,phases] GC(8) Concurrent Process Non-Strong References 3.591ms
[2025-06-18T00:10:47.481+0300][17400][4220 ][info ][gc,phases] GC(8) Concurrent Reset Relocation Set 0.053ms
[2025-06-18T00:10:47.487+0300][17400][4220 ][info ][gc,phases] GC(8) Concurrent Select Relocation Set 3.736ms
[2025-06-18T00:10:47.487+0300][17400][3016 ][debug][safepoint] Safepoint synchronization initiated using striped semaphore wait barrier. (12 threads)
[2025-06-18T00:10:47.487+0300][17400][3016 ][info ][gc,phases] GC(8) Pause Relocate Start 0.010ms
[2025-06-18T00:10:47.487+0300][17400][3016 ][info ][safepoint] Safepoint "XRelocateStart", Time since last: 7611900 ns, Reaching safepoint: 33300 ns, Cleanup: 4300 ns, At safepoint: 30300 ns, Total: 67900 ns
[2025-06-18T00:10:47.489+0300][17400][4220 ][info ][gc,phases] GC(8) Concurrent Relocate 2.291ms
[2025-06-18T00:10:47.489+0300][17400][4220 ][debug][gc,heap  ] GC(8) Heap after GC invocations=9 (full 9):
[2025-06-18T00:10:47.489+0300][17400][4220 ][debug][gc,heap  ] GC(8)  ZHeap           used 40M, capacity 12288M, max capacity 12288M
[2025-06-18T00:10:47.489+0300][17400][4220 ][debug][gc,heap  ] GC(8)  Metaspace       used 8691K, committed 9600K, reserved 1114112K
[2025-06-18T00:10:47.489+0300][17400][4220 ][debug][gc,heap  ] GC(8)   class space    used 875K, committed 1280K, reserved 1048576K
[2025-06-18T00:10:47.489+0300][17400][4220 ][info ][gc,heap  ] GC(8) Min Capacity: 12288M(100%)
[2025-06-18T00:10:47.489+0300][17400][4220 ][info ][gc,heap  ] GC(8) Max Capacity: 12288M(100%)
[2025-06-18T00:10:47.489+0300][17400][4220 ][info ][gc,heap  ] GC(8) Soft Max Capacity: 12288M(100%)
[2025-06-18T00:10:47.489+0300][17400][4220 ][info ][gc,heap  ] GC(8)                Mark Start          Mark End        Relocate Start      Relocate End           High               Low         
[2025-06-18T00:10:47.489+0300][17400][4220 ][info ][gc,heap  ] GC(8)  Capacity:    12288M (100%)      12288M (100%)      12288M (100%)      12288M (100%)      12288M (100%)      12288M (100%)   
[2025-06-18T00:10:47.489+0300][17400][4220 ][info ][gc,heap  ] GC(8)      Free:     9242M (75%)        9242M (75%)       12234M (100%)      12248M (100%)      12248M (100%)       9242M (75%)    
[2025-06-18T00:10:47.489+0300][17400][4220 ][info ][gc,heap  ] GC(8)      Used:     3046M (25%)        3046M (25%)          54M (0%)           40M (0%)         3046M (25%)          40M (0%)     
[2025-06-18T00:10:47.489+0300][17400][4220 ][info ][gc,heap  ] GC(8)      Live:         -                10M (0%)           10M (0%)           10M (0%)             -                  -          
[2025-06-18T00:10:47.489+0300][17400][4220 ][info ][gc,heap  ] GC(8) Allocated:         -                 0M (0%)            0M (0%)            0M (0%)             -                  -          
[2025-06-18T00:10:47.489+0300][17400][4220 ][info ][gc,heap  ] GC(8)   Garbage:         -              3035M (25%)          43M (0%)           29M (0%)             -                  -          
[2025-06-18T00:10:47.489+0300][17400][4220 ][info ][gc,heap  ] GC(8) Reclaimed:         -                  -              2992M (24%)        3006M (24%)            -                  -          
[2025-06-18T00:10:47.489+0300][17400][4220 ][info ][gc       ] GC(8) Garbage Collection (System.gc()) 3046M(25%)->40M(0%)
[2025-06-18T00:10:48.505+0300][17400][3016 ][debug][safepoint] Safepoint synchronization initiated using striped semaphore wait barrier. (19 threads)
[2025-06-18T00:10:48.505+0300][17400][18064][debug][safepoint] ... found polling page loop exception at pc = 0x0000025d901b4160, stub =0x0000025d8fbb5280
[2025-06-18T00:10:48.505+0300][17400][4036 ][debug][safepoint] ... found polling page loop exception at pc = 0x0000025d901b4160, stub =0x0000025d8fbb5280
[2025-06-18T00:10:48.505+0300][17400][8908 ][debug][safepoint] ... found polling page loop exception at pc = 0x0000025d901b4160, stub =0x0000025d8fbb5280
[2025-06-18T00:10:48.505+0300][17400][16132][debug][safepoint] ... found polling page loop exception at pc = 0x0000025d901b4160, stub =0x0000025d8fbb5280
[2025-06-18T00:10:48.505+0300][17400][20884][debug][safepoint] ... found polling page loop exception at pc = 0x0000025d901b4160, stub =0x0000025d8fbb5280
[2025-06-18T00:10:48.837+0300][17400][3016 ][info ][safepoint] Safepoint "Cleanup", Time since last: 1018281100 ns, Reaching safepoint: 331606800 ns, Cleanup: 82400 ns, At safepoint: 27500 ns, Total: 331716700 ns
[2025-06-18T00:10:50.864+0300][17400][3016 ][debug][safepoint] Safepoint synchronization initiated using striped semaphore wait barrier. (19 threads)
[2025-06-18T00:10:50.864+0300][17400][16132][debug][safepoint] ... found polling page loop exception at pc = 0x0000025d903382db, stub =0x0000025d8fbb5280
[2025-06-18T00:10:50.864+0300][17400][12296][debug][safepoint] ... found polling page loop exception at pc = 0x0000025d901bf78e, stub =0x0000025d8fbb5b00
[2025-06-18T00:10:50.864+0300][17400][18064][debug][safepoint] ... found polling page loop exception at pc = 0x0000025d902c3c7b, stub =0x0000025d8fbb5280
[2025-06-18T00:10:50.864+0300][17400][4036 ][debug][safepoint] ... found polling page loop exception at pc = 0x0000025d901b2d06, stub =0x0000025d8fbb5b00
[2025-06-18T00:10:50.864+0300][17400][3016 ][info ][safepoint] Safepoint "Cleanup", Time since last: 2027044400 ns, Reaching safepoint: 407500 ns, Cleanup: 34600 ns, At safepoint: 26000 ns, Total: 468100 ns
[2025-06-18T00:10:52.050+0300][17400][4220 ][debug][gc,heap  ] GC(9) Heap before GC invocations=9 (full 9):
[2025-06-18T00:10:52.050+0300][17400][4220 ][debug][gc,heap  ] GC(9)  ZHeap           used 11386M, capacity 12288M, max capacity 12288M
[2025-06-18T00:10:52.050+0300][17400][4220 ][debug][gc,heap  ] GC(9)  Metaspace       used 8694K, committed 9600K, reserved 1114112K
[2025-06-18T00:10:52.050+0300][17400][4220 ][debug][gc,heap  ] GC(9)   class space    used 875K, committed 1280K, reserved 1048576K
[2025-06-18T00:10:52.050+0300][17400][3016 ][debug][safepoint] Safepoint synchronization initiated using striped semaphore wait barrier. (19 threads)
[2025-06-18T00:10:52.050+0300][17400][21508][debug][safepoint] ... found polling page loop exception at pc = 0x0000025d901b4160, stub =0x0000025d8fbb5280
[2025-06-18T00:10:52.050+0300][17400][18064][debug][safepoint] ... found polling page loop exception at pc = 0x0000025d901b4160, stub =0x0000025d8fbb5280
[2025-06-18T00:10:52.050+0300][17400][12296][debug][safepoint] ... found polling page loop exception at pc = 0x0000025d903382db, stub =0x0000025d8fbb5280
[2025-06-18T00:10:52.050+0300][17400][20884][debug][safepoint] ... found polling page loop exception at pc = 0x0000025d901c89cb, stub =0x0000025d8fbb5b00
[2025-06-18T00:10:52.050+0300][17400][3016 ][info ][gc,phases] GC(9) Pause Mark Start 0.019ms
[2025-06-18T00:10:52.050+0300][17400][3016 ][info ][safepoint] Safepoint "XMarkStart", Time since last: 1185328800 ns, Reaching safepoint: 279000 ns, Cleanup: 8200 ns, At safepoint: 80000 ns, Total: 367200 ns
[2025-06-18T00:10:52.085+0300][17400][21508][debug][safepoint] ... found polling page loop exception at pc = 0x0000025d902859c1, stub =0x0000025d8fbb5b00
[2025-06-18T00:10:52.085+0300][17400][20884][debug][safepoint] ... found polling page loop exception at pc = 0x0000025d901bf78e, stub =0x0000025d8fbb5b00
[2025-06-18T00:10:52.085+0300][17400][8908 ][debug][safepoint] ... found polling page loop exception at pc = 0x0000025d901c89cb, stub =0x0000025d8fbb5b00
[2025-06-18T00:10:52.085+0300][17400][16132][debug][safepoint] ... found polling page loop exception at pc = 0x0000025d901b4160, stub =0x0000025d8fbb5280
[2025-06-18T00:10:52.087+0300][17400][8908 ][debug][safepoint] ... found polling page loop exception at pc = 0x0000025d90268082, stub =0x0000025d8fbb5280
[2025-06-18T00:10:52.087+0300][17400][12296][debug][safepoint] ... found polling page loop exception at pc = 0x0000025d901b4160, stub =0x0000025d8fbb5280
[2025-06-18T00:10:52.087+0300][17400][20884][debug][safepoint] ... found polling page loop exception at pc = 0x0000025d903382db, stub =0x0000025d8fbb5280
[2025-06-18T00:10:52.087+0300][17400][21508][debug][safepoint] ... found polling page loop exception at pc = 0x0000025d903382db, stub =0x0000025d8fbb5280
[2025-06-18T00:10:52.087+0300][17400][4036 ][debug][safepoint] ... found polling page loop exception at pc = 0x0000025d901b4160, stub =0x0000025d8fbb5280
[2025-06-18T00:10:52.087+0300][17400][16944][debug][safepoint] ... found polling page loop exception at pc = 0x0000025d903382db, stub =0x0000025d8fbb5280
[2025-06-18T00:10:52.089+0300][17400][20884][debug][safepoint] ... found polling page loop exception at pc = 0x0000025d901b4160, stub =0x0000025d8fbb5280
[2025-06-18T00:10:52.089+0300][17400][21508][debug][safepoint] ... found polling page loop exception at pc = 0x0000025d90254260, stub =0x0000025d8fbb5280
[2025-06-18T00:10:52.089+0300][17400][12296][debug][safepoint] ... found polling page loop exception at pc = 0x0000025d901b4160, stub =0x0000025d8fbb5280
[2025-06-18T00:10:52.089+0300][17400][16132][debug][safepoint] ... found polling page loop exception at pc = 0x0000025d901c89cb, stub =0x0000025d8fbb5b00
[2025-06-18T00:10:52.089+0300][17400][18064][debug][safepoint] ... found polling page loop exception at pc = 0x0000025d901b2ba0, stub =0x0000025d8fbb5b00
[2025-06-18T00:10:52.089+0300][17400][4220 ][info ][gc,phases] GC(9) Concurrent Mark 39.918ms
[2025-06-18T00:10:52.089+0300][17400][3016 ][debug][safepoint] Safepoint synchronization initiated using striped semaphore wait barrier. (19 threads)
[2025-06-18T00:10:52.089+0300][17400][18064][debug][safepoint] ... found polling page loop exception at pc = 0x0000025d901b4160, stub =0x0000025d8fbb5280
[2025-06-18T00:10:52.089+0300][17400][20884][debug][safepoint] ... found polling page loop exception at pc = 0x0000025d901b4160, stub =0x0000025d8fbb5280
[2025-06-18T00:10:52.089+0300][17400][12296][debug][safepoint] ... found polling page loop exception at pc = 0x0000025d901b4160, stub =0x0000025d8fbb5280
[2025-06-18T00:10:52.089+0300][17400][16944][debug][safepoint] ... found polling page loop exception at pc = 0x0000025d90267ebf, stub =0x0000025d8fbb5280
[2025-06-18T00:10:52.089+0300][17400][8908 ][debug][safepoint] ... found polling page loop exception at pc = 0x0000025d901b2d06, stub =0x0000025d8fbb5b00
[2025-06-18T00:10:52.089+0300][17400][3016 ][info ][gc,phases] GC(9) Pause Mark End 0.022ms
[2025-06-18T00:10:52.089+0300][17400][3016 ][info ][safepoint] Safepoint "XMarkEnd", Time since last: 40016400 ns, Reaching safepoint: 414700 ns, Cleanup: 11500 ns, At safepoint: 87600 ns, Total: 513800 ns
[2025-06-18T00:10:52.089+0300][17400][4220 ][info ][gc,phases] GC(9) Concurrent Mark Free 0.001ms
[2025-06-18T00:10:52.091+0300][17400][4220 ][debug][gc,phases] GC(9) Concurrent References Process 0.785ms
[2025-06-18T00:10:52.091+0300][17400][4220 ][debug][gc,phases] GC(9) ClassLoaderData 0.019ms
[2025-06-18T00:10:52.091+0300][17400][4220 ][debug][gc,phases] GC(9) Trigger cleanups 0.001ms
[2025-06-18T00:10:52.097+0300][17400][4220 ][debug][gc,phases] GC(9) Concurrent Classes Unlink 6.539ms
[2025-06-18T00:10:52.097+0300][17400][8908 ][debug][safepoint] ... found polling page loop exception at pc = 0x0000025d901b4160, stub =0x0000025d8fbb5280
[2025-06-18T00:10:52.097+0300][17400][16944][debug][safepoint] ... found polling page loop exception at pc = 0x0000025d903382db, stub =0x0000025d8fbb5280
[2025-06-18T00:10:52.097+0300][17400][16132][debug][safepoint] ... found polling page loop exception at pc = 0x0000025d901b4160, stub =0x0000025d8fbb5280
[2025-06-18T00:10:52.097+0300][17400][12296][debug][safepoint] ... found polling page loop exception at pc = 0x0000025d901b4160, stub =0x0000025d8fbb5280
[2025-06-18T00:10:52.099+0300][17400][21508][debug][safepoint] ... found polling page loop exception at pc = 0x0000025d901b4160, stub =0x0000025d8fbb5280
[2025-06-18T00:10:52.099+0300][17400][4220 ][debug][gc,phases] GC(9) Concurrent Classes Purge 0.095ms
[2025-06-18T00:10:52.099+0300][17400][4220 ][debug][gc,phases] GC(9) Concurrent References Enqueue 0.007ms
[2025-06-18T00:10:52.099+0300][17400][4220 ][info ][gc,phases] GC(9) Concurrent Process Non-Strong References 10.029ms
[2025-06-18T00:10:52.099+0300][17400][4220 ][info ][gc,phases] GC(9) Concurrent Reset Relocation Set 0.001ms
[2025-06-18T00:10:52.107+0300][17400][4220 ][info ][gc,phases] GC(9) Concurrent Select Relocation Set 6.342ms
[2025-06-18T00:10:52.107+0300][17400][3016 ][debug][safepoint] Safepoint synchronization initiated using striped semaphore wait barrier. (19 threads)
[2025-06-18T00:10:52.107+0300][17400][16944][debug][safepoint] ... found polling page loop exception at pc = 0x0000025d901b2ba0, stub =0x0000025d8fbb5b00
[2025-06-18T00:10:52.107+0300][17400][8908 ][debug][safepoint] ... found polling page loop exception at pc = 0x0000025d901bf78e, stub =0x0000025d8fbb5b00
[2025-06-18T00:10:52.107+0300][17400][12296][debug][safepoint] ... found polling page loop exception at pc = 0x0000025d901b4160, stub =0x0000025d8fbb5280
[2025-06-18T00:10:52.107+0300][17400][21508][debug][safepoint] ... found polling page loop exception at pc = 0x0000025d901b4160, stub =0x0000025d8fbb5280
[2025-06-18T00:10:52.107+0300][17400][4036 ][debug][safepoint] ... found polling page loop exception at pc = 0x0000025d901b4160, stub =0x0000025d8fbb5280
[2025-06-18T00:10:52.107+0300][17400][16132][debug][safepoint] ... found polling page loop exception at pc = 0x0000025d901b2d06, stub =0x0000025d8fbb5b00
[2025-06-18T00:10:52.107+0300][17400][3016 ][info ][gc,phases] GC(9) Pause Relocate Start 0.011ms
[2025-06-18T00:10:52.107+0300][17400][3016 ][info ][safepoint] Safepoint "XRelocateStart", Time since last: 16563600 ns, Reaching safepoint: 296500 ns, Cleanup: 10700 ns, At safepoint: 62300 ns, Total: 369500 ns
[2025-06-18T00:10:52.113+0300][17400][4220 ][info ][gc,phases] GC(9) Concurrent Relocate 5.937ms
[2025-06-18T00:10:52.113+0300][17400][4220 ][debug][gc,heap  ] GC(9) Heap after GC invocations=10 (full 10):
[2025-06-18T00:10:52.113+0300][17400][4220 ][debug][gc,heap  ] GC(9)  ZHeap           used 186M, capacity 12288M, max capacity 12288M
[2025-06-18T00:10:52.113+0300][17400][4220 ][debug][gc,heap  ] GC(9)  Metaspace       used 8694K, committed 9600K, reserved 1114112K
[2025-06-18T00:10:52.113+0300][17400][4220 ][debug][gc,heap  ] GC(9)   class space    used 875K, committed 1280K, reserved 1048576K
[2025-06-18T00:10:52.113+0300][17400][4220 ][info ][gc,heap  ] GC(9) Min Capacity: 12288M(100%)
[2025-06-18T00:10:52.113+0300][17400][4220 ][info ][gc,heap  ] GC(9) Max Capacity: 12288M(100%)
[2025-06-18T00:10:52.113+0300][17400][4220 ][info ][gc,heap  ] GC(9) Soft Max Capacity: 12288M(100%)
[2025-06-18T00:10:52.113+0300][17400][4220 ][info ][gc,heap  ] GC(9)                Mark Start          Mark End        Relocate Start      Relocate End           High               Low         
[2025-06-18T00:10:52.113+0300][17400][4220 ][info ][gc,heap  ] GC(9)  Capacity:    12288M (100%)      12288M (100%)      12288M (100%)      12288M (100%)      12288M (100%)      12288M (100%)   
[2025-06-18T00:10:52.113+0300][17400][4220 ][info ][gc,heap  ] GC(9)      Free:      902M (7%)          806M (7%)        10252M (83%)       12102M (98%)       12114M (99%)         786M (6%)     
[2025-06-18T00:10:52.113+0300][17400][4220 ][info ][gc,heap  ] GC(9)      Used:    11386M (93%)       11482M (93%)        2036M (17%)         186M (2%)        11502M (94%)         174M (1%)     
[2025-06-18T00:10:52.113+0300][17400][4220 ][info ][gc,heap  ] GC(9)      Live:         -                11M (0%)           11M (0%)           11M (0%)             -                  -          
[2025-06-18T00:10:52.113+0300][17400][4220 ][info ][gc,heap  ] GC(9) Allocated:         -                96M (1%)          132M (1%)          147M (1%)             -                  -          
[2025-06-18T00:10:52.113+0300][17400][4220 ][info ][gc,heap  ] GC(9)   Garbage:         -             11374M (93%)        1892M (15%)          26M (0%)             -                  -          
[2025-06-18T00:10:52.113+0300][17400][4220 ][info ][gc,heap  ] GC(9) Reclaimed:         -                  -              9482M (77%)       11347M (92%)            -                  -          
[2025-06-18T00:10:52.113+0300][17400][4220 ][info ][gc       ] GC(9) Garbage Collection (Allocation Rate) 11386M(93%)->186M(2%)
[2025-06-18T00:10:53.109+0300][17400][3016 ][debug][safepoint] Safepoint synchronization initiated using striped semaphore wait barrier. (19 threads)
[2025-06-18T00:10:53.109+0300][17400][16944][debug][safepoint] ... found polling page loop exception at pc = 0x0000025d901b4160, stub =0x0000025d8fbb5280
[2025-06-18T00:10:53.109+0300][17400][4036 ][debug][safepoint] ... found polling page loop exception at pc = 0x0000025d901b4160, stub =0x0000025d8fbb5280
[2025-06-18T00:10:53.109+0300][17400][20884][debug][safepoint] ... found polling page loop exception at pc = 0x0000025d901b4160, stub =0x0000025d8fbb5280
[2025-06-18T00:10:53.109+0300][17400][8908 ][debug][safepoint] ... found polling page loop exception at pc = 0x0000025d903379ac, stub =0x0000025d8fbb5280
[2025-06-18T00:10:53.109+0300][17400][3016 ][info ][safepoint] Safepoint "Cleanup", Time since last: 1001836800 ns, Reaching safepoint: 353100 ns, Cleanup: 24000 ns, At safepoint: 25200 ns, Total: 402300 ns
[2025-06-18T00:10:56.050+0300][17400][4220 ][debug][gc,heap  ] GC(10) Heap before GC invocations=10 (full 10):
[2025-06-18T00:10:56.050+0300][17400][4220 ][debug][gc,heap  ] GC(10)  ZHeap           used 10558M, capacity 12288M, max capacity 12288M
[2025-06-18T00:10:56.050+0300][17400][4220 ][debug][gc,heap  ] GC(10)  Metaspace       used 8694K, committed 9600K, reserved 1114112K
[2025-06-18T00:10:56.050+0300][17400][4220 ][debug][gc,heap  ] GC(10)   class space    used 875K, committed 1280K, reserved 1048576K
[2025-06-18T00:10:56.050+0300][17400][3016 ][debug][safepoint] Safepoint synchronization initiated using striped semaphore wait barrier. (19 threads)
[2025-06-18T00:10:56.050+0300][17400][21508][debug][safepoint] ... found polling page loop exception at pc = 0x0000025d901b4160, stub =0x0000025d8fbb5280
[2025-06-18T00:10:56.050+0300][17400][18064][debug][safepoint] ... found polling page loop exception at pc = 0x0000025d901b2ba0, stub =0x0000025d8fbb5b00
[2025-06-18T00:10:56.050+0300][17400][20884][debug][safepoint] ... found polling page loop exception at pc = 0x0000025d901b4160, stub =0x0000025d8fbb5280
[2025-06-18T00:10:56.050+0300][17400][8908 ][debug][safepoint] ... found polling page loop exception at pc = 0x0000025d901b4160, stub =0x0000025d8fbb5280
[2025-06-18T00:10:56.050+0300][17400][12296][debug][safepoint] ... found polling page loop exception at pc = 0x0000025d902bbb9e, stub =0x0000025d8fbb5b00
[2025-06-18T00:10:56.050+0300][17400][16944][debug][safepoint] ... found polling page loop exception at pc = 0x0000025d901b4160, stub =0x0000025d8fbb5280
[2025-06-18T00:10:56.050+0300][17400][16132][debug][safepoint] ... found polling page loop exception at pc = 0x0000025d901b4160, stub =0x0000025d8fbb5280
[2025-06-18T00:10:56.050+0300][17400][3016 ][info ][gc,phases] GC(10) Pause Mark Start 0.019ms
[2025-06-18T00:10:56.050+0300][17400][3016 ][info ][safepoint] Safepoint "XMarkStart", Time since last: 2939987900 ns, Reaching safepoint: 586700 ns, Cleanup: 15700 ns, At safepoint: 108100 ns, Total: 710500 ns
[2025-06-18T00:10:56.069+0300][17400][4036 ][debug][safepoint] ... found polling page loop exception at pc = 0x0000025d901b4160, stub =0x0000025d8fbb5280
[2025-06-18T00:10:56.069+0300][17400][18064][debug][safepoint] ... found polling page loop exception at pc = 0x0000025d901b4160, stub =0x0000025d8fbb5280
[2025-06-18T00:10:56.069+0300][17400][16132][debug][safepoint] ... found polling page loop exception at pc = 0x0000025d901de305, stub =0x0000025d8fbb5b00
[2025-06-18T00:10:56.069+0300][17400][20884][debug][safepoint] ... found polling page loop exception at pc = 0x0000025d903382db, stub =0x0000025d8fbb5280
[2025-06-18T00:10:56.069+0300][17400][21508][debug][safepoint] ... found polling page loop exception at pc = 0x0000025d901b4160, stub =0x0000025d8fbb5280
[2025-06-18T00:10:56.096+0300][17400][8908 ][debug][safepoint] ... found polling page loop exception at pc = 0x0000025d901cda30, stub =0x0000025d8fbb5b00
[2025-06-18T00:10:56.098+0300][17400][16132][debug][safepoint] ... found polling page loop exception at pc = 0x0000025d901b4160, stub =0x0000025d8fbb5280
[2025-06-18T00:10:56.112+0300][17400][18064][debug][safepoint] ... found polling page loop exception at pc = 0x0000025d903382db, stub =0x0000025d8fbb5280
[2025-06-18T00:10:56.128+0300][17400][16132][debug][safepoint] ... found polling page loop exception at pc = 0x0000025d901b4160, stub =0x0000025d8fbb5280
[2025-06-18T00:10:56.128+0300][17400][8908 ][debug][safepoint] ... found polling page loop exception at pc = 0x0000025d901e74c5, stub =0x0000025d8fbb5b00
[2025-06-18T00:10:56.128+0300][17400][12296][debug][safepoint] ... found polling page loop exception at pc = 0x0000025d901b4160, stub =0x0000025d8fbb5280
[2025-06-18T00:10:56.128+0300][17400][4036 ][debug][safepoint] ... found polling page loop exception at pc = 0x0000025d901b4160, stub =0x0000025d8fbb5280
[2025-06-18T00:10:56.130+0300][17400][20884][debug][safepoint] ... found polling page loop exception at pc = 0x0000025d901b2d06, stub =0x0000025d8fbb5b00
[2025-06-18T00:10:56.144+0300][17400][16944][debug][safepoint] ... found polling page loop exception at pc = 0x0000025d901b2ba0, stub =0x0000025d8fbb5b00
[2025-06-18T00:10:56.144+0300][17400][8908 ][debug][safepoint] ... found polling page loop exception at pc = 0x0000025d901b4160, stub =0x0000025d8fbb5280
[2025-06-18T00:10:56.144+0300][17400][12296][debug][safepoint] ... found polling page loop exception at pc = 0x0000025d901b4160, stub =0x0000025d8fbb5280
[2025-06-18T00:10:56.144+0300][17400][18064][debug][safepoint] ... found polling page loop exception at pc = 0x0000025d901b4160, stub =0x0000025d8fbb5280
[2025-06-18T00:10:56.144+0300][17400][16132][debug][safepoint] ... found polling page loop exception at pc = 0x0000025d903885c2, stub =0x0000025d8fbb5280
[2025-06-18T00:10:56.176+0300][17400][4220 ][info ][gc,phases] GC(10) Concurrent Mark 125.002ms
[2025-06-18T00:10:56.176+0300][17400][3016 ][debug][safepoint] Safepoint synchronization initiated using striped semaphore wait barrier. (19 threads)
[2025-06-18T00:10:56.176+0300][17400][12296][debug][safepoint] ... found polling page loop exception at pc = 0x0000025d901bf78e, stub =0x0000025d8fbb5b00
[2025-06-18T00:10:56.176+0300][17400][8908 ][debug][safepoint] ... found polling page loop exception at pc = 0x0000025d9022bbc3, stub =0x0000025d8fbb5b00
[2025-06-18T00:10:56.176+0300][17400][4036 ][debug][safepoint] ... found polling page loop exception at pc = 0x0000025d901b4160, stub =0x0000025d8fbb5280
[2025-06-18T00:10:56.176+0300][17400][16132][debug][safepoint] ... found polling page loop exception at pc = 0x0000025d901b4160, stub =0x0000025d8fbb5280
[2025-06-18T00:10:56.176+0300][17400][3016 ][info ][gc,phases] GC(10) Pause Mark End 0.028ms
[2025-06-18T00:10:56.176+0300][17400][3016 ][info ][safepoint] Safepoint "XMarkEnd", Time since last: 125154900 ns, Reaching safepoint: 301800 ns, Cleanup: 9000 ns, At safepoint: 95700 ns, Total: 406500 ns
[2025-06-18T00:10:56.176+0300][17400][4220 ][info ][gc,phases] GC(10) Concurrent Mark Free 0.001ms
[2025-06-18T00:10:56.176+0300][17400][4220 ][debug][gc,phases] GC(10) Concurrent References Process 0.505ms
[2025-06-18T00:10:56.176+0300][17400][4220 ][debug][gc,phases] GC(10) ClassLoaderData 0.024ms
[2025-06-18T00:10:56.176+0300][17400][4220 ][debug][gc,phases] GC(10) Trigger cleanups 0.001ms
[2025-06-18T00:10:56.180+0300][17400][4220 ][debug][gc,phases] GC(10) Concurrent Classes Unlink 3.898ms
[2025-06-18T00:10:56.180+0300][17400][20884][debug][safepoint] ... found polling page loop exception at pc = 0x0000025d9022bbc3, stub =0x0000025d8fbb5b00
[2025-06-18T00:10:56.180+0300][17400][12296][debug][safepoint] ... found polling page loop exception at pc = 0x0000025d901b4160, stub =0x0000025d8fbb5280
[2025-06-18T00:10:56.191+0300][17400][4220 ][debug][gc,phases] GC(10) Concurrent Classes Purge 0.187ms
[2025-06-18T00:10:56.191+0300][17400][4220 ][debug][gc,phases] GC(10) Concurrent References Enqueue 0.009ms
[2025-06-18T00:10:56.191+0300][17400][4220 ][info ][gc,phases] GC(10) Concurrent Process Non-Strong References 15.518ms
[2025-06-18T00:10:56.191+0300][17400][4220 ][info ][gc,phases] GC(10) Concurrent Reset Relocation Set 0.072ms
[2025-06-18T00:10:56.197+0300][17400][4220 ][info ][gc,phases] GC(10) Concurrent Select Relocation Set 5.696ms
[2025-06-18T00:10:56.197+0300][17400][3016 ][debug][safepoint] Safepoint synchronization initiated using striped semaphore wait barrier. (19 threads)
[2025-06-18T00:10:56.197+0300][17400][21508][debug][safepoint] ... found polling page loop exception at pc = 0x0000025d903379ac, stub =0x0000025d8fbb5280
[2025-06-18T00:10:56.197+0300][17400][16132][debug][safepoint] ... found polling page loop exception at pc = 0x0000025d901b4160, stub =0x0000025d8fbb5280
[2025-06-18T00:10:56.197+0300][17400][4036 ][debug][safepoint] ... found polling page loop exception at pc = 0x0000025d901b2d06, stub =0x0000025d8fbb5b00
[2025-06-18T00:10:56.197+0300][17400][8908 ][debug][safepoint] ... found polling page loop exception at pc = 0x0000025d902e9332, stub =0x0000025d8fbb5b00
[2025-06-18T00:10:56.197+0300][17400][20884][debug][safepoint] ... found polling page loop exception at pc = 0x0000025d901b4160, stub =0x0000025d8fbb5280
[2025-06-18T00:10:56.197+0300][17400][18064][debug][safepoint] ... found polling page loop exception at pc = 0x0000025d901b4160, stub =0x0000025d8fbb5280
[2025-06-18T00:10:56.197+0300][17400][3016 ][info ][gc,phases] GC(10) Pause Relocate Start 0.011ms
[2025-06-18T00:10:56.197+0300][17400][3016 ][info ][safepoint] Safepoint "XRelocateStart", Time since last: 21505700 ns, Reaching safepoint: 367900 ns, Cleanup: 6000 ns, At safepoint: 78800 ns, Total: 452700 ns
[2025-06-18T00:10:56.200+0300][17400][4220 ][info ][gc,phases] GC(10) Concurrent Relocate 4.037ms
[2025-06-18T00:10:56.200+0300][17400][4220 ][debug][gc,heap  ] GC(10) Heap after GC invocations=11 (full 11):
[2025-06-18T00:10:56.200+0300][17400][4220 ][debug][gc,heap  ] GC(10)  ZHeap           used 364M, capacity 12288M, max capacity 12288M
[2025-06-18T00:10:56.200+0300][17400][4220 ][debug][gc,heap  ] GC(10)  Metaspace       used 8694K, committed 9600K, reserved 1114112K
[2025-06-18T00:10:56.200+0300][17400][4220 ][debug][gc,heap  ] GC(10)   class space    used 875K, committed 1280K, reserved 1048576K
[2025-06-18T00:10:56.200+0300][17400][4220 ][info ][gc,heap  ] GC(10) Min Capacity: 12288M(100%)
[2025-06-18T00:10:56.200+0300][17400][4220 ][info ][gc,heap  ] GC(10) Max Capacity: 12288M(100%)
[2025-06-18T00:10:56.200+0300][17400][4220 ][info ][gc,heap  ] GC(10) Soft Max Capacity: 12288M(100%)
[2025-06-18T00:10:56.200+0300][17400][4220 ][info ][gc,heap  ] GC(10)                Mark Start          Mark End        Relocate Start      Relocate End           High               Low         
[2025-06-18T00:10:56.202+0300][17400][4220 ][info ][gc,heap  ] GC(10)  Capacity:    12288M (100%)      12288M (100%)      12288M (100%)      12288M (100%)      12288M (100%)      12288M (100%)   
[2025-06-18T00:10:56.202+0300][17400][4220 ][info ][gc,heap  ] GC(10)      Free:     1730M (14%)        1462M (12%)       10190M (83%)       11924M (97%)       11932M (97%)        1428M (12%)    
[2025-06-18T00:10:56.202+0300][17400][4220 ][info ][gc,heap  ] GC(10)      Used:    10558M (86%)       10826M (88%)        2098M (17%)         364M (3%)        10860M (88%)         356M (3%)     
[2025-06-18T00:10:56.202+0300][17400][4220 ][info ][gc,heap  ] GC(10)      Live:         -                11M (0%)           11M (0%)           11M (0%)             -                  -          
[2025-06-18T00:10:56.202+0300][17400][4220 ][info ][gc,heap  ] GC(10) Allocated:         -               268M (2%)          314M (3%)          325M (3%)             -                  -          
[2025-06-18T00:10:56.202+0300][17400][4220 ][info ][gc,heap  ] GC(10)   Garbage:         -             10546M (86%)        1772M (14%)          26M (0%)             -                  -          
[2025-06-18T00:10:56.202+0300][17400][4220 ][info ][gc,heap  ] GC(10) Reclaimed:         -                  -              8774M (71%)       10519M (86%)            -                  -          
[2025-06-18T00:10:56.202+0300][17400][4220 ][info ][gc       ] GC(10) Garbage Collection (Proactive) 10558M(86%)->364M(3%)
[2025-06-18T00:10:58.290+0300][17400][3016 ][debug][safepoint] Safepoint synchronization initiated using striped semaphore wait barrier. (10 threads)
