[2025-05-18T19:29:29.410+0300][5832][7656][info][gc,init] Initializing The Z Garbage Collector
[2025-05-18T19:29:29.410+0300][5832][7656][info][gc,init] Version: 21.0.6+8-LTS-188 (release)
[2025-05-18T19:29:29.410+0300][5832][7656][info][gc,init] Using legacy single-generation mode
[2025-05-18T19:29:29.410+0300][5832][7656][info][gc,init] NUMA Support: Disabled
[2025-05-18T19:29:29.410+0300][5832][7656][info][gc,init] CPUs: 8 total, 8 available
[2025-05-18T19:29:29.410+0300][5832][7656][info][gc,init] Memory: 16183M
[2025-05-18T19:29:29.411+0300][5832][7656][info][gc,init] Large Page Support: Disabled
[2025-05-18T19:29:29.411+0300][5832][7656][info][gc,init] GC Workers: 2 (dynamic)
[2025-05-18T19:29:29.411+0300][5832][7656][info][gc,init] Address Space Type: Contiguous/Unrestricted/Complete
[2025-05-18T19:29:29.411+0300][5832][7656][info][gc,init] Address Space Size: 196608M x 3 = 589824M
[2025-05-18T19:29:29.411+0300][5832][7656][info][gc,init] Min Capacity: 12288M
[2025-05-18T19:29:29.411+0300][5832][7656][info][gc,init] Initial Capacity: 12288M
[2025-05-18T19:29:29.411+0300][5832][7656][info][gc,init] Max Capacity: 12288M
[2025-05-18T19:29:29.411+0300][5832][7656][info][gc,init] Medium Page Size: 32M
[2025-05-18T19:29:29.411+0300][5832][7656][info][gc,init] Pre-touch: Disabled
[2025-05-18T19:29:29.411+0300][5832][7656][info][gc,init] Uncommit: Implicitly Disabled (-Xms equals -Xmx)
[2025-05-18T19:29:29.755+0300][5832][7656][info][gc,init] Runtime Workers: 5
[2025-05-18T19:29:29.755+0300][5832][7656][info][gc     ] Using The Z Garbage Collector
[2025-05-18T19:29:29.768+0300][5832][7656][info][gc,metaspace] CDS archive(s) mapped at: [0x0000028fc3000000-0x0000028fc3c90000-0x0000028fc3c90000), size 13172736, SharedBaseAddress: 0x0000028fc3000000, ArchiveRelocationMode: 1.
[2025-05-18T19:29:29.768+0300][5832][7656][info][gc,metaspace] Compressed class space mapped at: 0x0000028fc4000000-0x0000029004000000, reserved size: 1073741824
[2025-05-18T19:29:29.768+0300][5832][7656][info][gc,metaspace] Narrow klass base: 0x0000028fc3000000, Narrow klass shift: 0, Narrow klass range: 0x100000000
[2025-05-18T19:29:29.912+0300][5832][7656][info][gc,heap,exit] Heap
[2025-05-18T19:29:29.912+0300][5832][7656][info][gc,heap,exit]  ZHeap           used 14M, capacity 12288M, max capacity 12288M
[2025-05-18T19:29:29.912+0300][5832][7656][info][gc,heap,exit]  Metaspace       used 1941K, committed 2176K, reserved 1114112K
[2025-05-18T19:29:29.912+0300][5832][7656][info][gc,heap,exit]   class space    used 193K, committed 320K, reserved 1048576K
