[2025-06-18T00:00:03.115+0300][12872][21992][debug][gc,heap] Minimum heap 2147483648  Initial heap 2147483648  Maximum heap 2147483648
[2025-06-18T00:00:03.173+0300][12872][21992][info ][gc     ] Using The Z Garbage Collector
[2025-06-18T00:00:04.269+0300][12872][20264][debug][safepoint] Safepoint synchronization initiated using striped semaphore wait barrier. (11 threads)
[2025-06-18T00:00:04.269+0300][12872][21992][debug][safepoint] ... found polling page loop exception at pc = 0x00000207272ccfc5, stub =0x0000020726d55b00
[2025-06-18T00:00:04.269+0300][12872][20264][info ][safepoint] Safepoint "Cleanup", Time since last: 1078962000 ns, Reaching safepoint: 162400 ns, Cleanup: 39200 ns, At safepoint: 6800 ns, Total: 208400 ns
[2025-06-18T00:00:05.283+0300][12872][20264][debug][safepoint] Safepoint synchronization initiated using striped semaphore wait barrier. (11 threads)
[2025-06-18T00:00:05.283+0300][12872][20264][info ][safepoint] Safepoint "Cleanup", Time since last: 1013706400 ns, Reaching safepoint: 164300 ns, Cleanup: 14900 ns, At safepoint: 6000 ns, Total: 185200 ns
[2025-06-18T00:00:08.040+0300][12872][18160][debug][gc,heap  ] GC(0) Heap before GC invocations=0 (full 0):
[2025-06-18T00:00:08.040+0300][12872][18160][debug][gc,heap  ] GC(0)  ZHeap           used 164M, capacity 2048M, max capacity 2048M
[2025-06-18T00:00:08.040+0300][12872][18160][debug][gc,heap  ] GC(0)  Metaspace       used 2836K, committed 3072K, reserved 1114112K
[2025-06-18T00:00:08.040+0300][12872][18160][debug][gc,heap  ] GC(0)   class space    used 256K, committed 384K, reserved 1048576K
[2025-06-18T00:00:08.040+0300][12872][20264][debug][safepoint] Safepoint synchronization initiated using striped semaphore wait barrier. (12 threads)
[2025-06-18T00:00:08.040+0300][12872][20264][info ][gc,phases] GC(0) Pause Mark Start 0.006ms
[2025-06-18T00:00:08.040+0300][12872][20264][info ][safepoint] Safepoint "XMarkStart", Time since last: 2764963700 ns, Reaching safepoint: 29500 ns, Cleanup: 29700 ns, At safepoint: 44600 ns, Total: 103800 ns
[2025-06-18T00:00:08.067+0300][12872][18160][info ][gc,phases] GC(0) Concurrent Mark 18.297ms
[2025-06-18T00:00:08.067+0300][12872][20264][debug][safepoint] Safepoint synchronization initiated using striped semaphore wait barrier. (12 threads)
[2025-06-18T00:00:08.067+0300][12872][20264][info ][gc,phases] GC(0) Pause Mark End 0.019ms
[2025-06-18T00:00:08.067+0300][12872][20264][info ][safepoint] Safepoint "XMarkEnd", Time since last: 18471300 ns, Reaching safepoint: 19800 ns, Cleanup: 2900 ns, At safepoint: 31700 ns, Total: 54400 ns
[2025-06-18T00:00:08.067+0300][12872][18160][info ][gc,phases] GC(0) Concurrent Mark Free 0.000ms
[2025-06-18T00:00:08.067+0300][12872][18160][debug][gc,phases] GC(0) Concurrent References Process 0.113ms
[2025-06-18T00:00:08.067+0300][12872][18160][debug][gc,phases] GC(0) ClassLoaderData 0.005ms
[2025-06-18T00:00:08.067+0300][12872][18160][debug][gc,phases] GC(0) Trigger cleanups 0.000ms
[2025-06-18T00:00:08.067+0300][12872][18160][debug][gc,phases] GC(0) Concurrent Classes Unlink 0.524ms
[2025-06-18T00:00:08.067+0300][12872][18160][debug][gc,phases] GC(0) Concurrent Classes Purge 0.148ms
[2025-06-18T00:00:08.067+0300][12872][18160][debug][gc,phases] GC(0) Concurrent References Enqueue 0.003ms
[2025-06-18T00:00:08.067+0300][12872][20264][debug][safepoint] Safepoint synchronization initiated using striped semaphore wait barrier. (12 threads)
[2025-06-18T00:00:08.067+0300][12872][18160][info ][gc,phases] GC(0) Concurrent Process Non-Strong References 1.005ms
[2025-06-18T00:00:08.067+0300][12872][18160][info ][gc,phases] GC(0) Concurrent Reset Relocation Set 0.000ms
[2025-06-18T00:00:08.067+0300][12872][20264][info ][safepoint] Safepoint "CleanClassLoaderDataMetaspaces", Time since last: 1037100 ns, Reaching safepoint: 45700 ns, Cleanup: 58900 ns, At safepoint: 22700 ns, Total: 127300 ns
[2025-06-18T00:00:08.070+0300][12872][18160][info ][gc,phases] GC(0) Concurrent Select Relocation Set 3.025ms
[2025-06-18T00:00:08.070+0300][12872][20264][debug][safepoint] Safepoint synchronization initiated using striped semaphore wait barrier. (12 threads)
[2025-06-18T00:00:08.070+0300][12872][20264][info ][gc,phases] GC(0) Pause Relocate Start 0.010ms
[2025-06-18T00:00:08.070+0300][12872][20264][info ][safepoint] Safepoint "XRelocateStart", Time since last: 3063000 ns, Reaching safepoint: 67500 ns, Cleanup: 1800 ns, At safepoint: 25800 ns, Total: 95100 ns
[2025-06-18T00:00:08.070+0300][12872][18160][info ][gc,phases] GC(0) Concurrent Relocate 1.002ms
[2025-06-18T00:00:08.070+0300][12872][18160][debug][gc,heap  ] GC(0) Heap after GC invocations=1 (full 1):
[2025-06-18T00:00:08.070+0300][12872][18160][debug][gc,heap  ] GC(0)  ZHeap           used 10M, capacity 2048M, max capacity 2048M
[2025-06-18T00:00:08.070+0300][12872][18160][debug][gc,heap  ] GC(0)  Metaspace       used 2836K, committed 3072K, reserved 1114112K
[2025-06-18T00:00:08.070+0300][12872][18160][debug][gc,heap  ] GC(0)   class space    used 256K, committed 384K, reserved 1048576K
[2025-06-18T00:00:08.070+0300][12872][18160][info ][gc,heap  ] GC(0) Min Capacity: 2048M(100%)
[2025-06-18T00:00:08.070+0300][12872][18160][info ][gc,heap  ] GC(0) Max Capacity: 2048M(100%)
[2025-06-18T00:00:08.070+0300][12872][18160][info ][gc,heap  ] GC(0) Soft Max Capacity: 2048M(100%)
[2025-06-18T00:00:08.070+0300][12872][18160][info ][gc,heap  ] GC(0)                Mark Start          Mark End        Relocate Start      Relocate End           High               Low         
[2025-06-18T00:00:08.070+0300][12872][18160][info ][gc,heap  ] GC(0)  Capacity:     2048M (100%)       2048M (100%)       2048M (100%)       2048M (100%)       2048M (100%)       2048M (100%)   
[2025-06-18T00:00:08.070+0300][12872][18160][info ][gc,heap  ] GC(0)      Free:     1884M (92%)        1884M (92%)        1882M (92%)        2038M (100%)       2038M (100%)       1878M (92%)    
[2025-06-18T00:00:08.070+0300][12872][18160][info ][gc,heap  ] GC(0)      Used:      164M (8%)          164M (8%)          166M (8%)           10M (0%)          170M (8%)           10M (0%)     
[2025-06-18T00:00:08.070+0300][12872][18160][info ][gc,heap  ] GC(0)      Live:         -                 3M (0%)            3M (0%)            3M (0%)             -                  -          
[2025-06-18T00:00:08.070+0300][12872][18160][info ][gc,heap  ] GC(0) Allocated:         -                 0M (0%)            2M (0%)            2M (0%)             -                  -          
[2025-06-18T00:00:08.070+0300][12872][18160][info ][gc,heap  ] GC(0)   Garbage:         -               160M (8%)          160M (8%)            4M (0%)             -                  -          
[2025-06-18T00:00:08.070+0300][12872][18160][info ][gc,heap  ] GC(0) Reclaimed:         -                  -                 0M (0%)          156M (8%)             -                  -          
[2025-06-18T00:00:08.070+0300][12872][18160][info ][gc       ] GC(0) Garbage Collection (System.gc()) 164M(8%)->10M(0%)
[2025-06-18T00:00:08.424+0300][12872][20264][debug][safepoint] Safepoint synchronization initiated using striped semaphore wait barrier. (21 threads)
[2025-06-18T00:00:08.424+0300][12872][2932 ][debug][safepoint] ... found polling page loop exception at pc = 0x000002071fa80558, stub =0x0000020726d55b00
[2025-06-18T00:00:08.424+0300][12872][20264][info ][safepoint] Safepoint "ICBufferFull", Time since last: 353170800 ns, Reaching safepoint: 189700 ns, Cleanup: 81900 ns, At safepoint: 15500 ns, Total: 287100 ns
[2025-06-18T00:00:08.424+0300][12872][20264][debug][safepoint] Safepoint synchronization initiated using striped semaphore wait barrier. (21 threads)
[2025-06-18T00:00:08.424+0300][12872][20264][info ][safepoint] Safepoint "ICBufferFull", Time since last: 69800 ns, Reaching safepoint: 64100 ns, Cleanup: 3800 ns, At safepoint: 13100 ns, Total: 81000 ns
[2025-06-18T00:00:08.424+0300][12872][20264][debug][safepoint] Safepoint synchronization initiated using striped semaphore wait barrier. (21 threads)
[2025-06-18T00:00:08.427+0300][12872][3076 ][debug][safepoint] ... found polling page loop exception at pc = 0x000002071fa80558, stub =0x0000020726d55b00
[2025-06-18T00:00:08.427+0300][12872][20264][info ][safepoint] Safepoint "ICBufferFull", Time since last: 1723200 ns, Reaching safepoint: 174800 ns, Cleanup: 5500 ns, At safepoint: 14800 ns, Total: 195100 ns
[2025-06-18T00:00:08.562+0300][12872][20264][debug][safepoint] Safepoint synchronization initiated using striped semaphore wait barrier. (21 threads)
[2025-06-18T00:00:08.562+0300][12872][22300][debug][safepoint] ... found polling page loop exception at pc = 0x00000207273653e0, stub =0x0000020726d55280
[2025-06-18T00:00:08.562+0300][12872][3076 ][debug][safepoint] ... found polling page loop exception at pc = 0x00000207273653e0, stub =0x0000020726d55280
[2025-06-18T00:00:08.562+0300][12872][22152][debug][safepoint] ... found polling page loop exception at pc = 0x00000207273653e0, stub =0x0000020726d55280
[2025-06-18T00:00:08.562+0300][12872][20264][info ][safepoint] Safepoint "ICBufferFull", Time since last: 135929000 ns, Reaching safepoint: 220600 ns, Cleanup: 82000 ns, At safepoint: 19800 ns, Total: 322400 ns
[2025-06-18T00:00:08.714+0300][12872][18160][debug][gc,heap  ] GC(1) Heap before GC invocations=1 (full 1):
[2025-06-18T00:00:08.714+0300][12872][18160][debug][gc,heap  ] GC(1)  ZHeap           used 296M, capacity 2048M, max capacity 2048M
[2025-06-18T00:00:08.714+0300][12872][18160][debug][gc,heap  ] GC(1)  Metaspace       used 8830K, committed 9344K, reserved 1114112K
[2025-06-18T00:00:08.714+0300][12872][18160][debug][gc,heap  ] GC(1)   class space    used 979K, committed 1216K, reserved 1048576K
[2025-06-18T00:00:08.714+0300][12872][20264][debug][safepoint] Safepoint synchronization initiated using striped semaphore wait barrier. (21 threads)
[2025-06-18T00:00:08.714+0300][12872][3076 ][debug][safepoint] ... found polling page loop exception at pc = 0x00000207273653e0, stub =0x0000020726d55280
[2025-06-18T00:00:08.714+0300][12872][22488][debug][safepoint] ... found polling page loop exception at pc = 0x000002072736408e, stub =0x0000020726d55b00
[2025-06-18T00:00:08.714+0300][12872][2932 ][debug][safepoint] ... found polling page loop exception at pc = 0x000002072738dd4e, stub =0x0000020726d55b00
[2025-06-18T00:00:08.714+0300][12872][20264][info ][gc,phases] GC(1) Pause Mark Start 0.006ms
[2025-06-18T00:00:08.714+0300][12872][20264][info ][safepoint] Safepoint "XMarkStart", Time since last: 150809900 ns, Reaching safepoint: 153900 ns, Cleanup: 48300 ns, At safepoint: 49200 ns, Total: 251400 ns
[2025-06-18T00:00:08.720+0300][12872][11992][debug][safepoint] ... found polling page loop exception at pc = 0x00000207273653e0, stub =0x0000020726d55280
[2025-06-18T00:00:08.745+0300][12872][22152][debug][safepoint] ... found polling page loop exception at pc = 0x00000207273653e0, stub =0x0000020726d55280
[2025-06-18T00:00:08.745+0300][12872][22488][debug][safepoint] ... found polling page loop exception at pc = 0x0000020727399d8f, stub =0x0000020726d55280
[2025-06-18T00:00:08.745+0300][12872][11992][debug][safepoint] ... found polling page loop exception at pc = 0x00000207273653e0, stub =0x0000020726d55280
[2025-06-18T00:00:08.761+0300][12872][22300][debug][safepoint] ... found polling page loop exception at pc = 0x00000207273653e0, stub =0x0000020726d55280
[2025-06-18T00:00:08.761+0300][12872][2932 ][debug][safepoint] ... found polling page loop exception at pc = 0x00000207273517fb, stub =0x0000020726d55280
[2025-06-18T00:00:08.777+0300][12872][1872 ][debug][safepoint] ... found polling page loop exception at pc = 0x000002072736408e, stub =0x0000020726d55b00
[2025-06-18T00:00:08.777+0300][12872][22488][debug][safepoint] ... found polling page loop exception at pc = 0x00000207273653e0, stub =0x0000020726d55280
[2025-06-18T00:00:08.779+0300][12872][2932 ][debug][safepoint] ... found polling page loop exception at pc = 0x00000207273653e0, stub =0x0000020726d55280
[2025-06-18T00:00:08.787+0300][12872][17200][debug][safepoint] ... found polling page loop exception at pc = 0x0000020727356360, stub =0x0000020726d55b00
[2025-06-18T00:00:08.808+0300][12872][18160][info ][gc,phases] GC(1) Concurrent Mark 94.025ms
[2025-06-18T00:00:08.808+0300][12872][20264][debug][safepoint] Safepoint synchronization initiated using striped semaphore wait barrier. (21 threads)
[2025-06-18T00:00:08.808+0300][12872][17200][debug][safepoint] ... found polling page loop exception at pc = 0x00000207273768c0, stub =0x0000020726d55b00
[2025-06-18T00:00:08.808+0300][12872][22488][debug][safepoint] ... found polling page loop exception at pc = 0x000002072737074b, stub =0x0000020726d55b00
[2025-06-18T00:00:08.808+0300][12872][20264][info ][gc,phases] GC(1) Pause Mark End 0.014ms
[2025-06-18T00:00:08.808+0300][12872][20264][info ][safepoint] Safepoint "XMarkEnd", Time since last: 94153500 ns, Reaching safepoint: 146300 ns, Cleanup: 19600 ns, At safepoint: 62100 ns, Total: 228000 ns
[2025-06-18T00:00:08.808+0300][12872][18160][info ][gc,phases] GC(1) Concurrent Mark Free 0.001ms
[2025-06-18T00:00:08.808+0300][12872][18160][debug][gc,phases] GC(1) Concurrent References Process 0.103ms
[2025-06-18T00:00:08.808+0300][12872][18160][debug][gc,phases] GC(1) ClassLoaderData 0.356ms
[2025-06-18T00:00:08.808+0300][12872][18160][debug][gc,phases] GC(1) Trigger cleanups 0.008ms
[2025-06-18T00:00:08.812+0300][12872][18160][debug][gc,phases] GC(1) Concurrent Classes Unlink 4.559ms
[2025-06-18T00:00:08.812+0300][12872][11992][debug][safepoint] ... found polling page loop exception at pc = 0x00000207273653e0, stub =0x0000020726d55280
[2025-06-18T00:00:08.824+0300][12872][18160][debug][gc,phases] GC(1) Concurrent Classes Purge 1.030ms
[2025-06-18T00:00:08.824+0300][12872][18160][debug][gc,phases] GC(1) Concurrent References Enqueue 0.006ms
[2025-06-18T00:00:08.824+0300][12872][18160][info ][gc,phases] GC(1) Concurrent Process Non-Strong References 16.542ms
[2025-06-18T00:00:08.824+0300][12872][18160][info ][gc,phases] GC(1) Concurrent Reset Relocation Set 0.008ms
[2025-06-18T00:00:08.826+0300][12872][18160][info ][gc,phases] GC(1) Concurrent Select Relocation Set 2.237ms
[2025-06-18T00:00:08.826+0300][12872][20264][debug][safepoint] Safepoint synchronization initiated using striped semaphore wait barrier. (21 threads)
[2025-06-18T00:00:08.826+0300][12872][22300][debug][safepoint] ... found polling page loop exception at pc = 0x00000207273653e0, stub =0x0000020726d55280
[2025-06-18T00:00:08.826+0300][12872][17200][debug][safepoint] ... found polling page loop exception at pc = 0x00000207273a1a01, stub =0x0000020726d55b00
[2025-06-18T00:00:08.826+0300][12872][20264][info ][gc,phases] GC(1) Pause Relocate Start 0.007ms
[2025-06-18T00:00:08.828+0300][12872][20264][info ][safepoint] Safepoint "XRelocateStart", Time since last: 18954300 ns, Reaching safepoint: 145300 ns, Cleanup: 130800 ns, At safepoint: 588900 ns, Total: 865000 ns
[2025-06-18T00:00:08.832+0300][12872][18160][info ][gc,phases] GC(1) Concurrent Relocate 3.488ms
[2025-06-18T00:00:08.832+0300][12872][18160][debug][gc,heap  ] GC(1) Heap after GC invocations=2 (full 2):
[2025-06-18T00:00:08.832+0300][12872][18160][debug][gc,heap  ] GC(1)  ZHeap           used 174M, capacity 2048M, max capacity 2048M
[2025-06-18T00:00:08.832+0300][12872][18160][debug][gc,heap  ] GC(1)  Metaspace       used 8392K, committed 9408K, reserved 1114112K
[2025-06-18T00:00:08.832+0300][12872][18160][debug][gc,heap  ] GC(1)   class space    used 854K, committed 1216K, reserved 1048576K
[2025-06-18T00:00:08.832+0300][12872][18160][info ][gc,heap  ] GC(1) Min Capacity: 2048M(100%)
[2025-06-18T00:00:08.832+0300][12872][18160][info ][gc,heap  ] GC(1) Max Capacity: 2048M(100%)
[2025-06-18T00:00:08.832+0300][12872][18160][info ][gc,heap  ] GC(1) Soft Max Capacity: 2048M(100%)
[2025-06-18T00:00:08.832+0300][12872][18160][info ][gc,heap  ] GC(1)                Mark Start          Mark End        Relocate Start      Relocate End           High               Low         
[2025-06-18T00:00:08.832+0300][12872][18160][info ][gc,heap  ] GC(1)  Capacity:     2048M (100%)       2048M (100%)       2048M (100%)       2048M (100%)       2048M (100%)       2048M (100%)   
[2025-06-18T00:00:08.832+0300][12872][18160][info ][gc,heap  ] GC(1)      Free:     1752M (86%)        1642M (80%)        1742M (85%)        1874M (92%)        1874M (92%)        1618M (79%)    
[2025-06-18T00:00:08.832+0300][12872][18160][info ][gc,heap  ] GC(1)      Used:      296M (14%)         406M (20%)         306M (15%)         174M (8%)          430M (21%)         174M (8%)     
[2025-06-18T00:00:08.832+0300][12872][18160][info ][gc,heap  ] GC(1)      Live:         -                11M (1%)           11M (1%)           11M (1%)             -                  -          
[2025-06-18T00:00:08.832+0300][12872][18160][info ][gc,heap  ] GC(1) Allocated:         -               110M (5%)          134M (7%)          133M (7%)             -                  -          
[2025-06-18T00:00:08.832+0300][12872][18160][info ][gc,heap  ] GC(1)   Garbage:         -               284M (14%)         160M (8%)           28M (1%)             -                  -          
[2025-06-18T00:00:08.832+0300][12872][18160][info ][gc,heap  ] GC(1) Reclaimed:         -                  -               124M (6%)          255M (12%)            -                  -          
[2025-06-18T00:00:08.832+0300][12872][18160][info ][gc       ] GC(1) Garbage Collection (Warmup) 296M(14%)->174M(8%)
[2025-06-18T00:00:08.836+0300][12872][20264][debug][safepoint] Safepoint synchronization initiated using striped semaphore wait barrier. (21 threads)
[2025-06-18T00:00:08.836+0300][12872][2932 ][debug][safepoint] ... found polling page loop exception at pc = 0x000002071fb97b9d, stub =0x0000020726d55b00
[2025-06-18T00:00:08.836+0300][12872][1872 ][debug][safepoint] ... found polling page loop exception at pc = 0x00000207273653e0, stub =0x0000020726d55280
[2025-06-18T00:00:08.836+0300][12872][20264][info ][safepoint] Safepoint "CleanClassLoaderDataMetaspaces", Time since last: 7899300 ns, Reaching safepoint: 179600 ns, Cleanup: 25700 ns, At safepoint: 116000 ns, Total: 321300 ns
[2025-06-18T00:00:09.014+0300][12872][18160][debug][gc,heap  ] GC(2) Heap before GC invocations=2 (full 2):
[2025-06-18T00:00:09.014+0300][12872][18160][debug][gc,heap  ] GC(2)  ZHeap           used 446M, capacity 2048M, max capacity 2048M
[2025-06-18T00:00:09.014+0300][12872][18160][debug][gc,heap  ] GC(2)  Metaspace       used 8393K, committed 9408K, reserved 1114112K
[2025-06-18T00:00:09.014+0300][12872][18160][debug][gc,heap  ] GC(2)   class space    used 855K, committed 1216K, reserved 1048576K
[2025-06-18T00:00:09.014+0300][12872][20264][debug][safepoint] Safepoint synchronization initiated using striped semaphore wait barrier. (21 threads)
[2025-06-18T00:00:09.014+0300][12872][3076 ][debug][safepoint] ... found polling page loop exception at pc = 0x00000207273653e0, stub =0x0000020726d55280
[2025-06-18T00:00:09.014+0300][12872][11992][debug][safepoint] ... found polling page loop exception at pc = 0x00000207273564c6, stub =0x0000020726d55b00
[2025-06-18T00:00:09.014+0300][12872][20264][info ][gc,phases] GC(2) Pause Mark Start 0.008ms
[2025-06-18T00:00:09.014+0300][12872][20264][info ][safepoint] Safepoint "XMarkStart", Time since last: 177400100 ns, Reaching safepoint: 159800 ns, Cleanup: 28300 ns, At safepoint: 59500 ns, Total: 247600 ns
[2025-06-18T00:00:09.018+0300][12872][1872 ][debug][safepoint] ... found polling page loop exception at pc = 0x000002072737074b, stub =0x0000020726d55b00
[2025-06-18T00:00:09.049+0300][12872][2932 ][debug][safepoint] ... found polling page loop exception at pc = 0x00000207273653e0, stub =0x0000020726d55280
[2025-06-18T00:00:09.051+0300][12872][17200][debug][safepoint] ... found polling page loop exception at pc = 0x000002072737074b, stub =0x0000020726d55b00
[2025-06-18T00:00:09.061+0300][12872][22152][debug][safepoint] ... found polling page loop exception at pc = 0x00000207273653e0, stub =0x0000020726d55280
[2025-06-18T00:00:09.061+0300][12872][11992][debug][safepoint] ... found polling page loop exception at pc = 0x00000207273653e0, stub =0x0000020726d55280
[2025-06-18T00:00:09.061+0300][12872][2932 ][debug][safepoint] ... found polling page loop exception at pc = 0x000002072736408e, stub =0x0000020726d55b00
[2025-06-18T00:00:09.061+0300][12872][17200][debug][safepoint] ... found polling page loop exception at pc = 0x00000207273e1cd9, stub =0x0000020726d55b00
[2025-06-18T00:00:09.061+0300][12872][3076 ][debug][safepoint] ... found polling page loop exception at pc = 0x00000207273653e0, stub =0x0000020726d55280
[2025-06-18T00:00:09.077+0300][12872][1872 ][debug][safepoint] ... found polling page loop exception at pc = 0x000002072738c351, stub =0x0000020726d55b00
[2025-06-18T00:00:09.077+0300][12872][2932 ][debug][safepoint] ... found polling page loop exception at pc = 0x00000207273517fb, stub =0x0000020726d55280
[2025-06-18T00:00:09.077+0300][12872][22488][debug][safepoint] ... found polling page loop exception at pc = 0x00000207273653e0, stub =0x0000020726d55280
[2025-06-18T00:00:09.085+0300][12872][22152][debug][safepoint] ... found polling page loop exception at pc = 0x00000207273653e0, stub =0x0000020726d55280
[2025-06-18T00:00:09.093+0300][12872][22300][debug][safepoint] ... found polling page loop exception at pc = 0x00000207273653e0, stub =0x0000020726d55280
[2025-06-18T00:00:09.093+0300][12872][2932 ][debug][safepoint] ... found polling page loop exception at pc = 0x000002072736408e, stub =0x0000020726d55b00
[2025-06-18T00:00:09.101+0300][12872][22488][debug][safepoint] ... found polling page loop exception at pc = 0x00000207273653e0, stub =0x0000020726d55280
[2025-06-18T00:00:09.124+0300][12872][18160][info ][gc,phases] GC(2) Concurrent Mark 110.121ms
[2025-06-18T00:00:09.124+0300][12872][20264][debug][safepoint] Safepoint synchronization initiated using striped semaphore wait barrier. (21 threads)
[2025-06-18T00:00:09.124+0300][12872][11992][debug][safepoint] ... found polling page loop exception at pc = 0x000002072737074b, stub =0x0000020726d55b00
[2025-06-18T00:00:09.124+0300][12872][22152][debug][safepoint] ... found polling page loop exception at pc = 0x00000207273653e0, stub =0x0000020726d55280
[2025-06-18T00:00:09.124+0300][12872][1872 ][debug][safepoint] ... found polling page loop exception at pc = 0x00000207273653e0, stub =0x0000020726d55280
[2025-06-18T00:00:09.124+0300][12872][3076 ][debug][safepoint] ... found polling page loop exception at pc = 0x0000020727356360, stub =0x0000020726d55b00
[2025-06-18T00:00:09.124+0300][12872][20264][info ][gc,phases] GC(2) Pause Mark End 0.017ms
[2025-06-18T00:00:09.124+0300][12872][20264][info ][safepoint] Safepoint "XMarkEnd", Time since last: 110222800 ns, Reaching safepoint: 218800 ns, Cleanup: 12200 ns, At safepoint: 76100 ns, Total: 307100 ns
[2025-06-18T00:00:09.124+0300][12872][18160][info ][gc,phases] GC(2) Concurrent Mark Free 0.001ms
[2025-06-18T00:00:09.124+0300][12872][18160][debug][gc,phases] GC(2) Concurrent References Process 0.052ms
[2025-06-18T00:00:09.124+0300][12872][18160][debug][gc,phases] GC(2) ClassLoaderData 0.016ms
[2025-06-18T00:00:09.124+0300][12872][18160][debug][gc,phases] GC(2) Trigger cleanups 0.000ms
[2025-06-18T00:00:09.126+0300][12872][18160][debug][gc,phases] GC(2) Concurrent Classes Unlink 2.139ms
[2025-06-18T00:00:09.126+0300][12872][22152][debug][safepoint] ... found polling page loop exception at pc = 0x000002072737074b, stub =0x0000020726d55b00
[2025-06-18T00:00:09.126+0300][12872][1872 ][debug][safepoint] ... found polling page loop exception at pc = 0x00000207273653e0, stub =0x0000020726d55280
[2025-06-18T00:00:09.126+0300][12872][17200][debug][safepoint] ... found polling page loop exception at pc = 0x00000207273f8903, stub =0x0000020726d55280
[2025-06-18T00:00:09.128+0300][12872][18160][debug][gc,phases] GC(2) Concurrent Classes Purge 0.195ms
[2025-06-18T00:00:09.128+0300][12872][18160][debug][gc,phases] GC(2) Concurrent References Enqueue 0.005ms
[2025-06-18T00:00:09.128+0300][12872][18160][info ][gc,phases] GC(2) Concurrent Process Non-Strong References 4.819ms
[2025-06-18T00:00:09.128+0300][12872][18160][info ][gc,phases] GC(2) Concurrent Reset Relocation Set 0.007ms
[2025-06-18T00:00:09.130+0300][12872][18160][info ][gc,phases] GC(2) Concurrent Select Relocation Set 1.948ms
[2025-06-18T00:00:09.130+0300][12872][20264][debug][safepoint] Safepoint synchronization initiated using striped semaphore wait barrier. (21 threads)
[2025-06-18T00:00:09.130+0300][12872][3076 ][debug][safepoint] ... found polling page loop exception at pc = 0x00000207273653e0, stub =0x0000020726d55280
[2025-06-18T00:00:09.130+0300][12872][22488][debug][safepoint] ... found polling page loop exception at pc = 0x00000207273517fb, stub =0x0000020726d55280
[2025-06-18T00:00:09.130+0300][12872][17200][debug][safepoint] ... found polling page loop exception at pc = 0x00000207273653e0, stub =0x0000020726d55280
[2025-06-18T00:00:09.130+0300][12872][11992][debug][safepoint] ... found polling page loop exception at pc = 0x0000020727376aed, stub =0x0000020726d55b00
[2025-06-18T00:00:09.130+0300][12872][20264][info ][gc,phases] GC(2) Pause Relocate Start 0.008ms
[2025-06-18T00:00:09.130+0300][12872][20264][info ][safepoint] Safepoint "XRelocateStart", Time since last: 6924600 ns, Reaching safepoint: 193100 ns, Cleanup: 12300 ns, At safepoint: 54500 ns, Total: 259900 ns
[2025-06-18T00:00:09.132+0300][12872][18160][info ][gc,phases] GC(2) Concurrent Relocate 1.665ms
[2025-06-18T00:00:09.132+0300][12872][18160][debug][gc,heap  ] GC(2) Heap after GC invocations=3 (full 3):
[2025-06-18T00:00:09.132+0300][12872][18160][debug][gc,heap  ] GC(2)  ZHeap           used 218M, capacity 2048M, max capacity 2048M
[2025-06-18T00:00:09.132+0300][12872][18160][debug][gc,heap  ] GC(2)  Metaspace       used 8393K, committed 9408K, reserved 1114112K
[2025-06-18T00:00:09.132+0300][12872][18160][debug][gc,heap  ] GC(2)   class space    used 855K, committed 1216K, reserved 1048576K
[2025-06-18T00:00:09.132+0300][12872][18160][info ][gc,heap  ] GC(2) Min Capacity: 2048M(100%)
[2025-06-18T00:00:09.132+0300][12872][18160][info ][gc,heap  ] GC(2) Max Capacity: 2048M(100%)
[2025-06-18T00:00:09.132+0300][12872][18160][info ][gc,heap  ] GC(2) Soft Max Capacity: 2048M(100%)
[2025-06-18T00:00:09.132+0300][12872][18160][info ][gc,heap  ] GC(2)                Mark Start          Mark End        Relocate Start      Relocate End           High               Low         
[2025-06-18T00:00:09.132+0300][12872][18160][info ][gc,heap  ] GC(2)  Capacity:     2048M (100%)       2048M (100%)       2048M (100%)       2048M (100%)       2048M (100%)       2048M (100%)   
[2025-06-18T00:00:09.132+0300][12872][18160][info ][gc,heap  ] GC(2)      Free:     1602M (78%)        1434M (70%)        1698M (83%)        1830M (89%)        1830M (89%)        1428M (70%)    
[2025-06-18T00:00:09.132+0300][12872][18160][info ][gc,heap  ] GC(2)      Used:      446M (22%)         614M (30%)         350M (17%)         218M (11%)         620M (30%)         218M (11%)    
[2025-06-18T00:00:09.132+0300][12872][18160][info ][gc,heap  ] GC(2)      Live:         -                11M (1%)           11M (1%)           11M (1%)             -                  -          
[2025-06-18T00:00:09.132+0300][12872][18160][info ][gc,heap  ] GC(2) Allocated:         -               168M (8%)          174M (8%)          175M (9%)             -                  -          
[2025-06-18T00:00:09.132+0300][12872][18160][info ][gc,heap  ] GC(2)   Garbage:         -               434M (21%)         164M (8%)           30M (2%)             -                  -          
[2025-06-18T00:00:09.132+0300][12872][18160][info ][gc,heap  ] GC(2) Reclaimed:         -                  -               270M (13%)         403M (20%)            -                  -          
[2025-06-18T00:00:09.132+0300][12872][18160][info ][gc       ] GC(2) Garbage Collection (Warmup) 446M(22%)->218M(11%)
[2025-06-18T00:00:09.409+0300][12872][18160][debug][gc,heap  ] GC(3) Heap before GC invocations=3 (full 3):
[2025-06-18T00:00:09.409+0300][12872][18160][debug][gc,heap  ] GC(3)  ZHeap           used 754M, capacity 2048M, max capacity 2048M
[2025-06-18T00:00:09.409+0300][12872][18160][debug][gc,heap  ] GC(3)  Metaspace       used 8411K, committed 9408K, reserved 1114112K
[2025-06-18T00:00:09.409+0300][12872][18160][debug][gc,heap  ] GC(3)   class space    used 856K, committed 1216K, reserved 1048576K
[2025-06-18T00:00:09.409+0300][12872][20264][debug][safepoint] Safepoint synchronization initiated using striped semaphore wait barrier. (21 threads)
[2025-06-18T00:00:09.409+0300][12872][22300][debug][safepoint] ... found polling page loop exception at pc = 0x000002072736408e, stub =0x0000020726d55b00
[2025-06-18T00:00:09.409+0300][12872][22488][debug][safepoint] ... found polling page loop exception at pc = 0x00000207273653e0, stub =0x0000020726d55280
[2025-06-18T00:00:09.409+0300][12872][20264][info ][gc,phases] GC(3) Pause Mark Start 0.009ms
[2025-06-18T00:00:09.409+0300][12872][20264][info ][safepoint] Safepoint "XMarkStart", Time since last: 276871400 ns, Reaching safepoint: 110000 ns, Cleanup: 24000 ns, At safepoint: 56500 ns, Total: 190500 ns
[2025-06-18T00:00:09.415+0300][12872][11992][debug][safepoint] ... found polling page loop exception at pc = 0x00000207273653e0, stub =0x0000020726d55280
[2025-06-18T00:00:09.415+0300][12872][22300][debug][safepoint] ... found polling page loop exception at pc = 0x0000020727399d8f, stub =0x0000020726d55280
[2025-06-18T00:00:09.415+0300][12872][22488][debug][safepoint] ... found polling page loop exception at pc = 0x00000207273653e0, stub =0x0000020726d55280
[2025-06-18T00:00:09.415+0300][12872][17200][debug][safepoint] ... found polling page loop exception at pc = 0x00000207273653e0, stub =0x0000020726d55280
[2025-06-18T00:00:09.424+0300][12872][2932 ][debug][safepoint] ... found polling page loop exception at pc = 0x000002072737074b, stub =0x0000020726d55b00
[2025-06-18T00:00:09.424+0300][12872][1872 ][debug][safepoint] ... found polling page loop exception at pc = 0x0000020727399d8f, stub =0x0000020726d55280
[2025-06-18T00:00:09.424+0300][12872][22300][debug][safepoint] ... found polling page loop exception at pc = 0x00000207273653e0, stub =0x0000020726d55280
[2025-06-18T00:00:09.440+0300][12872][3076 ][debug][safepoint] ... found polling page loop exception at pc = 0x0000020727415998, stub =0x0000020726d55b00
[2025-06-18T00:00:09.440+0300][12872][1872 ][debug][safepoint] ... found polling page loop exception at pc = 0x00000207273b127c, stub =0x0000020726d55b00
[2025-06-18T00:00:09.440+0300][12872][22488][debug][safepoint] ... found polling page loop exception at pc = 0x000002072737074b, stub =0x0000020726d55b00
[2025-06-18T00:00:09.442+0300][12872][22300][debug][safepoint] ... found polling page loop exception at pc = 0x00000207273653e0, stub =0x0000020726d55280
[2025-06-18T00:00:09.450+0300][12872][17200][debug][safepoint] ... found polling page loop exception at pc = 0x00000207273653e0, stub =0x0000020726d55280
[2025-06-18T00:00:09.472+0300][12872][18160][info ][gc,phases] GC(3) Concurrent Mark 62.791ms
[2025-06-18T00:00:09.472+0300][12872][20264][debug][safepoint] Safepoint synchronization initiated using striped semaphore wait barrier. (21 threads)
[2025-06-18T00:00:09.472+0300][12872][22300][debug][safepoint] ... found polling page loop exception at pc = 0x00000207273653e0, stub =0x0000020726d55280
[2025-06-18T00:00:09.472+0300][12872][2932 ][debug][safepoint] ... found polling page loop exception at pc = 0x00000207273564c6, stub =0x0000020726d55b00
[2025-06-18T00:00:09.472+0300][12872][22152][debug][safepoint] ... found polling page loop exception at pc = 0x0000020727356360, stub =0x0000020726d55b00
[2025-06-18T00:00:09.472+0300][12872][20264][info ][gc,phases] GC(3) Pause Mark End 0.069ms
[2025-06-18T00:00:09.472+0300][12872][20264][info ][safepoint] Safepoint "XMarkEnd", Time since last: 62894900 ns, Reaching safepoint: 204700 ns, Cleanup: 13800 ns, At safepoint: 130700 ns, Total: 349200 ns
[2025-06-18T00:00:09.472+0300][12872][18160][info ][gc,phases] GC(3) Concurrent Mark Free 0.001ms
[2025-06-18T00:00:09.472+0300][12872][18160][debug][gc,phases] GC(3) Concurrent References Process 0.055ms
[2025-06-18T00:00:09.472+0300][12872][18160][debug][gc,phases] GC(3) ClassLoaderData 0.015ms
[2025-06-18T00:00:09.472+0300][12872][18160][debug][gc,phases] GC(3) Trigger cleanups 0.000ms
[2025-06-18T00:00:09.474+0300][12872][18160][debug][gc,phases] GC(3) Concurrent Classes Unlink 2.009ms
[2025-06-18T00:00:09.474+0300][12872][22300][debug][safepoint] ... found polling page loop exception at pc = 0x00000207273653e0, stub =0x0000020726d55280
[2025-06-18T00:00:09.474+0300][12872][22488][debug][safepoint] ... found polling page loop exception at pc = 0x00000207273653e0, stub =0x0000020726d55280
[2025-06-18T00:00:09.474+0300][12872][3076 ][debug][safepoint] ... found polling page loop exception at pc = 0x00000207273653e0, stub =0x0000020726d55280
[2025-06-18T00:00:09.474+0300][12872][1872 ][debug][safepoint] ... found polling page loop exception at pc = 0x0000020727399d8f, stub =0x0000020726d55280
[2025-06-18T00:00:09.474+0300][12872][11992][debug][safepoint] ... found polling page loop exception at pc = 0x00000207273dd304, stub =0x0000020726d55b00
[2025-06-18T00:00:09.488+0300][12872][18160][debug][gc,phases] GC(3) Concurrent Classes Purge 0.156ms
[2025-06-18T00:00:09.488+0300][12872][18160][debug][gc,phases] GC(3) Concurrent References Enqueue 0.005ms
[2025-06-18T00:00:09.488+0300][12872][18160][info ][gc,phases] GC(3) Concurrent Process Non-Strong References 15.577ms
[2025-06-18T00:00:09.488+0300][12872][18160][info ][gc,phases] GC(3) Concurrent Reset Relocation Set 0.005ms
[2025-06-18T00:00:09.490+0300][12872][18160][info ][gc,phases] GC(3) Concurrent Select Relocation Set 3.355ms
[2025-06-18T00:00:09.490+0300][12872][20264][debug][safepoint] Safepoint synchronization initiated using striped semaphore wait barrier. (21 threads)
[2025-06-18T00:00:09.490+0300][12872][22152][debug][safepoint] ... found polling page loop exception at pc = 0x00000207273653e0, stub =0x0000020726d55280
[2025-06-18T00:00:09.490+0300][12872][22488][debug][safepoint] ... found polling page loop exception at pc = 0x00000207273653e0, stub =0x0000020726d55280
[2025-06-18T00:00:09.490+0300][12872][11992][debug][safepoint] ... found polling page loop exception at pc = 0x000002072737074b, stub =0x0000020726d55b00
[2025-06-18T00:00:09.490+0300][12872][1872 ][debug][safepoint] ... found polling page loop exception at pc = 0x00000207273653e0, stub =0x0000020726d55280
[2025-06-18T00:00:09.490+0300][12872][22300][debug][safepoint] ... found polling page loop exception at pc = 0x0000020727399d8f, stub =0x0000020726d55280
[2025-06-18T00:00:09.492+0300][12872][20264][info ][gc,phases] GC(3) Pause Relocate Start 0.012ms
[2025-06-18T00:00:09.492+0300][12872][20264][info ][safepoint] Safepoint "XRelocateStart", Time since last: 19104000 ns, Reaching safepoint: 218000 ns, Cleanup: 14100 ns, At safepoint: 62800 ns, Total: 294900 ns
[2025-06-18T00:00:09.492+0300][12872][18160][info ][gc,phases] GC(3) Concurrent Relocate 1.124ms
[2025-06-18T00:00:09.492+0300][12872][18160][debug][gc,heap  ] GC(3) Heap after GC invocations=4 (full 4):
[2025-06-18T00:00:09.492+0300][12872][18160][debug][gc,heap  ] GC(3)  ZHeap           used 190M, capacity 2048M, max capacity 2048M
[2025-06-18T00:00:09.492+0300][12872][18160][debug][gc,heap  ] GC(3)  Metaspace       used 8426K, committed 9408K, reserved 1114112K
[2025-06-18T00:00:09.492+0300][12872][18160][debug][gc,heap  ] GC(3)   class space    used 856K, committed 1216K, reserved 1048576K
[2025-06-18T00:00:09.492+0300][12872][18160][info ][gc,heap  ] GC(3) Min Capacity: 2048M(100%)
[2025-06-18T00:00:09.492+0300][12872][18160][info ][gc,heap  ] GC(3) Max Capacity: 2048M(100%)
[2025-06-18T00:00:09.492+0300][12872][18160][info ][gc,heap  ] GC(3) Soft Max Capacity: 2048M(100%)
[2025-06-18T00:00:09.492+0300][12872][18160][info ][gc,heap  ] GC(3)                Mark Start          Mark End        Relocate Start      Relocate End           High               Low         
[2025-06-18T00:00:09.492+0300][12872][18160][info ][gc,heap  ] GC(3)  Capacity:     2048M (100%)       2048M (100%)       2048M (100%)       2048M (100%)       2048M (100%)       2048M (100%)   
[2025-06-18T00:00:09.492+0300][12872][18160][info ][gc,heap  ] GC(3)      Free:     1294M (63%)        1178M (58%)        1704M (83%)        1858M (91%)        1858M (91%)        1154M (56%)    
[2025-06-18T00:00:09.492+0300][12872][18160][info ][gc,heap  ] GC(3)      Used:      754M (37%)         870M (42%)         344M (17%)         190M (9%)          894M (44%)         190M (9%)     
[2025-06-18T00:00:09.492+0300][12872][18160][info ][gc,heap  ] GC(3)      Live:         -                11M (1%)           11M (1%)           11M (1%)             -                  -          
[2025-06-18T00:00:09.492+0300][12872][18160][info ][gc,heap  ] GC(3) Allocated:         -               116M (6%)          148M (7%)          147M (7%)             -                  -          
[2025-06-18T00:00:09.492+0300][12872][18160][info ][gc,heap  ] GC(3)   Garbage:         -               742M (36%)         184M (9%)           30M (2%)             -                  -          
[2025-06-18T00:00:09.492+0300][12872][18160][info ][gc,heap  ] GC(3) Reclaimed:         -                  -               558M (27%)         711M (35%)            -                  -          
[2025-06-18T00:00:09.492+0300][12872][18160][info ][gc       ] GC(3) Garbage Collection (Warmup) 754M(37%)->190M(9%)
[2025-06-18T00:00:09.803+0300][12872][18160][debug][gc,heap  ] GC(4) Heap before GC invocations=4 (full 4):
[2025-06-18T00:00:09.803+0300][12872][18160][debug][gc,heap  ] GC(4)  ZHeap           used 914M, capacity 2048M, max capacity 2048M
[2025-06-18T00:00:09.803+0300][12872][18160][debug][gc,heap  ] GC(4)  Metaspace       used 8448K, committed 9408K, reserved 1114112K
[2025-06-18T00:00:09.803+0300][12872][18160][debug][gc,heap  ] GC(4)   class space    used 857K, committed 1216K, reserved 1048576K
[2025-06-18T00:00:09.803+0300][12872][20264][debug][safepoint] Safepoint synchronization initiated using striped semaphore wait barrier. (21 threads)
[2025-06-18T00:00:09.803+0300][12872][22152][debug][safepoint] ... found polling page loop exception at pc = 0x00000207273653e0, stub =0x0000020726d55280
[2025-06-18T00:00:09.803+0300][12872][3076 ][debug][safepoint] ... found polling page loop exception at pc = 0x000002072736408e, stub =0x0000020726d55b00
[2025-06-18T00:00:09.803+0300][12872][2932 ][debug][safepoint] ... found polling page loop exception at pc = 0x000002072737074b, stub =0x0000020726d55b00
[2025-06-18T00:00:09.803+0300][12872][17200][debug][safepoint] ... found polling page loop exception at pc = 0x000002072735d04c, stub =0x0000020726d55b00
[2025-06-18T00:00:09.803+0300][12872][1872 ][debug][safepoint] ... found polling page loop exception at pc = 0x0000020727356360, stub =0x0000020726d55b00
[2025-06-18T00:00:09.803+0300][12872][11992][debug][safepoint] ... found polling page loop exception at pc = 0x00000207273653e0, stub =0x0000020726d55280
[2025-06-18T00:00:09.803+0300][12872][22300][debug][safepoint] ... found polling page loop exception at pc = 0x000002072737074b, stub =0x0000020726d55b00
[2025-06-18T00:00:09.803+0300][12872][22488][debug][safepoint] ... found polling page loop exception at pc = 0x0000020727364360, stub =0x0000020726d55b00
[2025-06-18T00:00:09.803+0300][12872][20264][info ][gc,phases] GC(4) Pause Mark Start 0.007ms
[2025-06-18T00:00:09.803+0300][12872][20264][info ][safepoint] Safepoint "XMarkStart", Time since last: 311812800 ns, Reaching safepoint: 300500 ns, Cleanup: 17700 ns, At safepoint: 46300 ns, Total: 364500 ns
[2025-06-18T00:00:09.808+0300][12872][11992][debug][safepoint] ... found polling page loop exception at pc = 0x00000207273653e0, stub =0x0000020726d55280
[2025-06-18T00:00:09.808+0300][12872][1872 ][debug][safepoint] ... found polling page loop exception at pc = 0x0000020727399d8f, stub =0x0000020726d55280
[2025-06-18T00:00:09.808+0300][12872][22300][debug][safepoint] ... found polling page loop exception at pc = 0x00000207273653e0, stub =0x0000020726d55280
[2025-06-18T00:00:09.808+0300][12872][22152][debug][safepoint] ... found polling page loop exception at pc = 0x00000207273653e0, stub =0x0000020726d55280
[2025-06-18T00:00:09.835+0300][12872][2932 ][debug][safepoint] ... found polling page loop exception at pc = 0x00000207273564c6, stub =0x0000020726d55b00
[2025-06-18T00:00:09.835+0300][12872][11992][debug][safepoint] ... found polling page loop exception at pc = 0x0000020727399d8f, stub =0x0000020726d55280
[2025-06-18T00:00:09.835+0300][12872][17200][debug][safepoint] ... found polling page loop exception at pc = 0x00000207273ecfdf, stub =0x0000020726d55280
[2025-06-18T00:00:09.835+0300][12872][22300][debug][safepoint] ... found polling page loop exception at pc = 0x00000207273653e0, stub =0x0000020726d55280
[2025-06-18T00:00:09.835+0300][12872][22152][debug][safepoint] ... found polling page loop exception at pc = 0x00000207273653e0, stub =0x0000020726d55280
[2025-06-18T00:00:09.835+0300][12872][22152][debug][safepoint] ... found polling page loop exception at pc = 0x00000207273653e0, stub =0x0000020726d55280
[2025-06-18T00:00:09.835+0300][12872][11992][debug][safepoint] ... found polling page loop exception at pc = 0x00000207273564c6, stub =0x0000020726d55b00
[2025-06-18T00:00:09.835+0300][12872][3076 ][debug][safepoint] ... found polling page loop exception at pc = 0x00000207273768c0, stub =0x0000020726d55b00
[2025-06-18T00:00:09.835+0300][12872][22488][debug][safepoint] ... found polling page loop exception at pc = 0x0000020727399d8f, stub =0x0000020726d55280
[2025-06-18T00:00:09.835+0300][12872][2932 ][debug][safepoint] ... found polling page loop exception at pc = 0x00000207273653e0, stub =0x0000020726d55280
[2025-06-18T00:00:09.836+0300][12872][1872 ][debug][safepoint] ... found polling page loop exception at pc = 0x00000207273653e0, stub =0x0000020726d55280
[2025-06-18T00:00:09.851+0300][12872][1872 ][debug][safepoint] ... found polling page loop exception at pc = 0x000002072737074b, stub =0x0000020726d55b00
[2025-06-18T00:00:09.851+0300][12872][22152][debug][safepoint] ... found polling page loop exception at pc = 0x00000207273768c0, stub =0x0000020726d55b00
[2025-06-18T00:00:09.851+0300][12872][22488][debug][safepoint] ... found polling page loop exception at pc = 0x0000020727399d8f, stub =0x0000020726d55280
[2025-06-18T00:00:09.851+0300][12872][3076 ][debug][safepoint] ... found polling page loop exception at pc = 0x00000207273564c6, stub =0x0000020726d55b00
[2025-06-18T00:00:09.853+0300][12872][2932 ][debug][safepoint] ... found polling page loop exception at pc = 0x00000207273653e0, stub =0x0000020726d55280
[2025-06-18T00:00:09.853+0300][12872][22300][debug][safepoint] ... found polling page loop exception at pc = 0x0000020727399d8f, stub =0x0000020726d55280
[2025-06-18T00:00:09.867+0300][12872][3076 ][debug][safepoint] ... found polling page loop exception at pc = 0x00000207273653e0, stub =0x0000020726d55280
[2025-06-18T00:00:09.867+0300][12872][22152][debug][safepoint] ... found polling page loop exception at pc = 0x00000207273653e0, stub =0x0000020726d55280
[2025-06-18T00:00:09.867+0300][12872][2932 ][debug][safepoint] ... found polling page loop exception at pc = 0x000002072737074b, stub =0x0000020726d55b00
[2025-06-18T00:00:09.867+0300][12872][22300][debug][safepoint] ... found polling page loop exception at pc = 0x00000207273653e0, stub =0x0000020726d55280
[2025-06-18T00:00:09.867+0300][12872][11992][debug][safepoint] ... found polling page loop exception at pc = 0x00000207273653e0, stub =0x0000020726d55280
[2025-06-18T00:00:09.869+0300][12872][1872 ][debug][safepoint] ... found polling page loop exception at pc = 0x000002072737074b, stub =0x0000020726d55b00
[2025-06-18T00:00:09.883+0300][12872][22152][debug][safepoint] ... found polling page loop exception at pc = 0x000002072737074b, stub =0x0000020726d55b00
[2025-06-18T00:00:09.883+0300][12872][22300][debug][safepoint] ... found polling page loop exception at pc = 0x0000020727399d8f, stub =0x0000020726d55280
[2025-06-18T00:00:09.883+0300][12872][17200][debug][safepoint] ... found polling page loop exception at pc = 0x00000207273653e0, stub =0x0000020726d55280
[2025-06-18T00:00:09.914+0300][12872][18160][info ][gc,phases] GC(4) Concurrent Mark 110.415ms
[2025-06-18T00:00:09.914+0300][12872][20264][debug][safepoint] Safepoint synchronization initiated using striped semaphore wait barrier. (21 threads)
[2025-06-18T00:00:09.914+0300][12872][22152][debug][safepoint] ... found polling page loop exception at pc = 0x000002072736408e, stub =0x0000020726d55b00
[2025-06-18T00:00:09.914+0300][12872][1872 ][debug][safepoint] ... found polling page loop exception at pc = 0x00000207273653e0, stub =0x0000020726d55280
[2025-06-18T00:00:09.914+0300][12872][11992][debug][safepoint] ... found polling page loop exception at pc = 0x000002072740bc2f, stub =0x0000020726d55b00
[2025-06-18T00:00:09.914+0300][12872][3076 ][debug][safepoint] ... found polling page loop exception at pc = 0x00000207273653e0, stub =0x0000020726d55280
[2025-06-18T00:00:09.914+0300][12872][20264][info ][gc,phases] GC(4) Pause Mark End 0.017ms
[2025-06-18T00:00:09.914+0300][12872][20264][info ][safepoint] Safepoint "XMarkEnd", Time since last: 110528000 ns, Reaching safepoint: 204600 ns, Cleanup: 19800 ns, At safepoint: 63400 ns, Total: 287800 ns
[2025-06-18T00:00:09.914+0300][12872][18160][info ][gc,phases] GC(4) Concurrent Mark Free 0.001ms
[2025-06-18T00:00:09.914+0300][12872][18160][debug][gc,phases] GC(4) Concurrent References Process 0.099ms
[2025-06-18T00:00:09.914+0300][12872][18160][debug][gc,phases] GC(4) ClassLoaderData 0.023ms
[2025-06-18T00:00:09.914+0300][12872][18160][debug][gc,phases] GC(4) Trigger cleanups 0.000ms
[2025-06-18T00:00:09.916+0300][12872][18160][debug][gc,phases] GC(4) Concurrent Classes Unlink 2.097ms
[2025-06-18T00:00:09.916+0300][12872][22300][debug][safepoint] ... found polling page loop exception at pc = 0x00000207273653e0, stub =0x0000020726d55280
[2025-06-18T00:00:09.916+0300][12872][17200][debug][safepoint] ... found polling page loop exception at pc = 0x00000207273e40d6, stub =0x0000020726d55280
[2025-06-18T00:00:09.916+0300][12872][22488][debug][safepoint] ... found polling page loop exception at pc = 0x00000207273653e0, stub =0x0000020726d55280
[2025-06-18T00:00:09.916+0300][12872][2932 ][debug][safepoint] ... found polling page loop exception at pc = 0x0000020727399d8f, stub =0x0000020726d55280
[2025-06-18T00:00:09.918+0300][12872][18160][debug][gc,phases] GC(4) Concurrent Classes Purge 0.226ms
[2025-06-18T00:00:09.918+0300][12872][18160][debug][gc,phases] GC(4) Concurrent References Enqueue 0.004ms
[2025-06-18T00:00:09.918+0300][12872][18160][info ][gc,phases] GC(4) Concurrent Process Non-Strong References 4.022ms
[2025-06-18T00:00:09.918+0300][12872][18160][info ][gc,phases] GC(4) Concurrent Reset Relocation Set 0.004ms
[2025-06-18T00:00:09.920+0300][12872][18160][info ][gc,phases] GC(4) Concurrent Select Relocation Set 2.256ms
[2025-06-18T00:00:09.920+0300][12872][20264][debug][safepoint] Safepoint synchronization initiated using striped semaphore wait barrier. (21 threads)
[2025-06-18T00:00:09.920+0300][12872][22300][debug][safepoint] ... found polling page loop exception at pc = 0x000002072740bc2f, stub =0x0000020726d55b00
[2025-06-18T00:00:09.920+0300][12872][11992][debug][safepoint] ... found polling page loop exception at pc = 0x00000207273653e0, stub =0x0000020726d55280
[2025-06-18T00:00:09.920+0300][12872][3076 ][debug][safepoint] ... found polling page loop exception at pc = 0x000002072740bc2f, stub =0x0000020726d55b00
[2025-06-18T00:00:09.920+0300][12872][22152][debug][safepoint] ... found polling page loop exception at pc = 0x00000207273653e0, stub =0x0000020726d55280
[2025-06-18T00:00:09.920+0300][12872][1872 ][debug][safepoint] ... found polling page loop exception at pc = 0x000002072736408e, stub =0x0000020726d55b00
[2025-06-18T00:00:09.920+0300][12872][20264][info ][gc,phases] GC(4) Pause Relocate Start 0.009ms
[2025-06-18T00:00:09.920+0300][12872][20264][info ][safepoint] Safepoint "XRelocateStart", Time since last: 6414000 ns, Reaching safepoint: 226800 ns, Cleanup: 9500 ns, At safepoint: 47200 ns, Total: 283500 ns
[2025-06-18T00:00:09.922+0300][12872][18160][info ][gc,phases] GC(4) Concurrent Relocate 1.108ms
[2025-06-18T00:00:09.922+0300][12872][18160][debug][gc,heap  ] GC(4) Heap after GC invocations=5 (full 5):
[2025-06-18T00:00:09.922+0300][12872][18160][debug][gc,heap  ] GC(4)  ZHeap           used 362M, capacity 2048M, max capacity 2048M
[2025-06-18T00:00:09.922+0300][12872][18160][debug][gc,heap  ] GC(4)  Metaspace       used 8448K, committed 9408K, reserved 1114112K
[2025-06-18T00:00:09.922+0300][12872][18160][debug][gc,heap  ] GC(4)   class space    used 857K, committed 1216K, reserved 1048576K
[2025-06-18T00:00:09.922+0300][12872][18160][info ][gc,heap  ] GC(4) Min Capacity: 2048M(100%)
[2025-06-18T00:00:09.922+0300][12872][18160][info ][gc,heap  ] GC(4) Max Capacity: 2048M(100%)
[2025-06-18T00:00:09.922+0300][12872][18160][info ][gc,heap  ] GC(4) Soft Max Capacity: 2048M(100%)
[2025-06-18T00:00:09.922+0300][12872][18160][info ][gc,heap  ] GC(4)                Mark Start          Mark End        Relocate Start      Relocate End           High               Low         
[2025-06-18T00:00:09.922+0300][12872][18160][info ][gc,heap  ] GC(4)  Capacity:     2048M (100%)       2048M (100%)       2048M (100%)       2048M (100%)       2048M (100%)       2048M (100%)   
[2025-06-18T00:00:09.922+0300][12872][18160][info ][gc,heap  ] GC(4)      Free:     1134M (55%)         836M (41%)        1494M (73%)        1686M (82%)        1686M (82%)         824M (40%)    
[2025-06-18T00:00:09.922+0300][12872][18160][info ][gc,heap  ] GC(4)      Used:      914M (45%)        1212M (59%)         554M (27%)         362M (18%)        1224M (60%)         362M (18%)    
[2025-06-18T00:00:09.922+0300][12872][18160][info ][gc,heap  ] GC(4)      Live:         -                11M (1%)           11M (1%)           11M (1%)             -                  -          
[2025-06-18T00:00:09.922+0300][12872][18160][info ][gc,heap  ] GC(4) Allocated:         -               298M (15%)         318M (16%)         319M (16%)            -                  -          
[2025-06-18T00:00:09.922+0300][12872][18160][info ][gc,heap  ] GC(4)   Garbage:         -               902M (44%)         224M (11%)          30M (2%)             -                  -          
[2025-06-18T00:00:09.922+0300][12872][18160][info ][gc,heap  ] GC(4) Reclaimed:         -                  -               678M (33%)         871M (43%)            -                  -          
[2025-06-18T00:00:09.922+0300][12872][18160][info ][gc       ] GC(4) Garbage Collection (Allocation Rate) 914M(45%)->362M(18%)
[2025-06-18T00:00:10.009+0300][12872][18160][debug][gc,heap  ] GC(5) Heap before GC invocations=5 (full 5):
[2025-06-18T00:00:10.009+0300][12872][18160][debug][gc,heap  ] GC(5)  ZHeap           used 674M, capacity 2048M, max capacity 2048M
[2025-06-18T00:00:10.009+0300][12872][18160][debug][gc,heap  ] GC(5)  Metaspace       used 8454K, committed 9408K, reserved 1114112K
[2025-06-18T00:00:10.009+0300][12872][18160][debug][gc,heap  ] GC(5)   class space    used 857K, committed 1216K, reserved 1048576K
[2025-06-18T00:00:10.009+0300][12872][20264][debug][safepoint] Safepoint synchronization initiated using striped semaphore wait barrier. (21 threads)
[2025-06-18T00:00:10.009+0300][12872][2932 ][debug][safepoint] ... found polling page loop exception at pc = 0x000002072736408e, stub =0x0000020726d55b00
[2025-06-18T00:00:10.009+0300][12872][22488][debug][safepoint] ... found polling page loop exception at pc = 0x00000207273653e0, stub =0x0000020726d55280
[2025-06-18T00:00:10.009+0300][12872][3076 ][debug][safepoint] ... found polling page loop exception at pc = 0x0000020727399d8f, stub =0x0000020726d55280
[2025-06-18T00:00:10.009+0300][12872][22300][debug][safepoint] ... found polling page loop exception at pc = 0x000002072736408e, stub =0x0000020726d55b00
[2025-06-18T00:00:10.009+0300][12872][11992][debug][safepoint] ... found polling page loop exception at pc = 0x0000020727356360, stub =0x0000020726d55b00
[2025-06-18T00:00:10.009+0300][12872][20264][info ][gc,phases] GC(5) Pause Mark Start 0.009ms
[2025-06-18T00:00:10.009+0300][12872][20264][info ][safepoint] Safepoint "XMarkStart", Time since last: 87925400 ns, Reaching safepoint: 224100 ns, Cleanup: 17000 ns, At safepoint: 53500 ns, Total: 294600 ns
[2025-06-18T00:00:10.013+0300][12872][22152][debug][safepoint] ... found polling page loop exception at pc = 0x000002072737074b, stub =0x0000020726d55b00
[2025-06-18T00:00:10.013+0300][12872][3076 ][debug][safepoint] ... found polling page loop exception at pc = 0x00000207273653e0, stub =0x0000020726d55280
[2025-06-18T00:00:10.015+0300][12872][2932 ][debug][safepoint] ... found polling page loop exception at pc = 0x00000207273653e0, stub =0x0000020726d55280
[2025-06-18T00:00:10.015+0300][12872][22152][debug][safepoint] ... found polling page loop exception at pc = 0x00000207273653e0, stub =0x0000020726d55280
[2025-06-18T00:00:10.015+0300][12872][2932 ][debug][safepoint] ... found polling page loop exception at pc = 0x00000207273653e0, stub =0x0000020726d55280
[2025-06-18T00:00:10.015+0300][12872][3076 ][debug][safepoint] ... found polling page loop exception at pc = 0x00000207273564c6, stub =0x0000020726d55b00
[2025-06-18T00:00:10.015+0300][12872][22300][debug][safepoint] ... found polling page loop exception at pc = 0x00000207273653e0, stub =0x0000020726d55280
[2025-06-18T00:00:10.015+0300][12872][11992][debug][safepoint] ... found polling page loop exception at pc = 0x000002072737074b, stub =0x0000020726d55b00
[2025-06-18T00:00:10.015+0300][12872][1872 ][debug][safepoint] ... found polling page loop exception at pc = 0x000002072737074b, stub =0x0000020726d55b00
[2025-06-18T00:00:10.025+0300][12872][11992][debug][safepoint] ... found polling page loop exception at pc = 0x00000207273653e0, stub =0x0000020726d55280
[2025-06-18T00:00:10.025+0300][12872][17200][debug][safepoint] ... found polling page loop exception at pc = 0x00000207273653e0, stub =0x0000020726d55280
[2025-06-18T00:00:10.025+0300][12872][22488][debug][safepoint] ... found polling page loop exception at pc = 0x0000020727399d8f, stub =0x0000020726d55280
[2025-06-18T00:00:10.025+0300][12872][22152][debug][safepoint] ... found polling page loop exception at pc = 0x0000020727399d8f, stub =0x0000020726d55280
[2025-06-18T00:00:10.025+0300][12872][3076 ][debug][safepoint] ... found polling page loop exception at pc = 0x000002072736408e, stub =0x0000020726d55b00
[2025-06-18T00:00:10.025+0300][12872][2932 ][debug][safepoint] ... found polling page loop exception at pc = 0x00000207273653e0, stub =0x0000020726d55280
[2025-06-18T00:00:10.025+0300][12872][1872 ][debug][safepoint] ... found polling page loop exception at pc = 0x000002072736408e, stub =0x0000020726d55b00
[2025-06-18T00:00:10.025+0300][12872][2932 ][debug][safepoint] ... found polling page loop exception at pc = 0x0000020727356360, stub =0x0000020726d55b00
[2025-06-18T00:00:10.025+0300][12872][22300][debug][safepoint] ... found polling page loop exception at pc = 0x00000207273653e0, stub =0x0000020726d55280
[2025-06-18T00:00:10.025+0300][12872][1872 ][debug][safepoint] ... found polling page loop exception at pc = 0x000002072735d04c, stub =0x0000020726d55b00
[2025-06-18T00:00:10.029+0300][12872][22488][debug][safepoint] ... found polling page loop exception at pc = 0x000002072737074b, stub =0x0000020726d55b00
[2025-06-18T00:00:10.056+0300][12872][18160][info ][gc,phases] GC(5) Concurrent Mark 46.836ms
[2025-06-18T00:00:10.056+0300][12872][20264][debug][safepoint] Safepoint synchronization initiated using striped semaphore wait barrier. (19 threads)
[2025-06-18T00:00:10.056+0300][12872][11992][debug][safepoint] ... found polling page loop exception at pc = 0x00000207273653e0, stub =0x0000020726d55280
[2025-06-18T00:00:10.056+0300][12872][1872 ][debug][safepoint] ... found polling page loop exception at pc = 0x00000207273653e0, stub =0x0000020726d55280
[2025-06-18T00:00:10.056+0300][12872][3076 ][debug][safepoint] ... found polling page loop exception at pc = 0x000002072736408e, stub =0x0000020726d55b00
[2025-06-18T00:00:10.056+0300][12872][17200][debug][safepoint] ... found polling page loop exception at pc = 0x000002072735d04c, stub =0x0000020726d55b00
[2025-06-18T00:00:10.056+0300][12872][2932 ][debug][safepoint] ... found polling page loop exception at pc = 0x000002072736408e, stub =0x0000020726d55b00
[2025-06-18T00:00:10.056+0300][12872][22488][debug][safepoint] ... found polling page loop exception at pc = 0x00000207273653e0, stub =0x0000020726d55280
[2025-06-18T00:00:10.056+0300][12872][22300][debug][safepoint] ... found polling page loop exception at pc = 0x00000207273564c6, stub =0x0000020726d55b00
[2025-06-18T00:00:10.056+0300][12872][20264][info ][gc,phases] GC(5) Pause Mark End 0.015ms
[2025-06-18T00:00:10.056+0300][12872][20264][info ][safepoint] Safepoint "XMarkEnd", Time since last: 46938100 ns, Reaching safepoint: 290600 ns, Cleanup: 10000 ns, At safepoint: 61800 ns, Total: 362400 ns
[2025-06-18T00:00:10.056+0300][12872][18160][info ][gc,phases] GC(5) Concurrent Mark Free 0.001ms
[2025-06-18T00:00:10.056+0300][12872][18160][debug][gc,phases] GC(5) Concurrent References Process 0.097ms
[2025-06-18T00:00:10.056+0300][12872][18160][debug][gc,phases] GC(5) ClassLoaderData 0.016ms
[2025-06-18T00:00:10.056+0300][12872][18160][debug][gc,phases] GC(5) Trigger cleanups 0.000ms
[2025-06-18T00:00:10.059+0300][12872][18160][debug][gc,phases] GC(5) Concurrent Classes Unlink 1.961ms
[2025-06-18T00:00:10.059+0300][12872][22488][debug][safepoint] ... found polling page loop exception at pc = 0x00000207273653e0, stub =0x0000020726d55280
[2025-06-18T00:00:10.059+0300][12872][3076 ][debug][safepoint] ... found polling page loop exception at pc = 0x00000207273653e0, stub =0x0000020726d55280
[2025-06-18T00:00:10.059+0300][12872][11992][debug][safepoint] ... found polling page loop exception at pc = 0x00000207273653e0, stub =0x0000020726d55280
[2025-06-18T00:00:10.059+0300][12872][1872 ][debug][safepoint] ... found polling page loop exception at pc = 0x00000207273b127c, stub =0x0000020726d55b00
[2025-06-18T00:00:10.059+0300][12872][2932 ][debug][safepoint] ... found polling page loop exception at pc = 0x0000020727356360, stub =0x0000020726d55b00
[2025-06-18T00:00:10.059+0300][12872][18160][debug][gc,phases] GC(5) Concurrent Classes Purge 0.092ms
[2025-06-18T00:00:10.059+0300][12872][18160][debug][gc,phases] GC(5) Concurrent References Enqueue 0.005ms
[2025-06-18T00:00:10.059+0300][12872][18160][info ][gc,phases] GC(5) Concurrent Process Non-Strong References 3.429ms
[2025-06-18T00:00:10.059+0300][12872][18160][info ][gc,phases] GC(5) Concurrent Reset Relocation Set 0.006ms
[2025-06-18T00:00:10.061+0300][12872][18160][info ][gc,phases] GC(5) Concurrent Select Relocation Set 2.178ms
[2025-06-18T00:00:10.061+0300][12872][20264][debug][safepoint] Safepoint synchronization initiated using striped semaphore wait barrier. (19 threads)
[2025-06-18T00:00:10.063+0300][12872][22300][debug][safepoint] ... found polling page loop exception at pc = 0x0000020727399d8f, stub =0x0000020726d55280
[2025-06-18T00:00:10.063+0300][12872][3076 ][debug][safepoint] ... found polling page loop exception at pc = 0x0000020727399d8f, stub =0x0000020726d55280
[2025-06-18T00:00:10.063+0300][12872][2932 ][debug][safepoint] ... found polling page loop exception at pc = 0x000002072744aa1e, stub =0x0000020726d55b00
[2025-06-18T00:00:10.063+0300][12872][22488][debug][safepoint] ... found polling page loop exception at pc = 0x0000020727399d8f, stub =0x0000020726d55280
[2025-06-18T00:00:10.063+0300][12872][1872 ][debug][safepoint] ... found polling page loop exception at pc = 0x00000207273653e0, stub =0x0000020726d55280
[2025-06-18T00:00:10.063+0300][12872][20264][info ][gc,phases] GC(5) Pause Relocate Start 0.010ms
[2025-06-18T00:00:10.063+0300][12872][20264][info ][safepoint] Safepoint "XRelocateStart", Time since last: 5741200 ns, Reaching safepoint: 266700 ns, Cleanup: 4700 ns, At safepoint: 50600 ns, Total: 322000 ns
[2025-06-18T00:00:10.065+0300][12872][18160][info ][gc,phases] GC(5) Concurrent Relocate 1.820ms
[2025-06-18T00:00:10.065+0300][12872][18160][debug][gc,heap  ] GC(5) Heap after GC invocations=6 (full 6):
[2025-06-18T00:00:10.065+0300][12872][18160][debug][gc,heap  ] GC(5)  ZHeap           used 224M, capacity 2048M, max capacity 2048M
[2025-06-18T00:00:10.065+0300][12872][18160][debug][gc,heap  ] GC(5)  Metaspace       used 8457K, committed 9408K, reserved 1114112K
[2025-06-18T00:00:10.065+0300][12872][18160][debug][gc,heap  ] GC(5)   class space    used 857K, committed 1216K, reserved 1048576K
[2025-06-18T00:00:10.065+0300][12872][18160][info ][gc,heap  ] GC(5) Min Capacity: 2048M(100%)
[2025-06-18T00:00:10.065+0300][12872][18160][info ][gc,heap  ] GC(5) Max Capacity: 2048M(100%)
[2025-06-18T00:00:10.065+0300][12872][18160][info ][gc,heap  ] GC(5) Soft Max Capacity: 2048M(100%)
[2025-06-18T00:00:10.065+0300][12872][18160][info ][gc,heap  ] GC(5)                Mark Start          Mark End        Relocate Start      Relocate End           High               Low         
[2025-06-18T00:00:10.065+0300][12872][18160][info ][gc,heap  ] GC(5)  Capacity:     2048M (100%)       2048M (100%)       2048M (100%)       2048M (100%)       2048M (100%)       2048M (100%)   
[2025-06-18T00:00:10.065+0300][12872][18160][info ][gc,heap  ] GC(5)      Free:     1374M (67%)        1218M (59%)        1678M (82%)        1824M (89%)        1824M (89%)        1208M (59%)    
[2025-06-18T00:00:10.065+0300][12872][18160][info ][gc,heap  ] GC(5)      Used:      674M (33%)         830M (41%)         370M (18%)         224M (11%)         840M (41%)         224M (11%)    
[2025-06-18T00:00:10.065+0300][12872][18160][info ][gc,heap  ] GC(5)      Live:         -                11M (1%)           11M (1%)           11M (1%)             -                  -          
[2025-06-18T00:00:10.065+0300][12872][18160][info ][gc,heap  ] GC(5) Allocated:         -               156M (8%)          180M (9%)          181M (9%)             -                  -          
[2025-06-18T00:00:10.065+0300][12872][18160][info ][gc,heap  ] GC(5)   Garbage:         -               662M (32%)         178M (9%)           30M (2%)             -                  -          
[2025-06-18T00:00:10.065+0300][12872][18160][info ][gc,heap  ] GC(5) Reclaimed:         -                  -               484M (24%)         631M (31%)            -                  -          
[2025-06-18T00:00:10.065+0300][12872][18160][info ][gc       ] GC(5) Garbage Collection (Allocation Rate) 674M(33%)->224M(11%)
[2025-06-18T00:00:10.215+0300][12872][18160][debug][gc,heap  ] GC(6) Heap before GC invocations=6 (full 6):
[2025-06-18T00:00:10.215+0300][12872][18160][debug][gc,heap  ] GC(6)  ZHeap           used 804M, capacity 2048M, max capacity 2048M
[2025-06-18T00:00:10.215+0300][12872][18160][debug][gc,heap  ] GC(6)  Metaspace       used 8489K, committed 9472K, reserved 1114112K
[2025-06-18T00:00:10.215+0300][12872][18160][debug][gc,heap  ] GC(6)   class space    used 857K, committed 1216K, reserved 1048576K
[2025-06-18T00:00:10.215+0300][12872][20264][debug][safepoint] Safepoint synchronization initiated using striped semaphore wait barrier. (19 threads)
[2025-06-18T00:00:10.215+0300][12872][3076 ][debug][safepoint] ... found polling page loop exception at pc = 0x00000207273653e0, stub =0x0000020726d55280
[2025-06-18T00:00:10.215+0300][12872][22152][debug][safepoint] ... found polling page loop exception at pc = 0x00000207273653e0, stub =0x0000020726d55280
[2025-06-18T00:00:10.215+0300][12872][17200][debug][safepoint] ... found polling page loop exception at pc = 0x00000207273653e0, stub =0x0000020726d55280
[2025-06-18T00:00:10.215+0300][12872][1872 ][debug][safepoint] ... found polling page loop exception at pc = 0x00000207273653e0, stub =0x0000020726d55280
[2025-06-18T00:00:10.215+0300][12872][2932 ][debug][safepoint] ... found polling page loop exception at pc = 0x00000207273653e0, stub =0x0000020726d55280
[2025-06-18T00:00:10.215+0300][12872][22300][debug][safepoint] ... found polling page loop exception at pc = 0x00000207273653e0, stub =0x0000020726d55280
[2025-06-18T00:00:10.215+0300][12872][20264][info ][gc,phases] GC(6) Pause Mark Start 0.008ms
[2025-06-18T00:00:10.215+0300][12872][20264][info ][safepoint] Safepoint "XMarkStart", Time since last: 151854700 ns, Reaching safepoint: 255000 ns, Cleanup: 13900 ns, At safepoint: 55900 ns, Total: 324800 ns
[2025-06-18T00:00:10.219+0300][12872][3076 ][debug][safepoint] ... found polling page loop exception at pc = 0x000002072736408e, stub =0x0000020726d55b00
[2025-06-18T00:00:10.219+0300][12872][2932 ][debug][safepoint] ... found polling page loop exception at pc = 0x00000207273653e0, stub =0x0000020726d55280
[2025-06-18T00:00:10.219+0300][12872][22488][debug][safepoint] ... found polling page loop exception at pc = 0x00000207273653e0, stub =0x0000020726d55280
[2025-06-18T00:00:10.219+0300][12872][22152][debug][safepoint] ... found polling page loop exception at pc = 0x000002072736581d, stub =0x0000020726d55280
[2025-06-18T00:00:10.230+0300][12872][22488][debug][safepoint] ... found polling page loop exception at pc = 0x000002072735d04c, stub =0x0000020726d55b00
[2025-06-18T00:00:10.230+0300][12872][22300][debug][safepoint] ... found polling page loop exception at pc = 0x00000207273653e0, stub =0x0000020726d55280
[2025-06-18T00:00:10.230+0300][12872][3076 ][debug][safepoint] ... found polling page loop exception at pc = 0x00000207273653e0, stub =0x0000020726d55280
[2025-06-18T00:00:10.230+0300][12872][2932 ][debug][safepoint] ... found polling page loop exception at pc = 0x000002072737074b, stub =0x0000020726d55b00
[2025-06-18T00:00:10.230+0300][12872][11992][debug][safepoint] ... found polling page loop exception at pc = 0x0000020727356360, stub =0x0000020726d55b00
[2025-06-18T00:00:10.230+0300][12872][22152][debug][safepoint] ... found polling page loop exception at pc = 0x00000207273653e0, stub =0x0000020726d55280
[2025-06-18T00:00:10.230+0300][12872][2932 ][debug][safepoint] ... found polling page loop exception at pc = 0x00000207273653e0, stub =0x0000020726d55280
[2025-06-18T00:00:10.230+0300][12872][22300][debug][safepoint] ... found polling page loop exception at pc = 0x000002072735d04c, stub =0x0000020726d55b00
[2025-06-18T00:00:10.230+0300][12872][11992][debug][safepoint] ... found polling page loop exception at pc = 0x00000207273653e0, stub =0x0000020726d55280
[2025-06-18T00:00:10.230+0300][12872][22152][debug][safepoint] ... found polling page loop exception at pc = 0x000002072736408e, stub =0x0000020726d55b00
[2025-06-18T00:00:10.230+0300][12872][3076 ][debug][safepoint] ... found polling page loop exception at pc = 0x00000207273653e0, stub =0x0000020726d55280
[2025-06-18T00:00:10.230+0300][12872][17200][debug][safepoint] ... found polling page loop exception at pc = 0x000002072737074b, stub =0x0000020726d55b00
[2025-06-18T00:00:10.246+0300][12872][2932 ][debug][safepoint] ... found polling page loop exception at pc = 0x0000020727399d8f, stub =0x0000020726d55280
[2025-06-18T00:00:10.246+0300][12872][17200][debug][safepoint] ... found polling page loop exception at pc = 0x00000207273653e0, stub =0x0000020726d55280
[2025-06-18T00:00:10.246+0300][12872][22488][debug][safepoint] ... found polling page loop exception at pc = 0x00000207273653e0, stub =0x0000020726d55280
[2025-06-18T00:00:10.246+0300][12872][11992][debug][safepoint] ... found polling page loop exception at pc = 0x00000207273653e0, stub =0x0000020726d55280
[2025-06-18T00:00:10.246+0300][12872][1872 ][debug][safepoint] ... found polling page loop exception at pc = 0x000002072738c351, stub =0x0000020726d55b00
[2025-06-18T00:00:10.246+0300][12872][22152][debug][safepoint] ... found polling page loop exception at pc = 0x0000020727399d8f, stub =0x0000020726d55280
[2025-06-18T00:00:10.246+0300][12872][22488][debug][safepoint] ... found polling page loop exception at pc = 0x00000207273653e0, stub =0x0000020726d55280
[2025-06-18T00:00:10.246+0300][12872][11992][debug][safepoint] ... found polling page loop exception at pc = 0x00000207273d3995, stub =0x0000020726d55b00
[2025-06-18T00:00:10.246+0300][12872][17200][debug][safepoint] ... found polling page loop exception at pc = 0x00000207273653e0, stub =0x0000020726d55280
[2025-06-18T00:00:10.246+0300][12872][22152][debug][safepoint] ... found polling page loop exception at pc = 0x000002071f83b021, stub =0x0000020726d55b00
[2025-06-18T00:00:10.262+0300][12872][18160][info ][gc,phases] GC(6) Concurrent Mark 46.817ms
[2025-06-18T00:00:10.262+0300][12872][20264][debug][safepoint] Safepoint synchronization initiated using striped semaphore wait barrier. (19 threads)
[2025-06-18T00:00:10.262+0300][12872][22488][debug][safepoint] ... found polling page loop exception at pc = 0x00000207273653e0, stub =0x0000020726d55280
[2025-06-18T00:00:10.262+0300][12872][11992][debug][safepoint] ... found polling page loop exception at pc = 0x00000207273653e0, stub =0x0000020726d55280
[2025-06-18T00:00:10.262+0300][12872][3076 ][debug][safepoint] ... found polling page loop exception at pc = 0x00000207274914b2, stub =0x0000020726d55280
[2025-06-18T00:00:10.262+0300][12872][17200][debug][safepoint] ... found polling page loop exception at pc = 0x00000207273653e0, stub =0x0000020726d55280
[2025-06-18T00:00:10.262+0300][12872][20264][info ][gc,phases] GC(6) Pause Mark End 0.013ms
[2025-06-18T00:00:10.262+0300][12872][20264][info ][safepoint] Safepoint "XMarkEnd", Time since last: 47076200 ns, Reaching safepoint: 195800 ns, Cleanup: 9500 ns, At safepoint: 54700 ns, Total: 260000 ns
[2025-06-18T00:00:10.262+0300][12872][18160][info ][gc,phases] GC(6) Concurrent Mark Free 0.001ms
[2025-06-18T00:00:10.262+0300][12872][18160][debug][gc,phases] GC(6) Concurrent References Process 0.069ms
[2025-06-18T00:00:10.262+0300][12872][18160][debug][gc,phases] GC(6) ClassLoaderData 0.015ms
[2025-06-18T00:00:10.262+0300][12872][18160][debug][gc,phases] GC(6) Trigger cleanups 0.000ms
[2025-06-18T00:00:10.264+0300][12872][18160][debug][gc,phases] GC(6) Concurrent Classes Unlink 1.999ms
[2025-06-18T00:00:10.264+0300][12872][22488][debug][safepoint] ... found polling page loop exception at pc = 0x0000020727364360, stub =0x0000020726d55b00
[2025-06-18T00:00:10.264+0300][12872][2932 ][debug][safepoint] ... found polling page loop exception at pc = 0x00000207273f8903, stub =0x0000020726d55280
[2025-06-18T00:00:10.264+0300][12872][22300][debug][safepoint] ... found polling page loop exception at pc = 0x00000207273653e0, stub =0x0000020726d55280
[2025-06-18T00:00:10.264+0300][12872][22152][debug][safepoint] ... found polling page loop exception at pc = 0x00000207273653e0, stub =0x0000020726d55280
[2025-06-18T00:00:10.264+0300][12872][3076 ][debug][safepoint] ... found polling page loop exception at pc = 0x00000207273653e0, stub =0x0000020726d55280
[2025-06-18T00:00:10.264+0300][12872][18160][debug][gc,phases] GC(6) Concurrent Classes Purge 0.049ms
[2025-06-18T00:00:10.266+0300][12872][18160][debug][gc,phases] GC(6) Concurrent References Enqueue 0.011ms
[2025-06-18T00:00:10.266+0300][12872][18160][info ][gc,phases] GC(6) Concurrent Process Non-Strong References 3.735ms
[2025-06-18T00:00:10.266+0300][12872][18160][info ][gc,phases] GC(6) Concurrent Reset Relocation Set 0.004ms
[2025-06-18T00:00:10.268+0300][12872][18160][info ][gc,phases] GC(6) Concurrent Select Relocation Set 2.221ms
[2025-06-18T00:00:10.268+0300][12872][20264][debug][safepoint] Safepoint synchronization initiated using striped semaphore wait barrier. (19 threads)
[2025-06-18T00:00:10.268+0300][12872][22488][debug][safepoint] ... found polling page loop exception at pc = 0x00000207273f8903, stub =0x0000020726d55280
[2025-06-18T00:00:10.268+0300][12872][22152][debug][safepoint] ... found polling page loop exception at pc = 0x00000207273564c6, stub =0x0000020726d55b00
[2025-06-18T00:00:10.268+0300][12872][11992][debug][safepoint] ... found polling page loop exception at pc = 0x00000207273653e0, stub =0x0000020726d55280
[2025-06-18T00:00:10.268+0300][12872][2932 ][debug][safepoint] ... found polling page loop exception at pc = 0x00000207273653e0, stub =0x0000020726d55280
[2025-06-18T00:00:10.268+0300][12872][1872 ][debug][safepoint] ... found polling page loop exception at pc = 0x00000207273564c6, stub =0x0000020726d55b00
[2025-06-18T00:00:10.268+0300][12872][3076 ][debug][safepoint] ... found polling page loop exception at pc = 0x000002072737074b, stub =0x0000020726d55b00
[2025-06-18T00:00:10.268+0300][12872][22300][debug][safepoint] ... found polling page loop exception at pc = 0x00000207273653e0, stub =0x0000020726d55280
[2025-06-18T00:00:10.268+0300][12872][20264][info ][gc,phases] GC(6) Pause Relocate Start 0.007ms
[2025-06-18T00:00:10.268+0300][12872][20264][info ][safepoint] Safepoint "XRelocateStart", Time since last: 6077100 ns, Reaching safepoint: 263400 ns, Cleanup: 2600 ns, At safepoint: 38300 ns, Total: 304300 ns
[2025-06-18T00:00:10.268+0300][12872][18160][info ][gc,phases] GC(6) Concurrent Relocate 1.100ms
[2025-06-18T00:00:10.268+0300][12872][18160][debug][gc,heap  ] GC(6) Heap after GC invocations=7 (full 7):
[2025-06-18T00:00:10.268+0300][12872][18160][debug][gc,heap  ] GC(6)  ZHeap           used 258M, capacity 2048M, max capacity 2048M
[2025-06-18T00:00:10.268+0300][12872][18160][debug][gc,heap  ] GC(6)  Metaspace       used 8489K, committed 9472K, reserved 1114112K
[2025-06-18T00:00:10.268+0300][12872][18160][debug][gc,heap  ] GC(6)   class space    used 857K, committed 1216K, reserved 1048576K
[2025-06-18T00:00:10.268+0300][12872][18160][info ][gc,heap  ] GC(6) Min Capacity: 2048M(100%)
[2025-06-18T00:00:10.268+0300][12872][18160][info ][gc,heap  ] GC(6) Max Capacity: 2048M(100%)
[2025-06-18T00:00:10.268+0300][12872][18160][info ][gc,heap  ] GC(6) Soft Max Capacity: 2048M(100%)
[2025-06-18T00:00:10.268+0300][12872][18160][info ][gc,heap  ] GC(6)                Mark Start          Mark End        Relocate Start      Relocate End           High               Low         
[2025-06-18T00:00:10.268+0300][12872][18160][info ][gc,heap  ] GC(6)  Capacity:     2048M (100%)       2048M (100%)       2048M (100%)       2048M (100%)       2048M (100%)       2048M (100%)   
[2025-06-18T00:00:10.268+0300][12872][18160][info ][gc,heap  ] GC(6)      Free:     1244M (61%)        1054M (51%)        1648M (80%)        1790M (87%)        1794M (88%)        1042M (51%)    
[2025-06-18T00:00:10.268+0300][12872][18160][info ][gc,heap  ] GC(6)      Used:      804M (39%)         994M (49%)         400M (20%)         258M (13%)        1006M (49%)         254M (12%)    
[2025-06-18T00:00:10.268+0300][12872][18160][info ][gc,heap  ] GC(6)      Live:         -                11M (1%)           11M (1%)           11M (1%)             -                  -          
[2025-06-18T00:00:10.268+0300][12872][18160][info ][gc,heap  ] GC(6) Allocated:         -               190M (9%)          208M (10%)         215M (11%)            -                  -          
[2025-06-18T00:00:10.268+0300][12872][18160][info ][gc,heap  ] GC(6)   Garbage:         -               792M (39%)         180M (9%)           30M (2%)             -                  -          
[2025-06-18T00:00:10.268+0300][12872][18160][info ][gc,heap  ] GC(6) Reclaimed:         -                  -               612M (30%)         761M (37%)            -                  -          
[2025-06-18T00:00:10.268+0300][12872][18160][info ][gc       ] GC(6) Garbage Collection (Allocation Rate) 804M(39%)->258M(13%)
[2025-06-18T00:00:10.405+0300][12872][18160][debug][gc,heap  ] GC(7) Heap before GC invocations=7 (full 7):
[2025-06-18T00:00:10.405+0300][12872][18160][debug][gc,heap  ] GC(7)  ZHeap           used 818M, capacity 2048M, max capacity 2048M
[2025-06-18T00:00:10.405+0300][12872][18160][debug][gc,heap  ] GC(7)  Metaspace       used 8490K, committed 9472K, reserved 1114112K
[2025-06-18T00:00:10.405+0300][12872][18160][debug][gc,heap  ] GC(7)   class space    used 857K, committed 1216K, reserved 1048576K
[2025-06-18T00:00:10.405+0300][12872][20264][debug][safepoint] Safepoint synchronization initiated using striped semaphore wait barrier. (19 threads)
[2025-06-18T00:00:10.405+0300][12872][22152][debug][safepoint] ... found polling page loop exception at pc = 0x00000207273653e0, stub =0x0000020726d55280
[2025-06-18T00:00:10.405+0300][12872][22488][debug][safepoint] ... found polling page loop exception at pc = 0x00000207273653e0, stub =0x0000020726d55280
[2025-06-18T00:00:10.405+0300][12872][17200][debug][safepoint] ... found polling page loop exception at pc = 0x00000207273653e0, stub =0x0000020726d55280
[2025-06-18T00:00:10.405+0300][12872][3076 ][debug][safepoint] ... found polling page loop exception at pc = 0x000002072736408e, stub =0x0000020726d55b00
[2025-06-18T00:00:10.405+0300][12872][20264][info ][gc,phases] GC(7) Pause Mark Start 0.005ms
[2025-06-18T00:00:10.405+0300][12872][20264][info ][safepoint] Safepoint "XMarkStart", Time since last: 136046700 ns, Reaching safepoint: 213200 ns, Cleanup: 7800 ns, At safepoint: 49900 ns, Total: 270900 ns
[2025-06-18T00:00:10.409+0300][12872][3076 ][debug][safepoint] ... found polling page loop exception at pc = 0x00000207273564c6, stub =0x0000020726d55b00
[2025-06-18T00:00:10.409+0300][12872][11992][debug][safepoint] ... found polling page loop exception at pc = 0x00000207273653e0, stub =0x0000020726d55280
[2025-06-18T00:00:10.409+0300][12872][1872 ][debug][safepoint] ... found polling page loop exception at pc = 0x00000207273653e0, stub =0x0000020726d55280
[2025-06-18T00:00:10.409+0300][12872][2932 ][debug][safepoint] ... found polling page loop exception at pc = 0x00000207273653e0, stub =0x0000020726d55280
[2025-06-18T00:00:10.411+0300][12872][17200][debug][safepoint] ... found polling page loop exception at pc = 0x00000207273f8903, stub =0x0000020726d55280
[2025-06-18T00:00:10.421+0300][12872][3076 ][debug][safepoint] ... found polling page loop exception at pc = 0x00000207273653e0, stub =0x0000020726d55280
[2025-06-18T00:00:10.421+0300][12872][2932 ][debug][safepoint] ... found polling page loop exception at pc = 0x00000207273653e0, stub =0x0000020726d55280
[2025-06-18T00:00:10.421+0300][12872][11992][debug][safepoint] ... found polling page loop exception at pc = 0x00000207273653e0, stub =0x0000020726d55280
[2025-06-18T00:00:10.421+0300][12872][1872 ][debug][safepoint] ... found polling page loop exception at pc = 0x000002072735d04c, stub =0x0000020726d55b00
[2025-06-18T00:00:10.421+0300][12872][17200][debug][safepoint] ... found polling page loop exception at pc = 0x00000207273653e0, stub =0x0000020726d55280
[2025-06-18T00:00:10.421+0300][12872][17200][debug][safepoint] ... found polling page loop exception at pc = 0x00000207273653e0, stub =0x0000020726d55280
[2025-06-18T00:00:10.421+0300][12872][3076 ][debug][safepoint] ... found polling page loop exception at pc = 0x00000207273653e0, stub =0x0000020726d55280
[2025-06-18T00:00:10.421+0300][12872][22152][debug][safepoint] ... found polling page loop exception at pc = 0x00000207273653e0, stub =0x0000020726d55280
[2025-06-18T00:00:10.421+0300][12872][11992][debug][safepoint] ... found polling page loop exception at pc = 0x000002072740bc2f, stub =0x0000020726d55b00
[2025-06-18T00:00:10.423+0300][12872][11992][debug][safepoint] ... found polling page loop exception at pc = 0x00000207273653e0, stub =0x0000020726d55280
[2025-06-18T00:00:10.423+0300][12872][2932 ][debug][safepoint] ... found polling page loop exception at pc = 0x00000207273653e0, stub =0x0000020726d55280
[2025-06-18T00:00:10.423+0300][12872][3076 ][debug][safepoint] ... found polling page loop exception at pc = 0x00000207273653e0, stub =0x0000020726d55280
[2025-06-18T00:00:10.423+0300][12872][1872 ][debug][safepoint] ... found polling page loop exception at pc = 0x00000207273653e0, stub =0x0000020726d55280
[2025-06-18T00:00:10.423+0300][12872][17200][debug][safepoint] ... found polling page loop exception at pc = 0x000002072736408e, stub =0x0000020726d55b00
[2025-06-18T00:00:10.423+0300][12872][22152][debug][safepoint] ... found polling page loop exception at pc = 0x00000207273653e0, stub =0x0000020726d55280
[2025-06-18T00:00:10.423+0300][12872][22300][debug][safepoint] ... found polling page loop exception at pc = 0x00000207273653e0, stub =0x0000020726d55280
[2025-06-18T00:00:10.437+0300][12872][18160][info ][gc,phases] GC(7) Concurrent Mark 31.395ms
[2025-06-18T00:00:10.437+0300][12872][20264][debug][safepoint] Safepoint synchronization initiated using striped semaphore wait barrier. (19 threads)
[2025-06-18T00:00:10.437+0300][12872][22300][debug][safepoint] ... found polling page loop exception at pc = 0x00000207273653e0, stub =0x0000020726d55280
[2025-06-18T00:00:10.437+0300][12872][22152][debug][safepoint] ... found polling page loop exception at pc = 0x000002072737074b, stub =0x0000020726d55b00
[2025-06-18T00:00:10.437+0300][12872][2932 ][debug][safepoint] ... found polling page loop exception at pc = 0x00000207273653e0, stub =0x0000020726d55280
[2025-06-18T00:00:10.437+0300][12872][1872 ][debug][safepoint] ... found polling page loop exception at pc = 0x00000207273653e0, stub =0x0000020726d55280
[2025-06-18T00:00:10.437+0300][12872][22488][debug][safepoint] ... found polling page loop exception at pc = 0x00000207273653e0, stub =0x0000020726d55280
[2025-06-18T00:00:10.437+0300][12872][17200][debug][safepoint] ... found polling page loop exception at pc = 0x00000207273653e0, stub =0x0000020726d55280
[2025-06-18T00:00:10.437+0300][12872][3076 ][debug][safepoint] ... found polling page loop exception at pc = 0x00000207273653e0, stub =0x0000020726d55280
[2025-06-18T00:00:10.437+0300][12872][20264][info ][gc,phases] GC(7) Pause Mark End 0.018ms
[2025-06-18T00:00:10.437+0300][12872][20264][info ][safepoint] Safepoint "XMarkEnd", Time since last: 31501500 ns, Reaching safepoint: 302100 ns, Cleanup: 9000 ns, At safepoint: 58700 ns, Total: 369800 ns
[2025-06-18T00:00:10.437+0300][12872][18160][info ][gc,phases] GC(7) Concurrent Mark Free 0.001ms
[2025-06-18T00:00:10.437+0300][12872][18160][debug][gc,phases] GC(7) Concurrent References Process 0.060ms
[2025-06-18T00:00:10.437+0300][12872][18160][debug][gc,phases] GC(7) ClassLoaderData 0.014ms
[2025-06-18T00:00:10.437+0300][12872][18160][debug][gc,phases] GC(7) Trigger cleanups 0.000ms
[2025-06-18T00:00:10.439+0300][12872][18160][debug][gc,phases] GC(7) Concurrent Classes Unlink 1.859ms
[2025-06-18T00:00:10.439+0300][12872][2932 ][debug][safepoint] ... found polling page loop exception at pc = 0x00000207273653e0, stub =0x0000020726d55280
[2025-06-18T00:00:10.439+0300][12872][22488][debug][safepoint] ... found polling page loop exception at pc = 0x00000207273564c6, stub =0x0000020726d55b00
[2025-06-18T00:00:10.439+0300][12872][22300][debug][safepoint] ... found polling page loop exception at pc = 0x00000207273653e0, stub =0x0000020726d55280
[2025-06-18T00:00:10.439+0300][12872][17200][debug][safepoint] ... found polling page loop exception at pc = 0x00000207273653e0, stub =0x0000020726d55280
[2025-06-18T00:00:10.439+0300][12872][1872 ][debug][safepoint] ... found polling page loop exception at pc = 0x00000207273653e0, stub =0x0000020726d55280
[2025-06-18T00:00:10.439+0300][12872][18160][debug][gc,phases] GC(7) Concurrent Classes Purge 0.049ms
[2025-06-18T00:00:10.439+0300][12872][18160][debug][gc,phases] GC(7) Concurrent References Enqueue 0.005ms
[2025-06-18T00:00:10.439+0300][12872][18160][info ][gc,phases] GC(7) Concurrent Process Non-Strong References 2.592ms
[2025-06-18T00:00:10.439+0300][12872][18160][info ][gc,phases] GC(7) Concurrent Reset Relocation Set 0.003ms
[2025-06-18T00:00:10.441+0300][12872][18160][info ][gc,phases] GC(7) Concurrent Select Relocation Set 2.198ms
[2025-06-18T00:00:10.441+0300][12872][20264][debug][safepoint] Safepoint synchronization initiated using striped semaphore wait barrier. (19 threads)
[2025-06-18T00:00:10.441+0300][12872][2932 ][debug][safepoint] ... found polling page loop exception at pc = 0x000002072736408e, stub =0x0000020726d55b00
[2025-06-18T00:00:10.441+0300][12872][1872 ][debug][safepoint] ... found polling page loop exception at pc = 0x00000207273653e0, stub =0x0000020726d55280
[2025-06-18T00:00:10.441+0300][12872][22488][debug][safepoint] ... found polling page loop exception at pc = 0x00000207273653e0, stub =0x0000020726d55280
[2025-06-18T00:00:10.441+0300][12872][20264][info ][gc,phases] GC(7) Pause Relocate Start 0.009ms
[2025-06-18T00:00:10.441+0300][12872][20264][info ][safepoint] Safepoint "XRelocateStart", Time since last: 4936100 ns, Reaching safepoint: 152300 ns, Cleanup: 11200 ns, At safepoint: 58800 ns, Total: 222300 ns
[2025-06-18T00:00:10.443+0300][12872][18160][info ][gc,phases] GC(7) Concurrent Relocate 1.081ms
[2025-06-18T00:00:10.443+0300][12872][18160][debug][gc,heap  ] GC(7) Heap after GC invocations=8 (full 8):
[2025-06-18T00:00:10.443+0300][12872][18160][debug][gc,heap  ] GC(7)  ZHeap           used 202M, capacity 2048M, max capacity 2048M
[2025-06-18T00:00:10.443+0300][12872][18160][debug][gc,heap  ] GC(7)  Metaspace       used 8495K, committed 9472K, reserved 1114112K
[2025-06-18T00:00:10.443+0300][12872][18160][debug][gc,heap  ] GC(7)   class space    used 857K, committed 1216K, reserved 1048576K
[2025-06-18T00:00:10.443+0300][12872][18160][info ][gc,heap  ] GC(7) Min Capacity: 2048M(100%)
[2025-06-18T00:00:10.443+0300][12872][18160][info ][gc,heap  ] GC(7) Max Capacity: 2048M(100%)
[2025-06-18T00:00:10.443+0300][12872][18160][info ][gc,heap  ] GC(7) Soft Max Capacity: 2048M(100%)
[2025-06-18T00:00:10.443+0300][12872][18160][info ][gc,heap  ] GC(7)                Mark Start          Mark End        Relocate Start      Relocate End           High               Low         
[2025-06-18T00:00:10.443+0300][12872][18160][info ][gc,heap  ] GC(7)  Capacity:     2048M (100%)       2048M (100%)       2048M (100%)       2048M (100%)       2048M (100%)       2048M (100%)   
[2025-06-18T00:00:10.443+0300][12872][18160][info ][gc,heap  ] GC(7)      Free:     1230M (60%)        1086M (53%)        1678M (82%)        1846M (90%)        1846M (90%)        1078M (53%)    
[2025-06-18T00:00:10.443+0300][12872][18160][info ][gc,heap  ] GC(7)      Used:      818M (40%)         962M (47%)         370M (18%)         202M (10%)         970M (47%)         202M (10%)    
[2025-06-18T00:00:10.443+0300][12872][18160][info ][gc,heap  ] GC(7)      Live:         -                11M (1%)           11M (1%)           11M (1%)             -                  -          
[2025-06-18T00:00:10.443+0300][12872][18160][info ][gc,heap  ] GC(7) Allocated:         -               144M (7%)          160M (8%)          159M (8%)             -                  -          
[2025-06-18T00:00:10.443+0300][12872][18160][info ][gc,heap  ] GC(7)   Garbage:         -               806M (39%)         198M (10%)          30M (2%)             -                  -          
[2025-06-18T00:00:10.443+0300][12872][18160][info ][gc,heap  ] GC(7) Reclaimed:         -                  -               608M (30%)         775M (38%)            -                  -          
[2025-06-18T00:00:10.443+0300][12872][18160][info ][gc       ] GC(7) Garbage Collection (Allocation Rate) 818M(40%)->202M(10%)
[2025-06-18T00:00:10.611+0300][12872][18160][debug][gc,heap  ] GC(8) Heap before GC invocations=8 (full 8):
[2025-06-18T00:00:10.611+0300][12872][18160][debug][gc,heap  ] GC(8)  ZHeap           used 942M, capacity 2048M, max capacity 2048M
[2025-06-18T00:00:10.611+0300][12872][18160][debug][gc,heap  ] GC(8)  Metaspace       used 8508K, committed 9472K, reserved 1114112K
[2025-06-18T00:00:10.611+0300][12872][18160][debug][gc,heap  ] GC(8)   class space    used 857K, committed 1216K, reserved 1048576K
[2025-06-18T00:00:10.611+0300][12872][20264][debug][safepoint] Safepoint synchronization initiated using striped semaphore wait barrier. (19 threads)
[2025-06-18T00:00:10.611+0300][12872][22488][debug][safepoint] ... found polling page loop exception at pc = 0x000002072739988b, stub =0x0000020726d55280
[2025-06-18T00:00:10.611+0300][12872][2932 ][debug][safepoint] ... found polling page loop exception at pc = 0x00000207273564c6, stub =0x0000020726d55b00
[2025-06-18T00:00:10.611+0300][12872][1872 ][debug][safepoint] ... found polling page loop exception at pc = 0x00000207273653e0, stub =0x0000020726d55280
[2025-06-18T00:00:10.611+0300][12872][3076 ][debug][safepoint] ... found polling page loop exception at pc = 0x000002072737074b, stub =0x0000020726d55b00
[2025-06-18T00:00:10.611+0300][12872][22300][debug][safepoint] ... found polling page loop exception at pc = 0x00000207273653e0, stub =0x0000020726d55280
[2025-06-18T00:00:10.611+0300][12872][17200][debug][safepoint] ... found polling page loop exception at pc = 0x00000207273653e0, stub =0x0000020726d55280
[2025-06-18T00:00:10.611+0300][12872][11992][debug][safepoint] ... found polling page loop exception at pc = 0x00000207273653e0, stub =0x0000020726d55280
[2025-06-18T00:00:10.611+0300][12872][22152][debug][safepoint] ... found polling page loop exception at pc = 0x00000207273564c6, stub =0x0000020726d55b00
[2025-06-18T00:00:10.611+0300][12872][20264][info ][gc,phases] GC(8) Pause Mark Start 0.007ms
[2025-06-18T00:00:10.611+0300][12872][20264][info ][safepoint] Safepoint "XMarkStart", Time since last: 168621900 ns, Reaching safepoint: 296800 ns, Cleanup: 11200 ns, At safepoint: 53600 ns, Total: 361600 ns
[2025-06-18T00:00:10.615+0300][12872][2932 ][debug][safepoint] ... found polling page loop exception at pc = 0x0000020727376aed, stub =0x0000020726d55b00
[2025-06-18T00:00:10.615+0300][12872][3076 ][debug][safepoint] ... found polling page loop exception at pc = 0x00000207273653e0, stub =0x0000020726d55280
[2025-06-18T00:00:10.615+0300][12872][22488][debug][safepoint] ... found polling page loop exception at pc = 0x00000207273653e0, stub =0x0000020726d55280
[2025-06-18T00:00:10.617+0300][12872][2932 ][debug][safepoint] ... found polling page loop exception at pc = 0x000002072736408e, stub =0x0000020726d55b00
[2025-06-18T00:00:10.617+0300][12872][3076 ][debug][safepoint] ... found polling page loop exception at pc = 0x00000207273653e0, stub =0x0000020726d55280
[2025-06-18T00:00:10.617+0300][12872][1872 ][debug][safepoint] ... found polling page loop exception at pc = 0x00000207273653e0, stub =0x0000020726d55280
[2025-06-18T00:00:10.617+0300][12872][22152][debug][safepoint] ... found polling page loop exception at pc = 0x00000207273653e0, stub =0x0000020726d55280
[2025-06-18T00:00:10.617+0300][12872][22300][debug][safepoint] ... found polling page loop exception at pc = 0x00000207273653e0, stub =0x0000020726d55280
[2025-06-18T00:00:10.617+0300][12872][22488][debug][safepoint] ... found polling page loop exception at pc = 0x00000207273653e0, stub =0x0000020726d55280
[2025-06-18T00:00:10.627+0300][12872][11992][debug][safepoint] ... found polling page loop exception at pc = 0x00000207273653e0, stub =0x0000020726d55280
[2025-06-18T00:00:10.627+0300][12872][2932 ][debug][safepoint] ... found polling page loop exception at pc = 0x00000207273653e0, stub =0x0000020726d55280
[2025-06-18T00:00:10.627+0300][12872][17200][debug][safepoint] ... found polling page loop exception at pc = 0x00000207273653e0, stub =0x0000020726d55280
[2025-06-18T00:00:10.629+0300][12872][1872 ][debug][safepoint] ... found polling page loop exception at pc = 0x00000207273653e0, stub =0x0000020726d55280
[2025-06-18T00:00:10.629+0300][12872][22488][debug][safepoint] ... found polling page loop exception at pc = 0x00000207273653e0, stub =0x0000020726d55280
[2025-06-18T00:00:10.643+0300][12872][22488][debug][safepoint] ... found polling page loop exception at pc = 0x00000207273653e0, stub =0x0000020726d55280
[2025-06-18T00:00:10.643+0300][12872][22300][debug][safepoint] ... found polling page loop exception at pc = 0x00000207273653e0, stub =0x0000020726d55280
[2025-06-18T00:00:10.643+0300][12872][22152][debug][safepoint] ... found polling page loop exception at pc = 0x00000207273653e0, stub =0x0000020726d55280
[2025-06-18T00:00:10.643+0300][12872][3076 ][debug][safepoint] ... found polling page loop exception at pc = 0x0000020727399d8f, stub =0x0000020726d55280
[2025-06-18T00:00:10.643+0300][12872][2932 ][debug][safepoint] ... found polling page loop exception at pc = 0x00000207273653e0, stub =0x0000020726d55280
[2025-06-18T00:00:10.643+0300][12872][1872 ][debug][safepoint] ... found polling page loop exception at pc = 0x00000207273653e0, stub =0x0000020726d55280
[2025-06-18T00:00:10.658+0300][12872][18160][info ][gc,phases] GC(8) Concurrent Mark 47.162ms
[2025-06-18T00:00:10.658+0300][12872][20264][debug][safepoint] Safepoint synchronization initiated using striped semaphore wait barrier. (20 threads)
[2025-06-18T00:00:10.658+0300][12872][22488][debug][safepoint] ... found polling page loop exception at pc = 0x00000207273653e0, stub =0x0000020726d55280
[2025-06-18T00:00:10.658+0300][12872][3076 ][debug][safepoint] ... found polling page loop exception at pc = 0x00000207273653e0, stub =0x0000020726d55280
[2025-06-18T00:00:10.658+0300][12872][1872 ][debug][safepoint] ... found polling page loop exception at pc = 0x000002072737074b, stub =0x0000020726d55b00
[2025-06-18T00:00:10.658+0300][12872][11992][debug][safepoint] ... found polling page loop exception at pc = 0x00000207273653e0, stub =0x0000020726d55280
[2025-06-18T00:00:10.658+0300][12872][20264][info ][gc,phases] GC(8) Pause Mark End 0.012ms
[2025-06-18T00:00:10.658+0300][12872][20264][info ][safepoint] Safepoint "XMarkEnd", Time since last: 47264600 ns, Reaching safepoint: 177700 ns, Cleanup: 3900 ns, At safepoint: 52100 ns, Total: 233700 ns
[2025-06-18T00:00:10.658+0300][12872][18160][info ][gc,phases] GC(8) Concurrent Mark Free 0.001ms
[2025-06-18T00:00:10.658+0300][12872][18160][debug][gc,phases] GC(8) Concurrent References Process 0.081ms
[2025-06-18T00:00:10.658+0300][12872][18160][debug][gc,phases] GC(8) ClassLoaderData 0.016ms
[2025-06-18T00:00:10.658+0300][12872][18160][debug][gc,phases] GC(8) Trigger cleanups 0.000ms
[2025-06-18T00:00:10.660+0300][12872][18160][debug][gc,phases] GC(8) Concurrent Classes Unlink 1.942ms
[2025-06-18T00:00:10.660+0300][12872][1872 ][debug][safepoint] ... found polling page loop exception at pc = 0x00000207273dd304, stub =0x0000020726d55b00
[2025-06-18T00:00:10.660+0300][12872][2932 ][debug][safepoint] ... found polling page loop exception at pc = 0x00000207273653e0, stub =0x0000020726d55280
[2025-06-18T00:00:10.660+0300][12872][18160][debug][gc,phases] GC(8) Concurrent Classes Purge 0.043ms
[2025-06-18T00:00:10.660+0300][12872][18160][debug][gc,phases] GC(8) Concurrent References Enqueue 0.005ms
[2025-06-18T00:00:10.660+0300][12872][18160][info ][gc,phases] GC(8) Concurrent Process Non-Strong References 2.513ms
[2025-06-18T00:00:10.660+0300][12872][18160][info ][gc,phases] GC(8) Concurrent Reset Relocation Set 0.005ms
[2025-06-18T00:00:10.662+0300][12872][18160][info ][gc,phases] GC(8) Concurrent Select Relocation Set 2.235ms
[2025-06-18T00:00:10.662+0300][12872][20264][debug][safepoint] Safepoint synchronization initiated using striped semaphore wait barrier. (20 threads)
[2025-06-18T00:00:10.662+0300][12872][22488][debug][safepoint] ... found polling page loop exception at pc = 0x00000207273653e0, stub =0x0000020726d55280
[2025-06-18T00:00:10.662+0300][12872][22300][debug][safepoint] ... found polling page loop exception at pc = 0x00000207273653e0, stub =0x0000020726d55280
[2025-06-18T00:00:10.662+0300][12872][3076 ][debug][safepoint] ... found polling page loop exception at pc = 0x000002072736408e, stub =0x0000020726d55b00
[2025-06-18T00:00:10.662+0300][12872][11992][debug][safepoint] ... found polling page loop exception at pc = 0x000002072737074b, stub =0x0000020726d55b00
[2025-06-18T00:00:10.662+0300][12872][17200][debug][safepoint] ... found polling page loop exception at pc = 0x00000207273653e0, stub =0x0000020726d55280
[2025-06-18T00:00:10.662+0300][12872][22152][debug][safepoint] ... found polling page loop exception at pc = 0x00000207273653e0, stub =0x0000020726d55280
[2025-06-18T00:00:10.662+0300][12872][1872 ][debug][safepoint] ... found polling page loop exception at pc = 0x0000020727415998, stub =0x0000020726d55b00
[2025-06-18T00:00:10.662+0300][12872][20264][info ][gc,phases] GC(8) Pause Relocate Start 0.007ms
[2025-06-18T00:00:10.662+0300][12872][20264][info ][safepoint] Safepoint "XRelocateStart", Time since last: 4889000 ns, Reaching safepoint: 280300 ns, Cleanup: 6800 ns, At safepoint: 55100 ns, Total: 342200 ns
[2025-06-18T00:00:10.662+0300][12872][18160][info ][gc,phases] GC(8) Concurrent Relocate 1.074ms
[2025-06-18T00:00:10.662+0300][12872][18160][debug][gc,heap  ] GC(8) Heap after GC invocations=9 (full 9):
[2025-06-18T00:00:10.662+0300][12872][18160][debug][gc,heap  ] GC(8)  ZHeap           used 238M, capacity 2048M, max capacity 2048M
[2025-06-18T00:00:10.662+0300][12872][18160][debug][gc,heap  ] GC(8)  Metaspace       used 8508K, committed 9472K, reserved 1114112K
[2025-06-18T00:00:10.662+0300][12872][18160][debug][gc,heap  ] GC(8)   class space    used 857K, committed 1216K, reserved 1048576K
[2025-06-18T00:00:10.662+0300][12872][18160][info ][gc,heap  ] GC(8) Min Capacity: 2048M(100%)
[2025-06-18T00:00:10.662+0300][12872][18160][info ][gc,heap  ] GC(8) Max Capacity: 2048M(100%)
[2025-06-18T00:00:10.662+0300][12872][18160][info ][gc,heap  ] GC(8) Soft Max Capacity: 2048M(100%)
[2025-06-18T00:00:10.662+0300][12872][18160][info ][gc,heap  ] GC(8)                Mark Start          Mark End        Relocate Start      Relocate End           High               Low         
[2025-06-18T00:00:10.662+0300][12872][18160][info ][gc,heap  ] GC(8)  Capacity:     2048M (100%)       2048M (100%)       2048M (100%)       2048M (100%)       2048M (100%)       2048M (100%)   
[2025-06-18T00:00:10.662+0300][12872][18160][info ][gc,heap  ] GC(8)      Free:     1104M (54%)         928M (45%)        1626M (79%)        1812M (88%)        1812M (88%)         924M (45%)    
[2025-06-18T00:00:10.662+0300][12872][18160][info ][gc,heap  ] GC(8)      Used:      944M (46%)        1120M (55%)         422M (21%)         236M (12%)        1124M (55%)         236M (12%)    
[2025-06-18T00:00:10.662+0300][12872][18160][info ][gc,heap  ] GC(8)      Live:         -                11M (1%)           11M (1%)           11M (1%)             -                  -          
[2025-06-18T00:00:10.662+0300][12872][18160][info ][gc,heap  ] GC(8) Allocated:         -               176M (9%)          192M (9%)          193M (9%)             -                  -          
[2025-06-18T00:00:10.662+0300][12872][18160][info ][gc,heap  ] GC(8)   Garbage:         -               932M (46%)         218M (11%)          30M (2%)             -                  -          
[2025-06-18T00:00:10.662+0300][12872][18160][info ][gc,heap  ] GC(8) Reclaimed:         -                  -               714M (35%)         901M (44%)            -                  -          
[2025-06-18T00:00:10.662+0300][12872][18160][info ][gc       ] GC(8) Garbage Collection (Allocation Rate) 944M(46%)->236M(12%)
[2025-06-18T00:00:10.800+0300][12872][18160][debug][gc,heap  ] GC(9) Heap before GC invocations=9 (full 9):
[2025-06-18T00:00:10.800+0300][12872][18160][debug][gc,heap  ] GC(9)  ZHeap           used 892M, capacity 2048M, max capacity 2048M
[2025-06-18T00:00:10.800+0300][12872][18160][debug][gc,heap  ] GC(9)  Metaspace       used 8508K, committed 9472K, reserved 1114112K
[2025-06-18T00:00:10.800+0300][12872][18160][debug][gc,heap  ] GC(9)   class space    used 857K, committed 1216K, reserved 1048576K
[2025-06-18T00:00:10.800+0300][12872][20264][debug][safepoint] Safepoint synchronization initiated using striped semaphore wait barrier. (20 threads)
[2025-06-18T00:00:10.800+0300][12872][22152][debug][safepoint] ... found polling page loop exception at pc = 0x00000207273653e0, stub =0x0000020726d55280
[2025-06-18T00:00:10.800+0300][12872][22488][debug][safepoint] ... found polling page loop exception at pc = 0x0000020727386205, stub =0x0000020726d55b00
[2025-06-18T00:00:10.800+0300][12872][22300][debug][safepoint] ... found polling page loop exception at pc = 0x00000207273653e0, stub =0x0000020726d55280
[2025-06-18T00:00:10.800+0300][12872][17200][debug][safepoint] ... found polling page loop exception at pc = 0x00000207273653e0, stub =0x0000020726d55280
[2025-06-18T00:00:10.800+0300][12872][3076 ][debug][safepoint] ... found polling page loop exception at pc = 0x00000207273653e0, stub =0x0000020726d55280
[2025-06-18T00:00:10.800+0300][12872][1872 ][debug][safepoint] ... found polling page loop exception at pc = 0x0000020727376aed, stub =0x0000020726d55b00
[2025-06-18T00:00:10.800+0300][12872][20264][info ][gc,phases] GC(9) Pause Mark Start 0.006ms
[2025-06-18T00:00:10.800+0300][12872][20264][info ][safepoint] Safepoint "XMarkStart", Time since last: 136380000 ns, Reaching safepoint: 233300 ns, Cleanup: 3800 ns, At safepoint: 42500 ns, Total: 279600 ns
[2025-06-18T00:00:10.804+0300][12872][17200][debug][safepoint] ... found polling page loop exception at pc = 0x00000207273653e0, stub =0x0000020726d55280
[2025-06-18T00:00:10.804+0300][12872][11992][debug][safepoint] ... found polling page loop exception at pc = 0x00000207273653e0, stub =0x0000020726d55280
[2025-06-18T00:00:10.804+0300][12872][22488][debug][safepoint] ... found polling page loop exception at pc = 0x00000207273653e0, stub =0x0000020726d55280
[2025-06-18T00:00:10.804+0300][12872][2932 ][debug][safepoint] ... found polling page loop exception at pc = 0x00000207273653e0, stub =0x0000020726d55280
[2025-06-18T00:00:10.804+0300][12872][3076 ][debug][safepoint] ... found polling page loop exception at pc = 0x00000207273653e0, stub =0x0000020726d55280
[2025-06-18T00:00:10.804+0300][12872][1872 ][debug][safepoint] ... found polling page loop exception at pc = 0x00000207273564c6, stub =0x0000020726d55b00
[2025-06-18T00:00:10.816+0300][12872][22300][debug][safepoint] ... found polling page loop exception at pc = 0x00000207273653e0, stub =0x0000020726d55280
[2025-06-18T00:00:10.816+0300][12872][11992][debug][safepoint] ... found polling page loop exception at pc = 0x00000207273653e0, stub =0x0000020726d55280
[2025-06-18T00:00:10.816+0300][12872][17200][debug][safepoint] ... found polling page loop exception at pc = 0x00000207273653e0, stub =0x0000020726d55280
[2025-06-18T00:00:10.816+0300][12872][1872 ][debug][safepoint] ... found polling page loop exception at pc = 0x00000207273a3fbe, stub =0x0000020726d55280
[2025-06-18T00:00:10.816+0300][12872][3076 ][debug][safepoint] ... found polling page loop exception at pc = 0x000002072745bd75, stub =0x0000020726d55b00
[2025-06-18T00:00:10.816+0300][12872][22488][debug][safepoint] ... found polling page loop exception at pc = 0x00000207273653e0, stub =0x0000020726d55280
[2025-06-18T00:00:10.816+0300][12872][22300][debug][safepoint] ... found polling page loop exception at pc = 0x00000207273653e0, stub =0x0000020726d55280
[2025-06-18T00:00:10.816+0300][12872][1872 ][debug][safepoint] ... found polling page loop exception at pc = 0x00000207273f8903, stub =0x0000020726d55280
[2025-06-18T00:00:10.816+0300][12872][22488][debug][safepoint] ... found polling page loop exception at pc = 0x00000207273653e0, stub =0x0000020726d55280
[2025-06-18T00:00:10.816+0300][12872][3076 ][debug][safepoint] ... found polling page loop exception at pc = 0x00000207273653e0, stub =0x0000020726d55280
[2025-06-18T00:00:10.816+0300][12872][11992][debug][safepoint] ... found polling page loop exception at pc = 0x000002072735d04c, stub =0x0000020726d55b00
[2025-06-18T00:00:10.816+0300][12872][17200][debug][safepoint] ... found polling page loop exception at pc = 0x00000207273517fb, stub =0x0000020726d55280
[2025-06-18T00:00:10.816+0300][12872][22152][debug][safepoint] ... found polling page loop exception at pc = 0x00000207273653e0, stub =0x0000020726d55280
[2025-06-18T00:00:10.832+0300][12872][18160][info ][gc,phases] GC(9) Concurrent Mark 31.583ms
[2025-06-18T00:00:10.832+0300][12872][20264][debug][safepoint] Safepoint synchronization initiated using striped semaphore wait barrier. (19 threads)
[2025-06-18T00:00:10.832+0300][12872][3076 ][debug][safepoint] ... found polling page loop exception at pc = 0x00000207273653e0, stub =0x0000020726d55280
[2025-06-18T00:00:10.832+0300][12872][22300][debug][safepoint] ... found polling page loop exception at pc = 0x00000207273653e0, stub =0x0000020726d55280
[2025-06-18T00:00:10.832+0300][12872][1872 ][debug][safepoint] ... found polling page loop exception at pc = 0x000002072735d04c, stub =0x0000020726d55b00
[2025-06-18T00:00:10.832+0300][12872][22152][debug][safepoint] ... found polling page loop exception at pc = 0x000002072735d04c, stub =0x0000020726d55b00
[2025-06-18T00:00:10.832+0300][12872][11992][debug][safepoint] ... found polling page loop exception at pc = 0x000002072737074b, stub =0x0000020726d55b00
[2025-06-18T00:00:10.832+0300][12872][20264][info ][gc,phases] GC(9) Pause Mark End 0.011ms
[2025-06-18T00:00:10.832+0300][12872][20264][info ][safepoint] Safepoint "XMarkEnd", Time since last: 31693500 ns, Reaching safepoint: 227200 ns, Cleanup: 3500 ns, At safepoint: 46100 ns, Total: 276800 ns
[2025-06-18T00:00:10.832+0300][12872][18160][info ][gc,phases] GC(9) Concurrent Mark Free 0.001ms
[2025-06-18T00:00:10.832+0300][12872][18160][debug][gc,phases] GC(9) Concurrent References Process 0.088ms
[2025-06-18T00:00:10.832+0300][12872][18160][debug][gc,phases] GC(9) ClassLoaderData 0.014ms
[2025-06-18T00:00:10.832+0300][12872][18160][debug][gc,phases] GC(9) Trigger cleanups 0.000ms
[2025-06-18T00:00:10.834+0300][12872][18160][debug][gc,phases] GC(9) Concurrent Classes Unlink 2.032ms
[2025-06-18T00:00:10.834+0300][12872][2932 ][debug][safepoint] ... found polling page loop exception at pc = 0x00000207273653e0, stub =0x0000020726d55280
[2025-06-18T00:00:10.834+0300][12872][1872 ][debug][safepoint] ... found polling page loop exception at pc = 0x000002072738c351, stub =0x0000020726d55b00
[2025-06-18T00:00:10.834+0300][12872][3076 ][debug][safepoint] ... found polling page loop exception at pc = 0x0000020727386205, stub =0x0000020726d55b00
[2025-06-18T00:00:10.834+0300][12872][18160][debug][gc,phases] GC(9) Concurrent Classes Purge 0.060ms
[2025-06-18T00:00:10.834+0300][12872][18160][debug][gc,phases] GC(9) Concurrent References Enqueue 0.005ms
[2025-06-18T00:00:10.834+0300][12872][18160][info ][gc,phases] GC(9) Concurrent Process Non-Strong References 2.938ms
[2025-06-18T00:00:10.834+0300][12872][18160][info ][gc,phases] GC(9) Concurrent Reset Relocation Set 0.008ms
[2025-06-18T00:00:10.836+0300][12872][18160][info ][gc,phases] GC(9) Concurrent Select Relocation Set 2.147ms
[2025-06-18T00:00:10.836+0300][12872][20264][debug][safepoint] Safepoint synchronization initiated using striped semaphore wait barrier. (19 threads)
[2025-06-18T00:00:10.836+0300][12872][11992][debug][safepoint] ... found polling page loop exception at pc = 0x00000207273653e0, stub =0x0000020726d55280
[2025-06-18T00:00:10.836+0300][12872][17200][debug][safepoint] ... found polling page loop exception at pc = 0x00000207273653e0, stub =0x0000020726d55280
[2025-06-18T00:00:10.836+0300][12872][1872 ][debug][safepoint] ... found polling page loop exception at pc = 0x000002072737074b, stub =0x0000020726d55b00
[2025-06-18T00:00:10.836+0300][12872][2932 ][debug][safepoint] ... found polling page loop exception at pc = 0x0000020727399d8f, stub =0x0000020726d55280
[2025-06-18T00:00:10.836+0300][12872][20264][info ][gc,phases] GC(9) Pause Relocate Start 0.007ms
[2025-06-18T00:00:10.836+0300][12872][20264][info ][safepoint] Safepoint "XRelocateStart", Time since last: 5233200 ns, Reaching safepoint: 184500 ns, Cleanup: 3200 ns, At safepoint: 47500 ns, Total: 235200 ns
[2025-06-18T00:00:10.836+0300][12872][18160][info ][gc,phases] GC(9) Concurrent Relocate 1.133ms
[2025-06-18T00:00:10.836+0300][12872][18160][debug][gc,heap  ] GC(9) Heap after GC invocations=10 (full 10):
[2025-06-18T00:00:10.836+0300][12872][18160][debug][gc,heap  ] GC(9)  ZHeap           used 206M, capacity 2048M, max capacity 2048M
[2025-06-18T00:00:10.836+0300][12872][18160][debug][gc,heap  ] GC(9)  Metaspace       used 8508K, committed 9472K, reserved 1114112K
[2025-06-18T00:00:10.836+0300][12872][18160][debug][gc,heap  ] GC(9)   class space    used 857K, committed 1216K, reserved 1048576K
[2025-06-18T00:00:10.836+0300][12872][18160][info ][gc,heap  ] GC(9) Min Capacity: 2048M(100%)
[2025-06-18T00:00:10.836+0300][12872][18160][info ][gc,heap  ] GC(9) Max Capacity: 2048M(100%)
[2025-06-18T00:00:10.836+0300][12872][18160][info ][gc,heap  ] GC(9) Soft Max Capacity: 2048M(100%)
[2025-06-18T00:00:10.836+0300][12872][18160][info ][gc,heap  ] GC(9)                Mark Start          Mark End        Relocate Start      Relocate End           High               Low         
[2025-06-18T00:00:10.836+0300][12872][18160][info ][gc,heap  ] GC(9)  Capacity:     2048M (100%)       2048M (100%)       2048M (100%)       2048M (100%)       2048M (100%)       2048M (100%)   
[2025-06-18T00:00:10.836+0300][12872][18160][info ][gc,heap  ] GC(9)      Free:     1156M (56%)        1012M (49%)        1676M (82%)        1842M (90%)        1844M (90%)        1004M (49%)    
[2025-06-18T00:00:10.836+0300][12872][18160][info ][gc,heap  ] GC(9)      Used:      892M (44%)        1036M (51%)         372M (18%)         206M (10%)        1044M (51%)         204M (10%)    
[2025-06-18T00:00:10.836+0300][12872][18160][info ][gc,heap  ] GC(9)      Live:         -                11M (1%)           11M (1%)           11M (1%)             -                  -          
[2025-06-18T00:00:10.836+0300][12872][18160][info ][gc,heap  ] GC(9) Allocated:         -               144M (7%)          158M (8%)          163M (8%)             -                  -          
[2025-06-18T00:00:10.836+0300][12872][18160][info ][gc,heap  ] GC(9)   Garbage:         -               880M (43%)         202M (10%)          30M (2%)             -                  -          
[2025-06-18T00:00:10.836+0300][12872][18160][info ][gc,heap  ] GC(9) Reclaimed:         -                  -               678M (33%)         849M (42%)            -                  -          
[2025-06-18T00:00:10.836+0300][12872][18160][info ][gc       ] GC(9) Garbage Collection (Allocation Rate) 892M(44%)->206M(10%)
[2025-06-18T00:00:11.005+0300][12872][18160][debug][gc,heap  ] GC(10) Heap before GC invocations=10 (full 10):
[2025-06-18T00:00:11.005+0300][12872][18160][debug][gc,heap  ] GC(10)  ZHeap           used 1012M, capacity 2048M, max capacity 2048M
[2025-06-18T00:00:11.005+0300][12872][18160][debug][gc,heap  ] GC(10)  Metaspace       used 8515K, committed 9472K, reserved 1114112K
[2025-06-18T00:00:11.005+0300][12872][18160][debug][gc,heap  ] GC(10)   class space    used 857K, committed 1216K, reserved 1048576K
[2025-06-18T00:00:11.005+0300][12872][20264][debug][safepoint] Safepoint synchronization initiated using striped semaphore wait barrier. (19 threads)
[2025-06-18T00:00:11.005+0300][12872][2932 ][debug][safepoint] ... found polling page loop exception at pc = 0x00000207273653e0, stub =0x0000020726d55280
[2025-06-18T00:00:11.005+0300][12872][22152][debug][safepoint] ... found polling page loop exception at pc = 0x00000207273653e0, stub =0x0000020726d55280
[2025-06-18T00:00:11.005+0300][12872][11992][debug][safepoint] ... found polling page loop exception at pc = 0x00000207273653e0, stub =0x0000020726d55280
[2025-06-18T00:00:11.005+0300][12872][3076 ][debug][safepoint] ... found polling page loop exception at pc = 0x00000207273653e0, stub =0x0000020726d55280
[2025-06-18T00:00:11.005+0300][12872][20264][info ][gc,phases] GC(10) Pause Mark Start 0.007ms
[2025-06-18T00:00:11.005+0300][12872][20264][info ][safepoint] Safepoint "XMarkStart", Time since last: 167534900 ns, Reaching safepoint: 188600 ns, Cleanup: 8300 ns, At safepoint: 53200 ns, Total: 250100 ns
[2025-06-18T00:00:11.010+0300][12872][17200][debug][safepoint] ... found polling page loop exception at pc = 0x00000207273653e0, stub =0x0000020726d55280
[2025-06-18T00:00:11.010+0300][12872][22152][debug][safepoint] ... found polling page loop exception at pc = 0x00000207273653e0, stub =0x0000020726d55280
[2025-06-18T00:00:11.010+0300][12872][1872 ][debug][safepoint] ... found polling page loop exception at pc = 0x00000207273653e0, stub =0x0000020726d55280
[2025-06-18T00:00:11.021+0300][12872][2932 ][debug][safepoint] ... found polling page loop exception at pc = 0x00000207273653e0, stub =0x0000020726d55280
[2025-06-18T00:00:11.021+0300][12872][17200][debug][safepoint] ... found polling page loop exception at pc = 0x00000207273d3995, stub =0x0000020726d55b00
[2025-06-18T00:00:11.021+0300][12872][22488][debug][safepoint] ... found polling page loop exception at pc = 0x0000020727399d8f, stub =0x0000020726d55280
[2025-06-18T00:00:11.021+0300][12872][11992][debug][safepoint] ... found polling page loop exception at pc = 0x00000207273d8d9f, stub =0x0000020726d55b00
[2025-06-18T00:00:11.021+0300][12872][22300][debug][safepoint] ... found polling page loop exception at pc = 0x00000207273653e0, stub =0x0000020726d55280
[2025-06-18T00:00:11.021+0300][12872][22152][debug][safepoint] ... found polling page loop exception at pc = 0x00000207273653e0, stub =0x0000020726d55280
[2025-06-18T00:00:11.021+0300][12872][3076 ][debug][safepoint] ... found polling page loop exception at pc = 0x00000207273653e0, stub =0x0000020726d55280
[2025-06-18T00:00:11.021+0300][12872][22300][debug][safepoint] ... found polling page loop exception at pc = 0x00000207273653e0, stub =0x0000020726d55280
[2025-06-18T00:00:11.021+0300][12872][11992][debug][safepoint] ... found polling page loop exception at pc = 0x0000020727399d8f, stub =0x0000020726d55280
[2025-06-18T00:00:11.021+0300][12872][22152][debug][safepoint] ... found polling page loop exception at pc = 0x0000020727356360, stub =0x0000020726d55b00
[2025-06-18T00:00:11.021+0300][12872][3076 ][debug][safepoint] ... found polling page loop exception at pc = 0x000002072740bc2f, stub =0x0000020726d55b00
[2025-06-18T00:00:11.021+0300][12872][17200][debug][safepoint] ... found polling page loop exception at pc = 0x00000207273653e0, stub =0x0000020726d55280
[2025-06-18T00:00:11.021+0300][12872][2932 ][debug][safepoint] ... found polling page loop exception at pc = 0x00000207273653e0, stub =0x0000020726d55280
[2025-06-18T00:00:11.021+0300][12872][1872 ][debug][safepoint] ... found polling page loop exception at pc = 0x00000207273653e0, stub =0x0000020726d55280
[2025-06-18T00:00:11.021+0300][12872][22488][debug][safepoint] ... found polling page loop exception at pc = 0x0000020727356360, stub =0x0000020726d55b00
[2025-06-18T00:00:11.025+0300][12872][11992][debug][safepoint] ... found polling page loop exception at pc = 0x0000020727399d8f, stub =0x0000020726d55280
[2025-06-18T00:00:11.025+0300][12872][22488][debug][safepoint] ... found polling page loop exception at pc = 0x00000207273564c6, stub =0x0000020726d55b00
[2025-06-18T00:00:11.025+0300][12872][2932 ][debug][safepoint] ... found polling page loop exception at pc = 0x000002072736408e, stub =0x0000020726d55b00
[2025-06-18T00:00:11.025+0300][12872][22152][debug][safepoint] ... found polling page loop exception at pc = 0x000002072735d04c, stub =0x0000020726d55b00
[2025-06-18T00:00:11.025+0300][12872][1872 ][debug][safepoint] ... found polling page loop exception at pc = 0x000002072735d04c, stub =0x0000020726d55b00
[2025-06-18T00:00:11.037+0300][12872][18160][info ][gc,phases] GC(10) Concurrent Mark 31.399ms
[2025-06-18T00:00:11.037+0300][12872][20264][debug][safepoint] Safepoint synchronization initiated using striped semaphore wait barrier. (19 threads)
[2025-06-18T00:00:11.037+0300][12872][22300][debug][safepoint] ... found polling page loop exception at pc = 0x00000207273653e0, stub =0x0000020726d55280
[2025-06-18T00:00:11.037+0300][12872][11992][debug][safepoint] ... found polling page loop exception at pc = 0x00000207273a3d3c, stub =0x0000020726d55280
[2025-06-18T00:00:11.037+0300][12872][2932 ][debug][safepoint] ... found polling page loop exception at pc = 0x0000020727399d8f, stub =0x0000020726d55280
[2025-06-18T00:00:11.037+0300][12872][22488][debug][safepoint] ... found polling page loop exception at pc = 0x00000207273653e0, stub =0x0000020726d55280
[2025-06-18T00:00:11.037+0300][12872][22152][debug][safepoint] ... found polling page loop exception at pc = 0x000002072736408e, stub =0x0000020726d55b00
[2025-06-18T00:00:11.037+0300][12872][3076 ][debug][safepoint] ... found polling page loop exception at pc = 0x0000020727399d8f, stub =0x0000020726d55280
[2025-06-18T00:00:11.037+0300][12872][20264][info ][gc,phases] GC(10) Pause Mark End 0.010ms
[2025-06-18T00:00:11.037+0300][12872][20264][info ][safepoint] Safepoint "XMarkEnd", Time since last: 31496100 ns, Reaching safepoint: 254500 ns, Cleanup: 3500 ns, At safepoint: 44000 ns, Total: 302000 ns
[2025-06-18T00:00:11.037+0300][12872][18160][info ][gc,phases] GC(10) Concurrent Mark Free 0.000ms
[2025-06-18T00:00:11.037+0300][12872][18160][debug][gc,phases] GC(10) Concurrent References Process 0.105ms
[2025-06-18T00:00:11.037+0300][12872][18160][debug][gc,phases] GC(10) ClassLoaderData 0.015ms
[2025-06-18T00:00:11.037+0300][12872][18160][debug][gc,phases] GC(10) Trigger cleanups 0.000ms
[2025-06-18T00:00:11.039+0300][12872][18160][debug][gc,phases] GC(10) Concurrent Classes Unlink 2.005ms
[2025-06-18T00:00:11.039+0300][12872][1872 ][debug][safepoint] ... found polling page loop exception at pc = 0x00000207273653e0, stub =0x0000020726d55280
[2025-06-18T00:00:11.039+0300][12872][11992][debug][safepoint] ... found polling page loop exception at pc = 0x00000207273653e0, stub =0x0000020726d55280
[2025-06-18T00:00:11.039+0300][12872][2932 ][debug][safepoint] ... found polling page loop exception at pc = 0x00000207273653e0, stub =0x0000020726d55280
[2025-06-18T00:00:11.039+0300][12872][22488][debug][safepoint] ... found polling page loop exception at pc = 0x000002072736408e, stub =0x0000020726d55b00
[2025-06-18T00:00:11.039+0300][12872][22300][debug][safepoint] ... found polling page loop exception at pc = 0x000002072736408e, stub =0x0000020726d55b00
[2025-06-18T00:00:11.039+0300][12872][22152][debug][safepoint] ... found polling page loop exception at pc = 0x00000207273e1cd9, stub =0x0000020726d55b00
[2025-06-18T00:00:11.039+0300][12872][3076 ][debug][safepoint] ... found polling page loop exception at pc = 0x0000020727399d8f, stub =0x0000020726d55280
[2025-06-18T00:00:11.039+0300][12872][18160][debug][gc,phases] GC(10) Concurrent Classes Purge 0.038ms
[2025-06-18T00:00:11.039+0300][12872][18160][debug][gc,phases] GC(10) Concurrent References Enqueue 0.005ms
[2025-06-18T00:00:11.039+0300][12872][18160][info ][gc,phases] GC(10) Concurrent Process Non-Strong References 3.221ms
[2025-06-18T00:00:11.039+0300][12872][18160][info ][gc,phases] GC(10) Concurrent Reset Relocation Set 0.005ms
[2025-06-18T00:00:11.042+0300][12872][18160][info ][gc,phases] GC(10) Concurrent Select Relocation Set 2.182ms
[2025-06-18T00:00:11.042+0300][12872][20264][debug][safepoint] Safepoint synchronization initiated using striped semaphore wait barrier. (19 threads)
[2025-06-18T00:00:11.042+0300][12872][1872 ][debug][safepoint] ... found polling page loop exception at pc = 0x00000207273653e0, stub =0x0000020726d55280
[2025-06-18T00:00:11.042+0300][12872][22488][debug][safepoint] ... found polling page loop exception at pc = 0x000002072737074b, stub =0x0000020726d55b00
[2025-06-18T00:00:11.042+0300][12872][11992][debug][safepoint] ... found polling page loop exception at pc = 0x00000207273653e0, stub =0x0000020726d55280
[2025-06-18T00:00:11.042+0300][12872][20264][info ][gc,phases] GC(10) Pause Relocate Start 0.008ms
[2025-06-18T00:00:11.042+0300][12872][20264][info ][safepoint] Safepoint "XRelocateStart", Time since last: 5530000 ns, Reaching safepoint: 163400 ns, Cleanup: 3900 ns, At safepoint: 45000 ns, Total: 212300 ns
[2025-06-18T00:00:11.042+0300][12872][18160][info ][gc,phases] GC(10) Concurrent Relocate 1.197ms
[2025-06-18T00:00:11.042+0300][12872][18160][debug][gc,heap  ] GC(10) Heap after GC invocations=11 (full 11):
[2025-06-18T00:00:11.042+0300][12872][18160][debug][gc,heap  ] GC(10)  ZHeap           used 214M, capacity 2048M, max capacity 2048M
[2025-06-18T00:00:11.042+0300][12872][18160][debug][gc,heap  ] GC(10)  Metaspace       used 8515K, committed 9472K, reserved 1114112K
[2025-06-18T00:00:11.042+0300][12872][18160][debug][gc,heap  ] GC(10)   class space    used 857K, committed 1216K, reserved 1048576K
[2025-06-18T00:00:11.042+0300][12872][18160][info ][gc,heap  ] GC(10) Min Capacity: 2048M(100%)
[2025-06-18T00:00:11.042+0300][12872][18160][info ][gc,heap  ] GC(10) Max Capacity: 2048M(100%)
[2025-06-18T00:00:11.042+0300][12872][18160][info ][gc,heap  ] GC(10) Soft Max Capacity: 2048M(100%)
[2025-06-18T00:00:11.042+0300][12872][18160][info ][gc,heap  ] GC(10)                Mark Start          Mark End        Relocate Start      Relocate End           High               Low         
[2025-06-18T00:00:11.042+0300][12872][18160][info ][gc,heap  ] GC(10)  Capacity:     2048M (100%)       2048M (100%)       2048M (100%)       2048M (100%)       2048M (100%)       2048M (100%)   
[2025-06-18T00:00:11.042+0300][12872][18160][info ][gc,heap  ] GC(10)      Free:     1036M (51%)         890M (43%)        1642M (80%)        1834M (90%)        1836M (90%)         878M (43%)    
[2025-06-18T00:00:11.042+0300][12872][18160][info ][gc,heap  ] GC(10)      Used:     1012M (49%)        1158M (57%)         406M (20%)         214M (10%)        1170M (57%)         212M (10%)    
[2025-06-18T00:00:11.042+0300][12872][18160][info ][gc,heap  ] GC(10)      Live:         -                11M (1%)           11M (1%)           11M (1%)             -                  -          
[2025-06-18T00:00:11.042+0300][12872][18160][info ][gc,heap  ] GC(10) Allocated:         -               146M (7%)          166M (8%)          171M (8%)             -                  -          
[2025-06-18T00:00:11.042+0300][12872][18160][info ][gc,heap  ] GC(10)   Garbage:         -              1000M (49%)         228M (11%)          30M (2%)             -                  -          
[2025-06-18T00:00:11.042+0300][12872][18160][info ][gc,heap  ] GC(10) Reclaimed:         -                  -               772M (38%)         969M (47%)            -                  -          
[2025-06-18T00:00:11.042+0300][12872][18160][info ][gc       ] GC(10) Garbage Collection (Allocation Rate) 1012M(49%)->214M(10%)
[2025-06-18T00:00:11.205+0300][12872][18160][debug][gc,heap  ] GC(11) Heap before GC invocations=11 (full 11):
[2025-06-18T00:00:11.205+0300][12872][18160][debug][gc,heap  ] GC(11)  ZHeap           used 998M, capacity 2048M, max capacity 2048M
[2025-06-18T00:00:11.205+0300][12872][18160][debug][gc,heap  ] GC(11)  Metaspace       used 8515K, committed 9472K, reserved 1114112K
[2025-06-18T00:00:11.205+0300][12872][18160][debug][gc,heap  ] GC(11)   class space    used 857K, committed 1216K, reserved 1048576K
[2025-06-18T00:00:11.205+0300][12872][20264][debug][safepoint] Safepoint synchronization initiated using striped semaphore wait barrier. (19 threads)
[2025-06-18T00:00:11.205+0300][12872][22152][debug][safepoint] ... found polling page loop exception at pc = 0x00000207273653e0, stub =0x0000020726d55280
[2025-06-18T00:00:11.205+0300][12872][1872 ][debug][safepoint] ... found polling page loop exception at pc = 0x000002072736408e, stub =0x0000020726d55b00
[2025-06-18T00:00:11.205+0300][12872][3076 ][debug][safepoint] ... found polling page loop exception at pc = 0x00000207273564c6, stub =0x0000020726d55b00
[2025-06-18T00:00:11.205+0300][12872][2932 ][debug][safepoint] ... found polling page loop exception at pc = 0x000002072736408e, stub =0x0000020726d55b00
[2025-06-18T00:00:11.205+0300][12872][22488][debug][safepoint] ... found polling page loop exception at pc = 0x00000207273653e0, stub =0x0000020726d55280
[2025-06-18T00:00:11.205+0300][12872][20264][info ][gc,phases] GC(11) Pause Mark Start 0.008ms
[2025-06-18T00:00:11.205+0300][12872][20264][info ][safepoint] Safepoint "XMarkStart", Time since last: 161839200 ns, Reaching safepoint: 273800 ns, Cleanup: 5400 ns, At safepoint: 61300 ns, Total: 340500 ns
[2025-06-18T00:00:11.209+0300][12872][22152][debug][safepoint] ... found polling page loop exception at pc = 0x00000207273653e0, stub =0x0000020726d55280
[2025-06-18T00:00:11.209+0300][12872][3076 ][debug][safepoint] ... found polling page loop exception at pc = 0x00000207273ecfdf, stub =0x0000020726d55280
[2025-06-18T00:00:11.209+0300][12872][1872 ][debug][safepoint] ... found polling page loop exception at pc = 0x00000207273653e0, stub =0x0000020726d55280
[2025-06-18T00:00:11.221+0300][12872][11992][debug][safepoint] ... found polling page loop exception at pc = 0x000002072736408e, stub =0x0000020726d55b00
[2025-06-18T00:00:11.221+0300][12872][2932 ][debug][safepoint] ... found polling page loop exception at pc = 0x00000207273653e0, stub =0x0000020726d55280
[2025-06-18T00:00:11.221+0300][12872][1872 ][debug][safepoint] ... found polling page loop exception at pc = 0x00000207273653e0, stub =0x0000020726d55280
[2025-06-18T00:00:11.221+0300][12872][3076 ][debug][safepoint] ... found polling page loop exception at pc = 0x00000207273653e0, stub =0x0000020726d55280
[2025-06-18T00:00:11.221+0300][12872][22152][debug][safepoint] ... found polling page loop exception at pc = 0x00000207273653e0, stub =0x0000020726d55280
[2025-06-18T00:00:11.221+0300][12872][22488][debug][safepoint] ... found polling page loop exception at pc = 0x00000207273fa223, stub =0x0000020726d55280
[2025-06-18T00:00:11.221+0300][12872][11992][debug][safepoint] ... found polling page loop exception at pc = 0x00000207273653e0, stub =0x0000020726d55280
[2025-06-18T00:00:11.221+0300][12872][3076 ][debug][safepoint] ... found polling page loop exception at pc = 0x00000207273564c6, stub =0x0000020726d55b00
[2025-06-18T00:00:11.221+0300][12872][22488][debug][safepoint] ... found polling page loop exception at pc = 0x00000207273653e0, stub =0x0000020726d55280
[2025-06-18T00:00:11.221+0300][12872][22300][debug][safepoint] ... found polling page loop exception at pc = 0x00000207273653e0, stub =0x0000020726d55280
[2025-06-18T00:00:11.237+0300][12872][18160][info ][gc,phases] GC(11) Concurrent Mark 31.366ms
[2025-06-18T00:00:11.237+0300][12872][20264][debug][safepoint] Safepoint synchronization initiated using striped semaphore wait barrier. (19 threads)
[2025-06-18T00:00:11.237+0300][12872][22300][debug][safepoint] ... found polling page loop exception at pc = 0x00000207273653e0, stub =0x0000020726d55280
[2025-06-18T00:00:11.237+0300][12872][1872 ][debug][safepoint] ... found polling page loop exception at pc = 0x000002072737074b, stub =0x0000020726d55b00
[2025-06-18T00:00:11.237+0300][12872][17200][debug][safepoint] ... found polling page loop exception at pc = 0x00000207273f8903, stub =0x0000020726d55280
[2025-06-18T00:00:11.237+0300][12872][22152][debug][safepoint] ... found polling page loop exception at pc = 0x00000207273653e0, stub =0x0000020726d55280
[2025-06-18T00:00:11.237+0300][12872][2932 ][debug][safepoint] ... found polling page loop exception at pc = 0x0000020727364360, stub =0x0000020726d55b00
[2025-06-18T00:00:11.237+0300][12872][22488][debug][safepoint] ... found polling page loop exception at pc = 0x0000020727399d8f, stub =0x0000020726d55280
[2025-06-18T00:00:11.237+0300][12872][20264][info ][gc,phases] GC(11) Pause Mark End 0.015ms
[2025-06-18T00:00:11.237+0300][12872][20264][info ][safepoint] Safepoint "XMarkEnd", Time since last: 31466100 ns, Reaching safepoint: 237800 ns, Cleanup: 5300 ns, At safepoint: 48800 ns, Total: 291900 ns
[2025-06-18T00:00:11.237+0300][12872][18160][info ][gc,phases] GC(11) Concurrent Mark Free 0.000ms
[2025-06-18T00:00:11.237+0300][12872][18160][debug][gc,phases] GC(11) Concurrent References Process 0.066ms
[2025-06-18T00:00:11.237+0300][12872][18160][debug][gc,phases] GC(11) ClassLoaderData 0.014ms
[2025-06-18T00:00:11.237+0300][12872][18160][debug][gc,phases] GC(11) Trigger cleanups 0.000ms
[2025-06-18T00:00:11.239+0300][12872][18160][debug][gc,phases] GC(11) Concurrent Classes Unlink 2.043ms
[2025-06-18T00:00:11.239+0300][12872][22488][debug][safepoint] ... found polling page loop exception at pc = 0x00000207273653e0, stub =0x0000020726d55280
[2025-06-18T00:00:11.239+0300][12872][3076 ][debug][safepoint] ... found polling page loop exception at pc = 0x00000207273653e0, stub =0x0000020726d55280
[2025-06-18T00:00:11.239+0300][12872][2932 ][debug][safepoint] ... found polling page loop exception at pc = 0x00000207273653e0, stub =0x0000020726d55280
[2025-06-18T00:00:11.239+0300][12872][22152][debug][safepoint] ... found polling page loop exception at pc = 0x0000020727399d8f, stub =0x0000020726d55280
[2025-06-18T00:00:11.239+0300][12872][1872 ][debug][safepoint] ... found polling page loop exception at pc = 0x00000207273653e0, stub =0x0000020726d55280
[2025-06-18T00:00:11.239+0300][12872][17200][debug][safepoint] ... found polling page loop exception at pc = 0x00000207273653e0, stub =0x0000020726d55280
[2025-06-18T00:00:11.239+0300][12872][11992][debug][safepoint] ... found polling page loop exception at pc = 0x00000207273ecfdf, stub =0x0000020726d55280
[2025-06-18T00:00:11.253+0300][12872][18160][debug][gc,phases] GC(11) Concurrent Classes Purge 0.058ms
[2025-06-18T00:00:11.253+0300][12872][18160][debug][gc,phases] GC(11) Concurrent References Enqueue 0.005ms
[2025-06-18T00:00:11.253+0300][12872][18160][info ][gc,phases] GC(11) Concurrent Process Non-Strong References 15.405ms
[2025-06-18T00:00:11.253+0300][12872][18160][info ][gc,phases] GC(11) Concurrent Reset Relocation Set 0.005ms
[2025-06-18T00:00:11.255+0300][12872][18160][info ][gc,phases] GC(11) Concurrent Select Relocation Set 2.178ms
[2025-06-18T00:00:11.255+0300][12872][20264][debug][safepoint] Safepoint synchronization initiated using striped semaphore wait barrier. (19 threads)
[2025-06-18T00:00:11.255+0300][12872][11992][debug][safepoint] ... found polling page loop exception at pc = 0x00000207273653e0, stub =0x0000020726d55280
[2025-06-18T00:00:11.255+0300][12872][22488][debug][safepoint] ... found polling page loop exception at pc = 0x00000207273653e0, stub =0x0000020726d55280
[2025-06-18T00:00:11.255+0300][12872][17200][debug][safepoint] ... found polling page loop exception at pc = 0x0000020727399d8f, stub =0x0000020726d55280
[2025-06-18T00:00:11.255+0300][12872][1872 ][debug][safepoint] ... found polling page loop exception at pc = 0x0000020727399d8f, stub =0x0000020726d55280
[2025-06-18T00:00:11.255+0300][12872][3076 ][debug][safepoint] ... found polling page loop exception at pc = 0x00000207273653e0, stub =0x0000020726d55280
[2025-06-18T00:00:11.255+0300][12872][20264][info ][gc,phases] GC(11) Pause Relocate Start 0.009ms
[2025-06-18T00:00:11.255+0300][12872][20264][info ][safepoint] Safepoint "XRelocateStart", Time since last: 17720900 ns, Reaching safepoint: 227500 ns, Cleanup: 5000 ns, At safepoint: 52600 ns, Total: 285100 ns
[2025-06-18T00:00:11.255+0300][12872][18160][info ][gc,phases] GC(11) Concurrent Relocate 1.189ms
[2025-06-18T00:00:11.255+0300][12872][18160][debug][gc,heap  ] GC(11) Heap after GC invocations=12 (full 12):
[2025-06-18T00:00:11.255+0300][12872][18160][debug][gc,heap  ] GC(11)  ZHeap           used 258M, capacity 2048M, max capacity 2048M
[2025-06-18T00:00:11.255+0300][12872][18160][debug][gc,heap  ] GC(11)  Metaspace       used 8515K, committed 9472K, reserved 1114112K
[2025-06-18T00:00:11.255+0300][12872][18160][debug][gc,heap  ] GC(11)   class space    used 857K, committed 1216K, reserved 1048576K
[2025-06-18T00:00:11.255+0300][12872][18160][info ][gc,heap  ] GC(11) Min Capacity: 2048M(100%)
[2025-06-18T00:00:11.255+0300][12872][18160][info ][gc,heap  ] GC(11) Max Capacity: 2048M(100%)
[2025-06-18T00:00:11.255+0300][12872][18160][info ][gc,heap  ] GC(11) Soft Max Capacity: 2048M(100%)
[2025-06-18T00:00:11.255+0300][12872][18160][info ][gc,heap  ] GC(11)                Mark Start          Mark End        Relocate Start      Relocate End           High               Low         
[2025-06-18T00:00:11.255+0300][12872][18160][info ][gc,heap  ] GC(11)  Capacity:     2048M (100%)       2048M (100%)       2048M (100%)       2048M (100%)       2048M (100%)       2048M (100%)   
[2025-06-18T00:00:11.255+0300][12872][18160][info ][gc,heap  ] GC(11)      Free:     1048M (51%)         902M (44%)        1608M (79%)        1790M (87%)        1792M (88%)         848M (41%)    
[2025-06-18T00:00:11.255+0300][12872][18160][info ][gc,heap  ] GC(11)      Used:     1000M (49%)        1146M (56%)         440M (21%)         258M (13%)        1200M (59%)         256M (12%)    
[2025-06-18T00:00:11.255+0300][12872][18160][info ][gc,heap  ] GC(11)      Live:         -                11M (1%)           11M (1%)           11M (1%)             -                  -          
[2025-06-18T00:00:11.255+0300][12872][18160][info ][gc,heap  ] GC(11) Allocated:         -               146M (7%)          210M (10%)         215M (11%)            -                  -          
[2025-06-18T00:00:11.255+0300][12872][18160][info ][gc,heap  ] GC(11)   Garbage:         -               988M (48%)         218M (11%)          30M (2%)             -                  -          
[2025-06-18T00:00:11.255+0300][12872][18160][info ][gc,heap  ] GC(11) Reclaimed:         -                  -               770M (38%)         957M (47%)            -                  -          
[2025-06-18T00:00:11.255+0300][12872][18160][info ][gc       ] GC(11) Garbage Collection (Allocation Rate) 1000M(49%)->258M(13%)
[2025-06-18T00:00:11.411+0300][12872][18160][debug][gc,heap  ] GC(12) Heap before GC invocations=12 (full 12):
[2025-06-18T00:00:11.411+0300][12872][18160][debug][gc,heap  ] GC(12)  ZHeap           used 998M, capacity 2048M, max capacity 2048M
[2025-06-18T00:00:11.411+0300][12872][18160][debug][gc,heap  ] GC(12)  Metaspace       used 8515K, committed 9472K, reserved 1114112K
[2025-06-18T00:00:11.411+0300][12872][18160][debug][gc,heap  ] GC(12)   class space    used 857K, committed 1216K, reserved 1048576K
[2025-06-18T00:00:11.411+0300][12872][20264][debug][safepoint] Safepoint synchronization initiated using striped semaphore wait barrier. (19 threads)
[2025-06-18T00:00:11.411+0300][12872][22300][debug][safepoint] ... found polling page loop exception at pc = 0x00000207273564c6, stub =0x0000020726d55b00
[2025-06-18T00:00:11.411+0300][12872][22152][debug][safepoint] ... found polling page loop exception at pc = 0x00000207273653e0, stub =0x0000020726d55280
[2025-06-18T00:00:11.411+0300][12872][3076 ][debug][safepoint] ... found polling page loop exception at pc = 0x00000207273653e0, stub =0x0000020726d55280
[2025-06-18T00:00:11.411+0300][12872][1872 ][debug][safepoint] ... found polling page loop exception at pc = 0x00000207273653e0, stub =0x0000020726d55280
[2025-06-18T00:00:11.411+0300][12872][11992][debug][safepoint] ... found polling page loop exception at pc = 0x00000207273653e0, stub =0x0000020726d55280
[2025-06-18T00:00:11.411+0300][12872][2932 ][debug][safepoint] ... found polling page loop exception at pc = 0x000002072736408e, stub =0x0000020726d55b00
[2025-06-18T00:00:11.411+0300][12872][22488][debug][safepoint] ... found polling page loop exception at pc = 0x00000207273653e0, stub =0x0000020726d55280
[2025-06-18T00:00:11.411+0300][12872][20264][info ][gc,phases] GC(12) Pause Mark Start 0.006ms
[2025-06-18T00:00:11.411+0300][12872][20264][info ][safepoint] Safepoint "XMarkStart", Time since last: 155740900 ns, Reaching safepoint: 285700 ns, Cleanup: 9900 ns, At safepoint: 45800 ns, Total: 341400 ns
[2025-06-18T00:00:11.415+0300][12872][11992][debug][safepoint] ... found polling page loop exception at pc = 0x00000207273f8745, stub =0x0000020726d55280
[2025-06-18T00:00:11.415+0300][12872][17200][debug][safepoint] ... found polling page loop exception at pc = 0x000002072736408e, stub =0x0000020726d55b00
[2025-06-18T00:00:11.415+0300][12872][22300][debug][safepoint] ... found polling page loop exception at pc = 0x0000020727356360, stub =0x0000020726d55b00
[2025-06-18T00:00:11.415+0300][12872][22152][debug][safepoint] ... found polling page loop exception at pc = 0x00000207273564c6, stub =0x0000020726d55b00
[2025-06-18T00:00:11.415+0300][12872][3076 ][debug][safepoint] ... found polling page loop exception at pc = 0x00000207273653e0, stub =0x0000020726d55280
[2025-06-18T00:00:11.415+0300][12872][1872 ][debug][safepoint] ... found polling page loop exception at pc = 0x00000207273653e0, stub =0x0000020726d55280
[2025-06-18T00:00:11.415+0300][12872][17200][debug][safepoint] ... found polling page loop exception at pc = 0x000002072736408e, stub =0x0000020726d55b00
[2025-06-18T00:00:11.415+0300][12872][11992][debug][safepoint] ... found polling page loop exception at pc = 0x00000207273653e0, stub =0x0000020726d55280
[2025-06-18T00:00:11.415+0300][12872][22488][debug][safepoint] ... found polling page loop exception at pc = 0x00000207273653e0, stub =0x0000020726d55280
[2025-06-18T00:00:11.415+0300][12872][2932 ][debug][safepoint] ... found polling page loop exception at pc = 0x00000207273653e0, stub =0x0000020726d55280
[2025-06-18T00:00:11.415+0300][12872][3076 ][debug][safepoint] ... found polling page loop exception at pc = 0x00000207273653e0, stub =0x0000020726d55280
[2025-06-18T00:00:11.415+0300][12872][22300][debug][safepoint] ... found polling page loop exception at pc = 0x00000207273653e0, stub =0x0000020726d55280
[2025-06-18T00:00:11.423+0300][12872][11992][debug][safepoint] ... found polling page loop exception at pc = 0x00000207273653e0, stub =0x0000020726d55280
[2025-06-18T00:00:11.423+0300][12872][22152][debug][safepoint] ... found polling page loop exception at pc = 0x00000207273653e0, stub =0x0000020726d55280
[2025-06-18T00:00:11.423+0300][12872][1872 ][debug][safepoint] ... found polling page loop exception at pc = 0x00000207273653e0, stub =0x0000020726d55280
[2025-06-18T00:00:11.423+0300][12872][22488][debug][safepoint] ... found polling page loop exception at pc = 0x00000207273653e0, stub =0x0000020726d55280
[2025-06-18T00:00:11.425+0300][12872][11992][debug][safepoint] ... found polling page loop exception at pc = 0x00000207273653e0, stub =0x0000020726d55280
[2025-06-18T00:00:11.425+0300][12872][1872 ][debug][safepoint] ... found polling page loop exception at pc = 0x00000207273653e0, stub =0x0000020726d55280
[2025-06-18T00:00:11.425+0300][12872][2932 ][debug][safepoint] ... found polling page loop exception at pc = 0x00000207273653e0, stub =0x0000020726d55280
[2025-06-18T00:00:11.425+0300][12872][22300][debug][safepoint] ... found polling page loop exception at pc = 0x00000207273653e0, stub =0x0000020726d55280
[2025-06-18T00:00:11.459+0300][12872][18160][info ][gc,phases] GC(12) Concurrent Mark 47.162ms
[2025-06-18T00:00:11.459+0300][12872][20264][debug][safepoint] Safepoint synchronization initiated using striped semaphore wait barrier. (19 threads)
[2025-06-18T00:00:11.459+0300][12872][22152][debug][safepoint] ... found polling page loop exception at pc = 0x00000207273653e0, stub =0x0000020726d55280
[2025-06-18T00:00:11.459+0300][12872][11992][debug][safepoint] ... found polling page loop exception at pc = 0x0000020727356360, stub =0x0000020726d55b00
[2025-06-18T00:00:11.459+0300][12872][17200][debug][safepoint] ... found polling page loop exception at pc = 0x00000207273e1c31, stub =0x0000020726d55b00
[2025-06-18T00:00:11.459+0300][12872][3076 ][debug][safepoint] ... found polling page loop exception at pc = 0x00000207273d3995, stub =0x0000020726d55b00
[2025-06-18T00:00:11.459+0300][12872][22300][debug][safepoint] ... found polling page loop exception at pc = 0x00000207273653e0, stub =0x0000020726d55280
[2025-06-18T00:00:11.459+0300][12872][22488][debug][safepoint] ... found polling page loop exception at pc = 0x0000020727356360, stub =0x0000020726d55b00
[2025-06-18T00:00:11.459+0300][12872][20264][info ][gc,phases] GC(12) Pause Mark End 0.047ms
[2025-06-18T00:00:11.459+0300][12872][20264][info ][safepoint] Safepoint "XMarkEnd", Time since last: 47260300 ns, Reaching safepoint: 270500 ns, Cleanup: 4200 ns, At safepoint: 82700 ns, Total: 357400 ns
[2025-06-18T00:00:11.459+0300][12872][18160][info ][gc,phases] GC(12) Concurrent Mark Free 0.001ms
[2025-06-18T00:00:11.459+0300][12872][18160][debug][gc,phases] GC(12) Concurrent References Process 0.065ms
[2025-06-18T00:00:11.459+0300][12872][18160][debug][gc,phases] GC(12) ClassLoaderData 0.015ms
[2025-06-18T00:00:11.459+0300][12872][18160][debug][gc,phases] GC(12) Trigger cleanups 0.000ms
[2025-06-18T00:00:11.461+0300][12872][18160][debug][gc,phases] GC(12) Concurrent Classes Unlink 1.893ms
[2025-06-18T00:00:11.461+0300][12872][3076 ][debug][safepoint] ... found polling page loop exception at pc = 0x00000207273d3995, stub =0x0000020726d55b00
[2025-06-18T00:00:11.461+0300][12872][22488][debug][safepoint] ... found polling page loop exception at pc = 0x00000207273653e0, stub =0x0000020726d55280
[2025-06-18T00:00:11.461+0300][12872][2932 ][debug][safepoint] ... found polling page loop exception at pc = 0x00000207273653e0, stub =0x0000020726d55280
[2025-06-18T00:00:11.461+0300][12872][17200][debug][safepoint] ... found polling page loop exception at pc = 0x00000207273653e0, stub =0x0000020726d55280
[2025-06-18T00:00:11.461+0300][12872][22152][debug][safepoint] ... found polling page loop exception at pc = 0x00000207273653e0, stub =0x0000020726d55280
[2025-06-18T00:00:11.461+0300][12872][18160][debug][gc,phases] GC(12) Concurrent Classes Purge 0.041ms
[2025-06-18T00:00:11.461+0300][12872][18160][debug][gc,phases] GC(12) Concurrent References Enqueue 0.005ms
[2025-06-18T00:00:11.461+0300][12872][18160][info ][gc,phases] GC(12) Concurrent Process Non-Strong References 2.543ms
[2025-06-18T00:00:11.461+0300][12872][18160][info ][gc,phases] GC(12) Concurrent Reset Relocation Set 0.005ms
[2025-06-18T00:00:11.463+0300][12872][18160][info ][gc,phases] GC(12) Concurrent Select Relocation Set 2.186ms
[2025-06-18T00:00:11.463+0300][12872][20264][debug][safepoint] Safepoint synchronization initiated using striped semaphore wait barrier. (19 threads)
[2025-06-18T00:00:11.463+0300][12872][3076 ][debug][safepoint] ... found polling page loop exception at pc = 0x00000207273653e0, stub =0x0000020726d55280
[2025-06-18T00:00:11.463+0300][12872][22152][debug][safepoint] ... found polling page loop exception at pc = 0x00000207273653e0, stub =0x0000020726d55280
[2025-06-18T00:00:11.463+0300][12872][11992][debug][safepoint] ... found polling page loop exception at pc = 0x00000207273653e0, stub =0x0000020726d55280
[2025-06-18T00:00:11.463+0300][12872][22488][debug][safepoint] ... found polling page loop exception at pc = 0x00000207273653e0, stub =0x0000020726d55280
[2025-06-18T00:00:11.463+0300][12872][22300][debug][safepoint] ... found polling page loop exception at pc = 0x00000207273653e0, stub =0x0000020726d55280
[2025-06-18T00:00:11.463+0300][12872][20264][info ][gc,phases] GC(12) Pause Relocate Start 0.006ms
[2025-06-18T00:00:11.463+0300][12872][20264][info ][safepoint] Safepoint "XRelocateStart", Time since last: 4867100 ns, Reaching safepoint: 204000 ns, Cleanup: 3100 ns, At safepoint: 42300 ns, Total: 249400 ns
[2025-06-18T00:00:11.463+0300][12872][18160][info ][gc,phases] GC(12) Concurrent Relocate 1.173ms
[2025-06-18T00:00:11.463+0300][12872][18160][debug][gc,heap  ] GC(12) Heap after GC invocations=13 (full 13):
[2025-06-18T00:00:11.463+0300][12872][18160][debug][gc,heap  ] GC(12)  ZHeap           used 296M, capacity 2048M, max capacity 2048M
[2025-06-18T00:00:11.463+0300][12872][18160][debug][gc,heap  ] GC(12)  Metaspace       used 8515K, committed 9472K, reserved 1114112K
[2025-06-18T00:00:11.463+0300][12872][18160][debug][gc,heap  ] GC(12)   class space    used 857K, committed 1216K, reserved 1048576K
[2025-06-18T00:00:11.463+0300][12872][18160][info ][gc,heap  ] GC(12) Min Capacity: 2048M(100%)
[2025-06-18T00:00:11.463+0300][12872][18160][info ][gc,heap  ] GC(12) Max Capacity: 2048M(100%)
[2025-06-18T00:00:11.463+0300][12872][18160][info ][gc,heap  ] GC(12) Soft Max Capacity: 2048M(100%)
[2025-06-18T00:00:11.463+0300][12872][18160][info ][gc,heap  ] GC(12)                Mark Start          Mark End        Relocate Start      Relocate End           High               Low         
[2025-06-18T00:00:11.463+0300][12872][18160][info ][gc,heap  ] GC(12)  Capacity:     2048M (100%)       2048M (100%)       2048M (100%)       2048M (100%)       2048M (100%)       2048M (100%)   
[2025-06-18T00:00:11.463+0300][12872][18160][info ][gc,heap  ] GC(12)      Free:     1050M (51%)         816M (40%)        1566M (76%)        1754M (86%)        1756M (86%)         810M (40%)    
[2025-06-18T00:00:11.463+0300][12872][18160][info ][gc,heap  ] GC(12)      Used:      998M (49%)        1232M (60%)         482M (24%)         294M (14%)        1238M (60%)         292M (14%)    
[2025-06-18T00:00:11.463+0300][12872][18160][info ][gc,heap  ] GC(12)      Live:         -                11M (1%)           11M (1%)           11M (1%)             -                  -          
[2025-06-18T00:00:11.463+0300][12872][18160][info ][gc,heap  ] GC(12) Allocated:         -               234M (11%)         246M (12%)         251M (12%)            -                  -          
[2025-06-18T00:00:11.463+0300][12872][18160][info ][gc,heap  ] GC(12)   Garbage:         -               986M (48%)         224M (11%)          30M (2%)             -                  -          
[2025-06-18T00:00:11.463+0300][12872][18160][info ][gc,heap  ] GC(12) Reclaimed:         -                  -               762M (37%)         955M (47%)            -                  -          
[2025-06-18T00:00:11.463+0300][12872][18160][info ][gc       ] GC(12) Garbage Collection (Allocation Rate) 998M(49%)->294M(14%)
[2025-06-18T00:00:11.600+0300][12872][18160][debug][gc,heap  ] GC(13) Heap before GC invocations=13 (full 13):
[2025-06-18T00:00:11.600+0300][12872][18160][debug][gc,heap  ] GC(13)  ZHeap           used 976M, capacity 2048M, max capacity 2048M
[2025-06-18T00:00:11.600+0300][12872][18160][debug][gc,heap  ] GC(13)  Metaspace       used 8515K, committed 9472K, reserved 1114112K
[2025-06-18T00:00:11.600+0300][12872][18160][debug][gc,heap  ] GC(13)   class space    used 857K, committed 1216K, reserved 1048576K
[2025-06-18T00:00:11.600+0300][12872][20264][debug][safepoint] Safepoint synchronization initiated using striped semaphore wait barrier. (19 threads)
[2025-06-18T00:00:11.600+0300][12872][22152][debug][safepoint] ... found polling page loop exception at pc = 0x00000207273653e0, stub =0x0000020726d55280
[2025-06-18T00:00:11.600+0300][12872][2932 ][debug][safepoint] ... found polling page loop exception at pc = 0x00000207273653e0, stub =0x0000020726d55280
[2025-06-18T00:00:11.600+0300][12872][22488][debug][safepoint] ... found polling page loop exception at pc = 0x000002072735d04c, stub =0x0000020726d55b00
[2025-06-18T00:00:11.600+0300][12872][11992][debug][safepoint] ... found polling page loop exception at pc = 0x00000207273653e0, stub =0x0000020726d55280
[2025-06-18T00:00:11.600+0300][12872][17200][debug][safepoint] ... found polling page loop exception at pc = 0x00000207273653e0, stub =0x0000020726d55280
[2025-06-18T00:00:11.600+0300][12872][1872 ][debug][safepoint] ... found polling page loop exception at pc = 0x000002072736408e, stub =0x0000020726d55b00
[2025-06-18T00:00:11.600+0300][12872][3076 ][debug][safepoint] ... found polling page loop exception at pc = 0x00000207273653e0, stub =0x0000020726d55280
[2025-06-18T00:00:11.600+0300][12872][20264][info ][gc,phases] GC(13) Pause Mark Start 0.008ms
[2025-06-18T00:00:11.600+0300][12872][20264][info ][safepoint] Safepoint "XMarkStart", Time since last: 136388600 ns, Reaching safepoint: 272100 ns, Cleanup: 10600 ns, At safepoint: 48900 ns, Total: 331600 ns
[2025-06-18T00:00:11.606+0300][12872][1872 ][debug][safepoint] ... found polling page loop exception at pc = 0x000002072736408e, stub =0x0000020726d55b00
[2025-06-18T00:00:11.606+0300][12872][17200][debug][safepoint] ... found polling page loop exception at pc = 0x00000207273653e0, stub =0x0000020726d55280
[2025-06-18T00:00:11.606+0300][12872][22488][debug][safepoint] ... found polling page loop exception at pc = 0x00000207273653e0, stub =0x0000020726d55280
[2025-06-18T00:00:11.606+0300][12872][17200][debug][safepoint] ... found polling page loop exception at pc = 0x00000207273653e0, stub =0x0000020726d55280
[2025-06-18T00:00:11.606+0300][12872][3076 ][debug][safepoint] ... found polling page loop exception at pc = 0x00000207273ecfdf, stub =0x0000020726d55280
[2025-06-18T00:00:11.606+0300][12872][22152][debug][safepoint] ... found polling page loop exception at pc = 0x00000207273653e0, stub =0x0000020726d55280
[2025-06-18T00:00:11.606+0300][12872][22488][debug][safepoint] ... found polling page loop exception at pc = 0x0000020727399d8f, stub =0x0000020726d55280
[2025-06-18T00:00:11.616+0300][12872][22152][debug][safepoint] ... found polling page loop exception at pc = 0x000002072736408e, stub =0x0000020726d55b00
[2025-06-18T00:00:11.616+0300][12872][1872 ][debug][safepoint] ... found polling page loop exception at pc = 0x00000207273653e0, stub =0x0000020726d55280
[2025-06-18T00:00:11.616+0300][12872][22300][debug][safepoint] ... found polling page loop exception at pc = 0x00000207273653e0, stub =0x0000020726d55280
[2025-06-18T00:00:11.616+0300][12872][11992][debug][safepoint] ... found polling page loop exception at pc = 0x00000207273768c0, stub =0x0000020726d55b00
[2025-06-18T00:00:11.632+0300][12872][18160][info ][gc,phases] GC(13) Concurrent Mark 30.910ms
[2025-06-18T00:00:11.632+0300][12872][20264][debug][safepoint] Safepoint synchronization initiated using striped semaphore wait barrier. (19 threads)
[2025-06-18T00:00:11.632+0300][12872][22152][debug][safepoint] ... found polling page loop exception at pc = 0x00000207273653e0, stub =0x0000020726d55280
[2025-06-18T00:00:11.632+0300][12872][3076 ][debug][safepoint] ... found polling page loop exception at pc = 0x00000207273564c6, stub =0x0000020726d55b00
[2025-06-18T00:00:11.632+0300][12872][1872 ][debug][safepoint] ... found polling page loop exception at pc = 0x00000207273653e0, stub =0x0000020726d55280
[2025-06-18T00:00:11.632+0300][12872][2932 ][debug][safepoint] ... found polling page loop exception at pc = 0x00000207273564c6, stub =0x0000020726d55b00
[2025-06-18T00:00:11.632+0300][12872][20264][info ][gc,phases] GC(13) Pause Mark End 0.013ms
[2025-06-18T00:00:11.632+0300][12872][20264][info ][safepoint] Safepoint "XMarkEnd", Time since last: 31045500 ns, Reaching safepoint: 219400 ns, Cleanup: 4900 ns, At safepoint: 58100 ns, Total: 282400 ns
[2025-06-18T00:00:11.632+0300][12872][18160][info ][gc,phases] GC(13) Concurrent Mark Free 0.001ms
[2025-06-18T00:00:11.632+0300][12872][18160][debug][gc,phases] GC(13) Concurrent References Process 0.071ms
[2025-06-18T00:00:11.632+0300][12872][18160][debug][gc,phases] GC(13) ClassLoaderData 0.019ms
[2025-06-18T00:00:11.632+0300][12872][18160][debug][gc,phases] GC(13) Trigger cleanups 0.001ms
[2025-06-18T00:00:11.634+0300][12872][18160][debug][gc,phases] GC(13) Concurrent Classes Unlink 2.105ms
[2025-06-18T00:00:11.634+0300][12872][22300][debug][safepoint] ... found polling page loop exception at pc = 0x000002072738c351, stub =0x0000020726d55b00
[2025-06-18T00:00:11.634+0300][12872][3076 ][debug][safepoint] ... found polling page loop exception at pc = 0x00000207273653e0, stub =0x0000020726d55280
[2025-06-18T00:00:11.634+0300][12872][22152][debug][safepoint] ... found polling page loop exception at pc = 0x00000207273653e0, stub =0x0000020726d55280
[2025-06-18T00:00:11.634+0300][12872][11992][debug][safepoint] ... found polling page loop exception at pc = 0x00000207273653e0, stub =0x0000020726d55280
[2025-06-18T00:00:11.634+0300][12872][1872 ][debug][safepoint] ... found polling page loop exception at pc = 0x000002072735d04c, stub =0x0000020726d55b00
[2025-06-18T00:00:11.634+0300][12872][18160][debug][gc,phases] GC(13) Concurrent Classes Purge 0.033ms
[2025-06-18T00:00:11.634+0300][12872][18160][debug][gc,phases] GC(13) Concurrent References Enqueue 0.004ms
[2025-06-18T00:00:11.634+0300][12872][18160][info ][gc,phases] GC(13) Concurrent Process Non-Strong References 2.737ms
[2025-06-18T00:00:11.634+0300][12872][18160][info ][gc,phases] GC(13) Concurrent Reset Relocation Set 0.003ms
[2025-06-18T00:00:11.636+0300][12872][18160][info ][gc,phases] GC(13) Concurrent Select Relocation Set 2.213ms
[2025-06-18T00:00:11.636+0300][12872][20264][debug][safepoint] Safepoint synchronization initiated using striped semaphore wait barrier. (19 threads)
[2025-06-18T00:00:11.636+0300][12872][17200][debug][safepoint] ... found polling page loop exception at pc = 0x00000207273ecb05, stub =0x0000020726d55280
[2025-06-18T00:00:11.636+0300][12872][22152][debug][safepoint] ... found polling page loop exception at pc = 0x000002072735d04c, stub =0x0000020726d55b00
[2025-06-18T00:00:11.636+0300][12872][22300][debug][safepoint] ... found polling page loop exception at pc = 0x0000020727356360, stub =0x0000020726d55b00
[2025-06-18T00:00:11.636+0300][12872][11992][debug][safepoint] ... found polling page loop exception at pc = 0x0000020727356360, stub =0x0000020726d55b00
[2025-06-18T00:00:11.636+0300][12872][3076 ][debug][safepoint] ... found polling page loop exception at pc = 0x0000020727356360, stub =0x0000020726d55b00
[2025-06-18T00:00:11.636+0300][12872][22488][debug][safepoint] ... found polling page loop exception at pc = 0x00000207273653e0, stub =0x0000020726d55280
[2025-06-18T00:00:11.636+0300][12872][20264][info ][gc,phases] GC(13) Pause Relocate Start 0.007ms
[2025-06-18T00:00:11.636+0300][12872][20264][info ][safepoint] Safepoint "XRelocateStart", Time since last: 5078100 ns, Reaching safepoint: 251900 ns, Cleanup: 6600 ns, At safepoint: 42700 ns, Total: 301200 ns
[2025-06-18T00:00:11.636+0300][12872][18160][info ][gc,phases] GC(13) Concurrent Relocate 1.646ms
[2025-06-18T00:00:11.636+0300][12872][18160][debug][gc,heap  ] GC(13) Heap after GC invocations=14 (full 14):
[2025-06-18T00:00:11.639+0300][12872][18160][debug][gc,heap  ] GC(13)  ZHeap           used 226M, capacity 2048M, max capacity 2048M
[2025-06-18T00:00:11.639+0300][12872][18160][debug][gc,heap  ] GC(13)  Metaspace       used 8515K, committed 9472K, reserved 1114112K
[2025-06-18T00:00:11.639+0300][12872][18160][debug][gc,heap  ] GC(13)   class space    used 857K, committed 1216K, reserved 1048576K
[2025-06-18T00:00:11.639+0300][12872][18160][info ][gc,heap  ] GC(13) Min Capacity: 2048M(100%)
[2025-06-18T00:00:11.639+0300][12872][18160][info ][gc,heap  ] GC(13) Max Capacity: 2048M(100%)
[2025-06-18T00:00:11.639+0300][12872][18160][info ][gc,heap  ] GC(13) Soft Max Capacity: 2048M(100%)
[2025-06-18T00:00:11.639+0300][12872][18160][info ][gc,heap  ] GC(13)                Mark Start          Mark End        Relocate Start      Relocate End           High               Low         
[2025-06-18T00:00:11.639+0300][12872][18160][info ][gc,heap  ] GC(13)  Capacity:     2048M (100%)       2048M (100%)       2048M (100%)       2048M (100%)       2048M (100%)       2048M (100%)   
[2025-06-18T00:00:11.639+0300][12872][18160][info ][gc,heap  ] GC(13)      Free:     1070M (52%)         918M (45%)        1650M (81%)        1824M (89%)        1832M (89%)         906M (44%)    
[2025-06-18T00:00:11.639+0300][12872][18160][info ][gc,heap  ] GC(13)      Used:      978M (48%)        1130M (55%)         398M (19%)         224M (11%)        1142M (56%)         216M (11%)    
[2025-06-18T00:00:11.639+0300][12872][18160][info ][gc,heap  ] GC(13)      Live:         -                11M (1%)           11M (1%)           11M (1%)             -                  -          
[2025-06-18T00:00:11.639+0300][12872][18160][info ][gc,heap  ] GC(13) Allocated:         -               152M (7%)          170M (8%)          181M (9%)             -                  -          
[2025-06-18T00:00:11.639+0300][12872][18160][info ][gc,heap  ] GC(13)   Garbage:         -               966M (47%)         216M (11%)          30M (2%)             -                  -          
[2025-06-18T00:00:11.639+0300][12872][18160][info ][gc,heap  ] GC(13) Reclaimed:         -                  -               750M (37%)         935M (46%)            -                  -          
[2025-06-18T00:00:11.639+0300][12872][18160][info ][gc       ] GC(13) Garbage Collection (Allocation Rate) 978M(48%)->224M(11%)
[2025-06-18T00:00:11.805+0300][12872][18160][debug][gc,heap  ] GC(14) Heap before GC invocations=14 (full 14):
[2025-06-18T00:00:11.805+0300][12872][18160][debug][gc,heap  ] GC(14)  ZHeap           used 1028M, capacity 2048M, max capacity 2048M
[2025-06-18T00:00:11.805+0300][12872][18160][debug][gc,heap  ] GC(14)  Metaspace       used 8517K, committed 9472K, reserved 1114112K
[2025-06-18T00:00:11.805+0300][12872][18160][debug][gc,heap  ] GC(14)   class space    used 857K, committed 1216K, reserved 1048576K
[2025-06-18T00:00:11.805+0300][12872][20264][debug][safepoint] Safepoint synchronization initiated using striped semaphore wait barrier. (19 threads)
[2025-06-18T00:00:11.805+0300][12872][2932 ][debug][safepoint] ... found polling page loop exception at pc = 0x00000207273653e0, stub =0x0000020726d55280
[2025-06-18T00:00:11.805+0300][12872][1872 ][debug][safepoint] ... found polling page loop exception at pc = 0x00000207273653e0, stub =0x0000020726d55280
[2025-06-18T00:00:11.805+0300][12872][22152][debug][safepoint] ... found polling page loop exception at pc = 0x00000207273564c6, stub =0x0000020726d55b00
[2025-06-18T00:00:11.805+0300][12872][3076 ][debug][safepoint] ... found polling page loop exception at pc = 0x00000207273653e0, stub =0x0000020726d55280
[2025-06-18T00:00:11.805+0300][12872][22488][debug][safepoint] ... found polling page loop exception at pc = 0x00000207273564c6, stub =0x0000020726d55b00
[2025-06-18T00:00:11.805+0300][12872][17200][debug][safepoint] ... found polling page loop exception at pc = 0x0000020727356360, stub =0x0000020726d55b00
[2025-06-18T00:00:11.805+0300][12872][22300][debug][safepoint] ... found polling page loop exception at pc = 0x00000207273653e0, stub =0x0000020726d55280
[2025-06-18T00:00:11.805+0300][12872][20264][info ][gc,phases] GC(14) Pause Mark Start 0.008ms
[2025-06-18T00:00:11.805+0300][12872][20264][info ][safepoint] Safepoint "XMarkStart", Time since last: 168064400 ns, Reaching safepoint: 339900 ns, Cleanup: 5700 ns, At safepoint: 55300 ns, Total: 400900 ns
[2025-06-18T00:00:11.809+0300][12872][2932 ][debug][safepoint] ... found polling page loop exception at pc = 0x00000207273653e0, stub =0x0000020726d55280
[2025-06-18T00:00:11.809+0300][12872][22300][debug][safepoint] ... found polling page loop exception at pc = 0x000002072735d04c, stub =0x0000020726d55b00
[2025-06-18T00:00:11.809+0300][12872][1872 ][debug][safepoint] ... found polling page loop exception at pc = 0x00000207273f8903, stub =0x0000020726d55280
[2025-06-18T00:00:11.809+0300][12872][3076 ][debug][safepoint] ... found polling page loop exception at pc = 0x00000207273653e0, stub =0x0000020726d55280
[2025-06-18T00:00:11.809+0300][12872][11992][debug][safepoint] ... found polling page loop exception at pc = 0x00000207273653e0, stub =0x0000020726d55280
[2025-06-18T00:00:11.811+0300][12872][11992][debug][safepoint] ... found polling page loop exception at pc = 0x000002072745bd75, stub =0x0000020726d55b00
[2025-06-18T00:00:11.811+0300][12872][3076 ][debug][safepoint] ... found polling page loop exception at pc = 0x000002072735d04c, stub =0x0000020726d55b00
[2025-06-18T00:00:11.811+0300][12872][22300][debug][safepoint] ... found polling page loop exception at pc = 0x00000207273653e0, stub =0x0000020726d55280
[2025-06-18T00:00:11.811+0300][12872][22488][debug][safepoint] ... found polling page loop exception at pc = 0x00000207273653e0, stub =0x0000020726d55280
[2025-06-18T00:00:11.813+0300][12872][22152][debug][safepoint] ... found polling page loop exception at pc = 0x00000207273653e0, stub =0x0000020726d55280
[2025-06-18T00:00:11.813+0300][12872][22152][debug][safepoint] ... found polling page loop exception at pc = 0x00000207273653e0, stub =0x0000020726d55280
[2025-06-18T00:00:11.813+0300][12872][11992][debug][safepoint] ... found polling page loop exception at pc = 0x00000207273653e0, stub =0x0000020726d55280
[2025-06-18T00:00:11.813+0300][12872][3076 ][debug][safepoint] ... found polling page loop exception at pc = 0x00000207273653e0, stub =0x0000020726d55280
[2025-06-18T00:00:11.813+0300][12872][1872 ][debug][safepoint] ... found polling page loop exception at pc = 0x00000207273653e0, stub =0x0000020726d55280
[2025-06-18T00:00:11.813+0300][12872][22300][debug][safepoint] ... found polling page loop exception at pc = 0x000002072738c351, stub =0x0000020726d55b00
[2025-06-18T00:00:11.813+0300][12872][2932 ][debug][safepoint] ... found polling page loop exception at pc = 0x000002072736408e, stub =0x0000020726d55b00
[2025-06-18T00:00:11.813+0300][12872][17200][debug][safepoint] ... found polling page loop exception at pc = 0x00000207273653e0, stub =0x0000020726d55280
[2025-06-18T00:00:11.815+0300][12872][17200][debug][safepoint] ... found polling page loop exception at pc = 0x00000207273653e0, stub =0x0000020726d55280
[2025-06-18T00:00:11.815+0300][12872][11992][debug][safepoint] ... found polling page loop exception at pc = 0x00000207273564c6, stub =0x0000020726d55b00
[2025-06-18T00:00:11.815+0300][12872][2932 ][debug][safepoint] ... found polling page loop exception at pc = 0x00000207273653e0, stub =0x0000020726d55280
[2025-06-18T00:00:11.815+0300][12872][22488][debug][safepoint] ... found polling page loop exception at pc = 0x00000207273653e0, stub =0x0000020726d55280
[2025-06-18T00:00:11.821+0300][12872][18160][info ][gc,phases] GC(14) Concurrent Mark 15.225ms
[2025-06-18T00:00:11.821+0300][12872][20264][debug][safepoint] Safepoint synchronization initiated using striped semaphore wait barrier. (19 threads)
[2025-06-18T00:00:11.821+0300][12872][17200][debug][safepoint] ... found polling page loop exception at pc = 0x00000207273653e0, stub =0x0000020726d55280
[2025-06-18T00:00:11.821+0300][12872][1872 ][debug][safepoint] ... found polling page loop exception at pc = 0x00000207273653e0, stub =0x0000020726d55280
[2025-06-18T00:00:11.821+0300][12872][11992][debug][safepoint] ... found polling page loop exception at pc = 0x00000207273653e0, stub =0x0000020726d55280
[2025-06-18T00:00:11.821+0300][12872][22300][debug][safepoint] ... found polling page loop exception at pc = 0x00000207273653e0, stub =0x0000020726d55280
[2025-06-18T00:00:11.821+0300][12872][20264][info ][gc,phases] GC(14) Pause Mark End 0.015ms
[2025-06-18T00:00:11.821+0300][12872][20264][info ][safepoint] Safepoint "XMarkEnd", Time since last: 15305200 ns, Reaching safepoint: 197600 ns, Cleanup: 4300 ns, At safepoint: 49800 ns, Total: 251700 ns
[2025-06-18T00:00:11.821+0300][12872][18160][info ][gc,phases] GC(14) Concurrent Mark Free 0.001ms
[2025-06-18T00:00:11.821+0300][12872][18160][debug][gc,phases] GC(14) Concurrent References Process 0.076ms
[2025-06-18T00:00:11.821+0300][12872][18160][debug][gc,phases] GC(14) ClassLoaderData 0.015ms
[2025-06-18T00:00:11.821+0300][12872][18160][debug][gc,phases] GC(14) Trigger cleanups 0.000ms
[2025-06-18T00:00:11.823+0300][12872][18160][debug][gc,phases] GC(14) Concurrent Classes Unlink 2.024ms
[2025-06-18T00:00:11.823+0300][12872][22300][debug][safepoint] ... found polling page loop exception at pc = 0x00000207273653e0, stub =0x0000020726d55280
[2025-06-18T00:00:11.823+0300][12872][22152][debug][safepoint] ... found polling page loop exception at pc = 0x00000207273653e0, stub =0x0000020726d55280
[2025-06-18T00:00:11.823+0300][12872][22488][debug][safepoint] ... found polling page loop exception at pc = 0x00000207273653e0, stub =0x0000020726d55280
[2025-06-18T00:00:11.823+0300][12872][17200][debug][safepoint] ... found polling page loop exception at pc = 0x00000207273653e0, stub =0x0000020726d55280
[2025-06-18T00:00:11.823+0300][12872][2932 ][debug][safepoint] ... found polling page loop exception at pc = 0x000002072745bd75, stub =0x0000020726d55b00
[2025-06-18T00:00:11.823+0300][12872][3076 ][debug][safepoint] ... found polling page loop exception at pc = 0x00000207273653e0, stub =0x0000020726d55280
[2025-06-18T00:00:11.823+0300][12872][18160][debug][gc,phases] GC(14) Concurrent Classes Purge 0.005ms
[2025-06-18T00:00:11.823+0300][12872][18160][debug][gc,phases] GC(14) Concurrent References Enqueue 0.005ms
[2025-06-18T00:00:11.823+0300][12872][18160][info ][gc,phases] GC(14) Concurrent Process Non-Strong References 2.645ms
[2025-06-18T00:00:11.823+0300][12872][18160][info ][gc,phases] GC(14) Concurrent Reset Relocation Set 0.006ms
[2025-06-18T00:00:11.825+0300][12872][18160][info ][gc,phases] GC(14) Concurrent Select Relocation Set 2.224ms
[2025-06-18T00:00:11.825+0300][12872][20264][debug][safepoint] Safepoint synchronization initiated using striped semaphore wait barrier. (19 threads)
[2025-06-18T00:00:11.825+0300][12872][2932 ][debug][safepoint] ... found polling page loop exception at pc = 0x00000207273653e0, stub =0x0000020726d55280
[2025-06-18T00:00:11.825+0300][12872][11992][debug][safepoint] ... found polling page loop exception at pc = 0x000002072736581d, stub =0x0000020726d55280
[2025-06-18T00:00:11.825+0300][12872][17200][debug][safepoint] ... found polling page loop exception at pc = 0x000002072736408e, stub =0x0000020726d55b00
[2025-06-18T00:00:11.825+0300][12872][20264][info ][gc,phases] GC(14) Pause Relocate Start 0.008ms
[2025-06-18T00:00:11.825+0300][12872][20264][info ][safepoint] Safepoint "XRelocateStart", Time since last: 5003700 ns, Reaching safepoint: 180100 ns, Cleanup: 3500 ns, At safepoint: 42200 ns, Total: 225800 ns
[2025-06-18T00:00:11.825+0300][12872][18160][info ][gc,phases] GC(14) Concurrent Relocate 1.105ms
[2025-06-18T00:00:11.825+0300][12872][18160][debug][gc,heap  ] GC(14) Heap after GC invocations=15 (full 15):
[2025-06-18T00:00:11.825+0300][12872][18160][debug][gc,heap  ] GC(14)  ZHeap           used 140M, capacity 2048M, max capacity 2048M
[2025-06-18T00:00:11.825+0300][12872][18160][debug][gc,heap  ] GC(14)  Metaspace       used 8517K, committed 9472K, reserved 1114112K
[2025-06-18T00:00:11.825+0300][12872][18160][debug][gc,heap  ] GC(14)   class space    used 857K, committed 1216K, reserved 1048576K
[2025-06-18T00:00:11.825+0300][12872][18160][info ][gc,heap  ] GC(14) Min Capacity: 2048M(100%)
[2025-06-18T00:00:11.825+0300][12872][18160][info ][gc,heap  ] GC(14) Max Capacity: 2048M(100%)
[2025-06-18T00:00:11.825+0300][12872][18160][info ][gc,heap  ] GC(14) Soft Max Capacity: 2048M(100%)
[2025-06-18T00:00:11.825+0300][12872][18160][info ][gc,heap  ] GC(14)                Mark Start          Mark End        Relocate Start      Relocate End           High               Low         
[2025-06-18T00:00:11.825+0300][12872][18160][info ][gc,heap  ] GC(14)  Capacity:     2048M (100%)       2048M (100%)       2048M (100%)       2048M (100%)       2048M (100%)       2048M (100%)   
[2025-06-18T00:00:11.825+0300][12872][18160][info ][gc,heap  ] GC(14)      Free:     1020M (50%)         942M (46%)        1708M (83%)        1908M (93%)        1908M (93%)         936M (46%)    
[2025-06-18T00:00:11.825+0300][12872][18160][info ][gc,heap  ] GC(14)      Used:     1028M (50%)        1106M (54%)         340M (17%)         140M (7%)         1112M (54%)         140M (7%)     
[2025-06-18T00:00:11.825+0300][12872][18160][info ][gc,heap  ] GC(14)      Live:         -                11M (1%)           11M (1%)           11M (1%)             -                  -          
[2025-06-18T00:00:11.825+0300][12872][18160][info ][gc,heap  ] GC(14) Allocated:         -                78M (4%)           96M (5%)           97M (5%)             -                  -          
[2025-06-18T00:00:11.825+0300][12872][18160][info ][gc,heap  ] GC(14)   Garbage:         -              1016M (50%)         232M (11%)          30M (2%)             -                  -          
[2025-06-18T00:00:11.825+0300][12872][18160][info ][gc,heap  ] GC(14) Reclaimed:         -                  -               784M (38%)         985M (48%)            -                  -          
[2025-06-18T00:00:11.825+0300][12872][18160][info ][gc       ] GC(14) Garbage Collection (Allocation Rate) 1028M(50%)->140M(7%)
[2025-06-18T00:00:12.112+0300][12872][18160][debug][gc,heap  ] GC(15) Heap before GC invocations=15 (full 15):
[2025-06-18T00:00:12.112+0300][12872][18160][debug][gc,heap  ] GC(15)  ZHeap           used 1430M, capacity 2048M, max capacity 2048M
[2025-06-18T00:00:12.112+0300][12872][18160][debug][gc,heap  ] GC(15)  Metaspace       used 8517K, committed 9472K, reserved 1114112K
[2025-06-18T00:00:12.112+0300][12872][18160][debug][gc,heap  ] GC(15)   class space    used 857K, committed 1216K, reserved 1048576K
[2025-06-18T00:00:12.112+0300][12872][20264][debug][safepoint] Safepoint synchronization initiated using striped semaphore wait barrier. (19 threads)
[2025-06-18T00:00:12.112+0300][12872][22488][debug][safepoint] ... found polling page loop exception at pc = 0x000002072736408e, stub =0x0000020726d55b00
[2025-06-18T00:00:12.112+0300][12872][22152][debug][safepoint] ... found polling page loop exception at pc = 0x0000020727399d8f, stub =0x0000020726d55280
[2025-06-18T00:00:12.112+0300][12872][2932 ][debug][safepoint] ... found polling page loop exception at pc = 0x000002072735d04c, stub =0x0000020726d55b00
[2025-06-18T00:00:12.112+0300][12872][3076 ][debug][safepoint] ... found polling page loop exception at pc = 0x000002072738c351, stub =0x0000020726d55b00
[2025-06-18T00:00:12.112+0300][12872][17200][debug][safepoint] ... found polling page loop exception at pc = 0x00000207273653e0, stub =0x0000020726d55280
[2025-06-18T00:00:12.112+0300][12872][22300][debug][safepoint] ... found polling page loop exception at pc = 0x00000207273653e0, stub =0x0000020726d55280
[2025-06-18T00:00:12.112+0300][12872][1872 ][debug][safepoint] ... found polling page loop exception at pc = 0x00000207273653e0, stub =0x0000020726d55280
[2025-06-18T00:00:12.112+0300][12872][11992][debug][safepoint] ... found polling page loop exception at pc = 0x000002072735d04c, stub =0x0000020726d55b00
[2025-06-18T00:00:12.112+0300][12872][20264][info ][gc,phases] GC(15) Pause Mark Start 0.007ms
[2025-06-18T00:00:12.112+0300][12872][20264][info ][safepoint] Safepoint "XMarkStart", Time since last: 285206800 ns, Reaching safepoint: 320000 ns, Cleanup: 9000 ns, At safepoint: 47300 ns, Total: 376300 ns
[2025-06-18T00:00:12.116+0300][12872][2932 ][debug][safepoint] ... found polling page loop exception at pc = 0x00000207273653e0, stub =0x0000020726d55280
[2025-06-18T00:00:12.116+0300][12872][3076 ][debug][safepoint] ... found polling page loop exception at pc = 0x00000207273653e0, stub =0x0000020726d55280
[2025-06-18T00:00:12.116+0300][12872][17200][debug][safepoint] ... found polling page loop exception at pc = 0x000002072738c351, stub =0x0000020726d55b00
[2025-06-18T00:00:12.116+0300][12872][11992][debug][safepoint] ... found polling page loop exception at pc = 0x00000207273653e0, stub =0x0000020726d55280
[2025-06-18T00:00:12.116+0300][12872][22488][debug][safepoint] ... found polling page loop exception at pc = 0x00000207273653e0, stub =0x0000020726d55280
[2025-06-18T00:00:12.116+0300][12872][22300][debug][safepoint] ... found polling page loop exception at pc = 0x00000207273d3995, stub =0x0000020726d55b00
[2025-06-18T00:00:12.120+0300][12872][22300][debug][safepoint] ... found polling page loop exception at pc = 0x0000020727364360, stub =0x0000020726d55b00
[2025-06-18T00:00:12.120+0300][12872][1872 ][debug][safepoint] ... found polling page loop exception at pc = 0x00000207273653e0, stub =0x0000020726d55280
[2025-06-18T00:00:12.120+0300][12872][22488][debug][safepoint] ... found polling page loop exception at pc = 0x00000207273653e0, stub =0x0000020726d55280
[2025-06-18T00:00:12.120+0300][12872][11992][debug][safepoint] ... found polling page loop exception at pc = 0x0000020727394363, stub =0x0000020726d55280
[2025-06-18T00:00:12.122+0300][12872][22488][debug][safepoint] ... found polling page loop exception at pc = 0x00000207273653e0, stub =0x0000020726d55280
[2025-06-18T00:00:12.122+0300][12872][22152][debug][safepoint] ... found polling page loop exception at pc = 0x00000207273564c6, stub =0x0000020726d55b00
[2025-06-18T00:00:12.122+0300][12872][22300][debug][safepoint] ... found polling page loop exception at pc = 0x00000207273653e0, stub =0x0000020726d55280
[2025-06-18T00:00:12.122+0300][12872][11992][debug][safepoint] ... found polling page loop exception at pc = 0x000002072735d04c, stub =0x0000020726d55b00
[2025-06-18T00:00:12.122+0300][12872][2932 ][debug][safepoint] ... found polling page loop exception at pc = 0x00000207273653e0, stub =0x0000020726d55280
[2025-06-18T00:00:12.122+0300][12872][1872 ][debug][safepoint] ... found polling page loop exception at pc = 0x00000207273653e0, stub =0x0000020726d55280
[2025-06-18T00:00:12.122+0300][12872][17200][debug][safepoint] ... found polling page loop exception at pc = 0x00000207273653e0, stub =0x0000020726d55280
[2025-06-18T00:00:12.124+0300][12872][22300][debug][safepoint] ... found polling page loop exception at pc = 0x00000207273517fb, stub =0x0000020726d55280
[2025-06-18T00:00:12.124+0300][12872][17200][debug][safepoint] ... found polling page loop exception at pc = 0x00000207273653e0, stub =0x0000020726d55280
[2025-06-18T00:00:12.124+0300][12872][11992][debug][safepoint] ... found polling page loop exception at pc = 0x000002072744aa1e, stub =0x0000020726d55b00
[2025-06-18T00:00:12.124+0300][12872][1872 ][debug][safepoint] ... found polling page loop exception at pc = 0x00000207273653e0, stub =0x0000020726d55280
[2025-06-18T00:00:12.124+0300][12872][22152][debug][safepoint] ... found polling page loop exception at pc = 0x00000207273653e0, stub =0x0000020726d55280
[2025-06-18T00:00:12.128+0300][12872][18160][info ][gc,phases] GC(15) Concurrent Mark 15.546ms
[2025-06-18T00:00:12.128+0300][12872][20264][debug][safepoint] Safepoint synchronization initiated using striped semaphore wait barrier. (19 threads)
[2025-06-18T00:00:12.128+0300][12872][22300][debug][safepoint] ... found polling page loop exception at pc = 0x00000207273ce6db, stub =0x0000020726d55b00
[2025-06-18T00:00:12.128+0300][12872][1872 ][debug][safepoint] ... found polling page loop exception at pc = 0x00000207273653e0, stub =0x0000020726d55280
[2025-06-18T00:00:12.128+0300][12872][17200][debug][safepoint] ... found polling page loop exception at pc = 0x000002072737074b, stub =0x0000020726d55b00
[2025-06-18T00:00:12.128+0300][12872][22152][debug][safepoint] ... found polling page loop exception at pc = 0x0000020727356360, stub =0x0000020726d55b00
[2025-06-18T00:00:12.128+0300][12872][20264][info ][gc,phases] GC(15) Pause Mark End 0.014ms
[2025-06-18T00:00:12.128+0300][12872][20264][info ][safepoint] Safepoint "XMarkEnd", Time since last: 15632800 ns, Reaching safepoint: 184400 ns, Cleanup: 3900 ns, At safepoint: 50800 ns, Total: 239100 ns
[2025-06-18T00:00:12.128+0300][12872][18160][info ][gc,phases] GC(15) Concurrent Mark Free 0.001ms
[2025-06-18T00:00:12.128+0300][12872][18160][debug][gc,phases] GC(15) Concurrent References Process 0.119ms
[2025-06-18T00:00:12.128+0300][12872][18160][debug][gc,phases] GC(15) ClassLoaderData 0.014ms
[2025-06-18T00:00:12.128+0300][12872][18160][debug][gc,phases] GC(15) Trigger cleanups 0.000ms
[2025-06-18T00:00:12.130+0300][12872][18160][debug][gc,phases] GC(15) Concurrent Classes Unlink 1.846ms
[2025-06-18T00:00:12.130+0300][12872][22488][debug][safepoint] ... found polling page loop exception at pc = 0x000002072737074b, stub =0x0000020726d55b00
[2025-06-18T00:00:12.130+0300][12872][22152][debug][safepoint] ... found polling page loop exception at pc = 0x00000207273653e0, stub =0x0000020726d55280
[2025-06-18T00:00:12.130+0300][12872][3076 ][debug][safepoint] ... found polling page loop exception at pc = 0x00000207273653e0, stub =0x0000020726d55280
[2025-06-18T00:00:12.130+0300][12872][17200][debug][safepoint] ... found polling page loop exception at pc = 0x00000207273653e0, stub =0x0000020726d55280
[2025-06-18T00:00:12.130+0300][12872][1872 ][debug][safepoint] ... found polling page loop exception at pc = 0x00000207273653e0, stub =0x0000020726d55280
[2025-06-18T00:00:12.144+0300][12872][18160][debug][gc,phases] GC(15) Concurrent Classes Purge 0.046ms
[2025-06-18T00:00:12.144+0300][12872][18160][debug][gc,phases] GC(15) Concurrent References Enqueue 0.005ms
[2025-06-18T00:00:12.144+0300][12872][18160][info ][gc,phases] GC(15) Concurrent Process Non-Strong References 15.692ms
[2025-06-18T00:00:12.144+0300][12872][18160][info ][gc,phases] GC(15) Concurrent Reset Relocation Set 0.005ms
[2025-06-18T00:00:12.146+0300][12872][18160][info ][gc,phases] GC(15) Concurrent Select Relocation Set 2.354ms
[2025-06-18T00:00:12.146+0300][12872][20264][debug][safepoint] Safepoint synchronization initiated using striped semaphore wait barrier. (19 threads)
[2025-06-18T00:00:12.146+0300][12872][2932 ][debug][safepoint] ... found polling page loop exception at pc = 0x000002072739444b, stub =0x0000020726d55280
[2025-06-18T00:00:12.146+0300][12872][11992][debug][safepoint] ... found polling page loop exception at pc = 0x0000020727386205, stub =0x0000020726d55b00
[2025-06-18T00:00:12.146+0300][12872][22152][debug][safepoint] ... found polling page loop exception at pc = 0x00000207273653e0, stub =0x0000020726d55280
[2025-06-18T00:00:12.146+0300][12872][22300][debug][safepoint] ... found polling page loop exception at pc = 0x00000207273653e0, stub =0x0000020726d55280
[2025-06-18T00:00:12.146+0300][12872][1872 ][debug][safepoint] ... found polling page loop exception at pc = 0x00000207273653e0, stub =0x0000020726d55280
[2025-06-18T00:00:12.146+0300][12872][3076 ][debug][safepoint] ... found polling page loop exception at pc = 0x00000207273653e0, stub =0x0000020726d55280
[2025-06-18T00:00:12.146+0300][12872][20264][info ][gc,phases] GC(15) Pause Relocate Start 0.008ms
[2025-06-18T00:00:12.146+0300][12872][20264][info ][safepoint] Safepoint "XRelocateStart", Time since last: 18188200 ns, Reaching safepoint: 305400 ns, Cleanup: 3400 ns, At safepoint: 48800 ns, Total: 357600 ns
[2025-06-18T00:00:12.146+0300][12872][18160][info ][gc,phases] GC(15) Concurrent Relocate 1.148ms
[2025-06-18T00:00:12.146+0300][12872][18160][debug][gc,heap  ] GC(15) Heap after GC invocations=16 (full 16):
[2025-06-18T00:00:12.146+0300][12872][18160][debug][gc,heap  ] GC(15)  ZHeap           used 164M, capacity 2048M, max capacity 2048M
[2025-06-18T00:00:12.146+0300][12872][18160][debug][gc,heap  ] GC(15)  Metaspace       used 8517K, committed 9472K, reserved 1114112K
[2025-06-18T00:00:12.146+0300][12872][18160][debug][gc,heap  ] GC(15)   class space    used 857K, committed 1216K, reserved 1048576K
[2025-06-18T00:00:12.146+0300][12872][18160][info ][gc,heap  ] GC(15) Min Capacity: 2048M(100%)
[2025-06-18T00:00:12.146+0300][12872][18160][info ][gc,heap  ] GC(15) Max Capacity: 2048M(100%)
[2025-06-18T00:00:12.146+0300][12872][18160][info ][gc,heap  ] GC(15) Soft Max Capacity: 2048M(100%)
[2025-06-18T00:00:12.146+0300][12872][18160][info ][gc,heap  ] GC(15)                Mark Start          Mark End        Relocate Start      Relocate End           High               Low         
[2025-06-18T00:00:12.146+0300][12872][18160][info ][gc,heap  ] GC(15)  Capacity:     2048M (100%)       2048M (100%)       2048M (100%)       2048M (100%)       2048M (100%)       2048M (100%)   
[2025-06-18T00:00:12.146+0300][12872][18160][info ][gc,heap  ] GC(15)      Free:      618M (30%)         560M (27%)        1616M (79%)        1884M (92%)        1884M (92%)         508M (25%)    
[2025-06-18T00:00:12.146+0300][12872][18160][info ][gc,heap  ] GC(15)      Used:     1430M (70%)        1488M (73%)         432M (21%)         164M (8%)         1540M (75%)         164M (8%)     
[2025-06-18T00:00:12.146+0300][12872][18160][info ][gc,heap  ] GC(15)      Live:         -                11M (1%)           11M (1%)           11M (1%)             -                  -          
[2025-06-18T00:00:12.146+0300][12872][18160][info ][gc,heap  ] GC(15) Allocated:         -                58M (3%)          118M (6%)          121M (6%)             -                  -          
[2025-06-18T00:00:12.146+0300][12872][18160][info ][gc,heap  ] GC(15)   Garbage:         -              1418M (69%)         302M (15%)          30M (2%)             -                  -          
[2025-06-18T00:00:12.146+0300][12872][18160][info ][gc,heap  ] GC(15) Reclaimed:         -                  -              1116M (54%)        1387M (68%)            -                  -          
[2025-06-18T00:00:12.146+0300][12872][18160][info ][gc       ] GC(15) Garbage Collection (Allocation Rate) 1430M(70%)->164M(8%)
[2025-06-18T00:00:12.408+0300][12872][18160][debug][gc,heap  ] GC(16) Heap before GC invocations=16 (full 16):
[2025-06-18T00:00:12.408+0300][12872][18160][debug][gc,heap  ] GC(16)  ZHeap           used 1370M, capacity 2048M, max capacity 2048M
[2025-06-18T00:00:12.408+0300][12872][18160][debug][gc,heap  ] GC(16)  Metaspace       used 8517K, committed 9472K, reserved 1114112K
[2025-06-18T00:00:12.408+0300][12872][18160][debug][gc,heap  ] GC(16)   class space    used 857K, committed 1216K, reserved 1048576K
[2025-06-18T00:00:12.408+0300][12872][20264][debug][safepoint] Safepoint synchronization initiated using striped semaphore wait barrier. (19 threads)
[2025-06-18T00:00:12.408+0300][12872][11992][debug][safepoint] ... found polling page loop exception at pc = 0x00000207273653e0, stub =0x0000020726d55280
[2025-06-18T00:00:12.408+0300][12872][17200][debug][safepoint] ... found polling page loop exception at pc = 0x0000020727386205, stub =0x0000020726d55b00
[2025-06-18T00:00:12.408+0300][12872][20264][info ][gc,phases] GC(16) Pause Mark Start 0.009ms
[2025-06-18T00:00:12.408+0300][12872][20264][info ][safepoint] Safepoint "XMarkStart", Time since last: 261039900 ns, Reaching safepoint: 162700 ns, Cleanup: 12500 ns, At safepoint: 57700 ns, Total: 232900 ns
[2025-06-18T00:00:12.418+0300][12872][3076 ][debug][safepoint] ... found polling page loop exception at pc = 0x00000207273653e0, stub =0x0000020726d55280
[2025-06-18T00:00:12.418+0300][12872][22488][debug][safepoint] ... found polling page loop exception at pc = 0x00000207273653e0, stub =0x0000020726d55280
[2025-06-18T00:00:12.418+0300][12872][1872 ][debug][safepoint] ... found polling page loop exception at pc = 0x000002072735d04c, stub =0x0000020726d55b00
[2025-06-18T00:00:12.418+0300][12872][2932 ][debug][safepoint] ... found polling page loop exception at pc = 0x00000207273e1c31, stub =0x0000020726d55b00
[2025-06-18T00:00:12.418+0300][12872][11992][debug][safepoint] ... found polling page loop exception at pc = 0x0000020727399d8f, stub =0x0000020726d55280
[2025-06-18T00:00:12.418+0300][12872][22300][debug][safepoint] ... found polling page loop exception at pc = 0x00000207273f8903, stub =0x0000020726d55280
[2025-06-18T00:00:12.418+0300][12872][22152][debug][safepoint] ... found polling page loop exception at pc = 0x00000207273564c6, stub =0x0000020726d55b00
[2025-06-18T00:00:12.420+0300][12872][11992][debug][safepoint] ... found polling page loop exception at pc = 0x00000207273653e0, stub =0x0000020726d55280
[2025-06-18T00:00:12.420+0300][12872][3076 ][debug][safepoint] ... found polling page loop exception at pc = 0x00000207273653e0, stub =0x0000020726d55280
[2025-06-18T00:00:12.420+0300][12872][2932 ][debug][safepoint] ... found polling page loop exception at pc = 0x00000207273653e0, stub =0x0000020726d55280
[2025-06-18T00:00:12.420+0300][12872][22300][debug][safepoint] ... found polling page loop exception at pc = 0x000002072739988b, stub =0x0000020726d55280
[2025-06-18T00:00:12.420+0300][12872][22300][debug][safepoint] ... found polling page loop exception at pc = 0x00000207273653e0, stub =0x0000020726d55280
[2025-06-18T00:00:12.420+0300][12872][22488][debug][safepoint] ... found polling page loop exception at pc = 0x00000207273f8903, stub =0x0000020726d55280
[2025-06-18T00:00:12.420+0300][12872][22152][debug][safepoint] ... found polling page loop exception at pc = 0x00000207273653e0, stub =0x0000020726d55280
[2025-06-18T00:00:12.420+0300][12872][1872 ][debug][safepoint] ... found polling page loop exception at pc = 0x00000207273653e0, stub =0x0000020726d55280
[2025-06-18T00:00:12.420+0300][12872][17200][debug][safepoint] ... found polling page loop exception at pc = 0x000002072735d04c, stub =0x0000020726d55b00
[2025-06-18T00:00:12.420+0300][12872][18160][info ][gc,phases] GC(16) Concurrent Mark 13.088ms
[2025-06-18T00:00:12.420+0300][12872][20264][debug][safepoint] Safepoint synchronization initiated using striped semaphore wait barrier. (19 threads)
[2025-06-18T00:00:12.420+0300][12872][11992][debug][safepoint] ... found polling page loop exception at pc = 0x000002072735d04c, stub =0x0000020726d55b00
[2025-06-18T00:00:12.420+0300][12872][22488][debug][safepoint] ... found polling page loop exception at pc = 0x000002072736408e, stub =0x0000020726d55b00
[2025-06-18T00:00:12.420+0300][12872][22300][debug][safepoint] ... found polling page loop exception at pc = 0x00000207273653e0, stub =0x0000020726d55280
[2025-06-18T00:00:12.420+0300][12872][3076 ][debug][safepoint] ... found polling page loop exception at pc = 0x00000207273653e0, stub =0x0000020726d55280
[2025-06-18T00:00:12.420+0300][12872][20264][info ][gc,phases] GC(16) Pause Mark End 0.015ms
[2025-06-18T00:00:12.420+0300][12872][20264][info ][safepoint] Safepoint "XMarkEnd", Time since last: 13167300 ns, Reaching safepoint: 155200 ns, Cleanup: 4700 ns, At safepoint: 57300 ns, Total: 217200 ns
[2025-06-18T00:00:12.420+0300][12872][18160][info ][gc,phases] GC(16) Concurrent Mark Free 0.001ms
[2025-06-18T00:00:12.420+0300][12872][18160][debug][gc,phases] GC(16) Concurrent References Process 0.128ms
[2025-06-18T00:00:12.420+0300][12872][18160][debug][gc,phases] GC(16) ClassLoaderData 0.017ms
[2025-06-18T00:00:12.420+0300][12872][18160][debug][gc,phases] GC(16) Trigger cleanups 0.000ms
[2025-06-18T00:00:12.425+0300][12872][18160][debug][gc,phases] GC(16) Concurrent Classes Unlink 4.361ms
[2025-06-18T00:00:12.425+0300][12872][22300][debug][safepoint] ... found polling page loop exception at pc = 0x00000207273653e0, stub =0x0000020726d55280
[2025-06-18T00:00:12.425+0300][12872][11992][debug][safepoint] ... found polling page loop exception at pc = 0x00000207273653e0, stub =0x0000020726d55280
[2025-06-18T00:00:12.425+0300][12872][22152][debug][safepoint] ... found polling page loop exception at pc = 0x00000207273653e0, stub =0x0000020726d55280
[2025-06-18T00:00:12.425+0300][12872][3076 ][debug][safepoint] ... found polling page loop exception at pc = 0x0000020727386205, stub =0x0000020726d55b00
[2025-06-18T00:00:12.425+0300][12872][17200][debug][safepoint] ... found polling page loop exception at pc = 0x00000207273653e0, stub =0x0000020726d55280
[2025-06-18T00:00:12.425+0300][12872][2932 ][debug][safepoint] ... found polling page loop exception at pc = 0x00000207273653e0, stub =0x0000020726d55280
[2025-06-18T00:00:12.425+0300][12872][18160][debug][gc,phases] GC(16) Concurrent Classes Purge 0.064ms
[2025-06-18T00:00:12.425+0300][12872][18160][debug][gc,phases] GC(16) Concurrent References Enqueue 0.005ms
[2025-06-18T00:00:12.425+0300][12872][18160][info ][gc,phases] GC(16) Concurrent Process Non-Strong References 5.789ms
[2025-06-18T00:00:12.427+0300][12872][18160][info ][gc,phases] GC(16) Concurrent Reset Relocation Set 0.007ms
[2025-06-18T00:00:12.429+0300][12872][18160][info ][gc,phases] GC(16) Concurrent Select Relocation Set 2.392ms
[2025-06-18T00:00:12.429+0300][12872][20264][debug][safepoint] Safepoint synchronization initiated using striped semaphore wait barrier. (19 threads)
[2025-06-18T00:00:12.429+0300][12872][11992][debug][safepoint] ... found polling page loop exception at pc = 0x00000207273653e0, stub =0x0000020726d55280
[2025-06-18T00:00:12.429+0300][12872][3076 ][debug][safepoint] ... found polling page loop exception at pc = 0x00000207273653e0, stub =0x0000020726d55280
[2025-06-18T00:00:12.429+0300][12872][22152][debug][safepoint] ... found polling page loop exception at pc = 0x00000207273564c6, stub =0x0000020726d55b00
[2025-06-18T00:00:12.429+0300][12872][17200][debug][safepoint] ... found polling page loop exception at pc = 0x00000207273653e0, stub =0x0000020726d55280
[2025-06-18T00:00:12.429+0300][12872][22300][debug][safepoint] ... found polling page loop exception at pc = 0x00000207273653e0, stub =0x0000020726d55280
[2025-06-18T00:00:12.429+0300][12872][2932 ][debug][safepoint] ... found polling page loop exception at pc = 0x00000207273564c6, stub =0x0000020726d55b00
[2025-06-18T00:00:12.429+0300][12872][1872 ][debug][safepoint] ... found polling page loop exception at pc = 0x000002072735d04c, stub =0x0000020726d55b00
[2025-06-18T00:00:12.429+0300][12872][20264][info ][gc,phases] GC(16) Pause Relocate Start 0.009ms
[2025-06-18T00:00:12.429+0300][12872][20264][info ][safepoint] Safepoint "XRelocateStart", Time since last: 8325100 ns, Reaching safepoint: 348500 ns, Cleanup: 4900 ns, At safepoint: 62600 ns, Total: 416000 ns
[2025-06-18T00:00:12.432+0300][12872][18160][info ][gc,phases] GC(16) Concurrent Relocate 2.095ms
[2025-06-18T00:00:12.432+0300][12872][18160][debug][gc,heap  ] GC(16) Heap after GC invocations=17 (full 17):
[2025-06-18T00:00:12.432+0300][12872][18160][debug][gc,heap  ] GC(16)  ZHeap           used 142M, capacity 2048M, max capacity 2048M
[2025-06-18T00:00:12.432+0300][12872][18160][debug][gc,heap  ] GC(16)  Metaspace       used 8517K, committed 9472K, reserved 1114112K
[2025-06-18T00:00:12.432+0300][12872][18160][debug][gc,heap  ] GC(16)   class space    used 857K, committed 1216K, reserved 1048576K
[2025-06-18T00:00:12.432+0300][12872][18160][info ][gc,heap  ] GC(16) Min Capacity: 2048M(100%)
[2025-06-18T00:00:12.432+0300][12872][18160][info ][gc,heap  ] GC(16) Max Capacity: 2048M(100%)
[2025-06-18T00:00:12.432+0300][12872][18160][info ][gc,heap  ] GC(16) Soft Max Capacity: 2048M(100%)
[2025-06-18T00:00:12.432+0300][12872][18160][info ][gc,heap  ] GC(16)                Mark Start          Mark End        Relocate Start      Relocate End           High               Low         
[2025-06-18T00:00:12.432+0300][12872][18160][info ][gc,heap  ] GC(16)  Capacity:     2048M (100%)       2048M (100%)       2048M (100%)       2048M (100%)       2048M (100%)       2048M (100%)   
[2025-06-18T00:00:12.432+0300][12872][18160][info ][gc,heap  ] GC(16)      Free:      678M (33%)         614M (30%)        1650M (81%)        1906M (93%)        1908M (93%)         592M (29%)    
[2025-06-18T00:00:12.432+0300][12872][18160][info ][gc,heap  ] GC(16)      Used:     1370M (67%)        1434M (70%)         398M (19%)         142M (7%)         1456M (71%)         140M (7%)     
[2025-06-18T00:00:12.432+0300][12872][18160][info ][gc,heap  ] GC(16)      Live:         -                11M (1%)           11M (1%)           11M (1%)             -                  -          
[2025-06-18T00:00:12.432+0300][12872][18160][info ][gc,heap  ] GC(16) Allocated:         -                64M (3%)           96M (5%)          101M (5%)             -                  -          
[2025-06-18T00:00:12.432+0300][12872][18160][info ][gc,heap  ] GC(16)   Garbage:         -              1358M (66%)         290M (14%)          28M (1%)             -                  -          
[2025-06-18T00:00:12.432+0300][12872][18160][info ][gc,heap  ] GC(16) Reclaimed:         -                  -              1068M (52%)        1329M (65%)            -                  -          
[2025-06-18T00:00:12.432+0300][12872][18160][info ][gc       ] GC(16) Garbage Collection (Allocation Rate) 1370M(67%)->142M(7%)
[2025-06-18T00:00:12.708+0300][12872][18160][debug][gc,heap  ] GC(17) Heap before GC invocations=17 (full 17):
[2025-06-18T00:00:12.708+0300][12872][18160][debug][gc,heap  ] GC(17)  ZHeap           used 1206M, capacity 2048M, max capacity 2048M
[2025-06-18T00:00:12.708+0300][12872][18160][debug][gc,heap  ] GC(17)  Metaspace       used 8517K, committed 9472K, reserved 1114112K
[2025-06-18T00:00:12.708+0300][12872][18160][debug][gc,heap  ] GC(17)   class space    used 857K, committed 1216K, reserved 1048576K
[2025-06-18T00:00:12.708+0300][12872][20264][debug][safepoint] Safepoint synchronization initiated using striped semaphore wait barrier. (19 threads)
[2025-06-18T00:00:12.708+0300][12872][22152][debug][safepoint] ... found polling page loop exception at pc = 0x000002072737074b, stub =0x0000020726d55b00
[2025-06-18T00:00:12.708+0300][12872][22488][debug][safepoint] ... found polling page loop exception at pc = 0x0000020727399d8f, stub =0x0000020726d55280
[2025-06-18T00:00:12.708+0300][12872][22300][debug][safepoint] ... found polling page loop exception at pc = 0x0000020727386205, stub =0x0000020726d55b00
[2025-06-18T00:00:12.708+0300][12872][2932 ][debug][safepoint] ... found polling page loop exception at pc = 0x0000020727356360, stub =0x0000020726d55b00
[2025-06-18T00:00:12.708+0300][12872][1872 ][debug][safepoint] ... found polling page loop exception at pc = 0x00000207273653e0, stub =0x0000020726d55280
[2025-06-18T00:00:12.708+0300][12872][17200][debug][safepoint] ... found polling page loop exception at pc = 0x00000207273653e0, stub =0x0000020726d55280
[2025-06-18T00:00:12.708+0300][12872][11992][debug][safepoint] ... found polling page loop exception at pc = 0x00000207273517fb, stub =0x0000020726d55280
[2025-06-18T00:00:12.708+0300][12872][20264][info ][gc,phases] GC(17) Pause Mark Start 0.009ms
[2025-06-18T00:00:12.708+0300][12872][20264][info ][safepoint] Safepoint "XMarkStart", Time since last: 277874600 ns, Reaching safepoint: 338700 ns, Cleanup: 5700 ns, At safepoint: 72800 ns, Total: 417200 ns
[2025-06-18T00:00:12.720+0300][12872][1872 ][debug][safepoint] ... found polling page loop exception at pc = 0x00000207273564c6, stub =0x0000020726d55b00
[2025-06-18T00:00:12.720+0300][12872][22152][debug][safepoint] ... found polling page loop exception at pc = 0x00000207273d8d9f, stub =0x0000020726d55b00
[2025-06-18T00:00:12.720+0300][12872][2932 ][debug][safepoint] ... found polling page loop exception at pc = 0x00000207273653e0, stub =0x0000020726d55280
[2025-06-18T00:00:12.720+0300][12872][11992][debug][safepoint] ... found polling page loop exception at pc = 0x0000020727399d8f, stub =0x0000020726d55280
[2025-06-18T00:00:12.720+0300][12872][3076 ][debug][safepoint] ... found polling page loop exception at pc = 0x000002072738c351, stub =0x0000020726d55b00
[2025-06-18T00:00:12.720+0300][12872][17200][debug][safepoint] ... found polling page loop exception at pc = 0x00000207273653e0, stub =0x0000020726d55280
[2025-06-18T00:00:12.720+0300][12872][22300][debug][safepoint] ... found polling page loop exception at pc = 0x00000207273653e0, stub =0x0000020726d55280
[2025-06-18T00:00:12.722+0300][12872][22152][debug][safepoint] ... found polling page loop exception at pc = 0x00000207273653e0, stub =0x0000020726d55280
[2025-06-18T00:00:12.722+0300][12872][2932 ][debug][safepoint] ... found polling page loop exception at pc = 0x00000207273653e0, stub =0x0000020726d55280
[2025-06-18T00:00:12.722+0300][12872][17200][debug][safepoint] ... found polling page loop exception at pc = 0x00000207273564c6, stub =0x0000020726d55b00
[2025-06-18T00:00:12.722+0300][12872][22488][debug][safepoint] ... found polling page loop exception at pc = 0x00000207273653e0, stub =0x0000020726d55280
[2025-06-18T00:00:12.722+0300][12872][22300][debug][safepoint] ... found polling page loop exception at pc = 0x00000207273653e0, stub =0x0000020726d55280
[2025-06-18T00:00:12.722+0300][12872][3076 ][debug][safepoint] ... found polling page loop exception at pc = 0x00000207273653e0, stub =0x0000020726d55280
[2025-06-18T00:00:12.722+0300][12872][11992][debug][safepoint] ... found polling page loop exception at pc = 0x0000020727415998, stub =0x0000020726d55b00
[2025-06-18T00:00:12.722+0300][12872][1872 ][debug][safepoint] ... found polling page loop exception at pc = 0x00000207273653e0, stub =0x0000020726d55280
[2025-06-18T00:00:12.740+0300][12872][22300][debug][safepoint] ... found polling page loop exception at pc = 0x00000207273653e0, stub =0x0000020726d55280
[2025-06-18T00:00:12.740+0300][12872][22152][debug][safepoint] ... found polling page loop exception at pc = 0x00000207273653e0, stub =0x0000020726d55280
[2025-06-18T00:00:12.740+0300][12872][17200][debug][safepoint] ... found polling page loop exception at pc = 0x00000207273653e0, stub =0x0000020726d55280
[2025-06-18T00:00:12.740+0300][12872][11992][debug][safepoint] ... found polling page loop exception at pc = 0x00000207273564c6, stub =0x0000020726d55b00
[2025-06-18T00:00:12.740+0300][12872][18160][info ][gc,phases] GC(17) Concurrent Mark 31.711ms
[2025-06-18T00:00:12.740+0300][12872][20264][debug][safepoint] Safepoint synchronization initiated using striped semaphore wait barrier. (19 threads)
[2025-06-18T00:00:12.740+0300][12872][11992][debug][safepoint] ... found polling page loop exception at pc = 0x00000207273653e0, stub =0x0000020726d55280
[2025-06-18T00:00:12.740+0300][12872][22152][debug][safepoint] ... found polling page loop exception at pc = 0x00000207273653e0, stub =0x0000020726d55280
[2025-06-18T00:00:12.740+0300][12872][3076 ][debug][safepoint] ... found polling page loop exception at pc = 0x00000207273653e0, stub =0x0000020726d55280
[2025-06-18T00:00:12.740+0300][12872][17200][debug][safepoint] ... found polling page loop exception at pc = 0x00000207273b1586, stub =0x0000020726d55b00
[2025-06-18T00:00:12.740+0300][12872][20264][info ][gc,phases] GC(17) Pause Mark End 0.013ms
[2025-06-18T00:00:12.740+0300][12872][20264][info ][safepoint] Safepoint "XMarkEnd", Time since last: 31801500 ns, Reaching safepoint: 247700 ns, Cleanup: 4200 ns, At safepoint: 58700 ns, Total: 310600 ns
[2025-06-18T00:00:12.740+0300][12872][18160][info ][gc,phases] GC(17) Concurrent Mark Free 0.001ms
[2025-06-18T00:00:12.740+0300][12872][18160][debug][gc,phases] GC(17) Concurrent References Process 0.151ms
[2025-06-18T00:00:12.740+0300][12872][18160][debug][gc,phases] GC(17) ClassLoaderData 0.019ms
[2025-06-18T00:00:12.740+0300][12872][18160][debug][gc,phases] GC(17) Trigger cleanups 0.001ms
[2025-06-18T00:00:12.746+0300][12872][18160][debug][gc,phases] GC(17) Concurrent Classes Unlink 5.201ms
[2025-06-18T00:00:12.746+0300][12872][2932 ][debug][safepoint] ... found polling page loop exception at pc = 0x00000207273653e0, stub =0x0000020726d55280
[2025-06-18T00:00:12.746+0300][12872][1872 ][debug][safepoint] ... found polling page loop exception at pc = 0x0000020727399d8f, stub =0x0000020726d55280
[2025-06-18T00:00:12.746+0300][12872][11992][debug][safepoint] ... found polling page loop exception at pc = 0x000002072737074b, stub =0x0000020726d55b00
[2025-06-18T00:00:12.746+0300][12872][3076 ][debug][safepoint] ... found polling page loop exception at pc = 0x00000207273517fb, stub =0x0000020726d55280
[2025-06-18T00:00:12.746+0300][12872][22300][debug][safepoint] ... found polling page loop exception at pc = 0x00000207273653e0, stub =0x0000020726d55280
[2025-06-18T00:00:12.748+0300][12872][18160][debug][gc,phases] GC(17) Concurrent Classes Purge 0.049ms
[2025-06-18T00:00:12.748+0300][12872][18160][debug][gc,phases] GC(17) Concurrent References Enqueue 0.007ms
[2025-06-18T00:00:12.750+0300][12872][18160][info ][gc,phases] GC(17) Concurrent Process Non-Strong References 9.762ms
[2025-06-18T00:00:12.750+0300][12872][18160][info ][gc,phases] GC(17) Concurrent Reset Relocation Set 0.008ms
[2025-06-18T00:00:12.752+0300][12872][18160][info ][gc,phases] GC(17) Concurrent Select Relocation Set 2.673ms
[2025-06-18T00:00:12.752+0300][12872][20264][debug][safepoint] Safepoint synchronization initiated using striped semaphore wait barrier. (19 threads)
[2025-06-18T00:00:12.752+0300][12872][22300][debug][safepoint] ... found polling page loop exception at pc = 0x00000207273653e0, stub =0x0000020726d55280
[2025-06-18T00:00:12.752+0300][12872][3076 ][debug][safepoint] ... found polling page loop exception at pc = 0x00000207273653e0, stub =0x0000020726d55280
[2025-06-18T00:00:12.752+0300][12872][11992][debug][safepoint] ... found polling page loop exception at pc = 0x00000207273653e0, stub =0x0000020726d55280
[2025-06-18T00:00:12.752+0300][12872][2932 ][debug][safepoint] ... found polling page loop exception at pc = 0x000002072736408e, stub =0x0000020726d55b00
[2025-06-18T00:00:12.752+0300][12872][17200][debug][safepoint] ... found polling page loop exception at pc = 0x00000207273653e0, stub =0x0000020726d55280
[2025-06-18T00:00:12.752+0300][12872][1872 ][debug][safepoint] ... found polling page loop exception at pc = 0x00000207273564c6, stub =0x0000020726d55b00
[2025-06-18T00:00:12.752+0300][12872][22152][debug][safepoint] ... found polling page loop exception at pc = 0x00000207273653e0, stub =0x0000020726d55280
[2025-06-18T00:00:12.752+0300][12872][20264][info ][gc,phases] GC(17) Pause Relocate Start 0.009ms
[2025-06-18T00:00:12.752+0300][12872][20264][info ][safepoint] Safepoint "XRelocateStart", Time since last: 12627600 ns, Reaching safepoint: 335700 ns, Cleanup: 5300 ns, At safepoint: 89000 ns, Total: 430000 ns
[2025-06-18T00:00:12.755+0300][12872][18160][info ][gc,phases] GC(17) Concurrent Relocate 1.631ms
[2025-06-18T00:00:12.755+0300][12872][18160][debug][gc,heap  ] GC(17) Heap after GC invocations=18 (full 18):
[2025-06-18T00:00:12.755+0300][12872][18160][debug][gc,heap  ] GC(17)  ZHeap           used 192M, capacity 2048M, max capacity 2048M
[2025-06-18T00:00:12.755+0300][12872][18160][debug][gc,heap  ] GC(17)  Metaspace       used 8517K, committed 9472K, reserved 1114112K
[2025-06-18T00:00:12.755+0300][12872][18160][debug][gc,heap  ] GC(17)   class space    used 857K, committed 1216K, reserved 1048576K
[2025-06-18T00:00:12.755+0300][12872][18160][info ][gc,heap  ] GC(17) Min Capacity: 2048M(100%)
[2025-06-18T00:00:12.755+0300][12872][18160][info ][gc,heap  ] GC(17) Max Capacity: 2048M(100%)
[2025-06-18T00:00:12.755+0300][12872][18160][info ][gc,heap  ] GC(17) Soft Max Capacity: 2048M(100%)
[2025-06-18T00:00:12.755+0300][12872][18160][info ][gc,heap  ] GC(17)                Mark Start          Mark End        Relocate Start      Relocate End           High               Low         
[2025-06-18T00:00:12.755+0300][12872][18160][info ][gc,heap  ] GC(17)  Capacity:     2048M (100%)       2048M (100%)       2048M (100%)       2048M (100%)       2048M (100%)       2048M (100%)   
[2025-06-18T00:00:12.755+0300][12872][18160][info ][gc,heap  ] GC(17)      Free:      842M (41%)         734M (36%)        1634M (80%)        1856M (91%)        1858M (91%)         708M (35%)    
[2025-06-18T00:00:12.755+0300][12872][18160][info ][gc,heap  ] GC(17)      Used:     1206M (59%)        1314M (64%)         414M (20%)         192M (9%)         1340M (65%)         190M (9%)     
[2025-06-18T00:00:12.755+0300][12872][18160][info ][gc,heap  ] GC(17)      Live:         -                11M (1%)           11M (1%)           11M (1%)             -                  -          
[2025-06-18T00:00:12.755+0300][12872][18160][info ][gc,heap  ] GC(17) Allocated:         -               108M (5%)          146M (7%)          151M (7%)             -                  -          
[2025-06-18T00:00:12.755+0300][12872][18160][info ][gc,heap  ] GC(17)   Garbage:         -              1194M (58%)         256M (13%)          28M (1%)             -                  -          
[2025-06-18T00:00:12.755+0300][12872][18160][info ][gc,heap  ] GC(17) Reclaimed:         -                  -               938M (46%)        1165M (57%)            -                  -          
[2025-06-18T00:00:12.755+0300][12872][18160][info ][gc       ] GC(17) Garbage Collection (Allocation Rate) 1206M(59%)->192M(9%)
[2025-06-18T00:00:12.999+0300][12872][18160][debug][gc,heap  ] GC(18) Heap before GC invocations=18 (full 18):
[2025-06-18T00:00:12.999+0300][12872][18160][debug][gc,heap  ] GC(18)  ZHeap           used 988M, capacity 2048M, max capacity 2048M
[2025-06-18T00:00:12.999+0300][12872][18160][debug][gc,heap  ] GC(18)  Metaspace       used 8521K, committed 9472K, reserved 1114112K
[2025-06-18T00:00:12.999+0300][12872][18160][debug][gc,heap  ] GC(18)   class space    used 857K, committed 1216K, reserved 1048576K
[2025-06-18T00:00:12.999+0300][12872][20264][debug][safepoint] Safepoint synchronization initiated using striped semaphore wait barrier. (19 threads)
[2025-06-18T00:00:12.999+0300][12872][22152][debug][safepoint] ... found polling page loop exception at pc = 0x00000207273653e0, stub =0x0000020726d55280
[2025-06-18T00:00:12.999+0300][12872][22488][debug][safepoint] ... found polling page loop exception at pc = 0x0000020727376aed, stub =0x0000020726d55b00
[2025-06-18T00:00:12.999+0300][12872][22300][debug][safepoint] ... found polling page loop exception at pc = 0x00000207273ecfdf, stub =0x0000020726d55280
[2025-06-18T00:00:12.999+0300][12872][3076 ][debug][safepoint] ... found polling page loop exception at pc = 0x00000207273653e0, stub =0x0000020726d55280
[2025-06-18T00:00:12.999+0300][12872][1872 ][debug][safepoint] ... found polling page loop exception at pc = 0x00000207273653e0, stub =0x0000020726d55280
[2025-06-18T00:00:12.999+0300][12872][11992][debug][safepoint] ... found polling page loop exception at pc = 0x00000207273653e0, stub =0x0000020726d55280
[2025-06-18T00:00:12.999+0300][12872][20264][info ][gc,phases] GC(18) Pause Mark Start 0.010ms
[2025-06-18T00:00:12.999+0300][12872][20264][info ][safepoint] Safepoint "XMarkStart", Time since last: 246128900 ns, Reaching safepoint: 432700 ns, Cleanup: 7700 ns, At safepoint: 83800 ns, Total: 524200 ns
[2025-06-18T00:00:13.014+0300][12872][3076 ][debug][safepoint] ... found polling page loop exception at pc = 0x0000020727356360, stub =0x0000020726d55b00
[2025-06-18T00:00:13.014+0300][12872][11992][debug][safepoint] ... found polling page loop exception at pc = 0x0000020727399d8f, stub =0x0000020726d55280
[2025-06-18T00:00:13.014+0300][12872][22300][debug][safepoint] ... found polling page loop exception at pc = 0x00000207273653e0, stub =0x0000020726d55280
[2025-06-18T00:00:13.014+0300][12872][22488][debug][safepoint] ... found polling page loop exception at pc = 0x00000207273653e0, stub =0x0000020726d55280
[2025-06-18T00:00:13.031+0300][12872][11992][debug][safepoint] ... found polling page loop exception at pc = 0x00000207273653e0, stub =0x0000020726d55280
[2025-06-18T00:00:13.031+0300][12872][22152][debug][safepoint] ... found polling page loop exception at pc = 0x000002072737074b, stub =0x0000020726d55b00
[2025-06-18T00:00:13.031+0300][12872][3076 ][debug][safepoint] ... found polling page loop exception at pc = 0x00000207273653e0, stub =0x0000020726d55280
[2025-06-18T00:00:13.031+0300][12872][1872 ][debug][safepoint] ... found polling page loop exception at pc = 0x00000207273653e0, stub =0x0000020726d55280
[2025-06-18T00:00:13.036+0300][12872][22488][debug][safepoint] ... found polling page loop exception at pc = 0x00000207273653e0, stub =0x0000020726d55280
[2025-06-18T00:00:13.047+0300][12872][22300][debug][safepoint] ... found polling page loop exception at pc = 0x000002072740bc2f, stub =0x0000020726d55b00
[2025-06-18T00:00:13.047+0300][12872][2932 ][debug][safepoint] ... found polling page loop exception at pc = 0x00000207273653e0, stub =0x0000020726d55280
[2025-06-18T00:00:13.050+0300][12872][3076 ][debug][safepoint] ... found polling page loop exception at pc = 0x000002072737074b, stub =0x0000020726d55b00
[2025-06-18T00:00:13.051+0300][12872][11992][debug][safepoint] ... found polling page loop exception at pc = 0x00000207273653e0, stub =0x0000020726d55280
[2025-06-18T00:00:13.063+0300][12872][18160][info ][gc,phases] GC(18) Concurrent Mark 62.756ms
[2025-06-18T00:00:13.063+0300][12872][20264][debug][safepoint] Safepoint synchronization initiated using striped semaphore wait barrier. (19 threads)
[2025-06-18T00:00:13.063+0300][12872][22300][debug][safepoint] ... found polling page loop exception at pc = 0x00000207273b127c, stub =0x0000020726d55b00
[2025-06-18T00:00:13.063+0300][12872][3076 ][debug][safepoint] ... found polling page loop exception at pc = 0x00000207273653e0, stub =0x0000020726d55280
[2025-06-18T00:00:13.063+0300][12872][11992][debug][safepoint] ... found polling page loop exception at pc = 0x00000207273653e0, stub =0x0000020726d55280
[2025-06-18T00:00:13.063+0300][12872][17200][debug][safepoint] ... found polling page loop exception at pc = 0x00000207273653e0, stub =0x0000020726d55280
[2025-06-18T00:00:13.063+0300][12872][2932 ][debug][safepoint] ... found polling page loop exception at pc = 0x00000207273e9543, stub =0x0000020726d55280
[2025-06-18T00:00:13.063+0300][12872][1872 ][debug][safepoint] ... found polling page loop exception at pc = 0x000002072744aa1e, stub =0x0000020726d55b00
[2025-06-18T00:00:13.063+0300][12872][20264][info ][gc,phases] GC(18) Pause Mark End 0.018ms
[2025-06-18T00:00:13.064+0300][12872][20264][info ][safepoint] Safepoint "XMarkEnd", Time since last: 62885900 ns, Reaching safepoint: 301200 ns, Cleanup: 14000 ns, At safepoint: 80300 ns, Total: 395500 ns
[2025-06-18T00:00:13.064+0300][12872][18160][info ][gc,phases] GC(18) Concurrent Mark Free 0.001ms
[2025-06-18T00:00:13.064+0300][12872][18160][debug][gc,phases] GC(18) Concurrent References Process 0.147ms
[2025-06-18T00:00:13.064+0300][12872][18160][debug][gc,phases] GC(18) ClassLoaderData 0.018ms
[2025-06-18T00:00:13.064+0300][12872][18160][debug][gc,phases] GC(18) Trigger cleanups 0.001ms
[2025-06-18T00:00:13.070+0300][12872][18160][debug][gc,phases] GC(18) Concurrent Classes Unlink 5.423ms
[2025-06-18T00:00:13.070+0300][12872][22300][debug][safepoint] ... found polling page loop exception at pc = 0x0000020727399d8f, stub =0x0000020726d55280
[2025-06-18T00:00:13.070+0300][12872][2932 ][debug][safepoint] ... found polling page loop exception at pc = 0x00000207273b127c, stub =0x0000020726d55b00
[2025-06-18T00:00:13.070+0300][12872][22152][debug][safepoint] ... found polling page loop exception at pc = 0x00000207273653e0, stub =0x0000020726d55280
[2025-06-18T00:00:13.070+0300][12872][3076 ][debug][safepoint] ... found polling page loop exception at pc = 0x00000207273653e0, stub =0x0000020726d55280
[2025-06-18T00:00:13.070+0300][12872][11992][debug][safepoint] ... found polling page loop exception at pc = 0x00000207273564c6, stub =0x0000020726d55b00
[2025-06-18T00:00:13.079+0300][12872][18160][debug][gc,phases] GC(18) Concurrent Classes Purge 0.026ms
[2025-06-18T00:00:13.079+0300][12872][18160][debug][gc,phases] GC(18) Concurrent References Enqueue 0.008ms
[2025-06-18T00:00:13.079+0300][12872][18160][info ][gc,phases] GC(18) Concurrent Process Non-Strong References 15.649ms
[2025-06-18T00:00:13.079+0300][12872][18160][info ][gc,phases] GC(18) Concurrent Reset Relocation Set 0.008ms
[2025-06-18T00:00:13.082+0300][12872][18160][info ][gc,phases] GC(18) Concurrent Select Relocation Set 2.435ms
[2025-06-18T00:00:13.082+0300][12872][20264][debug][safepoint] Safepoint synchronization initiated using striped semaphore wait barrier. (19 threads)
[2025-06-18T00:00:13.082+0300][12872][22152][debug][safepoint] ... found polling page loop exception at pc = 0x00000207273653e0, stub =0x0000020726d55280
[2025-06-18T00:00:13.082+0300][12872][1872 ][debug][safepoint] ... found polling page loop exception at pc = 0x00000207273f8903, stub =0x0000020726d55280
[2025-06-18T00:00:13.082+0300][12872][22488][debug][safepoint] ... found polling page loop exception at pc = 0x0000020727399d8f, stub =0x0000020726d55280
[2025-06-18T00:00:13.082+0300][12872][11992][debug][safepoint] ... found polling page loop exception at pc = 0x00000207273653e0, stub =0x0000020726d55280
[2025-06-18T00:00:13.082+0300][12872][22300][debug][safepoint] ... found polling page loop exception at pc = 0x000002072737074b, stub =0x0000020726d55b00
[2025-06-18T00:00:13.082+0300][12872][2932 ][debug][safepoint] ... found polling page loop exception at pc = 0x00000207273653e0, stub =0x0000020726d55280
[2025-06-18T00:00:13.082+0300][12872][20264][info ][gc,phases] GC(18) Pause Relocate Start 0.011ms
[2025-06-18T00:00:13.082+0300][12872][20264][info ][safepoint] Safepoint "XRelocateStart", Time since last: 18323200 ns, Reaching safepoint: 394800 ns, Cleanup: 5500 ns, At safepoint: 73800 ns, Total: 474100 ns
[2025-06-18T00:00:13.084+0300][12872][18160][info ][gc,phases] GC(18) Concurrent Relocate 1.676ms
[2025-06-18T00:00:13.084+0300][12872][18160][debug][gc,heap  ] GC(18) Heap after GC invocations=19 (full 19):
[2025-06-18T00:00:13.084+0300][12872][18160][debug][gc,heap  ] GC(18)  ZHeap           used 202M, capacity 2048M, max capacity 2048M
[2025-06-18T00:00:13.084+0300][12872][18160][debug][gc,heap  ] GC(18)  Metaspace       used 8521K, committed 9472K, reserved 1114112K
[2025-06-18T00:00:13.084+0300][12872][18160][debug][gc,heap  ] GC(18)   class space    used 857K, committed 1216K, reserved 1048576K
[2025-06-18T00:00:13.084+0300][12872][18160][info ][gc,heap  ] GC(18) Min Capacity: 2048M(100%)
[2025-06-18T00:00:13.084+0300][12872][18160][info ][gc,heap  ] GC(18) Max Capacity: 2048M(100%)
[2025-06-18T00:00:13.084+0300][12872][18160][info ][gc,heap  ] GC(18) Soft Max Capacity: 2048M(100%)
[2025-06-18T00:00:13.084+0300][12872][18160][info ][gc,heap  ] GC(18)                Mark Start          Mark End        Relocate Start      Relocate End           High               Low         
[2025-06-18T00:00:13.084+0300][12872][18160][info ][gc,heap  ] GC(18)  Capacity:     2048M (100%)       2048M (100%)       2048M (100%)       2048M (100%)       2048M (100%)       2048M (100%)   
[2025-06-18T00:00:13.084+0300][12872][18160][info ][gc,heap  ] GC(18)      Free:     1060M (52%)         934M (46%)        1658M (81%)        1846M (90%)        1848M (90%)         904M (44%)    
[2025-06-18T00:00:13.084+0300][12872][18160][info ][gc,heap  ] GC(18)      Used:      988M (48%)        1114M (54%)         390M (19%)         202M (10%)        1144M (56%)         200M (10%)    
[2025-06-18T00:00:13.084+0300][12872][18160][info ][gc,heap  ] GC(18)      Live:         -                11M (1%)           11M (1%)           11M (1%)             -                  -          
[2025-06-18T00:00:13.084+0300][12872][18160][info ][gc,heap  ] GC(18) Allocated:         -               126M (6%)          158M (8%)          161M (8%)             -                  -          
[2025-06-18T00:00:13.084+0300][12872][18160][info ][gc,heap  ] GC(18)   Garbage:         -               976M (48%)         220M (11%)          28M (1%)             -                  -          
[2025-06-18T00:00:13.084+0300][12872][18160][info ][gc,heap  ] GC(18) Reclaimed:         -                  -               756M (37%)         947M (46%)            -                  -          
[2025-06-18T00:00:13.084+0300][12872][18160][info ][gc       ] GC(18) Garbage Collection (Allocation Rate) 988M(48%)->202M(10%)
[2025-06-18T00:00:13.300+0300][12872][18160][debug][gc,heap  ] GC(19) Heap before GC invocations=19 (full 19):
[2025-06-18T00:00:13.300+0300][12872][18160][debug][gc,heap  ] GC(19)  ZHeap           used 630M, capacity 2048M, max capacity 2048M
[2025-06-18T00:00:13.300+0300][12872][18160][debug][gc,heap  ] GC(19)  Metaspace       used 8521K, committed 9472K, reserved 1114112K
[2025-06-18T00:00:13.300+0300][12872][18160][debug][gc,heap  ] GC(19)   class space    used 857K, committed 1216K, reserved 1048576K
[2025-06-18T00:00:13.300+0300][12872][20264][debug][safepoint] Safepoint synchronization initiated using striped semaphore wait barrier. (19 threads)
[2025-06-18T00:00:13.300+0300][12872][2932 ][debug][safepoint] ... found polling page loop exception at pc = 0x00000207273653e0, stub =0x0000020726d55280
[2025-06-18T00:00:13.300+0300][12872][1872 ][debug][safepoint] ... found polling page loop exception at pc = 0x000002072735d04c, stub =0x0000020726d55b00
[2025-06-18T00:00:13.300+0300][12872][22152][debug][safepoint] ... found polling page loop exception at pc = 0x00000207273653e0, stub =0x0000020726d55280
[2025-06-18T00:00:13.300+0300][12872][22300][debug][safepoint] ... found polling page loop exception at pc = 0x00000207273653e0, stub =0x0000020726d55280
[2025-06-18T00:00:13.300+0300][12872][17200][debug][safepoint] ... found polling page loop exception at pc = 0x00000207273653e0, stub =0x0000020726d55280
[2025-06-18T00:00:13.300+0300][12872][3076 ][debug][safepoint] ... found polling page loop exception at pc = 0x00000207273ecfdf, stub =0x0000020726d55280
[2025-06-18T00:00:13.300+0300][12872][20264][info ][gc,phases] GC(19) Pause Mark Start 0.009ms
[2025-06-18T00:00:13.300+0300][12872][20264][info ][safepoint] Safepoint "XMarkStart", Time since last: 218336200 ns, Reaching safepoint: 388600 ns, Cleanup: 9400 ns, At safepoint: 80800 ns, Total: 478800 ns
[2025-06-18T00:00:13.315+0300][12872][22488][debug][safepoint] ... found polling page loop exception at pc = 0x00000207273653e0, stub =0x0000020726d55280
[2025-06-18T00:00:13.315+0300][12872][2932 ][debug][safepoint] ... found polling page loop exception at pc = 0x00000207273653e0, stub =0x0000020726d55280
[2025-06-18T00:00:13.315+0300][12872][22300][debug][safepoint] ... found polling page loop exception at pc = 0x000002072737074b, stub =0x0000020726d55b00
[2025-06-18T00:00:13.318+0300][12872][1872 ][debug][safepoint] ... found polling page loop exception at pc = 0x00000207273653e0, stub =0x0000020726d55280
[2025-06-18T00:00:13.332+0300][12872][2932 ][debug][safepoint] ... found polling page loop exception at pc = 0x00000207273653e0, stub =0x0000020726d55280
[2025-06-18T00:00:13.332+0300][12872][3076 ][debug][safepoint] ... found polling page loop exception at pc = 0x00000207273653e0, stub =0x0000020726d55280
[2025-06-18T00:00:13.332+0300][12872][17200][debug][safepoint] ... found polling page loop exception at pc = 0x00000207273653e0, stub =0x0000020726d55280
[2025-06-18T00:00:13.332+0300][12872][22488][debug][safepoint] ... found polling page loop exception at pc = 0x00000207273653e0, stub =0x0000020726d55280
[2025-06-18T00:00:13.332+0300][12872][22300][debug][safepoint] ... found polling page loop exception at pc = 0x00000207273653e0, stub =0x0000020726d55280
[2025-06-18T00:00:13.332+0300][12872][22152][debug][safepoint] ... found polling page loop exception at pc = 0x00000207273653e0, stub =0x0000020726d55280
[2025-06-18T00:00:13.334+0300][12872][22152][debug][safepoint] ... found polling page loop exception at pc = 0x0000020727399d8f, stub =0x0000020726d55280
[2025-06-18T00:00:13.334+0300][12872][22488][debug][safepoint] ... found polling page loop exception at pc = 0x0000020727399d8f, stub =0x0000020726d55280
[2025-06-18T00:00:13.334+0300][12872][3076 ][debug][safepoint] ... found polling page loop exception at pc = 0x0000020727399d8f, stub =0x0000020726d55280
[2025-06-18T00:00:13.334+0300][12872][1872 ][debug][safepoint] ... found polling page loop exception at pc = 0x00000207273653e0, stub =0x0000020726d55280
[2025-06-18T00:00:13.334+0300][12872][22152][debug][safepoint] ... found polling page loop exception at pc = 0x00000207273653e0, stub =0x0000020726d55280
[2025-06-18T00:00:13.334+0300][12872][3076 ][debug][safepoint] ... found polling page loop exception at pc = 0x00000207273653e0, stub =0x0000020726d55280
[2025-06-18T00:00:13.334+0300][12872][17200][debug][safepoint] ... found polling page loop exception at pc = 0x000002072737074b, stub =0x0000020726d55b00
[2025-06-18T00:00:13.334+0300][12872][18160][info ][gc,phases] GC(19) Concurrent Mark 34.297ms
[2025-06-18T00:00:13.334+0300][12872][20264][debug][safepoint] Safepoint synchronization initiated using striped semaphore wait barrier. (19 threads)
[2025-06-18T00:00:13.334+0300][12872][3076 ][debug][safepoint] ... found polling page loop exception at pc = 0x00000207273653e0, stub =0x0000020726d55280
[2025-06-18T00:00:13.334+0300][12872][22152][debug][safepoint] ... found polling page loop exception at pc = 0x000002072737074b, stub =0x0000020726d55b00
[2025-06-18T00:00:13.334+0300][12872][1872 ][debug][safepoint] ... found polling page loop exception at pc = 0x00000207273653e0, stub =0x0000020726d55280
[2025-06-18T00:00:13.334+0300][12872][22300][debug][safepoint] ... found polling page loop exception at pc = 0x00000207273653e0, stub =0x0000020726d55280
[2025-06-18T00:00:13.334+0300][12872][17200][debug][safepoint] ... found polling page loop exception at pc = 0x00000207273653e0, stub =0x0000020726d55280
[2025-06-18T00:00:13.334+0300][12872][11992][debug][safepoint] ... found polling page loop exception at pc = 0x000002072735d04c, stub =0x0000020726d55b00
[2025-06-18T00:00:13.334+0300][12872][20264][info ][gc,phases] GC(19) Pause Mark End 0.016ms
[2025-06-18T00:00:13.334+0300][12872][20264][info ][safepoint] Safepoint "XMarkEnd", Time since last: 34406500 ns, Reaching safepoint: 355000 ns, Cleanup: 6100 ns, At safepoint: 72000 ns, Total: 433100 ns
[2025-06-18T00:00:13.336+0300][12872][18160][info ][gc,phases] GC(19) Concurrent Mark Free 0.001ms
[2025-06-18T00:00:13.336+0300][12872][18160][debug][gc,phases] GC(19) Concurrent References Process 0.129ms
[2025-06-18T00:00:13.336+0300][12872][18160][debug][gc,phases] GC(19) ClassLoaderData 0.019ms
[2025-06-18T00:00:13.336+0300][12872][18160][debug][gc,phases] GC(19) Trigger cleanups 0.001ms
[2025-06-18T00:00:13.340+0300][12872][18160][debug][gc,phases] GC(19) Concurrent Classes Unlink 5.187ms
[2025-06-18T00:00:13.340+0300][12872][2932 ][debug][safepoint] ... found polling page loop exception at pc = 0x00000207273653e0, stub =0x0000020726d55280
[2025-06-18T00:00:13.340+0300][12872][22152][debug][safepoint] ... found polling page loop exception at pc = 0x000002072737074b, stub =0x0000020726d55b00
[2025-06-18T00:00:13.340+0300][12872][11992][debug][safepoint] ... found polling page loop exception at pc = 0x00000207273a3d3c, stub =0x0000020726d55280
[2025-06-18T00:00:13.340+0300][12872][17200][debug][safepoint] ... found polling page loop exception at pc = 0x000002072735d04c, stub =0x0000020726d55b00
[2025-06-18T00:00:13.342+0300][12872][18160][debug][gc,phases] GC(19) Concurrent Classes Purge 0.022ms
[2025-06-18T00:00:13.342+0300][12872][18160][debug][gc,phases] GC(19) Concurrent References Enqueue 0.006ms
[2025-06-18T00:00:13.342+0300][12872][18160][info ][gc,phases] GC(19) Concurrent Process Non-Strong References 6.922ms
[2025-06-18T00:00:13.342+0300][12872][18160][info ][gc,phases] GC(19) Concurrent Reset Relocation Set 0.005ms
[2025-06-18T00:00:13.344+0300][12872][18160][info ][gc,phases] GC(19) Concurrent Select Relocation Set 2.472ms
[2025-06-18T00:00:13.344+0300][12872][20264][debug][safepoint] Safepoint synchronization initiated using striped semaphore wait barrier. (19 threads)
[2025-06-18T00:00:13.344+0300][12872][2932 ][debug][safepoint] ... found polling page loop exception at pc = 0x00000207273653e0, stub =0x0000020726d55280
[2025-06-18T00:00:13.344+0300][12872][1872 ][debug][safepoint] ... found polling page loop exception at pc = 0x00000207273653e0, stub =0x0000020726d55280
[2025-06-18T00:00:13.344+0300][12872][17200][debug][safepoint] ... found polling page loop exception at pc = 0x00000207273e40d6, stub =0x0000020726d55280
[2025-06-18T00:00:13.344+0300][12872][22300][debug][safepoint] ... found polling page loop exception at pc = 0x000002072735d04c, stub =0x0000020726d55b00
[2025-06-18T00:00:13.344+0300][12872][11992][debug][safepoint] ... found polling page loop exception at pc = 0x00000207273653e0, stub =0x0000020726d55280
[2025-06-18T00:00:13.344+0300][12872][20264][info ][gc,phases] GC(19) Pause Relocate Start 0.008ms
[2025-06-18T00:00:13.344+0300][12872][20264][info ][safepoint] Safepoint "XRelocateStart", Time since last: 9575200 ns, Reaching safepoint: 306500 ns, Cleanup: 4100 ns, At safepoint: 55400 ns, Total: 366000 ns
[2025-06-18T00:00:13.344+0300][12872][18160][info ][gc,phases] GC(19) Concurrent Relocate 1.655ms
[2025-06-18T00:00:13.344+0300][12872][18160][debug][gc,heap  ] GC(19) Heap after GC invocations=20 (full 20):
[2025-06-18T00:00:13.348+0300][12872][18160][debug][gc,heap  ] GC(19)  ZHeap           used 156M, capacity 2048M, max capacity 2048M
[2025-06-18T00:00:13.348+0300][12872][18160][debug][gc,heap  ] GC(19)  Metaspace       used 8521K, committed 9472K, reserved 1114112K
[2025-06-18T00:00:13.348+0300][12872][18160][debug][gc,heap  ] GC(19)   class space    used 857K, committed 1216K, reserved 1048576K
[2025-06-18T00:00:13.348+0300][12872][18160][info ][gc,heap  ] GC(19) Min Capacity: 2048M(100%)
[2025-06-18T00:00:13.348+0300][12872][18160][info ][gc,heap  ] GC(19) Max Capacity: 2048M(100%)
[2025-06-18T00:00:13.348+0300][12872][18160][info ][gc,heap  ] GC(19) Soft Max Capacity: 2048M(100%)
[2025-06-18T00:00:13.348+0300][12872][18160][info ][gc,heap  ] GC(19)                Mark Start          Mark End        Relocate Start      Relocate End           High               Low         
[2025-06-18T00:00:13.348+0300][12872][18160][info ][gc,heap  ] GC(19)  Capacity:     2048M (100%)       2048M (100%)       2048M (100%)       2048M (100%)       2048M (100%)       2048M (100%)   
[2025-06-18T00:00:13.348+0300][12872][18160][info ][gc,heap  ] GC(19)      Free:     1418M (69%)        1332M (65%)        1768M (86%)        1892M (92%)        1898M (93%)        1314M (64%)    
[2025-06-18T00:00:13.348+0300][12872][18160][info ][gc,heap  ] GC(19)      Used:      630M (31%)         716M (35%)         280M (14%)         156M (8%)          734M (36%)         150M (7%)     
[2025-06-18T00:00:13.348+0300][12872][18160][info ][gc,heap  ] GC(19)      Live:         -                11M (1%)           11M (1%)           11M (1%)             -                  -          
[2025-06-18T00:00:13.348+0300][12872][18160][info ][gc,heap  ] GC(19) Allocated:         -                86M (4%)          106M (5%)          115M (6%)             -                  -          
[2025-06-18T00:00:13.348+0300][12872][18160][info ][gc,heap  ] GC(19)   Garbage:         -               618M (30%)         162M (8%)           28M (1%)             -                  -          
[2025-06-18T00:00:13.348+0300][12872][18160][info ][gc,heap  ] GC(19) Reclaimed:         -                  -               456M (22%)         589M (29%)            -                  -          
[2025-06-18T00:00:13.348+0300][12872][18160][info ][gc       ] GC(19) Garbage Collection (Allocation Rate) 630M(31%)->156M(8%)
[2025-06-18T00:00:13.607+0300][12872][18160][debug][gc,heap  ] GC(20) Heap before GC invocations=20 (full 20):
[2025-06-18T00:00:13.607+0300][12872][18160][debug][gc,heap  ] GC(20)  ZHeap           used 924M, capacity 2048M, max capacity 2048M
[2025-06-18T00:00:13.607+0300][12872][18160][debug][gc,heap  ] GC(20)  Metaspace       used 8521K, committed 9472K, reserved 1114112K
[2025-06-18T00:00:13.607+0300][12872][18160][debug][gc,heap  ] GC(20)   class space    used 857K, committed 1216K, reserved 1048576K
[2025-06-18T00:00:13.607+0300][12872][20264][debug][safepoint] Safepoint synchronization initiated using striped semaphore wait barrier. (19 threads)
[2025-06-18T00:00:13.607+0300][12872][11992][debug][safepoint] ... found polling page loop exception at pc = 0x00000207273653e0, stub =0x0000020726d55280
[2025-06-18T00:00:13.607+0300][12872][22488][debug][safepoint] ... found polling page loop exception at pc = 0x000002072736408e, stub =0x0000020726d55b00
[2025-06-18T00:00:13.607+0300][12872][22300][debug][safepoint] ... found polling page loop exception at pc = 0x00000207273653e0, stub =0x0000020726d55280
[2025-06-18T00:00:13.607+0300][12872][17200][debug][safepoint] ... found polling page loop exception at pc = 0x000002072738c351, stub =0x0000020726d55b00
[2025-06-18T00:00:13.607+0300][12872][3076 ][debug][safepoint] ... found polling page loop exception at pc = 0x000002072738c351, stub =0x0000020726d55b00
[2025-06-18T00:00:13.607+0300][12872][2932 ][debug][safepoint] ... found polling page loop exception at pc = 0x00000207273653e0, stub =0x0000020726d55280
[2025-06-18T00:00:13.607+0300][12872][20264][info ][gc,phases] GC(20) Pause Mark Start 0.010ms
[2025-06-18T00:00:13.607+0300][12872][20264][info ][safepoint] Safepoint "XMarkStart", Time since last: 261050300 ns, Reaching safepoint: 380800 ns, Cleanup: 14800 ns, At safepoint: 86200 ns, Total: 481800 ns
[2025-06-18T00:00:13.621+0300][12872][22488][debug][safepoint] ... found polling page loop exception at pc = 0x00000207273653e0, stub =0x0000020726d55280
[2025-06-18T00:00:13.621+0300][12872][3076 ][debug][safepoint] ... found polling page loop exception at pc = 0x000002072745bd75, stub =0x0000020726d55b00
[2025-06-18T00:00:13.621+0300][12872][17200][debug][safepoint] ... found polling page loop exception at pc = 0x000002072737074b, stub =0x0000020726d55b00
[2025-06-18T00:00:13.621+0300][12872][2932 ][debug][safepoint] ... found polling page loop exception at pc = 0x0000020727399d8f, stub =0x0000020726d55280
[2025-06-18T00:00:13.621+0300][12872][22152][debug][safepoint] ... found polling page loop exception at pc = 0x00000207273653e0, stub =0x0000020726d55280
[2025-06-18T00:00:13.621+0300][12872][1872 ][debug][safepoint] ... found polling page loop exception at pc = 0x000002072736408e, stub =0x0000020726d55b00
[2025-06-18T00:00:13.621+0300][12872][22300][debug][safepoint] ... found polling page loop exception at pc = 0x00000207273564c6, stub =0x0000020726d55b00
[2025-06-18T00:00:13.623+0300][12872][1872 ][debug][safepoint] ... found polling page loop exception at pc = 0x00000207274914b2, stub =0x0000020726d55280
[2025-06-18T00:00:13.623+0300][12872][17200][debug][safepoint] ... found polling page loop exception at pc = 0x00000207273653e0, stub =0x0000020726d55280
[2025-06-18T00:00:13.623+0300][12872][2932 ][debug][safepoint] ... found polling page loop exception at pc = 0x00000207273653e0, stub =0x0000020726d55280
[2025-06-18T00:00:13.623+0300][12872][22488][debug][safepoint] ... found polling page loop exception at pc = 0x00000207273653e0, stub =0x0000020726d55280
[2025-06-18T00:00:13.623+0300][12872][11992][debug][safepoint] ... found polling page loop exception at pc = 0x00000207273653e0, stub =0x0000020726d55280
[2025-06-18T00:00:13.639+0300][12872][2932 ][debug][safepoint] ... found polling page loop exception at pc = 0x00000207273653e0, stub =0x0000020726d55280
[2025-06-18T00:00:13.639+0300][12872][22300][debug][safepoint] ... found polling page loop exception at pc = 0x00000207273653e0, stub =0x0000020726d55280
[2025-06-18T00:00:13.639+0300][12872][22488][debug][safepoint] ... found polling page loop exception at pc = 0x00000207273653e0, stub =0x0000020726d55280
[2025-06-18T00:00:13.639+0300][12872][3076 ][debug][safepoint] ... found polling page loop exception at pc = 0x00000207273653e0, stub =0x0000020726d55280
[2025-06-18T00:00:13.639+0300][12872][17200][debug][safepoint] ... found polling page loop exception at pc = 0x00000207273564c6, stub =0x0000020726d55b00
[2025-06-18T00:00:13.639+0300][12872][1872 ][debug][safepoint] ... found polling page loop exception at pc = 0x00000207273653e0, stub =0x0000020726d55280
[2025-06-18T00:00:13.639+0300][12872][18160][info ][gc,phases] GC(20) Concurrent Mark 31.686ms
[2025-06-18T00:00:13.639+0300][12872][20264][debug][safepoint] Safepoint synchronization initiated using striped semaphore wait barrier. (19 threads)
[2025-06-18T00:00:13.639+0300][12872][22152][debug][safepoint] ... found polling page loop exception at pc = 0x00000207273653e0, stub =0x0000020726d55280
[2025-06-18T00:00:13.639+0300][12872][1872 ][debug][safepoint] ... found polling page loop exception at pc = 0x00000207273653e0, stub =0x0000020726d55280
[2025-06-18T00:00:13.639+0300][12872][11992][debug][safepoint] ... found polling page loop exception at pc = 0x00000207273653e0, stub =0x0000020726d55280
[2025-06-18T00:00:13.639+0300][12872][22300][debug][safepoint] ... found polling page loop exception at pc = 0x00000207273653e0, stub =0x0000020726d55280
[2025-06-18T00:00:13.639+0300][12872][2932 ][debug][safepoint] ... found polling page loop exception at pc = 0x00000207273653e0, stub =0x0000020726d55280
[2025-06-18T00:00:13.639+0300][12872][20264][info ][gc,phases] GC(20) Pause Mark End 0.015ms
[2025-06-18T00:00:13.639+0300][12872][20264][info ][safepoint] Safepoint "XMarkEnd", Time since last: 31785800 ns, Reaching safepoint: 222900 ns, Cleanup: 5400 ns, At safepoint: 88300 ns, Total: 316600 ns
[2025-06-18T00:00:13.639+0300][12872][18160][info ][gc,phases] GC(20) Concurrent Mark Free 0.001ms
[2025-06-18T00:00:13.639+0300][12872][18160][debug][gc,phases] GC(20) Concurrent References Process 0.127ms
[2025-06-18T00:00:13.639+0300][12872][18160][debug][gc,phases] GC(20) ClassLoaderData 0.018ms
[2025-06-18T00:00:13.639+0300][12872][18160][debug][gc,phases] GC(20) Trigger cleanups 0.001ms
[2025-06-18T00:00:13.645+0300][12872][18160][debug][gc,phases] GC(20) Concurrent Classes Unlink 5.295ms
[2025-06-18T00:00:13.645+0300][12872][1872 ][debug][safepoint] ... found polling page loop exception at pc = 0x00000207273517fb, stub =0x0000020726d55280
[2025-06-18T00:00:13.645+0300][12872][17200][debug][safepoint] ... found polling page loop exception at pc = 0x000002072736408e, stub =0x0000020726d55b00
[2025-06-18T00:00:13.645+0300][12872][3076 ][debug][safepoint] ... found polling page loop exception at pc = 0x00000207273653e0, stub =0x0000020726d55280
[2025-06-18T00:00:13.645+0300][12872][22152][debug][safepoint] ... found polling page loop exception at pc = 0x000002072736408e, stub =0x0000020726d55b00
[2025-06-18T00:00:13.655+0300][12872][18160][debug][gc,phases] GC(20) Concurrent Classes Purge 0.009ms
[2025-06-18T00:00:13.655+0300][12872][18160][debug][gc,phases] GC(20) Concurrent References Enqueue 0.009ms
[2025-06-18T00:00:13.655+0300][12872][18160][info ][gc,phases] GC(20) Concurrent Process Non-Strong References 15.008ms
[2025-06-18T00:00:13.655+0300][12872][18160][info ][gc,phases] GC(20) Concurrent Reset Relocation Set 0.006ms
[2025-06-18T00:00:13.657+0300][12872][18160][info ][gc,phases] GC(20) Concurrent Select Relocation Set 2.608ms
[2025-06-18T00:00:13.657+0300][12872][20264][debug][safepoint] Safepoint synchronization initiated using striped semaphore wait barrier. (19 threads)
[2025-06-18T00:00:13.657+0300][12872][22488][debug][safepoint] ... found polling page loop exception at pc = 0x00000207273653e0, stub =0x0000020726d55280
[2025-06-18T00:00:13.657+0300][12872][22152][debug][safepoint] ... found polling page loop exception at pc = 0x0000020727399d8f, stub =0x0000020726d55280
[2025-06-18T00:00:13.657+0300][12872][17200][debug][safepoint] ... found polling page loop exception at pc = 0x00000207273653e0, stub =0x0000020726d55280
[2025-06-18T00:00:13.657+0300][12872][11992][debug][safepoint] ... found polling page loop exception at pc = 0x000002072736408e, stub =0x0000020726d55b00
[2025-06-18T00:00:13.657+0300][12872][3076 ][debug][safepoint] ... found polling page loop exception at pc = 0x00000207273653e0, stub =0x0000020726d55280
[2025-06-18T00:00:13.657+0300][12872][1872 ][debug][safepoint] ... found polling page loop exception at pc = 0x0000020727386205, stub =0x0000020726d55b00
[2025-06-18T00:00:13.657+0300][12872][2932 ][debug][safepoint] ... found polling page loop exception at pc = 0x00000207273653e0, stub =0x0000020726d55280
[2025-06-18T00:00:13.657+0300][12872][20264][info ][gc,phases] GC(20) Pause Relocate Start 0.009ms
[2025-06-18T00:00:13.657+0300][12872][20264][info ][safepoint] Safepoint "XRelocateStart", Time since last: 17824200 ns, Reaching safepoint: 431700 ns, Cleanup: 5200 ns, At safepoint: 66500 ns, Total: 503400 ns
[2025-06-18T00:00:13.657+0300][12872][18160][info ][gc,phases] GC(20) Concurrent Relocate 1.625ms
[2025-06-18T00:00:13.660+0300][12872][18160][debug][gc,heap  ] GC(20) Heap after GC invocations=21 (full 21):
[2025-06-18T00:00:13.660+0300][12872][18160][debug][gc,heap  ] GC(20)  ZHeap           used 174M, capacity 2048M, max capacity 2048M
[2025-06-18T00:00:13.660+0300][12872][18160][debug][gc,heap  ] GC(20)  Metaspace       used 8521K, committed 9472K, reserved 1114112K
[2025-06-18T00:00:13.660+0300][12872][18160][debug][gc,heap  ] GC(20)   class space    used 857K, committed 1216K, reserved 1048576K
[2025-06-18T00:00:13.660+0300][12872][18160][info ][gc,heap  ] GC(20) Min Capacity: 2048M(100%)
[2025-06-18T00:00:13.660+0300][12872][18160][info ][gc,heap  ] GC(20) Max Capacity: 2048M(100%)
[2025-06-18T00:00:13.660+0300][12872][18160][info ][gc,heap  ] GC(20) Soft Max Capacity: 2048M(100%)
[2025-06-18T00:00:13.660+0300][12872][18160][info ][gc,heap  ] GC(20)                Mark Start          Mark End        Relocate Start      Relocate End           High               Low         
[2025-06-18T00:00:13.660+0300][12872][18160][info ][gc,heap  ] GC(20)  Capacity:     2048M (100%)       2048M (100%)       2048M (100%)       2048M (100%)       2048M (100%)       2048M (100%)   
[2025-06-18T00:00:13.660+0300][12872][18160][info ][gc,heap  ] GC(20)      Free:     1124M (55%)        1046M (51%)        1686M (82%)        1874M (92%)        1874M (92%)        1002M (49%)    
[2025-06-18T00:00:13.660+0300][12872][18160][info ][gc,heap  ] GC(20)      Used:      924M (45%)        1002M (49%)         362M (18%)         174M (8%)         1046M (51%)         174M (8%)     
[2025-06-18T00:00:13.660+0300][12872][18160][info ][gc,heap  ] GC(20)      Live:         -                11M (1%)           11M (1%)           11M (1%)             -                  -          
[2025-06-18T00:00:13.660+0300][12872][18160][info ][gc,heap  ] GC(20) Allocated:         -                78M (4%)          132M (6%)          133M (7%)             -                  -          
[2025-06-18T00:00:13.660+0300][12872][18160][info ][gc,heap  ] GC(20)   Garbage:         -               912M (45%)         218M (11%)          28M (1%)             -                  -          
[2025-06-18T00:00:13.660+0300][12872][18160][info ][gc,heap  ] GC(20) Reclaimed:         -                  -               694M (34%)         883M (43%)            -                  -          
[2025-06-18T00:00:13.660+0300][12872][18160][info ][gc       ] GC(20) Garbage Collection (Allocation Rate) 924M(45%)->174M(8%)
[2025-06-18T00:00:14.002+0300][12872][18160][debug][gc,heap  ] GC(21) Heap before GC invocations=21 (full 21):
[2025-06-18T00:00:14.002+0300][12872][18160][debug][gc,heap  ] GC(21)  ZHeap           used 1236M, capacity 2048M, max capacity 2048M
[2025-06-18T00:00:14.002+0300][12872][18160][debug][gc,heap  ] GC(21)  Metaspace       used 8521K, committed 9472K, reserved 1114112K
[2025-06-18T00:00:14.002+0300][12872][18160][debug][gc,heap  ] GC(21)   class space    used 857K, committed 1216K, reserved 1048576K
[2025-06-18T00:00:14.002+0300][12872][20264][debug][safepoint] Safepoint synchronization initiated using striped semaphore wait barrier. (19 threads)
[2025-06-18T00:00:14.002+0300][12872][22300][debug][safepoint] ... found polling page loop exception at pc = 0x00000207273768c0, stub =0x0000020726d55b00
[2025-06-18T00:00:14.002+0300][12872][1872 ][debug][safepoint] ... found polling page loop exception at pc = 0x000002072740bc2f, stub =0x0000020726d55b00
[2025-06-18T00:00:14.002+0300][12872][3076 ][debug][safepoint] ... found polling page loop exception at pc = 0x00000207273653e0, stub =0x0000020726d55280
[2025-06-18T00:00:14.002+0300][12872][22488][debug][safepoint] ... found polling page loop exception at pc = 0x00000207273653e0, stub =0x0000020726d55280
[2025-06-18T00:00:14.002+0300][12872][22152][debug][safepoint] ... found polling page loop exception at pc = 0x00000207273653e0, stub =0x0000020726d55280
[2025-06-18T00:00:14.002+0300][12872][17200][debug][safepoint] ... found polling page loop exception at pc = 0x00000207273653e0, stub =0x0000020726d55280
[2025-06-18T00:00:14.002+0300][12872][2932 ][debug][safepoint] ... found polling page loop exception at pc = 0x00000207273653e0, stub =0x0000020726d55280
[2025-06-18T00:00:14.002+0300][12872][20264][info ][gc,phases] GC(21) Pause Mark Start 0.011ms
[2025-06-18T00:00:14.002+0300][12872][20264][info ][safepoint] Safepoint "XMarkStart", Time since last: 344202800 ns, Reaching safepoint: 444400 ns, Cleanup: 7200 ns, At safepoint: 72700 ns, Total: 524300 ns
[2025-06-18T00:00:14.014+0300][12872][2932 ][debug][safepoint] ... found polling page loop exception at pc = 0x0000020727399d8f, stub =0x0000020726d55280
[2025-06-18T00:00:14.014+0300][12872][17200][debug][safepoint] ... found polling page loop exception at pc = 0x00000207273a3fbe, stub =0x0000020726d55280
[2025-06-18T00:00:14.014+0300][12872][22300][debug][safepoint] ... found polling page loop exception at pc = 0x00000207273653e0, stub =0x0000020726d55280
[2025-06-18T00:00:14.014+0300][12872][11992][debug][safepoint] ... found polling page loop exception at pc = 0x000002072737074b, stub =0x0000020726d55b00
[2025-06-18T00:00:14.014+0300][12872][22152][debug][safepoint] ... found polling page loop exception at pc = 0x000002072736408e, stub =0x0000020726d55b00
[2025-06-18T00:00:14.014+0300][12872][1872 ][debug][safepoint] ... found polling page loop exception at pc = 0x00000207273e9543, stub =0x0000020726d55280
[2025-06-18T00:00:14.014+0300][12872][22488][debug][safepoint] ... found polling page loop exception at pc = 0x00000207273653e0, stub =0x0000020726d55280
[2025-06-18T00:00:14.016+0300][12872][2932 ][debug][safepoint] ... found polling page loop exception at pc = 0x00000207273653e0, stub =0x0000020726d55280
[2025-06-18T00:00:14.016+0300][12872][22152][debug][safepoint] ... found polling page loop exception at pc = 0x000002072740eb41, stub =0x0000020726d55b00
[2025-06-18T00:00:14.016+0300][12872][17200][debug][safepoint] ... found polling page loop exception at pc = 0x00000207273f8745, stub =0x0000020726d55280
[2025-06-18T00:00:14.016+0300][12872][3076 ][debug][safepoint] ... found polling page loop exception at pc = 0x00000207273653e0, stub =0x0000020726d55280
[2025-06-18T00:00:14.016+0300][12872][22300][debug][safepoint] ... found polling page loop exception at pc = 0x00000207273653e0, stub =0x0000020726d55280
[2025-06-18T00:00:14.034+0300][12872][22152][debug][safepoint] ... found polling page loop exception at pc = 0x0000020727399d8f, stub =0x0000020726d55280
[2025-06-18T00:00:14.034+0300][12872][11992][debug][safepoint] ... found polling page loop exception at pc = 0x000002072737074b, stub =0x0000020726d55b00
[2025-06-18T00:00:14.034+0300][12872][17200][debug][safepoint] ... found polling page loop exception at pc = 0x0000020727456699, stub =0x0000020726d55280
[2025-06-18T00:00:14.034+0300][12872][22300][debug][safepoint] ... found polling page loop exception at pc = 0x00000207273ecfdf, stub =0x0000020726d55280
[2025-06-18T00:00:14.038+0300][12872][22488][debug][safepoint] ... found polling page loop exception at pc = 0x00000207273653e0, stub =0x0000020726d55280
[2025-06-18T00:00:14.050+0300][12872][18160][info ][gc,phases] GC(21) Concurrent Mark 46.970ms
[2025-06-18T00:00:14.050+0300][12872][20264][debug][safepoint] Safepoint synchronization initiated using striped semaphore wait barrier. (19 threads)
[2025-06-18T00:00:14.050+0300][12872][1872 ][debug][safepoint] ... found polling page loop exception at pc = 0x00000207273564c6, stub =0x0000020726d55b00
[2025-06-18T00:00:14.050+0300][12872][22300][debug][safepoint] ... found polling page loop exception at pc = 0x00000207273653e0, stub =0x0000020726d55280
[2025-06-18T00:00:14.050+0300][12872][17200][debug][safepoint] ... found polling page loop exception at pc = 0x00000207273653e0, stub =0x0000020726d55280
[2025-06-18T00:00:14.050+0300][12872][22488][debug][safepoint] ... found polling page loop exception at pc = 0x00000207273653e0, stub =0x0000020726d55280
[2025-06-18T00:00:14.050+0300][12872][2932 ][debug][safepoint] ... found polling page loop exception at pc = 0x00000207273653e0, stub =0x0000020726d55280
[2025-06-18T00:00:14.050+0300][12872][11992][debug][safepoint] ... found polling page loop exception at pc = 0x00000207273653e0, stub =0x0000020726d55280
[2025-06-18T00:00:14.050+0300][12872][20264][info ][gc,phases] GC(21) Pause Mark End 0.015ms
[2025-06-18T00:00:14.050+0300][12872][20264][info ][safepoint] Safepoint "XMarkEnd", Time since last: 47101400 ns, Reaching safepoint: 404400 ns, Cleanup: 6800 ns, At safepoint: 82600 ns, Total: 493800 ns
[2025-06-18T00:00:14.050+0300][12872][18160][info ][gc,phases] GC(21) Concurrent Mark Free 0.001ms
[2025-06-18T00:00:14.050+0300][12872][18160][debug][gc,phases] GC(21) Concurrent References Process 0.152ms
[2025-06-18T00:00:14.050+0300][12872][18160][debug][gc,phases] GC(21) ClassLoaderData 0.017ms
[2025-06-18T00:00:14.050+0300][12872][18160][debug][gc,phases] GC(21) Trigger cleanups 0.001ms
[2025-06-18T00:00:14.056+0300][12872][18160][debug][gc,phases] GC(21) Concurrent Classes Unlink 5.303ms
[2025-06-18T00:00:14.056+0300][12872][2932 ][debug][safepoint] ... found polling page loop exception at pc = 0x00000207273653e0, stub =0x0000020726d55280
[2025-06-18T00:00:14.056+0300][12872][11992][debug][safepoint] ... found polling page loop exception at pc = 0x00000207273653e0, stub =0x0000020726d55280
[2025-06-18T00:00:14.056+0300][12872][17200][debug][safepoint] ... found polling page loop exception at pc = 0x00000207273653e0, stub =0x0000020726d55280
[2025-06-18T00:00:14.056+0300][12872][22300][debug][safepoint] ... found polling page loop exception at pc = 0x00000207273653e0, stub =0x0000020726d55280
[2025-06-18T00:00:14.056+0300][12872][22488][debug][safepoint] ... found polling page loop exception at pc = 0x00000207273653e0, stub =0x0000020726d55280
[2025-06-18T00:00:14.056+0300][12872][3076 ][debug][safepoint] ... found polling page loop exception at pc = 0x00000207273653e0, stub =0x0000020726d55280
[2025-06-18T00:00:14.056+0300][12872][18160][debug][gc,phases] GC(21) Concurrent Classes Purge 0.033ms
[2025-06-18T00:00:14.056+0300][12872][18160][debug][gc,phases] GC(21) Concurrent References Enqueue 0.006ms
[2025-06-18T00:00:14.056+0300][12872][18160][info ][gc,phases] GC(21) Concurrent Process Non-Strong References 6.546ms
[2025-06-18T00:00:14.056+0300][12872][18160][info ][gc,phases] GC(21) Concurrent Reset Relocation Set 0.006ms
[2025-06-18T00:00:14.058+0300][12872][18160][info ][gc,phases] GC(21) Concurrent Select Relocation Set 2.787ms
[2025-06-18T00:00:14.058+0300][12872][20264][debug][safepoint] Safepoint synchronization initiated using striped semaphore wait barrier. (19 threads)
[2025-06-18T00:00:14.058+0300][12872][17200][debug][safepoint] ... found polling page loop exception at pc = 0x00000207273653e0, stub =0x0000020726d55280
[2025-06-18T00:00:14.058+0300][12872][22152][debug][safepoint] ... found polling page loop exception at pc = 0x0000020727386205, stub =0x0000020726d55b00
[2025-06-18T00:00:14.058+0300][12872][22300][debug][safepoint] ... found polling page loop exception at pc = 0x00000207273e1c31, stub =0x0000020726d55b00
[2025-06-18T00:00:14.058+0300][12872][11992][debug][safepoint] ... found polling page loop exception at pc = 0x00000207273653e0, stub =0x0000020726d55280
[2025-06-18T00:00:14.058+0300][12872][20264][info ][gc,phases] GC(21) Pause Relocate Start 0.012ms
[2025-06-18T00:00:14.058+0300][12872][20264][info ][safepoint] Safepoint "XRelocateStart", Time since last: 9561800 ns, Reaching safepoint: 293800 ns, Cleanup: 13300 ns, At safepoint: 87000 ns, Total: 394100 ns
[2025-06-18T00:00:14.062+0300][12872][18160][info ][gc,phases] GC(21) Concurrent Relocate 2.011ms
[2025-06-18T00:00:14.062+0300][12872][18160][debug][gc,heap  ] GC(21) Heap after GC invocations=22 (full 22):
[2025-06-18T00:00:14.062+0300][12872][18160][debug][gc,heap  ] GC(21)  ZHeap           used 188M, capacity 2048M, max capacity 2048M
[2025-06-18T00:00:14.062+0300][12872][18160][debug][gc,heap  ] GC(21)  Metaspace       used 8521K, committed 9472K, reserved 1114112K
[2025-06-18T00:00:14.062+0300][12872][18160][debug][gc,heap  ] GC(21)   class space    used 857K, committed 1216K, reserved 1048576K
[2025-06-18T00:00:14.062+0300][12872][18160][info ][gc,heap  ] GC(21) Min Capacity: 2048M(100%)
[2025-06-18T00:00:14.062+0300][12872][18160][info ][gc,heap  ] GC(21) Max Capacity: 2048M(100%)
[2025-06-18T00:00:14.062+0300][12872][18160][info ][gc,heap  ] GC(21) Soft Max Capacity: 2048M(100%)
[2025-06-18T00:00:14.062+0300][12872][18160][info ][gc,heap  ] GC(21)                Mark Start          Mark End        Relocate Start      Relocate End           High               Low         
[2025-06-18T00:00:14.062+0300][12872][18160][info ][gc,heap  ] GC(21)  Capacity:     2048M (100%)       2048M (100%)       2048M (100%)       2048M (100%)       2048M (100%)       2048M (100%)   
[2025-06-18T00:00:14.062+0300][12872][18160][info ][gc,heap  ] GC(21)      Free:      812M (40%)         698M (34%)        1624M (79%)        1862M (91%)        1864M (91%)         678M (33%)    
[2025-06-18T00:00:14.062+0300][12872][18160][info ][gc,heap  ] GC(21)      Used:     1236M (60%)        1350M (66%)         424M (21%)         186M (9%)         1370M (67%)         184M (9%)     
[2025-06-18T00:00:14.062+0300][12872][18160][info ][gc,heap  ] GC(21)      Live:         -                11M (1%)           11M (1%)           11M (1%)             -                  -          
[2025-06-18T00:00:14.062+0300][12872][18160][info ][gc,heap  ] GC(21) Allocated:         -               114M (6%)          142M (7%)          145M (7%)             -                  -          
[2025-06-18T00:00:14.062+0300][12872][18160][info ][gc,heap  ] GC(21)   Garbage:         -              1224M (60%)         270M (13%)          28M (1%)             -                  -          
[2025-06-18T00:00:14.062+0300][12872][18160][info ][gc,heap  ] GC(21) Reclaimed:         -                  -               954M (47%)        1195M (58%)            -                  -          
[2025-06-18T00:00:14.062+0300][12872][18160][info ][gc       ] GC(21) Garbage Collection (Allocation Rate) 1236M(60%)->186M(9%)
[2025-06-18T00:00:14.508+0300][12872][18160][debug][gc,heap  ] GC(22) Heap before GC invocations=22 (full 22):
[2025-06-18T00:00:14.508+0300][12872][18160][debug][gc,heap  ] GC(22)  ZHeap           used 1582M, capacity 2048M, max capacity 2048M
[2025-06-18T00:00:14.508+0300][12872][18160][debug][gc,heap  ] GC(22)  Metaspace       used 8521K, committed 9472K, reserved 1114112K
[2025-06-18T00:00:14.508+0300][12872][18160][debug][gc,heap  ] GC(22)   class space    used 857K, committed 1216K, reserved 1048576K
[2025-06-18T00:00:14.508+0300][12872][20264][debug][safepoint] Safepoint synchronization initiated using striped semaphore wait barrier. (19 threads)
[2025-06-18T00:00:14.508+0300][12872][22300][debug][safepoint] ... found polling page loop exception at pc = 0x00000207273517fb, stub =0x0000020726d55280
[2025-06-18T00:00:14.508+0300][12872][11992][debug][safepoint] ... found polling page loop exception at pc = 0x00000207273653e0, stub =0x0000020726d55280
[2025-06-18T00:00:14.508+0300][12872][1872 ][debug][safepoint] ... found polling page loop exception at pc = 0x0000020727399d8f, stub =0x0000020726d55280
[2025-06-18T00:00:14.508+0300][12872][3076 ][debug][safepoint] ... found polling page loop exception at pc = 0x00000207273d8d9f, stub =0x0000020726d55b00
[2025-06-18T00:00:14.508+0300][12872][20264][info ][gc,phases] GC(22) Pause Mark Start 0.009ms
[2025-06-18T00:00:14.508+0300][12872][20264][info ][safepoint] Safepoint "XMarkStart", Time since last: 448454900 ns, Reaching safepoint: 308600 ns, Cleanup: 6800 ns, At safepoint: 77100 ns, Total: 392500 ns
[2025-06-18T00:00:14.523+0300][12872][3076 ][debug][safepoint] ... found polling page loop exception at pc = 0x00000207273653e0, stub =0x0000020726d55280
[2025-06-18T00:00:14.523+0300][12872][17200][debug][safepoint] ... found polling page loop exception at pc = 0x00000207273564c6, stub =0x0000020726d55b00
[2025-06-18T00:00:14.523+0300][12872][22300][debug][safepoint] ... found polling page loop exception at pc = 0x0000020727386205, stub =0x0000020726d55b00
[2025-06-18T00:00:14.523+0300][12872][22152][debug][safepoint] ... found polling page loop exception at pc = 0x00000207273653e0, stub =0x0000020726d55280
[2025-06-18T00:00:14.523+0300][12872][22488][debug][safepoint] ... found polling page loop exception at pc = 0x0000020727399d8f, stub =0x0000020726d55280
[2025-06-18T00:00:14.523+0300][12872][2932 ][debug][safepoint] ... found polling page loop exception at pc = 0x00000207273653e0, stub =0x0000020726d55280
[2025-06-18T00:00:14.523+0300][12872][2932 ][debug][safepoint] ... found polling page loop exception at pc = 0x0000020727399d8f, stub =0x0000020726d55280
[2025-06-18T00:00:14.523+0300][12872][17200][debug][safepoint] ... found polling page loop exception at pc = 0x000002072744aa1e, stub =0x0000020726d55b00
[2025-06-18T00:00:14.523+0300][12872][22488][debug][safepoint] ... found polling page loop exception at pc = 0x00000207273653e0, stub =0x0000020726d55280
[2025-06-18T00:00:14.523+0300][12872][22300][debug][safepoint] ... found polling page loop exception at pc = 0x0000020727356360, stub =0x0000020726d55b00
[2025-06-18T00:00:14.523+0300][12872][1872 ][debug][safepoint] ... found polling page loop exception at pc = 0x00000207273653e0, stub =0x0000020726d55280
[2025-06-18T00:00:14.523+0300][12872][3076 ][debug][safepoint] ... found polling page loop exception at pc = 0x00000207273653e0, stub =0x0000020726d55280
[2025-06-18T00:00:14.524+0300][12872][2932 ][debug][safepoint] ... found polling page loop exception at pc = 0x00000207273564c6, stub =0x0000020726d55b00
[2025-06-18T00:00:14.524+0300][12872][22488][debug][safepoint] ... found polling page loop exception at pc = 0x00000207273653e0, stub =0x0000020726d55280
[2025-06-18T00:00:14.524+0300][12872][1872 ][debug][safepoint] ... found polling page loop exception at pc = 0x00000207273653e0, stub =0x0000020726d55280
[2025-06-18T00:00:14.524+0300][12872][17200][debug][safepoint] ... found polling page loop exception at pc = 0x00000207273653e0, stub =0x0000020726d55280
[2025-06-18T00:00:14.524+0300][12872][3076 ][debug][safepoint] ... found polling page loop exception at pc = 0x000002072739444b, stub =0x0000020726d55280
[2025-06-18T00:00:14.524+0300][12872][22300][debug][safepoint] ... found polling page loop exception at pc = 0x00000207273653e0, stub =0x0000020726d55280
[2025-06-18T00:00:14.524+0300][12872][11992][debug][safepoint] ... found polling page loop exception at pc = 0x00000207273653e0, stub =0x0000020726d55280
[2025-06-18T00:00:14.540+0300][12872][18160][info ][gc,phases] GC(22) Concurrent Mark 31.164ms
[2025-06-18T00:00:14.540+0300][12872][20264][debug][safepoint] Safepoint synchronization initiated using striped semaphore wait barrier. (19 threads)
[2025-06-18T00:00:14.540+0300][12872][22152][debug][safepoint] ... found polling page loop exception at pc = 0x00000207273653e0, stub =0x0000020726d55280
[2025-06-18T00:00:14.540+0300][12872][3076 ][debug][safepoint] ... found polling page loop exception at pc = 0x0000020727399d8f, stub =0x0000020726d55280
[2025-06-18T00:00:14.540+0300][12872][1872 ][debug][safepoint] ... found polling page loop exception at pc = 0x00000207273653e0, stub =0x0000020726d55280
[2025-06-18T00:00:14.540+0300][12872][22488][debug][safepoint] ... found polling page loop exception at pc = 0x00000207273653e0, stub =0x0000020726d55280
[2025-06-18T00:00:14.540+0300][12872][2932 ][debug][safepoint] ... found polling page loop exception at pc = 0x00000207273f8903, stub =0x0000020726d55280
[2025-06-18T00:00:14.540+0300][12872][20264][info ][gc,phases] GC(22) Pause Mark End 0.019ms
[2025-06-18T00:00:14.540+0300][12872][20264][info ][safepoint] Safepoint "XMarkEnd", Time since last: 31301700 ns, Reaching safepoint: 365100 ns, Cleanup: 6800 ns, At safepoint: 103900 ns, Total: 475800 ns
[2025-06-18T00:00:14.540+0300][12872][18160][info ][gc,phases] GC(22) Concurrent Mark Free 0.001ms
[2025-06-18T00:00:14.540+0300][12872][18160][debug][gc,phases] GC(22) Concurrent References Process 0.200ms
[2025-06-18T00:00:14.540+0300][12872][18160][debug][gc,phases] GC(22) ClassLoaderData 0.017ms
[2025-06-18T00:00:14.540+0300][12872][18160][debug][gc,phases] GC(22) Trigger cleanups 0.001ms
[2025-06-18T00:00:14.547+0300][12872][18160][debug][gc,phases] GC(22) Concurrent Classes Unlink 5.433ms
[2025-06-18T00:00:14.547+0300][12872][1872 ][debug][safepoint] ... found polling page loop exception at pc = 0x00000207273a3d3c, stub =0x0000020726d55280
[2025-06-18T00:00:14.547+0300][12872][17200][debug][safepoint] ... found polling page loop exception at pc = 0x00000207273564c6, stub =0x0000020726d55b00
[2025-06-18T00:00:14.547+0300][12872][22488][debug][safepoint] ... found polling page loop exception at pc = 0x00000207273653e0, stub =0x0000020726d55280
[2025-06-18T00:00:14.547+0300][12872][11992][debug][safepoint] ... found polling page loop exception at pc = 0x00000207273653e0, stub =0x0000020726d55280
[2025-06-18T00:00:14.547+0300][12872][22300][debug][safepoint] ... found polling page loop exception at pc = 0x00000207273653e0, stub =0x0000020726d55280
[2025-06-18T00:00:14.549+0300][12872][18160][debug][gc,phases] GC(22) Concurrent Classes Purge 0.041ms
[2025-06-18T00:00:14.549+0300][12872][18160][debug][gc,phases] GC(22) Concurrent References Enqueue 0.007ms
[2025-06-18T00:00:14.549+0300][12872][18160][info ][gc,phases] GC(22) Concurrent Process Non-Strong References 8.781ms
[2025-06-18T00:00:14.549+0300][12872][18160][info ][gc,phases] GC(22) Concurrent Reset Relocation Set 0.008ms
[2025-06-18T00:00:14.551+0300][12872][18160][info ][gc,phases] GC(22) Concurrent Select Relocation Set 2.634ms
[2025-06-18T00:00:14.551+0300][12872][20264][debug][safepoint] Safepoint synchronization initiated using striped semaphore wait barrier. (19 threads)
[2025-06-18T00:00:14.551+0300][12872][17200][debug][safepoint] ... found polling page loop exception at pc = 0x0000020727399d8f, stub =0x0000020726d55280
[2025-06-18T00:00:14.551+0300][12872][11992][debug][safepoint] ... found polling page loop exception at pc = 0x00000207273653e0, stub =0x0000020726d55280
[2025-06-18T00:00:14.551+0300][12872][1872 ][debug][safepoint] ... found polling page loop exception at pc = 0x00000207273653e0, stub =0x0000020726d55280
[2025-06-18T00:00:14.551+0300][12872][2932 ][debug][safepoint] ... found polling page loop exception at pc = 0x00000207273653e0, stub =0x0000020726d55280
[2025-06-18T00:00:14.553+0300][12872][20264][info ][gc,phases] GC(22) Pause Relocate Start 0.009ms
[2025-06-18T00:00:14.553+0300][12872][20264][info ][safepoint] Safepoint "XRelocateStart", Time since last: 11615200 ns, Reaching safepoint: 257600 ns, Cleanup: 4500 ns, At safepoint: 71600 ns, Total: 333700 ns
[2025-06-18T00:00:14.555+0300][12872][18160][info ][gc,phases] GC(22) Concurrent Relocate 1.713ms
[2025-06-18T00:00:14.555+0300][12872][18160][debug][gc,heap  ] GC(22) Heap after GC invocations=23 (full 23):
[2025-06-18T00:00:14.555+0300][12872][18160][debug][gc,heap  ] GC(22)  ZHeap           used 142M, capacity 2048M, max capacity 2048M
[2025-06-18T00:00:14.555+0300][12872][18160][debug][gc,heap  ] GC(22)  Metaspace       used 8521K, committed 9472K, reserved 1114112K
[2025-06-18T00:00:14.555+0300][12872][18160][debug][gc,heap  ] GC(22)   class space    used 857K, committed 1216K, reserved 1048576K
[2025-06-18T00:00:14.555+0300][12872][18160][info ][gc,heap  ] GC(22) Min Capacity: 2048M(100%)
[2025-06-18T00:00:14.555+0300][12872][18160][info ][gc,heap  ] GC(22) Max Capacity: 2048M(100%)
[2025-06-18T00:00:14.555+0300][12872][18160][info ][gc,heap  ] GC(22) Soft Max Capacity: 2048M(100%)
[2025-06-18T00:00:14.555+0300][12872][18160][info ][gc,heap  ] GC(22)                Mark Start          Mark End        Relocate Start      Relocate End           High               Low         
[2025-06-18T00:00:14.555+0300][12872][18160][info ][gc,heap  ] GC(22)  Capacity:     2048M (100%)       2048M (100%)       2048M (100%)       2048M (100%)       2048M (100%)       2048M (100%)   
[2025-06-18T00:00:14.555+0300][12872][18160][info ][gc,heap  ] GC(22)      Free:      466M (23%)         396M (19%)        1622M (79%)        1906M (93%)        1906M (93%)         376M (18%)    
[2025-06-18T00:00:14.555+0300][12872][18160][info ][gc,heap  ] GC(22)      Used:     1582M (77%)        1652M (81%)         426M (21%)         142M (7%)         1672M (82%)         142M (7%)     
[2025-06-18T00:00:14.555+0300][12872][18160][info ][gc,heap  ] GC(22)      Live:         -                11M (1%)           11M (1%)           11M (1%)             -                  -          
[2025-06-18T00:00:14.555+0300][12872][18160][info ][gc,heap  ] GC(22) Allocated:         -                70M (3%)           96M (5%)          101M (5%)             -                  -          
[2025-06-18T00:00:14.555+0300][12872][18160][info ][gc,heap  ] GC(22)   Garbage:         -              1570M (77%)         318M (16%)          28M (1%)             -                  -          
[2025-06-18T00:00:14.555+0300][12872][18160][info ][gc,heap  ] GC(22) Reclaimed:         -                  -              1252M (61%)        1541M (75%)            -                  -          
[2025-06-18T00:00:14.555+0300][12872][18160][info ][gc       ] GC(22) Garbage Collection (Allocation Rate) 1582M(77%)->142M(7%)
[2025-06-18T00:00:15.000+0300][12872][18160][debug][gc,heap  ] GC(23) Heap before GC invocations=23 (full 23):
[2025-06-18T00:00:15.000+0300][12872][18160][debug][gc,heap  ] GC(23)  ZHeap           used 1486M, capacity 2048M, max capacity 2048M
[2025-06-18T00:00:15.000+0300][12872][18160][debug][gc,heap  ] GC(23)  Metaspace       used 8521K, committed 9472K, reserved 1114112K
[2025-06-18T00:00:15.000+0300][12872][18160][debug][gc,heap  ] GC(23)   class space    used 857K, committed 1216K, reserved 1048576K
[2025-06-18T00:00:15.000+0300][12872][20264][debug][safepoint] Safepoint synchronization initiated using striped semaphore wait barrier. (19 threads)
[2025-06-18T00:00:15.000+0300][12872][2932 ][debug][safepoint] ... found polling page loop exception at pc = 0x00000207273653e0, stub =0x0000020726d55280
[2025-06-18T00:00:15.000+0300][12872][22300][debug][safepoint] ... found polling page loop exception at pc = 0x000002072736408e, stub =0x0000020726d55b00
[2025-06-18T00:00:15.000+0300][12872][17200][debug][safepoint] ... found polling page loop exception at pc = 0x00000207273653e0, stub =0x0000020726d55280
[2025-06-18T00:00:15.000+0300][12872][3076 ][debug][safepoint] ... found polling page loop exception at pc = 0x0000020727399d8f, stub =0x0000020726d55280
[2025-06-18T00:00:15.000+0300][12872][22152][debug][safepoint] ... found polling page loop exception at pc = 0x00000207273653e0, stub =0x0000020726d55280
[2025-06-18T00:00:15.000+0300][12872][11992][debug][safepoint] ... found polling page loop exception at pc = 0x00000207273653e0, stub =0x0000020726d55280
[2025-06-18T00:00:15.000+0300][12872][22488][debug][safepoint] ... found polling page loop exception at pc = 0x00000207273653e0, stub =0x0000020726d55280
[2025-06-18T00:00:15.000+0300][12872][20264][info ][gc,phases] GC(23) Pause Mark Start 0.009ms
[2025-06-18T00:00:15.000+0300][12872][20264][info ][safepoint] Safepoint "XMarkStart", Time since last: 447214800 ns, Reaching safepoint: 456900 ns, Cleanup: 7500 ns, At safepoint: 78500 ns, Total: 542900 ns
[2025-06-18T00:00:15.016+0300][12872][1872 ][debug][safepoint] ... found polling page loop exception at pc = 0x00000207273653e0, stub =0x0000020726d55280
[2025-06-18T00:00:15.016+0300][12872][3076 ][debug][safepoint] ... found polling page loop exception at pc = 0x00000207273564c6, stub =0x0000020726d55b00
[2025-06-18T00:00:15.016+0300][12872][11992][debug][safepoint] ... found polling page loop exception at pc = 0x00000207273653e0, stub =0x0000020726d55280
[2025-06-18T00:00:15.016+0300][12872][17200][debug][safepoint] ... found polling page loop exception at pc = 0x00000207273653e0, stub =0x0000020726d55280
[2025-06-18T00:00:15.016+0300][12872][22152][debug][safepoint] ... found polling page loop exception at pc = 0x00000207273653e0, stub =0x0000020726d55280
[2025-06-18T00:00:15.016+0300][12872][3076 ][debug][safepoint] ... found polling page loop exception at pc = 0x00000207273653e0, stub =0x0000020726d55280
[2025-06-18T00:00:15.016+0300][12872][11992][debug][safepoint] ... found polling page loop exception at pc = 0x00000207273653e0, stub =0x0000020726d55280
[2025-06-18T00:00:15.016+0300][12872][17200][debug][safepoint] ... found polling page loop exception at pc = 0x00000207273653e0, stub =0x0000020726d55280
[2025-06-18T00:00:15.016+0300][12872][1872 ][debug][safepoint] ... found polling page loop exception at pc = 0x00000207273653e0, stub =0x0000020726d55280
[2025-06-18T00:00:15.016+0300][12872][22152][debug][safepoint] ... found polling page loop exception at pc = 0x00000207273653e0, stub =0x0000020726d55280
[2025-06-18T00:00:15.016+0300][12872][2932 ][debug][safepoint] ... found polling page loop exception at pc = 0x00000207273653e0, stub =0x0000020726d55280
[2025-06-18T00:00:15.016+0300][12872][22300][debug][safepoint] ... found polling page loop exception at pc = 0x000002072737074b, stub =0x0000020726d55b00
[2025-06-18T00:00:15.016+0300][12872][11992][debug][safepoint] ... found polling page loop exception at pc = 0x00000207273653e0, stub =0x0000020726d55280
[2025-06-18T00:00:15.016+0300][12872][3076 ][debug][safepoint] ... found polling page loop exception at pc = 0x00000207273768c0, stub =0x0000020726d55b00
[2025-06-18T00:00:15.016+0300][12872][22152][debug][safepoint] ... found polling page loop exception at pc = 0x00000207273653e0, stub =0x0000020726d55280
[2025-06-18T00:00:15.016+0300][12872][22300][debug][safepoint] ... found polling page loop exception at pc = 0x00000207273ecfdf, stub =0x0000020726d55280
[2025-06-18T00:00:15.016+0300][12872][2932 ][debug][safepoint] ... found polling page loop exception at pc = 0x00000207273653e0, stub =0x0000020726d55280
[2025-06-18T00:00:15.016+0300][12872][1872 ][debug][safepoint] ... found polling page loop exception at pc = 0x00000207273653e0, stub =0x0000020726d55280
[2025-06-18T00:00:15.032+0300][12872][18160][info ][gc,phases] GC(23) Concurrent Mark 31.198ms
[2025-06-18T00:00:15.032+0300][12872][20264][debug][safepoint] Safepoint synchronization initiated using striped semaphore wait barrier. (19 threads)
[2025-06-18T00:00:15.032+0300][12872][3076 ][debug][safepoint] ... found polling page loop exception at pc = 0x00000207273653e0, stub =0x0000020726d55280
[2025-06-18T00:00:15.032+0300][12872][22300][debug][safepoint] ... found polling page loop exception at pc = 0x00000207273653e0, stub =0x0000020726d55280
[2025-06-18T00:00:15.032+0300][12872][17200][debug][safepoint] ... found polling page loop exception at pc = 0x00000207273653e0, stub =0x0000020726d55280
[2025-06-18T00:00:15.032+0300][12872][11992][debug][safepoint] ... found polling page loop exception at pc = 0x00000207273653e0, stub =0x0000020726d55280
[2025-06-18T00:00:15.032+0300][12872][22152][debug][safepoint] ... found polling page loop exception at pc = 0x00000207273653e0, stub =0x0000020726d55280
[2025-06-18T00:00:15.032+0300][12872][1872 ][debug][safepoint] ... found polling page loop exception at pc = 0x000002072736408e, stub =0x0000020726d55b00
[2025-06-18T00:00:15.032+0300][12872][20264][info ][gc,phases] GC(23) Pause Mark End 0.022ms
[2025-06-18T00:00:15.032+0300][12872][20264][info ][safepoint] Safepoint "XMarkEnd", Time since last: 31330000 ns, Reaching safepoint: 402600 ns, Cleanup: 7200 ns, At safepoint: 100300 ns, Total: 510100 ns
[2025-06-18T00:00:15.032+0300][12872][18160][info ][gc,phases] GC(23) Concurrent Mark Free 0.001ms
[2025-06-18T00:00:15.032+0300][12872][18160][debug][gc,phases] GC(23) Concurrent References Process 0.203ms
[2025-06-18T00:00:15.032+0300][12872][18160][debug][gc,phases] GC(23) ClassLoaderData 0.018ms
[2025-06-18T00:00:15.032+0300][12872][18160][debug][gc,phases] GC(23) Trigger cleanups 0.001ms
[2025-06-18T00:00:15.038+0300][12872][18160][debug][gc,phases] GC(23) Concurrent Classes Unlink 5.602ms
[2025-06-18T00:00:15.038+0300][12872][11992][debug][safepoint] ... found polling page loop exception at pc = 0x00000207273653e0, stub =0x0000020726d55280
[2025-06-18T00:00:15.038+0300][12872][22300][debug][safepoint] ... found polling page loop exception at pc = 0x00000207273653e0, stub =0x0000020726d55280
[2025-06-18T00:00:15.038+0300][12872][22488][debug][safepoint] ... found polling page loop exception at pc = 0x00000207273653e0, stub =0x0000020726d55280
[2025-06-18T00:00:15.038+0300][12872][17200][debug][safepoint] ... found polling page loop exception at pc = 0x00000207273653e0, stub =0x0000020726d55280
[2025-06-18T00:00:15.048+0300][12872][18160][debug][gc,phases] GC(23) Concurrent Classes Purge 0.043ms
[2025-06-18T00:00:15.048+0300][12872][18160][debug][gc,phases] GC(23) Concurrent References Enqueue 0.007ms
[2025-06-18T00:00:15.048+0300][12872][18160][info ][gc,phases] GC(23) Concurrent Process Non-Strong References 15.425ms
[2025-06-18T00:00:15.048+0300][12872][18160][info ][gc,phases] GC(23) Concurrent Reset Relocation Set 0.011ms
[2025-06-18T00:00:15.050+0300][12872][18160][info ][gc,phases] GC(23) Concurrent Select Relocation Set 2.916ms
[2025-06-18T00:00:15.050+0300][12872][20264][debug][safepoint] Safepoint synchronization initiated using striped semaphore wait barrier. (19 threads)
[2025-06-18T00:00:15.050+0300][12872][17200][debug][safepoint] ... found polling page loop exception at pc = 0x00000207273768c0, stub =0x0000020726d55b00
[2025-06-18T00:00:15.050+0300][12872][22152][debug][safepoint] ... found polling page loop exception at pc = 0x00000207273653e0, stub =0x0000020726d55280
[2025-06-18T00:00:15.050+0300][12872][11992][debug][safepoint] ... found polling page loop exception at pc = 0x00000207273564c6, stub =0x0000020726d55b00
[2025-06-18T00:00:15.050+0300][12872][2932 ][debug][safepoint] ... found polling page loop exception at pc = 0x00000207273653e0, stub =0x0000020726d55280
[2025-06-18T00:00:15.050+0300][12872][22300][debug][safepoint] ... found polling page loop exception at pc = 0x00000207273653e0, stub =0x0000020726d55280
[2025-06-18T00:00:15.050+0300][12872][3076 ][debug][safepoint] ... found polling page loop exception at pc = 0x00000207273653e0, stub =0x0000020726d55280
[2025-06-18T00:00:15.050+0300][12872][22488][debug][safepoint] ... found polling page loop exception at pc = 0x000002072736581d, stub =0x0000020726d55280
[2025-06-18T00:00:15.050+0300][12872][1872 ][debug][safepoint] ... found polling page loop exception at pc = 0x00000207273564c6, stub =0x0000020726d55b00
[2025-06-18T00:00:15.050+0300][12872][20264][info ][gc,phases] GC(23) Pause Relocate Start 0.009ms
[2025-06-18T00:00:15.050+0300][12872][20264][info ][safepoint] Safepoint "XRelocateStart", Time since last: 18574900 ns, Reaching safepoint: 429900 ns, Cleanup: 5500 ns, At safepoint: 76100 ns, Total: 511500 ns
[2025-06-18T00:00:15.054+0300][12872][18160][info ][gc,phases] GC(23) Concurrent Relocate 2.718ms
[2025-06-18T00:00:15.054+0300][12872][18160][debug][gc,heap  ] GC(23) Heap after GC invocations=24 (full 24):
[2025-06-18T00:00:15.054+0300][12872][18160][debug][gc,heap  ] GC(23)  ZHeap           used 194M, capacity 2048M, max capacity 2048M
[2025-06-18T00:00:15.054+0300][12872][18160][debug][gc,heap  ] GC(23)  Metaspace       used 8523K, committed 9472K, reserved 1114112K
[2025-06-18T00:00:15.054+0300][12872][18160][debug][gc,heap  ] GC(23)   class space    used 857K, committed 1216K, reserved 1048576K
[2025-06-18T00:00:15.054+0300][12872][18160][info ][gc,heap  ] GC(23) Min Capacity: 2048M(100%)
[2025-06-18T00:00:15.054+0300][12872][18160][info ][gc,heap  ] GC(23) Max Capacity: 2048M(100%)
[2025-06-18T00:00:15.054+0300][12872][18160][info ][gc,heap  ] GC(23) Soft Max Capacity: 2048M(100%)
[2025-06-18T00:00:15.054+0300][12872][18160][info ][gc,heap  ] GC(23)                Mark Start          Mark End        Relocate Start      Relocate End           High               Low         
[2025-06-18T00:00:15.054+0300][12872][18160][info ][gc,heap  ] GC(23)  Capacity:     2048M (100%)       2048M (100%)       2048M (100%)       2048M (100%)       2048M (100%)       2048M (100%)   
[2025-06-18T00:00:15.054+0300][12872][18160][info ][gc,heap  ] GC(23)      Free:      562M (27%)         462M (23%)        1576M (77%)        1854M (91%)        1856M (91%)         418M (20%)    
[2025-06-18T00:00:15.054+0300][12872][18160][info ][gc,heap  ] GC(23)      Used:     1486M (73%)        1586M (77%)         472M (23%)         194M (9%)         1630M (80%)         192M (9%)     
[2025-06-18T00:00:15.054+0300][12872][18160][info ][gc,heap  ] GC(23)      Live:         -                11M (1%)           11M (1%)           11M (1%)             -                  -          
[2025-06-18T00:00:15.054+0300][12872][18160][info ][gc,heap  ] GC(23) Allocated:         -               100M (5%)          148M (7%)          153M (8%)             -                  -          
[2025-06-18T00:00:15.054+0300][12872][18160][info ][gc,heap  ] GC(23)   Garbage:         -              1474M (72%)         312M (15%)          28M (1%)             -                  -          
[2025-06-18T00:00:15.054+0300][12872][18160][info ][gc,heap  ] GC(23) Reclaimed:         -                  -              1162M (57%)        1445M (71%)            -                  -          
[2025-06-18T00:00:15.054+0300][12872][18160][info ][gc       ] GC(23) Garbage Collection (Allocation Rate) 1486M(73%)->194M(9%)
[2025-06-18T00:00:15.512+0300][12872][18160][debug][gc,heap  ] GC(24) Heap before GC invocations=24 (full 24):
[2025-06-18T00:00:15.512+0300][12872][18160][debug][gc,heap  ] GC(24)  ZHeap           used 1452M, capacity 2048M, max capacity 2048M
[2025-06-18T00:00:15.512+0300][12872][18160][debug][gc,heap  ] GC(24)  Metaspace       used 8523K, committed 9472K, reserved 1114112K
[2025-06-18T00:00:15.512+0300][12872][18160][debug][gc,heap  ] GC(24)   class space    used 857K, committed 1216K, reserved 1048576K
[2025-06-18T00:00:15.512+0300][12872][20264][debug][safepoint] Safepoint synchronization initiated using striped semaphore wait barrier. (19 threads)
[2025-06-18T00:00:15.512+0300][12872][2932 ][debug][safepoint] ... found polling page loop exception at pc = 0x00000207273653e0, stub =0x0000020726d55280
[2025-06-18T00:00:15.512+0300][12872][22152][debug][safepoint] ... found polling page loop exception at pc = 0x000002072736408e, stub =0x0000020726d55b00
[2025-06-18T00:00:15.512+0300][12872][22488][debug][safepoint] ... found polling page loop exception at pc = 0x0000020727356360, stub =0x0000020726d55b00
[2025-06-18T00:00:15.512+0300][12872][20264][info ][gc,phases] GC(24) Pause Mark Start 0.010ms
[2025-06-18T00:00:15.512+0300][12872][20264][info ][safepoint] Safepoint "XMarkStart", Time since last: 460840900 ns, Reaching safepoint: 279900 ns, Cleanup: 15600 ns, At safepoint: 78700 ns, Total: 374200 ns
[2025-06-18T00:00:15.528+0300][12872][17200][debug][safepoint] ... found polling page loop exception at pc = 0x00000207273564c6, stub =0x0000020726d55b00
[2025-06-18T00:00:15.528+0300][12872][1872 ][debug][safepoint] ... found polling page loop exception at pc = 0x00000207273653e0, stub =0x0000020726d55280
[2025-06-18T00:00:15.528+0300][12872][22300][debug][safepoint] ... found polling page loop exception at pc = 0x00000207273653e0, stub =0x0000020726d55280
[2025-06-18T00:00:15.528+0300][12872][11992][debug][safepoint] ... found polling page loop exception at pc = 0x00000207273653e0, stub =0x0000020726d55280
[2025-06-18T00:00:15.528+0300][12872][22152][debug][safepoint] ... found polling page loop exception at pc = 0x00000207273564c6, stub =0x0000020726d55b00
[2025-06-18T00:00:15.528+0300][12872][3076 ][debug][safepoint] ... found polling page loop exception at pc = 0x000002072735d04c, stub =0x0000020726d55b00
[2025-06-18T00:00:15.528+0300][12872][2932 ][debug][safepoint] ... found polling page loop exception at pc = 0x00000207273653e0, stub =0x0000020726d55280
[2025-06-18T00:00:15.528+0300][12872][22488][debug][safepoint] ... found polling page loop exception at pc = 0x00000207273653e0, stub =0x0000020726d55280
[2025-06-18T00:00:15.528+0300][12872][22152][debug][safepoint] ... found polling page loop exception at pc = 0x000002072736408e, stub =0x0000020726d55b00
[2025-06-18T00:00:15.528+0300][12872][2932 ][debug][safepoint] ... found polling page loop exception at pc = 0x00000207273653e0, stub =0x0000020726d55280
[2025-06-18T00:00:15.528+0300][12872][22488][debug][safepoint] ... found polling page loop exception at pc = 0x00000207273653e0, stub =0x0000020726d55280
[2025-06-18T00:00:15.528+0300][12872][1872 ][debug][safepoint] ... found polling page loop exception at pc = 0x00000207273653e0, stub =0x0000020726d55280
[2025-06-18T00:00:15.528+0300][12872][1872 ][debug][safepoint] ... found polling page loop exception at pc = 0x00000207273653e0, stub =0x0000020726d55280
[2025-06-18T00:00:15.528+0300][12872][22488][debug][safepoint] ... found polling page loop exception at pc = 0x00000207273653e0, stub =0x0000020726d55280
[2025-06-18T00:00:15.528+0300][12872][22152][debug][safepoint] ... found polling page loop exception at pc = 0x000002072735d04c, stub =0x0000020726d55b00
[2025-06-18T00:00:15.528+0300][12872][3076 ][debug][safepoint] ... found polling page loop exception at pc = 0x00000207273653e0, stub =0x0000020726d55280
[2025-06-18T00:00:15.528+0300][12872][22300][debug][safepoint] ... found polling page loop exception at pc = 0x00000207273517fb, stub =0x0000020726d55280
[2025-06-18T00:00:15.528+0300][12872][11992][debug][safepoint] ... found polling page loop exception at pc = 0x00000207273653e0, stub =0x0000020726d55280
[2025-06-18T00:00:15.530+0300][12872][1872 ][debug][safepoint] ... found polling page loop exception at pc = 0x0000020727356360, stub =0x0000020726d55b00
[2025-06-18T00:00:15.530+0300][12872][2932 ][debug][safepoint] ... found polling page loop exception at pc = 0x00000207273653e0, stub =0x0000020726d55280
[2025-06-18T00:00:15.530+0300][12872][22488][debug][safepoint] ... found polling page loop exception at pc = 0x0000020727399d8f, stub =0x0000020726d55280
[2025-06-18T00:00:15.530+0300][12872][22152][debug][safepoint] ... found polling page loop exception at pc = 0x00000207273653e0, stub =0x0000020726d55280
[2025-06-18T00:00:15.530+0300][12872][22300][debug][safepoint] ... found polling page loop exception at pc = 0x00000207273653e0, stub =0x0000020726d55280
[2025-06-18T00:00:15.530+0300][12872][3076 ][debug][safepoint] ... found polling page loop exception at pc = 0x000002072736408e, stub =0x0000020726d55b00
[2025-06-18T00:00:15.532+0300][12872][18160][info ][gc,phases] GC(24) Concurrent Mark 21.038ms
[2025-06-18T00:00:15.532+0300][12872][20264][debug][safepoint] Safepoint synchronization initiated using striped semaphore wait barrier. (19 threads)
[2025-06-18T00:00:15.532+0300][12872][22152][debug][safepoint] ... found polling page loop exception at pc = 0x00000207273653e0, stub =0x0000020726d55280
[2025-06-18T00:00:15.532+0300][12872][1872 ][debug][safepoint] ... found polling page loop exception at pc = 0x00000207273653e0, stub =0x0000020726d55280
[2025-06-18T00:00:15.532+0300][12872][11992][debug][safepoint] ... found polling page loop exception at pc = 0x00000207273653e0, stub =0x0000020726d55280
[2025-06-18T00:00:15.532+0300][12872][2932 ][debug][safepoint] ... found polling page loop exception at pc = 0x00000207273653e0, stub =0x0000020726d55280
[2025-06-18T00:00:15.532+0300][12872][3076 ][debug][safepoint] ... found polling page loop exception at pc = 0x00000207273653e0, stub =0x0000020726d55280
[2025-06-18T00:00:15.534+0300][12872][20264][info ][gc,phases] GC(24) Pause Mark End 0.015ms
[2025-06-18T00:00:15.534+0300][12872][20264][info ][safepoint] Safepoint "XMarkEnd", Time since last: 21152000 ns, Reaching safepoint: 396500 ns, Cleanup: 13100 ns, At safepoint: 81200 ns, Total: 490800 ns
[2025-06-18T00:00:15.534+0300][12872][18160][info ][gc,phases] GC(24) Concurrent Mark Free 0.001ms
[2025-06-18T00:00:15.534+0300][12872][18160][debug][gc,phases] GC(24) Concurrent References Process 0.171ms
[2025-06-18T00:00:15.534+0300][12872][18160][debug][gc,phases] GC(24) ClassLoaderData 0.019ms
[2025-06-18T00:00:15.534+0300][12872][18160][debug][gc,phases] GC(24) Trigger cleanups 0.001ms
[2025-06-18T00:00:15.540+0300][12872][18160][debug][gc,phases] GC(24) Concurrent Classes Unlink 5.458ms
[2025-06-18T00:00:15.540+0300][12872][22488][debug][safepoint] ... found polling page loop exception at pc = 0x000002072737074b, stub =0x0000020726d55b00
[2025-06-18T00:00:15.540+0300][12872][2932 ][debug][safepoint] ... found polling page loop exception at pc = 0x00000207273653e0, stub =0x0000020726d55280
[2025-06-18T00:00:15.540+0300][12872][3076 ][debug][safepoint] ... found polling page loop exception at pc = 0x00000207273653e0, stub =0x0000020726d55280
[2025-06-18T00:00:15.540+0300][12872][22152][debug][safepoint] ... found polling page loop exception at pc = 0x00000207273653e0, stub =0x0000020726d55280
[2025-06-18T00:00:15.540+0300][12872][1872 ][debug][safepoint] ... found polling page loop exception at pc = 0x00000207273653e0, stub =0x0000020726d55280
[2025-06-18T00:00:15.540+0300][12872][22300][debug][safepoint] ... found polling page loop exception at pc = 0x00000207273653e0, stub =0x0000020726d55280
[2025-06-18T00:00:15.540+0300][12872][17200][debug][safepoint] ... found polling page loop exception at pc = 0x00000207273653e0, stub =0x0000020726d55280
[2025-06-18T00:00:15.544+0300][12872][18160][debug][gc,phases] GC(24) Concurrent Classes Purge 0.020ms
[2025-06-18T00:00:15.544+0300][12872][18160][debug][gc,phases] GC(24) Concurrent References Enqueue 0.009ms
[2025-06-18T00:00:15.544+0300][12872][18160][info ][gc,phases] GC(24) Concurrent Process Non-Strong References 9.629ms
[2025-06-18T00:00:15.544+0300][12872][18160][info ][gc,phases] GC(24) Concurrent Reset Relocation Set 0.010ms
[2025-06-18T00:00:15.546+0300][12872][18160][info ][gc,phases] GC(24) Concurrent Select Relocation Set 2.685ms
[2025-06-18T00:00:15.546+0300][12872][20264][debug][safepoint] Safepoint synchronization initiated using striped semaphore wait barrier. (19 threads)
[2025-06-18T00:00:15.546+0300][12872][22152][debug][safepoint] ... found polling page loop exception at pc = 0x00000207273768c0, stub =0x0000020726d55b00
[2025-06-18T00:00:15.546+0300][12872][22300][debug][safepoint] ... found polling page loop exception at pc = 0x00000207273653e0, stub =0x0000020726d55280
[2025-06-18T00:00:15.546+0300][12872][17200][debug][safepoint] ... found polling page loop exception at pc = 0x00000207273653e0, stub =0x0000020726d55280
[2025-06-18T00:00:15.546+0300][12872][11992][debug][safepoint] ... found polling page loop exception at pc = 0x00000207273653e0, stub =0x0000020726d55280
[2025-06-18T00:00:15.546+0300][12872][22488][debug][safepoint] ... found polling page loop exception at pc = 0x00000207273653e0, stub =0x0000020726d55280
[2025-06-18T00:00:15.546+0300][12872][2932 ][debug][safepoint] ... found polling page loop exception at pc = 0x00000207273653e0, stub =0x0000020726d55280
[2025-06-18T00:00:15.546+0300][12872][1872 ][debug][safepoint] ... found polling page loop exception at pc = 0x00000207273653e0, stub =0x0000020726d55280
[2025-06-18T00:00:15.546+0300][12872][20264][info ][gc,phases] GC(24) Pause Relocate Start 0.010ms
[2025-06-18T00:00:15.546+0300][12872][20264][info ][safepoint] Safepoint "XRelocateStart", Time since last: 12550400 ns, Reaching safepoint: 366900 ns, Cleanup: 12000 ns, At safepoint: 68000 ns, Total: 446900 ns
[2025-06-18T00:00:15.549+0300][12872][18160][info ][gc,phases] GC(24) Concurrent Relocate 1.792ms
[2025-06-18T00:00:15.549+0300][12872][18160][debug][gc,heap  ] GC(24) Heap after GC invocations=25 (full 25):
[2025-06-18T00:00:15.549+0300][12872][18160][debug][gc,heap  ] GC(24)  ZHeap           used 130M, capacity 2048M, max capacity 2048M
[2025-06-18T00:00:15.549+0300][12872][18160][debug][gc,heap  ] GC(24)  Metaspace       used 8523K, committed 9472K, reserved 1114112K
[2025-06-18T00:00:15.549+0300][12872][18160][debug][gc,heap  ] GC(24)   class space    used 857K, committed 1216K, reserved 1048576K
[2025-06-18T00:00:15.549+0300][12872][18160][info ][gc,heap  ] GC(24) Min Capacity: 2048M(100%)
[2025-06-18T00:00:15.549+0300][12872][18160][info ][gc,heap  ] GC(24) Max Capacity: 2048M(100%)
[2025-06-18T00:00:15.549+0300][12872][18160][info ][gc,heap  ] GC(24) Soft Max Capacity: 2048M(100%)
[2025-06-18T00:00:15.549+0300][12872][18160][info ][gc,heap  ] GC(24)                Mark Start          Mark End        Relocate Start      Relocate End           High               Low         
[2025-06-18T00:00:15.549+0300][12872][18160][info ][gc,heap  ] GC(24)  Capacity:     2048M (100%)       2048M (100%)       2048M (100%)       2048M (100%)       2048M (100%)       2048M (100%)   
[2025-06-18T00:00:15.549+0300][12872][18160][info ][gc,heap  ] GC(24)      Free:      596M (29%)         540M (26%)        1648M (80%)        1918M (94%)        1922M (94%)         514M (25%)    
[2025-06-18T00:00:15.549+0300][12872][18160][info ][gc,heap  ] GC(24)      Used:     1452M (71%)        1508M (74%)         400M (20%)         130M (6%)         1534M (75%)         126M (6%)     
[2025-06-18T00:00:15.549+0300][12872][18160][info ][gc,heap  ] GC(24)      Live:         -                11M (1%)           11M (1%)           11M (1%)             -                  -          
[2025-06-18T00:00:15.549+0300][12872][18160][info ][gc,heap  ] GC(24) Allocated:         -                56M (3%)           84M (4%)           89M (4%)             -                  -          
[2025-06-18T00:00:15.549+0300][12872][18160][info ][gc,heap  ] GC(24)   Garbage:         -              1440M (70%)         304M (15%)          28M (1%)             -                  -          
[2025-06-18T00:00:15.549+0300][12872][18160][info ][gc,heap  ] GC(24) Reclaimed:         -                  -              1136M (55%)        1411M (69%)            -                  -          
[2025-06-18T00:00:15.549+0300][12872][18160][info ][gc       ] GC(24) Garbage Collection (Allocation Rate) 1452M(71%)->130M(6%)
[2025-06-18T00:00:16.002+0300][12872][18160][debug][gc,heap  ] GC(25) Heap before GC invocations=25 (full 25):
[2025-06-18T00:00:16.002+0300][12872][18160][debug][gc,heap  ] GC(25)  ZHeap           used 1570M, capacity 2048M, max capacity 2048M
[2025-06-18T00:00:16.002+0300][12872][18160][debug][gc,heap  ] GC(25)  Metaspace       used 8523K, committed 9472K, reserved 1114112K
[2025-06-18T00:00:16.002+0300][12872][18160][debug][gc,heap  ] GC(25)   class space    used 857K, committed 1216K, reserved 1048576K
[2025-06-18T00:00:16.002+0300][12872][20264][debug][safepoint] Safepoint synchronization initiated using striped semaphore wait barrier. (19 threads)
[2025-06-18T00:00:16.002+0300][12872][2932 ][debug][safepoint] ... found polling page loop exception at pc = 0x00000207273653e0, stub =0x0000020726d55280
[2025-06-18T00:00:16.002+0300][12872][22300][debug][safepoint] ... found polling page loop exception at pc = 0x000002072736408e, stub =0x0000020726d55b00
[2025-06-18T00:00:16.002+0300][12872][22488][debug][safepoint] ... found polling page loop exception at pc = 0x00000207274376e6, stub =0x0000020726d55b00
[2025-06-18T00:00:16.002+0300][12872][17200][debug][safepoint] ... found polling page loop exception at pc = 0x00000207273653e0, stub =0x0000020726d55280
[2025-06-18T00:00:16.002+0300][12872][11992][debug][safepoint] ... found polling page loop exception at pc = 0x000002072736408e, stub =0x0000020726d55b00
[2025-06-18T00:00:16.002+0300][12872][1872 ][debug][safepoint] ... found polling page loop exception at pc = 0x000002072736408e, stub =0x0000020726d55b00
[2025-06-18T00:00:16.002+0300][12872][20264][info ][gc,phases] GC(25) Pause Mark Start 0.010ms
[2025-06-18T00:00:16.002+0300][12872][20264][info ][safepoint] Safepoint "XMarkStart", Time since last: 455240100 ns, Reaching safepoint: 406600 ns, Cleanup: 12100 ns, At safepoint: 70300 ns, Total: 489000 ns
[2025-06-18T00:00:16.018+0300][12872][11992][debug][safepoint] ... found polling page loop exception at pc = 0x00000207273653e0, stub =0x0000020726d55280
[2025-06-18T00:00:16.018+0300][12872][2932 ][debug][safepoint] ... found polling page loop exception at pc = 0x00000207273653e0, stub =0x0000020726d55280
[2025-06-18T00:00:16.018+0300][12872][17200][debug][safepoint] ... found polling page loop exception at pc = 0x00000207273653e0, stub =0x0000020726d55280
[2025-06-18T00:00:16.018+0300][12872][1872 ][debug][safepoint] ... found polling page loop exception at pc = 0x0000020727399d8f, stub =0x0000020726d55280
[2025-06-18T00:00:16.018+0300][12872][22488][debug][safepoint] ... found polling page loop exception at pc = 0x00000207273653e0, stub =0x0000020726d55280
[2025-06-18T00:00:16.018+0300][12872][22152][debug][safepoint] ... found polling page loop exception at pc = 0x0000020727399d8f, stub =0x0000020726d55280
[2025-06-18T00:00:16.018+0300][12872][22300][debug][safepoint] ... found polling page loop exception at pc = 0x00000207273653e0, stub =0x0000020726d55280
[2025-06-18T00:00:16.020+0300][12872][11992][debug][safepoint] ... found polling page loop exception at pc = 0x00000207273653e0, stub =0x0000020726d55280
[2025-06-18T00:00:16.020+0300][12872][3076 ][debug][safepoint] ... found polling page loop exception at pc = 0x0000020727386205, stub =0x0000020726d55b00
[2025-06-18T00:00:16.020+0300][12872][17200][debug][safepoint] ... found polling page loop exception at pc = 0x00000207273653e0, stub =0x0000020726d55280
[2025-06-18T00:00:16.020+0300][12872][2932 ][debug][safepoint] ... found polling page loop exception at pc = 0x0000020727415998, stub =0x0000020726d55b00
[2025-06-18T00:00:16.020+0300][12872][22152][debug][safepoint] ... found polling page loop exception at pc = 0x00000207273564c6, stub =0x0000020726d55b00
[2025-06-18T00:00:16.020+0300][12872][1872 ][debug][safepoint] ... found polling page loop exception at pc = 0x0000020727399d8f, stub =0x0000020726d55280
[2025-06-18T00:00:16.020+0300][12872][22300][debug][safepoint] ... found polling page loop exception at pc = 0x000002072738c351, stub =0x0000020726d55b00
[2025-06-18T00:00:16.034+0300][12872][3076 ][debug][safepoint] ... found polling page loop exception at pc = 0x000002072736408e, stub =0x0000020726d55b00
[2025-06-18T00:00:16.034+0300][12872][22152][debug][safepoint] ... found polling page loop exception at pc = 0x00000207273f8745, stub =0x0000020726d55280
[2025-06-18T00:00:16.034+0300][12872][11992][debug][safepoint] ... found polling page loop exception at pc = 0x00000207273653e0, stub =0x0000020726d55280
[2025-06-18T00:00:16.034+0300][12872][1872 ][debug][safepoint] ... found polling page loop exception at pc = 0x00000207273653e0, stub =0x0000020726d55280
[2025-06-18T00:00:16.034+0300][12872][17200][debug][safepoint] ... found polling page loop exception at pc = 0x0000020727399d8f, stub =0x0000020726d55280
[2025-06-18T00:00:16.034+0300][12872][22488][debug][safepoint] ... found polling page loop exception at pc = 0x000002072737074b, stub =0x0000020726d55b00
[2025-06-18T00:00:16.034+0300][12872][2932 ][debug][safepoint] ... found polling page loop exception at pc = 0x000002072737074b, stub =0x0000020726d55b00
[2025-06-18T00:00:16.036+0300][12872][17200][debug][safepoint] ... found polling page loop exception at pc = 0x00000207273653e0, stub =0x0000020726d55280
[2025-06-18T00:00:16.036+0300][12872][2932 ][debug][safepoint] ... found polling page loop exception at pc = 0x00000207273653e0, stub =0x0000020726d55280
[2025-06-18T00:00:16.036+0300][12872][3076 ][debug][safepoint] ... found polling page loop exception at pc = 0x00000207273564c6, stub =0x0000020726d55b00
[2025-06-18T00:00:16.036+0300][12872][1872 ][debug][safepoint] ... found polling page loop exception at pc = 0x00000207273653e0, stub =0x0000020726d55280
[2025-06-18T00:00:16.036+0300][12872][22300][debug][safepoint] ... found polling page loop exception at pc = 0x00000207273653e0, stub =0x0000020726d55280
[2025-06-18T00:00:16.036+0300][12872][18160][info ][gc,phases] GC(25) Concurrent Mark 34.479ms
[2025-06-18T00:00:16.036+0300][12872][20264][debug][safepoint] Safepoint synchronization initiated using striped semaphore wait barrier. (19 threads)
[2025-06-18T00:00:16.036+0300][12872][2932 ][debug][safepoint] ... found polling page loop exception at pc = 0x0000020727399d8f, stub =0x0000020726d55280
[2025-06-18T00:00:16.036+0300][12872][11992][debug][safepoint] ... found polling page loop exception at pc = 0x000002072737074b, stub =0x0000020726d55b00
[2025-06-18T00:00:16.036+0300][12872][1872 ][debug][safepoint] ... found polling page loop exception at pc = 0x00000207273653e0, stub =0x0000020726d55280
[2025-06-18T00:00:16.036+0300][12872][17200][debug][safepoint] ... found polling page loop exception at pc = 0x00000207273653e0, stub =0x0000020726d55280
[2025-06-18T00:00:16.036+0300][12872][22152][debug][safepoint] ... found polling page loop exception at pc = 0x00000207273653e0, stub =0x0000020726d55280
[2025-06-18T00:00:16.036+0300][12872][22300][debug][safepoint] ... found polling page loop exception at pc = 0x00000207273768c0, stub =0x0000020726d55b00
[2025-06-18T00:00:16.036+0300][12872][20264][info ][gc,phases] GC(25) Pause Mark End 0.019ms
[2025-06-18T00:00:16.036+0300][12872][20264][info ][safepoint] Safepoint "XMarkEnd", Time since last: 34575700 ns, Reaching safepoint: 356500 ns, Cleanup: 6300 ns, At safepoint: 90600 ns, Total: 453400 ns
[2025-06-18T00:00:16.036+0300][12872][18160][info ][gc,phases] GC(25) Concurrent Mark Free 0.001ms
[2025-06-18T00:00:16.038+0300][12872][18160][debug][gc,phases] GC(25) Concurrent References Process 0.179ms
[2025-06-18T00:00:16.038+0300][12872][18160][debug][gc,phases] GC(25) ClassLoaderData 0.017ms
[2025-06-18T00:00:16.038+0300][12872][18160][debug][gc,phases] GC(25) Trigger cleanups 0.001ms
[2025-06-18T00:00:16.044+0300][12872][18160][debug][gc,phases] GC(25) Concurrent Classes Unlink 5.546ms
[2025-06-18T00:00:16.044+0300][12872][22152][debug][safepoint] ... found polling page loop exception at pc = 0x00000207273653e0, stub =0x0000020726d55280
[2025-06-18T00:00:16.044+0300][12872][22300][debug][safepoint] ... found polling page loop exception at pc = 0x00000207273517fb, stub =0x0000020726d55280
[2025-06-18T00:00:16.044+0300][12872][22488][debug][safepoint] ... found polling page loop exception at pc = 0x000002072737074b, stub =0x0000020726d55b00
[2025-06-18T00:00:16.044+0300][12872][1872 ][debug][safepoint] ... found polling page loop exception at pc = 0x00000207273653e0, stub =0x0000020726d55280
[2025-06-18T00:00:16.044+0300][12872][11992][debug][safepoint] ... found polling page loop exception at pc = 0x0000020727356360, stub =0x0000020726d55b00
[2025-06-18T00:00:16.044+0300][12872][2932 ][debug][safepoint] ... found polling page loop exception at pc = 0x00000207273564c6, stub =0x0000020726d55b00
[2025-06-18T00:00:16.044+0300][12872][18160][debug][gc,phases] GC(25) Concurrent Classes Purge 0.057ms
[2025-06-18T00:00:16.044+0300][12872][18160][debug][gc,phases] GC(25) Concurrent References Enqueue 0.007ms
[2025-06-18T00:00:16.044+0300][12872][18160][info ][gc,phases] GC(25) Concurrent Process Non-Strong References 7.497ms
[2025-06-18T00:00:16.044+0300][12872][18160][info ][gc,phases] GC(25) Concurrent Reset Relocation Set 0.007ms
[2025-06-18T00:00:16.048+0300][12872][18160][info ][gc,phases] GC(25) Concurrent Select Relocation Set 2.714ms
[2025-06-18T00:00:16.048+0300][12872][20264][debug][safepoint] Safepoint synchronization initiated using striped semaphore wait barrier. (19 threads)
[2025-06-18T00:00:16.048+0300][12872][22152][debug][safepoint] ... found polling page loop exception at pc = 0x00000207273653e0, stub =0x0000020726d55280
[2025-06-18T00:00:16.048+0300][12872][22300][debug][safepoint] ... found polling page loop exception at pc = 0x00000207273653e0, stub =0x0000020726d55280
[2025-06-18T00:00:16.048+0300][12872][1872 ][debug][safepoint] ... found polling page loop exception at pc = 0x0000020727356360, stub =0x0000020726d55b00
[2025-06-18T00:00:16.048+0300][12872][17200][debug][safepoint] ... found polling page loop exception at pc = 0x00000207273653e0, stub =0x0000020726d55280
[2025-06-18T00:00:16.048+0300][12872][20264][info ][gc,phases] GC(25) Pause Relocate Start 0.009ms
[2025-06-18T00:00:16.048+0300][12872][20264][info ][safepoint] Safepoint "XRelocateStart", Time since last: 10415900 ns, Reaching safepoint: 285100 ns, Cleanup: 5100 ns, At safepoint: 72100 ns, Total: 362300 ns
[2025-06-18T00:00:16.050+0300][12872][18160][info ][gc,phases] GC(25) Concurrent Relocate 1.720ms
[2025-06-18T00:00:16.050+0300][12872][18160][debug][gc,heap  ] GC(25) Heap after GC invocations=26 (full 26):
[2025-06-18T00:00:16.050+0300][12872][18160][debug][gc,heap  ] GC(25)  ZHeap           used 160M, capacity 2048M, max capacity 2048M
[2025-06-18T00:00:16.050+0300][12872][18160][debug][gc,heap  ] GC(25)  Metaspace       used 8523K, committed 9472K, reserved 1114112K
[2025-06-18T00:00:16.050+0300][12872][18160][debug][gc,heap  ] GC(25)   class space    used 857K, committed 1216K, reserved 1048576K
[2025-06-18T00:00:16.050+0300][12872][18160][info ][gc,heap  ] GC(25) Min Capacity: 2048M(100%)
[2025-06-18T00:00:16.050+0300][12872][18160][info ][gc,heap  ] GC(25) Max Capacity: 2048M(100%)
[2025-06-18T00:00:16.050+0300][12872][18160][info ][gc,heap  ] GC(25) Soft Max Capacity: 2048M(100%)
[2025-06-18T00:00:16.050+0300][12872][18160][info ][gc,heap  ] GC(25)                Mark Start          Mark End        Relocate Start      Relocate End           High               Low         
[2025-06-18T00:00:16.050+0300][12872][18160][info ][gc,heap  ] GC(25)  Capacity:     2048M (100%)       2048M (100%)       2048M (100%)       2048M (100%)       2048M (100%)       2048M (100%)   
[2025-06-18T00:00:16.050+0300][12872][18160][info ][gc,heap  ] GC(25)      Free:      478M (23%)         382M (19%)        1598M (78%)        1888M (92%)        1888M (92%)         366M (18%)    
[2025-06-18T00:00:16.050+0300][12872][18160][info ][gc,heap  ] GC(25)      Used:     1570M (77%)        1666M (81%)         450M (22%)         160M (8%)         1682M (82%)         160M (8%)     
[2025-06-18T00:00:16.050+0300][12872][18160][info ][gc,heap  ] GC(25)      Live:         -                11M (1%)           11M (1%)           11M (1%)             -                  -          
[2025-06-18T00:00:16.050+0300][12872][18160][info ][gc,heap  ] GC(25) Allocated:         -                96M (5%)          116M (6%)          119M (6%)             -                  -          
[2025-06-18T00:00:16.050+0300][12872][18160][info ][gc,heap  ] GC(25)   Garbage:         -              1558M (76%)         322M (16%)          28M (1%)             -                  -          
[2025-06-18T00:00:16.050+0300][12872][18160][info ][gc,heap  ] GC(25) Reclaimed:         -                  -              1236M (60%)        1529M (75%)            -                  -          
[2025-06-18T00:00:16.050+0300][12872][18160][info ][gc       ] GC(25) Garbage Collection (Allocation Rate) 1570M(77%)->160M(8%)
[2025-06-18T00:00:16.762+0300][12872][18160][debug][gc,heap  ] GC(26) Heap before GC invocations=26 (full 26):
[2025-06-18T00:00:16.762+0300][12872][18160][debug][gc,heap  ] GC(26)  ZHeap           used 1128M, capacity 2048M, max capacity 2048M
[2025-06-18T00:00:16.762+0300][12872][18160][debug][gc,heap  ] GC(26)  Metaspace       used 8703K, committed 9664K, reserved 1114112K
[2025-06-18T00:00:16.762+0300][12872][18160][debug][gc,heap  ] GC(26)   class space    used 875K, committed 1280K, reserved 1048576K
[2025-06-18T00:00:16.762+0300][12872][20264][debug][safepoint] Safepoint synchronization initiated using striped semaphore wait barrier. (12 threads)
[2025-06-18T00:00:16.762+0300][12872][20264][info ][gc,phases] GC(26) Pause Mark Start 0.006ms
[2025-06-18T00:00:16.762+0300][12872][20264][info ][safepoint] Safepoint "XMarkStart", Time since last: 717787000 ns, Reaching safepoint: 25700 ns, Cleanup: 15900 ns, At safepoint: 24900 ns, Total: 66500 ns
[2025-06-18T00:00:16.778+0300][12872][18160][info ][gc,phases] GC(26) Concurrent Mark 11.481ms
[2025-06-18T00:00:16.778+0300][12872][20264][debug][safepoint] Safepoint synchronization initiated using striped semaphore wait barrier. (12 threads)
[2025-06-18T00:00:16.778+0300][12872][20264][info ][gc,phases] GC(26) Pause Mark End 0.014ms
[2025-06-18T00:00:16.778+0300][12872][20264][info ][safepoint] Safepoint "XMarkEnd", Time since last: 11598000 ns, Reaching safepoint: 42400 ns, Cleanup: 4200 ns, At safepoint: 36600 ns, Total: 83200 ns
[2025-06-18T00:00:16.778+0300][12872][18160][info ][gc,phases] GC(26) Concurrent Mark Free 0.001ms
[2025-06-18T00:00:16.778+0300][12872][18160][debug][gc,phases] GC(26) Concurrent References Process 0.064ms
[2025-06-18T00:00:16.778+0300][12872][18160][debug][gc,phases] GC(26) ClassLoaderData 0.010ms
[2025-06-18T00:00:16.778+0300][12872][18160][debug][gc,phases] GC(26) Trigger cleanups 0.000ms
[2025-06-18T00:00:16.778+0300][12872][18160][debug][gc,phases] GC(26) Concurrent Classes Unlink 1.486ms
[2025-06-18T00:00:16.778+0300][12872][18160][debug][gc,phases] GC(26) Concurrent Classes Purge 0.124ms
[2025-06-18T00:00:16.778+0300][12872][18160][debug][gc,phases] GC(26) Concurrent References Enqueue 0.004ms
[2025-06-18T00:00:16.778+0300][12872][20264][debug][safepoint] Safepoint synchronization initiated using striped semaphore wait barrier. (12 threads)
[2025-06-18T00:00:16.778+0300][12872][18160][info ][gc,phases] GC(26) Concurrent Process Non-Strong References 2.123ms
[2025-06-18T00:00:16.778+0300][12872][20264][info ][safepoint] Safepoint "CleanClassLoaderDataMetaspaces", Time since last: 2226800 ns, Reaching safepoint: 54300 ns, Cleanup: 80500 ns, At safepoint: 16600 ns, Total: 151400 ns
[2025-06-18T00:00:16.778+0300][12872][18160][info ][gc,phases] GC(26) Concurrent Reset Relocation Set 0.008ms
[2025-06-18T00:00:16.778+0300][12872][18160][info ][gc,phases] GC(26) Concurrent Select Relocation Set 1.491ms
[2025-06-18T00:00:16.778+0300][12872][20264][debug][safepoint] Safepoint synchronization initiated using striped semaphore wait barrier. (12 threads)
[2025-06-18T00:00:16.778+0300][12872][20264][info ][gc,phases] GC(26) Pause Relocate Start 0.007ms
[2025-06-18T00:00:16.778+0300][12872][20264][info ][safepoint] Safepoint "XRelocateStart", Time since last: 1596600 ns, Reaching safepoint: 23700 ns, Cleanup: 4200 ns, At safepoint: 21600 ns, Total: 49500 ns
[2025-06-18T00:00:16.778+0300][12872][18160][info ][gc,phases] GC(26) Concurrent Relocate 1.776ms
[2025-06-18T00:00:16.778+0300][12872][18160][debug][gc,heap  ] GC(26) Heap after GC invocations=27 (full 27):
[2025-06-18T00:00:16.778+0300][12872][18160][debug][gc,heap  ] GC(26)  ZHeap           used 42M, capacity 2048M, max capacity 2048M
[2025-06-18T00:00:16.778+0300][12872][18160][debug][gc,heap  ] GC(26)  Metaspace       used 8703K, committed 9664K, reserved 1114112K
[2025-06-18T00:00:16.778+0300][12872][18160][debug][gc,heap  ] GC(26)   class space    used 875K, committed 1280K, reserved 1048576K
[2025-06-18T00:00:16.778+0300][12872][18160][info ][gc,heap  ] GC(26) Min Capacity: 2048M(100%)
[2025-06-18T00:00:16.778+0300][12872][18160][info ][gc,heap  ] GC(26) Max Capacity: 2048M(100%)
[2025-06-18T00:00:16.778+0300][12872][18160][info ][gc,heap  ] GC(26) Soft Max Capacity: 2048M(100%)
[2025-06-18T00:00:16.778+0300][12872][18160][info ][gc,heap  ] GC(26)                Mark Start          Mark End        Relocate Start      Relocate End           High               Low         
[2025-06-18T00:00:16.778+0300][12872][18160][info ][gc,heap  ] GC(26)  Capacity:     2048M (100%)       2048M (100%)       2048M (100%)       2048M (100%)       2048M (100%)       2048M (100%)   
[2025-06-18T00:00:16.778+0300][12872][18160][info ][gc,heap  ] GC(26)      Free:      920M (45%)         920M (45%)        1994M (97%)        2006M (98%)        2006M (98%)         920M (45%)    
[2025-06-18T00:00:16.778+0300][12872][18160][info ][gc,heap  ] GC(26)      Used:     1128M (55%)        1128M (55%)          54M (3%)           42M (2%)         1128M (55%)          42M (2%)     
[2025-06-18T00:00:16.778+0300][12872][18160][info ][gc,heap  ] GC(26)      Live:         -                10M (1%)           10M (1%)           10M (1%)             -                  -          
[2025-06-18T00:00:16.778+0300][12872][18160][info ][gc,heap  ] GC(26) Allocated:         -                 0M (0%)            2M (0%)            2M (0%)             -                  -          
[2025-06-18T00:00:16.778+0300][12872][18160][info ][gc,heap  ] GC(26)   Garbage:         -              1117M (55%)          41M (2%)           29M (1%)             -                  -          
[2025-06-18T00:00:16.778+0300][12872][18160][info ][gc,heap  ] GC(26) Reclaimed:         -                  -              1076M (53%)        1088M (53%)            -                  -          
[2025-06-18T00:00:16.778+0300][12872][18160][info ][gc       ] GC(26) Garbage Collection (System.gc()) 1128M(55%)->42M(2%)
[2025-06-18T00:00:17.300+0300][12872][18160][debug][gc,heap  ] GC(27) Heap before GC invocations=27 (full 27):
[2025-06-18T00:00:17.300+0300][12872][18160][debug][gc,heap  ] GC(27)  ZHeap           used 1526M, capacity 2048M, max capacity 2048M
[2025-06-18T00:00:17.300+0300][12872][18160][debug][gc,heap  ] GC(27)  Metaspace       used 8703K, committed 9664K, reserved 1114112K
[2025-06-18T00:00:17.300+0300][12872][18160][debug][gc,heap  ] GC(27)   class space    used 875K, committed 1280K, reserved 1048576K
[2025-06-18T00:00:17.300+0300][12872][20264][debug][safepoint] Safepoint synchronization initiated using striped semaphore wait barrier. (20 threads)
[2025-06-18T00:00:17.300+0300][12872][10352][debug][safepoint] ... found polling page loop exception at pc = 0x00000207273653e0, stub =0x0000020726d55280
[2025-06-18T00:00:17.300+0300][12872][13760][debug][safepoint] ... found polling page loop exception at pc = 0x00000207273653e0, stub =0x0000020726d55280
[2025-06-18T00:00:17.300+0300][12872][15132][debug][safepoint] ... found polling page loop exception at pc = 0x00000207273653e0, stub =0x0000020726d55280
[2025-06-18T00:00:17.300+0300][12872][8412 ][debug][safepoint] ... found polling page loop exception at pc = 0x00000207273653e0, stub =0x0000020726d55280
[2025-06-18T00:00:17.300+0300][12872][7892 ][debug][safepoint] ... found polling page loop exception at pc = 0x0000020727356360, stub =0x0000020726d55b00
[2025-06-18T00:00:17.300+0300][12872][17016][debug][safepoint] ... found polling page loop exception at pc = 0x000002072740bc2f, stub =0x0000020726d55b00
[2025-06-18T00:00:17.300+0300][12872][3760 ][debug][safepoint] ... found polling page loop exception at pc = 0x00000207273653e0, stub =0x0000020726d55280
[2025-06-18T00:00:17.300+0300][12872][19900][debug][safepoint] ... found polling page loop exception at pc = 0x00000207273653e0, stub =0x0000020726d55280
[2025-06-18T00:00:17.300+0300][12872][20264][info ][gc,phases] GC(27) Pause Mark Start 0.009ms
[2025-06-18T00:00:17.300+0300][12872][20264][info ][safepoint] Safepoint "XMarkStart", Time since last: 517710300 ns, Reaching safepoint: 456600 ns, Cleanup: 28100 ns, At safepoint: 74900 ns, Total: 559600 ns
[2025-06-18T00:00:17.307+0300][12872][13760][debug][safepoint] ... found polling page loop exception at pc = 0x00000207273653e0, stub =0x0000020726d55280
[2025-06-18T00:00:17.307+0300][12872][8412 ][debug][safepoint] ... found polling page loop exception at pc = 0x00000207273653e0, stub =0x0000020726d55280
[2025-06-18T00:00:17.307+0300][12872][10352][debug][safepoint] ... found polling page loop exception at pc = 0x00000207273564c6, stub =0x0000020726d55b00
[2025-06-18T00:00:17.307+0300][12872][19900][debug][safepoint] ... found polling page loop exception at pc = 0x00000207273653e0, stub =0x0000020726d55280
[2025-06-18T00:00:17.316+0300][12872][19900][debug][safepoint] ... found polling page loop exception at pc = 0x000002072740bc2f, stub =0x0000020726d55b00
[2025-06-18T00:00:17.316+0300][12872][15132][debug][safepoint] ... found polling page loop exception at pc = 0x00000207273653e0, stub =0x0000020726d55280
[2025-06-18T00:00:17.316+0300][12872][17016][debug][safepoint] ... found polling page loop exception at pc = 0x00000207273653e0, stub =0x0000020726d55280
[2025-06-18T00:00:17.316+0300][12872][13760][debug][safepoint] ... found polling page loop exception at pc = 0x00000207273653e0, stub =0x0000020726d55280
[2025-06-18T00:00:17.316+0300][12872][8412 ][debug][safepoint] ... found polling page loop exception at pc = 0x00000207273653e0, stub =0x0000020726d55280
[2025-06-18T00:00:17.316+0300][12872][7892 ][debug][safepoint] ... found polling page loop exception at pc = 0x00000207273653e0, stub =0x0000020726d55280
[2025-06-18T00:00:17.324+0300][12872][17016][debug][safepoint] ... found polling page loop exception at pc = 0x00000207273b127c, stub =0x0000020726d55b00
[2025-06-18T00:00:17.324+0300][12872][3760 ][debug][safepoint] ... found polling page loop exception at pc = 0x00000207273653e0, stub =0x0000020726d55280
[2025-06-18T00:00:17.324+0300][12872][15132][debug][safepoint] ... found polling page loop exception at pc = 0x0000020727356360, stub =0x0000020726d55b00
[2025-06-18T00:00:17.324+0300][12872][13760][debug][safepoint] ... found polling page loop exception at pc = 0x00000207273653e0, stub =0x0000020726d55280
[2025-06-18T00:00:17.324+0300][12872][19900][debug][safepoint] ... found polling page loop exception at pc = 0x00000207273653e0, stub =0x0000020726d55280
[2025-06-18T00:00:17.324+0300][12872][8412 ][debug][safepoint] ... found polling page loop exception at pc = 0x00000207273653e0, stub =0x0000020726d55280
[2025-06-18T00:00:17.326+0300][12872][7892 ][debug][safepoint] ... found polling page loop exception at pc = 0x00000207273653e0, stub =0x0000020726d55280
[2025-06-18T00:00:17.326+0300][12872][8412 ][debug][safepoint] ... found polling page loop exception at pc = 0x00000207273653e0, stub =0x0000020726d55280
[2025-06-18T00:00:17.326+0300][12872][19900][debug][safepoint] ... found polling page loop exception at pc = 0x00000207273653e0, stub =0x0000020726d55280
[2025-06-18T00:00:17.326+0300][12872][13760][debug][safepoint] ... found polling page loop exception at pc = 0x00000207273653e0, stub =0x0000020726d55280
[2025-06-18T00:00:17.326+0300][12872][3760 ][debug][safepoint] ... found polling page loop exception at pc = 0x000002072736408e, stub =0x0000020726d55b00
[2025-06-18T00:00:17.326+0300][12872][15132][debug][safepoint] ... found polling page loop exception at pc = 0x000002072735d04c, stub =0x0000020726d55b00
[2025-06-18T00:00:17.326+0300][12872][17016][debug][safepoint] ... found polling page loop exception at pc = 0x00000207273653e0, stub =0x0000020726d55280
[2025-06-18T00:00:17.347+0300][12872][18160][info ][gc,phases] GC(27) Concurrent Mark 46.610ms
[2025-06-18T00:00:17.347+0300][12872][20264][debug][safepoint] Safepoint synchronization initiated using striped semaphore wait barrier. (20 threads)
[2025-06-18T00:00:17.347+0300][12872][7892 ][debug][safepoint] ... found polling page loop exception at pc = 0x00000207273653e0, stub =0x0000020726d55280
[2025-06-18T00:00:17.347+0300][12872][17016][debug][safepoint] ... found polling page loop exception at pc = 0x00000207273653e0, stub =0x0000020726d55280
[2025-06-18T00:00:17.347+0300][12872][13760][debug][safepoint] ... found polling page loop exception at pc = 0x00000207273653e0, stub =0x0000020726d55280
[2025-06-18T00:00:17.347+0300][12872][10352][debug][safepoint] ... found polling page loop exception at pc = 0x00000207273653e0, stub =0x0000020726d55280
[2025-06-18T00:00:17.347+0300][12872][19900][debug][safepoint] ... found polling page loop exception at pc = 0x0000020727386205, stub =0x0000020726d55b00
[2025-06-18T00:00:17.347+0300][12872][8412 ][debug][safepoint] ... found polling page loop exception at pc = 0x00000207273653e0, stub =0x0000020726d55280
[2025-06-18T00:00:17.347+0300][12872][20264][info ][gc,phases] GC(27) Pause Mark End 0.020ms
[2025-06-18T00:00:17.347+0300][12872][20264][info ][safepoint] Safepoint "XMarkEnd", Time since last: 46771400 ns, Reaching safepoint: 458200 ns, Cleanup: 7300 ns, At safepoint: 70400 ns, Total: 535900 ns
[2025-06-18T00:00:17.347+0300][12872][18160][info ][gc,phases] GC(27) Concurrent Mark Free 0.001ms
[2025-06-18T00:00:17.347+0300][12872][18160][debug][gc,phases] GC(27) Concurrent References Process 0.104ms
[2025-06-18T00:00:17.347+0300][12872][18160][debug][gc,phases] GC(27) ClassLoaderData 0.017ms
[2025-06-18T00:00:17.347+0300][12872][18160][debug][gc,phases] GC(27) Trigger cleanups 0.001ms
[2025-06-18T00:00:17.352+0300][12872][18160][debug][gc,phases] GC(27) Concurrent Classes Unlink 3.143ms
[2025-06-18T00:00:17.352+0300][12872][19900][debug][safepoint] ... found polling page loop exception at pc = 0x000002072736408e, stub =0x0000020726d55b00
[2025-06-18T00:00:17.352+0300][12872][15132][debug][safepoint] ... found polling page loop exception at pc = 0x0000020727356360, stub =0x0000020726d55b00
[2025-06-18T00:00:17.352+0300][12872][17016][debug][safepoint] ... found polling page loop exception at pc = 0x000002072736408e, stub =0x0000020726d55b00
[2025-06-18T00:00:17.352+0300][12872][3760 ][debug][safepoint] ... found polling page loop exception at pc = 0x00000207273653e0, stub =0x0000020726d55280
[2025-06-18T00:00:17.352+0300][12872][8412 ][debug][safepoint] ... found polling page loop exception at pc = 0x00000207273653e0, stub =0x0000020726d55280
[2025-06-18T00:00:17.352+0300][12872][10352][debug][safepoint] ... found polling page loop exception at pc = 0x00000207273653e0, stub =0x0000020726d55280
[2025-06-18T00:00:17.352+0300][12872][13760][debug][safepoint] ... found polling page loop exception at pc = 0x00000207273653e0, stub =0x0000020726d55280
[2025-06-18T00:00:17.358+0300][12872][18160][debug][gc,phases] GC(27) Concurrent Classes Purge 0.101ms
[2025-06-18T00:00:17.358+0300][12872][18160][debug][gc,phases] GC(27) Concurrent References Enqueue 0.007ms
[2025-06-18T00:00:17.358+0300][12872][18160][info ][gc,phases] GC(27) Concurrent Process Non-Strong References 10.894ms
[2025-06-18T00:00:17.358+0300][12872][18160][info ][gc,phases] GC(27) Concurrent Reset Relocation Set 0.003ms
[2025-06-18T00:00:17.362+0300][12872][18160][info ][gc,phases] GC(27) Concurrent Select Relocation Set 3.216ms
[2025-06-18T00:00:17.362+0300][12872][20264][debug][safepoint] Safepoint synchronization initiated using striped semaphore wait barrier. (20 threads)
[2025-06-18T00:00:17.362+0300][12872][15132][debug][safepoint] ... found polling page loop exception at pc = 0x00000207273653e0, stub =0x0000020726d55280
[2025-06-18T00:00:17.362+0300][12872][7892 ][debug][safepoint] ... found polling page loop exception at pc = 0x00000207273564c6, stub =0x0000020726d55b00
[2025-06-18T00:00:17.362+0300][12872][3760 ][debug][safepoint] ... found polling page loop exception at pc = 0x00000207273653e0, stub =0x0000020726d55280
[2025-06-18T00:00:17.362+0300][12872][20264][info ][gc,phases] GC(27) Pause Relocate Start 0.010ms
[2025-06-18T00:00:17.362+0300][12872][20264][info ][safepoint] Safepoint "XRelocateStart", Time since last: 14314700 ns, Reaching safepoint: 217600 ns, Cleanup: 6200 ns, At safepoint: 69700 ns, Total: 293500 ns
[2025-06-18T00:00:17.363+0300][12872][18160][info ][gc,phases] GC(27) Concurrent Relocate 2.376ms
[2025-06-18T00:00:17.363+0300][12872][18160][debug][gc,heap  ] GC(27) Heap after GC invocations=28 (full 28):
[2025-06-18T00:00:17.363+0300][12872][18160][debug][gc,heap  ] GC(27)  ZHeap           used 218M, capacity 2048M, max capacity 2048M
[2025-06-18T00:00:17.363+0300][12872][18160][debug][gc,heap  ] GC(27)  Metaspace       used 8703K, committed 9664K, reserved 1114112K
[2025-06-18T00:00:17.363+0300][12872][18160][debug][gc,heap  ] GC(27)   class space    used 875K, committed 1280K, reserved 1048576K
[2025-06-18T00:00:17.363+0300][12872][18160][info ][gc,heap  ] GC(27) Min Capacity: 2048M(100%)
[2025-06-18T00:00:17.363+0300][12872][18160][info ][gc,heap  ] GC(27) Max Capacity: 2048M(100%)
[2025-06-18T00:00:17.363+0300][12872][18160][info ][gc,heap  ] GC(27) Soft Max Capacity: 2048M(100%)
[2025-06-18T00:00:17.363+0300][12872][18160][info ][gc,heap  ] GC(27)                Mark Start          Mark End        Relocate Start      Relocate End           High               Low         
[2025-06-18T00:00:17.363+0300][12872][18160][info ][gc,heap  ] GC(27)  Capacity:     2048M (100%)       2048M (100%)       2048M (100%)       2048M (100%)       2048M (100%)       2048M (100%)   
[2025-06-18T00:00:17.363+0300][12872][18160][info ][gc,heap  ] GC(27)      Free:      522M (25%)         384M (19%)        1568M (77%)        1830M (89%)        1832M (89%)         354M (17%)    
[2025-06-18T00:00:17.365+0300][12872][18160][info ][gc,heap  ] GC(27)      Used:     1526M (75%)        1664M (81%)         480M (23%)         218M (11%)        1694M (83%)         216M (11%)    
[2025-06-18T00:00:17.365+0300][12872][18160][info ][gc,heap  ] GC(27)      Live:         -                11M (1%)           11M (1%)           11M (1%)             -                  -          
[2025-06-18T00:00:17.365+0300][12872][18160][info ][gc,heap  ] GC(27) Allocated:         -               138M (7%)          172M (8%)          179M (9%)             -                  -          
[2025-06-18T00:00:17.365+0300][12872][18160][info ][gc,heap  ] GC(27)   Garbage:         -              1514M (74%)         296M (14%)          26M (1%)             -                  -          
[2025-06-18T00:00:17.365+0300][12872][18160][info ][gc,heap  ] GC(27) Reclaimed:         -                  -              1218M (59%)        1487M (73%)            -                  -          
[2025-06-18T00:00:17.365+0300][12872][18160][info ][gc       ] GC(27) Garbage Collection (Allocation Rate) 1526M(75%)->218M(11%)
[2025-06-18T00:00:17.712+0300][12872][18160][debug][gc,heap  ] GC(28) Heap before GC invocations=28 (full 28):
[2025-06-18T00:00:17.712+0300][12872][18160][debug][gc,heap  ] GC(28)  ZHeap           used 1230M, capacity 2048M, max capacity 2048M
[2025-06-18T00:00:17.712+0300][12872][18160][debug][gc,heap  ] GC(28)  Metaspace       used 8703K, committed 9664K, reserved 1114112K
[2025-06-18T00:00:17.712+0300][12872][18160][debug][gc,heap  ] GC(28)   class space    used 875K, committed 1280K, reserved 1048576K
[2025-06-18T00:00:17.712+0300][12872][20264][debug][safepoint] Safepoint synchronization initiated using striped semaphore wait barrier. (20 threads)
[2025-06-18T00:00:17.712+0300][12872][15132][debug][safepoint] ... found polling page loop exception at pc = 0x00000207273653e0, stub =0x0000020726d55280
[2025-06-18T00:00:17.712+0300][12872][3760 ][debug][safepoint] ... found polling page loop exception at pc = 0x00000207273653e0, stub =0x0000020726d55280
[2025-06-18T00:00:17.712+0300][12872][8412 ][debug][safepoint] ... found polling page loop exception at pc = 0x00000207273653e0, stub =0x0000020726d55280
[2025-06-18T00:00:17.712+0300][12872][7892 ][debug][safepoint] ... found polling page loop exception at pc = 0x00000207273653e0, stub =0x0000020726d55280
[2025-06-18T00:00:17.712+0300][12872][13760][debug][safepoint] ... found polling page loop exception at pc = 0x00000207273653e0, stub =0x0000020726d55280
[2025-06-18T00:00:17.712+0300][12872][10352][debug][safepoint] ... found polling page loop exception at pc = 0x00000207273564c6, stub =0x0000020726d55b00
[2025-06-18T00:00:17.712+0300][12872][20264][info ][gc,phases] GC(28) Pause Mark Start 0.009ms
[2025-06-18T00:00:17.712+0300][12872][20264][info ][safepoint] Safepoint "XMarkStart", Time since last: 350000400 ns, Reaching safepoint: 383000 ns, Cleanup: 12200 ns, At safepoint: 72800 ns, Total: 468000 ns
[2025-06-18T00:00:17.721+0300][12872][7892 ][debug][safepoint] ... found polling page loop exception at pc = 0x00000207273653e0, stub =0x0000020726d55280
[2025-06-18T00:00:17.721+0300][12872][15132][debug][safepoint] ... found polling page loop exception at pc = 0x00000207273653e0, stub =0x0000020726d55280
[2025-06-18T00:00:17.721+0300][12872][17016][debug][safepoint] ... found polling page loop exception at pc = 0x00000207273653e0, stub =0x0000020726d55280
[2025-06-18T00:00:17.721+0300][12872][13760][debug][safepoint] ... found polling page loop exception at pc = 0x00000207273a3d3c, stub =0x0000020726d55280
[2025-06-18T00:00:17.721+0300][12872][10352][debug][safepoint] ... found polling page loop exception at pc = 0x00000207273653e0, stub =0x0000020726d55280
[2025-06-18T00:00:17.721+0300][12872][19900][debug][safepoint] ... found polling page loop exception at pc = 0x00000207273653e0, stub =0x0000020726d55280
[2025-06-18T00:00:17.723+0300][12872][7892 ][debug][safepoint] ... found polling page loop exception at pc = 0x00000207273653e0, stub =0x0000020726d55280
[2025-06-18T00:00:17.723+0300][12872][8412 ][debug][safepoint] ... found polling page loop exception at pc = 0x000002072735d04c, stub =0x0000020726d55b00
[2025-06-18T00:00:17.728+0300][12872][3760 ][debug][safepoint] ... found polling page loop exception at pc = 0x000002072738c351, stub =0x0000020726d55b00
[2025-06-18T00:00:17.728+0300][12872][8412 ][debug][safepoint] ... found polling page loop exception at pc = 0x00000207273653e0, stub =0x0000020726d55280
[2025-06-18T00:00:17.728+0300][12872][10352][debug][safepoint] ... found polling page loop exception at pc = 0x00000207274e7f5b, stub =0x0000020726d55280
[2025-06-18T00:00:17.728+0300][12872][7892 ][debug][safepoint] ... found polling page loop exception at pc = 0x000002072736408e, stub =0x0000020726d55b00
[2025-06-18T00:00:17.728+0300][12872][13760][debug][safepoint] ... found polling page loop exception at pc = 0x00000207274e762c, stub =0x0000020726d55280
[2025-06-18T00:00:17.728+0300][12872][15132][debug][safepoint] ... found polling page loop exception at pc = 0x00000207273653e0, stub =0x0000020726d55280
[2025-06-18T00:00:17.744+0300][12872][18160][info ][gc,phases] GC(28) Concurrent Mark 31.176ms
[2025-06-18T00:00:17.744+0300][12872][20264][debug][safepoint] Safepoint synchronization initiated using striped semaphore wait barrier. (20 threads)
[2025-06-18T00:00:17.744+0300][12872][13760][debug][safepoint] ... found polling page loop exception at pc = 0x0000020727364360, stub =0x0000020726d55b00
[2025-06-18T00:00:17.744+0300][12872][8412 ][debug][safepoint] ... found polling page loop exception at pc = 0x00000207273653e0, stub =0x0000020726d55280
[2025-06-18T00:00:17.744+0300][12872][7892 ][debug][safepoint] ... found polling page loop exception at pc = 0x00000207273653e0, stub =0x0000020726d55280
[2025-06-18T00:00:17.744+0300][12872][3760 ][debug][safepoint] ... found polling page loop exception at pc = 0x00000207273564c6, stub =0x0000020726d55b00
[2025-06-18T00:00:17.744+0300][12872][19900][debug][safepoint] ... found polling page loop exception at pc = 0x00000207273b127c, stub =0x0000020726d55b00
[2025-06-18T00:00:17.744+0300][12872][20264][info ][gc,phases] GC(28) Pause Mark End 0.020ms
[2025-06-18T00:00:17.744+0300][12872][20264][info ][safepoint] Safepoint "XMarkEnd", Time since last: 31305800 ns, Reaching safepoint: 312700 ns, Cleanup: 6800 ns, At safepoint: 92700 ns, Total: 412200 ns
[2025-06-18T00:00:17.744+0300][12872][18160][info ][gc,phases] GC(28) Concurrent Mark Free 0.001ms
[2025-06-18T00:00:17.744+0300][12872][18160][debug][gc,phases] GC(28) Concurrent References Process 0.137ms
[2025-06-18T00:00:17.744+0300][12872][18160][debug][gc,phases] GC(28) ClassLoaderData 0.019ms
[2025-06-18T00:00:17.744+0300][12872][18160][debug][gc,phases] GC(28) Trigger cleanups 0.001ms
[2025-06-18T00:00:17.747+0300][12872][18160][debug][gc,phases] GC(28) Concurrent Classes Unlink 2.807ms
[2025-06-18T00:00:17.747+0300][12872][8412 ][debug][safepoint] ... found polling page loop exception at pc = 0x00000207273a3d3c, stub =0x0000020726d55280
[2025-06-18T00:00:17.747+0300][12872][7892 ][debug][safepoint] ... found polling page loop exception at pc = 0x00000207273653e0, stub =0x0000020726d55280
[2025-06-18T00:00:17.747+0300][12872][13760][debug][safepoint] ... found polling page loop exception at pc = 0x00000207273653e0, stub =0x0000020726d55280
[2025-06-18T00:00:17.747+0300][12872][10352][debug][safepoint] ... found polling page loop exception at pc = 0x00000207273653e0, stub =0x0000020726d55280
[2025-06-18T00:00:17.747+0300][12872][17016][debug][safepoint] ... found polling page loop exception at pc = 0x00000207273ce6db, stub =0x0000020726d55b00
[2025-06-18T00:00:17.755+0300][12872][18160][debug][gc,phases] GC(28) Concurrent Classes Purge 0.033ms
[2025-06-18T00:00:17.755+0300][12872][18160][debug][gc,phases] GC(28) Concurrent References Enqueue 0.006ms
[2025-06-18T00:00:17.755+0300][12872][18160][info ][gc,phases] GC(28) Concurrent Process Non-Strong References 10.551ms
[2025-06-18T00:00:17.755+0300][12872][18160][info ][gc,phases] GC(28) Concurrent Reset Relocation Set 0.010ms
[2025-06-18T00:00:17.759+0300][12872][18160][info ][gc,phases] GC(28) Concurrent Select Relocation Set 3.341ms
[2025-06-18T00:00:17.759+0300][12872][20264][debug][safepoint] Safepoint synchronization initiated using striped semaphore wait barrier. (20 threads)
[2025-06-18T00:00:17.759+0300][12872][3760 ][debug][safepoint] ... found polling page loop exception at pc = 0x000002072738f8dc, stub =0x0000020726d55b00
[2025-06-18T00:00:17.759+0300][12872][8412 ][debug][safepoint] ... found polling page loop exception at pc = 0x00000207273564c6, stub =0x0000020726d55b00
[2025-06-18T00:00:17.759+0300][12872][15132][debug][safepoint] ... found polling page loop exception at pc = 0x000002072735d04c, stub =0x0000020726d55b00
[2025-06-18T00:00:17.759+0300][12872][10352][debug][safepoint] ... found polling page loop exception at pc = 0x000002072737074b, stub =0x0000020726d55b00
[2025-06-18T00:00:17.759+0300][12872][13760][debug][safepoint] ... found polling page loop exception at pc = 0x00000207273dd304, stub =0x0000020726d55b00
[2025-06-18T00:00:17.759+0300][12872][20264][info ][gc,phases] GC(28) Pause Relocate Start 0.010ms
[2025-06-18T00:00:17.759+0300][12872][20264][info ][safepoint] Safepoint "XRelocateStart", Time since last: 14102400 ns, Reaching safepoint: 308200 ns, Cleanup: 5900 ns, At safepoint: 83700 ns, Total: 397800 ns
[2025-06-18T00:00:17.760+0300][12872][18160][info ][gc,phases] GC(28) Concurrent Relocate 2.814ms
[2025-06-18T00:00:17.760+0300][12872][18160][debug][gc,heap  ] GC(28) Heap after GC invocations=29 (full 29):
[2025-06-18T00:00:17.760+0300][12872][18160][debug][gc,heap  ] GC(28)  ZHeap           used 172M, capacity 2048M, max capacity 2048M
[2025-06-18T00:00:17.760+0300][12872][18160][debug][gc,heap  ] GC(28)  Metaspace       used 8703K, committed 9664K, reserved 1114112K
[2025-06-18T00:00:17.760+0300][12872][18160][debug][gc,heap  ] GC(28)   class space    used 875K, committed 1280K, reserved 1048576K
[2025-06-18T00:00:17.760+0300][12872][18160][info ][gc,heap  ] GC(28) Min Capacity: 2048M(100%)
[2025-06-18T00:00:17.760+0300][12872][18160][info ][gc,heap  ] GC(28) Max Capacity: 2048M(100%)
[2025-06-18T00:00:17.762+0300][12872][18160][info ][gc,heap  ] GC(28) Soft Max Capacity: 2048M(100%)
[2025-06-18T00:00:17.762+0300][12872][18160][info ][gc,heap  ] GC(28)                Mark Start          Mark End        Relocate Start      Relocate End           High               Low         
[2025-06-18T00:00:17.762+0300][12872][18160][info ][gc,heap  ] GC(28)  Capacity:     2048M (100%)       2048M (100%)       2048M (100%)       2048M (100%)       2048M (100%)       2048M (100%)   
[2025-06-18T00:00:17.762+0300][12872][18160][info ][gc,heap  ] GC(28)      Free:      818M (40%)         726M (35%)        1648M (80%)        1876M (92%)        1876M (92%)         696M (34%)    
[2025-06-18T00:00:17.762+0300][12872][18160][info ][gc,heap  ] GC(28)      Used:     1230M (60%)        1322M (65%)         400M (20%)         172M (8%)         1352M (66%)         172M (8%)     
[2025-06-18T00:00:17.762+0300][12872][18160][info ][gc,heap  ] GC(28)      Live:         -                11M (1%)           11M (1%)           11M (1%)             -                  -          
[2025-06-18T00:00:17.762+0300][12872][18160][info ][gc,heap  ] GC(28) Allocated:         -                92M (4%)          126M (6%)          133M (7%)             -                  -          
[2025-06-18T00:00:17.762+0300][12872][18160][info ][gc,heap  ] GC(28)   Garbage:         -              1218M (60%)         262M (13%)          26M (1%)             -                  -          
[2025-06-18T00:00:17.762+0300][12872][18160][info ][gc,heap  ] GC(28) Reclaimed:         -                  -               956M (47%)        1191M (58%)            -                  -          
[2025-06-18T00:00:17.762+0300][12872][18160][info ][gc       ] GC(28) Garbage Collection (Allocation Rate) 1230M(60%)->172M(8%)
[2025-06-18T00:00:18.013+0300][12872][18160][debug][gc,heap  ] GC(29) Heap before GC invocations=29 (full 29):
[2025-06-18T00:00:18.013+0300][12872][18160][debug][gc,heap  ] GC(29)  ZHeap           used 998M, capacity 2048M, max capacity 2048M
[2025-06-18T00:00:18.013+0300][12872][18160][debug][gc,heap  ] GC(29)  Metaspace       used 8703K, committed 9664K, reserved 1114112K
[2025-06-18T00:00:18.013+0300][12872][18160][debug][gc,heap  ] GC(29)   class space    used 875K, committed 1280K, reserved 1048576K
[2025-06-18T00:00:18.013+0300][12872][20264][debug][safepoint] Safepoint synchronization initiated using striped semaphore wait barrier. (19 threads)
[2025-06-18T00:00:18.013+0300][12872][3760 ][debug][safepoint] ... found polling page loop exception at pc = 0x00000207273564c6, stub =0x0000020726d55b00
[2025-06-18T00:00:18.013+0300][12872][19900][debug][safepoint] ... found polling page loop exception at pc = 0x00000207273653e0, stub =0x0000020726d55280
[2025-06-18T00:00:18.013+0300][12872][13760][debug][safepoint] ... found polling page loop exception at pc = 0x0000020727356360, stub =0x0000020726d55b00
[2025-06-18T00:00:18.013+0300][12872][8412 ][debug][safepoint] ... found polling page loop exception at pc = 0x00000207273653e0, stub =0x0000020726d55280
[2025-06-18T00:00:18.013+0300][12872][15132][debug][safepoint] ... found polling page loop exception at pc = 0x00000207273653e0, stub =0x0000020726d55280
[2025-06-18T00:00:18.013+0300][12872][17016][debug][safepoint] ... found polling page loop exception at pc = 0x000002072737074b, stub =0x0000020726d55b00
[2025-06-18T00:00:18.013+0300][12872][20264][info ][gc,phases] GC(29) Pause Mark Start 0.011ms
[2025-06-18T00:00:18.013+0300][12872][20264][info ][safepoint] Safepoint "XMarkStart", Time since last: 254314300 ns, Reaching safepoint: 393400 ns, Cleanup: 7300 ns, At safepoint: 79000 ns, Total: 479700 ns
[2025-06-18T00:00:18.022+0300][12872][19900][debug][safepoint] ... found polling page loop exception at pc = 0x00000207273653e0, stub =0x0000020726d55280
[2025-06-18T00:00:18.022+0300][12872][10352][debug][safepoint] ... found polling page loop exception at pc = 0x00000207273ce6db, stub =0x0000020726d55b00
[2025-06-18T00:00:18.022+0300][12872][13760][debug][safepoint] ... found polling page loop exception at pc = 0x00000207273653e0, stub =0x0000020726d55280
[2025-06-18T00:00:18.022+0300][12872][7892 ][debug][safepoint] ... found polling page loop exception at pc = 0x00000207273653e0, stub =0x0000020726d55280
[2025-06-18T00:00:18.022+0300][12872][15132][debug][safepoint] ... found polling page loop exception at pc = 0x000002072735d04c, stub =0x0000020726d55b00
[2025-06-18T00:00:18.022+0300][12872][8412 ][debug][safepoint] ... found polling page loop exception at pc = 0x00000207273653e0, stub =0x0000020726d55280
[2025-06-18T00:00:18.022+0300][12872][3760 ][debug][safepoint] ... found polling page loop exception at pc = 0x0000020727356360, stub =0x0000020726d55b00
[2025-06-18T00:00:18.029+0300][12872][3760 ][debug][safepoint] ... found polling page loop exception at pc = 0x00000207273653e0, stub =0x0000020726d55280
[2025-06-18T00:00:18.029+0300][12872][8412 ][debug][safepoint] ... found polling page loop exception at pc = 0x00000207273653e0, stub =0x0000020726d55280
[2025-06-18T00:00:18.029+0300][12872][13760][debug][safepoint] ... found polling page loop exception at pc = 0x00000207273653e0, stub =0x0000020726d55280
[2025-06-18T00:00:18.029+0300][12872][15132][debug][safepoint] ... found polling page loop exception at pc = 0x00000207273653e0, stub =0x0000020726d55280
[2025-06-18T00:00:18.029+0300][12872][10352][debug][safepoint] ... found polling page loop exception at pc = 0x00000207273653e0, stub =0x0000020726d55280
[2025-06-18T00:00:18.029+0300][12872][17016][debug][safepoint] ... found polling page loop exception at pc = 0x00000207274e7f5b, stub =0x0000020726d55280
[2025-06-18T00:00:18.045+0300][12872][13760][debug][safepoint] ... found polling page loop exception at pc = 0x00000207273653e0, stub =0x0000020726d55280
[2025-06-18T00:00:18.045+0300][12872][17016][debug][safepoint] ... found polling page loop exception at pc = 0x000002072735d04c, stub =0x0000020726d55b00
[2025-06-18T00:00:18.045+0300][12872][10352][debug][safepoint] ... found polling page loop exception at pc = 0x00000207273564c6, stub =0x0000020726d55b00
[2025-06-18T00:00:18.045+0300][12872][8412 ][debug][safepoint] ... found polling page loop exception at pc = 0x00000207273653e0, stub =0x0000020726d55280
[2025-06-18T00:00:18.045+0300][12872][19900][debug][safepoint] ... found polling page loop exception at pc = 0x00000207273653e0, stub =0x0000020726d55280
[2025-06-18T00:00:18.045+0300][12872][15132][debug][safepoint] ... found polling page loop exception at pc = 0x00000207274e762c, stub =0x0000020726d55280
[2025-06-18T00:00:18.045+0300][12872][17016][debug][safepoint] ... found polling page loop exception at pc = 0x00000207273653e0, stub =0x0000020726d55280
[2025-06-18T00:00:18.045+0300][12872][10352][debug][safepoint] ... found polling page loop exception at pc = 0x00000207273e1cd9, stub =0x0000020726d55b00
[2025-06-18T00:00:18.045+0300][12872][15132][debug][safepoint] ... found polling page loop exception at pc = 0x00000207273653e0, stub =0x0000020726d55280
[2025-06-18T00:00:18.045+0300][12872][8412 ][debug][safepoint] ... found polling page loop exception at pc = 0x00000207273517fb, stub =0x0000020726d55280
[2025-06-18T00:00:18.045+0300][12872][7892 ][debug][safepoint] ... found polling page loop exception at pc = 0x00000207274e762c, stub =0x0000020726d55280
[2025-06-18T00:00:18.045+0300][12872][13760][debug][safepoint] ... found polling page loop exception at pc = 0x0000020727386205, stub =0x0000020726d55b00
[2025-06-18T00:00:18.077+0300][12872][18160][info ][gc,phases] GC(29) Concurrent Mark 62.486ms
[2025-06-18T00:00:18.077+0300][12872][20264][debug][safepoint] Safepoint synchronization initiated using striped semaphore wait barrier. (19 threads)
[2025-06-18T00:00:18.077+0300][12872][10352][debug][safepoint] ... found polling page loop exception at pc = 0x00000207273564c6, stub =0x0000020726d55b00
[2025-06-18T00:00:18.077+0300][12872][13760][debug][safepoint] ... found polling page loop exception at pc = 0x000002072735d04c, stub =0x0000020726d55b00
[2025-06-18T00:00:18.077+0300][12872][3760 ][debug][safepoint] ... found polling page loop exception at pc = 0x00000207273653e0, stub =0x0000020726d55280
[2025-06-18T00:00:18.077+0300][12872][19900][debug][safepoint] ... found polling page loop exception at pc = 0x000002072737074b, stub =0x0000020726d55b00
[2025-06-18T00:00:18.077+0300][12872][17016][debug][safepoint] ... found polling page loop exception at pc = 0x000002072736408e, stub =0x0000020726d55b00
[2025-06-18T00:00:18.077+0300][12872][15132][debug][safepoint] ... found polling page loop exception at pc = 0x00000207273653e0, stub =0x0000020726d55280
[2025-06-18T00:00:18.077+0300][12872][7892 ][debug][safepoint] ... found polling page loop exception at pc = 0x00000207273564c6, stub =0x0000020726d55b00
[2025-06-18T00:00:18.077+0300][12872][8412 ][debug][safepoint] ... found polling page loop exception at pc = 0x00000207273564c6, stub =0x0000020726d55b00
[2025-06-18T00:00:18.077+0300][12872][20264][info ][gc,phases] GC(29) Pause Mark End 0.014ms
[2025-06-18T00:00:18.077+0300][12872][20264][info ][safepoint] Safepoint "XMarkEnd", Time since last: 62628000 ns, Reaching safepoint: 421400 ns, Cleanup: 5200 ns, At safepoint: 68700 ns, Total: 495300 ns
[2025-06-18T00:00:18.077+0300][12872][18160][info ][gc,phases] GC(29) Concurrent Mark Free 0.001ms
[2025-06-18T00:00:18.077+0300][12872][18160][debug][gc,phases] GC(29) Concurrent References Process 0.108ms
[2025-06-18T00:00:18.077+0300][12872][18160][debug][gc,phases] GC(29) ClassLoaderData 0.017ms
[2025-06-18T00:00:18.077+0300][12872][18160][debug][gc,phases] GC(29) Trigger cleanups 0.001ms
[2025-06-18T00:00:18.079+0300][12872][18160][debug][gc,phases] GC(29) Concurrent Classes Unlink 2.832ms
[2025-06-18T00:00:18.079+0300][12872][8412 ][debug][safepoint] ... found polling page loop exception at pc = 0x00000207273653e0, stub =0x0000020726d55280
[2025-06-18T00:00:18.079+0300][12872][13760][debug][safepoint] ... found polling page loop exception at pc = 0x00000207273b127c, stub =0x0000020726d55b00
[2025-06-18T00:00:18.079+0300][12872][3760 ][debug][safepoint] ... found polling page loop exception at pc = 0x00000207273653e0, stub =0x0000020726d55280
[2025-06-18T00:00:18.079+0300][12872][15132][debug][safepoint] ... found polling page loop exception at pc = 0x00000207273653e0, stub =0x0000020726d55280
[2025-06-18T00:00:18.081+0300][12872][18160][debug][gc,phases] GC(29) Concurrent Classes Purge 0.026ms
[2025-06-18T00:00:18.081+0300][12872][18160][debug][gc,phases] GC(29) Concurrent References Enqueue 0.006ms
[2025-06-18T00:00:18.081+0300][12872][18160][info ][gc,phases] GC(29) Concurrent Process Non-Strong References 4.022ms
[2025-06-18T00:00:18.081+0300][12872][18160][info ][gc,phases] GC(29) Concurrent Reset Relocation Set 0.009ms
[2025-06-18T00:00:18.083+0300][12872][18160][info ][gc,phases] GC(29) Concurrent Select Relocation Set 2.600ms
[2025-06-18T00:00:18.083+0300][12872][20264][debug][safepoint] Safepoint synchronization initiated using striped semaphore wait barrier. (19 threads)
[2025-06-18T00:00:18.083+0300][12872][3760 ][debug][safepoint] ... found polling page loop exception at pc = 0x00000207273653e0, stub =0x0000020726d55280
[2025-06-18T00:00:18.083+0300][12872][17016][debug][safepoint] ... found polling page loop exception at pc = 0x00000207273653e0, stub =0x0000020726d55280
[2025-06-18T00:00:18.083+0300][12872][15132][debug][safepoint] ... found polling page loop exception at pc = 0x00000207273653e0, stub =0x0000020726d55280
[2025-06-18T00:00:18.083+0300][12872][19900][debug][safepoint] ... found polling page loop exception at pc = 0x00000207273653e0, stub =0x0000020726d55280
[2025-06-18T00:00:18.083+0300][12872][20264][info ][gc,phases] GC(29) Pause Relocate Start 0.007ms
[2025-06-18T00:00:18.083+0300][12872][20264][info ][safepoint] Safepoint "XRelocateStart", Time since last: 6816600 ns, Reaching safepoint: 301600 ns, Cleanup: 5600 ns, At safepoint: 62700 ns, Total: 369900 ns
[2025-06-18T00:00:18.086+0300][12872][18160][info ][gc,phases] GC(29) Concurrent Relocate 2.351ms
[2025-06-18T00:00:18.086+0300][12872][18160][debug][gc,heap  ] GC(29) Heap after GC invocations=30 (full 30):
[2025-06-18T00:00:18.086+0300][12872][18160][debug][gc,heap  ] GC(29)  ZHeap           used 244M, capacity 2048M, max capacity 2048M
[2025-06-18T00:00:18.086+0300][12872][18160][debug][gc,heap  ] GC(29)  Metaspace       used 8703K, committed 9664K, reserved 1114112K
[2025-06-18T00:00:18.086+0300][12872][18160][debug][gc,heap  ] GC(29)   class space    used 875K, committed 1280K, reserved 1048576K
[2025-06-18T00:00:18.086+0300][12872][18160][info ][gc,heap  ] GC(29) Min Capacity: 2048M(100%)
[2025-06-18T00:00:18.086+0300][12872][18160][info ][gc,heap  ] GC(29) Max Capacity: 2048M(100%)
[2025-06-18T00:00:18.086+0300][12872][18160][info ][gc,heap  ] GC(29) Soft Max Capacity: 2048M(100%)
[2025-06-18T00:00:18.086+0300][12872][18160][info ][gc,heap  ] GC(29)                Mark Start          Mark End        Relocate Start      Relocate End           High               Low         
[2025-06-18T00:00:18.086+0300][12872][18160][info ][gc,heap  ] GC(29)  Capacity:     2048M (100%)       2048M (100%)       2048M (100%)       2048M (100%)       2048M (100%)       2048M (100%)   
[2025-06-18T00:00:18.086+0300][12872][18160][info ][gc,heap  ] GC(29)      Free:     1048M (51%)         868M (42%)        1606M (78%)        1804M (88%)        1806M (88%)         856M (42%)    
[2025-06-18T00:00:18.086+0300][12872][18160][info ][gc,heap  ] GC(29)      Used:     1000M (49%)        1180M (58%)         442M (22%)         244M (12%)        1192M (58%)         242M (12%)    
[2025-06-18T00:00:18.086+0300][12872][18160][info ][gc,heap  ] GC(29)      Live:         -                11M (1%)           11M (1%)           11M (1%)             -                  -          
[2025-06-18T00:00:18.086+0300][12872][18160][info ][gc,heap  ] GC(29) Allocated:         -               180M (9%)          202M (10%)         205M (10%)            -                  -          
[2025-06-18T00:00:18.086+0300][12872][18160][info ][gc,heap  ] GC(29)   Garbage:         -               988M (48%)         228M (11%)          26M (1%)             -                  -          
[2025-06-18T00:00:18.086+0300][12872][18160][info ][gc,heap  ] GC(29) Reclaimed:         -                  -               760M (37%)         961M (47%)            -                  -          
[2025-06-18T00:00:18.086+0300][12872][18160][info ][gc       ] GC(29) Garbage Collection (Allocation Rate) 1000M(49%)->244M(12%)
[2025-06-18T00:00:18.314+0300][12872][18160][debug][gc,heap  ] GC(30) Heap before GC invocations=30 (full 30):
[2025-06-18T00:00:18.314+0300][12872][18160][debug][gc,heap  ] GC(30)  ZHeap           used 1030M, capacity 2048M, max capacity 2048M
[2025-06-18T00:00:18.314+0300][12872][18160][debug][gc,heap  ] GC(30)  Metaspace       used 8703K, committed 9664K, reserved 1114112K
[2025-06-18T00:00:18.314+0300][12872][18160][debug][gc,heap  ] GC(30)   class space    used 875K, committed 1280K, reserved 1048576K
[2025-06-18T00:00:18.314+0300][12872][20264][debug][safepoint] Safepoint synchronization initiated using striped semaphore wait barrier. (19 threads)
[2025-06-18T00:00:18.314+0300][12872][13760][debug][safepoint] ... found polling page loop exception at pc = 0x00000207273653e0, stub =0x0000020726d55280
[2025-06-18T00:00:18.314+0300][12872][10352][debug][safepoint] ... found polling page loop exception at pc = 0x00000207273653e0, stub =0x0000020726d55280
[2025-06-18T00:00:18.314+0300][12872][3760 ][debug][safepoint] ... found polling page loop exception at pc = 0x00000207273653e0, stub =0x0000020726d55280
[2025-06-18T00:00:18.314+0300][12872][17016][debug][safepoint] ... found polling page loop exception at pc = 0x00000207273653e0, stub =0x0000020726d55280
[2025-06-18T00:00:18.314+0300][12872][8412 ][debug][safepoint] ... found polling page loop exception at pc = 0x00000207273768c0, stub =0x0000020726d55b00
[2025-06-18T00:00:18.314+0300][12872][20264][info ][gc,phases] GC(30) Pause Mark Start 0.010ms
[2025-06-18T00:00:18.314+0300][12872][20264][info ][safepoint] Safepoint "XMarkStart", Time since last: 229465800 ns, Reaching safepoint: 336000 ns, Cleanup: 6500 ns, At safepoint: 72000 ns, Total: 414500 ns
[2025-06-18T00:00:18.322+0300][12872][13760][debug][safepoint] ... found polling page loop exception at pc = 0x00000207273653e0, stub =0x0000020726d55280
[2025-06-18T00:00:18.322+0300][12872][17016][debug][safepoint] ... found polling page loop exception at pc = 0x00000207273653e0, stub =0x0000020726d55280
[2025-06-18T00:00:18.322+0300][12872][10352][debug][safepoint] ... found polling page loop exception at pc = 0x00000207273653e0, stub =0x0000020726d55280
[2025-06-18T00:00:18.322+0300][12872][3760 ][debug][safepoint] ... found polling page loop exception at pc = 0x000002072745bd75, stub =0x0000020726d55b00
[2025-06-18T00:00:18.322+0300][12872][8412 ][debug][safepoint] ... found polling page loop exception at pc = 0x00000207273653e0, stub =0x0000020726d55280
[2025-06-18T00:00:18.322+0300][12872][7892 ][debug][safepoint] ... found polling page loop exception at pc = 0x000002072738c351, stub =0x0000020726d55b00
[2025-06-18T00:00:18.324+0300][12872][17016][debug][safepoint] ... found polling page loop exception at pc = 0x00000207273653e0, stub =0x0000020726d55280
[2025-06-18T00:00:18.324+0300][12872][15132][debug][safepoint] ... found polling page loop exception at pc = 0x00000207273653e0, stub =0x0000020726d55280
[2025-06-18T00:00:18.324+0300][12872][8412 ][debug][safepoint] ... found polling page loop exception at pc = 0x00000207273653e0, stub =0x0000020726d55280
[2025-06-18T00:00:18.324+0300][12872][3760 ][debug][safepoint] ... found polling page loop exception at pc = 0x00000207273653e0, stub =0x0000020726d55280
[2025-06-18T00:00:18.324+0300][12872][13760][debug][safepoint] ... found polling page loop exception at pc = 0x00000207273653e0, stub =0x0000020726d55280
[2025-06-18T00:00:18.329+0300][12872][8412 ][debug][safepoint] ... found polling page loop exception at pc = 0x00000207273d8d9f, stub =0x0000020726d55b00
[2025-06-18T00:00:18.329+0300][12872][3760 ][debug][safepoint] ... found polling page loop exception at pc = 0x00000207273653e0, stub =0x0000020726d55280
[2025-06-18T00:00:18.329+0300][12872][13760][debug][safepoint] ... found polling page loop exception at pc = 0x00000207273653e0, stub =0x0000020726d55280
[2025-06-18T00:00:18.329+0300][12872][7892 ][debug][safepoint] ... found polling page loop exception at pc = 0x00000207273653e0, stub =0x0000020726d55280
[2025-06-18T00:00:18.329+0300][12872][17016][debug][safepoint] ... found polling page loop exception at pc = 0x00000207273653e0, stub =0x0000020726d55280
[2025-06-18T00:00:18.329+0300][12872][17016][debug][safepoint] ... found polling page loop exception at pc = 0x00000207273653e0, stub =0x0000020726d55280
[2025-06-18T00:00:18.329+0300][12872][3760 ][debug][safepoint] ... found polling page loop exception at pc = 0x00000207273653e0, stub =0x0000020726d55280
[2025-06-18T00:00:18.329+0300][12872][15132][debug][safepoint] ... found polling page loop exception at pc = 0x00000207273653e0, stub =0x0000020726d55280
[2025-06-18T00:00:18.329+0300][12872][13760][debug][safepoint] ... found polling page loop exception at pc = 0x00000207273653e0, stub =0x0000020726d55280
[2025-06-18T00:00:18.329+0300][12872][7892 ][debug][safepoint] ... found polling page loop exception at pc = 0x00000207273653e0, stub =0x0000020726d55280
[2025-06-18T00:00:18.329+0300][12872][10352][debug][safepoint] ... found polling page loop exception at pc = 0x00000207273653e0, stub =0x0000020726d55280
[2025-06-18T00:00:18.329+0300][12872][8412 ][debug][safepoint] ... found polling page loop exception at pc = 0x00000207274e7f5b, stub =0x0000020726d55280
[2025-06-18T00:00:18.345+0300][12872][18160][info ][gc,phases] GC(30) Concurrent Mark 30.832ms
[2025-06-18T00:00:18.345+0300][12872][20264][debug][safepoint] Safepoint synchronization initiated using striped semaphore wait barrier. (19 threads)
[2025-06-18T00:00:18.345+0300][12872][19900][debug][safepoint] ... found polling page loop exception at pc = 0x00000207273653e0, stub =0x0000020726d55280
[2025-06-18T00:00:18.345+0300][12872][7892 ][debug][safepoint] ... found polling page loop exception at pc = 0x00000207273653e0, stub =0x0000020726d55280
[2025-06-18T00:00:18.345+0300][12872][13760][debug][safepoint] ... found polling page loop exception at pc = 0x000002072737074b, stub =0x0000020726d55b00
[2025-06-18T00:00:18.345+0300][12872][17016][debug][safepoint] ... found polling page loop exception at pc = 0x00000207273653e0, stub =0x0000020726d55280
[2025-06-18T00:00:18.345+0300][12872][10352][debug][safepoint] ... found polling page loop exception at pc = 0x00000207273653e0, stub =0x0000020726d55280
[2025-06-18T00:00:18.345+0300][12872][20264][info ][gc,phases] GC(30) Pause Mark End 0.017ms
[2025-06-18T00:00:18.345+0300][12872][20264][info ][safepoint] Safepoint "XMarkEnd", Time since last: 30962800 ns, Reaching safepoint: 286800 ns, Cleanup: 6200 ns, At safepoint: 89500 ns, Total: 382500 ns
[2025-06-18T00:00:18.345+0300][12872][18160][info ][gc,phases] GC(30) Concurrent Mark Free 0.001ms
[2025-06-18T00:00:18.345+0300][12872][18160][debug][gc,phases] GC(30) Concurrent References Process 0.121ms
[2025-06-18T00:00:18.345+0300][12872][18160][debug][gc,phases] GC(30) ClassLoaderData 0.024ms
[2025-06-18T00:00:18.345+0300][12872][18160][debug][gc,phases] GC(30) Trigger cleanups 0.000ms
[2025-06-18T00:00:18.355+0300][12872][18160][debug][gc,phases] GC(30) Concurrent Classes Unlink 9.053ms
[2025-06-18T00:00:18.355+0300][12872][3760 ][debug][safepoint] ... found polling page loop exception at pc = 0x00000207273e1cd9, stub =0x0000020726d55b00
[2025-06-18T00:00:18.355+0300][12872][15132][debug][safepoint] ... found polling page loop exception at pc = 0x000002072736408e, stub =0x0000020726d55b00
[2025-06-18T00:00:18.355+0300][12872][19900][debug][safepoint] ... found polling page loop exception at pc = 0x00000207273653e0, stub =0x0000020726d55280
[2025-06-18T00:00:18.355+0300][12872][8412 ][debug][safepoint] ... found polling page loop exception at pc = 0x00000207273653e0, stub =0x0000020726d55280
[2025-06-18T00:00:18.355+0300][12872][13760][debug][safepoint] ... found polling page loop exception at pc = 0x00000207273653e0, stub =0x0000020726d55280
[2025-06-18T00:00:18.355+0300][12872][17016][debug][safepoint] ... found polling page loop exception at pc = 0x00000207273564c6, stub =0x0000020726d55b00
[2025-06-18T00:00:18.355+0300][12872][10352][debug][safepoint] ... found polling page loop exception at pc = 0x00000207273f947a, stub =0x0000020726d55280
[2025-06-18T00:00:18.355+0300][12872][18160][debug][gc,phases] GC(30) Concurrent Classes Purge 0.056ms
[2025-06-18T00:00:18.355+0300][12872][18160][debug][gc,phases] GC(30) Concurrent References Enqueue 0.006ms
[2025-06-18T00:00:18.355+0300][12872][18160][info ][gc,phases] GC(30) Concurrent Process Non-Strong References 10.560ms
[2025-06-18T00:00:18.355+0300][12872][18160][info ][gc,phases] GC(30) Concurrent Reset Relocation Set 0.007ms
[2025-06-18T00:00:18.357+0300][12872][18160][info ][gc,phases] GC(30) Concurrent Select Relocation Set 2.663ms
[2025-06-18T00:00:18.357+0300][12872][20264][debug][safepoint] Safepoint synchronization initiated using striped semaphore wait barrier. (19 threads)
[2025-06-18T00:00:18.357+0300][12872][3760 ][debug][safepoint] ... found polling page loop exception at pc = 0x00000207273653e0, stub =0x0000020726d55280
[2025-06-18T00:00:18.357+0300][12872][13760][debug][safepoint] ... found polling page loop exception at pc = 0x00000207273653e0, stub =0x0000020726d55280
[2025-06-18T00:00:18.357+0300][12872][17016][debug][safepoint] ... found polling page loop exception at pc = 0x0000020727356360, stub =0x0000020726d55b00
[2025-06-18T00:00:18.357+0300][12872][10352][debug][safepoint] ... found polling page loop exception at pc = 0x00000207273653e0, stub =0x0000020726d55280
[2025-06-18T00:00:18.357+0300][12872][8412 ][debug][safepoint] ... found polling page loop exception at pc = 0x00000207273653e0, stub =0x0000020726d55280
[2025-06-18T00:00:18.357+0300][12872][15132][debug][safepoint] ... found polling page loop exception at pc = 0x00000207273653e0, stub =0x0000020726d55280
[2025-06-18T00:00:18.357+0300][12872][20264][info ][gc,phases] GC(30) Pause Relocate Start 0.009ms
[2025-06-18T00:00:18.357+0300][12872][20264][info ][safepoint] Safepoint "XRelocateStart", Time since last: 13463100 ns, Reaching safepoint: 287500 ns, Cleanup: 4700 ns, At safepoint: 78400 ns, Total: 370600 ns
[2025-06-18T00:00:18.361+0300][12872][18160][info ][gc,phases] GC(30) Concurrent Relocate 2.376ms
[2025-06-18T00:00:18.361+0300][12872][18160][debug][gc,heap  ] GC(30) Heap after GC invocations=31 (full 31):
[2025-06-18T00:00:18.361+0300][12872][18160][debug][gc,heap  ] GC(30)  ZHeap           used 182M, capacity 2048M, max capacity 2048M
[2025-06-18T00:00:18.361+0300][12872][18160][debug][gc,heap  ] GC(30)  Metaspace       used 8703K, committed 9664K, reserved 1114112K
[2025-06-18T00:00:18.361+0300][12872][18160][debug][gc,heap  ] GC(30)   class space    used 875K, committed 1280K, reserved 1048576K
[2025-06-18T00:00:18.361+0300][12872][18160][info ][gc,heap  ] GC(30) Min Capacity: 2048M(100%)
[2025-06-18T00:00:18.361+0300][12872][18160][info ][gc,heap  ] GC(30) Max Capacity: 2048M(100%)
[2025-06-18T00:00:18.361+0300][12872][18160][info ][gc,heap  ] GC(30) Soft Max Capacity: 2048M(100%)
[2025-06-18T00:00:18.361+0300][12872][18160][info ][gc,heap  ] GC(30)                Mark Start          Mark End        Relocate Start      Relocate End           High               Low         
[2025-06-18T00:00:18.361+0300][12872][18160][info ][gc,heap  ] GC(30)  Capacity:     2048M (100%)       2048M (100%)       2048M (100%)       2048M (100%)       2048M (100%)       2048M (100%)   
[2025-06-18T00:00:18.361+0300][12872][18160][info ][gc,heap  ] GC(30)      Free:     1018M (50%)         914M (45%)        1664M (81%)        1866M (91%)        1868M (91%)         890M (43%)    
[2025-06-18T00:00:18.361+0300][12872][18160][info ][gc,heap  ] GC(30)      Used:     1030M (50%)        1134M (55%)         384M (19%)         182M (9%)         1158M (57%)         180M (9%)     
[2025-06-18T00:00:18.361+0300][12872][18160][info ][gc,heap  ] GC(30)      Live:         -                11M (1%)           11M (1%)           11M (1%)             -                  -          
[2025-06-18T00:00:18.361+0300][12872][18160][info ][gc,heap  ] GC(30) Allocated:         -               104M (5%)          140M (7%)          143M (7%)             -                  -          
[2025-06-18T00:00:18.361+0300][12872][18160][info ][gc,heap  ] GC(30)   Garbage:         -              1018M (50%)         232M (11%)          27M (1%)             -                  -          
[2025-06-18T00:00:18.361+0300][12872][18160][info ][gc,heap  ] GC(30) Reclaimed:         -                  -               786M (38%)         991M (48%)            -                  -          
[2025-06-18T00:00:18.361+0300][12872][18160][info ][gc       ] GC(30) Garbage Collection (Allocation Rate) 1030M(50%)->182M(9%)
[2025-06-18T00:00:18.708+0300][12872][18160][debug][gc,heap  ] GC(31) Heap before GC invocations=31 (full 31):
[2025-06-18T00:00:18.708+0300][12872][18160][debug][gc,heap  ] GC(31)  ZHeap           used 1268M, capacity 2048M, max capacity 2048M
[2025-06-18T00:00:18.708+0300][12872][18160][debug][gc,heap  ] GC(31)  Metaspace       used 8703K, committed 9664K, reserved 1114112K
[2025-06-18T00:00:18.708+0300][12872][18160][debug][gc,heap  ] GC(31)   class space    used 875K, committed 1280K, reserved 1048576K
[2025-06-18T00:00:18.708+0300][12872][20264][debug][safepoint] Safepoint synchronization initiated using striped semaphore wait barrier. (19 threads)
[2025-06-18T00:00:18.708+0300][12872][13760][debug][safepoint] ... found polling page loop exception at pc = 0x00000207273653e0, stub =0x0000020726d55280
[2025-06-18T00:00:18.708+0300][12872][8412 ][debug][safepoint] ... found polling page loop exception at pc = 0x00000207273564c6, stub =0x0000020726d55b00
[2025-06-18T00:00:18.708+0300][12872][17016][debug][safepoint] ... found polling page loop exception at pc = 0x00000207273653e0, stub =0x0000020726d55280
[2025-06-18T00:00:18.708+0300][12872][20264][info ][gc,phases] GC(31) Pause Mark Start 0.009ms
[2025-06-18T00:00:18.708+0300][12872][20264][info ][safepoint] Safepoint "XMarkStart", Time since last: 349123300 ns, Reaching safepoint: 257400 ns, Cleanup: 5900 ns, At safepoint: 65700 ns, Total: 329000 ns
[2025-06-18T00:00:18.726+0300][12872][15132][debug][safepoint] ... found polling page loop exception at pc = 0x00000207273653e0, stub =0x0000020726d55280
[2025-06-18T00:00:18.726+0300][12872][7892 ][debug][safepoint] ... found polling page loop exception at pc = 0x00000207273653e0, stub =0x0000020726d55280
[2025-06-18T00:00:18.726+0300][12872][3760 ][debug][safepoint] ... found polling page loop exception at pc = 0x000002072737074b, stub =0x0000020726d55b00
[2025-06-18T00:00:18.726+0300][12872][13760][debug][safepoint] ... found polling page loop exception at pc = 0x00000207273653e0, stub =0x0000020726d55280
[2025-06-18T00:00:18.726+0300][12872][10352][debug][safepoint] ... found polling page loop exception at pc = 0x00000207273653e0, stub =0x0000020726d55280
[2025-06-18T00:00:18.726+0300][12872][8412 ][debug][safepoint] ... found polling page loop exception at pc = 0x00000207273653e0, stub =0x0000020726d55280
[2025-06-18T00:00:18.726+0300][12872][17016][debug][safepoint] ... found polling page loop exception at pc = 0x00000207273653e0, stub =0x0000020726d55280
[2025-06-18T00:00:18.726+0300][12872][7892 ][debug][safepoint] ... found polling page loop exception at pc = 0x00000207273653e0, stub =0x0000020726d55280
[2025-06-18T00:00:18.726+0300][12872][8412 ][debug][safepoint] ... found polling page loop exception at pc = 0x00000207273653e0, stub =0x0000020726d55280
[2025-06-18T00:00:18.726+0300][12872][17016][debug][safepoint] ... found polling page loop exception at pc = 0x00000207273653e0, stub =0x0000020726d55280
[2025-06-18T00:00:18.726+0300][12872][10352][debug][safepoint] ... found polling page loop exception at pc = 0x000002072735d04c, stub =0x0000020726d55b00
[2025-06-18T00:00:18.726+0300][12872][19900][debug][safepoint] ... found polling page loop exception at pc = 0x00000207273564c6, stub =0x0000020726d55b00
[2025-06-18T00:00:18.726+0300][12872][3760 ][debug][safepoint] ... found polling page loop exception at pc = 0x00000207273653e0, stub =0x0000020726d55280
[2025-06-18T00:00:18.726+0300][12872][15132][debug][safepoint] ... found polling page loop exception at pc = 0x00000207273653e0, stub =0x0000020726d55280
[2025-06-18T00:00:18.740+0300][12872][15132][debug][safepoint] ... found polling page loop exception at pc = 0x00000207273653e0, stub =0x0000020726d55280
[2025-06-18T00:00:18.740+0300][12872][8412 ][debug][safepoint] ... found polling page loop exception at pc = 0x00000207273653e0, stub =0x0000020726d55280
[2025-06-18T00:00:18.740+0300][12872][17016][debug][safepoint] ... found polling page loop exception at pc = 0x00000207273653e0, stub =0x0000020726d55280
[2025-06-18T00:00:18.740+0300][12872][18160][info ][gc,phases] GC(31) Concurrent Mark 31.182ms
[2025-06-18T00:00:18.740+0300][12872][20264][debug][safepoint] Safepoint synchronization initiated using striped semaphore wait barrier. (19 threads)
[2025-06-18T00:00:18.740+0300][12872][10352][debug][safepoint] ... found polling page loop exception at pc = 0x000002072736408e, stub =0x0000020726d55b00
[2025-06-18T00:00:18.740+0300][12872][15132][debug][safepoint] ... found polling page loop exception at pc = 0x000002072736408e, stub =0x0000020726d55b00
[2025-06-18T00:00:18.740+0300][12872][3760 ][debug][safepoint] ... found polling page loop exception at pc = 0x00000207273653e0, stub =0x0000020726d55280
[2025-06-18T00:00:18.740+0300][12872][7892 ][debug][safepoint] ... found polling page loop exception at pc = 0x00000207273564c6, stub =0x0000020726d55b00
[2025-06-18T00:00:18.740+0300][12872][13760][debug][safepoint] ... found polling page loop exception at pc = 0x00000207273653e0, stub =0x0000020726d55280
[2025-06-18T00:00:18.740+0300][12872][8412 ][debug][safepoint] ... found polling page loop exception at pc = 0x00000207273653e0, stub =0x0000020726d55280
[2025-06-18T00:00:18.740+0300][12872][19900][debug][safepoint] ... found polling page loop exception at pc = 0x00000207273653e0, stub =0x0000020726d55280
[2025-06-18T00:00:18.740+0300][12872][20264][info ][gc,phases] GC(31) Pause Mark End 0.017ms
[2025-06-18T00:00:18.740+0300][12872][20264][info ][safepoint] Safepoint "XMarkEnd", Time since last: 31288800 ns, Reaching safepoint: 340700 ns, Cleanup: 4900 ns, At safepoint: 82300 ns, Total: 427900 ns
[2025-06-18T00:00:18.740+0300][12872][18160][info ][gc,phases] GC(31) Concurrent Mark Free 0.001ms
[2025-06-18T00:00:18.740+0300][12872][18160][debug][gc,phases] GC(31) Concurrent References Process 0.157ms
[2025-06-18T00:00:18.740+0300][12872][18160][debug][gc,phases] GC(31) ClassLoaderData 0.017ms
[2025-06-18T00:00:18.740+0300][12872][18160][debug][gc,phases] GC(31) Trigger cleanups 0.000ms
[2025-06-18T00:00:18.746+0300][12872][18160][debug][gc,phases] GC(31) Concurrent Classes Unlink 5.583ms
[2025-06-18T00:00:18.746+0300][12872][19900][debug][safepoint] ... found polling page loop exception at pc = 0x00000207273653e0, stub =0x0000020726d55280
[2025-06-18T00:00:18.746+0300][12872][7892 ][debug][safepoint] ... found polling page loop exception at pc = 0x00000207273653e0, stub =0x0000020726d55280
[2025-06-18T00:00:18.746+0300][12872][15132][debug][safepoint] ... found polling page loop exception at pc = 0x00000207273653e0, stub =0x0000020726d55280
[2025-06-18T00:00:18.746+0300][12872][13760][debug][safepoint] ... found polling page loop exception at pc = 0x00000207273653e0, stub =0x0000020726d55280
[2025-06-18T00:00:18.746+0300][12872][10352][debug][safepoint] ... found polling page loop exception at pc = 0x00000207273653e0, stub =0x0000020726d55280
[2025-06-18T00:00:18.746+0300][12872][3760 ][debug][safepoint] ... found polling page loop exception at pc = 0x00000207273e9543, stub =0x0000020726d55280
[2025-06-18T00:00:18.746+0300][12872][8412 ][debug][safepoint] ... found polling page loop exception at pc = 0x00000207273653e0, stub =0x0000020726d55280
[2025-06-18T00:00:18.746+0300][12872][17016][debug][safepoint] ... found polling page loop exception at pc = 0x00000207273653e0, stub =0x0000020726d55280
[2025-06-18T00:00:18.755+0300][12872][18160][debug][gc,phases] GC(31) Concurrent Classes Purge 0.024ms
[2025-06-18T00:00:18.755+0300][12872][18160][debug][gc,phases] GC(31) Concurrent References Enqueue 0.008ms
[2025-06-18T00:00:18.755+0300][12872][18160][info ][gc,phases] GC(31) Concurrent Process Non-Strong References 14.874ms
[2025-06-18T00:00:18.755+0300][12872][18160][info ][gc,phases] GC(31) Concurrent Reset Relocation Set 0.010ms
[2025-06-18T00:00:18.757+0300][12872][18160][info ][gc,phases] GC(31) Concurrent Select Relocation Set 2.875ms
[2025-06-18T00:00:18.757+0300][12872][20264][debug][safepoint] Safepoint synchronization initiated using striped semaphore wait barrier. (19 threads)
[2025-06-18T00:00:18.757+0300][12872][10352][debug][safepoint] ... found polling page loop exception at pc = 0x00000207273653e0, stub =0x0000020726d55280
[2025-06-18T00:00:18.757+0300][12872][15132][debug][safepoint] ... found polling page loop exception at pc = 0x000002072737074b, stub =0x0000020726d55b00
[2025-06-18T00:00:18.757+0300][12872][17016][debug][safepoint] ... found polling page loop exception at pc = 0x0000020727386205, stub =0x0000020726d55b00
[2025-06-18T00:00:18.757+0300][12872][3760 ][debug][safepoint] ... found polling page loop exception at pc = 0x000002072735d04c, stub =0x0000020726d55b00
[2025-06-18T00:00:18.757+0300][12872][8412 ][debug][safepoint] ... found polling page loop exception at pc = 0x00000207273653e0, stub =0x0000020726d55280
[2025-06-18T00:00:18.757+0300][12872][7892 ][debug][safepoint] ... found polling page loop exception at pc = 0x00000207273653e0, stub =0x0000020726d55280
[2025-06-18T00:00:18.757+0300][12872][13760][debug][safepoint] ... found polling page loop exception at pc = 0x00000207273653e0, stub =0x0000020726d55280
[2025-06-18T00:00:18.757+0300][12872][20264][info ][gc,phases] GC(31) Pause Relocate Start 0.009ms
[2025-06-18T00:00:18.757+0300][12872][20264][info ][safepoint] Safepoint "XRelocateStart", Time since last: 17996000 ns, Reaching safepoint: 331100 ns, Cleanup: 4200 ns, At safepoint: 60900 ns, Total: 396200 ns
[2025-06-18T00:00:18.763+0300][12872][18160][info ][gc,phases] GC(31) Concurrent Relocate 4.299ms
[2025-06-18T00:00:18.763+0300][12872][18160][debug][gc,heap  ] GC(31) Heap after GC invocations=32 (full 32):
[2025-06-18T00:00:18.763+0300][12872][18160][debug][gc,heap  ] GC(31)  ZHeap           used 216M, capacity 2048M, max capacity 2048M
[2025-06-18T00:00:18.763+0300][12872][18160][debug][gc,heap  ] GC(31)  Metaspace       used 8703K, committed 9664K, reserved 1114112K
[2025-06-18T00:00:18.763+0300][12872][18160][debug][gc,heap  ] GC(31)   class space    used 875K, committed 1280K, reserved 1048576K
[2025-06-18T00:00:18.763+0300][12872][18160][info ][gc,heap  ] GC(31) Min Capacity: 2048M(100%)
[2025-06-18T00:00:18.763+0300][12872][18160][info ][gc,heap  ] GC(31) Max Capacity: 2048M(100%)
[2025-06-18T00:00:18.763+0300][12872][18160][info ][gc,heap  ] GC(31) Soft Max Capacity: 2048M(100%)
[2025-06-18T00:00:18.763+0300][12872][18160][info ][gc,heap  ] GC(31)                Mark Start          Mark End        Relocate Start      Relocate End           High               Low         
[2025-06-18T00:00:18.763+0300][12872][18160][info ][gc,heap  ] GC(31)  Capacity:     2048M (100%)       2048M (100%)       2048M (100%)       2048M (100%)       2048M (100%)       2048M (100%)   
[2025-06-18T00:00:18.763+0300][12872][18160][info ][gc,heap  ] GC(31)      Free:      780M (38%)         672M (33%)        1594M (78%)        1834M (90%)        1840M (90%)         624M (30%)    
[2025-06-18T00:00:18.763+0300][12872][18160][info ][gc,heap  ] GC(31)      Used:     1268M (62%)        1376M (67%)         454M (22%)         214M (10%)        1424M (70%)         208M (10%)    
[2025-06-18T00:00:18.763+0300][12872][18160][info ][gc,heap  ] GC(31)      Live:         -                11M (1%)           11M (1%)           11M (1%)             -                  -          
[2025-06-18T00:00:18.763+0300][12872][18160][info ][gc,heap  ] GC(31) Allocated:         -               108M (5%)          166M (8%)          175M (9%)             -                  -          
[2025-06-18T00:00:18.763+0300][12872][18160][info ][gc,heap  ] GC(31)   Garbage:         -              1256M (61%)         276M (14%)          27M (1%)             -                  -          
[2025-06-18T00:00:18.763+0300][12872][18160][info ][gc,heap  ] GC(31) Reclaimed:         -                  -               980M (48%)        1229M (60%)            -                  -          
[2025-06-18T00:00:18.763+0300][12872][18160][info ][gc       ] GC(31) Garbage Collection (Allocation Rate) 1268M(62%)->214M(10%)
[2025-06-18T00:00:19.103+0300][12872][18160][debug][gc,heap  ] GC(32) Heap before GC invocations=32 (full 32):
[2025-06-18T00:00:19.103+0300][12872][18160][debug][gc,heap  ] GC(32)  ZHeap           used 1160M, capacity 2048M, max capacity 2048M
[2025-06-18T00:00:19.103+0300][12872][18160][debug][gc,heap  ] GC(32)  Metaspace       used 8703K, committed 9664K, reserved 1114112K
[2025-06-18T00:00:19.103+0300][12872][18160][debug][gc,heap  ] GC(32)   class space    used 875K, committed 1280K, reserved 1048576K
[2025-06-18T00:00:19.103+0300][12872][20264][debug][safepoint] Safepoint synchronization initiated using striped semaphore wait barrier. (19 threads)
[2025-06-18T00:00:19.103+0300][12872][10352][debug][safepoint] ... found polling page loop exception at pc = 0x000002072735d04c, stub =0x0000020726d55b00
[2025-06-18T00:00:19.103+0300][12872][13760][debug][safepoint] ... found polling page loop exception at pc = 0x00000207273653e0, stub =0x0000020726d55280
[2025-06-18T00:00:19.103+0300][12872][3760 ][debug][safepoint] ... found polling page loop exception at pc = 0x00000207273e4412, stub =0x0000020726d55280
[2025-06-18T00:00:19.103+0300][12872][17016][debug][safepoint] ... found polling page loop exception at pc = 0x00000207273653e0, stub =0x0000020726d55280
[2025-06-18T00:00:19.103+0300][12872][15132][debug][safepoint] ... found polling page loop exception at pc = 0x00000207273564c6, stub =0x0000020726d55b00
[2025-06-18T00:00:19.103+0300][12872][19900][debug][safepoint] ... found polling page loop exception at pc = 0x00000207273653e0, stub =0x0000020726d55280
[2025-06-18T00:00:19.103+0300][12872][8412 ][debug][safepoint] ... found polling page loop exception at pc = 0x00000207273653e0, stub =0x0000020726d55280
[2025-06-18T00:00:19.103+0300][12872][20264][info ][gc,phases] GC(32) Pause Mark Start 0.010ms
[2025-06-18T00:00:19.103+0300][12872][20264][info ][safepoint] Safepoint "XMarkStart", Time since last: 344705700 ns, Reaching safepoint: 459700 ns, Cleanup: 7300 ns, At safepoint: 105500 ns, Total: 572500 ns
[2025-06-18T00:00:19.127+0300][12872][3760 ][debug][safepoint] ... found polling page loop exception at pc = 0x00000207273653e0, stub =0x0000020726d55280
[2025-06-18T00:00:19.127+0300][12872][7892 ][debug][safepoint] ... found polling page loop exception at pc = 0x000002072736408e, stub =0x0000020726d55b00
[2025-06-18T00:00:19.127+0300][12872][8412 ][debug][safepoint] ... found polling page loop exception at pc = 0x00000207273653e0, stub =0x0000020726d55280
[2025-06-18T00:00:19.127+0300][12872][19900][debug][safepoint] ... found polling page loop exception at pc = 0x00000207273653e0, stub =0x0000020726d55280
[2025-06-18T00:00:19.129+0300][12872][17016][debug][safepoint] ... found polling page loop exception at pc = 0x00000207273653e0, stub =0x0000020726d55280
[2025-06-18T00:00:19.129+0300][12872][13760][debug][safepoint] ... found polling page loop exception at pc = 0x00000207273653e0, stub =0x0000020726d55280
[2025-06-18T00:00:19.129+0300][12872][8412 ][debug][safepoint] ... found polling page loop exception at pc = 0x00000207273653e0, stub =0x0000020726d55280
[2025-06-18T00:00:19.129+0300][12872][15132][debug][safepoint] ... found polling page loop exception at pc = 0x00000207273653e0, stub =0x0000020726d55280
[2025-06-18T00:00:19.129+0300][12872][10352][debug][safepoint] ... found polling page loop exception at pc = 0x0000020727356360, stub =0x0000020726d55b00
[2025-06-18T00:00:19.131+0300][12872][8412 ][debug][safepoint] ... found polling page loop exception at pc = 0x00000207273564c6, stub =0x0000020726d55b00
[2025-06-18T00:00:19.131+0300][12872][13760][debug][safepoint] ... found polling page loop exception at pc = 0x000002072735d04c, stub =0x0000020726d55b00
[2025-06-18T00:00:19.131+0300][12872][10352][debug][safepoint] ... found polling page loop exception at pc = 0x000002072735d04c, stub =0x0000020726d55b00
[2025-06-18T00:00:19.131+0300][12872][19900][debug][safepoint] ... found polling page loop exception at pc = 0x000002072735d04c, stub =0x0000020726d55b00
[2025-06-18T00:00:19.131+0300][12872][7892 ][debug][safepoint] ... found polling page loop exception at pc = 0x000002072736408e, stub =0x0000020726d55b00
[2025-06-18T00:00:19.131+0300][12872][3760 ][debug][safepoint] ... found polling page loop exception at pc = 0x00000207273653e0, stub =0x0000020726d55280
[2025-06-18T00:00:19.131+0300][12872][15132][debug][safepoint] ... found polling page loop exception at pc = 0x00000207273564c6, stub =0x0000020726d55b00
[2025-06-18T00:00:19.134+0300][12872][18160][info ][gc,phases] GC(32) Concurrent Mark 30.073ms
[2025-06-18T00:00:19.134+0300][12872][20264][debug][safepoint] Safepoint synchronization initiated using striped semaphore wait barrier. (19 threads)
[2025-06-18T00:00:19.134+0300][12872][8412 ][debug][safepoint] ... found polling page loop exception at pc = 0x00000207273653e0, stub =0x0000020726d55280
[2025-06-18T00:00:19.134+0300][12872][10352][debug][safepoint] ... found polling page loop exception at pc = 0x00000207273653e0, stub =0x0000020726d55280
[2025-06-18T00:00:19.134+0300][12872][13760][debug][safepoint] ... found polling page loop exception at pc = 0x00000207273653e0, stub =0x0000020726d55280
[2025-06-18T00:00:19.134+0300][12872][7892 ][debug][safepoint] ... found polling page loop exception at pc = 0x00000207274e762c, stub =0x0000020726d55280
[2025-06-18T00:00:19.134+0300][12872][20264][info ][gc,phases] GC(32) Pause Mark End 0.016ms
[2025-06-18T00:00:19.134+0300][12872][20264][info ][safepoint] Safepoint "XMarkEnd", Time since last: 30201100 ns, Reaching safepoint: 275800 ns, Cleanup: 5500 ns, At safepoint: 75200 ns, Total: 356500 ns
[2025-06-18T00:00:19.134+0300][12872][18160][info ][gc,phases] GC(32) Concurrent Mark Free 0.001ms
[2025-06-18T00:00:19.134+0300][12872][18160][debug][gc,phases] GC(32) Concurrent References Process 0.156ms
[2025-06-18T00:00:19.134+0300][12872][18160][debug][gc,phases] GC(32) ClassLoaderData 0.038ms
[2025-06-18T00:00:19.136+0300][12872][18160][debug][gc,phases] GC(32) Trigger cleanups 0.001ms
[2025-06-18T00:00:19.142+0300][12872][18160][debug][gc,phases] GC(32) Concurrent Classes Unlink 6.792ms
[2025-06-18T00:00:19.142+0300][12872][3760 ][debug][safepoint] ... found polling page loop exception at pc = 0x0000020727386205, stub =0x0000020726d55b00
[2025-06-18T00:00:19.142+0300][12872][13760][debug][safepoint] ... found polling page loop exception at pc = 0x0000020727386205, stub =0x0000020726d55b00
[2025-06-18T00:00:19.142+0300][12872][10352][debug][safepoint] ... found polling page loop exception at pc = 0x00000207273653e0, stub =0x0000020726d55280
[2025-06-18T00:00:19.144+0300][12872][18160][debug][gc,phases] GC(32) Concurrent Classes Purge 0.029ms
[2025-06-18T00:00:19.144+0300][12872][18160][debug][gc,phases] GC(32) Concurrent References Enqueue 0.007ms
[2025-06-18T00:00:19.144+0300][12872][18160][info ][gc,phases] GC(32) Concurrent Process Non-Strong References 10.519ms
[2025-06-18T00:00:19.144+0300][12872][18160][info ][gc,phases] GC(32) Concurrent Reset Relocation Set 0.010ms
[2025-06-18T00:00:19.148+0300][12872][18160][info ][gc,phases] GC(32) Concurrent Select Relocation Set 3.236ms
[2025-06-18T00:00:19.148+0300][12872][20264][debug][safepoint] Safepoint synchronization initiated using striped semaphore wait barrier. (19 threads)
[2025-06-18T00:00:19.148+0300][12872][3760 ][debug][safepoint] ... found polling page loop exception at pc = 0x00000207273653e0, stub =0x0000020726d55280
[2025-06-18T00:00:19.148+0300][12872][17016][debug][safepoint] ... found polling page loop exception at pc = 0x00000207274e7f5b, stub =0x0000020726d55280
[2025-06-18T00:00:19.148+0300][12872][7892 ][debug][safepoint] ... found polling page loop exception at pc = 0x00000207273653e0, stub =0x0000020726d55280
[2025-06-18T00:00:19.148+0300][12872][15132][debug][safepoint] ... found polling page loop exception at pc = 0x00000207273564c6, stub =0x0000020726d55b00
[2025-06-18T00:00:19.148+0300][12872][10352][debug][safepoint] ... found polling page loop exception at pc = 0x00000207273653e0, stub =0x0000020726d55280
[2025-06-18T00:00:19.148+0300][12872][20264][info ][gc,phases] GC(32) Pause Relocate Start 0.009ms
[2025-06-18T00:00:19.148+0300][12872][20264][info ][safepoint] Safepoint "XRelocateStart", Time since last: 13970800 ns, Reaching safepoint: 330100 ns, Cleanup: 5900 ns, At safepoint: 88800 ns, Total: 424800 ns
[2025-06-18T00:00:19.150+0300][12872][18160][info ][gc,phases] GC(32) Concurrent Relocate 1.883ms
[2025-06-18T00:00:19.150+0300][12872][18160][debug][gc,heap  ] GC(32) Heap after GC invocations=33 (full 33):
[2025-06-18T00:00:19.150+0300][12872][18160][debug][gc,heap  ] GC(32)  ZHeap           used 154M, capacity 2048M, max capacity 2048M
[2025-06-18T00:00:19.150+0300][12872][18160][debug][gc,heap  ] GC(32)  Metaspace       used 8703K, committed 9664K, reserved 1114112K
[2025-06-18T00:00:19.150+0300][12872][18160][debug][gc,heap  ] GC(32)   class space    used 875K, committed 1280K, reserved 1048576K
[2025-06-18T00:00:19.150+0300][12872][18160][info ][gc,heap  ] GC(32) Min Capacity: 2048M(100%)
[2025-06-18T00:00:19.150+0300][12872][18160][info ][gc,heap  ] GC(32) Max Capacity: 2048M(100%)
[2025-06-18T00:00:19.150+0300][12872][18160][info ][gc,heap  ] GC(32) Soft Max Capacity: 2048M(100%)
[2025-06-18T00:00:19.150+0300][12872][18160][info ][gc,heap  ] GC(32)                Mark Start          Mark End        Relocate Start      Relocate End           High               Low         
[2025-06-18T00:00:19.150+0300][12872][18160][info ][gc,heap  ] GC(32)  Capacity:     2048M (100%)       2048M (100%)       2048M (100%)       2048M (100%)       2048M (100%)       2048M (100%)   
[2025-06-18T00:00:19.150+0300][12872][18160][info ][gc,heap  ] GC(32)      Free:      888M (43%)         814M (40%)        1670M (82%)        1894M (92%)        1896M (93%)         784M (38%)    
[2025-06-18T00:00:19.150+0300][12872][18160][info ][gc,heap  ] GC(32)      Used:     1160M (57%)        1234M (60%)         378M (18%)         154M (8%)         1264M (62%)         152M (7%)     
[2025-06-18T00:00:19.150+0300][12872][18160][info ][gc,heap  ] GC(32)      Live:         -                11M (1%)           11M (1%)           11M (1%)             -                  -          
[2025-06-18T00:00:19.150+0300][12872][18160][info ][gc,heap  ] GC(32) Allocated:         -                74M (4%)          110M (5%)          115M (6%)             -                  -          
[2025-06-18T00:00:19.150+0300][12872][18160][info ][gc,heap  ] GC(32)   Garbage:         -              1148M (56%)         256M (13%)          27M (1%)             -                  -          
[2025-06-18T00:00:19.150+0300][12872][18160][info ][gc,heap  ] GC(32) Reclaimed:         -                  -               892M (44%)        1121M (55%)            -                  -          
[2025-06-18T00:00:19.150+0300][12872][18160][info ][gc       ] GC(32) Garbage Collection (Allocation Rate) 1160M(57%)->154M(8%)
[2025-06-18T00:00:19.514+0300][12872][18160][debug][gc,heap  ] GC(33) Heap before GC invocations=33 (full 33):
[2025-06-18T00:00:19.514+0300][12872][18160][debug][gc,heap  ] GC(33)  ZHeap           used 1228M, capacity 2048M, max capacity 2048M
[2025-06-18T00:00:19.514+0300][12872][18160][debug][gc,heap  ] GC(33)  Metaspace       used 8703K, committed 9664K, reserved 1114112K
[2025-06-18T00:00:19.514+0300][12872][18160][debug][gc,heap  ] GC(33)   class space    used 875K, committed 1280K, reserved 1048576K
[2025-06-18T00:00:19.514+0300][12872][20264][debug][safepoint] Safepoint synchronization initiated using striped semaphore wait barrier. (19 threads)
[2025-06-18T00:00:19.514+0300][12872][10352][debug][safepoint] ... found polling page loop exception at pc = 0x00000207273653e0, stub =0x0000020726d55280
[2025-06-18T00:00:19.514+0300][12872][7892 ][debug][safepoint] ... found polling page loop exception at pc = 0x00000207273653e0, stub =0x0000020726d55280
[2025-06-18T00:00:19.514+0300][12872][17016][debug][safepoint] ... found polling page loop exception at pc = 0x00000207273653e0, stub =0x0000020726d55280
[2025-06-18T00:00:19.514+0300][12872][3760 ][debug][safepoint] ... found polling page loop exception at pc = 0x000002072736408e, stub =0x0000020726d55b00
[2025-06-18T00:00:19.514+0300][12872][19900][debug][safepoint] ... found polling page loop exception at pc = 0x00000207273653e0, stub =0x0000020726d55280
[2025-06-18T00:00:19.514+0300][12872][13760][debug][safepoint] ... found polling page loop exception at pc = 0x00000207273653e0, stub =0x0000020726d55280
[2025-06-18T00:00:19.514+0300][12872][15132][debug][safepoint] ... found polling page loop exception at pc = 0x000002072736408e, stub =0x0000020726d55b00
[2025-06-18T00:00:19.514+0300][12872][20264][info ][gc,phases] GC(33) Pause Mark Start 0.009ms
[2025-06-18T00:00:19.514+0300][12872][20264][info ][safepoint] Safepoint "XMarkStart", Time since last: 364927400 ns, Reaching safepoint: 441800 ns, Cleanup: 7300 ns, At safepoint: 82400 ns, Total: 531500 ns
[2025-06-18T00:00:19.530+0300][12872][3760 ][debug][safepoint] ... found polling page loop exception at pc = 0x00000207273653e0, stub =0x0000020726d55280
[2025-06-18T00:00:19.530+0300][12872][17016][debug][safepoint] ... found polling page loop exception at pc = 0x00000207273653e0, stub =0x0000020726d55280
[2025-06-18T00:00:19.530+0300][12872][19900][debug][safepoint] ... found polling page loop exception at pc = 0x00000207273653e0, stub =0x0000020726d55280
[2025-06-18T00:00:19.530+0300][12872][7892 ][debug][safepoint] ... found polling page loop exception at pc = 0x00000207273653e0, stub =0x0000020726d55280
[2025-06-18T00:00:19.530+0300][12872][10352][debug][safepoint] ... found polling page loop exception at pc = 0x00000207273517fb, stub =0x0000020726d55280
[2025-06-18T00:00:19.530+0300][12872][8412 ][debug][safepoint] ... found polling page loop exception at pc = 0x00000207273653e0, stub =0x0000020726d55280
[2025-06-18T00:00:19.532+0300][12872][7892 ][debug][safepoint] ... found polling page loop exception at pc = 0x000002072736408e, stub =0x0000020726d55b00
[2025-06-18T00:00:19.532+0300][12872][19900][debug][safepoint] ... found polling page loop exception at pc = 0x000002072736408e, stub =0x0000020726d55b00
[2025-06-18T00:00:19.532+0300][12872][8412 ][debug][safepoint] ... found polling page loop exception at pc = 0x00000207273653e0, stub =0x0000020726d55280
[2025-06-18T00:00:19.532+0300][12872][17016][debug][safepoint] ... found polling page loop exception at pc = 0x00000207273653e0, stub =0x0000020726d55280
[2025-06-18T00:00:19.532+0300][12872][3760 ][debug][safepoint] ... found polling page loop exception at pc = 0x0000020727356360, stub =0x0000020726d55b00
[2025-06-18T00:00:19.532+0300][12872][10352][debug][safepoint] ... found polling page loop exception at pc = 0x00000207273653e0, stub =0x0000020726d55280
[2025-06-18T00:00:19.532+0300][12872][3760 ][debug][safepoint] ... found polling page loop exception at pc = 0x00000207273653e0, stub =0x0000020726d55280
[2025-06-18T00:00:19.532+0300][12872][7892 ][debug][safepoint] ... found polling page loop exception at pc = 0x00000207273653e0, stub =0x0000020726d55280
[2025-06-18T00:00:19.532+0300][12872][15132][debug][safepoint] ... found polling page loop exception at pc = 0x000002072736408e, stub =0x0000020726d55b00
[2025-06-18T00:00:19.532+0300][12872][19900][debug][safepoint] ... found polling page loop exception at pc = 0x000002072737074b, stub =0x0000020726d55b00
[2025-06-18T00:00:19.532+0300][12872][13760][debug][safepoint] ... found polling page loop exception at pc = 0x000002072737074b, stub =0x0000020726d55b00
[2025-06-18T00:00:19.546+0300][12872][19900][debug][safepoint] ... found polling page loop exception at pc = 0x00000207273653e0, stub =0x0000020726d55280
[2025-06-18T00:00:19.546+0300][12872][8412 ][debug][safepoint] ... found polling page loop exception at pc = 0x00000207273564c6, stub =0x0000020726d55b00
[2025-06-18T00:00:19.546+0300][12872][15132][debug][safepoint] ... found polling page loop exception at pc = 0x00000207273653e0, stub =0x0000020726d55280
[2025-06-18T00:00:19.546+0300][12872][7892 ][debug][safepoint] ... found polling page loop exception at pc = 0x00000207273b127c, stub =0x0000020726d55b00
[2025-06-18T00:00:19.546+0300][12872][10352][debug][safepoint] ... found polling page loop exception at pc = 0x00000207273768c0, stub =0x0000020726d55b00
[2025-06-18T00:00:19.546+0300][12872][17016][debug][safepoint] ... found polling page loop exception at pc = 0x00000207273653e0, stub =0x0000020726d55280
[2025-06-18T00:00:19.562+0300][12872][18160][info ][gc,phases] GC(33) Concurrent Mark 47.204ms
[2025-06-18T00:00:19.562+0300][12872][20264][debug][safepoint] Safepoint synchronization initiated using striped semaphore wait barrier. (19 threads)
[2025-06-18T00:00:19.562+0300][12872][10352][debug][safepoint] ... found polling page loop exception at pc = 0x00000207274e762c, stub =0x0000020726d55280
[2025-06-18T00:00:19.562+0300][12872][8412 ][debug][safepoint] ... found polling page loop exception at pc = 0x0000020727356360, stub =0x0000020726d55b00
[2025-06-18T00:00:19.562+0300][12872][17016][debug][safepoint] ... found polling page loop exception at pc = 0x00000207273653e0, stub =0x0000020726d55280
[2025-06-18T00:00:19.562+0300][12872][19900][debug][safepoint] ... found polling page loop exception at pc = 0x00000207273653e0, stub =0x0000020726d55280
[2025-06-18T00:00:19.562+0300][12872][3760 ][debug][safepoint] ... found polling page loop exception at pc = 0x00000207274e7f5b, stub =0x0000020726d55280
[2025-06-18T00:00:19.562+0300][12872][15132][debug][safepoint] ... found polling page loop exception at pc = 0x00000207273653e0, stub =0x0000020726d55280
[2025-06-18T00:00:19.562+0300][12872][20264][info ][gc,phases] GC(33) Pause Mark End 0.017ms
[2025-06-18T00:00:19.562+0300][12872][20264][info ][safepoint] Safepoint "XMarkEnd", Time since last: 47350500 ns, Reaching safepoint: 370300 ns, Cleanup: 6700 ns, At safepoint: 82900 ns, Total: 459900 ns
[2025-06-18T00:00:19.562+0300][12872][18160][info ][gc,phases] GC(33) Concurrent Mark Free 0.001ms
[2025-06-18T00:00:19.562+0300][12872][18160][debug][gc,phases] GC(33) Concurrent References Process 0.153ms
[2025-06-18T00:00:19.562+0300][12872][18160][debug][gc,phases] GC(33) ClassLoaderData 0.019ms
[2025-06-18T00:00:19.562+0300][12872][18160][debug][gc,phases] GC(33) Trigger cleanups 0.000ms
[2025-06-18T00:00:19.568+0300][12872][18160][debug][gc,phases] GC(33) Concurrent Classes Unlink 5.553ms
[2025-06-18T00:00:19.568+0300][12872][3760 ][debug][safepoint] ... found polling page loop exception at pc = 0x000002072737074b, stub =0x0000020726d55b00
[2025-06-18T00:00:19.568+0300][12872][7892 ][debug][safepoint] ... found polling page loop exception at pc = 0x00000207273653e0, stub =0x0000020726d55280
[2025-06-18T00:00:19.568+0300][12872][15132][debug][safepoint] ... found polling page loop exception at pc = 0x000002072736408e, stub =0x0000020726d55b00
[2025-06-18T00:00:19.568+0300][12872][19900][debug][safepoint] ... found polling page loop exception at pc = 0x00000207273653e0, stub =0x0000020726d55280
[2025-06-18T00:00:19.568+0300][12872][13760][debug][safepoint] ... found polling page loop exception at pc = 0x00000207273653e0, stub =0x0000020726d55280
[2025-06-18T00:00:19.568+0300][12872][8412 ][debug][safepoint] ... found polling page loop exception at pc = 0x00000207273653e0, stub =0x0000020726d55280
[2025-06-18T00:00:19.568+0300][12872][10352][debug][safepoint] ... found polling page loop exception at pc = 0x00000207273653e0, stub =0x0000020726d55280
[2025-06-18T00:00:19.568+0300][12872][18160][debug][gc,phases] GC(33) Concurrent Classes Purge 0.024ms
[2025-06-18T00:00:19.568+0300][12872][18160][debug][gc,phases] GC(33) Concurrent References Enqueue 0.009ms
[2025-06-18T00:00:19.568+0300][12872][18160][info ][gc,phases] GC(33) Concurrent Process Non-Strong References 7.583ms
[2025-06-18T00:00:19.568+0300][12872][18160][info ][gc,phases] GC(33) Concurrent Reset Relocation Set 0.008ms
[2025-06-18T00:00:19.573+0300][12872][18160][info ][gc,phases] GC(33) Concurrent Select Relocation Set 2.743ms
[2025-06-18T00:00:19.573+0300][12872][20264][debug][safepoint] Safepoint synchronization initiated using striped semaphore wait barrier. (19 threads)
[2025-06-18T00:00:19.573+0300][12872][3760 ][debug][safepoint] ... found polling page loop exception at pc = 0x000002072749238a, stub =0x0000020726d55280
[2025-06-18T00:00:19.573+0300][12872][17016][debug][safepoint] ... found polling page loop exception at pc = 0x00000207274e7f5b, stub =0x0000020726d55280
[2025-06-18T00:00:19.573+0300][12872][15132][debug][safepoint] ... found polling page loop exception at pc = 0x000002072736408e, stub =0x0000020726d55b00
[2025-06-18T00:00:19.573+0300][12872][13760][debug][safepoint] ... found polling page loop exception at pc = 0x00000207273653e0, stub =0x0000020726d55280
[2025-06-18T00:00:19.573+0300][12872][19900][debug][safepoint] ... found polling page loop exception at pc = 0x00000207273653e0, stub =0x0000020726d55280
[2025-06-18T00:00:19.573+0300][12872][10352][debug][safepoint] ... found polling page loop exception at pc = 0x00000207273653e0, stub =0x0000020726d55280
[2025-06-18T00:00:19.573+0300][12872][8412 ][debug][safepoint] ... found polling page loop exception at pc = 0x000002072740bc2f, stub =0x0000020726d55b00
[2025-06-18T00:00:19.573+0300][12872][20264][info ][gc,phases] GC(33) Pause Relocate Start 0.010ms
[2025-06-18T00:00:19.573+0300][12872][20264][info ][safepoint] Safepoint "XRelocateStart", Time since last: 10538300 ns, Reaching safepoint: 393800 ns, Cleanup: 5800 ns, At safepoint: 88000 ns, Total: 487600 ns
[2025-06-18T00:00:19.573+0300][12872][18160][info ][gc,phases] GC(33) Concurrent Relocate 1.653ms
[2025-06-18T00:00:19.575+0300][12872][18160][debug][gc,heap  ] GC(33) Heap after GC invocations=34 (full 34):
[2025-06-18T00:00:19.575+0300][12872][18160][debug][gc,heap  ] GC(33)  ZHeap           used 210M, capacity 2048M, max capacity 2048M
[2025-06-18T00:00:19.575+0300][12872][18160][debug][gc,heap  ] GC(33)  Metaspace       used 8703K, committed 9664K, reserved 1114112K
[2025-06-18T00:00:19.575+0300][12872][18160][debug][gc,heap  ] GC(33)   class space    used 875K, committed 1280K, reserved 1048576K
[2025-06-18T00:00:19.575+0300][12872][18160][info ][gc,heap  ] GC(33) Min Capacity: 2048M(100%)
[2025-06-18T00:00:19.575+0300][12872][18160][info ][gc,heap  ] GC(33) Max Capacity: 2048M(100%)
[2025-06-18T00:00:19.575+0300][12872][18160][info ][gc,heap  ] GC(33) Soft Max Capacity: 2048M(100%)
[2025-06-18T00:00:19.575+0300][12872][18160][info ][gc,heap  ] GC(33)                Mark Start          Mark End        Relocate Start      Relocate End           High               Low         
[2025-06-18T00:00:19.575+0300][12872][18160][info ][gc,heap  ] GC(33)  Capacity:     2048M (100%)       2048M (100%)       2048M (100%)       2048M (100%)       2048M (100%)       2048M (100%)   
[2025-06-18T00:00:19.575+0300][12872][18160][info ][gc,heap  ] GC(33)      Free:      820M (40%)         680M (33%)        1590M (78%)        1838M (90%)        1838M (90%)         658M (32%)    
[2025-06-18T00:00:19.575+0300][12872][18160][info ][gc,heap  ] GC(33)      Used:     1228M (60%)        1368M (67%)         458M (22%)         210M (10%)        1390M (68%)         210M (10%)    
[2025-06-18T00:00:19.575+0300][12872][18160][info ][gc,heap  ] GC(33)      Live:         -                11M (1%)           11M (1%)           11M (1%)             -                  -          
[2025-06-18T00:00:19.575+0300][12872][18160][info ][gc,heap  ] GC(33) Allocated:         -               140M (7%)          170M (8%)          171M (8%)             -                  -          
[2025-06-18T00:00:19.575+0300][12872][18160][info ][gc,heap  ] GC(33)   Garbage:         -              1216M (59%)         276M (14%)          26M (1%)             -                  -          
[2025-06-18T00:00:19.575+0300][12872][18160][info ][gc,heap  ] GC(33) Reclaimed:         -                  -               940M (46%)        1189M (58%)            -                  -          
[2025-06-18T00:00:19.575+0300][12872][18160][info ][gc       ] GC(33) Garbage Collection (Allocation Rate) 1228M(60%)->210M(10%)
[2025-06-18T00:00:20.114+0300][12872][18160][debug][gc,heap  ] GC(34) Heap before GC invocations=34 (full 34):
[2025-06-18T00:00:20.114+0300][12872][18160][debug][gc,heap  ] GC(34)  ZHeap           used 1442M, capacity 2048M, max capacity 2048M
[2025-06-18T00:00:20.114+0300][12872][18160][debug][gc,heap  ] GC(34)  Metaspace       used 8703K, committed 9664K, reserved 1114112K
[2025-06-18T00:00:20.114+0300][12872][18160][debug][gc,heap  ] GC(34)   class space    used 875K, committed 1280K, reserved 1048576K
[2025-06-18T00:00:20.114+0300][12872][20264][debug][safepoint] Safepoint synchronization initiated using striped semaphore wait barrier. (19 threads)
[2025-06-18T00:00:20.114+0300][12872][7892 ][debug][safepoint] ... found polling page loop exception at pc = 0x000002072736581d, stub =0x0000020726d55280
[2025-06-18T00:00:20.114+0300][12872][19900][debug][safepoint] ... found polling page loop exception at pc = 0x00000207273d8d9f, stub =0x0000020726d55b00
[2025-06-18T00:00:20.114+0300][12872][13760][debug][safepoint] ... found polling page loop exception at pc = 0x00000207273653e0, stub =0x0000020726d55280
[2025-06-18T00:00:20.114+0300][12872][8412 ][debug][safepoint] ... found polling page loop exception at pc = 0x00000207273d8d9f, stub =0x0000020726d55b00
[2025-06-18T00:00:20.114+0300][12872][15132][debug][safepoint] ... found polling page loop exception at pc = 0x00000207273653e0, stub =0x0000020726d55280
[2025-06-18T00:00:20.114+0300][12872][3760 ][debug][safepoint] ... found polling page loop exception at pc = 0x00000207273564c6, stub =0x0000020726d55b00
[2025-06-18T00:00:20.114+0300][12872][20264][info ][gc,phases] GC(34) Pause Mark Start 0.008ms
[2025-06-18T00:00:20.114+0300][12872][20264][info ][safepoint] Safepoint "XMarkStart", Time since last: 540403000 ns, Reaching safepoint: 335000 ns, Cleanup: 6500 ns, At safepoint: 76900 ns, Total: 418400 ns
[2025-06-18T00:00:20.126+0300][12872][13760][debug][safepoint] ... found polling page loop exception at pc = 0x00000207273653e0, stub =0x0000020726d55280
[2025-06-18T00:00:20.126+0300][12872][10352][debug][safepoint] ... found polling page loop exception at pc = 0x00000207273653e0, stub =0x0000020726d55280
[2025-06-18T00:00:20.126+0300][12872][19900][debug][safepoint] ... found polling page loop exception at pc = 0x00000207273653e0, stub =0x0000020726d55280
[2025-06-18T00:00:20.126+0300][12872][3760 ][debug][safepoint] ... found polling page loop exception at pc = 0x00000207273653e0, stub =0x0000020726d55280
[2025-06-18T00:00:20.126+0300][12872][15132][debug][safepoint] ... found polling page loop exception at pc = 0x00000207273653e0, stub =0x0000020726d55280
[2025-06-18T00:00:20.126+0300][12872][8412 ][debug][safepoint] ... found polling page loop exception at pc = 0x00000207273653e0, stub =0x0000020726d55280
[2025-06-18T00:00:20.126+0300][12872][13760][debug][safepoint] ... found polling page loop exception at pc = 0x00000207273653e0, stub =0x0000020726d55280
[2025-06-18T00:00:20.126+0300][12872][3760 ][debug][safepoint] ... found polling page loop exception at pc = 0x00000207273653e0, stub =0x0000020726d55280
[2025-06-18T00:00:20.126+0300][12872][17016][debug][safepoint] ... found polling page loop exception at pc = 0x000002072735d04c, stub =0x0000020726d55b00
[2025-06-18T00:00:20.126+0300][12872][8412 ][debug][safepoint] ... found polling page loop exception at pc = 0x00000207273653e0, stub =0x0000020726d55280
[2025-06-18T00:00:20.126+0300][12872][15132][debug][safepoint] ... found polling page loop exception at pc = 0x000002072736408e, stub =0x0000020726d55b00
[2025-06-18T00:00:20.126+0300][12872][7892 ][debug][safepoint] ... found polling page loop exception at pc = 0x00000207273653e0, stub =0x0000020726d55280
[2025-06-18T00:00:20.128+0300][12872][15132][debug][safepoint] ... found polling page loop exception at pc = 0x00000207273653e0, stub =0x0000020726d55280
[2025-06-18T00:00:20.128+0300][12872][17016][debug][safepoint] ... found polling page loop exception at pc = 0x00000207273653e0, stub =0x0000020726d55280
[2025-06-18T00:00:20.128+0300][12872][13760][debug][safepoint] ... found polling page loop exception at pc = 0x00000207273653e0, stub =0x0000020726d55280
[2025-06-18T00:00:20.128+0300][12872][7892 ][debug][safepoint] ... found polling page loop exception at pc = 0x00000207273564c6, stub =0x0000020726d55b00
[2025-06-18T00:00:20.128+0300][12872][19900][debug][safepoint] ... found polling page loop exception at pc = 0x00000207273653e0, stub =0x0000020726d55280
[2025-06-18T00:00:20.130+0300][12872][18160][info ][gc,phases] GC(34) Concurrent Mark 15.335ms
[2025-06-18T00:00:20.130+0300][12872][20264][debug][safepoint] Safepoint synchronization initiated using striped semaphore wait barrier. (19 threads)
[2025-06-18T00:00:20.130+0300][12872][7892 ][debug][safepoint] ... found polling page loop exception at pc = 0x00000207273564c6, stub =0x0000020726d55b00
[2025-06-18T00:00:20.130+0300][12872][3760 ][debug][safepoint] ... found polling page loop exception at pc = 0x00000207273ed411, stub =0x0000020726d55280
[2025-06-18T00:00:20.130+0300][12872][8412 ][debug][safepoint] ... found polling page loop exception at pc = 0x000002072736581d, stub =0x0000020726d55280
[2025-06-18T00:00:20.130+0300][12872][10352][debug][safepoint] ... found polling page loop exception at pc = 0x00000207273653e0, stub =0x0000020726d55280
[2025-06-18T00:00:20.130+0300][12872][15132][debug][safepoint] ... found polling page loop exception at pc = 0x00000207273653e0, stub =0x0000020726d55280
[2025-06-18T00:00:20.130+0300][12872][20264][info ][gc,phases] GC(34) Pause Mark End 0.015ms
[2025-06-18T00:00:20.130+0300][12872][20264][info ][safepoint] Safepoint "XMarkEnd", Time since last: 15434100 ns, Reaching safepoint: 287200 ns, Cleanup: 11800 ns, At safepoint: 79800 ns, Total: 378800 ns
[2025-06-18T00:00:20.130+0300][12872][18160][info ][gc,phases] GC(34) Concurrent Mark Free 0.001ms
[2025-06-18T00:00:20.130+0300][12872][18160][debug][gc,phases] GC(34) Concurrent References Process 0.155ms
[2025-06-18T00:00:20.130+0300][12872][18160][debug][gc,phases] GC(34) ClassLoaderData 0.015ms
[2025-06-18T00:00:20.130+0300][12872][18160][debug][gc,phases] GC(34) Trigger cleanups 0.000ms
[2025-06-18T00:00:20.134+0300][12872][18160][debug][gc,phases] GC(34) Concurrent Classes Unlink 4.850ms
[2025-06-18T00:00:20.134+0300][12872][3760 ][debug][safepoint] ... found polling page loop exception at pc = 0x00000207273653e0, stub =0x0000020726d55280
[2025-06-18T00:00:20.134+0300][12872][15132][debug][safepoint] ... found polling page loop exception at pc = 0x00000207273653e0, stub =0x0000020726d55280
[2025-06-18T00:00:20.134+0300][12872][17016][debug][safepoint] ... found polling page loop exception at pc = 0x000002072736408e, stub =0x0000020726d55b00
[2025-06-18T00:00:20.134+0300][12872][10352][debug][safepoint] ... found polling page loop exception at pc = 0x0000020727356360, stub =0x0000020726d55b00
[2025-06-18T00:00:20.134+0300][12872][7892 ][debug][safepoint] ... found polling page loop exception at pc = 0x00000207273653e0, stub =0x0000020726d55280
[2025-06-18T00:00:20.134+0300][12872][19900][debug][safepoint] ... found polling page loop exception at pc = 0x00000207273653e0, stub =0x0000020726d55280
[2025-06-18T00:00:20.136+0300][12872][18160][debug][gc,phases] GC(34) Concurrent Classes Purge 0.022ms
[2025-06-18T00:00:20.136+0300][12872][18160][debug][gc,phases] GC(34) Concurrent References Enqueue 0.007ms
[2025-06-18T00:00:20.136+0300][12872][18160][info ][gc,phases] GC(34) Concurrent Process Non-Strong References 6.655ms
[2025-06-18T00:00:20.136+0300][12872][18160][info ][gc,phases] GC(34) Concurrent Reset Relocation Set 0.008ms
[2025-06-18T00:00:20.138+0300][12872][18160][info ][gc,phases] GC(34) Concurrent Select Relocation Set 2.405ms
[2025-06-18T00:00:20.138+0300][12872][20264][debug][safepoint] Safepoint synchronization initiated using striped semaphore wait barrier. (19 threads)
[2025-06-18T00:00:20.138+0300][12872][19900][debug][safepoint] ... found polling page loop exception at pc = 0x00000207273653e0, stub =0x0000020726d55280
[2025-06-18T00:00:20.138+0300][12872][3760 ][debug][safepoint] ... found polling page loop exception at pc = 0x00000207273653e0, stub =0x0000020726d55280
[2025-06-18T00:00:20.138+0300][12872][13760][debug][safepoint] ... found polling page loop exception at pc = 0x00000207273653e0, stub =0x0000020726d55280
[2025-06-18T00:00:20.138+0300][12872][17016][debug][safepoint] ... found polling page loop exception at pc = 0x000002072736408e, stub =0x0000020726d55b00
[2025-06-18T00:00:20.138+0300][12872][10352][debug][safepoint] ... found polling page loop exception at pc = 0x00000207273653e0, stub =0x0000020726d55280
[2025-06-18T00:00:20.138+0300][12872][15132][debug][safepoint] ... found polling page loop exception at pc = 0x00000207273653e0, stub =0x0000020726d55280
[2025-06-18T00:00:20.138+0300][12872][7892 ][debug][safepoint] ... found polling page loop exception at pc = 0x00000207273653e0, stub =0x0000020726d55280
[2025-06-18T00:00:20.138+0300][12872][20264][info ][gc,phases] GC(34) Pause Relocate Start 0.010ms
[2025-06-18T00:00:20.138+0300][12872][20264][info ][safepoint] Safepoint "XRelocateStart", Time since last: 9245800 ns, Reaching safepoint: 364800 ns, Cleanup: 5800 ns, At safepoint: 86200 ns, Total: 456800 ns
[2025-06-18T00:00:20.138+0300][12872][18160][info ][gc,phases] GC(34) Concurrent Relocate 1.543ms
[2025-06-18T00:00:20.138+0300][12872][18160][debug][gc,heap  ] GC(34) Heap after GC invocations=35 (full 35):
[2025-06-18T00:00:20.138+0300][12872][18160][debug][gc,heap  ] GC(34)  ZHeap           used 114M, capacity 2048M, max capacity 2048M
[2025-06-18T00:00:20.138+0300][12872][18160][debug][gc,heap  ] GC(34)  Metaspace       used 8703K, committed 9664K, reserved 1114112K
[2025-06-18T00:00:20.138+0300][12872][18160][debug][gc,heap  ] GC(34)   class space    used 875K, committed 1280K, reserved 1048576K
[2025-06-18T00:00:20.142+0300][12872][18160][info ][gc,heap  ] GC(34) Min Capacity: 2048M(100%)
[2025-06-18T00:00:20.142+0300][12872][18160][info ][gc,heap  ] GC(34) Max Capacity: 2048M(100%)
[2025-06-18T00:00:20.142+0300][12872][18160][info ][gc,heap  ] GC(34) Soft Max Capacity: 2048M(100%)
[2025-06-18T00:00:20.142+0300][12872][18160][info ][gc,heap  ] GC(34)                Mark Start          Mark End        Relocate Start      Relocate End           High               Low         
[2025-06-18T00:00:20.142+0300][12872][18160][info ][gc,heap  ] GC(34)  Capacity:     2048M (100%)       2048M (100%)       2048M (100%)       2048M (100%)       2048M (100%)       2048M (100%)   
[2025-06-18T00:00:20.142+0300][12872][18160][info ][gc,heap  ] GC(34)      Free:      606M (30%)         560M (27%)        1668M (81%)        1934M (94%)        1938M (95%)         544M (27%)    
[2025-06-18T00:00:20.142+0300][12872][18160][info ][gc,heap  ] GC(34)      Used:     1442M (70%)        1488M (73%)         380M (19%)         114M (6%)         1504M (73%)         110M (5%)     
[2025-06-18T00:00:20.142+0300][12872][18160][info ][gc,heap  ] GC(34)      Live:         -                11M (1%)           11M (1%)           11M (1%)             -                  -          
[2025-06-18T00:00:20.142+0300][12872][18160][info ][gc,heap  ] GC(34) Allocated:         -                46M (2%)           66M (3%)           75M (4%)             -                  -          
[2025-06-18T00:00:20.142+0300][12872][18160][info ][gc,heap  ] GC(34)   Garbage:         -              1430M (70%)         302M (15%)          27M (1%)             -                  -          
[2025-06-18T00:00:20.142+0300][12872][18160][info ][gc,heap  ] GC(34) Reclaimed:         -                  -              1128M (55%)        1403M (69%)            -                  -          
[2025-06-18T00:00:20.142+0300][12872][18160][info ][gc       ] GC(34) Garbage Collection (Allocation Rate) 1442M(70%)->114M(6%)
[2025-06-18T00:00:20.704+0300][12872][18160][debug][gc,heap  ] GC(35) Heap before GC invocations=35 (full 35):
[2025-06-18T00:00:20.704+0300][12872][18160][debug][gc,heap  ] GC(35)  ZHeap           used 1498M, capacity 2048M, max capacity 2048M
[2025-06-18T00:00:20.704+0300][12872][18160][debug][gc,heap  ] GC(35)  Metaspace       used 8703K, committed 9664K, reserved 1114112K
[2025-06-18T00:00:20.704+0300][12872][18160][debug][gc,heap  ] GC(35)   class space    used 875K, committed 1280K, reserved 1048576K
[2025-06-18T00:00:20.704+0300][12872][20264][debug][safepoint] Safepoint synchronization initiated using striped semaphore wait barrier. (19 threads)
[2025-06-18T00:00:20.704+0300][12872][3760 ][debug][safepoint] ... found polling page loop exception at pc = 0x00000207273653e0, stub =0x0000020726d55280
[2025-06-18T00:00:20.704+0300][12872][15132][debug][safepoint] ... found polling page loop exception at pc = 0x00000207273653e0, stub =0x0000020726d55280
[2025-06-18T00:00:20.704+0300][12872][8412 ][debug][safepoint] ... found polling page loop exception at pc = 0x00000207273653e0, stub =0x0000020726d55280
[2025-06-18T00:00:20.704+0300][12872][19900][debug][safepoint] ... found polling page loop exception at pc = 0x00000207273653e0, stub =0x0000020726d55280
[2025-06-18T00:00:20.704+0300][12872][13760][debug][safepoint] ... found polling page loop exception at pc = 0x00000207273653e0, stub =0x0000020726d55280
[2025-06-18T00:00:20.704+0300][12872][17016][debug][safepoint] ... found polling page loop exception at pc = 0x00000207273653e0, stub =0x0000020726d55280
[2025-06-18T00:00:20.704+0300][12872][20264][info ][gc,phases] GC(35) Pause Mark Start 0.009ms
[2025-06-18T00:00:20.704+0300][12872][20264][info ][safepoint] Safepoint "XMarkStart", Time since last: 564815000 ns, Reaching safepoint: 403200 ns, Cleanup: 5900 ns, At safepoint: 68000 ns, Total: 477100 ns
[2025-06-18T00:00:20.717+0300][12872][7892 ][debug][safepoint] ... found polling page loop exception at pc = 0x00000207273653e0, stub =0x0000020726d55280
[2025-06-18T00:00:20.717+0300][12872][19900][debug][safepoint] ... found polling page loop exception at pc = 0x00000207273653e0, stub =0x0000020726d55280
[2025-06-18T00:00:20.717+0300][12872][8412 ][debug][safepoint] ... found polling page loop exception at pc = 0x00000207273653e0, stub =0x0000020726d55280
[2025-06-18T00:00:20.717+0300][12872][15132][debug][safepoint] ... found polling page loop exception at pc = 0x00000207273653e0, stub =0x0000020726d55280
[2025-06-18T00:00:20.717+0300][12872][10352][debug][safepoint] ... found polling page loop exception at pc = 0x00000207273653e0, stub =0x0000020726d55280
[2025-06-18T00:00:20.717+0300][12872][17016][debug][safepoint] ... found polling page loop exception at pc = 0x0000020727356360, stub =0x0000020726d55b00
[2025-06-18T00:00:20.717+0300][12872][3760 ][debug][safepoint] ... found polling page loop exception at pc = 0x00000207273653e0, stub =0x0000020726d55280
[2025-06-18T00:00:20.717+0300][12872][13760][debug][safepoint] ... found polling page loop exception at pc = 0x00000207273653e0, stub =0x0000020726d55280
[2025-06-18T00:00:20.736+0300][12872][13760][debug][safepoint] ... found polling page loop exception at pc = 0x00000207273653e0, stub =0x0000020726d55280
[2025-06-18T00:00:20.736+0300][12872][7892 ][debug][safepoint] ... found polling page loop exception at pc = 0x00000207273653e0, stub =0x0000020726d55280
[2025-06-18T00:00:20.736+0300][12872][17016][debug][safepoint] ... found polling page loop exception at pc = 0x00000207273653e0, stub =0x0000020726d55280
[2025-06-18T00:00:20.736+0300][12872][8412 ][debug][safepoint] ... found polling page loop exception at pc = 0x00000207273653e0, stub =0x0000020726d55280
[2025-06-18T00:00:20.736+0300][12872][15132][debug][safepoint] ... found polling page loop exception at pc = 0x00000207273653e0, stub =0x0000020726d55280
[2025-06-18T00:00:20.736+0300][12872][10352][debug][safepoint] ... found polling page loop exception at pc = 0x00000207273653e0, stub =0x0000020726d55280
[2025-06-18T00:00:20.736+0300][12872][19900][debug][safepoint] ... found polling page loop exception at pc = 0x00000207273653e0, stub =0x0000020726d55280
[2025-06-18T00:00:20.736+0300][12872][17016][debug][safepoint] ... found polling page loop exception at pc = 0x00000207273653e0, stub =0x0000020726d55280
[2025-06-18T00:00:20.736+0300][12872][13760][debug][safepoint] ... found polling page loop exception at pc = 0x00000207273653e0, stub =0x0000020726d55280
[2025-06-18T00:00:20.736+0300][12872][8412 ][debug][safepoint] ... found polling page loop exception at pc = 0x00000207273653e0, stub =0x0000020726d55280
[2025-06-18T00:00:20.736+0300][12872][7892 ][debug][safepoint] ... found polling page loop exception at pc = 0x00000207273564c6, stub =0x0000020726d55b00
[2025-06-18T00:00:20.736+0300][12872][15132][debug][safepoint] ... found polling page loop exception at pc = 0x00000207273653e0, stub =0x0000020726d55280
[2025-06-18T00:00:20.736+0300][12872][3760 ][debug][safepoint] ... found polling page loop exception at pc = 0x00000207273653e0, stub =0x0000020726d55280
[2025-06-18T00:00:20.748+0300][12872][10352][debug][safepoint] ... found polling page loop exception at pc = 0x0000020727356360, stub =0x0000020726d55b00
[2025-06-18T00:00:20.748+0300][12872][13760][debug][safepoint] ... found polling page loop exception at pc = 0x00000207273a3fbe, stub =0x0000020726d55280
[2025-06-18T00:00:20.748+0300][12872][3760 ][debug][safepoint] ... found polling page loop exception at pc = 0x000002072736408e, stub =0x0000020726d55b00
[2025-06-18T00:00:20.748+0300][12872][15132][debug][safepoint] ... found polling page loop exception at pc = 0x000002072736408e, stub =0x0000020726d55b00
[2025-06-18T00:00:20.748+0300][12872][17016][debug][safepoint] ... found polling page loop exception at pc = 0x00000207273653e0, stub =0x0000020726d55280
[2025-06-18T00:00:20.748+0300][12872][18160][info ][gc,phases] GC(35) Concurrent Mark 44.192ms
[2025-06-18T00:00:20.748+0300][12872][20264][debug][safepoint] Safepoint synchronization initiated using striped semaphore wait barrier. (19 threads)
[2025-06-18T00:00:20.748+0300][12872][19900][debug][safepoint] ... found polling page loop exception at pc = 0x00000207273653e0, stub =0x0000020726d55280
[2025-06-18T00:00:20.748+0300][12872][17016][debug][safepoint] ... found polling page loop exception at pc = 0x00000207273653e0, stub =0x0000020726d55280
[2025-06-18T00:00:20.748+0300][12872][7892 ][debug][safepoint] ... found polling page loop exception at pc = 0x00000207274e762c, stub =0x0000020726d55280
[2025-06-18T00:00:20.748+0300][12872][13760][debug][safepoint] ... found polling page loop exception at pc = 0x00000207273653e0, stub =0x0000020726d55280
[2025-06-18T00:00:20.748+0300][12872][15132][debug][safepoint] ... found polling page loop exception at pc = 0x00000207273653e0, stub =0x0000020726d55280
[2025-06-18T00:00:20.748+0300][12872][10352][debug][safepoint] ... found polling page loop exception at pc = 0x000002072736408e, stub =0x0000020726d55b00
[2025-06-18T00:00:20.748+0300][12872][20264][info ][gc,phases] GC(35) Pause Mark End 0.018ms
[2025-06-18T00:00:20.748+0300][12872][20264][info ][safepoint] Safepoint "XMarkEnd", Time since last: 44298700 ns, Reaching safepoint: 333500 ns, Cleanup: 12600 ns, At safepoint: 71400 ns, Total: 417500 ns
[2025-06-18T00:00:20.748+0300][12872][18160][info ][gc,phases] GC(35) Concurrent Mark Free 0.001ms
[2025-06-18T00:00:20.748+0300][12872][18160][debug][gc,phases] GC(35) Concurrent References Process 0.188ms
[2025-06-18T00:00:20.748+0300][12872][18160][debug][gc,phases] GC(35) ClassLoaderData 0.020ms
[2025-06-18T00:00:20.748+0300][12872][18160][debug][gc,phases] GC(35) Trigger cleanups 0.000ms
[2025-06-18T00:00:20.756+0300][12872][18160][debug][gc,phases] GC(35) Concurrent Classes Unlink 5.011ms
[2025-06-18T00:00:20.756+0300][12872][3760 ][debug][safepoint] ... found polling page loop exception at pc = 0x00000207273653e0, stub =0x0000020726d55280
[2025-06-18T00:00:20.756+0300][12872][19900][debug][safepoint] ... found polling page loop exception at pc = 0x00000207273653e0, stub =0x0000020726d55280
[2025-06-18T00:00:20.756+0300][12872][8412 ][debug][safepoint] ... found polling page loop exception at pc = 0x00000207273653e0, stub =0x0000020726d55280
[2025-06-18T00:00:20.756+0300][12872][17016][debug][safepoint] ... found polling page loop exception at pc = 0x00000207273653e0, stub =0x0000020726d55280
[2025-06-18T00:00:20.756+0300][12872][15132][debug][safepoint] ... found polling page loop exception at pc = 0x00000207273653e0, stub =0x0000020726d55280
[2025-06-18T00:00:20.756+0300][12872][10352][debug][safepoint] ... found polling page loop exception at pc = 0x000002072736408e, stub =0x0000020726d55b00
[2025-06-18T00:00:20.756+0300][12872][13760][debug][safepoint] ... found polling page loop exception at pc = 0x00000207273653e0, stub =0x0000020726d55280
[2025-06-18T00:00:20.756+0300][12872][7892 ][debug][safepoint] ... found polling page loop exception at pc = 0x00000207273653e0, stub =0x0000020726d55280
[2025-06-18T00:00:20.758+0300][12872][18160][debug][gc,phases] GC(35) Concurrent Classes Purge 0.008ms
[2025-06-18T00:00:20.758+0300][12872][18160][debug][gc,phases] GC(35) Concurrent References Enqueue 0.006ms
[2025-06-18T00:00:20.758+0300][12872][18160][info ][gc,phases] GC(35) Concurrent Process Non-Strong References 7.964ms
[2025-06-18T00:00:20.758+0300][12872][18160][info ][gc,phases] GC(35) Concurrent Reset Relocation Set 0.012ms
[2025-06-18T00:00:20.760+0300][12872][18160][info ][gc,phases] GC(35) Concurrent Select Relocation Set 2.392ms
[2025-06-18T00:00:20.760+0300][12872][20264][debug][safepoint] Safepoint synchronization initiated using striped semaphore wait barrier. (19 threads)
[2025-06-18T00:00:20.760+0300][12872][7892 ][debug][safepoint] ... found polling page loop exception at pc = 0x00000207274e762c, stub =0x0000020726d55280
[2025-06-18T00:00:20.760+0300][12872][13760][debug][safepoint] ... found polling page loop exception at pc = 0x00000207273653e0, stub =0x0000020726d55280
[2025-06-18T00:00:20.760+0300][12872][3760 ][debug][safepoint] ... found polling page loop exception at pc = 0x00000207273653e0, stub =0x0000020726d55280
[2025-06-18T00:00:20.760+0300][12872][10352][debug][safepoint] ... found polling page loop exception at pc = 0x00000207274e7f5b, stub =0x0000020726d55280
[2025-06-18T00:00:20.760+0300][12872][19900][debug][safepoint] ... found polling page loop exception at pc = 0x000002072736408e, stub =0x0000020726d55b00
[2025-06-18T00:00:20.760+0300][12872][8412 ][debug][safepoint] ... found polling page loop exception at pc = 0x00000207273653e0, stub =0x0000020726d55280
[2025-06-18T00:00:20.760+0300][12872][17016][debug][safepoint] ... found polling page loop exception at pc = 0x000002072736408e, stub =0x0000020726d55b00
[2025-06-18T00:00:20.760+0300][12872][20264][info ][gc,phases] GC(35) Pause Relocate Start 0.009ms
[2025-06-18T00:00:20.760+0300][12872][20264][info ][safepoint] Safepoint "XRelocateStart", Time since last: 10529000 ns, Reaching safepoint: 306400 ns, Cleanup: 4300 ns, At safepoint: 82400 ns, Total: 393100 ns
[2025-06-18T00:00:20.760+0300][12872][18160][info ][gc,phases] GC(35) Concurrent Relocate 1.512ms
[2025-06-18T00:00:20.760+0300][12872][18160][debug][gc,heap  ] GC(35) Heap after GC invocations=36 (full 36):
[2025-06-18T00:00:20.760+0300][12872][18160][debug][gc,heap  ] GC(35)  ZHeap           used 176M, capacity 2048M, max capacity 2048M
[2025-06-18T00:00:20.760+0300][12872][18160][debug][gc,heap  ] GC(35)  Metaspace       used 8703K, committed 9664K, reserved 1114112K
[2025-06-18T00:00:20.760+0300][12872][18160][debug][gc,heap  ] GC(35)   class space    used 875K, committed 1280K, reserved 1048576K
[2025-06-18T00:00:20.760+0300][12872][18160][info ][gc,heap  ] GC(35) Min Capacity: 2048M(100%)
[2025-06-18T00:00:20.760+0300][12872][18160][info ][gc,heap  ] GC(35) Max Capacity: 2048M(100%)
[2025-06-18T00:00:20.760+0300][12872][18160][info ][gc,heap  ] GC(35) Soft Max Capacity: 2048M(100%)
[2025-06-18T00:00:20.760+0300][12872][18160][info ][gc,heap  ] GC(35)                Mark Start          Mark End        Relocate Start      Relocate End           High               Low         
[2025-06-18T00:00:20.763+0300][12872][18160][info ][gc,heap  ] GC(35)  Capacity:     2048M (100%)       2048M (100%)       2048M (100%)       2048M (100%)       2048M (100%)       2048M (100%)   
[2025-06-18T00:00:20.763+0300][12872][18160][info ][gc,heap  ] GC(35)      Free:      550M (27%)         438M (21%)        1596M (78%)        1872M (91%)        1872M (91%)         424M (21%)    
[2025-06-18T00:00:20.763+0300][12872][18160][info ][gc,heap  ] GC(35)      Used:     1498M (73%)        1610M (79%)         452M (22%)         176M (9%)         1624M (79%)         176M (9%)     
[2025-06-18T00:00:20.763+0300][12872][18160][info ][gc,heap  ] GC(35)      Live:         -                11M (1%)           11M (1%)           11M (1%)             -                  -          
[2025-06-18T00:00:20.763+0300][12872][18160][info ][gc,heap  ] GC(35) Allocated:         -               112M (5%)          134M (7%)          137M (7%)             -                  -          
[2025-06-18T00:00:20.763+0300][12872][18160][info ][gc,heap  ] GC(35)   Garbage:         -              1486M (73%)         306M (15%)          27M (1%)             -                  -          
[2025-06-18T00:00:20.763+0300][12872][18160][info ][gc,heap  ] GC(35) Reclaimed:         -                  -              1180M (58%)        1459M (71%)            -                  -          
[2025-06-18T00:00:20.763+0300][12872][18160][info ][gc       ] GC(35) Garbage Collection (Allocation Rate) 1498M(73%)->176M(9%)
[2025-06-18T00:00:21.399+0300][12872][18160][debug][gc,heap  ] GC(36) Heap before GC invocations=36 (full 36):
[2025-06-18T00:00:21.399+0300][12872][18160][debug][gc,heap  ] GC(36)  ZHeap           used 1700M, capacity 2048M, max capacity 2048M
[2025-06-18T00:00:21.399+0300][12872][18160][debug][gc,heap  ] GC(36)  Metaspace       used 8703K, committed 9664K, reserved 1114112K
[2025-06-18T00:00:21.399+0300][12872][18160][debug][gc,heap  ] GC(36)   class space    used 875K, committed 1280K, reserved 1048576K
[2025-06-18T00:00:21.399+0300][12872][20264][debug][safepoint] Safepoint synchronization initiated using striped semaphore wait barrier. (19 threads)
[2025-06-18T00:00:21.399+0300][12872][10352][debug][safepoint] ... found polling page loop exception at pc = 0x00000207273653e0, stub =0x0000020726d55280
[2025-06-18T00:00:21.399+0300][12872][19900][debug][safepoint] ... found polling page loop exception at pc = 0x00000207273653e0, stub =0x0000020726d55280
[2025-06-18T00:00:21.399+0300][12872][17016][debug][safepoint] ... found polling page loop exception at pc = 0x00000207273653e0, stub =0x0000020726d55280
[2025-06-18T00:00:21.399+0300][12872][13760][debug][safepoint] ... found polling page loop exception at pc = 0x000002072736408e, stub =0x0000020726d55b00
[2025-06-18T00:00:21.399+0300][12872][15132][debug][safepoint] ... found polling page loop exception at pc = 0x00000207273653e0, stub =0x0000020726d55280
[2025-06-18T00:00:21.399+0300][12872][8412 ][debug][safepoint] ... found polling page loop exception at pc = 0x000002072737074b, stub =0x0000020726d55b00
[2025-06-18T00:00:21.399+0300][12872][7892 ][debug][safepoint] ... found polling page loop exception at pc = 0x00000207273653e0, stub =0x0000020726d55280
[2025-06-18T00:00:21.399+0300][12872][20264][info ][gc,phases] GC(36) Pause Mark Start 0.012ms
[2025-06-18T00:00:21.399+0300][12872][20264][info ][safepoint] Safepoint "XMarkStart", Time since last: 638694500 ns, Reaching safepoint: 371900 ns, Cleanup: 15900 ns, At safepoint: 84000 ns, Total: 471800 ns
[2025-06-18T00:00:21.412+0300][12872][8412 ][debug][safepoint] ... found polling page loop exception at pc = 0x000002072736408e, stub =0x0000020726d55b00
[2025-06-18T00:00:21.412+0300][12872][7892 ][debug][safepoint] ... found polling page loop exception at pc = 0x000002072732cb3f, stub =0x0000020726d55b00
[2025-06-18T00:00:21.412+0300][12872][15132][debug][safepoint] ... found polling page loop exception at pc = 0x000002072736408e, stub =0x0000020726d55b00
[2025-06-18T00:00:21.412+0300][12872][10352][debug][safepoint] ... found polling page loop exception at pc = 0x00000207273653e0, stub =0x0000020726d55280
[2025-06-18T00:00:21.412+0300][12872][19900][debug][safepoint] ... found polling page loop exception at pc = 0x00000207273653e0, stub =0x0000020726d55280
[2025-06-18T00:00:21.412+0300][12872][17016][debug][safepoint] ... found polling page loop exception at pc = 0x00000207273653e0, stub =0x0000020726d55280
[2025-06-18T00:00:21.412+0300][12872][13760][debug][safepoint] ... found polling page loop exception at pc = 0x00000207273f8745, stub =0x0000020726d55280
[2025-06-18T00:00:21.412+0300][12872][17016][debug][safepoint] ... found polling page loop exception at pc = 0x00000207273653e0, stub =0x0000020726d55280
[2025-06-18T00:00:21.412+0300][12872][13760][debug][safepoint] ... found polling page loop exception at pc = 0x00000207273653e0, stub =0x0000020726d55280
[2025-06-18T00:00:21.412+0300][12872][19900][debug][safepoint] ... found polling page loop exception at pc = 0x00000207273653e0, stub =0x0000020726d55280
[2025-06-18T00:00:21.412+0300][12872][7892 ][debug][safepoint] ... found polling page loop exception at pc = 0x00000207273653e0, stub =0x0000020726d55280
[2025-06-18T00:00:21.412+0300][12872][10352][debug][safepoint] ... found polling page loop exception at pc = 0x00000207274e7f5b, stub =0x0000020726d55280
[2025-06-18T00:00:21.412+0300][12872][15132][debug][safepoint] ... found polling page loop exception at pc = 0x0000020727415998, stub =0x0000020726d55b00
[2025-06-18T00:00:21.412+0300][12872][3760 ][debug][safepoint] ... found polling page loop exception at pc = 0x00000207273653e0, stub =0x0000020726d55280
[2025-06-18T00:00:21.412+0300][12872][15132][debug][safepoint] ... found polling page loop exception at pc = 0x00000207273653e0, stub =0x0000020726d55280
[2025-06-18T00:00:21.412+0300][12872][17016][debug][safepoint] ... found polling page loop exception at pc = 0x00000207273653e0, stub =0x0000020726d55280
[2025-06-18T00:00:21.412+0300][12872][3760 ][debug][safepoint] ... found polling page loop exception at pc = 0x00000207273ecfdf, stub =0x0000020726d55280
[2025-06-18T00:00:21.412+0300][12872][7892 ][debug][safepoint] ... found polling page loop exception at pc = 0x0000020727356360, stub =0x0000020726d55b00
[2025-06-18T00:00:21.412+0300][12872][8412 ][debug][safepoint] ... found polling page loop exception at pc = 0x000002072737074b, stub =0x0000020726d55b00
[2025-06-18T00:00:21.417+0300][12872][18160][info ][gc,phases] GC(36) Concurrent Mark 17.418ms
[2025-06-18T00:00:21.417+0300][12872][20264][debug][safepoint] Safepoint synchronization initiated using striped semaphore wait barrier. (19 threads)
[2025-06-18T00:00:21.417+0300][12872][19900][debug][safepoint] ... found polling page loop exception at pc = 0x00000207273653e0, stub =0x0000020726d55280
[2025-06-18T00:00:21.417+0300][12872][8412 ][debug][safepoint] ... found polling page loop exception at pc = 0x000002072737074b, stub =0x0000020726d55b00
[2025-06-18T00:00:21.417+0300][12872][13760][debug][safepoint] ... found polling page loop exception at pc = 0x00000207273653e0, stub =0x0000020726d55280
[2025-06-18T00:00:21.417+0300][12872][17016][debug][safepoint] ... found polling page loop exception at pc = 0x00000207273653e0, stub =0x0000020726d55280
[2025-06-18T00:00:21.417+0300][12872][20264][info ][gc,phases] GC(36) Pause Mark End 0.015ms
[2025-06-18T00:00:21.417+0300][12872][20264][info ][safepoint] Safepoint "XMarkEnd", Time since last: 17529000 ns, Reaching safepoint: 222000 ns, Cleanup: 5300 ns, At safepoint: 87800 ns, Total: 315100 ns
[2025-06-18T00:00:21.417+0300][12872][18160][info ][gc,phases] GC(36) Concurrent Mark Free 0.001ms
[2025-06-18T00:00:21.417+0300][12872][18160][debug][gc,phases] GC(36) Concurrent References Process 0.165ms
[2025-06-18T00:00:21.417+0300][12872][18160][debug][gc,phases] GC(36) ClassLoaderData 0.019ms
[2025-06-18T00:00:21.417+0300][12872][18160][debug][gc,phases] GC(36) Trigger cleanups 0.000ms
[2025-06-18T00:00:21.422+0300][12872][18160][debug][gc,phases] GC(36) Concurrent Classes Unlink 4.918ms
[2025-06-18T00:00:21.424+0300][12872][15132][debug][safepoint] ... found polling page loop exception at pc = 0x00000207274e7f5b, stub =0x0000020726d55280
[2025-06-18T00:00:21.424+0300][12872][10352][debug][safepoint] ... found polling page loop exception at pc = 0x00000207273653e0, stub =0x0000020726d55280
[2025-06-18T00:00:21.424+0300][12872][13760][debug][safepoint] ... found polling page loop exception at pc = 0x00000207273653e0, stub =0x0000020726d55280
[2025-06-18T00:00:21.424+0300][12872][19900][debug][safepoint] ... found polling page loop exception at pc = 0x00000207273653e0, stub =0x0000020726d55280
[2025-06-18T00:00:21.424+0300][12872][18160][debug][gc,phases] GC(36) Concurrent Classes Purge 0.029ms
[2025-06-18T00:00:21.424+0300][12872][18160][debug][gc,phases] GC(36) Concurrent References Enqueue 0.006ms
[2025-06-18T00:00:21.424+0300][12872][18160][info ][gc,phases] GC(36) Concurrent Process Non-Strong References 6.374ms
[2025-06-18T00:00:21.424+0300][12872][18160][info ][gc,phases] GC(36) Concurrent Reset Relocation Set 0.006ms
[2025-06-18T00:00:21.426+0300][12872][18160][info ][gc,phases] GC(36) Concurrent Select Relocation Set 2.761ms
[2025-06-18T00:00:21.426+0300][12872][20264][debug][safepoint] Safepoint synchronization initiated using striped semaphore wait barrier. (19 threads)
[2025-06-18T00:00:21.426+0300][12872][19900][debug][safepoint] ... found polling page loop exception at pc = 0x00000207273653e0, stub =0x0000020726d55280
[2025-06-18T00:00:21.426+0300][12872][7892 ][debug][safepoint] ... found polling page loop exception at pc = 0x000002072736408e, stub =0x0000020726d55b00
[2025-06-18T00:00:21.426+0300][12872][15132][debug][safepoint] ... found polling page loop exception at pc = 0x00000207273653e0, stub =0x0000020726d55280
[2025-06-18T00:00:21.426+0300][12872][3760 ][debug][safepoint] ... found polling page loop exception at pc = 0x00000207273653e0, stub =0x0000020726d55280
[2025-06-18T00:00:21.426+0300][12872][13760][debug][safepoint] ... found polling page loop exception at pc = 0x00000207273653e0, stub =0x0000020726d55280
[2025-06-18T00:00:21.426+0300][12872][8412 ][debug][safepoint] ... found polling page loop exception at pc = 0x00000207274e7f5b, stub =0x0000020726d55280
[2025-06-18T00:00:21.426+0300][12872][20264][info ][gc,phases] GC(36) Pause Relocate Start 0.008ms
[2025-06-18T00:00:21.426+0300][12872][20264][info ][safepoint] Safepoint "XRelocateStart", Time since last: 9315200 ns, Reaching safepoint: 318800 ns, Cleanup: 4500 ns, At safepoint: 54100 ns, Total: 377400 ns
[2025-06-18T00:00:21.426+0300][12872][18160][info ][gc,phases] GC(36) Concurrent Relocate 1.494ms
[2025-06-18T00:00:21.426+0300][12872][18160][debug][gc,heap  ] GC(36) Heap after GC invocations=37 (full 37):
[2025-06-18T00:00:21.426+0300][12872][18160][debug][gc,heap  ] GC(36)  ZHeap           used 102M, capacity 2048M, max capacity 2048M
[2025-06-18T00:00:21.426+0300][12872][18160][debug][gc,heap  ] GC(36)  Metaspace       used 8703K, committed 9664K, reserved 1114112K
[2025-06-18T00:00:21.426+0300][12872][18160][debug][gc,heap  ] GC(36)   class space    used 875K, committed 1280K, reserved 1048576K
[2025-06-18T00:00:21.426+0300][12872][18160][info ][gc,heap  ] GC(36) Min Capacity: 2048M(100%)
[2025-06-18T00:00:21.426+0300][12872][18160][info ][gc,heap  ] GC(36) Max Capacity: 2048M(100%)
[2025-06-18T00:00:21.426+0300][12872][18160][info ][gc,heap  ] GC(36) Soft Max Capacity: 2048M(100%)
[2025-06-18T00:00:21.426+0300][12872][18160][info ][gc,heap  ] GC(36)                Mark Start          Mark End        Relocate Start      Relocate End           High               Low         
[2025-06-18T00:00:21.429+0300][12872][18160][info ][gc,heap  ] GC(36)  Capacity:     2048M (100%)       2048M (100%)       2048M (100%)       2048M (100%)       2048M (100%)       2048M (100%)   
[2025-06-18T00:00:21.429+0300][12872][18160][info ][gc,heap  ] GC(36)      Free:      348M (17%)         306M (15%)        1646M (80%)        1946M (95%)        1946M (95%)         290M (14%)    
[2025-06-18T00:00:21.429+0300][12872][18160][info ][gc,heap  ] GC(36)      Used:     1700M (83%)        1742M (85%)         402M (20%)         102M (5%)         1758M (86%)         102M (5%)     
[2025-06-18T00:00:21.429+0300][12872][18160][info ][gc,heap  ] GC(36)      Live:         -                11M (1%)           11M (1%)           11M (1%)             -                  -          
[2025-06-18T00:00:21.429+0300][12872][18160][info ][gc,heap  ] GC(36) Allocated:         -                42M (2%)           56M (3%)           63M (3%)             -                  -          
[2025-06-18T00:00:21.429+0300][12872][18160][info ][gc,heap  ] GC(36)   Garbage:         -              1688M (82%)         334M (16%)          27M (1%)             -                  -          
[2025-06-18T00:00:21.429+0300][12872][18160][info ][gc,heap  ] GC(36) Reclaimed:         -                  -              1354M (66%)        1661M (81%)            -                  -          
[2025-06-18T00:00:21.429+0300][12872][18160][info ][gc       ] GC(36) Garbage Collection (Allocation Rate) 1700M(83%)->102M(5%)
[2025-06-18T00:00:22.101+0300][12872][18160][debug][gc,heap  ] GC(37) Heap before GC invocations=37 (full 37):
[2025-06-18T00:00:22.101+0300][12872][18160][debug][gc,heap  ] GC(37)  ZHeap           used 1738M, capacity 2048M, max capacity 2048M
[2025-06-18T00:00:22.101+0300][12872][18160][debug][gc,heap  ] GC(37)  Metaspace       used 8703K, committed 9664K, reserved 1114112K
[2025-06-18T00:00:22.101+0300][12872][18160][debug][gc,heap  ] GC(37)   class space    used 875K, committed 1280K, reserved 1048576K
[2025-06-18T00:00:22.101+0300][12872][20264][debug][safepoint] Safepoint synchronization initiated using striped semaphore wait barrier. (19 threads)
[2025-06-18T00:00:22.101+0300][12872][3760 ][debug][safepoint] ... found polling page loop exception at pc = 0x00000207273653e0, stub =0x0000020726d55280
[2025-06-18T00:00:22.101+0300][12872][8412 ][debug][safepoint] ... found polling page loop exception at pc = 0x000002072738c351, stub =0x0000020726d55b00
[2025-06-18T00:00:22.101+0300][12872][13760][debug][safepoint] ... found polling page loop exception at pc = 0x00000207273653e0, stub =0x0000020726d55280
[2025-06-18T00:00:22.101+0300][12872][10352][debug][safepoint] ... found polling page loop exception at pc = 0x00000207273653e0, stub =0x0000020726d55280
[2025-06-18T00:00:22.101+0300][12872][7892 ][debug][safepoint] ... found polling page loop exception at pc = 0x00000207273653e0, stub =0x0000020726d55280
[2025-06-18T00:00:22.101+0300][12872][17016][debug][safepoint] ... found polling page loop exception at pc = 0x00000207273653e0, stub =0x0000020726d55280
[2025-06-18T00:00:22.101+0300][12872][15132][debug][safepoint] ... found polling page loop exception at pc = 0x0000020727386205, stub =0x0000020726d55b00
[2025-06-18T00:00:22.101+0300][12872][20264][info ][gc,phases] GC(37) Pause Mark Start 0.011ms
[2025-06-18T00:00:22.101+0300][12872][20264][info ][safepoint] Safepoint "XMarkStart", Time since last: 673398400 ns, Reaching safepoint: 333200 ns, Cleanup: 6800 ns, At safepoint: 98200 ns, Total: 438200 ns
[2025-06-18T00:00:22.113+0300][12872][3760 ][debug][safepoint] ... found polling page loop exception at pc = 0x000002072737074b, stub =0x0000020726d55b00
[2025-06-18T00:00:22.113+0300][12872][15132][debug][safepoint] ... found polling page loop exception at pc = 0x00000207273653e0, stub =0x0000020726d55280
[2025-06-18T00:00:22.113+0300][12872][13760][debug][safepoint] ... found polling page loop exception at pc = 0x00000207273653e0, stub =0x0000020726d55280
[2025-06-18T00:00:22.113+0300][12872][10352][debug][safepoint] ... found polling page loop exception at pc = 0x00000207273564c6, stub =0x0000020726d55b00
[2025-06-18T00:00:22.113+0300][12872][7892 ][debug][safepoint] ... found polling page loop exception at pc = 0x00000207273653e0, stub =0x0000020726d55280
[2025-06-18T00:00:22.113+0300][12872][19900][debug][safepoint] ... found polling page loop exception at pc = 0x00000207273653e0, stub =0x0000020726d55280
[2025-06-18T00:00:22.113+0300][12872][8412 ][debug][safepoint] ... found polling page loop exception at pc = 0x00000207274e7f5b, stub =0x0000020726d55280
[2025-06-18T00:00:22.116+0300][12872][17016][debug][safepoint] ... found polling page loop exception at pc = 0x00000207273653e0, stub =0x0000020726d55280
[2025-06-18T00:00:22.116+0300][12872][13760][debug][safepoint] ... found polling page loop exception at pc = 0x00000207273653e0, stub =0x0000020726d55280
[2025-06-18T00:00:22.116+0300][12872][15132][debug][safepoint] ... found polling page loop exception at pc = 0x000002072736408e, stub =0x0000020726d55b00
[2025-06-18T00:00:22.116+0300][12872][7892 ][debug][safepoint] ... found polling page loop exception at pc = 0x00000207273653e0, stub =0x0000020726d55280
[2025-06-18T00:00:22.116+0300][12872][10352][debug][safepoint] ... found polling page loop exception at pc = 0x0000020727415998, stub =0x0000020726d55b00
[2025-06-18T00:00:22.116+0300][12872][3760 ][debug][safepoint] ... found polling page loop exception at pc = 0x00000207273b127c, stub =0x0000020726d55b00
[2025-06-18T00:00:22.118+0300][12872][3760 ][debug][safepoint] ... found polling page loop exception at pc = 0x00000207274e7f5b, stub =0x0000020726d55280
[2025-06-18T00:00:22.118+0300][12872][13760][debug][safepoint] ... found polling page loop exception at pc = 0x00000207273653e0, stub =0x0000020726d55280
[2025-06-18T00:00:22.118+0300][12872][10352][debug][safepoint] ... found polling page loop exception at pc = 0x00000207273dd304, stub =0x0000020726d55b00
[2025-06-18T00:00:22.118+0300][12872][19900][debug][safepoint] ... found polling page loop exception at pc = 0x00000207273653e0, stub =0x0000020726d55280
[2025-06-18T00:00:22.118+0300][12872][15132][debug][safepoint] ... found polling page loop exception at pc = 0x000002072737074b, stub =0x0000020726d55b00
[2025-06-18T00:00:22.118+0300][12872][7892 ][debug][safepoint] ... found polling page loop exception at pc = 0x00000207273653e0, stub =0x0000020726d55280
[2025-06-18T00:00:22.118+0300][12872][17016][debug][safepoint] ... found polling page loop exception at pc = 0x00000207273653e0, stub =0x0000020726d55280
[2025-06-18T00:00:22.132+0300][12872][18160][info ][gc,phases] GC(37) Concurrent Mark 30.934ms
[2025-06-18T00:00:22.132+0300][12872][20264][debug][safepoint] Safepoint synchronization initiated using striped semaphore wait barrier. (19 threads)
[2025-06-18T00:00:22.132+0300][12872][15132][debug][safepoint] ... found polling page loop exception at pc = 0x000002072737074b, stub =0x0000020726d55b00
[2025-06-18T00:00:22.132+0300][12872][10352][debug][safepoint] ... found polling page loop exception at pc = 0x00000207273653e0, stub =0x0000020726d55280
[2025-06-18T00:00:22.132+0300][12872][8412 ][debug][safepoint] ... found polling page loop exception at pc = 0x00000207273653e0, stub =0x0000020726d55280
[2025-06-18T00:00:22.132+0300][12872][13760][debug][safepoint] ... found polling page loop exception at pc = 0x000002072737074b, stub =0x0000020726d55b00
[2025-06-18T00:00:22.132+0300][12872][20264][info ][gc,phases] GC(37) Pause Mark End 0.081ms
[2025-06-18T00:00:22.132+0300][12872][20264][info ][safepoint] Safepoint "XMarkEnd", Time since last: 31065300 ns, Reaching safepoint: 295700 ns, Cleanup: 11400 ns, At safepoint: 134300 ns, Total: 441400 ns
[2025-06-18T00:00:22.132+0300][12872][18160][info ][gc,phases] GC(37) Concurrent Mark Free 0.001ms
[2025-06-18T00:00:22.132+0300][12872][18160][debug][gc,phases] GC(37) Concurrent References Process 0.187ms
[2025-06-18T00:00:22.132+0300][12872][18160][debug][gc,phases] GC(37) ClassLoaderData 0.018ms
[2025-06-18T00:00:22.132+0300][12872][18160][debug][gc,phases] GC(37) Trigger cleanups 0.001ms
[2025-06-18T00:00:22.138+0300][12872][18160][debug][gc,phases] GC(37) Concurrent Classes Unlink 5.199ms
[2025-06-18T00:00:22.138+0300][12872][15132][debug][safepoint] ... found polling page loop exception at pc = 0x000002072738c351, stub =0x0000020726d55b00
[2025-06-18T00:00:22.138+0300][12872][8412 ][debug][safepoint] ... found polling page loop exception at pc = 0x00000207273653e0, stub =0x0000020726d55280
[2025-06-18T00:00:22.138+0300][12872][18160][debug][gc,phases] GC(37) Concurrent Classes Purge 0.022ms
[2025-06-18T00:00:22.138+0300][12872][18160][debug][gc,phases] GC(37) Concurrent References Enqueue 0.006ms
[2025-06-18T00:00:22.138+0300][12872][18160][info ][gc,phases] GC(37) Concurrent Process Non-Strong References 6.287ms
[2025-06-18T00:00:22.138+0300][12872][18160][info ][gc,phases] GC(37) Concurrent Reset Relocation Set 0.008ms
[2025-06-18T00:00:22.140+0300][12872][18160][info ][gc,phases] GC(37) Concurrent Select Relocation Set 2.401ms
[2025-06-18T00:00:22.140+0300][12872][20264][debug][safepoint] Safepoint synchronization initiated using striped semaphore wait barrier. (19 threads)
[2025-06-18T00:00:22.140+0300][12872][10352][debug][safepoint] ... found polling page loop exception at pc = 0x00000207273653e0, stub =0x0000020726d55280
[2025-06-18T00:00:22.140+0300][12872][3760 ][debug][safepoint] ... found polling page loop exception at pc = 0x00000207273653e0, stub =0x0000020726d55280
[2025-06-18T00:00:22.140+0300][12872][8412 ][debug][safepoint] ... found polling page loop exception at pc = 0x00000207273653e0, stub =0x0000020726d55280
[2025-06-18T00:00:22.140+0300][12872][7892 ][debug][safepoint] ... found polling page loop exception at pc = 0x00000207273653e0, stub =0x0000020726d55280
[2025-06-18T00:00:22.140+0300][12872][13760][debug][safepoint] ... found polling page loop exception at pc = 0x000002072737074b, stub =0x0000020726d55b00
[2025-06-18T00:00:22.140+0300][12872][20264][info ][gc,phases] GC(37) Pause Relocate Start 0.008ms
[2025-06-18T00:00:22.140+0300][12872][20264][info ][safepoint] Safepoint "XRelocateStart", Time since last: 8881900 ns, Reaching safepoint: 262900 ns, Cleanup: 4600 ns, At safepoint: 56400 ns, Total: 323900 ns
[2025-06-18T00:00:22.144+0300][12872][18160][info ][gc,phases] GC(37) Concurrent Relocate 2.390ms
[2025-06-18T00:00:22.144+0300][12872][18160][debug][gc,heap  ] GC(37) Heap after GC invocations=38 (full 38):
[2025-06-18T00:00:22.144+0300][12872][18160][debug][gc,heap  ] GC(37)  ZHeap           used 136M, capacity 2048M, max capacity 2048M
[2025-06-18T00:00:22.144+0300][12872][18160][debug][gc,heap  ] GC(37)  Metaspace       used 8703K, committed 9664K, reserved 1114112K
[2025-06-18T00:00:22.144+0300][12872][18160][debug][gc,heap  ] GC(37)   class space    used 875K, committed 1280K, reserved 1048576K
[2025-06-18T00:00:22.144+0300][12872][18160][info ][gc,heap  ] GC(37) Min Capacity: 2048M(100%)
[2025-06-18T00:00:22.144+0300][12872][18160][info ][gc,heap  ] GC(37) Max Capacity: 2048M(100%)
[2025-06-18T00:00:22.144+0300][12872][18160][info ][gc,heap  ] GC(37) Soft Max Capacity: 2048M(100%)
[2025-06-18T00:00:22.144+0300][12872][18160][info ][gc,heap  ] GC(37)                Mark Start          Mark End        Relocate Start      Relocate End           High               Low         
[2025-06-18T00:00:22.144+0300][12872][18160][info ][gc,heap  ] GC(37)  Capacity:     2048M (100%)       2048M (100%)       2048M (100%)       2048M (100%)       2048M (100%)       2048M (100%)   
[2025-06-18T00:00:22.144+0300][12872][18160][info ][gc,heap  ] GC(37)      Free:      310M (15%)         234M (11%)        1598M (78%)        1912M (93%)        1916M (94%)         224M (11%)    
[2025-06-18T00:00:22.144+0300][12872][18160][info ][gc,heap  ] GC(37)      Used:     1738M (85%)        1814M (89%)         450M (22%)         136M (7%)         1824M (89%)         132M (6%)     
[2025-06-18T00:00:22.144+0300][12872][18160][info ][gc,heap  ] GC(37)      Live:         -                11M (1%)           11M (1%)           11M (1%)             -                  -          
[2025-06-18T00:00:22.144+0300][12872][18160][info ][gc,heap  ] GC(37) Allocated:         -                76M (4%)           92M (4%)           97M (5%)             -                  -          
[2025-06-18T00:00:22.144+0300][12872][18160][info ][gc,heap  ] GC(37)   Garbage:         -              1726M (84%)         346M (17%)          27M (1%)             -                  -          
[2025-06-18T00:00:22.144+0300][12872][18160][info ][gc,heap  ] GC(37) Reclaimed:         -                  -              1380M (67%)        1699M (83%)            -                  -          
[2025-06-18T00:00:22.144+0300][12872][18160][info ][gc       ] GC(37) Garbage Collection (Allocation Rate) 1738M(85%)->136M(7%)
[2025-06-18T00:00:22.609+0300][12872][18160][debug][gc,heap  ] GC(38) Heap before GC invocations=38 (full 38):
[2025-06-18T00:00:22.609+0300][12872][18160][debug][gc,heap  ] GC(38)  ZHeap           used 1754M, capacity 2048M, max capacity 2048M
[2025-06-18T00:00:22.609+0300][12872][18160][debug][gc,heap  ] GC(38)  Metaspace       used 8703K, committed 9664K, reserved 1114112K
[2025-06-18T00:00:22.609+0300][12872][18160][debug][gc,heap  ] GC(38)   class space    used 875K, committed 1280K, reserved 1048576K
[2025-06-18T00:00:22.609+0300][12872][20264][debug][safepoint] Safepoint synchronization initiated using striped semaphore wait barrier. (19 threads)
[2025-06-18T00:00:22.609+0300][12872][19900][debug][safepoint] ... found polling page loop exception at pc = 0x000002072736408e, stub =0x0000020726d55b00
[2025-06-18T00:00:22.609+0300][12872][17016][debug][safepoint] ... found polling page loop exception at pc = 0x0000020727386205, stub =0x0000020726d55b00
[2025-06-18T00:00:22.609+0300][12872][10352][debug][safepoint] ... found polling page loop exception at pc = 0x00000207273653e0, stub =0x0000020726d55280
[2025-06-18T00:00:22.609+0300][12872][15132][debug][safepoint] ... found polling page loop exception at pc = 0x00000207273653e0, stub =0x0000020726d55280
[2025-06-18T00:00:22.609+0300][12872][8412 ][debug][safepoint] ... found polling page loop exception at pc = 0x00000207273653e0, stub =0x0000020726d55280
[2025-06-18T00:00:22.609+0300][12872][20264][info ][gc,phases] GC(38) Pause Mark Start 0.009ms
[2025-06-18T00:00:22.609+0300][12872][20264][info ][safepoint] Safepoint "XMarkStart", Time since last: 467280400 ns, Reaching safepoint: 304100 ns, Cleanup: 6300 ns, At safepoint: 76200 ns, Total: 386600 ns
[2025-06-18T00:00:22.624+0300][12872][15132][debug][safepoint] ... found polling page loop exception at pc = 0x000002072737074b, stub =0x0000020726d55b00
[2025-06-18T00:00:22.624+0300][12872][13760][debug][safepoint] ... found polling page loop exception at pc = 0x00000207274e7f5b, stub =0x0000020726d55280
[2025-06-18T00:00:22.624+0300][12872][7892 ][debug][safepoint] ... found polling page loop exception at pc = 0x00000207273653e0, stub =0x0000020726d55280
[2025-06-18T00:00:22.624+0300][12872][10352][debug][safepoint] ... found polling page loop exception at pc = 0x00000207273653e0, stub =0x0000020726d55280
[2025-06-18T00:00:22.624+0300][12872][3760 ][debug][safepoint] ... found polling page loop exception at pc = 0x00000207273f8745, stub =0x0000020726d55280
[2025-06-18T00:00:22.624+0300][12872][13760][debug][safepoint] ... found polling page loop exception at pc = 0x00000207273653e0, stub =0x0000020726d55280
[2025-06-18T00:00:22.624+0300][12872][15132][debug][safepoint] ... found polling page loop exception at pc = 0x00000207273653e0, stub =0x0000020726d55280
[2025-06-18T00:00:22.624+0300][12872][8412 ][debug][safepoint] ... found polling page loop exception at pc = 0x000002072736408e, stub =0x0000020726d55b00
[2025-06-18T00:00:22.624+0300][12872][19900][debug][safepoint] ... found polling page loop exception at pc = 0x00000207274e7f5b, stub =0x0000020726d55280
[2025-06-18T00:00:22.624+0300][12872][17016][debug][safepoint] ... found polling page loop exception at pc = 0x00000207273ecfdf, stub =0x0000020726d55280
[2025-06-18T00:00:22.625+0300][12872][17016][debug][safepoint] ... found polling page loop exception at pc = 0x00000207273653e0, stub =0x0000020726d55280
[2025-06-18T00:00:22.625+0300][12872][13760][debug][safepoint] ... found polling page loop exception at pc = 0x00000207274e7f5b, stub =0x0000020726d55280
[2025-06-18T00:00:22.625+0300][12872][8412 ][debug][safepoint] ... found polling page loop exception at pc = 0x000002072735d04c, stub =0x0000020726d55b00
[2025-06-18T00:00:22.625+0300][12872][19900][debug][safepoint] ... found polling page loop exception at pc = 0x00000207273653e0, stub =0x0000020726d55280
[2025-06-18T00:00:22.625+0300][12872][10352][debug][safepoint] ... found polling page loop exception at pc = 0x00000207273653e0, stub =0x0000020726d55280
[2025-06-18T00:00:22.625+0300][12872][7892 ][debug][safepoint] ... found polling page loop exception at pc = 0x00000207273653e0, stub =0x0000020726d55280
[2025-06-18T00:00:22.641+0300][12872][18160][info ][gc,phases] GC(38) Concurrent Mark 31.104ms
[2025-06-18T00:00:22.641+0300][12872][20264][debug][safepoint] Safepoint synchronization initiated using striped semaphore wait barrier. (19 threads)
[2025-06-18T00:00:22.641+0300][12872][8412 ][debug][safepoint] ... found polling page loop exception at pc = 0x00000207273653e0, stub =0x0000020726d55280
[2025-06-18T00:00:22.641+0300][12872][10352][debug][safepoint] ... found polling page loop exception at pc = 0x00000207273653e0, stub =0x0000020726d55280
[2025-06-18T00:00:22.641+0300][12872][19900][debug][safepoint] ... found polling page loop exception at pc = 0x00000207273d8d9f, stub =0x0000020726d55b00
[2025-06-18T00:00:22.641+0300][12872][20264][info ][gc,phases] GC(38) Pause Mark End 0.014ms
[2025-06-18T00:00:22.641+0300][12872][20264][info ][safepoint] Safepoint "XMarkEnd", Time since last: 31240800 ns, Reaching safepoint: 263400 ns, Cleanup: 9700 ns, At safepoint: 65500 ns, Total: 338600 ns
[2025-06-18T00:00:22.641+0300][12872][18160][info ][gc,phases] GC(38) Concurrent Mark Free 0.001ms
[2025-06-18T00:00:22.641+0300][12872][18160][debug][gc,phases] GC(38) Concurrent References Process 0.193ms
[2025-06-18T00:00:22.641+0300][12872][18160][debug][gc,phases] GC(38) ClassLoaderData 0.018ms
[2025-06-18T00:00:22.641+0300][12872][18160][debug][gc,phases] GC(38) Trigger cleanups 0.001ms
[2025-06-18T00:00:22.647+0300][12872][18160][debug][gc,phases] GC(38) Concurrent Classes Unlink 5.370ms
[2025-06-18T00:00:22.647+0300][12872][7892 ][debug][safepoint] ... found polling page loop exception at pc = 0x000002072737074b, stub =0x0000020726d55b00
[2025-06-18T00:00:22.647+0300][12872][15132][debug][safepoint] ... found polling page loop exception at pc = 0x00000207273653e0, stub =0x0000020726d55280
[2025-06-18T00:00:22.647+0300][12872][8412 ][debug][safepoint] ... found polling page loop exception at pc = 0x00000207273653e0, stub =0x0000020726d55280
[2025-06-18T00:00:22.647+0300][12872][13760][debug][safepoint] ... found polling page loop exception at pc = 0x00000207273653e0, stub =0x0000020726d55280
[2025-06-18T00:00:22.647+0300][12872][3760 ][debug][safepoint] ... found polling page loop exception at pc = 0x000002072736408e, stub =0x0000020726d55b00
[2025-06-18T00:00:22.647+0300][12872][10352][debug][safepoint] ... found polling page loop exception at pc = 0x00000207273653e0, stub =0x0000020726d55280
[2025-06-18T00:00:22.647+0300][12872][18160][debug][gc,phases] GC(38) Concurrent Classes Purge 0.010ms
[2025-06-18T00:00:22.647+0300][12872][18160][debug][gc,phases] GC(38) Concurrent References Enqueue 0.006ms
[2025-06-18T00:00:22.647+0300][12872][18160][info ][gc,phases] GC(38) Concurrent Process Non-Strong References 7.074ms
[2025-06-18T00:00:22.647+0300][12872][18160][info ][gc,phases] GC(38) Concurrent Reset Relocation Set 0.006ms
[2025-06-18T00:00:22.649+0300][12872][18160][info ][gc,phases] GC(38) Concurrent Select Relocation Set 2.817ms
[2025-06-18T00:00:22.649+0300][12872][20264][debug][safepoint] Safepoint synchronization initiated using striped semaphore wait barrier. (19 threads)
[2025-06-18T00:00:22.651+0300][12872][10352][debug][safepoint] ... found polling page loop exception at pc = 0x00000207273653e0, stub =0x0000020726d55280
[2025-06-18T00:00:22.651+0300][12872][8412 ][debug][safepoint] ... found polling page loop exception at pc = 0x00000207273653e0, stub =0x0000020726d55280
[2025-06-18T00:00:22.651+0300][12872][15132][debug][safepoint] ... found polling page loop exception at pc = 0x0000020727356360, stub =0x0000020726d55b00
[2025-06-18T00:00:22.651+0300][12872][17016][debug][safepoint] ... found polling page loop exception at pc = 0x00000207273653e0, stub =0x0000020726d55280
[2025-06-18T00:00:22.651+0300][12872][3760 ][debug][safepoint] ... found polling page loop exception at pc = 0x00000207273653e0, stub =0x0000020726d55280
[2025-06-18T00:00:22.651+0300][12872][7892 ][debug][safepoint] ... found polling page loop exception at pc = 0x00000207273f8903, stub =0x0000020726d55280
[2025-06-18T00:00:22.651+0300][12872][20264][info ][gc,phases] GC(38) Pause Relocate Start 0.009ms
[2025-06-18T00:00:22.651+0300][12872][20264][info ][safepoint] Safepoint "XRelocateStart", Time since last: 10070900 ns, Reaching safepoint: 325700 ns, Cleanup: 5200 ns, At safepoint: 76500 ns, Total: 407400 ns
[2025-06-18T00:00:22.654+0300][12872][18160][info ][gc,phases] GC(38) Concurrent Relocate 2.574ms
[2025-06-18T00:00:22.654+0300][12872][18160][debug][gc,heap  ] GC(38) Heap after GC invocations=39 (full 39):
[2025-06-18T00:00:22.654+0300][12872][18160][debug][gc,heap  ] GC(38)  ZHeap           used 154M, capacity 2048M, max capacity 2048M
[2025-06-18T00:00:22.654+0300][12872][18160][debug][gc,heap  ] GC(38)  Metaspace       used 8703K, committed 9664K, reserved 1114112K
[2025-06-18T00:00:22.654+0300][12872][18160][debug][gc,heap  ] GC(38)   class space    used 875K, committed 1280K, reserved 1048576K
[2025-06-18T00:00:22.654+0300][12872][18160][info ][gc,heap  ] GC(38) Min Capacity: 2048M(100%)
[2025-06-18T00:00:22.654+0300][12872][18160][info ][gc,heap  ] GC(38) Max Capacity: 2048M(100%)
[2025-06-18T00:00:22.654+0300][12872][18160][info ][gc,heap  ] GC(38) Soft Max Capacity: 2048M(100%)
[2025-06-18T00:00:22.654+0300][12872][18160][info ][gc,heap  ] GC(38)                Mark Start          Mark End        Relocate Start      Relocate End           High               Low         
[2025-06-18T00:00:22.654+0300][12872][18160][info ][gc,heap  ] GC(38)  Capacity:     2048M (100%)       2048M (100%)       2048M (100%)       2048M (100%)       2048M (100%)       2048M (100%)   
[2025-06-18T00:00:22.654+0300][12872][18160][info ][gc,heap  ] GC(38)      Free:      294M (14%)         202M (10%)        1568M (77%)        1894M (92%)        1894M (92%)         184M (9%)     
[2025-06-18T00:00:22.654+0300][12872][18160][info ][gc,heap  ] GC(38)      Used:     1754M (86%)        1846M (90%)         480M (23%)         154M (8%)         1864M (91%)         154M (8%)     
[2025-06-18T00:00:22.654+0300][12872][18160][info ][gc,heap  ] GC(38)      Live:         -                11M (1%)           11M (1%)           11M (1%)             -                  -          
[2025-06-18T00:00:22.654+0300][12872][18160][info ][gc,heap  ] GC(38) Allocated:         -                92M (4%)          114M (6%)          115M (6%)             -                  -          
[2025-06-18T00:00:22.654+0300][12872][18160][info ][gc,heap  ] GC(38)   Garbage:         -              1742M (85%)         354M (17%)          27M (1%)             -                  -          
[2025-06-18T00:00:22.654+0300][12872][18160][info ][gc,heap  ] GC(38) Reclaimed:         -                  -              1388M (68%)        1715M (84%)            -                  -          
[2025-06-18T00:00:22.654+0300][12872][18160][info ][gc       ] GC(38) Garbage Collection (Allocation Rate) 1754M(86%)->154M(8%)
[2025-06-18T00:00:23.099+0300][12872][18160][debug][gc,heap  ] GC(39) Heap before GC invocations=39 (full 39):
[2025-06-18T00:00:23.099+0300][12872][18160][debug][gc,heap  ] GC(39)  ZHeap           used 1556M, capacity 2048M, max capacity 2048M
[2025-06-18T00:00:23.099+0300][12872][18160][debug][gc,heap  ] GC(39)  Metaspace       used 8703K, committed 9664K, reserved 1114112K
[2025-06-18T00:00:23.099+0300][12872][18160][debug][gc,heap  ] GC(39)   class space    used 875K, committed 1280K, reserved 1048576K
[2025-06-18T00:00:23.099+0300][12872][20264][debug][safepoint] Safepoint synchronization initiated using striped semaphore wait barrier. (19 threads)
[2025-06-18T00:00:23.099+0300][12872][8412 ][debug][safepoint] ... found polling page loop exception at pc = 0x00000207273653e0, stub =0x0000020726d55280
[2025-06-18T00:00:23.099+0300][12872][7892 ][debug][safepoint] ... found polling page loop exception at pc = 0x00000207273517fb, stub =0x0000020726d55280
[2025-06-18T00:00:23.099+0300][12872][17016][debug][safepoint] ... found polling page loop exception at pc = 0x00000207273653e0, stub =0x0000020726d55280
[2025-06-18T00:00:23.099+0300][12872][15132][debug][safepoint] ... found polling page loop exception at pc = 0x00000207273653e0, stub =0x0000020726d55280
[2025-06-18T00:00:23.099+0300][12872][19900][debug][safepoint] ... found polling page loop exception at pc = 0x00000207273ecb05, stub =0x0000020726d55280
[2025-06-18T00:00:23.099+0300][12872][3760 ][debug][safepoint] ... found polling page loop exception at pc = 0x000002072737074b, stub =0x0000020726d55b00
[2025-06-18T00:00:23.099+0300][12872][20264][info ][gc,phases] GC(39) Pause Mark Start 0.009ms
[2025-06-18T00:00:23.099+0300][12872][20264][info ][safepoint] Safepoint "XMarkStart", Time since last: 447585900 ns, Reaching safepoint: 402300 ns, Cleanup: 6600 ns, At safepoint: 73600 ns, Total: 482500 ns
[2025-06-18T00:00:23.113+0300][12872][10352][debug][safepoint] ... found polling page loop exception at pc = 0x00000207273653e0, stub =0x0000020726d55280
[2025-06-18T00:00:23.113+0300][12872][13760][debug][safepoint] ... found polling page loop exception at pc = 0x00000207273653e0, stub =0x0000020726d55280
[2025-06-18T00:00:23.113+0300][12872][8412 ][debug][safepoint] ... found polling page loop exception at pc = 0x00000207273653e0, stub =0x0000020726d55280
[2025-06-18T00:00:23.113+0300][12872][15132][debug][safepoint] ... found polling page loop exception at pc = 0x00000207273653e0, stub =0x0000020726d55280
[2025-06-18T00:00:23.113+0300][12872][17016][debug][safepoint] ... found polling page loop exception at pc = 0x00000207273653e0, stub =0x0000020726d55280
[2025-06-18T00:00:23.113+0300][12872][3760 ][debug][safepoint] ... found polling page loop exception at pc = 0x00000207273653e0, stub =0x0000020726d55280
[2025-06-18T00:00:23.113+0300][12872][7892 ][debug][safepoint] ... found polling page loop exception at pc = 0x00000207273653e0, stub =0x0000020726d55280
[2025-06-18T00:00:23.115+0300][12872][8412 ][debug][safepoint] ... found polling page loop exception at pc = 0x00000207273653e0, stub =0x0000020726d55280
[2025-06-18T00:00:23.115+0300][12872][3760 ][debug][safepoint] ... found polling page loop exception at pc = 0x00000207273653e0, stub =0x0000020726d55280
[2025-06-18T00:00:23.115+0300][12872][15132][debug][safepoint] ... found polling page loop exception at pc = 0x00000207273653e0, stub =0x0000020726d55280
[2025-06-18T00:00:23.115+0300][12872][19900][debug][safepoint] ... found polling page loop exception at pc = 0x00000207273653e0, stub =0x0000020726d55280
[2025-06-18T00:00:23.131+0300][12872][10352][debug][safepoint] ... found polling page loop exception at pc = 0x000002072737074b, stub =0x0000020726d55b00
[2025-06-18T00:00:23.131+0300][12872][17016][debug][safepoint] ... found polling page loop exception at pc = 0x00000207273653e0, stub =0x0000020726d55280
[2025-06-18T00:00:23.131+0300][12872][15132][debug][safepoint] ... found polling page loop exception at pc = 0x000002072736408e, stub =0x0000020726d55b00
[2025-06-18T00:00:23.131+0300][12872][13760][debug][safepoint] ... found polling page loop exception at pc = 0x00000207274e7f5b, stub =0x0000020726d55280
[2025-06-18T00:00:23.131+0300][12872][8412 ][debug][safepoint] ... found polling page loop exception at pc = 0x000002072737074b, stub =0x0000020726d55b00
[2025-06-18T00:00:23.131+0300][12872][3760 ][debug][safepoint] ... found polling page loop exception at pc = 0x00000207273653e0, stub =0x0000020726d55280
[2025-06-18T00:00:23.131+0300][12872][18160][info ][gc,phases] GC(39) Concurrent Mark 32.643ms
[2025-06-18T00:00:23.131+0300][12872][20264][debug][safepoint] Safepoint synchronization initiated using striped semaphore wait barrier. (19 threads)
[2025-06-18T00:00:23.131+0300][12872][8412 ][debug][safepoint] ... found polling page loop exception at pc = 0x00000207273564c6, stub =0x0000020726d55b00
[2025-06-18T00:00:23.131+0300][12872][13760][debug][safepoint] ... found polling page loop exception at pc = 0x00000207273653e0, stub =0x0000020726d55280
[2025-06-18T00:00:23.131+0300][12872][17016][debug][safepoint] ... found polling page loop exception at pc = 0x00000207273564c6, stub =0x0000020726d55b00
[2025-06-18T00:00:23.131+0300][12872][10352][debug][safepoint] ... found polling page loop exception at pc = 0x0000020727356360, stub =0x0000020726d55b00
[2025-06-18T00:00:23.131+0300][12872][7892 ][debug][safepoint] ... found polling page loop exception at pc = 0x00000207273653e0, stub =0x0000020726d55280
[2025-06-18T00:00:23.133+0300][12872][20264][info ][gc,phases] GC(39) Pause Mark End 0.016ms
[2025-06-18T00:00:23.133+0300][12872][20264][info ][safepoint] Safepoint "XMarkEnd", Time since last: 32754400 ns, Reaching safepoint: 292900 ns, Cleanup: 6500 ns, At safepoint: 89700 ns, Total: 389100 ns
[2025-06-18T00:00:23.133+0300][12872][18160][info ][gc,phases] GC(39) Concurrent Mark Free 0.001ms
[2025-06-18T00:00:23.133+0300][12872][18160][debug][gc,phases] GC(39) Concurrent References Process 0.187ms
[2025-06-18T00:00:23.133+0300][12872][18160][debug][gc,phases] GC(39) ClassLoaderData 0.022ms
[2025-06-18T00:00:23.133+0300][12872][18160][debug][gc,phases] GC(39) Trigger cleanups 0.001ms
[2025-06-18T00:00:23.139+0300][12872][18160][debug][gc,phases] GC(39) Concurrent Classes Unlink 5.383ms
[2025-06-18T00:00:23.139+0300][12872][10352][debug][safepoint] ... found polling page loop exception at pc = 0x00000207273653e0, stub =0x0000020726d55280
[2025-06-18T00:00:23.139+0300][12872][19900][debug][safepoint] ... found polling page loop exception at pc = 0x00000207273653e0, stub =0x0000020726d55280
[2025-06-18T00:00:23.139+0300][12872][15132][debug][safepoint] ... found polling page loop exception at pc = 0x00000207273653e0, stub =0x0000020726d55280
[2025-06-18T00:00:23.139+0300][12872][13760][debug][safepoint] ... found polling page loop exception at pc = 0x00000207273653e0, stub =0x0000020726d55280
[2025-06-18T00:00:23.139+0300][12872][3760 ][debug][safepoint] ... found polling page loop exception at pc = 0x000002072736408e, stub =0x0000020726d55b00
[2025-06-18T00:00:23.139+0300][12872][17016][debug][safepoint] ... found polling page loop exception at pc = 0x00000207273653e0, stub =0x0000020726d55280
[2025-06-18T00:00:23.141+0300][12872][18160][debug][gc,phases] GC(39) Concurrent Classes Purge 0.009ms
[2025-06-18T00:00:23.141+0300][12872][18160][debug][gc,phases] GC(39) Concurrent References Enqueue 0.006ms
[2025-06-18T00:00:23.141+0300][12872][18160][info ][gc,phases] GC(39) Concurrent Process Non-Strong References 7.912ms
[2025-06-18T00:00:23.141+0300][12872][18160][info ][gc,phases] GC(39) Concurrent Reset Relocation Set 0.010ms
[2025-06-18T00:00:23.143+0300][12872][18160][info ][gc,phases] GC(39) Concurrent Select Relocation Set 2.694ms
[2025-06-18T00:00:23.143+0300][12872][20264][debug][safepoint] Safepoint synchronization initiated using striped semaphore wait barrier. (19 threads)
[2025-06-18T00:00:23.143+0300][12872][7892 ][debug][safepoint] ... found polling page loop exception at pc = 0x00000207273564c6, stub =0x0000020726d55b00
[2025-06-18T00:00:23.143+0300][12872][3760 ][debug][safepoint] ... found polling page loop exception at pc = 0x000002072736408e, stub =0x0000020726d55b00
[2025-06-18T00:00:23.143+0300][12872][13760][debug][safepoint] ... found polling page loop exception at pc = 0x00000207273653e0, stub =0x0000020726d55280
[2025-06-18T00:00:23.143+0300][12872][15132][debug][safepoint] ... found polling page loop exception at pc = 0x00000207273b1586, stub =0x0000020726d55b00
[2025-06-18T00:00:23.143+0300][12872][19900][debug][safepoint] ... found polling page loop exception at pc = 0x00000207273653e0, stub =0x0000020726d55280
[2025-06-18T00:00:23.143+0300][12872][17016][debug][safepoint] ... found polling page loop exception at pc = 0x000002072735d04c, stub =0x0000020726d55b00
[2025-06-18T00:00:23.143+0300][12872][8412 ][debug][safepoint] ... found polling page loop exception at pc = 0x0000020727386205, stub =0x0000020726d55b00
[2025-06-18T00:00:23.143+0300][12872][20264][info ][gc,phases] GC(39) Pause Relocate Start 0.009ms
[2025-06-18T00:00:23.143+0300][12872][20264][info ][safepoint] Safepoint "XRelocateStart", Time since last: 10837300 ns, Reaching safepoint: 406500 ns, Cleanup: 8800 ns, At safepoint: 63300 ns, Total: 478600 ns
[2025-06-18T00:00:23.146+0300][12872][18160][info ][gc,phases] GC(39) Concurrent Relocate 2.446ms
[2025-06-18T00:00:23.146+0300][12872][18160][debug][gc,heap  ] GC(39) Heap after GC invocations=40 (full 40):
[2025-06-18T00:00:23.146+0300][12872][18160][debug][gc,heap  ] GC(39)  ZHeap           used 188M, capacity 2048M, max capacity 2048M
[2025-06-18T00:00:23.146+0300][12872][18160][debug][gc,heap  ] GC(39)  Metaspace       used 8703K, committed 9664K, reserved 1114112K
[2025-06-18T00:00:23.146+0300][12872][18160][debug][gc,heap  ] GC(39)   class space    used 875K, committed 1280K, reserved 1048576K
[2025-06-18T00:00:23.146+0300][12872][18160][info ][gc,heap  ] GC(39) Min Capacity: 2048M(100%)
[2025-06-18T00:00:23.146+0300][12872][18160][info ][gc,heap  ] GC(39) Max Capacity: 2048M(100%)
[2025-06-18T00:00:23.146+0300][12872][18160][info ][gc,heap  ] GC(39) Soft Max Capacity: 2048M(100%)
[2025-06-18T00:00:23.146+0300][12872][18160][info ][gc,heap  ] GC(39)                Mark Start          Mark End        Relocate Start      Relocate End           High               Low         
[2025-06-18T00:00:23.146+0300][12872][18160][info ][gc,heap  ] GC(39)  Capacity:     2048M (100%)       2048M (100%)       2048M (100%)       2048M (100%)       2048M (100%)       2048M (100%)   
[2025-06-18T00:00:23.146+0300][12872][18160][info ][gc,heap  ] GC(39)      Free:      492M (24%)         382M (19%)        1578M (77%)        1860M (91%)        1866M (91%)         354M (17%)    
[2025-06-18T00:00:23.146+0300][12872][18160][info ][gc,heap  ] GC(39)      Used:     1556M (76%)        1666M (81%)         470M (23%)         188M (9%)         1694M (83%)         182M (9%)     
[2025-06-18T00:00:23.146+0300][12872][18160][info ][gc,heap  ] GC(39)      Live:         -                11M (1%)           11M (1%)           11M (1%)             -                  -          
[2025-06-18T00:00:23.146+0300][12872][18160][info ][gc,heap  ] GC(39) Allocated:         -               110M (5%)          140M (7%)          149M (7%)             -                  -          
[2025-06-18T00:00:23.146+0300][12872][18160][info ][gc,heap  ] GC(39)   Garbage:         -              1544M (75%)         318M (16%)          27M (1%)             -                  -          
[2025-06-18T00:00:23.146+0300][12872][18160][info ][gc,heap  ] GC(39) Reclaimed:         -                  -              1226M (60%)        1517M (74%)            -                  -          
[2025-06-18T00:00:23.146+0300][12872][18160][info ][gc       ] GC(39) Garbage Collection (Allocation Rate) 1556M(76%)->188M(9%)
[2025-06-18T00:00:23.700+0300][12872][18160][debug][gc,heap  ] GC(40) Heap before GC invocations=40 (full 40):
[2025-06-18T00:00:23.700+0300][12872][18160][debug][gc,heap  ] GC(40)  ZHeap           used 1422M, capacity 2048M, max capacity 2048M
[2025-06-18T00:00:23.700+0300][12872][18160][debug][gc,heap  ] GC(40)  Metaspace       used 8703K, committed 9664K, reserved 1114112K
[2025-06-18T00:00:23.700+0300][12872][18160][debug][gc,heap  ] GC(40)   class space    used 875K, committed 1280K, reserved 1048576K
[2025-06-18T00:00:23.700+0300][12872][20264][debug][safepoint] Safepoint synchronization initiated using striped semaphore wait barrier. (19 threads)
[2025-06-18T00:00:23.700+0300][12872][15132][debug][safepoint] ... found polling page loop exception at pc = 0x00000207273653e0, stub =0x0000020726d55280
[2025-06-18T00:00:23.700+0300][12872][17016][debug][safepoint] ... found polling page loop exception at pc = 0x00000207273653e0, stub =0x0000020726d55280
[2025-06-18T00:00:23.700+0300][12872][3760 ][debug][safepoint] ... found polling page loop exception at pc = 0x00000207273ecfdf, stub =0x0000020726d55280
[2025-06-18T00:00:23.700+0300][12872][19900][debug][safepoint] ... found polling page loop exception at pc = 0x000002072740bc2f, stub =0x0000020726d55b00
[2025-06-18T00:00:23.700+0300][12872][10352][debug][safepoint] ... found polling page loop exception at pc = 0x00000207273653e0, stub =0x0000020726d55280
[2025-06-18T00:00:23.700+0300][12872][20264][info ][gc,phases] GC(40) Pause Mark Start 0.012ms
[2025-06-18T00:00:23.700+0300][12872][20264][info ][safepoint] Safepoint "XMarkStart", Time since last: 555437000 ns, Reaching safepoint: 351700 ns, Cleanup: 13000 ns, At safepoint: 113700 ns, Total: 478400 ns
[2025-06-18T00:00:23.712+0300][12872][17016][debug][safepoint] ... found polling page loop exception at pc = 0x00000207273653e0, stub =0x0000020726d55280
[2025-06-18T00:00:23.712+0300][12872][8412 ][debug][safepoint] ... found polling page loop exception at pc = 0x00000207273653e0, stub =0x0000020726d55280
[2025-06-18T00:00:23.712+0300][12872][10352][debug][safepoint] ... found polling page loop exception at pc = 0x00000207274e762c, stub =0x0000020726d55280
[2025-06-18T00:00:23.712+0300][12872][3760 ][debug][safepoint] ... found polling page loop exception at pc = 0x000002072737074b, stub =0x0000020726d55b00
[2025-06-18T00:00:23.712+0300][12872][15132][debug][safepoint] ... found polling page loop exception at pc = 0x000002072736408e, stub =0x0000020726d55b00
[2025-06-18T00:00:23.712+0300][12872][13760][debug][safepoint] ... found polling page loop exception at pc = 0x00000207273d8d9f, stub =0x0000020726d55b00
[2025-06-18T00:00:23.712+0300][12872][19900][debug][safepoint] ... found polling page loop exception at pc = 0x00000207273653e0, stub =0x0000020726d55280
[2025-06-18T00:00:23.714+0300][12872][7892 ][debug][safepoint] ... found polling page loop exception at pc = 0x00000207273653e0, stub =0x0000020726d55280
[2025-06-18T00:00:23.720+0300][12872][7892 ][debug][safepoint] ... found polling page loop exception at pc = 0x000002072737074b, stub =0x0000020726d55b00
[2025-06-18T00:00:23.720+0300][12872][13760][debug][safepoint] ... found polling page loop exception at pc = 0x000002072735d04c, stub =0x0000020726d55b00
[2025-06-18T00:00:23.720+0300][12872][19900][debug][safepoint] ... found polling page loop exception at pc = 0x000002072738c351, stub =0x0000020726d55b00
[2025-06-18T00:00:23.720+0300][12872][8412 ][debug][safepoint] ... found polling page loop exception at pc = 0x000002072736581d, stub =0x0000020726d55280
[2025-06-18T00:00:23.720+0300][12872][15132][debug][safepoint] ... found polling page loop exception at pc = 0x00000207273653e0, stub =0x0000020726d55280
[2025-06-18T00:00:23.720+0300][12872][3760 ][debug][safepoint] ... found polling page loop exception at pc = 0x00000207273653e0, stub =0x0000020726d55280
[2025-06-18T00:00:23.720+0300][12872][17016][debug][safepoint] ... found polling page loop exception at pc = 0x00000207273517fb, stub =0x0000020726d55280
[2025-06-18T00:00:23.720+0300][12872][10352][debug][safepoint] ... found polling page loop exception at pc = 0x000002072736408e, stub =0x0000020726d55b00
[2025-06-18T00:00:23.736+0300][12872][13760][debug][safepoint] ... found polling page loop exception at pc = 0x00000207273653e0, stub =0x0000020726d55280
[2025-06-18T00:00:23.736+0300][12872][3760 ][debug][safepoint] ... found polling page loop exception at pc = 0x0000020727386205, stub =0x0000020726d55b00
[2025-06-18T00:00:23.736+0300][12872][7892 ][debug][safepoint] ... found polling page loop exception at pc = 0x00000207273653e0, stub =0x0000020726d55280
[2025-06-18T00:00:23.736+0300][12872][19900][debug][safepoint] ... found polling page loop exception at pc = 0x00000207273653e0, stub =0x0000020726d55280
[2025-06-18T00:00:23.736+0300][12872][8412 ][debug][safepoint] ... found polling page loop exception at pc = 0x00000207273653e0, stub =0x0000020726d55280
[2025-06-18T00:00:23.738+0300][12872][18160][info ][gc,phases] GC(40) Concurrent Mark 37.831ms
[2025-06-18T00:00:23.738+0300][12872][20264][debug][safepoint] Safepoint synchronization initiated using striped semaphore wait barrier. (19 threads)
[2025-06-18T00:00:23.738+0300][12872][3760 ][debug][safepoint] ... found polling page loop exception at pc = 0x00000207273653e0, stub =0x0000020726d55280
[2025-06-18T00:00:23.738+0300][12872][7892 ][debug][safepoint] ... found polling page loop exception at pc = 0x00000207273653e0, stub =0x0000020726d55280
[2025-06-18T00:00:23.738+0300][12872][13760][debug][safepoint] ... found polling page loop exception at pc = 0x00000207274e7f5b, stub =0x0000020726d55280
[2025-06-18T00:00:23.738+0300][12872][8412 ][debug][safepoint] ... found polling page loop exception at pc = 0x00000207273653e0, stub =0x0000020726d55280
[2025-06-18T00:00:23.738+0300][12872][10352][debug][safepoint] ... found polling page loop exception at pc = 0x00000207273653e0, stub =0x0000020726d55280
[2025-06-18T00:00:23.738+0300][12872][15132][debug][safepoint] ... found polling page loop exception at pc = 0x00000207273653e0, stub =0x0000020726d55280
[2025-06-18T00:00:23.738+0300][12872][20264][info ][gc,phases] GC(40) Pause Mark End 0.015ms
[2025-06-18T00:00:23.738+0300][12872][20264][info ][safepoint] Safepoint "XMarkEnd", Time since last: 37949800 ns, Reaching safepoint: 335100 ns, Cleanup: 11400 ns, At safepoint: 63800 ns, Total: 410300 ns
[2025-06-18T00:00:23.738+0300][12872][18160][info ][gc,phases] GC(40) Concurrent Mark Free 0.001ms
[2025-06-18T00:00:23.738+0300][12872][18160][debug][gc,phases] GC(40) Concurrent References Process 0.162ms
[2025-06-18T00:00:23.738+0300][12872][18160][debug][gc,phases] GC(40) ClassLoaderData 0.018ms
[2025-06-18T00:00:23.738+0300][12872][18160][debug][gc,phases] GC(40) Trigger cleanups 0.001ms
[2025-06-18T00:00:23.744+0300][12872][18160][debug][gc,phases] GC(40) Concurrent Classes Unlink 5.001ms
[2025-06-18T00:00:23.744+0300][12872][10352][debug][safepoint] ... found polling page loop exception at pc = 0x000002072736408e, stub =0x0000020726d55b00
[2025-06-18T00:00:23.744+0300][12872][13760][debug][safepoint] ... found polling page loop exception at pc = 0x00000207273a3d3c, stub =0x0000020726d55280
[2025-06-18T00:00:23.744+0300][12872][7892 ][debug][safepoint] ... found polling page loop exception at pc = 0x00000207273653e0, stub =0x0000020726d55280
[2025-06-18T00:00:23.744+0300][12872][15132][debug][safepoint] ... found polling page loop exception at pc = 0x00000207274e7f5b, stub =0x0000020726d55280
[2025-06-18T00:00:23.744+0300][12872][8412 ][debug][safepoint] ... found polling page loop exception at pc = 0x00000207273653e0, stub =0x0000020726d55280
[2025-06-18T00:00:23.744+0300][12872][19900][debug][safepoint] ... found polling page loop exception at pc = 0x0000020727356360, stub =0x0000020726d55b00
[2025-06-18T00:00:23.750+0300][12872][18160][debug][gc,phases] GC(40) Concurrent Classes Purge 0.057ms
[2025-06-18T00:00:23.750+0300][12872][18160][debug][gc,phases] GC(40) Concurrent References Enqueue 0.006ms
[2025-06-18T00:00:23.750+0300][12872][18160][info ][gc,phases] GC(40) Concurrent Process Non-Strong References 11.929ms
[2025-06-18T00:00:23.750+0300][12872][18160][info ][gc,phases] GC(40) Concurrent Reset Relocation Set 0.010ms
[2025-06-18T00:00:23.752+0300][12872][18160][info ][gc,phases] GC(40) Concurrent Select Relocation Set 2.531ms
[2025-06-18T00:00:23.752+0300][12872][20264][debug][safepoint] Safepoint synchronization initiated using striped semaphore wait barrier. (19 threads)
[2025-06-18T00:00:23.752+0300][12872][3760 ][debug][safepoint] ... found polling page loop exception at pc = 0x000002072738c351, stub =0x0000020726d55b00
[2025-06-18T00:00:23.752+0300][12872][19900][debug][safepoint] ... found polling page loop exception at pc = 0x00000207273653e0, stub =0x0000020726d55280
[2025-06-18T00:00:23.752+0300][12872][8412 ][debug][safepoint] ... found polling page loop exception at pc = 0x0000020727356360, stub =0x0000020726d55b00
[2025-06-18T00:00:23.752+0300][12872][13760][debug][safepoint] ... found polling page loop exception at pc = 0x00000207273653e0, stub =0x0000020726d55280
[2025-06-18T00:00:23.752+0300][12872][15132][debug][safepoint] ... found polling page loop exception at pc = 0x00000207273653e0, stub =0x0000020726d55280
[2025-06-18T00:00:23.752+0300][12872][7892 ][debug][safepoint] ... found polling page loop exception at pc = 0x00000207273653e0, stub =0x0000020726d55280
[2025-06-18T00:00:23.752+0300][12872][20264][info ][gc,phases] GC(40) Pause Relocate Start 0.010ms
[2025-06-18T00:00:23.752+0300][12872][20264][info ][safepoint] Safepoint "XRelocateStart", Time since last: 14639100 ns, Reaching safepoint: 289700 ns, Cleanup: 5800 ns, At safepoint: 81700 ns, Total: 377200 ns
[2025-06-18T00:00:23.754+0300][12872][18160][info ][gc,phases] GC(40) Concurrent Relocate 1.541ms
[2025-06-18T00:00:23.754+0300][12872][18160][debug][gc,heap  ] GC(40) Heap after GC invocations=41 (full 41):
[2025-06-18T00:00:23.754+0300][12872][18160][debug][gc,heap  ] GC(40)  ZHeap           used 168M, capacity 2048M, max capacity 2048M
[2025-06-18T00:00:23.754+0300][12872][18160][debug][gc,heap  ] GC(40)  Metaspace       used 8703K, committed 9664K, reserved 1114112K
[2025-06-18T00:00:23.754+0300][12872][18160][debug][gc,heap  ] GC(40)   class space    used 875K, committed 1280K, reserved 1048576K
[2025-06-18T00:00:23.754+0300][12872][18160][info ][gc,heap  ] GC(40) Min Capacity: 2048M(100%)
[2025-06-18T00:00:23.754+0300][12872][18160][info ][gc,heap  ] GC(40) Max Capacity: 2048M(100%)
[2025-06-18T00:00:23.754+0300][12872][18160][info ][gc,heap  ] GC(40) Soft Max Capacity: 2048M(100%)
[2025-06-18T00:00:23.754+0300][12872][18160][info ][gc,heap  ] GC(40)                Mark Start          Mark End        Relocate Start      Relocate End           High               Low         
[2025-06-18T00:00:23.754+0300][12872][18160][info ][gc,heap  ] GC(40)  Capacity:     2048M (100%)       2048M (100%)       2048M (100%)       2048M (100%)       2048M (100%)       2048M (100%)   
[2025-06-18T00:00:23.754+0300][12872][18160][info ][gc,heap  ] GC(40)      Free:      626M (31%)         538M (26%)        1624M (79%)        1880M (92%)        1882M (92%)         506M (25%)    
[2025-06-18T00:00:23.754+0300][12872][18160][info ][gc,heap  ] GC(40)      Used:     1422M (69%)        1510M (74%)         424M (21%)         168M (8%)         1542M (75%)         166M (8%)     
[2025-06-18T00:00:23.754+0300][12872][18160][info ][gc,heap  ] GC(40)      Live:         -                11M (1%)           11M (1%)           11M (1%)             -                  -          
[2025-06-18T00:00:23.754+0300][12872][18160][info ][gc,heap  ] GC(40) Allocated:         -                88M (4%)          126M (6%)          129M (6%)             -                  -          
[2025-06-18T00:00:23.754+0300][12872][18160][info ][gc,heap  ] GC(40)   Garbage:         -              1410M (69%)         286M (14%)          27M (1%)             -                  -          
[2025-06-18T00:00:23.754+0300][12872][18160][info ][gc,heap  ] GC(40) Reclaimed:         -                  -              1124M (55%)        1383M (68%)            -                  -          
[2025-06-18T00:00:23.754+0300][12872][18160][info ][gc       ] GC(40) Garbage Collection (Allocation Rate) 1422M(69%)->168M(8%)
[2025-06-18T00:00:24.210+0300][12872][18160][debug][gc,heap  ] GC(41) Heap before GC invocations=41 (full 41):
[2025-06-18T00:00:24.210+0300][12872][18160][debug][gc,heap  ] GC(41)  ZHeap           used 1548M, capacity 2048M, max capacity 2048M
[2025-06-18T00:00:24.210+0300][12872][18160][debug][gc,heap  ] GC(41)  Metaspace       used 8703K, committed 9664K, reserved 1114112K
[2025-06-18T00:00:24.210+0300][12872][18160][debug][gc,heap  ] GC(41)   class space    used 875K, committed 1280K, reserved 1048576K
[2025-06-18T00:00:24.210+0300][12872][20264][debug][safepoint] Safepoint synchronization initiated using striped semaphore wait barrier. (19 threads)
[2025-06-18T00:00:24.210+0300][12872][3760 ][debug][safepoint] ... found polling page loop exception at pc = 0x000002072736408e, stub =0x0000020726d55b00
[2025-06-18T00:00:24.210+0300][12872][7892 ][debug][safepoint] ... found polling page loop exception at pc = 0x00000207273653e0, stub =0x0000020726d55280
[2025-06-18T00:00:24.210+0300][12872][13760][debug][safepoint] ... found polling page loop exception at pc = 0x00000207273653e0, stub =0x0000020726d55280
[2025-06-18T00:00:24.210+0300][12872][15132][debug][safepoint] ... found polling page loop exception at pc = 0x00000207273653e0, stub =0x0000020726d55280
[2025-06-18T00:00:24.210+0300][12872][20264][info ][gc,phases] GC(41) Pause Mark Start 0.011ms
[2025-06-18T00:00:24.210+0300][12872][20264][info ][safepoint] Safepoint "XMarkStart", Time since last: 456962100 ns, Reaching safepoint: 552400 ns, Cleanup: 6300 ns, At safepoint: 89500 ns, Total: 648200 ns
[2025-06-18T00:00:24.226+0300][12872][3760 ][debug][safepoint] ... found polling page loop exception at pc = 0x00000207273653e0, stub =0x0000020726d55280
[2025-06-18T00:00:24.226+0300][12872][3760 ][debug][safepoint] ... found polling page loop exception at pc = 0x00000207273653e0, stub =0x0000020726d55280
[2025-06-18T00:00:24.226+0300][12872][3760 ][debug][safepoint] ... found polling page loop exception at pc = 0x00000207273653e0, stub =0x0000020726d55280
[2025-06-18T00:00:24.226+0300][12872][18160][info ][gc,phases] GC(41) Concurrent Mark 15.709ms
[2025-06-18T00:00:24.226+0300][12872][20264][debug][safepoint] Safepoint synchronization initiated using striped semaphore wait barrier. (19 threads)
[2025-06-18T00:00:24.226+0300][12872][20264][info ][gc,phases] GC(41) Pause Mark End 0.015ms
[2025-06-18T00:00:24.226+0300][12872][20264][info ][safepoint] Safepoint "XMarkEnd", Time since last: 15829000 ns, Reaching safepoint: 56800 ns, Cleanup: 4000 ns, At safepoint: 45700 ns, Total: 106500 ns
[2025-06-18T00:00:24.226+0300][12872][18160][info ][gc,phases] GC(41) Concurrent Mark Free 0.001ms
[2025-06-18T00:00:24.226+0300][12872][18160][debug][gc,phases] GC(41) Concurrent References Process 0.185ms
[2025-06-18T00:00:24.226+0300][12872][18160][debug][gc,phases] GC(41) ClassLoaderData 0.018ms
[2025-06-18T00:00:24.226+0300][12872][18160][debug][gc,phases] GC(41) Trigger cleanups 0.000ms
[2025-06-18T00:00:24.233+0300][12872][18160][debug][gc,phases] GC(41) Concurrent Classes Unlink 6.027ms
[2025-06-18T00:00:24.233+0300][12872][10352][debug][safepoint] ... found polling page loop exception at pc = 0x00000207273653e0, stub =0x0000020726d55280
[2025-06-18T00:00:24.233+0300][12872][3760 ][debug][safepoint] ... found polling page loop exception at pc = 0x00000207273653e0, stub =0x0000020726d55280
[2025-06-18T00:00:24.233+0300][12872][15132][debug][safepoint] ... found polling page loop exception at pc = 0x00000207273653e0, stub =0x0000020726d55280
[2025-06-18T00:00:24.233+0300][12872][18160][debug][gc,phases] GC(41) Concurrent Classes Purge 0.030ms
[2025-06-18T00:00:24.233+0300][12872][18160][debug][gc,phases] GC(41) Concurrent References Enqueue 0.007ms
[2025-06-18T00:00:24.233+0300][12872][18160][info ][gc,phases] GC(41) Concurrent Process Non-Strong References 7.303ms
[2025-06-18T00:00:24.233+0300][12872][18160][info ][gc,phases] GC(41) Concurrent Reset Relocation Set 0.009ms
[2025-06-18T00:00:24.235+0300][12872][18160][info ][gc,phases] GC(41) Concurrent Select Relocation Set 2.464ms
[2025-06-18T00:00:24.237+0300][12872][20264][debug][safepoint] Safepoint synchronization initiated using striped semaphore wait barrier. (19 threads)
[2025-06-18T00:00:24.237+0300][12872][7892 ][debug][safepoint] ... found polling page loop exception at pc = 0x00000207273564c6, stub =0x0000020726d55b00
[2025-06-18T00:00:24.237+0300][12872][13760][debug][safepoint] ... found polling page loop exception at pc = 0x00000207274e7f5b, stub =0x0000020726d55280
[2025-06-18T00:00:24.237+0300][12872][15132][debug][safepoint] ... found polling page loop exception at pc = 0x00000207273653e0, stub =0x0000020726d55280
[2025-06-18T00:00:24.237+0300][12872][10352][debug][safepoint] ... found polling page loop exception at pc = 0x00000207273653e0, stub =0x0000020726d55280
[2025-06-18T00:00:24.237+0300][12872][17016][debug][safepoint] ... found polling page loop exception at pc = 0x00000207273564c6, stub =0x0000020726d55b00
[2025-06-18T00:00:24.237+0300][12872][20264][info ][gc,phases] GC(41) Pause Relocate Start 0.009ms
[2025-06-18T00:00:24.237+0300][12872][20264][info ][safepoint] Safepoint "XRelocateStart", Time since last: 9991500 ns, Reaching safepoint: 271500 ns, Cleanup: 5000 ns, At safepoint: 74600 ns, Total: 351100 ns
[2025-06-18T00:00:24.237+0300][12872][18160][info ][gc,phases] GC(41) Concurrent Relocate 1.532ms
[2025-06-18T00:00:24.237+0300][12872][18160][debug][gc,heap  ] GC(41) Heap after GC invocations=42 (full 42):
[2025-06-18T00:00:24.237+0300][12872][18160][debug][gc,heap  ] GC(41)  ZHeap           used 92M, capacity 2048M, max capacity 2048M
[2025-06-18T00:00:24.237+0300][12872][18160][debug][gc,heap  ] GC(41)  Metaspace       used 8703K, committed 9664K, reserved 1114112K
[2025-06-18T00:00:24.237+0300][12872][18160][debug][gc,heap  ] GC(41)   class space    used 875K, committed 1280K, reserved 1048576K
[2025-06-18T00:00:24.239+0300][12872][18160][info ][gc,heap  ] GC(41) Min Capacity: 2048M(100%)
[2025-06-18T00:00:24.239+0300][12872][18160][info ][gc,heap  ] GC(41) Max Capacity: 2048M(100%)
[2025-06-18T00:00:24.239+0300][12872][18160][info ][gc,heap  ] GC(41) Soft Max Capacity: 2048M(100%)
[2025-06-18T00:00:24.239+0300][12872][18160][info ][gc,heap  ] GC(41)                Mark Start          Mark End        Relocate Start      Relocate End           High               Low         
[2025-06-18T00:00:24.239+0300][12872][18160][info ][gc,heap  ] GC(41)  Capacity:     2048M (100%)       2048M (100%)       2048M (100%)       2048M (100%)       2048M (100%)       2048M (100%)   
[2025-06-18T00:00:24.239+0300][12872][18160][info ][gc,heap  ] GC(41)      Free:      500M (24%)         466M (23%)        1668M (81%)        1956M (96%)        1956M (96%)         454M (22%)    
[2025-06-18T00:00:24.239+0300][12872][18160][info ][gc,heap  ] GC(41)      Used:     1548M (76%)        1582M (77%)         380M (19%)          92M (4%)         1594M (78%)          92M (4%)     
[2025-06-18T00:00:24.239+0300][12872][18160][info ][gc,heap  ] GC(41)      Live:         -                11M (1%)           11M (1%)           11M (1%)             -                  -          
[2025-06-18T00:00:24.239+0300][12872][18160][info ][gc,heap  ] GC(41) Allocated:         -                34M (2%)           52M (3%)           53M (3%)             -                  -          
[2025-06-18T00:00:24.239+0300][12872][18160][info ][gc,heap  ] GC(41)   Garbage:         -              1536M (75%)         316M (15%)          27M (1%)             -                  -          
[2025-06-18T00:00:24.239+0300][12872][18160][info ][gc,heap  ] GC(41) Reclaimed:         -                  -              1220M (60%)        1509M (74%)            -                  -          
[2025-06-18T00:00:24.239+0300][12872][18160][info ][gc       ] GC(41) Garbage Collection (Allocation Rate) 1548M(76%)->92M(4%)
[2025-06-18T00:00:24.700+0300][12872][18160][debug][gc,heap  ] GC(42) Heap before GC invocations=42 (full 42):
[2025-06-18T00:00:24.700+0300][12872][18160][debug][gc,heap  ] GC(42)  ZHeap           used 1546M, capacity 2048M, max capacity 2048M
[2025-06-18T00:00:24.700+0300][12872][18160][debug][gc,heap  ] GC(42)  Metaspace       used 8703K, committed 9664K, reserved 1114112K
[2025-06-18T00:00:24.700+0300][12872][18160][debug][gc,heap  ] GC(42)   class space    used 875K, committed 1280K, reserved 1048576K
[2025-06-18T00:00:24.700+0300][12872][20264][debug][safepoint] Safepoint synchronization initiated using striped semaphore wait barrier. (19 threads)
[2025-06-18T00:00:24.700+0300][12872][8412 ][debug][safepoint] ... found polling page loop exception at pc = 0x00000207273653e0, stub =0x0000020726d55280
[2025-06-18T00:00:24.700+0300][12872][19900][debug][safepoint] ... found polling page loop exception at pc = 0x000002072736408e, stub =0x0000020726d55b00
[2025-06-18T00:00:24.700+0300][12872][15132][debug][safepoint] ... found polling page loop exception at pc = 0x00000207273653e0, stub =0x0000020726d55280
[2025-06-18T00:00:24.700+0300][12872][20264][info ][gc,phases] GC(42) Pause Mark Start 0.010ms
[2025-06-18T00:00:24.700+0300][12872][20264][info ][safepoint] Safepoint "XMarkStart", Time since last: 462609800 ns, Reaching safepoint: 230400 ns, Cleanup: 6000 ns, At safepoint: 62100 ns, Total: 298500 ns
[2025-06-18T00:00:24.710+0300][12872][18160][info ][gc,phases] GC(42) Concurrent Mark 13.842ms
[2025-06-18T00:00:24.710+0300][12872][20264][debug][safepoint] Safepoint synchronization initiated using striped semaphore wait barrier. (19 threads)
[2025-06-18T00:00:24.710+0300][12872][20264][info ][gc,phases] GC(42) Pause Mark End 0.014ms
[2025-06-18T00:00:24.710+0300][12872][20264][info ][safepoint] Safepoint "XMarkEnd", Time since last: 13960900 ns, Reaching safepoint: 34000 ns, Cleanup: 4300 ns, At safepoint: 35900 ns, Total: 74200 ns
[2025-06-18T00:00:24.710+0300][12872][18160][info ][gc,phases] GC(42) Concurrent Mark Free 0.001ms
[2025-06-18T00:00:24.710+0300][12872][18160][debug][gc,phases] GC(42) Concurrent References Process 0.120ms
[2025-06-18T00:00:24.710+0300][12872][18160][debug][gc,phases] GC(42) ClassLoaderData 0.012ms
[2025-06-18T00:00:24.710+0300][12872][18160][debug][gc,phases] GC(42) Trigger cleanups 0.000ms
[2025-06-18T00:00:24.716+0300][12872][18160][debug][gc,phases] GC(42) Concurrent Classes Unlink 3.979ms
[2025-06-18T00:00:24.716+0300][12872][7892 ][debug][safepoint] ... found polling page loop exception at pc = 0x00000207273653e0, stub =0x0000020726d55280
[2025-06-18T00:00:24.716+0300][12872][8412 ][debug][safepoint] ... found polling page loop exception at pc = 0x00000207273653e0, stub =0x0000020726d55280
[2025-06-18T00:00:24.716+0300][12872][17016][debug][safepoint] ... found polling page loop exception at pc = 0x00000207273653e0, stub =0x0000020726d55280
[2025-06-18T00:00:24.716+0300][12872][18160][debug][gc,phases] GC(42) Concurrent Classes Purge 0.011ms
[2025-06-18T00:00:24.716+0300][12872][18160][debug][gc,phases] GC(42) Concurrent References Enqueue 0.006ms
[2025-06-18T00:00:24.716+0300][12872][18160][info ][gc,phases] GC(42) Concurrent Process Non-Strong References 5.038ms
[2025-06-18T00:00:24.716+0300][12872][18160][info ][gc,phases] GC(42) Concurrent Reset Relocation Set 0.010ms
[2025-06-18T00:00:24.722+0300][12872][18160][info ][gc,phases] GC(42) Concurrent Select Relocation Set 2.370ms
[2025-06-18T00:00:24.722+0300][12872][20264][debug][safepoint] Safepoint synchronization initiated using striped semaphore wait barrier. (19 threads)
[2025-06-18T00:00:24.722+0300][12872][3760 ][debug][safepoint] ... found polling page loop exception at pc = 0x00000207273653e0, stub =0x0000020726d55280
[2025-06-18T00:00:24.722+0300][12872][7892 ][debug][safepoint] ... found polling page loop exception at pc = 0x00000207273517fb, stub =0x0000020726d55280
[2025-06-18T00:00:24.722+0300][12872][13760][debug][safepoint] ... found polling page loop exception at pc = 0x00000207273653e0, stub =0x0000020726d55280
[2025-06-18T00:00:24.722+0300][12872][8412 ][debug][safepoint] ... found polling page loop exception at pc = 0x00000207273653e0, stub =0x0000020726d55280
[2025-06-18T00:00:24.722+0300][12872][19900][debug][safepoint] ... found polling page loop exception at pc = 0x00000207273653e0, stub =0x0000020726d55280
[2025-06-18T00:00:24.722+0300][12872][20264][info ][gc,phases] GC(42) Pause Relocate Start 0.009ms
[2025-06-18T00:00:24.722+0300][12872][20264][info ][safepoint] Safepoint "XRelocateStart", Time since last: 7586700 ns, Reaching safepoint: 262900 ns, Cleanup: 4600 ns, At safepoint: 70000 ns, Total: 337500 ns
[2025-06-18T00:00:24.722+0300][12872][18160][info ][gc,phases] GC(42) Concurrent Relocate 1.663ms
[2025-06-18T00:00:24.724+0300][12872][18160][debug][gc,heap  ] GC(42) Heap after GC invocations=43 (full 43):
[2025-06-18T00:00:24.724+0300][12872][18160][debug][gc,heap  ] GC(42)  ZHeap           used 86M, capacity 2048M, max capacity 2048M
[2025-06-18T00:00:24.724+0300][12872][18160][debug][gc,heap  ] GC(42)  Metaspace       used 8703K, committed 9664K, reserved 1114112K
[2025-06-18T00:00:24.724+0300][12872][18160][debug][gc,heap  ] GC(42)   class space    used 875K, committed 1280K, reserved 1048576K
[2025-06-18T00:00:24.724+0300][12872][18160][info ][gc,heap  ] GC(42) Min Capacity: 2048M(100%)
[2025-06-18T00:00:24.724+0300][12872][18160][info ][gc,heap  ] GC(42) Max Capacity: 2048M(100%)
[2025-06-18T00:00:24.724+0300][12872][18160][info ][gc,heap  ] GC(42) Soft Max Capacity: 2048M(100%)
[2025-06-18T00:00:24.724+0300][12872][18160][info ][gc,heap  ] GC(42)                Mark Start          Mark End        Relocate Start      Relocate End           High               Low         
[2025-06-18T00:00:24.724+0300][12872][18160][info ][gc,heap  ] GC(42)  Capacity:     2048M (100%)       2048M (100%)       2048M (100%)       2048M (100%)       2048M (100%)       2048M (100%)   
[2025-06-18T00:00:24.724+0300][12872][18160][info ][gc,heap  ] GC(42)      Free:      502M (25%)         466M (23%)        1682M (82%)        1966M (96%)        1966M (96%)         464M (23%)    
[2025-06-18T00:00:24.724+0300][12872][18160][info ][gc,heap  ] GC(42)      Used:     1546M (75%)        1582M (77%)         366M (18%)          82M (4%)         1584M (77%)          82M (4%)     
[2025-06-18T00:00:24.724+0300][12872][18160][info ][gc,heap  ] GC(42)      Live:         -                11M (1%)           11M (1%)           11M (1%)             -                  -          
[2025-06-18T00:00:24.724+0300][12872][18160][info ][gc,heap  ] GC(42) Allocated:         -                36M (2%)           44M (2%)           43M (2%)             -                  -          
[2025-06-18T00:00:24.724+0300][12872][18160][info ][gc,heap  ] GC(42)   Garbage:         -              1534M (75%)         310M (15%)          27M (1%)             -                  -          
[2025-06-18T00:00:24.724+0300][12872][18160][info ][gc,heap  ] GC(42) Reclaimed:         -                  -              1224M (60%)        1507M (74%)            -                  -          
[2025-06-18T00:00:24.724+0300][12872][18160][info ][gc       ] GC(42) Garbage Collection (Allocation Rate) 1546M(75%)->82M(4%)
[2025-06-18T00:00:25.204+0300][12872][18160][debug][gc,heap  ] GC(43) Heap before GC invocations=43 (full 43):
[2025-06-18T00:00:25.204+0300][12872][18160][debug][gc,heap  ] GC(43)  ZHeap           used 1604M, capacity 2048M, max capacity 2048M
[2025-06-18T00:00:25.204+0300][12872][18160][debug][gc,heap  ] GC(43)  Metaspace       used 8703K, committed 9664K, reserved 1114112K
[2025-06-18T00:00:25.204+0300][12872][18160][debug][gc,heap  ] GC(43)   class space    used 875K, committed 1280K, reserved 1048576K
[2025-06-18T00:00:25.204+0300][12872][20264][debug][safepoint] Safepoint synchronization initiated using striped semaphore wait barrier. (19 threads)
[2025-06-18T00:00:25.204+0300][12872][13760][debug][safepoint] ... found polling page loop exception at pc = 0x00000207273653e0, stub =0x0000020726d55280
[2025-06-18T00:00:25.204+0300][12872][17016][debug][safepoint] ... found polling page loop exception at pc = 0x0000020727356360, stub =0x0000020726d55b00
[2025-06-18T00:00:25.204+0300][12872][8412 ][debug][safepoint] ... found polling page loop exception at pc = 0x00000207273653e0, stub =0x0000020726d55280
[2025-06-18T00:00:25.204+0300][12872][20264][info ][gc,phases] GC(43) Pause Mark Start 0.013ms
[2025-06-18T00:00:25.204+0300][12872][20264][info ][safepoint] Safepoint "XMarkStart", Time since last: 481966000 ns, Reaching safepoint: 267600 ns, Cleanup: 10500 ns, At safepoint: 77100 ns, Total: 355200 ns
[2025-06-18T00:00:25.218+0300][12872][19900][debug][safepoint] ... found polling page loop exception at pc = 0x00000207273653e0, stub =0x0000020726d55280
[2025-06-18T00:00:25.218+0300][12872][17016][debug][safepoint] ... found polling page loop exception at pc = 0x00000207273653e0, stub =0x0000020726d55280
[2025-06-18T00:00:25.218+0300][12872][7892 ][debug][safepoint] ... found polling page loop exception at pc = 0x000002072736408e, stub =0x0000020726d55b00
[2025-06-18T00:00:25.218+0300][12872][13760][debug][safepoint] ... found polling page loop exception at pc = 0x00000207273653e0, stub =0x0000020726d55280
[2025-06-18T00:00:25.218+0300][12872][8412 ][debug][safepoint] ... found polling page loop exception at pc = 0x00000207273517fb, stub =0x0000020726d55280
[2025-06-18T00:00:25.218+0300][12872][3760 ][debug][safepoint] ... found polling page loop exception at pc = 0x00000207273653e0, stub =0x0000020726d55280
[2025-06-18T00:00:25.218+0300][12872][15132][debug][safepoint] ... found polling page loop exception at pc = 0x000002072736408e, stub =0x0000020726d55b00
[2025-06-18T00:00:25.235+0300][12872][17016][debug][safepoint] ... found polling page loop exception at pc = 0x00000207273653e0, stub =0x0000020726d55280
[2025-06-18T00:00:25.235+0300][12872][3760 ][debug][safepoint] ... found polling page loop exception at pc = 0x00000207273653e0, stub =0x0000020726d55280
[2025-06-18T00:00:25.235+0300][12872][13760][debug][safepoint] ... found polling page loop exception at pc = 0x00000207273564c6, stub =0x0000020726d55b00
[2025-06-18T00:00:25.235+0300][12872][8412 ][debug][safepoint] ... found polling page loop exception at pc = 0x00000207273517fb, stub =0x0000020726d55280
[2025-06-18T00:00:25.235+0300][12872][15132][debug][safepoint] ... found polling page loop exception at pc = 0x00000207273564c6, stub =0x0000020726d55b00
[2025-06-18T00:00:25.235+0300][12872][19900][debug][safepoint] ... found polling page loop exception at pc = 0x000002072744aa1e, stub =0x0000020726d55b00
[2025-06-18T00:00:25.235+0300][12872][10352][debug][safepoint] ... found polling page loop exception at pc = 0x0000020727376aed, stub =0x0000020726d55b00
[2025-06-18T00:00:25.235+0300][12872][8412 ][debug][safepoint] ... found polling page loop exception at pc = 0x00000207274e762c, stub =0x0000020726d55280
[2025-06-18T00:00:25.235+0300][12872][10352][debug][safepoint] ... found polling page loop exception at pc = 0x00000207273653e0, stub =0x0000020726d55280
[2025-06-18T00:00:25.235+0300][12872][19900][debug][safepoint] ... found polling page loop exception at pc = 0x00000207273653e0, stub =0x0000020726d55280
[2025-06-18T00:00:25.235+0300][12872][3760 ][debug][safepoint] ... found polling page loop exception at pc = 0x000002072737074b, stub =0x0000020726d55b00
[2025-06-18T00:00:25.235+0300][12872][17016][debug][safepoint] ... found polling page loop exception at pc = 0x00000207273653e0, stub =0x0000020726d55280
[2025-06-18T00:00:25.235+0300][12872][7892 ][debug][safepoint] ... found polling page loop exception at pc = 0x00000207273653e0, stub =0x0000020726d55280
[2025-06-18T00:00:25.251+0300][12872][15132][debug][safepoint] ... found polling page loop exception at pc = 0x00000207274e7f5b, stub =0x0000020726d55280
[2025-06-18T00:00:25.251+0300][12872][10352][debug][safepoint] ... found polling page loop exception at pc = 0x00000207273653e0, stub =0x0000020726d55280
[2025-06-18T00:00:25.251+0300][12872][17016][debug][safepoint] ... found polling page loop exception at pc = 0x00000207273653e0, stub =0x0000020726d55280
[2025-06-18T00:00:25.251+0300][12872][7892 ][debug][safepoint] ... found polling page loop exception at pc = 0x00000207273653e0, stub =0x0000020726d55280
[2025-06-18T00:00:25.251+0300][12872][8412 ][debug][safepoint] ... found polling page loop exception at pc = 0x00000207273564c6, stub =0x0000020726d55b00
[2025-06-18T00:00:25.251+0300][12872][19900][debug][safepoint] ... found polling page loop exception at pc = 0x0000020727356360, stub =0x0000020726d55b00
[2025-06-18T00:00:25.251+0300][12872][13760][debug][safepoint] ... found polling page loop exception at pc = 0x000002072735d04c, stub =0x0000020726d55b00
[2025-06-18T00:00:25.251+0300][12872][18160][info ][gc,phases] GC(43) Concurrent Mark 47.937ms
[2025-06-18T00:00:25.251+0300][12872][20264][debug][safepoint] Safepoint synchronization initiated using striped semaphore wait barrier. (19 threads)
[2025-06-18T00:00:25.251+0300][12872][7892 ][debug][safepoint] ... found polling page loop exception at pc = 0x00000207273653e0, stub =0x0000020726d55280
[2025-06-18T00:00:25.251+0300][12872][13760][debug][safepoint] ... found polling page loop exception at pc = 0x000002072735d04c, stub =0x0000020726d55b00
[2025-06-18T00:00:25.251+0300][12872][8412 ][debug][safepoint] ... found polling page loop exception at pc = 0x00000207273653e0, stub =0x0000020726d55280
[2025-06-18T00:00:25.251+0300][12872][10352][debug][safepoint] ... found polling page loop exception at pc = 0x00000207273564c6, stub =0x0000020726d55b00
[2025-06-18T00:00:25.251+0300][12872][17016][debug][safepoint] ... found polling page loop exception at pc = 0x00000207273f8745, stub =0x0000020726d55280
[2025-06-18T00:00:25.251+0300][12872][19900][debug][safepoint] ... found polling page loop exception at pc = 0x00000207273653e0, stub =0x0000020726d55280
[2025-06-18T00:00:25.251+0300][12872][3760 ][debug][safepoint] ... found polling page loop exception at pc = 0x000002072736408e, stub =0x0000020726d55b00
[2025-06-18T00:00:25.251+0300][12872][20264][info ][gc,phases] GC(43) Pause Mark End 0.016ms
[2025-06-18T00:00:25.251+0300][12872][20264][info ][safepoint] Safepoint "XMarkEnd", Time since last: 48039300 ns, Reaching safepoint: 343200 ns, Cleanup: 13500 ns, At safepoint: 100900 ns, Total: 457600 ns
[2025-06-18T00:00:25.251+0300][12872][18160][info ][gc,phases] GC(43) Concurrent Mark Free 0.001ms
[2025-06-18T00:00:25.253+0300][12872][18160][debug][gc,phases] GC(43) Concurrent References Process 0.181ms
[2025-06-18T00:00:25.253+0300][12872][18160][debug][gc,phases] GC(43) ClassLoaderData 0.017ms
[2025-06-18T00:00:25.253+0300][12872][18160][debug][gc,phases] GC(43) Trigger cleanups 0.001ms
[2025-06-18T00:00:25.259+0300][12872][18160][debug][gc,phases] GC(43) Concurrent Classes Unlink 5.479ms
[2025-06-18T00:00:25.259+0300][12872][8412 ][debug][safepoint] ... found polling page loop exception at pc = 0x000002072735d04c, stub =0x0000020726d55b00
[2025-06-18T00:00:25.259+0300][12872][7892 ][debug][safepoint] ... found polling page loop exception at pc = 0x00000207273653e0, stub =0x0000020726d55280
[2025-06-18T00:00:25.259+0300][12872][3760 ][debug][safepoint] ... found polling page loop exception at pc = 0x00000207273653e0, stub =0x0000020726d55280
[2025-06-18T00:00:25.259+0300][12872][13760][debug][safepoint] ... found polling page loop exception at pc = 0x00000207273653e0, stub =0x0000020726d55280
[2025-06-18T00:00:25.259+0300][12872][10352][debug][safepoint] ... found polling page loop exception at pc = 0x00000207274e7f5b, stub =0x0000020726d55280
[2025-06-18T00:00:25.259+0300][12872][17016][debug][safepoint] ... found polling page loop exception at pc = 0x00000207273653e0, stub =0x0000020726d55280
[2025-06-18T00:00:25.267+0300][12872][18160][debug][gc,phases] GC(43) Concurrent Classes Purge 0.010ms
[2025-06-18T00:00:25.267+0300][12872][18160][debug][gc,phases] GC(43) Concurrent References Enqueue 0.009ms
[2025-06-18T00:00:25.267+0300][12872][18160][info ][gc,phases] GC(43) Concurrent Process Non-Strong References 14.004ms
[2025-06-18T00:00:25.267+0300][12872][18160][info ][gc,phases] GC(43) Concurrent Reset Relocation Set 0.011ms
[2025-06-18T00:00:25.269+0300][12872][18160][info ][gc,phases] GC(43) Concurrent Select Relocation Set 2.792ms
[2025-06-18T00:00:25.269+0300][12872][20264][debug][safepoint] Safepoint synchronization initiated using striped semaphore wait barrier. (19 threads)
[2025-06-18T00:00:25.269+0300][12872][10352][debug][safepoint] ... found polling page loop exception at pc = 0x00000207273653e0, stub =0x0000020726d55280
[2025-06-18T00:00:25.269+0300][12872][7892 ][debug][safepoint] ... found polling page loop exception at pc = 0x00000207273653e0, stub =0x0000020726d55280
[2025-06-18T00:00:25.269+0300][12872][8412 ][debug][safepoint] ... found polling page loop exception at pc = 0x000002072736408e, stub =0x0000020726d55b00
[2025-06-18T00:00:25.269+0300][12872][19900][debug][safepoint] ... found polling page loop exception at pc = 0x00000207273653e0, stub =0x0000020726d55280
[2025-06-18T00:00:25.269+0300][12872][13760][debug][safepoint] ... found polling page loop exception at pc = 0x00000207273653e0, stub =0x0000020726d55280
[2025-06-18T00:00:25.269+0300][12872][20264][info ][gc,phases] GC(43) Pause Relocate Start 0.010ms
[2025-06-18T00:00:25.269+0300][12872][20264][info ][safepoint] Safepoint "XRelocateStart", Time since last: 17017600 ns, Reaching safepoint: 363800 ns, Cleanup: 5600 ns, At safepoint: 79300 ns, Total: 448700 ns
[2025-06-18T00:00:25.271+0300][12872][18160][info ][gc,phases] GC(43) Concurrent Relocate 1.582ms
[2025-06-18T00:00:25.271+0300][12872][18160][debug][gc,heap  ] GC(43) Heap after GC invocations=44 (full 44):
[2025-06-18T00:00:25.271+0300][12872][18160][debug][gc,heap  ] GC(43)  ZHeap           used 228M, capacity 2048M, max capacity 2048M
[2025-06-18T00:00:25.271+0300][12872][18160][debug][gc,heap  ] GC(43)  Metaspace       used 8703K, committed 9664K, reserved 1114112K
[2025-06-18T00:00:25.271+0300][12872][18160][debug][gc,heap  ] GC(43)   class space    used 875K, committed 1280K, reserved 1048576K
[2025-06-18T00:00:25.271+0300][12872][18160][info ][gc,heap  ] GC(43) Min Capacity: 2048M(100%)
[2025-06-18T00:00:25.271+0300][12872][18160][info ][gc,heap  ] GC(43) Max Capacity: 2048M(100%)
[2025-06-18T00:00:25.271+0300][12872][18160][info ][gc,heap  ] GC(43) Soft Max Capacity: 2048M(100%)
[2025-06-18T00:00:25.271+0300][12872][18160][info ][gc,heap  ] GC(43)                Mark Start          Mark End        Relocate Start      Relocate End           High               Low         
[2025-06-18T00:00:25.271+0300][12872][18160][info ][gc,heap  ] GC(43)  Capacity:     2048M (100%)       2048M (100%)       2048M (100%)       2048M (100%)       2048M (100%)       2048M (100%)   
[2025-06-18T00:00:25.271+0300][12872][18160][info ][gc,heap  ] GC(43)      Free:      444M (22%)         306M (15%)        1536M (75%)        1820M (89%)        1822M (89%)         264M (13%)    
[2025-06-18T00:00:25.271+0300][12872][18160][info ][gc,heap  ] GC(43)      Used:     1604M (78%)        1742M (85%)         512M (25%)         228M (11%)        1784M (87%)         226M (11%)    
[2025-06-18T00:00:25.271+0300][12872][18160][info ][gc,heap  ] GC(43)      Live:         -                11M (1%)           11M (1%)           11M (1%)             -                  -          
[2025-06-18T00:00:25.271+0300][12872][18160][info ][gc,heap  ] GC(43) Allocated:         -               138M (7%)          184M (9%)          189M (9%)             -                  -          
[2025-06-18T00:00:25.271+0300][12872][18160][info ][gc,heap  ] GC(43)   Garbage:         -              1592M (78%)         316M (15%)          27M (1%)             -                  -          
[2025-06-18T00:00:25.271+0300][12872][18160][info ][gc,heap  ] GC(43) Reclaimed:         -                  -              1276M (62%)        1565M (76%)            -                  -          
[2025-06-18T00:00:25.271+0300][12872][18160][info ][gc       ] GC(43) Garbage Collection (Allocation Rate) 1604M(78%)->228M(11%)
[2025-06-18T00:00:25.805+0300][12872][18160][debug][gc,heap  ] GC(44) Heap before GC invocations=44 (full 44):
[2025-06-18T00:00:25.805+0300][12872][18160][debug][gc,heap  ] GC(44)  ZHeap           used 1460M, capacity 2048M, max capacity 2048M
[2025-06-18T00:00:25.805+0300][12872][18160][debug][gc,heap  ] GC(44)  Metaspace       used 8703K, committed 9664K, reserved 1114112K
[2025-06-18T00:00:25.805+0300][12872][18160][debug][gc,heap  ] GC(44)   class space    used 875K, committed 1280K, reserved 1048576K
[2025-06-18T00:00:25.805+0300][12872][20264][debug][safepoint] Safepoint synchronization initiated using striped semaphore wait barrier. (19 threads)
[2025-06-18T00:00:25.805+0300][12872][3760 ][debug][safepoint] ... found polling page loop exception at pc = 0x000002072736408e, stub =0x0000020726d55b00
[2025-06-18T00:00:25.805+0300][12872][13760][debug][safepoint] ... found polling page loop exception at pc = 0x000002072736581d, stub =0x0000020726d55280
[2025-06-18T00:00:25.805+0300][12872][15132][debug][safepoint] ... found polling page loop exception at pc = 0x000002072737074b, stub =0x0000020726d55b00
[2025-06-18T00:00:25.805+0300][12872][10352][debug][safepoint] ... found polling page loop exception at pc = 0x00000207273653e0, stub =0x0000020726d55280
[2025-06-18T00:00:25.805+0300][12872][17016][debug][safepoint] ... found polling page loop exception at pc = 0x00000207273653e0, stub =0x0000020726d55280
[2025-06-18T00:00:25.805+0300][12872][7892 ][debug][safepoint] ... found polling page loop exception at pc = 0x0000020727453c14, stub =0x0000020726d55b00
[2025-06-18T00:00:25.805+0300][12872][20264][info ][gc,phases] GC(44) Pause Mark Start 0.009ms
[2025-06-18T00:00:25.805+0300][12872][20264][info ][safepoint] Safepoint "XMarkStart", Time since last: 534189400 ns, Reaching safepoint: 345100 ns, Cleanup: 31700 ns, At safepoint: 76300 ns, Total: 453100 ns
[2025-06-18T00:00:25.817+0300][12872][15132][debug][safepoint] ... found polling page loop exception at pc = 0x00000207273653e0, stub =0x0000020726d55280
[2025-06-18T00:00:25.817+0300][12872][8412 ][debug][safepoint] ... found polling page loop exception at pc = 0x000002072736408e, stub =0x0000020726d55b00
[2025-06-18T00:00:25.817+0300][12872][7892 ][debug][safepoint] ... found polling page loop exception at pc = 0x0000020727376743, stub =0x0000020726d55b00
[2025-06-18T00:00:25.817+0300][12872][3760 ][debug][safepoint] ... found polling page loop exception at pc = 0x000002072736408e, stub =0x0000020726d55b00
[2025-06-18T00:00:25.817+0300][12872][17016][debug][safepoint] ... found polling page loop exception at pc = 0x00000207273653e0, stub =0x0000020726d55280
[2025-06-18T00:00:25.817+0300][12872][19900][debug][safepoint] ... found polling page loop exception at pc = 0x00000207273653e0, stub =0x0000020726d55280
[2025-06-18T00:00:25.817+0300][12872][10352][debug][safepoint] ... found polling page loop exception at pc = 0x00000207273653e0, stub =0x0000020726d55280
[2025-06-18T00:00:25.817+0300][12872][13760][debug][safepoint] ... found polling page loop exception at pc = 0x00000207273653e0, stub =0x0000020726d55280
[2025-06-18T00:00:25.820+0300][12872][7892 ][debug][safepoint] ... found polling page loop exception at pc = 0x00000207273653e0, stub =0x0000020726d55280
[2025-06-18T00:00:25.820+0300][12872][17016][debug][safepoint] ... found polling page loop exception at pc = 0x00000207273653e0, stub =0x0000020726d55280
[2025-06-18T00:00:25.820+0300][12872][13760][debug][safepoint] ... found polling page loop exception at pc = 0x00000207273653e0, stub =0x0000020726d55280
[2025-06-18T00:00:25.820+0300][12872][8412 ][debug][safepoint] ... found polling page loop exception at pc = 0x00000207273653e0, stub =0x0000020726d55280
[2025-06-18T00:00:25.820+0300][12872][15132][debug][safepoint] ... found polling page loop exception at pc = 0x00000207273653e0, stub =0x0000020726d55280
[2025-06-18T00:00:25.820+0300][12872][19900][debug][safepoint] ... found polling page loop exception at pc = 0x00000207273653e0, stub =0x0000020726d55280
[2025-06-18T00:00:25.836+0300][12872][7892 ][debug][safepoint] ... found polling page loop exception at pc = 0x00000207273653e0, stub =0x0000020726d55280
[2025-06-18T00:00:25.836+0300][12872][19900][debug][safepoint] ... found polling page loop exception at pc = 0x0000020727364360, stub =0x0000020726d55b00
[2025-06-18T00:00:25.836+0300][12872][10352][debug][safepoint] ... found polling page loop exception at pc = 0x00000207273653e0, stub =0x0000020726d55280
[2025-06-18T00:00:25.836+0300][12872][8412 ][debug][safepoint] ... found polling page loop exception at pc = 0x00000207273653e0, stub =0x0000020726d55280
[2025-06-18T00:00:25.836+0300][12872][13760][debug][safepoint] ... found polling page loop exception at pc = 0x00000207273653e0, stub =0x0000020726d55280
[2025-06-18T00:00:25.836+0300][12872][19900][debug][safepoint] ... found polling page loop exception at pc = 0x00000207273653e0, stub =0x0000020726d55280
[2025-06-18T00:00:25.836+0300][12872][7892 ][debug][safepoint] ... found polling page loop exception at pc = 0x00000207273653e0, stub =0x0000020726d55280
[2025-06-18T00:00:25.836+0300][12872][3760 ][debug][safepoint] ... found polling page loop exception at pc = 0x00000207273653e0, stub =0x0000020726d55280
[2025-06-18T00:00:25.836+0300][12872][18160][info ][gc,phases] GC(44) Concurrent Mark 32.537ms
[2025-06-18T00:00:25.836+0300][12872][20264][debug][safepoint] Safepoint synchronization initiated using striped semaphore wait barrier. (17 threads)
[2025-06-18T00:00:25.836+0300][12872][19900][debug][safepoint] ... found polling page loop exception at pc = 0x000002072736408e, stub =0x0000020726d55b00
[2025-06-18T00:00:25.836+0300][12872][3760 ][debug][safepoint] ... found polling page loop exception at pc = 0x00000207273653e0, stub =0x0000020726d55280
[2025-06-18T00:00:25.836+0300][12872][10352][debug][safepoint] ... found polling page loop exception at pc = 0x00000207273653e0, stub =0x0000020726d55280
[2025-06-18T00:00:25.836+0300][12872][8412 ][debug][safepoint] ... found polling page loop exception at pc = 0x00000207273653e0, stub =0x0000020726d55280
[2025-06-18T00:00:25.836+0300][12872][13760][debug][safepoint] ... found polling page loop exception at pc = 0x000002072737074b, stub =0x0000020726d55b00
[2025-06-18T00:00:25.836+0300][12872][20264][info ][gc,phases] GC(44) Pause Mark End 0.013ms
[2025-06-18T00:00:25.836+0300][12872][20264][info ][safepoint] Safepoint "XMarkEnd", Time since last: 32626300 ns, Reaching safepoint: 249500 ns, Cleanup: 3600 ns, At safepoint: 56000 ns, Total: 309100 ns
[2025-06-18T00:00:25.836+0300][12872][18160][info ][gc,phases] GC(44) Concurrent Mark Free 0.001ms
[2025-06-18T00:00:25.836+0300][12872][18160][debug][gc,phases] GC(44) Concurrent References Process 0.164ms
[2025-06-18T00:00:25.836+0300][12872][18160][debug][gc,phases] GC(44) ClassLoaderData 0.018ms
[2025-06-18T00:00:25.836+0300][12872][18160][debug][gc,phases] GC(44) Trigger cleanups 0.001ms
[2025-06-18T00:00:25.842+0300][12872][18160][debug][gc,phases] GC(44) Concurrent Classes Unlink 4.983ms
[2025-06-18T00:00:25.844+0300][12872][8412 ][debug][safepoint] ... found polling page loop exception at pc = 0x00000207273653e0, stub =0x0000020726d55280
[2025-06-18T00:00:25.844+0300][12872][19900][debug][safepoint] ... found polling page loop exception at pc = 0x00000207273653e0, stub =0x0000020726d55280
[2025-06-18T00:00:25.844+0300][12872][7892 ][debug][safepoint] ... found polling page loop exception at pc = 0x00000207273653e0, stub =0x0000020726d55280
[2025-06-18T00:00:25.846+0300][12872][18160][debug][gc,phases] GC(44) Concurrent Classes Purge 0.032ms
[2025-06-18T00:00:25.846+0300][12872][18160][debug][gc,phases] GC(44) Concurrent References Enqueue 0.007ms
[2025-06-18T00:00:25.846+0300][12872][18160][info ][gc,phases] GC(44) Concurrent Process Non-Strong References 7.872ms
[2025-06-18T00:00:25.846+0300][12872][18160][info ][gc,phases] GC(44) Concurrent Reset Relocation Set 0.008ms
[2025-06-18T00:00:25.848+0300][12872][18160][info ][gc,phases] GC(44) Concurrent Select Relocation Set 2.475ms
[2025-06-18T00:00:25.848+0300][12872][20264][debug][safepoint] Safepoint synchronization initiated using striped semaphore wait barrier. (17 threads)
[2025-06-18T00:00:25.848+0300][12872][8412 ][debug][safepoint] ... found polling page loop exception at pc = 0x00000207273653e0, stub =0x0000020726d55280
[2025-06-18T00:00:25.848+0300][12872][3760 ][debug][safepoint] ... found polling page loop exception at pc = 0x0000020727356360, stub =0x0000020726d55b00
[2025-06-18T00:00:25.848+0300][12872][10352][debug][safepoint] ... found polling page loop exception at pc = 0x00000207273653e0, stub =0x0000020726d55280
[2025-06-18T00:00:25.848+0300][12872][7892 ][debug][safepoint] ... found polling page loop exception at pc = 0x00000207274e7f5b, stub =0x0000020726d55280
[2025-06-18T00:00:25.848+0300][12872][20264][info ][gc,phases] GC(44) Pause Relocate Start 0.009ms
[2025-06-18T00:00:25.848+0300][12872][20264][info ][safepoint] Safepoint "XRelocateStart", Time since last: 10522900 ns, Reaching safepoint: 227500 ns, Cleanup: 4800 ns, At safepoint: 65000 ns, Total: 297300 ns
[2025-06-18T00:00:25.848+0300][12872][18160][info ][gc,phases] GC(44) Concurrent Relocate 1.635ms
[2025-06-18T00:00:25.848+0300][12872][18160][debug][gc,heap  ] GC(44) Heap after GC invocations=45 (full 45):
[2025-06-18T00:00:25.848+0300][12872][18160][debug][gc,heap  ] GC(44)  ZHeap           used 140M, capacity 2048M, max capacity 2048M
[2025-06-18T00:00:25.848+0300][12872][18160][debug][gc,heap  ] GC(44)  Metaspace       used 8703K, committed 9664K, reserved 1114112K
[2025-06-18T00:00:25.848+0300][12872][18160][debug][gc,heap  ] GC(44)   class space    used 875K, committed 1280K, reserved 1048576K
[2025-06-18T00:00:25.848+0300][12872][18160][info ][gc,heap  ] GC(44) Min Capacity: 2048M(100%)
[2025-06-18T00:00:25.848+0300][12872][18160][info ][gc,heap  ] GC(44) Max Capacity: 2048M(100%)
[2025-06-18T00:00:25.848+0300][12872][18160][info ][gc,heap  ] GC(44) Soft Max Capacity: 2048M(100%)
[2025-06-18T00:00:25.848+0300][12872][18160][info ][gc,heap  ] GC(44)                Mark Start          Mark End        Relocate Start      Relocate End           High               Low         
[2025-06-18T00:00:25.848+0300][12872][18160][info ][gc,heap  ] GC(44)  Capacity:     2048M (100%)       2048M (100%)       2048M (100%)       2048M (100%)       2048M (100%)       2048M (100%)   
[2025-06-18T00:00:25.851+0300][12872][18160][info ][gc,heap  ] GC(44)      Free:      588M (29%)         518M (25%)        1642M (80%)        1910M (93%)        1912M (93%)         496M (24%)    
[2025-06-18T00:00:25.851+0300][12872][18160][info ][gc,heap  ] GC(44)      Used:     1460M (71%)        1530M (75%)         406M (20%)         138M (7%)         1552M (76%)         136M (7%)     
[2025-06-18T00:00:25.851+0300][12872][18160][info ][gc,heap  ] GC(44)      Live:         -                11M (1%)           11M (1%)           11M (1%)             -                  -          
[2025-06-18T00:00:25.851+0300][12872][18160][info ][gc,heap  ] GC(44) Allocated:         -                70M (3%)           96M (5%)           99M (5%)             -                  -          
[2025-06-18T00:00:25.851+0300][12872][18160][info ][gc,heap  ] GC(44)   Garbage:         -              1448M (71%)         298M (15%)          27M (1%)             -                  -          
[2025-06-18T00:00:25.851+0300][12872][18160][info ][gc,heap  ] GC(44) Reclaimed:         -                  -              1150M (56%)        1421M (69%)            -                  -          
[2025-06-18T00:00:25.851+0300][12872][18160][info ][gc       ] GC(44) Garbage Collection (Allocation Rate) 1460M(71%)->138M(7%)
[2025-06-18T00:00:26.194+0300][12872][18160][debug][gc,heap  ] GC(45) Heap before GC invocations=45 (full 45):
[2025-06-18T00:00:26.194+0300][12872][18160][debug][gc,heap  ] GC(45)  ZHeap           used 442M, capacity 2048M, max capacity 2048M
[2025-06-18T00:00:26.194+0300][12872][18160][debug][gc,heap  ] GC(45)  Metaspace       used 8704K, committed 9664K, reserved 1114112K
[2025-06-18T00:00:26.194+0300][12872][18160][debug][gc,heap  ] GC(45)   class space    used 875K, committed 1280K, reserved 1048576K
[2025-06-18T00:00:26.194+0300][12872][20264][debug][safepoint] Safepoint synchronization initiated using striped semaphore wait barrier. (11 threads)
[2025-06-18T00:00:26.194+0300][12872][20264][info ][gc,phases] GC(45) Pause Mark Start 0.005ms
[2025-06-18T00:00:26.194+0300][12872][20264][info ][safepoint] Safepoint "XMarkStart", Time since last: 350779400 ns, Reaching safepoint: 23400 ns, Cleanup: 8700 ns, At safepoint: 23600 ns, Total: 55700 ns
[2025-06-18T00:00:26.216+0300][12872][18160][info ][gc,phases] GC(45) Concurrent Mark 16.217ms
[2025-06-18T00:00:26.216+0300][12872][20264][debug][safepoint] Safepoint synchronization initiated using striped semaphore wait barrier. (11 threads)
[2025-06-18T00:00:26.216+0300][12872][20264][info ][gc,phases] GC(45) Pause Mark End 0.011ms
[2025-06-18T00:00:26.216+0300][12872][20264][info ][safepoint] Safepoint "XMarkEnd", Time since last: 16308500 ns, Reaching safepoint: 29600 ns, Cleanup: 3300 ns, At safepoint: 26500 ns, Total: 59400 ns
[2025-06-18T00:00:26.216+0300][12872][18160][info ][gc,phases] GC(45) Concurrent Mark Free 0.000ms
[2025-06-18T00:00:26.216+0300][12872][18160][debug][gc,phases] GC(45) Concurrent References Process 0.040ms
[2025-06-18T00:00:26.216+0300][12872][18160][debug][gc,phases] GC(45) ClassLoaderData 0.007ms
[2025-06-18T00:00:26.216+0300][12872][18160][debug][gc,phases] GC(45) Trigger cleanups 0.000ms
[2025-06-18T00:00:26.216+0300][12872][18160][debug][gc,phases] GC(45) Concurrent Classes Unlink 1.431ms
[2025-06-18T00:00:26.216+0300][12872][18160][debug][gc,phases] GC(45) Concurrent Classes Purge 0.031ms
[2025-06-18T00:00:26.216+0300][12872][18160][debug][gc,phases] GC(45) Concurrent References Enqueue 0.000ms
[2025-06-18T00:00:26.216+0300][12872][18160][info ][gc,phases] GC(45) Concurrent Process Non-Strong References 1.826ms
[2025-06-18T00:00:26.216+0300][12872][18160][info ][gc,phases] GC(45) Concurrent Reset Relocation Set 0.004ms
[2025-06-18T00:00:26.216+0300][12872][18160][info ][gc,phases] GC(45) Concurrent Select Relocation Set 1.205ms
[2025-06-18T00:00:26.216+0300][12872][20264][debug][safepoint] Safepoint synchronization initiated using striped semaphore wait barrier. (11 threads)
[2025-06-18T00:00:26.216+0300][12872][20264][info ][gc,phases] GC(45) Pause Relocate Start 0.006ms
[2025-06-18T00:00:26.216+0300][12872][20264][info ][safepoint] Safepoint "XRelocateStart", Time since last: 3137800 ns, Reaching safepoint: 23100 ns, Cleanup: 2200 ns, At safepoint: 19900 ns, Total: 45200 ns
[2025-06-18T00:00:26.216+0300][12872][18160][info ][gc,phases] GC(45) Concurrent Relocate 0.519ms
[2025-06-18T00:00:26.216+0300][12872][18160][debug][gc,heap  ] GC(45) Heap after GC invocations=46 (full 46):
[2025-06-18T00:00:26.216+0300][12872][18160][debug][gc,heap  ] GC(45)  ZHeap           used 40M, capacity 2048M, max capacity 2048M
[2025-06-18T00:00:26.216+0300][12872][18160][debug][gc,heap  ] GC(45)  Metaspace       used 8704K, committed 9664K, reserved 1114112K
[2025-06-18T00:00:26.216+0300][12872][18160][debug][gc,heap  ] GC(45)   class space    used 875K, committed 1280K, reserved 1048576K
[2025-06-18T00:00:26.216+0300][12872][18160][info ][gc,heap  ] GC(45) Min Capacity: 2048M(100%)
[2025-06-18T00:00:26.216+0300][12872][18160][info ][gc,heap  ] GC(45) Max Capacity: 2048M(100%)
[2025-06-18T00:00:26.216+0300][12872][18160][info ][gc,heap  ] GC(45) Soft Max Capacity: 2048M(100%)
[2025-06-18T00:00:26.216+0300][12872][18160][info ][gc,heap  ] GC(45)                Mark Start          Mark End        Relocate Start      Relocate End           High               Low         
[2025-06-18T00:00:26.216+0300][12872][18160][info ][gc,heap  ] GC(45)  Capacity:     2048M (100%)       2048M (100%)       2048M (100%)       2048M (100%)       2048M (100%)       2048M (100%)   
[2025-06-18T00:00:26.216+0300][12872][18160][info ][gc,heap  ] GC(45)      Free:     1606M (78%)        1606M (78%)        1994M (97%)        2008M (98%)        2008M (98%)        1606M (78%)    
[2025-06-18T00:00:26.216+0300][12872][18160][info ][gc,heap  ] GC(45)      Used:      442M (22%)         442M (22%)          54M (3%)           40M (2%)          442M (22%)          40M (2%)     
[2025-06-18T00:00:26.216+0300][12872][18160][info ][gc,heap  ] GC(45)      Live:         -                10M (1%)           10M (1%)           10M (1%)             -                  -          
[2025-06-18T00:00:26.216+0300][12872][18160][info ][gc,heap  ] GC(45) Allocated:         -                 0M (0%)            0M (0%)            0M (0%)             -                  -          
[2025-06-18T00:00:26.216+0300][12872][18160][info ][gc,heap  ] GC(45)   Garbage:         -               431M (21%)          43M (2%)           29M (1%)             -                  -          
[2025-06-18T00:00:26.216+0300][12872][18160][info ][gc,heap  ] GC(45) Reclaimed:         -                  -               388M (19%)         402M (20%)            -                  -          
[2025-06-18T00:00:26.216+0300][12872][18160][info ][gc       ] GC(45) Garbage Collection (System.gc()) 442M(22%)->40M(2%)
[2025-06-18T00:00:26.610+0300][12872][18160][debug][gc,heap  ] GC(46) Heap before GC invocations=46 (full 46):
[2025-06-18T00:00:26.610+0300][12872][18160][debug][gc,heap  ] GC(46)  ZHeap           used 1564M, capacity 2048M, max capacity 2048M
[2025-06-18T00:00:26.610+0300][12872][18160][debug][gc,heap  ] GC(46)  Metaspace       used 8706K, committed 9664K, reserved 1114112K
[2025-06-18T00:00:26.610+0300][12872][18160][debug][gc,heap  ] GC(46)   class space    used 875K, committed 1280K, reserved 1048576K
[2025-06-18T00:00:26.610+0300][12872][20264][debug][safepoint] Safepoint synchronization initiated using striped semaphore wait barrier. (19 threads)
[2025-06-18T00:00:26.610+0300][12872][7200 ][debug][safepoint] ... found polling page loop exception at pc = 0x00000207273653e0, stub =0x0000020726d55280
[2025-06-18T00:00:26.610+0300][12872][11344][debug][safepoint] ... found polling page loop exception at pc = 0x00000207273f8745, stub =0x0000020726d55280
[2025-06-18T00:00:26.610+0300][12872][17812][debug][safepoint] ... found polling page loop exception at pc = 0x000002072738c351, stub =0x0000020726d55b00
[2025-06-18T00:00:26.610+0300][12872][5460 ][debug][safepoint] ... found polling page loop exception at pc = 0x000002072735d04c, stub =0x0000020726d55b00
[2025-06-18T00:00:26.610+0300][12872][7240 ][debug][safepoint] ... found polling page loop exception at pc = 0x00000207273564c6, stub =0x0000020726d55b00
[2025-06-18T00:00:26.610+0300][12872][20980][debug][safepoint] ... found polling page loop exception at pc = 0x00000207273653e0, stub =0x0000020726d55280
[2025-06-18T00:00:26.610+0300][12872][4836 ][debug][safepoint] ... found polling page loop exception at pc = 0x00000207273653e0, stub =0x0000020726d55280
[2025-06-18T00:00:26.610+0300][12872][15720][debug][safepoint] ... found polling page loop exception at pc = 0x00000207273653e0, stub =0x0000020726d55280
[2025-06-18T00:00:26.610+0300][12872][20264][info ][gc,phases] GC(46) Pause Mark Start 0.009ms
[2025-06-18T00:00:26.610+0300][12872][20264][info ][safepoint] Safepoint "XMarkStart", Time since last: 391292700 ns, Reaching safepoint: 443800 ns, Cleanup: 19900 ns, At safepoint: 77000 ns, Total: 540700 ns
[2025-06-18T00:00:26.623+0300][12872][5460 ][debug][safepoint] ... found polling page loop exception at pc = 0x0000020727356360, stub =0x0000020726d55b00
[2025-06-18T00:00:26.623+0300][12872][7200 ][debug][safepoint] ... found polling page loop exception at pc = 0x00000207273653e0, stub =0x0000020726d55280
[2025-06-18T00:00:26.623+0300][12872][4836 ][debug][safepoint] ... found polling page loop exception at pc = 0x00000207273653e0, stub =0x0000020726d55280
[2025-06-18T00:00:26.623+0300][12872][15720][debug][safepoint] ... found polling page loop exception at pc = 0x0000020727356360, stub =0x0000020726d55b00
[2025-06-18T00:00:26.623+0300][12872][17812][debug][safepoint] ... found polling page loop exception at pc = 0x00000207273f8903, stub =0x0000020726d55280
[2025-06-18T00:00:26.623+0300][12872][11344][debug][safepoint] ... found polling page loop exception at pc = 0x00000207273653e0, stub =0x0000020726d55280
[2025-06-18T00:00:26.623+0300][12872][20980][debug][safepoint] ... found polling page loop exception at pc = 0x00000207273653e0, stub =0x0000020726d55280
[2025-06-18T00:00:26.623+0300][12872][7240 ][debug][safepoint] ... found polling page loop exception at pc = 0x00000207273f8745, stub =0x0000020726d55280
[2025-06-18T00:00:26.626+0300][12872][20980][debug][safepoint] ... found polling page loop exception at pc = 0x0000020727356360, stub =0x0000020726d55b00
[2025-06-18T00:00:26.626+0300][12872][11344][debug][safepoint] ... found polling page loop exception at pc = 0x00000207273653e0, stub =0x0000020726d55280
[2025-06-18T00:00:26.626+0300][12872][17812][debug][safepoint] ... found polling page loop exception at pc = 0x0000020727356360, stub =0x0000020726d55b00
[2025-06-18T00:00:26.626+0300][12872][15720][debug][safepoint] ... found polling page loop exception at pc = 0x00000207273653e0, stub =0x0000020726d55280
[2025-06-18T00:00:26.626+0300][12872][4836 ][debug][safepoint] ... found polling page loop exception at pc = 0x00000207273653e0, stub =0x0000020726d55280
[2025-06-18T00:00:26.626+0300][12872][7200 ][debug][safepoint] ... found polling page loop exception at pc = 0x000002072737074b, stub =0x0000020726d55b00
[2025-06-18T00:00:26.626+0300][12872][5460 ][debug][safepoint] ... found polling page loop exception at pc = 0x00000207273653e0, stub =0x0000020726d55280
[2025-06-18T00:00:26.626+0300][12872][7240 ][debug][safepoint] ... found polling page loop exception at pc = 0x00000207273653e0, stub =0x0000020726d55280
[2025-06-18T00:00:26.632+0300][12872][11344][debug][safepoint] ... found polling page loop exception at pc = 0x00000207273653e0, stub =0x0000020726d55280
[2025-06-18T00:00:26.632+0300][12872][7240 ][debug][safepoint] ... found polling page loop exception at pc = 0x00000207273fa0c2, stub =0x0000020726d55280
[2025-06-18T00:00:26.632+0300][12872][7200 ][debug][safepoint] ... found polling page loop exception at pc = 0x00000207273653e0, stub =0x0000020726d55280
[2025-06-18T00:00:26.632+0300][12872][4836 ][debug][safepoint] ... found polling page loop exception at pc = 0x00000207273653e0, stub =0x0000020726d55280
[2025-06-18T00:00:26.632+0300][12872][20980][debug][safepoint] ... found polling page loop exception at pc = 0x000002072736408e, stub =0x0000020726d55b00
[2025-06-18T00:00:26.632+0300][12872][5460 ][debug][safepoint] ... found polling page loop exception at pc = 0x00000207274e7f5b, stub =0x0000020726d55280
[2025-06-18T00:00:26.632+0300][12872][17812][debug][safepoint] ... found polling page loop exception at pc = 0x00000207274e7f5b, stub =0x0000020726d55280
[2025-06-18T00:00:26.632+0300][12872][18160][info ][gc,phases] GC(46) Concurrent Mark 21.474ms
[2025-06-18T00:00:26.632+0300][12872][20264][debug][safepoint] Safepoint synchronization initiated using striped semaphore wait barrier. (19 threads)
[2025-06-18T00:00:26.632+0300][12872][20980][debug][safepoint] ... found polling page loop exception at pc = 0x00000207273653e0, stub =0x0000020726d55280
[2025-06-18T00:00:26.632+0300][12872][5460 ][debug][safepoint] ... found polling page loop exception at pc = 0x00000207273653e0, stub =0x0000020726d55280
[2025-06-18T00:00:26.632+0300][12872][11344][debug][safepoint] ... found polling page loop exception at pc = 0x000002072740eb41, stub =0x0000020726d55b00
[2025-06-18T00:00:26.632+0300][12872][7200 ][debug][safepoint] ... found polling page loop exception at pc = 0x0000020727356360, stub =0x0000020726d55b00
[2025-06-18T00:00:26.632+0300][12872][4836 ][debug][safepoint] ... found polling page loop exception at pc = 0x000002072735d04c, stub =0x0000020726d55b00
[2025-06-18T00:00:26.632+0300][12872][7240 ][debug][safepoint] ... found polling page loop exception at pc = 0x00000207273564c6, stub =0x0000020726d55b00
[2025-06-18T00:00:26.632+0300][12872][20264][info ][gc,phases] GC(46) Pause Mark End 0.014ms
[2025-06-18T00:00:26.632+0300][12872][20264][info ][safepoint] Safepoint "XMarkEnd", Time since last: 21574600 ns, Reaching safepoint: 267800 ns, Cleanup: 5100 ns, At safepoint: 68700 ns, Total: 341600 ns
[2025-06-18T00:00:26.632+0300][12872][18160][info ][gc,phases] GC(46) Concurrent Mark Free 0.001ms
[2025-06-18T00:00:26.632+0300][12872][18160][debug][gc,phases] GC(46) Concurrent References Process 0.175ms
[2025-06-18T00:00:26.632+0300][12872][18160][debug][gc,phases] GC(46) ClassLoaderData 0.020ms
[2025-06-18T00:00:26.632+0300][12872][18160][debug][gc,phases] GC(46) Trigger cleanups 0.000ms
[2025-06-18T00:00:26.639+0300][12872][18160][debug][gc,phases] GC(46) Concurrent Classes Unlink 5.358ms
[2025-06-18T00:00:26.639+0300][12872][17812][debug][safepoint] ... found polling page loop exception at pc = 0x00000207274e7f5b, stub =0x0000020726d55280
[2025-06-18T00:00:26.639+0300][12872][7240 ][debug][safepoint] ... found polling page loop exception at pc = 0x00000207273653e0, stub =0x0000020726d55280
[2025-06-18T00:00:26.639+0300][12872][20980][debug][safepoint] ... found polling page loop exception at pc = 0x00000207273653e0, stub =0x0000020726d55280
[2025-06-18T00:00:26.639+0300][12872][5460 ][debug][safepoint] ... found polling page loop exception at pc = 0x00000207273564c6, stub =0x0000020726d55b00
[2025-06-18T00:00:26.639+0300][12872][4836 ][debug][safepoint] ... found polling page loop exception at pc = 0x00000207273b127c, stub =0x0000020726d55b00
[2025-06-18T00:00:26.639+0300][12872][15720][debug][safepoint] ... found polling page loop exception at pc = 0x00000207273653e0, stub =0x0000020726d55280
[2025-06-18T00:00:26.639+0300][12872][11344][debug][safepoint] ... found polling page loop exception at pc = 0x000002072737074b, stub =0x0000020726d55b00
[2025-06-18T00:00:26.639+0300][12872][18160][debug][gc,phases] GC(46) Concurrent Classes Purge 0.031ms
[2025-06-18T00:00:26.639+0300][12872][18160][debug][gc,phases] GC(46) Concurrent References Enqueue 0.006ms
[2025-06-18T00:00:26.639+0300][12872][18160][info ][gc,phases] GC(46) Concurrent Process Non-Strong References 6.612ms
[2025-06-18T00:00:26.639+0300][12872][18160][info ][gc,phases] GC(46) Concurrent Reset Relocation Set 0.001ms
[2025-06-18T00:00:26.641+0300][12872][18160][info ][gc,phases] GC(46) Concurrent Select Relocation Set 2.715ms
[2025-06-18T00:00:26.641+0300][12872][20264][debug][safepoint] Safepoint synchronization initiated using striped semaphore wait barrier. (19 threads)
[2025-06-18T00:00:26.641+0300][12872][17812][debug][safepoint] ... found polling page loop exception at pc = 0x00000207273653e0, stub =0x0000020726d55280
[2025-06-18T00:00:26.641+0300][12872][15720][debug][safepoint] ... found polling page loop exception at pc = 0x0000020727356360, stub =0x0000020726d55b00
[2025-06-18T00:00:26.641+0300][12872][7240 ][debug][safepoint] ... found polling page loop exception at pc = 0x00000207273653e0, stub =0x0000020726d55280
[2025-06-18T00:00:26.641+0300][12872][11344][debug][safepoint] ... found polling page loop exception at pc = 0x000002072736408e, stub =0x0000020726d55b00
[2025-06-18T00:00:26.641+0300][12872][4836 ][debug][safepoint] ... found polling page loop exception at pc = 0x00000207273653e0, stub =0x0000020726d55280
[2025-06-18T00:00:26.641+0300][12872][20264][info ][gc,phases] GC(46) Pause Relocate Start 0.008ms
[2025-06-18T00:00:26.641+0300][12872][20264][info ][safepoint] Safepoint "XRelocateStart", Time since last: 9502900 ns, Reaching safepoint: 247400 ns, Cleanup: 5000 ns, At safepoint: 67400 ns, Total: 319800 ns
[2025-06-18T00:00:26.641+0300][12872][18160][info ][gc,phases] GC(46) Concurrent Relocate 1.586ms
[2025-06-18T00:00:26.641+0300][12872][18160][debug][gc,heap  ] GC(46) Heap after GC invocations=47 (full 47):
[2025-06-18T00:00:26.641+0300][12872][18160][debug][gc,heap  ] GC(46)  ZHeap           used 152M, capacity 2048M, max capacity 2048M
[2025-06-18T00:00:26.641+0300][12872][18160][debug][gc,heap  ] GC(46)  Metaspace       used 8706K, committed 9664K, reserved 1114112K
[2025-06-18T00:00:26.645+0300][12872][18160][debug][gc,heap  ] GC(46)   class space    used 875K, committed 1280K, reserved 1048576K
[2025-06-18T00:00:26.645+0300][12872][18160][info ][gc,heap  ] GC(46) Min Capacity: 2048M(100%)
[2025-06-18T00:00:26.645+0300][12872][18160][info ][gc,heap  ] GC(46) Max Capacity: 2048M(100%)
[2025-06-18T00:00:26.645+0300][12872][18160][info ][gc,heap  ] GC(46) Soft Max Capacity: 2048M(100%)
[2025-06-18T00:00:26.645+0300][12872][18160][info ][gc,heap  ] GC(46)                Mark Start          Mark End        Relocate Start      Relocate End           High               Low         
[2025-06-18T00:00:26.645+0300][12872][18160][info ][gc,heap  ] GC(46)  Capacity:     2048M (100%)       2048M (100%)       2048M (100%)       2048M (100%)       2048M (100%)       2048M (100%)   
[2025-06-18T00:00:26.645+0300][12872][18160][info ][gc,heap  ] GC(46)      Free:      484M (24%)         408M (20%)        1620M (79%)        1896M (93%)        1900M (93%)         384M (19%)    
[2025-06-18T00:00:26.645+0300][12872][18160][info ][gc,heap  ] GC(46)      Used:     1564M (76%)        1640M (80%)         428M (21%)         152M (7%)         1664M (81%)         148M (7%)     
[2025-06-18T00:00:26.645+0300][12872][18160][info ][gc,heap  ] GC(46)      Live:         -                11M (1%)           11M (1%)           11M (1%)             -                  -          
[2025-06-18T00:00:26.645+0300][12872][18160][info ][gc,heap  ] GC(46) Allocated:         -                76M (4%)          106M (5%)          113M (6%)             -                  -          
[2025-06-18T00:00:26.645+0300][12872][18160][info ][gc,heap  ] GC(46)   Garbage:         -              1552M (76%)         310M (15%)          27M (1%)             -                  -          
[2025-06-18T00:00:26.645+0300][12872][18160][info ][gc,heap  ] GC(46) Reclaimed:         -                  -              1242M (61%)        1525M (74%)            -                  -          
[2025-06-18T00:00:26.645+0300][12872][18160][info ][gc       ] GC(46) Garbage Collection (Allocation Rate) 1564M(76%)->152M(7%)
[2025-06-18T00:00:27.005+0300][12872][18160][debug][gc,heap  ] GC(47) Heap before GC invocations=47 (full 47):
[2025-06-18T00:00:27.005+0300][12872][18160][debug][gc,heap  ] GC(47)  ZHeap           used 1372M, capacity 2048M, max capacity 2048M
[2025-06-18T00:00:27.005+0300][12872][18160][debug][gc,heap  ] GC(47)  Metaspace       used 8706K, committed 9664K, reserved 1114112K
[2025-06-18T00:00:27.005+0300][12872][18160][debug][gc,heap  ] GC(47)   class space    used 875K, committed 1280K, reserved 1048576K
[2025-06-18T00:00:27.005+0300][12872][20264][debug][safepoint] Safepoint synchronization initiated using striped semaphore wait barrier. (19 threads)
[2025-06-18T00:00:27.005+0300][12872][4836 ][debug][safepoint] ... found polling page loop exception at pc = 0x000002072736408e, stub =0x0000020726d55b00
[2025-06-18T00:00:27.005+0300][12872][20980][debug][safepoint] ... found polling page loop exception at pc = 0x00000207273653e0, stub =0x0000020726d55280
[2025-06-18T00:00:27.005+0300][12872][17812][debug][safepoint] ... found polling page loop exception at pc = 0x00000207273653e0, stub =0x0000020726d55280
[2025-06-18T00:00:27.005+0300][12872][11344][debug][safepoint] ... found polling page loop exception at pc = 0x00000207273768c0, stub =0x0000020726d55b00
[2025-06-18T00:00:27.005+0300][12872][7240 ][debug][safepoint] ... found polling page loop exception at pc = 0x0000020727376743, stub =0x0000020726d55b00
[2025-06-18T00:00:27.005+0300][12872][7200 ][debug][safepoint] ... found polling page loop exception at pc = 0x00000207273653e0, stub =0x0000020726d55280
[2025-06-18T00:00:27.005+0300][12872][20264][info ][gc,phases] GC(47) Pause Mark Start 0.010ms
[2025-06-18T00:00:27.005+0300][12872][20264][info ][safepoint] Safepoint "XMarkStart", Time since last: 361995100 ns, Reaching safepoint: 380400 ns, Cleanup: 9300 ns, At safepoint: 73100 ns, Total: 462800 ns
[2025-06-18T00:00:27.019+0300][12872][20980][debug][safepoint] ... found polling page loop exception at pc = 0x00000207273a3fbe, stub =0x0000020726d55280
[2025-06-18T00:00:27.019+0300][12872][11344][debug][safepoint] ... found polling page loop exception at pc = 0x000002072740bc2f, stub =0x0000020726d55b00
[2025-06-18T00:00:27.019+0300][12872][5460 ][debug][safepoint] ... found polling page loop exception at pc = 0x00000207273653e0, stub =0x0000020726d55280
[2025-06-18T00:00:27.019+0300][12872][15720][debug][safepoint] ... found polling page loop exception at pc = 0x00000207273653e0, stub =0x0000020726d55280
[2025-06-18T00:00:27.019+0300][12872][7240 ][debug][safepoint] ... found polling page loop exception at pc = 0x00000207273653e0, stub =0x0000020726d55280
[2025-06-18T00:00:27.019+0300][12872][7200 ][debug][safepoint] ... found polling page loop exception at pc = 0x00000207273e40d6, stub =0x0000020726d55280
[2025-06-18T00:00:27.019+0300][12872][17812][debug][safepoint] ... found polling page loop exception at pc = 0x00000207273f8903, stub =0x0000020726d55280
[2025-06-18T00:00:27.019+0300][12872][4836 ][debug][safepoint] ... found polling page loop exception at pc = 0x00000207273653e0, stub =0x0000020726d55280
[2025-06-18T00:00:27.021+0300][12872][5460 ][debug][safepoint] ... found polling page loop exception at pc = 0x00000207273653e0, stub =0x0000020726d55280
[2025-06-18T00:00:27.021+0300][12872][11344][debug][safepoint] ... found polling page loop exception at pc = 0x00000207273653e0, stub =0x0000020726d55280
[2025-06-18T00:00:27.021+0300][12872][7200 ][debug][safepoint] ... found polling page loop exception at pc = 0x00000207274e7f5b, stub =0x0000020726d55280
[2025-06-18T00:00:27.021+0300][12872][4836 ][debug][safepoint] ... found polling page loop exception at pc = 0x00000207273653e0, stub =0x0000020726d55280
[2025-06-18T00:00:27.021+0300][12872][15720][debug][safepoint] ... found polling page loop exception at pc = 0x00000207273653e0, stub =0x0000020726d55280
[2025-06-18T00:00:27.021+0300][12872][20980][debug][safepoint] ... found polling page loop exception at pc = 0x00000207273653e0, stub =0x0000020726d55280
[2025-06-18T00:00:27.021+0300][12872][7240 ][debug][safepoint] ... found polling page loop exception at pc = 0x000002072736408e, stub =0x0000020726d55b00
[2025-06-18T00:00:27.021+0300][12872][17812][debug][safepoint] ... found polling page loop exception at pc = 0x00000207273653e0, stub =0x0000020726d55280
[2025-06-18T00:00:27.021+0300][12872][20980][debug][safepoint] ... found polling page loop exception at pc = 0x0000020727356360, stub =0x0000020726d55b00
[2025-06-18T00:00:27.021+0300][12872][5460 ][debug][safepoint] ... found polling page loop exception at pc = 0x00000207273653e0, stub =0x0000020726d55280
[2025-06-18T00:00:27.023+0300][12872][7200 ][debug][safepoint] ... found polling page loop exception at pc = 0x00000207274e7f5b, stub =0x0000020726d55280
[2025-06-18T00:00:27.037+0300][12872][18160][info ][gc,phases] GC(47) Concurrent Mark 31.188ms
[2025-06-18T00:00:27.037+0300][12872][20264][debug][safepoint] Safepoint synchronization initiated using striped semaphore wait barrier. (19 threads)
[2025-06-18T00:00:27.037+0300][12872][20980][debug][safepoint] ... found polling page loop exception at pc = 0x00000207273653e0, stub =0x0000020726d55280
[2025-06-18T00:00:27.037+0300][12872][11344][debug][safepoint] ... found polling page loop exception at pc = 0x000002072740bc2f, stub =0x0000020726d55b00
[2025-06-18T00:00:27.037+0300][12872][15720][debug][safepoint] ... found polling page loop exception at pc = 0x00000207273653e0, stub =0x0000020726d55280
[2025-06-18T00:00:27.037+0300][12872][7200 ][debug][safepoint] ... found polling page loop exception at pc = 0x00000207273564c6, stub =0x0000020726d55b00
[2025-06-18T00:00:27.037+0300][12872][17812][debug][safepoint] ... found polling page loop exception at pc = 0x000002072736408e, stub =0x0000020726d55b00
[2025-06-18T00:00:27.037+0300][12872][20264][info ][gc,phases] GC(47) Pause Mark End 0.019ms
[2025-06-18T00:00:27.037+0300][12872][20264][info ][safepoint] Safepoint "XMarkEnd", Time since last: 31309900 ns, Reaching safepoint: 372000 ns, Cleanup: 7500 ns, At safepoint: 106100 ns, Total: 485600 ns
[2025-06-18T00:00:27.037+0300][12872][18160][info ][gc,phases] GC(47) Concurrent Mark Free 0.001ms
[2025-06-18T00:00:27.037+0300][12872][18160][debug][gc,phases] GC(47) Concurrent References Process 0.192ms
[2025-06-18T00:00:27.037+0300][12872][18160][debug][gc,phases] GC(47) ClassLoaderData 0.018ms
[2025-06-18T00:00:27.037+0300][12872][18160][debug][gc,phases] GC(47) Trigger cleanups 0.001ms
[2025-06-18T00:00:27.043+0300][12872][18160][debug][gc,phases] GC(47) Concurrent Classes Unlink 5.420ms
[2025-06-18T00:00:27.043+0300][12872][7200 ][debug][safepoint] ... found polling page loop exception at pc = 0x00000207274a8bc0, stub =0x0000020726d55b00
[2025-06-18T00:00:27.043+0300][12872][5460 ][debug][safepoint] ... found polling page loop exception at pc = 0x0000020727356360, stub =0x0000020726d55b00
[2025-06-18T00:00:27.043+0300][12872][15720][debug][safepoint] ... found polling page loop exception at pc = 0x00000207273653e0, stub =0x0000020726d55280
[2025-06-18T00:00:27.043+0300][12872][20980][debug][safepoint] ... found polling page loop exception at pc = 0x00000207273653e0, stub =0x0000020726d55280
[2025-06-18T00:00:27.043+0300][12872][17812][debug][safepoint] ... found polling page loop exception at pc = 0x00000207273653e0, stub =0x0000020726d55280
[2025-06-18T00:00:27.045+0300][12872][18160][debug][gc,phases] GC(47) Concurrent Classes Purge 0.011ms
[2025-06-18T00:00:27.045+0300][12872][18160][debug][gc,phases] GC(47) Concurrent References Enqueue 0.008ms
[2025-06-18T00:00:27.045+0300][12872][18160][info ][gc,phases] GC(47) Concurrent Process Non-Strong References 8.951ms
[2025-06-18T00:00:27.045+0300][12872][18160][info ][gc,phases] GC(47) Concurrent Reset Relocation Set 0.006ms
[2025-06-18T00:00:27.049+0300][12872][18160][info ][gc,phases] GC(47) Concurrent Select Relocation Set 2.776ms
[2025-06-18T00:00:27.049+0300][12872][20264][debug][safepoint] Safepoint synchronization initiated using striped semaphore wait barrier. (19 threads)
[2025-06-18T00:00:27.049+0300][12872][17812][debug][safepoint] ... found polling page loop exception at pc = 0x00000207273653e0, stub =0x0000020726d55280
[2025-06-18T00:00:27.049+0300][12872][7200 ][debug][safepoint] ... found polling page loop exception at pc = 0x00000207273653e0, stub =0x0000020726d55280
[2025-06-18T00:00:27.049+0300][12872][7240 ][debug][safepoint] ... found polling page loop exception at pc = 0x00000207273653e0, stub =0x0000020726d55280
[2025-06-18T00:00:27.049+0300][12872][5460 ][debug][safepoint] ... found polling page loop exception at pc = 0x00000207273653e0, stub =0x0000020726d55280
[2025-06-18T00:00:27.049+0300][12872][4836 ][debug][safepoint] ... found polling page loop exception at pc = 0x00000207273653e0, stub =0x0000020726d55280
[2025-06-18T00:00:27.049+0300][12872][20980][debug][safepoint] ... found polling page loop exception at pc = 0x00000207273653e0, stub =0x0000020726d55280
[2025-06-18T00:00:27.049+0300][12872][20264][info ][gc,phases] GC(47) Pause Relocate Start 0.009ms
[2025-06-18T00:00:27.049+0300][12872][20264][info ][safepoint] Safepoint "XRelocateStart", Time since last: 11935400 ns, Reaching safepoint: 343300 ns, Cleanup: 5200 ns, At safepoint: 71900 ns, Total: 420400 ns
[2025-06-18T00:00:27.049+0300][12872][18160][info ][gc,phases] GC(47) Concurrent Relocate 1.669ms
[2025-06-18T00:00:27.051+0300][12872][18160][debug][gc,heap  ] GC(47) Heap after GC invocations=48 (full 48):
[2025-06-18T00:00:27.051+0300][12872][18160][debug][gc,heap  ] GC(47)  ZHeap           used 172M, capacity 2048M, max capacity 2048M
[2025-06-18T00:00:27.051+0300][12872][18160][debug][gc,heap  ] GC(47)  Metaspace       used 8706K, committed 9664K, reserved 1114112K
[2025-06-18T00:00:27.051+0300][12872][18160][debug][gc,heap  ] GC(47)   class space    used 875K, committed 1280K, reserved 1048576K
[2025-06-18T00:00:27.051+0300][12872][18160][info ][gc,heap  ] GC(47) Min Capacity: 2048M(100%)
[2025-06-18T00:00:27.051+0300][12872][18160][info ][gc,heap  ] GC(47) Max Capacity: 2048M(100%)
[2025-06-18T00:00:27.051+0300][12872][18160][info ][gc,heap  ] GC(47) Soft Max Capacity: 2048M(100%)
[2025-06-18T00:00:27.051+0300][12872][18160][info ][gc,heap  ] GC(47)                Mark Start          Mark End        Relocate Start      Relocate End           High               Low         
[2025-06-18T00:00:27.051+0300][12872][18160][info ][gc,heap  ] GC(47)  Capacity:     2048M (100%)       2048M (100%)       2048M (100%)       2048M (100%)       2048M (100%)       2048M (100%)   
[2025-06-18T00:00:27.051+0300][12872][18160][info ][gc,heap  ] GC(47)      Free:      676M (33%)         584M (29%)        1620M (79%)        1876M (92%)        1876M (92%)         558M (27%)    
[2025-06-18T00:00:27.051+0300][12872][18160][info ][gc,heap  ] GC(47)      Used:     1372M (67%)        1464M (71%)         428M (21%)         172M (8%)         1490M (73%)         172M (8%)     
[2025-06-18T00:00:27.051+0300][12872][18160][info ][gc,heap  ] GC(47)      Live:         -                11M (1%)           11M (1%)           11M (1%)             -                  -          
[2025-06-18T00:00:27.051+0300][12872][18160][info ][gc,heap  ] GC(47) Allocated:         -                92M (4%)          126M (6%)          133M (7%)             -                  -          
[2025-06-18T00:00:27.051+0300][12872][18160][info ][gc,heap  ] GC(47)   Garbage:         -              1360M (66%)         290M (14%)          27M (1%)             -                  -          
[2025-06-18T00:00:27.051+0300][12872][18160][info ][gc,heap  ] GC(47) Reclaimed:         -                  -              1070M (52%)        1333M (65%)            -                  -          
[2025-06-18T00:00:27.051+0300][12872][18160][info ][gc       ] GC(47) Garbage Collection (Allocation Rate) 1372M(67%)->172M(8%)
[2025-06-18T00:00:27.400+0300][12872][18160][debug][gc,heap  ] GC(48) Heap before GC invocations=48 (full 48):
[2025-06-18T00:00:27.400+0300][12872][18160][debug][gc,heap  ] GC(48)  ZHeap           used 1270M, capacity 2048M, max capacity 2048M
[2025-06-18T00:00:27.400+0300][12872][18160][debug][gc,heap  ] GC(48)  Metaspace       used 8706K, committed 9664K, reserved 1114112K
[2025-06-18T00:00:27.400+0300][12872][18160][debug][gc,heap  ] GC(48)   class space    used 875K, committed 1280K, reserved 1048576K
[2025-06-18T00:00:27.400+0300][12872][20264][debug][safepoint] Safepoint synchronization initiated using striped semaphore wait barrier. (19 threads)
[2025-06-18T00:00:27.400+0300][12872][20980][debug][safepoint] ... found polling page loop exception at pc = 0x00000207273653e0, stub =0x0000020726d55280
[2025-06-18T00:00:27.400+0300][12872][11344][debug][safepoint] ... found polling page loop exception at pc = 0x00000207273b127c, stub =0x0000020726d55b00
[2025-06-18T00:00:27.400+0300][12872][5460 ][debug][safepoint] ... found polling page loop exception at pc = 0x00000207273653e0, stub =0x0000020726d55280
[2025-06-18T00:00:27.400+0300][12872][15720][debug][safepoint] ... found polling page loop exception at pc = 0x00000207273653e0, stub =0x0000020726d55280
[2025-06-18T00:00:27.400+0300][12872][7200 ][debug][safepoint] ... found polling page loop exception at pc = 0x00000207273653e0, stub =0x0000020726d55280
[2025-06-18T00:00:27.400+0300][12872][20264][info ][gc,phases] GC(48) Pause Mark Start 0.012ms
[2025-06-18T00:00:27.400+0300][12872][20264][info ][safepoint] Safepoint "XMarkStart", Time since last: 350406000 ns, Reaching safepoint: 316600 ns, Cleanup: 8100 ns, At safepoint: 83600 ns, Total: 408300 ns
[2025-06-18T00:00:27.413+0300][12872][20980][debug][safepoint] ... found polling page loop exception at pc = 0x00000207273653e0, stub =0x0000020726d55280
[2025-06-18T00:00:27.413+0300][12872][5460 ][debug][safepoint] ... found polling page loop exception at pc = 0x00000207273653e0, stub =0x0000020726d55280
[2025-06-18T00:00:27.413+0300][12872][7200 ][debug][safepoint] ... found polling page loop exception at pc = 0x00000207273653e0, stub =0x0000020726d55280
[2025-06-18T00:00:27.413+0300][12872][15720][debug][safepoint] ... found polling page loop exception at pc = 0x000002072738c351, stub =0x0000020726d55b00
[2025-06-18T00:00:27.413+0300][12872][17812][debug][safepoint] ... found polling page loop exception at pc = 0x00000207273653e0, stub =0x0000020726d55280
[2025-06-18T00:00:27.413+0300][12872][4836 ][debug][safepoint] ... found polling page loop exception at pc = 0x0000020727386205, stub =0x0000020726d55b00
[2025-06-18T00:00:27.413+0300][12872][11344][debug][safepoint] ... found polling page loop exception at pc = 0x000002072735d04c, stub =0x0000020726d55b00
[2025-06-18T00:00:27.413+0300][12872][7240 ][debug][safepoint] ... found polling page loop exception at pc = 0x0000020727356360, stub =0x0000020726d55b00
[2025-06-18T00:00:27.420+0300][12872][7200 ][debug][safepoint] ... found polling page loop exception at pc = 0x000002072736408e, stub =0x0000020726d55b00
[2025-06-18T00:00:27.420+0300][12872][7240 ][debug][safepoint] ... found polling page loop exception at pc = 0x00000207273f8745, stub =0x0000020726d55280
[2025-06-18T00:00:27.420+0300][12872][5460 ][debug][safepoint] ... found polling page loop exception at pc = 0x000002072735d04c, stub =0x0000020726d55b00
[2025-06-18T00:00:27.420+0300][12872][4836 ][debug][safepoint] ... found polling page loop exception at pc = 0x000002072744aa1e, stub =0x0000020726d55b00
[2025-06-18T00:00:27.420+0300][12872][11344][debug][safepoint] ... found polling page loop exception at pc = 0x00000207273653e0, stub =0x0000020726d55280
[2025-06-18T00:00:27.420+0300][12872][20980][debug][safepoint] ... found polling page loop exception at pc = 0x00000207273653e0, stub =0x0000020726d55280
[2025-06-18T00:00:27.420+0300][12872][15720][debug][safepoint] ... found polling page loop exception at pc = 0x00000207273653e0, stub =0x0000020726d55280
[2025-06-18T00:00:27.420+0300][12872][17812][debug][safepoint] ... found polling page loop exception at pc = 0x00000207273653e0, stub =0x0000020726d55280
[2025-06-18T00:00:27.432+0300][12872][15720][debug][safepoint] ... found polling page loop exception at pc = 0x00000207273653e0, stub =0x0000020726d55280
[2025-06-18T00:00:27.432+0300][12872][4836 ][debug][safepoint] ... found polling page loop exception at pc = 0x000002072736408e, stub =0x0000020726d55b00
[2025-06-18T00:00:27.432+0300][12872][20980][debug][safepoint] ... found polling page loop exception at pc = 0x000002072736408e, stub =0x0000020726d55b00
[2025-06-18T00:00:27.432+0300][12872][17812][debug][safepoint] ... found polling page loop exception at pc = 0x000002072735d04c, stub =0x0000020726d55b00
[2025-06-18T00:00:27.432+0300][12872][7200 ][debug][safepoint] ... found polling page loop exception at pc = 0x00000207273653e0, stub =0x0000020726d55280
[2025-06-18T00:00:27.432+0300][12872][7240 ][debug][safepoint] ... found polling page loop exception at pc = 0x00000207273653e0, stub =0x0000020726d55280
[2025-06-18T00:00:27.432+0300][12872][11344][debug][safepoint] ... found polling page loop exception at pc = 0x00000207273768c0, stub =0x0000020726d55b00
[2025-06-18T00:00:27.447+0300][12872][18160][info ][gc,phases] GC(48) Concurrent Mark 47.055ms
[2025-06-18T00:00:27.447+0300][12872][20264][debug][safepoint] Safepoint synchronization initiated using striped semaphore wait barrier. (19 threads)
[2025-06-18T00:00:27.447+0300][12872][11344][debug][safepoint] ... found polling page loop exception at pc = 0x00000207273653e0, stub =0x0000020726d55280
[2025-06-18T00:00:27.447+0300][12872][20980][debug][safepoint] ... found polling page loop exception at pc = 0x00000207273653e0, stub =0x0000020726d55280
[2025-06-18T00:00:27.447+0300][12872][7200 ][debug][safepoint] ... found polling page loop exception at pc = 0x00000207273653e0, stub =0x0000020726d55280
[2025-06-18T00:00:27.447+0300][12872][7240 ][debug][safepoint] ... found polling page loop exception at pc = 0x00000207273653e0, stub =0x0000020726d55280
[2025-06-18T00:00:27.447+0300][12872][5460 ][debug][safepoint] ... found polling page loop exception at pc = 0x00000207273653e0, stub =0x0000020726d55280
[2025-06-18T00:00:27.447+0300][12872][20264][info ][gc,phases] GC(48) Pause Mark End 0.019ms
[2025-06-18T00:00:27.447+0300][12872][20264][info ][safepoint] Safepoint "XMarkEnd", Time since last: 47208300 ns, Reaching safepoint: 367300 ns, Cleanup: 6100 ns, At safepoint: 87700 ns, Total: 461100 ns
[2025-06-18T00:00:27.447+0300][12872][18160][info ][gc,phases] GC(48) Concurrent Mark Free 0.001ms
[2025-06-18T00:00:27.447+0300][12872][18160][debug][gc,phases] GC(48) Concurrent References Process 0.192ms
[2025-06-18T00:00:27.447+0300][12872][18160][debug][gc,phases] GC(48) ClassLoaderData 0.019ms
[2025-06-18T00:00:27.447+0300][12872][18160][debug][gc,phases] GC(48) Trigger cleanups 0.001ms
[2025-06-18T00:00:27.454+0300][12872][18160][debug][gc,phases] GC(48) Concurrent Classes Unlink 5.363ms
[2025-06-18T00:00:27.454+0300][12872][5460 ][debug][safepoint] ... found polling page loop exception at pc = 0x00000207273653e0, stub =0x0000020726d55280
[2025-06-18T00:00:27.454+0300][12872][4836 ][debug][safepoint] ... found polling page loop exception at pc = 0x00000207273653e0, stub =0x0000020726d55280
[2025-06-18T00:00:27.454+0300][12872][17812][debug][safepoint] ... found polling page loop exception at pc = 0x000002072736408e, stub =0x0000020726d55b00
[2025-06-18T00:00:27.454+0300][12872][15720][debug][safepoint] ... found polling page loop exception at pc = 0x00000207273653e0, stub =0x0000020726d55280
[2025-06-18T00:00:27.454+0300][12872][20980][debug][safepoint] ... found polling page loop exception at pc = 0x00000207273653e0, stub =0x0000020726d55280
[2025-06-18T00:00:27.454+0300][12872][7240 ][debug][safepoint] ... found polling page loop exception at pc = 0x00000207273653e0, stub =0x0000020726d55280
[2025-06-18T00:00:27.455+0300][12872][18160][debug][gc,phases] GC(48) Concurrent Classes Purge 0.026ms
[2025-06-18T00:00:27.455+0300][12872][18160][debug][gc,phases] GC(48) Concurrent References Enqueue 0.008ms
[2025-06-18T00:00:27.455+0300][12872][18160][info ][gc,phases] GC(48) Concurrent Process Non-Strong References 7.219ms
[2025-06-18T00:00:27.455+0300][12872][18160][info ][gc,phases] GC(48) Concurrent Reset Relocation Set 0.009ms
[2025-06-18T00:00:27.457+0300][12872][18160][info ][gc,phases] GC(48) Concurrent Select Relocation Set 2.602ms
[2025-06-18T00:00:27.457+0300][12872][20264][debug][safepoint] Safepoint synchronization initiated using striped semaphore wait barrier. (19 threads)
[2025-06-18T00:00:27.457+0300][12872][7200 ][debug][safepoint] ... found polling page loop exception at pc = 0x00000207273653e0, stub =0x0000020726d55280
[2025-06-18T00:00:27.457+0300][12872][20980][debug][safepoint] ... found polling page loop exception at pc = 0x00000207273653e0, stub =0x0000020726d55280
[2025-06-18T00:00:27.457+0300][12872][4836 ][debug][safepoint] ... found polling page loop exception at pc = 0x00000207273653e0, stub =0x0000020726d55280
[2025-06-18T00:00:27.457+0300][12872][7240 ][debug][safepoint] ... found polling page loop exception at pc = 0x00000207273653e0, stub =0x0000020726d55280
[2025-06-18T00:00:27.457+0300][12872][11344][debug][safepoint] ... found polling page loop exception at pc = 0x00000207273653e0, stub =0x0000020726d55280
[2025-06-18T00:00:27.457+0300][12872][20264][info ][gc,phases] GC(48) Pause Relocate Start 0.009ms
[2025-06-18T00:00:27.457+0300][12872][20264][info ][safepoint] Safepoint "XRelocateStart", Time since last: 10008100 ns, Reaching safepoint: 322800 ns, Cleanup: 4900 ns, At safepoint: 67400 ns, Total: 395100 ns
[2025-06-18T00:00:27.460+0300][12872][18160][info ][gc,phases] GC(48) Concurrent Relocate 1.618ms
[2025-06-18T00:00:27.460+0300][12872][18160][debug][gc,heap  ] GC(48) Heap after GC invocations=49 (full 49):
[2025-06-18T00:00:27.460+0300][12872][18160][debug][gc,heap  ] GC(48)  ZHeap           used 220M, capacity 2048M, max capacity 2048M
[2025-06-18T00:00:27.460+0300][12872][18160][debug][gc,heap  ] GC(48)  Metaspace       used 8706K, committed 9664K, reserved 1114112K
[2025-06-18T00:00:27.460+0300][12872][18160][debug][gc,heap  ] GC(48)   class space    used 875K, committed 1280K, reserved 1048576K
[2025-06-18T00:00:27.460+0300][12872][18160][info ][gc,heap  ] GC(48) Min Capacity: 2048M(100%)
[2025-06-18T00:00:27.460+0300][12872][18160][info ][gc,heap  ] GC(48) Max Capacity: 2048M(100%)
[2025-06-18T00:00:27.460+0300][12872][18160][info ][gc,heap  ] GC(48) Soft Max Capacity: 2048M(100%)
[2025-06-18T00:00:27.460+0300][12872][18160][info ][gc,heap  ] GC(48)                Mark Start          Mark End        Relocate Start      Relocate End           High               Low         
[2025-06-18T00:00:27.460+0300][12872][18160][info ][gc,heap  ] GC(48)  Capacity:     2048M (100%)       2048M (100%)       2048M (100%)       2048M (100%)       2048M (100%)       2048M (100%)   
[2025-06-18T00:00:27.460+0300][12872][18160][info ][gc,heap  ] GC(48)      Free:      778M (38%)         636M (31%)        1598M (78%)        1830M (89%)        1830M (89%)         608M (30%)    
[2025-06-18T00:00:27.460+0300][12872][18160][info ][gc,heap  ] GC(48)      Used:     1270M (62%)        1412M (69%)         450M (22%)         218M (11%)        1440M (70%)         218M (11%)    
[2025-06-18T00:00:27.460+0300][12872][18160][info ][gc,heap  ] GC(48)      Live:         -                11M (1%)           11M (1%)           11M (1%)             -                  -          
[2025-06-18T00:00:27.460+0300][12872][18160][info ][gc,heap  ] GC(48) Allocated:         -               142M (7%)          170M (8%)          179M (9%)             -                  -          
[2025-06-18T00:00:27.460+0300][12872][18160][info ][gc,heap  ] GC(48)   Garbage:         -              1258M (61%)         268M (13%)          27M (1%)             -                  -          
[2025-06-18T00:00:27.460+0300][12872][18160][info ][gc,heap  ] GC(48) Reclaimed:         -                  -               990M (48%)        1231M (60%)            -                  -          
[2025-06-18T00:00:27.460+0300][12872][18160][info ][gc       ] GC(48) Garbage Collection (Allocation Rate) 1270M(62%)->218M(11%)
[2025-06-18T00:00:27.906+0300][12872][18160][debug][gc,heap  ] GC(49) Heap before GC invocations=49 (full 49):
[2025-06-18T00:00:27.906+0300][12872][18160][debug][gc,heap  ] GC(49)  ZHeap           used 1468M, capacity 2048M, max capacity 2048M
[2025-06-18T00:00:27.906+0300][12872][18160][debug][gc,heap  ] GC(49)  Metaspace       used 8706K, committed 9664K, reserved 1114112K
[2025-06-18T00:00:27.906+0300][12872][18160][debug][gc,heap  ] GC(49)   class space    used 875K, committed 1280K, reserved 1048576K
[2025-06-18T00:00:27.906+0300][12872][20264][debug][safepoint] Safepoint synchronization initiated using striped semaphore wait barrier. (19 threads)
[2025-06-18T00:00:27.906+0300][12872][7200 ][debug][safepoint] ... found polling page loop exception at pc = 0x00000207273653e0, stub =0x0000020726d55280
[2025-06-18T00:00:27.906+0300][12872][4836 ][debug][safepoint] ... found polling page loop exception at pc = 0x00000207273653e0, stub =0x0000020726d55280
[2025-06-18T00:00:27.906+0300][12872][11344][debug][safepoint] ... found polling page loop exception at pc = 0x00000207273f8745, stub =0x0000020726d55280
[2025-06-18T00:00:27.906+0300][12872][17812][debug][safepoint] ... found polling page loop exception at pc = 0x0000020727356360, stub =0x0000020726d55b00
[2025-06-18T00:00:27.906+0300][12872][20980][debug][safepoint] ... found polling page loop exception at pc = 0x00000207273653e0, stub =0x0000020726d55280
[2025-06-18T00:00:27.906+0300][12872][15720][debug][safepoint] ... found polling page loop exception at pc = 0x0000020727356360, stub =0x0000020726d55b00
[2025-06-18T00:00:27.906+0300][12872][5460 ][debug][safepoint] ... found polling page loop exception at pc = 0x00000207274e7f5b, stub =0x0000020726d55280
[2025-06-18T00:00:27.906+0300][12872][20264][info ][gc,phases] GC(49) Pause Mark Start 0.010ms
[2025-06-18T00:00:27.906+0300][12872][20264][info ][safepoint] Safepoint "XMarkStart", Time since last: 447956900 ns, Reaching safepoint: 496100 ns, Cleanup: 7800 ns, At safepoint: 98700 ns, Total: 602600 ns
[2025-06-18T00:00:27.926+0300][12872][11344][debug][safepoint] ... found polling page loop exception at pc = 0x00000207273a3d3c, stub =0x0000020726d55280
[2025-06-18T00:00:27.926+0300][12872][7200 ][debug][safepoint] ... found polling page loop exception at pc = 0x000002072737074b, stub =0x0000020726d55b00
[2025-06-18T00:00:27.926+0300][12872][7240 ][debug][safepoint] ... found polling page loop exception at pc = 0x000002072737074b, stub =0x0000020726d55b00
[2025-06-18T00:00:27.926+0300][12872][4836 ][debug][safepoint] ... found polling page loop exception at pc = 0x00000207274e762c, stub =0x0000020726d55280
[2025-06-18T00:00:27.926+0300][12872][17812][debug][safepoint] ... found polling page loop exception at pc = 0x00000207273564c6, stub =0x0000020726d55b00
[2025-06-18T00:00:27.954+0300][12872][11344][debug][safepoint] ... found polling page loop exception at pc = 0x00000207273653e0, stub =0x0000020726d55280
[2025-06-18T00:00:27.954+0300][12872][5460 ][debug][safepoint] ... found polling page loop exception at pc = 0x000002072735d04c, stub =0x0000020726d55b00
[2025-06-18T00:00:27.954+0300][12872][4836 ][debug][safepoint] ... found polling page loop exception at pc = 0x00000207273653e0, stub =0x0000020726d55280
[2025-06-18T00:00:27.954+0300][12872][20980][debug][safepoint] ... found polling page loop exception at pc = 0x00000207273653e0, stub =0x0000020726d55280
[2025-06-18T00:00:27.954+0300][12872][7200 ][debug][safepoint] ... found polling page loop exception at pc = 0x00000207273653e0, stub =0x0000020726d55280
[2025-06-18T00:00:27.954+0300][12872][17812][debug][safepoint] ... found polling page loop exception at pc = 0x00000207273653e0, stub =0x0000020726d55280
[2025-06-18T00:00:27.956+0300][12872][20980][debug][safepoint] ... found polling page loop exception at pc = 0x00000207273653e0, stub =0x0000020726d55280
[2025-06-18T00:00:27.956+0300][12872][15720][debug][safepoint] ... found polling page loop exception at pc = 0x00000207273517fb, stub =0x0000020726d55280
[2025-06-18T00:00:27.956+0300][12872][4836 ][debug][safepoint] ... found polling page loop exception at pc = 0x00000207273517fb, stub =0x0000020726d55280
[2025-06-18T00:00:27.956+0300][12872][5460 ][debug][safepoint] ... found polling page loop exception at pc = 0x00000207273653e0, stub =0x0000020726d55280
[2025-06-18T00:00:27.956+0300][12872][7240 ][debug][safepoint] ... found polling page loop exception at pc = 0x000002072745bd75, stub =0x0000020726d55b00
[2025-06-18T00:00:27.958+0300][12872][17812][debug][safepoint] ... found polling page loop exception at pc = 0x000002072736408e, stub =0x0000020726d55b00
[2025-06-18T00:00:27.958+0300][12872][4836 ][debug][safepoint] ... found polling page loop exception at pc = 0x000002072736408e, stub =0x0000020726d55b00
[2025-06-18T00:00:27.958+0300][12872][20980][debug][safepoint] ... found polling page loop exception at pc = 0x00000207273564c6, stub =0x0000020726d55b00
[2025-06-18T00:00:27.958+0300][12872][5460 ][debug][safepoint] ... found polling page loop exception at pc = 0x00000207273564c6, stub =0x0000020726d55b00
[2025-06-18T00:00:27.958+0300][12872][7240 ][debug][safepoint] ... found polling page loop exception at pc = 0x00000207274e7f5b, stub =0x0000020726d55280
[2025-06-18T00:00:27.958+0300][12872][18160][info ][gc,phases] GC(49) Concurrent Mark 49.067ms
[2025-06-18T00:00:27.958+0300][12872][20264][debug][safepoint] Safepoint synchronization initiated using striped semaphore wait barrier. (19 threads)
[2025-06-18T00:00:27.958+0300][12872][7240 ][debug][safepoint] ... found polling page loop exception at pc = 0x00000207273653e0, stub =0x0000020726d55280
[2025-06-18T00:00:27.958+0300][12872][20980][debug][safepoint] ... found polling page loop exception at pc = 0x00000207273653e0, stub =0x0000020726d55280
[2025-06-18T00:00:27.958+0300][12872][15720][debug][safepoint] ... found polling page loop exception at pc = 0x00000207273653e0, stub =0x0000020726d55280
[2025-06-18T00:00:27.958+0300][12872][17812][debug][safepoint] ... found polling page loop exception at pc = 0x00000207273653e0, stub =0x0000020726d55280
[2025-06-18T00:00:27.958+0300][12872][5460 ][debug][safepoint] ... found polling page loop exception at pc = 0x00000207273ecfdf, stub =0x0000020726d55280
[2025-06-18T00:00:27.958+0300][12872][11344][debug][safepoint] ... found polling page loop exception at pc = 0x00000207274e762c, stub =0x0000020726d55280
[2025-06-18T00:00:27.958+0300][12872][7200 ][debug][safepoint] ... found polling page loop exception at pc = 0x00000207273653e0, stub =0x0000020726d55280
[2025-06-18T00:00:27.958+0300][12872][20264][info ][gc,phases] GC(49) Pause Mark End 0.019ms
[2025-06-18T00:00:27.958+0300][12872][20264][info ][safepoint] Safepoint "XMarkEnd", Time since last: 51890700 ns, Reaching safepoint: 349300 ns, Cleanup: 12500 ns, At safepoint: 95300 ns, Total: 457100 ns
[2025-06-18T00:00:27.958+0300][12872][18160][info ][gc,phases] GC(49) Concurrent Mark Free 0.001ms
[2025-06-18T00:00:27.958+0300][12872][18160][debug][gc,phases] GC(49) Concurrent References Process 0.199ms
[2025-06-18T00:00:27.958+0300][12872][18160][debug][gc,phases] GC(49) ClassLoaderData 0.018ms
[2025-06-18T00:00:27.958+0300][12872][18160][debug][gc,phases] GC(49) Trigger cleanups 0.001ms
[2025-06-18T00:00:27.965+0300][12872][18160][debug][gc,phases] GC(49) Concurrent Classes Unlink 5.814ms
[2025-06-18T00:00:27.965+0300][12872][7240 ][debug][safepoint] ... found polling page loop exception at pc = 0x00000207273653e0, stub =0x0000020726d55280
[2025-06-18T00:00:27.965+0300][12872][11344][debug][safepoint] ... found polling page loop exception at pc = 0x000002072736581d, stub =0x0000020726d55280
[2025-06-18T00:00:27.965+0300][12872][15720][debug][safepoint] ... found polling page loop exception at pc = 0x00000207273653e0, stub =0x0000020726d55280
[2025-06-18T00:00:27.965+0300][12872][5460 ][debug][safepoint] ... found polling page loop exception at pc = 0x00000207273653e0, stub =0x0000020726d55280
[2025-06-18T00:00:27.965+0300][12872][4836 ][debug][safepoint] ... found polling page loop exception at pc = 0x000002072736408e, stub =0x0000020726d55b00
[2025-06-18T00:00:27.965+0300][12872][17812][debug][safepoint] ... found polling page loop exception at pc = 0x00000207273653e0, stub =0x0000020726d55280
[2025-06-18T00:00:27.969+0300][12872][18160][debug][gc,phases] GC(49) Concurrent Classes Purge 0.032ms
[2025-06-18T00:00:27.969+0300][12872][18160][debug][gc,phases] GC(49) Concurrent References Enqueue 0.008ms
[2025-06-18T00:00:27.969+0300][12872][18160][info ][gc,phases] GC(49) Concurrent Process Non-Strong References 9.938ms
[2025-06-18T00:00:27.969+0300][12872][18160][info ][gc,phases] GC(49) Concurrent Reset Relocation Set 0.009ms
[2025-06-18T00:00:27.971+0300][12872][18160][info ][gc,phases] GC(49) Concurrent Select Relocation Set 2.723ms
[2025-06-18T00:00:27.971+0300][12872][20264][debug][safepoint] Safepoint synchronization initiated using striped semaphore wait barrier. (19 threads)
[2025-06-18T00:00:27.971+0300][12872][11344][debug][safepoint] ... found polling page loop exception at pc = 0x00000207273653e0, stub =0x0000020726d55280
[2025-06-18T00:00:27.971+0300][12872][4836 ][debug][safepoint] ... found polling page loop exception at pc = 0x00000207273653e0, stub =0x0000020726d55280
[2025-06-18T00:00:27.971+0300][12872][5460 ][debug][safepoint] ... found polling page loop exception at pc = 0x000002072738c351, stub =0x0000020726d55b00
[2025-06-18T00:00:27.971+0300][12872][15720][debug][safepoint] ... found polling page loop exception at pc = 0x00000207273653e0, stub =0x0000020726d55280
[2025-06-18T00:00:27.971+0300][12872][20264][info ][gc,phases] GC(49) Pause Relocate Start 0.009ms
[2025-06-18T00:00:27.971+0300][12872][20264][info ][safepoint] Safepoint "XRelocateStart", Time since last: 12866000 ns, Reaching safepoint: 289500 ns, Cleanup: 4900 ns, At safepoint: 64300 ns, Total: 358700 ns
[2025-06-18T00:00:27.974+0300][12872][18160][info ][gc,phases] GC(49) Concurrent Relocate 1.716ms
[2025-06-18T00:00:27.974+0300][12872][18160][debug][gc,heap  ] GC(49) Heap after GC invocations=50 (full 50):
[2025-06-18T00:00:27.974+0300][12872][18160][debug][gc,heap  ] GC(49)  ZHeap           used 224M, capacity 2048M, max capacity 2048M
[2025-06-18T00:00:27.974+0300][12872][18160][debug][gc,heap  ] GC(49)  Metaspace       used 8706K, committed 9664K, reserved 1114112K
[2025-06-18T00:00:27.974+0300][12872][18160][debug][gc,heap  ] GC(49)   class space    used 875K, committed 1280K, reserved 1048576K
[2025-06-18T00:00:27.974+0300][12872][18160][info ][gc,heap  ] GC(49) Min Capacity: 2048M(100%)
[2025-06-18T00:00:27.974+0300][12872][18160][info ][gc,heap  ] GC(49) Max Capacity: 2048M(100%)
[2025-06-18T00:00:27.974+0300][12872][18160][info ][gc,heap  ] GC(49) Soft Max Capacity: 2048M(100%)
[2025-06-18T00:00:27.974+0300][12872][18160][info ][gc,heap  ] GC(49)                Mark Start          Mark End        Relocate Start      Relocate End           High               Low         
[2025-06-18T00:00:27.974+0300][12872][18160][info ][gc,heap  ] GC(49)  Capacity:     2048M (100%)       2048M (100%)       2048M (100%)       2048M (100%)       2048M (100%)       2048M (100%)   
[2025-06-18T00:00:27.974+0300][12872][18160][info ][gc,heap  ] GC(49)      Free:      580M (28%)         432M (21%)        1548M (76%)        1824M (89%)        1824M (89%)         408M (20%)    
[2025-06-18T00:00:27.974+0300][12872][18160][info ][gc,heap  ] GC(49)      Used:     1468M (72%)        1616M (79%)         500M (24%)         224M (11%)        1640M (80%)         224M (11%)    
[2025-06-18T00:00:27.974+0300][12872][18160][info ][gc,heap  ] GC(49)      Live:         -                11M (1%)           11M (1%)           11M (1%)             -                  -          
[2025-06-18T00:00:27.974+0300][12872][18160][info ][gc,heap  ] GC(49) Allocated:         -               148M (7%)          182M (9%)          185M (9%)             -                  -          
[2025-06-18T00:00:27.974+0300][12872][18160][info ][gc,heap  ] GC(49)   Garbage:         -              1456M (71%)         306M (15%)          27M (1%)             -                  -          
[2025-06-18T00:00:27.974+0300][12872][18160][info ][gc,heap  ] GC(49) Reclaimed:         -                  -              1150M (56%)        1429M (70%)            -                  -          
[2025-06-18T00:00:27.974+0300][12872][18160][info ][gc       ] GC(49) Garbage Collection (Allocation Rate) 1468M(72%)->224M(11%)
[2025-06-18T00:00:28.412+0300][12872][18160][debug][gc,heap  ] GC(50) Heap before GC invocations=50 (full 50):
[2025-06-18T00:00:28.412+0300][12872][18160][debug][gc,heap  ] GC(50)  ZHeap           used 1660M, capacity 2048M, max capacity 2048M
[2025-06-18T00:00:28.412+0300][12872][18160][debug][gc,heap  ] GC(50)  Metaspace       used 8706K, committed 9664K, reserved 1114112K
[2025-06-18T00:00:28.412+0300][12872][18160][debug][gc,heap  ] GC(50)   class space    used 875K, committed 1280K, reserved 1048576K
[2025-06-18T00:00:28.412+0300][12872][20264][debug][safepoint] Safepoint synchronization initiated using striped semaphore wait barrier. (19 threads)
[2025-06-18T00:00:28.412+0300][12872][7200 ][debug][safepoint] ... found polling page loop exception at pc = 0x000002072738c351, stub =0x0000020726d55b00
[2025-06-18T00:00:28.412+0300][12872][4836 ][debug][safepoint] ... found polling page loop exception at pc = 0x00000207273653e0, stub =0x0000020726d55280
[2025-06-18T00:00:28.412+0300][12872][20980][debug][safepoint] ... found polling page loop exception at pc = 0x00000207273653e0, stub =0x0000020726d55280
[2025-06-18T00:00:28.412+0300][12872][15720][debug][safepoint] ... found polling page loop exception at pc = 0x00000207273653e0, stub =0x0000020726d55280
[2025-06-18T00:00:28.412+0300][12872][11344][debug][safepoint] ... found polling page loop exception at pc = 0x00000207273653e0, stub =0x0000020726d55280
[2025-06-18T00:00:28.412+0300][12872][5460 ][debug][safepoint] ... found polling page loop exception at pc = 0x00000207273653e0, stub =0x0000020726d55280
[2025-06-18T00:00:28.412+0300][12872][17812][debug][safepoint] ... found polling page loop exception at pc = 0x00000207273653e0, stub =0x0000020726d55280
[2025-06-18T00:00:28.412+0300][12872][20264][info ][gc,phases] GC(50) Pause Mark Start 0.009ms
[2025-06-18T00:00:28.412+0300][12872][20264][info ][safepoint] Safepoint "XMarkStart", Time since last: 439183000 ns, Reaching safepoint: 423000 ns, Cleanup: 11700 ns, At safepoint: 68300 ns, Total: 503000 ns
[2025-06-18T00:00:28.426+0300][12872][11344][debug][safepoint] ... found polling page loop exception at pc = 0x00000207273653e0, stub =0x0000020726d55280
[2025-06-18T00:00:28.426+0300][12872][15720][debug][safepoint] ... found polling page loop exception at pc = 0x00000207273564c6, stub =0x0000020726d55b00
[2025-06-18T00:00:28.426+0300][12872][4836 ][debug][safepoint] ... found polling page loop exception at pc = 0x00000207273653e0, stub =0x0000020726d55280
[2025-06-18T00:00:28.426+0300][12872][20980][debug][safepoint] ... found polling page loop exception at pc = 0x00000207273653e0, stub =0x0000020726d55280
[2025-06-18T00:00:28.426+0300][12872][7240 ][debug][safepoint] ... found polling page loop exception at pc = 0x00000207273653e0, stub =0x0000020726d55280
[2025-06-18T00:00:28.443+0300][12872][7200 ][debug][safepoint] ... found polling page loop exception at pc = 0x000002072735d04c, stub =0x0000020726d55b00
[2025-06-18T00:00:28.443+0300][12872][5460 ][debug][safepoint] ... found polling page loop exception at pc = 0x0000020727453c14, stub =0x0000020726d55b00
[2025-06-18T00:00:28.443+0300][12872][17812][debug][safepoint] ... found polling page loop exception at pc = 0x00000207273d3995, stub =0x0000020726d55b00
[2025-06-18T00:00:28.443+0300][12872][15720][debug][safepoint] ... found polling page loop exception at pc = 0x00000207273653e0, stub =0x0000020726d55280
[2025-06-18T00:00:28.443+0300][12872][4836 ][debug][safepoint] ... found polling page loop exception at pc = 0x00000207273653e0, stub =0x0000020726d55280
[2025-06-18T00:00:28.443+0300][12872][11344][debug][safepoint] ... found polling page loop exception at pc = 0x00000207273653e0, stub =0x0000020726d55280
[2025-06-18T00:00:28.443+0300][12872][11344][debug][safepoint] ... found polling page loop exception at pc = 0x00000207273653e0, stub =0x0000020726d55280
[2025-06-18T00:00:28.443+0300][12872][15720][debug][safepoint] ... found polling page loop exception at pc = 0x00000207273653e0, stub =0x0000020726d55280
[2025-06-18T00:00:28.443+0300][12872][5460 ][debug][safepoint] ... found polling page loop exception at pc = 0x00000207273653e0, stub =0x0000020726d55280
[2025-06-18T00:00:28.443+0300][12872][4836 ][debug][safepoint] ... found polling page loop exception at pc = 0x0000020727356360, stub =0x0000020726d55b00
[2025-06-18T00:00:28.443+0300][12872][7200 ][debug][safepoint] ... found polling page loop exception at pc = 0x000002072739444b, stub =0x0000020726d55280
[2025-06-18T00:00:28.443+0300][12872][20980][debug][safepoint] ... found polling page loop exception at pc = 0x00000207273653e0, stub =0x0000020726d55280
[2025-06-18T00:00:28.459+0300][12872][15720][debug][safepoint] ... found polling page loop exception at pc = 0x000002072736408e, stub =0x0000020726d55b00
[2025-06-18T00:00:28.459+0300][12872][7200 ][debug][safepoint] ... found polling page loop exception at pc = 0x00000207273653e0, stub =0x0000020726d55280
[2025-06-18T00:00:28.459+0300][12872][5460 ][debug][safepoint] ... found polling page loop exception at pc = 0x00000207273653e0, stub =0x0000020726d55280
[2025-06-18T00:00:28.465+0300][12872][11344][debug][safepoint] ... found polling page loop exception at pc = 0x00000207273564c6, stub =0x0000020726d55b00
[2025-06-18T00:00:28.475+0300][12872][7240 ][debug][safepoint] ... found polling page loop exception at pc = 0x00000207273653e0, stub =0x0000020726d55280
[2025-06-18T00:00:28.475+0300][12872][15720][debug][safepoint] ... found polling page loop exception at pc = 0x00000207273e9543, stub =0x0000020726d55280
[2025-06-18T00:00:28.475+0300][12872][11344][debug][safepoint] ... found polling page loop exception at pc = 0x00000207273653e0, stub =0x0000020726d55280
[2025-06-18T00:00:28.475+0300][12872][4836 ][debug][safepoint] ... found polling page loop exception at pc = 0x000002072737074b, stub =0x0000020726d55b00
[2025-06-18T00:00:28.475+0300][12872][20980][debug][safepoint] ... found polling page loop exception at pc = 0x00000207273564c6, stub =0x0000020726d55b00
[2025-06-18T00:00:28.475+0300][12872][7200 ][debug][safepoint] ... found polling page loop exception at pc = 0x000002072736408e, stub =0x0000020726d55b00
[2025-06-18T00:00:28.475+0300][12872][11344][debug][safepoint] ... found polling page loop exception at pc = 0x00000207273653e0, stub =0x0000020726d55280
[2025-06-18T00:00:28.475+0300][12872][4836 ][debug][safepoint] ... found polling page loop exception at pc = 0x00000207273653e0, stub =0x0000020726d55280
[2025-06-18T00:00:28.475+0300][12872][7200 ][debug][safepoint] ... found polling page loop exception at pc = 0x000002072736408e, stub =0x0000020726d55b00
[2025-06-18T00:00:28.475+0300][12872][17812][debug][safepoint] ... found polling page loop exception at pc = 0x000002072737074b, stub =0x0000020726d55b00
[2025-06-18T00:00:28.475+0300][12872][7240 ][debug][safepoint] ... found polling page loop exception at pc = 0x00000207273564c6, stub =0x0000020726d55b00
[2025-06-18T00:00:28.477+0300][12872][5460 ][debug][safepoint] ... found polling page loop exception at pc = 0x00000207273768c0, stub =0x0000020726d55b00
[2025-06-18T00:00:28.491+0300][12872][7240 ][debug][safepoint] ... found polling page loop exception at pc = 0x00000207273653e0, stub =0x0000020726d55280
[2025-06-18T00:00:28.491+0300][12872][7200 ][debug][safepoint] ... found polling page loop exception at pc = 0x00000207273653e0, stub =0x0000020726d55280
[2025-06-18T00:00:28.491+0300][12872][17812][debug][safepoint] ... found polling page loop exception at pc = 0x00000207273653e0, stub =0x0000020726d55280
[2025-06-18T00:00:28.491+0300][12872][4836 ][debug][safepoint] ... found polling page loop exception at pc = 0x00000207273653e0, stub =0x0000020726d55280
[2025-06-18T00:00:28.491+0300][12872][18160][info ][gc,phases] GC(50) Concurrent Mark 79.587ms
[2025-06-18T00:00:28.491+0300][12872][20264][debug][safepoint] Safepoint synchronization initiated using striped semaphore wait barrier. (19 threads)
[2025-06-18T00:00:28.491+0300][12872][4836 ][debug][safepoint] ... found polling page loop exception at pc = 0x00000207273e1cd9, stub =0x0000020726d55b00
[2025-06-18T00:00:28.491+0300][12872][17812][debug][safepoint] ... found polling page loop exception at pc = 0x00000207273653e0, stub =0x0000020726d55280
[2025-06-18T00:00:28.491+0300][12872][11344][debug][safepoint] ... found polling page loop exception at pc = 0x00000207273653e0, stub =0x0000020726d55280
[2025-06-18T00:00:28.491+0300][12872][20980][debug][safepoint] ... found polling page loop exception at pc = 0x00000207273653e0, stub =0x0000020726d55280
[2025-06-18T00:00:28.491+0300][12872][7240 ][debug][safepoint] ... found polling page loop exception at pc = 0x00000207273f8903, stub =0x0000020726d55280
[2025-06-18T00:00:28.491+0300][12872][5460 ][debug][safepoint] ... found polling page loop exception at pc = 0x00000207273653e0, stub =0x0000020726d55280
[2025-06-18T00:00:28.491+0300][12872][20264][info ][gc,phases] GC(50) Pause Mark End 0.018ms
[2025-06-18T00:00:28.491+0300][12872][20264][info ][safepoint] Safepoint "XMarkEnd", Time since last: 79703100 ns, Reaching safepoint: 431000 ns, Cleanup: 12300 ns, At safepoint: 71400 ns, Total: 514700 ns
[2025-06-18T00:00:28.491+0300][12872][18160][info ][gc,phases] GC(50) Concurrent Mark Free 0.001ms
[2025-06-18T00:00:28.491+0300][12872][18160][debug][gc,phases] GC(50) Concurrent References Process 0.199ms
[2025-06-18T00:00:28.491+0300][12872][18160][debug][gc,phases] GC(50) ClassLoaderData 0.019ms
[2025-06-18T00:00:28.491+0300][12872][18160][debug][gc,phases] GC(50) Trigger cleanups 0.001ms
[2025-06-18T00:00:28.498+0300][12872][18160][debug][gc,phases] GC(50) Concurrent Classes Unlink 5.496ms
[2025-06-18T00:00:28.498+0300][12872][7240 ][debug][safepoint] ... found polling page loop exception at pc = 0x000002072735d04c, stub =0x0000020726d55b00
[2025-06-18T00:00:28.498+0300][12872][11344][debug][safepoint] ... found polling page loop exception at pc = 0x00000207273653e0, stub =0x0000020726d55280
[2025-06-18T00:00:28.498+0300][12872][20980][debug][safepoint] ... found polling page loop exception at pc = 0x00000207273653e0, stub =0x0000020726d55280
[2025-06-18T00:00:28.498+0300][12872][5460 ][debug][safepoint] ... found polling page loop exception at pc = 0x000002072738c351, stub =0x0000020726d55b00
[2025-06-18T00:00:28.498+0300][12872][4836 ][debug][safepoint] ... found polling page loop exception at pc = 0x00000207273653e0, stub =0x0000020726d55280
[2025-06-18T00:00:28.506+0300][12872][18160][debug][gc,phases] GC(50) Concurrent Classes Purge 0.028ms
[2025-06-18T00:00:28.506+0300][12872][18160][debug][gc,phases] GC(50) Concurrent References Enqueue 0.006ms
[2025-06-18T00:00:28.506+0300][12872][18160][info ][gc,phases] GC(50) Concurrent Process Non-Strong References 13.937ms
[2025-06-18T00:00:28.506+0300][12872][18160][info ][gc,phases] GC(50) Concurrent Reset Relocation Set 0.010ms
[2025-06-18T00:00:28.508+0300][12872][18160][info ][gc,phases] GC(50) Concurrent Select Relocation Set 2.762ms
[2025-06-18T00:00:28.508+0300][12872][20264][debug][safepoint] Safepoint synchronization initiated using striped semaphore wait barrier. (19 threads)
[2025-06-18T00:00:28.508+0300][12872][7240 ][debug][safepoint] ... found polling page loop exception at pc = 0x00000207273653e0, stub =0x0000020726d55280
[2025-06-18T00:00:28.508+0300][12872][11344][debug][safepoint] ... found polling page loop exception at pc = 0x000002072737074b, stub =0x0000020726d55b00
[2025-06-18T00:00:28.508+0300][12872][17812][debug][safepoint] ... found polling page loop exception at pc = 0x000002072737074b, stub =0x0000020726d55b00
[2025-06-18T00:00:28.508+0300][12872][5460 ][debug][safepoint] ... found polling page loop exception at pc = 0x000002072737074b, stub =0x0000020726d55b00
[2025-06-18T00:00:28.508+0300][12872][15720][debug][safepoint] ... found polling page loop exception at pc = 0x000002072745bd75, stub =0x0000020726d55b00
[2025-06-18T00:00:28.508+0300][12872][20264][info ][gc,phases] GC(50) Pause Relocate Start 0.011ms
[2025-06-18T00:00:28.508+0300][12872][20264][info ][safepoint] Safepoint "XRelocateStart", Time since last: 16900600 ns, Reaching safepoint: 306100 ns, Cleanup: 10900 ns, At safepoint: 93900 ns, Total: 410900 ns
[2025-06-18T00:00:28.512+0300][12872][18160][info ][gc,phases] GC(50) Concurrent Relocate 2.301ms
[2025-06-18T00:00:28.512+0300][12872][18160][debug][gc,heap  ] GC(50) Heap after GC invocations=51 (full 51):
[2025-06-18T00:00:28.512+0300][12872][18160][debug][gc,heap  ] GC(50)  ZHeap           used 292M, capacity 2048M, max capacity 2048M
[2025-06-18T00:00:28.512+0300][12872][18160][debug][gc,heap  ] GC(50)  Metaspace       used 8706K, committed 9664K, reserved 1114112K
[2025-06-18T00:00:28.512+0300][12872][18160][debug][gc,heap  ] GC(50)   class space    used 875K, committed 1280K, reserved 1048576K
[2025-06-18T00:00:28.512+0300][12872][18160][info ][gc,heap  ] GC(50) Min Capacity: 2048M(100%)
[2025-06-18T00:00:28.512+0300][12872][18160][info ][gc,heap  ] GC(50) Max Capacity: 2048M(100%)
[2025-06-18T00:00:28.512+0300][12872][18160][info ][gc,heap  ] GC(50) Soft Max Capacity: 2048M(100%)
[2025-06-18T00:00:28.512+0300][12872][18160][info ][gc,heap  ] GC(50)                Mark Start          Mark End        Relocate Start      Relocate End           High               Low         
[2025-06-18T00:00:28.512+0300][12872][18160][info ][gc,heap  ] GC(50)  Capacity:     2048M (100%)       2048M (100%)       2048M (100%)       2048M (100%)       2048M (100%)       2048M (100%)   
[2025-06-18T00:00:28.512+0300][12872][18160][info ][gc,heap  ] GC(50)      Free:      388M (19%)         176M (9%)         1454M (71%)        1756M (86%)        1756M (86%)         148M (7%)     
[2025-06-18T00:00:28.512+0300][12872][18160][info ][gc,heap  ] GC(50)      Used:     1660M (81%)        1872M (91%)         594M (29%)         292M (14%)        1900M (93%)         292M (14%)    
[2025-06-18T00:00:28.512+0300][12872][18160][info ][gc,heap  ] GC(50)      Live:         -                11M (1%)           11M (1%)           11M (1%)             -                  -          
[2025-06-18T00:00:28.512+0300][12872][18160][info ][gc,heap  ] GC(50) Allocated:         -               212M (10%)         248M (12%)         253M (12%)            -                  -          
[2025-06-18T00:00:28.512+0300][12872][18160][info ][gc,heap  ] GC(50)   Garbage:         -              1648M (81%)         334M (16%)          27M (1%)             -                  -          
[2025-06-18T00:00:28.512+0300][12872][18160][info ][gc,heap  ] GC(50) Reclaimed:         -                  -              1314M (64%)        1621M (79%)            -                  -          
[2025-06-18T00:00:28.512+0300][12872][18160][info ][gc       ] GC(50) Garbage Collection (Allocation Rate) 1660M(81%)->292M(14%)
[2025-06-18T00:00:28.805+0300][12872][18160][debug][gc,heap  ] GC(51) Heap before GC invocations=51 (full 51):
[2025-06-18T00:00:28.805+0300][12872][18160][debug][gc,heap  ] GC(51)  ZHeap           used 1280M, capacity 2048M, max capacity 2048M
[2025-06-18T00:00:28.805+0300][12872][18160][debug][gc,heap  ] GC(51)  Metaspace       used 8706K, committed 9664K, reserved 1114112K
[2025-06-18T00:00:28.805+0300][12872][18160][debug][gc,heap  ] GC(51)   class space    used 875K, committed 1280K, reserved 1048576K
[2025-06-18T00:00:28.805+0300][12872][20264][debug][safepoint] Safepoint synchronization initiated using striped semaphore wait barrier. (19 threads)
[2025-06-18T00:00:28.805+0300][12872][17812][debug][safepoint] ... found polling page loop exception at pc = 0x00000207273653e0, stub =0x0000020726d55280
[2025-06-18T00:00:28.805+0300][12872][4836 ][debug][safepoint] ... found polling page loop exception at pc = 0x000002072736408e, stub =0x0000020726d55b00
[2025-06-18T00:00:28.805+0300][12872][15720][debug][safepoint] ... found polling page loop exception at pc = 0x00000207273653e0, stub =0x0000020726d55280
[2025-06-18T00:00:28.805+0300][12872][20980][debug][safepoint] ... found polling page loop exception at pc = 0x00000207273653e0, stub =0x0000020726d55280
[2025-06-18T00:00:28.805+0300][12872][5460 ][debug][safepoint] ... found polling page loop exception at pc = 0x00000207274e7f5b, stub =0x0000020726d55280
[2025-06-18T00:00:28.805+0300][12872][11344][debug][safepoint] ... found polling page loop exception at pc = 0x00000207273564c6, stub =0x0000020726d55b00
[2025-06-18T00:00:28.805+0300][12872][7200 ][debug][safepoint] ... found polling page loop exception at pc = 0x00000207273653e0, stub =0x0000020726d55280
[2025-06-18T00:00:28.805+0300][12872][20264][info ][gc,phases] GC(51) Pause Mark Start 0.010ms
[2025-06-18T00:00:28.805+0300][12872][20264][info ][safepoint] Safepoint "XMarkStart", Time since last: 295442300 ns, Reaching safepoint: 413400 ns, Cleanup: 5900 ns, At safepoint: 65700 ns, Total: 485000 ns
[2025-06-18T00:00:28.820+0300][12872][11344][debug][safepoint] ... found polling page loop exception at pc = 0x00000207273653e0, stub =0x0000020726d55280
[2025-06-18T00:00:28.820+0300][12872][17812][debug][safepoint] ... found polling page loop exception at pc = 0x00000207273653e0, stub =0x0000020726d55280
[2025-06-18T00:00:28.820+0300][12872][7240 ][debug][safepoint] ... found polling page loop exception at pc = 0x00000207273653e0, stub =0x0000020726d55280
[2025-06-18T00:00:28.820+0300][12872][7200 ][debug][safepoint] ... found polling page loop exception at pc = 0x000002072737074b, stub =0x0000020726d55b00
[2025-06-18T00:00:28.820+0300][12872][20980][debug][safepoint] ... found polling page loop exception at pc = 0x00000207273653e0, stub =0x0000020726d55280
[2025-06-18T00:00:28.820+0300][12872][20980][debug][safepoint] ... found polling page loop exception at pc = 0x00000207273653e0, stub =0x0000020726d55280
[2025-06-18T00:00:28.820+0300][12872][5460 ][debug][safepoint] ... found polling page loop exception at pc = 0x00000207273653e0, stub =0x0000020726d55280
[2025-06-18T00:00:28.820+0300][12872][4836 ][debug][safepoint] ... found polling page loop exception at pc = 0x00000207273653e0, stub =0x0000020726d55280
[2025-06-18T00:00:28.820+0300][12872][17812][debug][safepoint] ... found polling page loop exception at pc = 0x00000207273653e0, stub =0x0000020726d55280
[2025-06-18T00:00:28.820+0300][12872][15720][debug][safepoint] ... found polling page loop exception at pc = 0x000002072736408e, stub =0x0000020726d55b00
[2025-06-18T00:00:28.820+0300][12872][7200 ][debug][safepoint] ... found polling page loop exception at pc = 0x00000207273653e0, stub =0x0000020726d55280
[2025-06-18T00:00:28.821+0300][12872][17812][debug][safepoint] ... found polling page loop exception at pc = 0x00000207273653e0, stub =0x0000020726d55280
[2025-06-18T00:00:28.821+0300][12872][4836 ][debug][safepoint] ... found polling page loop exception at pc = 0x000002072740bc2f, stub =0x0000020726d55b00
[2025-06-18T00:00:28.821+0300][12872][15720][debug][safepoint] ... found polling page loop exception at pc = 0x000002072736408e, stub =0x0000020726d55b00
[2025-06-18T00:00:28.821+0300][12872][7200 ][debug][safepoint] ... found polling page loop exception at pc = 0x00000207274e7f5b, stub =0x0000020726d55280
[2025-06-18T00:00:28.821+0300][12872][5460 ][debug][safepoint] ... found polling page loop exception at pc = 0x00000207273653e0, stub =0x0000020726d55280
[2025-06-18T00:00:28.821+0300][12872][7240 ][debug][safepoint] ... found polling page loop exception at pc = 0x00000207273f8903, stub =0x0000020726d55280
[2025-06-18T00:00:28.821+0300][12872][11344][debug][safepoint] ... found polling page loop exception at pc = 0x00000207273653e0, stub =0x0000020726d55280
[2025-06-18T00:00:28.837+0300][12872][18160][info ][gc,phases] GC(51) Concurrent Mark 31.150ms
[2025-06-18T00:00:28.837+0300][12872][20264][debug][safepoint] Safepoint synchronization initiated using striped semaphore wait barrier. (19 threads)
[2025-06-18T00:00:28.837+0300][12872][5460 ][debug][safepoint] ... found polling page loop exception at pc = 0x00000207273653e0, stub =0x0000020726d55280
[2025-06-18T00:00:28.837+0300][12872][15720][debug][safepoint] ... found polling page loop exception at pc = 0x00000207273653e0, stub =0x0000020726d55280
[2025-06-18T00:00:28.837+0300][12872][11344][debug][safepoint] ... found polling page loop exception at pc = 0x00000207273653e0, stub =0x0000020726d55280
[2025-06-18T00:00:28.837+0300][12872][17812][debug][safepoint] ... found polling page loop exception at pc = 0x00000207273653e0, stub =0x0000020726d55280
[2025-06-18T00:00:28.837+0300][12872][20264][info ][gc,phases] GC(51) Pause Mark End 0.015ms
[2025-06-18T00:00:28.837+0300][12872][20264][info ][safepoint] Safepoint "XMarkEnd", Time since last: 31271300 ns, Reaching safepoint: 215600 ns, Cleanup: 6200 ns, At safepoint: 76500 ns, Total: 298300 ns
[2025-06-18T00:00:28.837+0300][12872][18160][info ][gc,phases] GC(51) Concurrent Mark Free 0.001ms
[2025-06-18T00:00:28.837+0300][12872][18160][debug][gc,phases] GC(51) Concurrent References Process 0.177ms
[2025-06-18T00:00:28.837+0300][12872][18160][debug][gc,phases] GC(51) ClassLoaderData 0.021ms
[2025-06-18T00:00:28.837+0300][12872][18160][debug][gc,phases] GC(51) Trigger cleanups 0.001ms
[2025-06-18T00:00:28.843+0300][12872][18160][debug][gc,phases] GC(51) Concurrent Classes Unlink 5.647ms
[2025-06-18T00:00:28.843+0300][12872][17812][debug][safepoint] ... found polling page loop exception at pc = 0x00000207273653e0, stub =0x0000020726d55280
[2025-06-18T00:00:28.843+0300][12872][4836 ][debug][safepoint] ... found polling page loop exception at pc = 0x00000207273653e0, stub =0x0000020726d55280
[2025-06-18T00:00:28.843+0300][12872][20980][debug][safepoint] ... found polling page loop exception at pc = 0x00000207273653e0, stub =0x0000020726d55280
[2025-06-18T00:00:28.843+0300][12872][7200 ][debug][safepoint] ... found polling page loop exception at pc = 0x00000207273653e0, stub =0x0000020726d55280
[2025-06-18T00:00:28.843+0300][12872][5460 ][debug][safepoint] ... found polling page loop exception at pc = 0x00000207273653e0, stub =0x0000020726d55280
[2025-06-18T00:00:28.843+0300][12872][18160][debug][gc,phases] GC(51) Concurrent Classes Purge 0.008ms
[2025-06-18T00:00:28.843+0300][12872][18160][debug][gc,phases] GC(51) Concurrent References Enqueue 0.006ms
[2025-06-18T00:00:28.843+0300][12872][18160][info ][gc,phases] GC(51) Concurrent Process Non-Strong References 6.837ms
[2025-06-18T00:00:28.843+0300][12872][18160][info ][gc,phases] GC(51) Concurrent Reset Relocation Set 0.006ms
[2025-06-18T00:00:28.845+0300][12872][18160][info ][gc,phases] GC(51) Concurrent Select Relocation Set 2.686ms
[2025-06-18T00:00:28.845+0300][12872][20264][debug][safepoint] Safepoint synchronization initiated using striped semaphore wait barrier. (19 threads)
[2025-06-18T00:00:28.845+0300][12872][5460 ][debug][safepoint] ... found polling page loop exception at pc = 0x00000207273564c6, stub =0x0000020726d55b00
[2025-06-18T00:00:28.845+0300][12872][4836 ][debug][safepoint] ... found polling page loop exception at pc = 0x000002072738c351, stub =0x0000020726d55b00
[2025-06-18T00:00:28.845+0300][12872][15720][debug][safepoint] ... found polling page loop exception at pc = 0x00000207273653e0, stub =0x0000020726d55280
[2025-06-18T00:00:28.845+0300][12872][7200 ][debug][safepoint] ... found polling page loop exception at pc = 0x000002072737074b, stub =0x0000020726d55b00
[2025-06-18T00:00:28.845+0300][12872][17812][debug][safepoint] ... found polling page loop exception at pc = 0x00000207273a3d3c, stub =0x0000020726d55280
[2025-06-18T00:00:28.847+0300][12872][7240 ][debug][safepoint] ... found polling page loop exception at pc = 0x00000207273564c6, stub =0x0000020726d55b00
[2025-06-18T00:00:28.847+0300][12872][20264][info ][gc,phases] GC(51) Pause Relocate Start 0.008ms
[2025-06-18T00:00:28.847+0300][12872][20264][info ][safepoint] Safepoint "XRelocateStart", Time since last: 9710700 ns, Reaching safepoint: 303000 ns, Cleanup: 3600 ns, At safepoint: 58300 ns, Total: 364900 ns
[2025-06-18T00:00:28.849+0300][12872][18160][info ][gc,phases] GC(51) Concurrent Relocate 2.502ms
[2025-06-18T00:00:28.849+0300][12872][18160][debug][gc,heap  ] GC(51) Heap after GC invocations=52 (full 52):
[2025-06-18T00:00:28.849+0300][12872][18160][debug][gc,heap  ] GC(51)  ZHeap           used 172M, capacity 2048M, max capacity 2048M
[2025-06-18T00:00:28.849+0300][12872][18160][debug][gc,heap  ] GC(51)  Metaspace       used 8706K, committed 9664K, reserved 1114112K
[2025-06-18T00:00:28.849+0300][12872][18160][debug][gc,heap  ] GC(51)   class space    used 875K, committed 1280K, reserved 1048576K
[2025-06-18T00:00:28.849+0300][12872][18160][info ][gc,heap  ] GC(51) Min Capacity: 2048M(100%)
[2025-06-18T00:00:28.849+0300][12872][18160][info ][gc,heap  ] GC(51) Max Capacity: 2048M(100%)
[2025-06-18T00:00:28.849+0300][12872][18160][info ][gc,heap  ] GC(51) Soft Max Capacity: 2048M(100%)
[2025-06-18T00:00:28.849+0300][12872][18160][info ][gc,heap  ] GC(51)                Mark Start          Mark End        Relocate Start      Relocate End           High               Low         
[2025-06-18T00:00:28.849+0300][12872][18160][info ][gc,heap  ] GC(51)  Capacity:     2048M (100%)       2048M (100%)       2048M (100%)       2048M (100%)       2048M (100%)       2048M (100%)   
[2025-06-18T00:00:28.849+0300][12872][18160][info ][gc,heap  ] GC(51)      Free:      768M (38%)         670M (33%)        1636M (80%)        1876M (92%)        1876M (92%)         650M (32%)    
[2025-06-18T00:00:28.849+0300][12872][18160][info ][gc,heap  ] GC(51)      Used:     1280M (62%)        1378M (67%)         412M (20%)         172M (8%)         1398M (68%)         172M (8%)     
[2025-06-18T00:00:28.849+0300][12872][18160][info ][gc,heap  ] GC(51)      Live:         -                11M (1%)           11M (1%)           11M (1%)             -                  -          
[2025-06-18T00:00:28.849+0300][12872][18160][info ][gc,heap  ] GC(51) Allocated:         -                98M (5%)          130M (6%)          133M (7%)             -                  -          
[2025-06-18T00:00:28.849+0300][12872][18160][info ][gc,heap  ] GC(51)   Garbage:         -              1268M (62%)         270M (13%)          27M (1%)             -                  -          
[2025-06-18T00:00:28.849+0300][12872][18160][info ][gc,heap  ] GC(51) Reclaimed:         -                  -               998M (49%)        1241M (61%)            -                  -          
[2025-06-18T00:00:28.849+0300][12872][18160][info ][gc       ] GC(51) Garbage Collection (Allocation Rate) 1280M(62%)->172M(8%)
[2025-06-18T00:00:29.206+0300][12872][18160][debug][gc,heap  ] GC(52) Heap before GC invocations=52 (full 52):
[2025-06-18T00:00:29.206+0300][12872][18160][debug][gc,heap  ] GC(52)  ZHeap           used 1366M, capacity 2048M, max capacity 2048M
[2025-06-18T00:00:29.206+0300][12872][18160][debug][gc,heap  ] GC(52)  Metaspace       used 8706K, committed 9664K, reserved 1114112K
[2025-06-18T00:00:29.206+0300][12872][18160][debug][gc,heap  ] GC(52)   class space    used 875K, committed 1280K, reserved 1048576K
[2025-06-18T00:00:29.206+0300][12872][20264][debug][safepoint] Safepoint synchronization initiated using striped semaphore wait barrier. (19 threads)
[2025-06-18T00:00:29.206+0300][12872][7240 ][debug][safepoint] ... found polling page loop exception at pc = 0x00000207273653e0, stub =0x0000020726d55280
[2025-06-18T00:00:29.206+0300][12872][17812][debug][safepoint] ... found polling page loop exception at pc = 0x00000207273653e0, stub =0x0000020726d55280
[2025-06-18T00:00:29.206+0300][12872][20980][debug][safepoint] ... found polling page loop exception at pc = 0x00000207273564c6, stub =0x0000020726d55b00
[2025-06-18T00:00:29.206+0300][12872][5460 ][debug][safepoint] ... found polling page loop exception at pc = 0x00000207273653e0, stub =0x0000020726d55280
[2025-06-18T00:00:29.206+0300][12872][7200 ][debug][safepoint] ... found polling page loop exception at pc = 0x00000207273e40d6, stub =0x0000020726d55280
[2025-06-18T00:00:29.206+0300][12872][15720][debug][safepoint] ... found polling page loop exception at pc = 0x00000207273564c6, stub =0x0000020726d55b00
[2025-06-18T00:00:29.206+0300][12872][4836 ][debug][safepoint] ... found polling page loop exception at pc = 0x00000207274e7f5b, stub =0x0000020726d55280
[2025-06-18T00:00:29.206+0300][12872][20264][info ][gc,phases] GC(52) Pause Mark Start 0.012ms
[2025-06-18T00:00:29.206+0300][12872][20264][info ][safepoint] Safepoint "XMarkStart", Time since last: 358652000 ns, Reaching safepoint: 417400 ns, Cleanup: 8400 ns, At safepoint: 75700 ns, Total: 501500 ns
[2025-06-18T00:00:29.218+0300][12872][15720][debug][safepoint] ... found polling page loop exception at pc = 0x00000207274e7f5b, stub =0x0000020726d55280
[2025-06-18T00:00:29.218+0300][12872][7200 ][debug][safepoint] ... found polling page loop exception at pc = 0x00000207273653e0, stub =0x0000020726d55280
[2025-06-18T00:00:29.218+0300][12872][20980][debug][safepoint] ... found polling page loop exception at pc = 0x00000207273653e0, stub =0x0000020726d55280
[2025-06-18T00:00:29.218+0300][12872][11344][debug][safepoint] ... found polling page loop exception at pc = 0x00000207273653e0, stub =0x0000020726d55280
[2025-06-18T00:00:29.220+0300][12872][7240 ][debug][safepoint] ... found polling page loop exception at pc = 0x00000207273a3d3c, stub =0x0000020726d55280
[2025-06-18T00:00:29.220+0300][12872][15720][debug][safepoint] ... found polling page loop exception at pc = 0x00000207274e7f5b, stub =0x0000020726d55280
[2025-06-18T00:00:29.220+0300][12872][5460 ][debug][safepoint] ... found polling page loop exception at pc = 0x00000207273653e0, stub =0x0000020726d55280
[2025-06-18T00:00:29.220+0300][12872][11344][debug][safepoint] ... found polling page loop exception at pc = 0x00000207273653e0, stub =0x0000020726d55280
[2025-06-18T00:00:29.220+0300][12872][7240 ][debug][safepoint] ... found polling page loop exception at pc = 0x00000207273653e0, stub =0x0000020726d55280
[2025-06-18T00:00:29.220+0300][12872][7200 ][debug][safepoint] ... found polling page loop exception at pc = 0x00000207273653e0, stub =0x0000020726d55280
[2025-06-18T00:00:29.220+0300][12872][4836 ][debug][safepoint] ... found polling page loop exception at pc = 0x000002072736408e, stub =0x0000020726d55b00
[2025-06-18T00:00:29.224+0300][12872][15720][debug][safepoint] ... found polling page loop exception at pc = 0x0000020727356360, stub =0x0000020726d55b00
[2025-06-18T00:00:29.224+0300][12872][5460 ][debug][safepoint] ... found polling page loop exception at pc = 0x00000207273653e0, stub =0x0000020726d55280
[2025-06-18T00:00:29.224+0300][12872][7240 ][debug][safepoint] ... found polling page loop exception at pc = 0x00000207273653e0, stub =0x0000020726d55280
[2025-06-18T00:00:29.224+0300][12872][17812][debug][safepoint] ... found polling page loop exception at pc = 0x000002072736408e, stub =0x0000020726d55b00
[2025-06-18T00:00:29.226+0300][12872][18160][info ][gc,phases] GC(52) Concurrent Mark 20.571ms
[2025-06-18T00:00:29.226+0300][12872][20264][debug][safepoint] Safepoint synchronization initiated using striped semaphore wait barrier. (19 threads)
[2025-06-18T00:00:29.226+0300][12872][17812][debug][safepoint] ... found polling page loop exception at pc = 0x00000207273653e0, stub =0x0000020726d55280
[2025-06-18T00:00:29.226+0300][12872][20980][debug][safepoint] ... found polling page loop exception at pc = 0x00000207273653e0, stub =0x0000020726d55280
[2025-06-18T00:00:29.226+0300][12872][11344][debug][safepoint] ... found polling page loop exception at pc = 0x00000207273653e0, stub =0x0000020726d55280
[2025-06-18T00:00:29.226+0300][12872][4836 ][debug][safepoint] ... found polling page loop exception at pc = 0x00000207273653e0, stub =0x0000020726d55280
[2025-06-18T00:00:29.226+0300][12872][7200 ][debug][safepoint] ... found polling page loop exception at pc = 0x00000207273653e0, stub =0x0000020726d55280
[2025-06-18T00:00:29.226+0300][12872][5460 ][debug][safepoint] ... found polling page loop exception at pc = 0x00000207273653e0, stub =0x0000020726d55280
[2025-06-18T00:00:29.226+0300][12872][15720][debug][safepoint] ... found polling page loop exception at pc = 0x00000207274e7f5b, stub =0x0000020726d55280
[2025-06-18T00:00:29.226+0300][12872][7240 ][debug][safepoint] ... found polling page loop exception at pc = 0x00000207273f8903, stub =0x0000020726d55280
[2025-06-18T00:00:29.226+0300][12872][20264][info ][gc,phases] GC(52) Pause Mark End 0.017ms
[2025-06-18T00:00:29.226+0300][12872][20264][info ][safepoint] Safepoint "XMarkEnd", Time since last: 20686100 ns, Reaching safepoint: 435600 ns, Cleanup: 6400 ns, At safepoint: 76900 ns, Total: 518900 ns
[2025-06-18T00:00:29.226+0300][12872][18160][info ][gc,phases] GC(52) Concurrent Mark Free 0.001ms
[2025-06-18T00:00:29.228+0300][12872][18160][debug][gc,phases] GC(52) Concurrent References Process 0.190ms
[2025-06-18T00:00:29.228+0300][12872][18160][debug][gc,phases] GC(52) ClassLoaderData 0.015ms
[2025-06-18T00:00:29.228+0300][12872][18160][debug][gc,phases] GC(52) Trigger cleanups 0.001ms
[2025-06-18T00:00:29.234+0300][12872][18160][debug][gc,phases] GC(52) Concurrent Classes Unlink 5.614ms
[2025-06-18T00:00:29.234+0300][12872][4836 ][debug][safepoint] ... found polling page loop exception at pc = 0x00000207274e7f5b, stub =0x0000020726d55280
[2025-06-18T00:00:29.234+0300][12872][7200 ][debug][safepoint] ... found polling page loop exception at pc = 0x00000207273653e0, stub =0x0000020726d55280
[2025-06-18T00:00:29.234+0300][12872][5460 ][debug][safepoint] ... found polling page loop exception at pc = 0x00000207273653e0, stub =0x0000020726d55280
[2025-06-18T00:00:29.234+0300][12872][15720][debug][safepoint] ... found polling page loop exception at pc = 0x000002072736408e, stub =0x0000020726d55b00
[2025-06-18T00:00:29.234+0300][12872][17812][debug][safepoint] ... found polling page loop exception at pc = 0x0000020727356360, stub =0x0000020726d55b00
[2025-06-18T00:00:29.234+0300][12872][11344][debug][safepoint] ... found polling page loop exception at pc = 0x00000207273653e0, stub =0x0000020726d55280
[2025-06-18T00:00:29.234+0300][12872][18160][debug][gc,phases] GC(52) Concurrent Classes Purge 0.011ms
[2025-06-18T00:00:29.234+0300][12872][18160][debug][gc,phases] GC(52) Concurrent References Enqueue 0.007ms
[2025-06-18T00:00:29.234+0300][12872][18160][info ][gc,phases] GC(52) Concurrent Process Non-Strong References 7.844ms
[2025-06-18T00:00:29.234+0300][12872][18160][info ][gc,phases] GC(52) Concurrent Reset Relocation Set 0.007ms
[2025-06-18T00:00:29.238+0300][12872][18160][info ][gc,phases] GC(52) Concurrent Select Relocation Set 2.728ms
[2025-06-18T00:00:29.238+0300][12872][20264][debug][safepoint] Safepoint synchronization initiated using striped semaphore wait barrier. (19 threads)
[2025-06-18T00:00:29.238+0300][12872][7200 ][debug][safepoint] ... found polling page loop exception at pc = 0x00000207273653e0, stub =0x0000020726d55280
[2025-06-18T00:00:29.238+0300][12872][11344][debug][safepoint] ... found polling page loop exception at pc = 0x00000207273653e0, stub =0x0000020726d55280
[2025-06-18T00:00:29.238+0300][12872][20980][debug][safepoint] ... found polling page loop exception at pc = 0x00000207273653e0, stub =0x0000020726d55280
[2025-06-18T00:00:29.238+0300][12872][4836 ][debug][safepoint] ... found polling page loop exception at pc = 0x00000207273653e0, stub =0x0000020726d55280
[2025-06-18T00:00:29.238+0300][12872][7240 ][debug][safepoint] ... found polling page loop exception at pc = 0x00000207273564c6, stub =0x0000020726d55b00
[2025-06-18T00:00:29.238+0300][12872][20264][info ][gc,phases] GC(52) Pause Relocate Start 0.009ms
[2025-06-18T00:00:29.238+0300][12872][20264][info ][safepoint] Safepoint "XRelocateStart", Time since last: 10762200 ns, Reaching safepoint: 302100 ns, Cleanup: 4800 ns, At safepoint: 81200 ns, Total: 388100 ns
[2025-06-18T00:00:29.238+0300][12872][18160][info ][gc,phases] GC(52) Concurrent Relocate 1.684ms
[2025-06-18T00:00:29.241+0300][12872][18160][debug][gc,heap  ] GC(52) Heap after GC invocations=53 (full 53):
[2025-06-18T00:00:29.241+0300][12872][18160][debug][gc,heap  ] GC(52)  ZHeap           used 140M, capacity 2048M, max capacity 2048M
[2025-06-18T00:00:29.241+0300][12872][18160][debug][gc,heap  ] GC(52)  Metaspace       used 8706K, committed 9664K, reserved 1114112K
[2025-06-18T00:00:29.241+0300][12872][18160][debug][gc,heap  ] GC(52)   class space    used 875K, committed 1280K, reserved 1048576K
[2025-06-18T00:00:29.241+0300][12872][18160][info ][gc,heap  ] GC(52) Min Capacity: 2048M(100%)
[2025-06-18T00:00:29.241+0300][12872][18160][info ][gc,heap  ] GC(52) Max Capacity: 2048M(100%)
[2025-06-18T00:00:29.241+0300][12872][18160][info ][gc,heap  ] GC(52) Soft Max Capacity: 2048M(100%)
[2025-06-18T00:00:29.241+0300][12872][18160][info ][gc,heap  ] GC(52)                Mark Start          Mark End        Relocate Start      Relocate End           High               Low         
[2025-06-18T00:00:29.241+0300][12872][18160][info ][gc,heap  ] GC(52)  Capacity:     2048M (100%)       2048M (100%)       2048M (100%)       2048M (100%)       2048M (100%)       2048M (100%)   
[2025-06-18T00:00:29.241+0300][12872][18160][info ][gc,heap  ] GC(52)      Free:      680M (33%)         616M (30%)        1650M (81%)        1908M (93%)        1910M (93%)         590M (29%)    
[2025-06-18T00:00:29.241+0300][12872][18160][info ][gc,heap  ] GC(52)      Used:     1368M (67%)        1432M (70%)         398M (19%)         140M (7%)         1458M (71%)         138M (7%)     
[2025-06-18T00:00:29.241+0300][12872][18160][info ][gc,heap  ] GC(52)      Live:         -                11M (1%)           11M (1%)           11M (1%)             -                  -          
[2025-06-18T00:00:29.241+0300][12872][18160][info ][gc,heap  ] GC(52) Allocated:         -                64M (3%)           98M (5%)          101M (5%)             -                  -          
[2025-06-18T00:00:29.241+0300][12872][18160][info ][gc,heap  ] GC(52)   Garbage:         -              1356M (66%)         288M (14%)          27M (1%)             -                  -          
[2025-06-18T00:00:29.241+0300][12872][18160][info ][gc,heap  ] GC(52) Reclaimed:         -                  -              1068M (52%)        1329M (65%)            -                  -          
[2025-06-18T00:00:29.241+0300][12872][18160][info ][gc       ] GC(52) Garbage Collection (Allocation Rate) 1368M(67%)->140M(7%)
[2025-06-18T00:00:29.602+0300][12872][18160][debug][gc,heap  ] GC(53) Heap before GC invocations=53 (full 53):
[2025-06-18T00:00:29.602+0300][12872][18160][debug][gc,heap  ] GC(53)  ZHeap           used 1344M, capacity 2048M, max capacity 2048M
[2025-06-18T00:00:29.602+0300][12872][18160][debug][gc,heap  ] GC(53)  Metaspace       used 8706K, committed 9664K, reserved 1114112K
[2025-06-18T00:00:29.602+0300][12872][18160][debug][gc,heap  ] GC(53)   class space    used 875K, committed 1280K, reserved 1048576K
[2025-06-18T00:00:29.602+0300][12872][20264][debug][safepoint] Safepoint synchronization initiated using striped semaphore wait barrier. (19 threads)
[2025-06-18T00:00:29.602+0300][12872][17812][debug][safepoint] ... found polling page loop exception at pc = 0x00000207273653e0, stub =0x0000020726d55280
[2025-06-18T00:00:29.602+0300][12872][7240 ][debug][safepoint] ... found polling page loop exception at pc = 0x00000207273653e0, stub =0x0000020726d55280
[2025-06-18T00:00:29.602+0300][12872][15720][debug][safepoint] ... found polling page loop exception at pc = 0x000002072737074b, stub =0x0000020726d55b00
[2025-06-18T00:00:29.602+0300][12872][4836 ][debug][safepoint] ... found polling page loop exception at pc = 0x00000207273564c6, stub =0x0000020726d55b00
[2025-06-18T00:00:29.602+0300][12872][11344][debug][safepoint] ... found polling page loop exception at pc = 0x000002072736408e, stub =0x0000020726d55b00
[2025-06-18T00:00:29.602+0300][12872][5460 ][debug][safepoint] ... found polling page loop exception at pc = 0x00000207273653e0, stub =0x0000020726d55280
[2025-06-18T00:00:29.602+0300][12872][20980][debug][safepoint] ... found polling page loop exception at pc = 0x00000207273564c6, stub =0x0000020726d55b00
[2025-06-18T00:00:29.602+0300][12872][7200 ][debug][safepoint] ... found polling page loop exception at pc = 0x00000207273653e0, stub =0x0000020726d55280
[2025-06-18T00:00:29.602+0300][12872][20264][info ][gc,phases] GC(53) Pause Mark Start 0.010ms
[2025-06-18T00:00:29.602+0300][12872][20264][info ][safepoint] Safepoint "XMarkStart", Time since last: 363045300 ns, Reaching safepoint: 427100 ns, Cleanup: 6900 ns, At safepoint: 79400 ns, Total: 513400 ns
[2025-06-18T00:00:29.616+0300][12872][17812][debug][safepoint] ... found polling page loop exception at pc = 0x00000207273653e0, stub =0x0000020726d55280
[2025-06-18T00:00:29.616+0300][12872][5460 ][debug][safepoint] ... found polling page loop exception at pc = 0x00000207273653e0, stub =0x0000020726d55280
[2025-06-18T00:00:29.616+0300][12872][20980][debug][safepoint] ... found polling page loop exception at pc = 0x00000207273653e0, stub =0x0000020726d55280
[2025-06-18T00:00:29.616+0300][12872][4836 ][debug][safepoint] ... found polling page loop exception at pc = 0x000002072736408e, stub =0x0000020726d55b00
[2025-06-18T00:00:29.616+0300][12872][7240 ][debug][safepoint] ... found polling page loop exception at pc = 0x00000207273653e0, stub =0x0000020726d55280
[2025-06-18T00:00:29.616+0300][12872][15720][debug][safepoint] ... found polling page loop exception at pc = 0x00000207273653e0, stub =0x0000020726d55280
[2025-06-18T00:00:29.618+0300][12872][15720][debug][safepoint] ... found polling page loop exception at pc = 0x00000207273653e0, stub =0x0000020726d55280
[2025-06-18T00:00:29.618+0300][12872][5460 ][debug][safepoint] ... found polling page loop exception at pc = 0x00000207273653e0, stub =0x0000020726d55280
[2025-06-18T00:00:29.618+0300][12872][7200 ][debug][safepoint] ... found polling page loop exception at pc = 0x00000207273653e0, stub =0x0000020726d55280
[2025-06-18T00:00:29.618+0300][12872][7240 ][debug][safepoint] ... found polling page loop exception at pc = 0x00000207273653e0, stub =0x0000020726d55280
[2025-06-18T00:00:29.618+0300][12872][4836 ][debug][safepoint] ... found polling page loop exception at pc = 0x00000207273653e0, stub =0x0000020726d55280
[2025-06-18T00:00:29.618+0300][12872][20980][debug][safepoint] ... found polling page loop exception at pc = 0x00000207273653e0, stub =0x0000020726d55280
[2025-06-18T00:00:29.618+0300][12872][17812][debug][safepoint] ... found polling page loop exception at pc = 0x00000207273653e0, stub =0x0000020726d55280
[2025-06-18T00:00:29.618+0300][12872][11344][debug][safepoint] ... found polling page loop exception at pc = 0x00000207273564c6, stub =0x0000020726d55b00
[2025-06-18T00:00:29.620+0300][12872][17812][debug][safepoint] ... found polling page loop exception at pc = 0x00000207273653e0, stub =0x0000020726d55280
[2025-06-18T00:00:29.620+0300][12872][20980][debug][safepoint] ... found polling page loop exception at pc = 0x00000207273564c6, stub =0x0000020726d55b00
[2025-06-18T00:00:29.620+0300][12872][11344][debug][safepoint] ... found polling page loop exception at pc = 0x00000207273653e0, stub =0x0000020726d55280
[2025-06-18T00:00:29.620+0300][12872][5460 ][debug][safepoint] ... found polling page loop exception at pc = 0x00000207273f947a, stub =0x0000020726d55280
[2025-06-18T00:00:29.620+0300][12872][7200 ][debug][safepoint] ... found polling page loop exception at pc = 0x00000207273653e0, stub =0x0000020726d55280
[2025-06-18T00:00:29.624+0300][12872][18160][info ][gc,phases] GC(53) Concurrent Mark 22.046ms
[2025-06-18T00:00:29.624+0300][12872][20264][debug][safepoint] Safepoint synchronization initiated using striped semaphore wait barrier. (19 threads)
[2025-06-18T00:00:29.624+0300][12872][17812][debug][safepoint] ... found polling page loop exception at pc = 0x00000207273653e0, stub =0x0000020726d55280
[2025-06-18T00:00:29.624+0300][12872][15720][debug][safepoint] ... found polling page loop exception at pc = 0x00000207273653e0, stub =0x0000020726d55280
[2025-06-18T00:00:29.624+0300][12872][20980][debug][safepoint] ... found polling page loop exception at pc = 0x00000207273653e0, stub =0x0000020726d55280
[2025-06-18T00:00:29.624+0300][12872][7240 ][debug][safepoint] ... found polling page loop exception at pc = 0x00000207273653e0, stub =0x0000020726d55280
[2025-06-18T00:00:29.624+0300][12872][4836 ][debug][safepoint] ... found polling page loop exception at pc = 0x00000207273653e0, stub =0x0000020726d55280
[2025-06-18T00:00:29.624+0300][12872][11344][debug][safepoint] ... found polling page loop exception at pc = 0x00000207273653e0, stub =0x0000020726d55280
[2025-06-18T00:00:29.624+0300][12872][20264][info ][gc,phases] GC(53) Pause Mark End 0.016ms
[2025-06-18T00:00:29.624+0300][12872][20264][info ][safepoint] Safepoint "XMarkEnd", Time since last: 22149000 ns, Reaching safepoint: 387800 ns, Cleanup: 6400 ns, At safepoint: 77300 ns, Total: 471500 ns
[2025-06-18T00:00:29.624+0300][12872][18160][info ][gc,phases] GC(53) Concurrent Mark Free 0.001ms
[2025-06-18T00:00:29.624+0300][12872][18160][debug][gc,phases] GC(53) Concurrent References Process 0.155ms
[2025-06-18T00:00:29.624+0300][12872][18160][debug][gc,phases] GC(53) ClassLoaderData 0.017ms
[2025-06-18T00:00:29.624+0300][12872][18160][debug][gc,phases] GC(53) Trigger cleanups 0.000ms
[2025-06-18T00:00:29.631+0300][12872][18160][debug][gc,phases] GC(53) Concurrent Classes Unlink 5.444ms
[2025-06-18T00:00:29.631+0300][12872][7240 ][debug][safepoint] ... found polling page loop exception at pc = 0x00000207273653e0, stub =0x0000020726d55280
[2025-06-18T00:00:29.631+0300][12872][15720][debug][safepoint] ... found polling page loop exception at pc = 0x00000207273653e0, stub =0x0000020726d55280
[2025-06-18T00:00:29.631+0300][12872][11344][debug][safepoint] ... found polling page loop exception at pc = 0x00000207274e7f5b, stub =0x0000020726d55280
[2025-06-18T00:00:29.648+0300][12872][18160][debug][gc,phases] GC(53) Concurrent Classes Purge 0.044ms
[2025-06-18T00:00:29.648+0300][12872][18160][debug][gc,phases] GC(53) Concurrent References Enqueue 0.007ms
[2025-06-18T00:00:29.648+0300][12872][18160][info ][gc,phases] GC(53) Concurrent Process Non-Strong References 23.230ms
[2025-06-18T00:00:29.648+0300][12872][18160][info ][gc,phases] GC(53) Concurrent Reset Relocation Set 0.009ms
[2025-06-18T00:00:29.651+0300][12872][18160][info ][gc,phases] GC(53) Concurrent Select Relocation Set 2.684ms
[2025-06-18T00:00:29.651+0300][12872][20264][debug][safepoint] Safepoint synchronization initiated using striped semaphore wait barrier. (19 threads)
[2025-06-18T00:00:29.651+0300][12872][20980][debug][safepoint] ... found polling page loop exception at pc = 0x00000207273653e0, stub =0x0000020726d55280
[2025-06-18T00:00:29.651+0300][12872][17812][debug][safepoint] ... found polling page loop exception at pc = 0x00000207273653e0, stub =0x0000020726d55280
[2025-06-18T00:00:29.651+0300][12872][11344][debug][safepoint] ... found polling page loop exception at pc = 0x00000207273653e0, stub =0x0000020726d55280
[2025-06-18T00:00:29.651+0300][12872][15720][debug][safepoint] ... found polling page loop exception at pc = 0x00000207273e4412, stub =0x0000020726d55280
[2025-06-18T00:00:29.651+0300][12872][5460 ][debug][safepoint] ... found polling page loop exception at pc = 0x00000207273653e0, stub =0x0000020726d55280
[2025-06-18T00:00:29.651+0300][12872][7240 ][debug][safepoint] ... found polling page loop exception at pc = 0x00000207273653e0, stub =0x0000020726d55280
[2025-06-18T00:00:29.651+0300][12872][20264][info ][gc,phases] GC(53) Pause Relocate Start 0.010ms
[2025-06-18T00:00:29.651+0300][12872][20264][info ][safepoint] Safepoint "XRelocateStart", Time since last: 26121800 ns, Reaching safepoint: 323300 ns, Cleanup: 6100 ns, At safepoint: 85300 ns, Total: 414700 ns
[2025-06-18T00:00:29.651+0300][12872][18160][info ][gc,phases] GC(53) Concurrent Relocate 1.621ms
[2025-06-18T00:00:29.651+0300][12872][18160][debug][gc,heap  ] GC(53) Heap after GC invocations=54 (full 54):
[2025-06-18T00:00:29.653+0300][12872][18160][debug][gc,heap  ] GC(53)  ZHeap           used 194M, capacity 2048M, max capacity 2048M
[2025-06-18T00:00:29.653+0300][12872][18160][debug][gc,heap  ] GC(53)  Metaspace       used 8706K, committed 9664K, reserved 1114112K
[2025-06-18T00:00:29.653+0300][12872][18160][debug][gc,heap  ] GC(53)   class space    used 875K, committed 1280K, reserved 1048576K
[2025-06-18T00:00:29.653+0300][12872][18160][info ][gc,heap  ] GC(53) Min Capacity: 2048M(100%)
[2025-06-18T00:00:29.653+0300][12872][18160][info ][gc,heap  ] GC(53) Max Capacity: 2048M(100%)
[2025-06-18T00:00:29.653+0300][12872][18160][info ][gc,heap  ] GC(53) Soft Max Capacity: 2048M(100%)
[2025-06-18T00:00:29.653+0300][12872][18160][info ][gc,heap  ] GC(53)                Mark Start          Mark End        Relocate Start      Relocate End           High               Low         
[2025-06-18T00:00:29.653+0300][12872][18160][info ][gc,heap  ] GC(53)  Capacity:     2048M (100%)       2048M (100%)       2048M (100%)       2048M (100%)       2048M (100%)       2048M (100%)   
[2025-06-18T00:00:29.653+0300][12872][18160][info ][gc,heap  ] GC(53)      Free:      704M (34%)         624M (30%)        1602M (78%)        1854M (91%)        1858M (91%)         564M (28%)    
[2025-06-18T00:00:29.653+0300][12872][18160][info ][gc,heap  ] GC(53)      Used:     1344M (66%)        1424M (70%)         446M (22%)         194M (9%)         1484M (72%)         190M (9%)     
[2025-06-18T00:00:29.653+0300][12872][18160][info ][gc,heap  ] GC(53)      Live:         -                11M (1%)           11M (1%)           11M (1%)             -                  -          
[2025-06-18T00:00:29.653+0300][12872][18160][info ][gc,heap  ] GC(53) Allocated:         -                80M (4%)          150M (7%)          155M (8%)             -                  -          
[2025-06-18T00:00:29.653+0300][12872][18160][info ][gc,heap  ] GC(53)   Garbage:         -              1332M (65%)         284M (14%)          27M (1%)             -                  -          
[2025-06-18T00:00:29.653+0300][12872][18160][info ][gc,heap  ] GC(53) Reclaimed:         -                  -              1048M (51%)        1305M (64%)            -                  -          
[2025-06-18T00:00:29.653+0300][12872][18160][info ][gc       ] GC(53) Garbage Collection (Allocation Rate) 1344M(66%)->194M(9%)
[2025-06-18T00:00:30.101+0300][12872][18160][debug][gc,heap  ] GC(54) Heap before GC invocations=54 (full 54):
[2025-06-18T00:00:30.101+0300][12872][18160][debug][gc,heap  ] GC(54)  ZHeap           used 1596M, capacity 2048M, max capacity 2048M
[2025-06-18T00:00:30.101+0300][12872][18160][debug][gc,heap  ] GC(54)  Metaspace       used 8706K, committed 9664K, reserved 1114112K
[2025-06-18T00:00:30.101+0300][12872][18160][debug][gc,heap  ] GC(54)   class space    used 875K, committed 1280K, reserved 1048576K
[2025-06-18T00:00:30.101+0300][12872][20264][debug][safepoint] Safepoint synchronization initiated using striped semaphore wait barrier. (19 threads)
[2025-06-18T00:00:30.101+0300][12872][7240 ][debug][safepoint] ... found polling page loop exception at pc = 0x0000020727356360, stub =0x0000020726d55b00
[2025-06-18T00:00:30.101+0300][12872][17812][debug][safepoint] ... found polling page loop exception at pc = 0x00000207273653e0, stub =0x0000020726d55280
[2025-06-18T00:00:30.101+0300][12872][4836 ][debug][safepoint] ... found polling page loop exception at pc = 0x00000207273653e0, stub =0x0000020726d55280
[2025-06-18T00:00:30.101+0300][12872][5460 ][debug][safepoint] ... found polling page loop exception at pc = 0x00000207274e7f5b, stub =0x0000020726d55280
[2025-06-18T00:00:30.101+0300][12872][20980][debug][safepoint] ... found polling page loop exception at pc = 0x00000207273653e0, stub =0x0000020726d55280
[2025-06-18T00:00:30.101+0300][12872][11344][debug][safepoint] ... found polling page loop exception at pc = 0x00000207273653e0, stub =0x0000020726d55280
[2025-06-18T00:00:30.101+0300][12872][15720][debug][safepoint] ... found polling page loop exception at pc = 0x0000020727356360, stub =0x0000020726d55b00
[2025-06-18T00:00:30.101+0300][12872][20264][info ][gc,phases] GC(54) Pause Mark Start 0.010ms
[2025-06-18T00:00:30.101+0300][12872][20264][info ][safepoint] Safepoint "XMarkStart", Time since last: 450043100 ns, Reaching safepoint: 441200 ns, Cleanup: 6800 ns, At safepoint: 67700 ns, Total: 515700 ns
[2025-06-18T00:00:30.116+0300][12872][7200 ][debug][safepoint] ... found polling page loop exception at pc = 0x00000207273653e0, stub =0x0000020726d55280
[2025-06-18T00:00:30.116+0300][12872][20980][debug][safepoint] ... found polling page loop exception at pc = 0x00000207273653e0, stub =0x0000020726d55280
[2025-06-18T00:00:30.116+0300][12872][7240 ][debug][safepoint] ... found polling page loop exception at pc = 0x00000207273653e0, stub =0x0000020726d55280
[2025-06-18T00:00:30.116+0300][12872][5460 ][debug][safepoint] ... found polling page loop exception at pc = 0x000002072737074b, stub =0x0000020726d55b00
[2025-06-18T00:00:30.116+0300][12872][17812][debug][safepoint] ... found polling page loop exception at pc = 0x00000207273a3d3c, stub =0x0000020726d55280
[2025-06-18T00:00:30.116+0300][12872][15720][debug][safepoint] ... found polling page loop exception at pc = 0x00000207273653e0, stub =0x0000020726d55280
[2025-06-18T00:00:30.116+0300][12872][4836 ][debug][safepoint] ... found polling page loop exception at pc = 0x00000207273653e0, stub =0x0000020726d55280
[2025-06-18T00:00:30.116+0300][12872][11344][debug][safepoint] ... found polling page loop exception at pc = 0x00000207273653e0, stub =0x0000020726d55280
[2025-06-18T00:00:30.118+0300][12872][4836 ][debug][safepoint] ... found polling page loop exception at pc = 0x00000207273768c0, stub =0x0000020726d55b00
[2025-06-18T00:00:30.118+0300][12872][5460 ][debug][safepoint] ... found polling page loop exception at pc = 0x00000207273653e0, stub =0x0000020726d55280
[2025-06-18T00:00:30.118+0300][12872][11344][debug][safepoint] ... found polling page loop exception at pc = 0x00000207273653e0, stub =0x0000020726d55280
[2025-06-18T00:00:30.118+0300][12872][15720][debug][safepoint] ... found polling page loop exception at pc = 0x00000207274e7f5b, stub =0x0000020726d55280
[2025-06-18T00:00:30.118+0300][12872][7240 ][debug][safepoint] ... found polling page loop exception at pc = 0x00000207273653e0, stub =0x0000020726d55280
[2025-06-18T00:00:30.118+0300][12872][17812][debug][safepoint] ... found polling page loop exception at pc = 0x00000207273653e0, stub =0x0000020726d55280
[2025-06-18T00:00:30.124+0300][12872][7240 ][debug][safepoint] ... found polling page loop exception at pc = 0x00000207273653e0, stub =0x0000020726d55280
[2025-06-18T00:00:30.124+0300][12872][4836 ][debug][safepoint] ... found polling page loop exception at pc = 0x00000207274e7f5b, stub =0x0000020726d55280
[2025-06-18T00:00:30.124+0300][12872][11344][debug][safepoint] ... found polling page loop exception at pc = 0x00000207273768c0, stub =0x0000020726d55b00
[2025-06-18T00:00:30.124+0300][12872][7200 ][debug][safepoint] ... found polling page loop exception at pc = 0x00000207273653e0, stub =0x0000020726d55280
[2025-06-18T00:00:30.132+0300][12872][5460 ][debug][safepoint] ... found polling page loop exception at pc = 0x00000207273653e0, stub =0x0000020726d55280
[2025-06-18T00:00:30.133+0300][12872][4836 ][debug][safepoint] ... found polling page loop exception at pc = 0x00000207273653e0, stub =0x0000020726d55280
[2025-06-18T00:00:30.133+0300][12872][17812][debug][safepoint] ... found polling page loop exception at pc = 0x00000207273653e0, stub =0x0000020726d55280
[2025-06-18T00:00:30.133+0300][12872][7200 ][debug][safepoint] ... found polling page loop exception at pc = 0x00000207273653e0, stub =0x0000020726d55280
[2025-06-18T00:00:30.133+0300][12872][11344][debug][safepoint] ... found polling page loop exception at pc = 0x00000207273564c6, stub =0x0000020726d55b00
[2025-06-18T00:00:30.133+0300][12872][20980][debug][safepoint] ... found polling page loop exception at pc = 0x00000207273653e0, stub =0x0000020726d55280
[2025-06-18T00:00:30.133+0300][12872][5460 ][debug][safepoint] ... found polling page loop exception at pc = 0x000002072736408e, stub =0x0000020726d55b00
[2025-06-18T00:00:30.133+0300][12872][18160][info ][gc,phases] GC(54) Concurrent Mark 32.020ms
[2025-06-18T00:00:30.133+0300][12872][20264][debug][safepoint] Safepoint synchronization initiated using striped semaphore wait barrier. (19 threads)
[2025-06-18T00:00:30.133+0300][12872][20980][debug][safepoint] ... found polling page loop exception at pc = 0x00000207273653e0, stub =0x0000020726d55280
[2025-06-18T00:00:30.133+0300][12872][15720][debug][safepoint] ... found polling page loop exception at pc = 0x00000207273653e0, stub =0x0000020726d55280
[2025-06-18T00:00:30.133+0300][12872][17812][debug][safepoint] ... found polling page loop exception at pc = 0x00000207274e7f5b, stub =0x0000020726d55280
[2025-06-18T00:00:30.133+0300][12872][5460 ][debug][safepoint] ... found polling page loop exception at pc = 0x00000207273564c6, stub =0x0000020726d55b00
[2025-06-18T00:00:30.133+0300][12872][20264][info ][gc,phases] GC(54) Pause Mark End 0.017ms
[2025-06-18T00:00:30.133+0300][12872][20264][info ][safepoint] Safepoint "XMarkEnd", Time since last: 32127900 ns, Reaching safepoint: 263300 ns, Cleanup: 6300 ns, At safepoint: 94600 ns, Total: 364200 ns
[2025-06-18T00:00:30.133+0300][12872][18160][info ][gc,phases] GC(54) Concurrent Mark Free 0.001ms
[2025-06-18T00:00:30.133+0300][12872][18160][debug][gc,phases] GC(54) Concurrent References Process 0.179ms
[2025-06-18T00:00:30.135+0300][12872][18160][debug][gc,phases] GC(54) ClassLoaderData 0.017ms
[2025-06-18T00:00:30.135+0300][12872][18160][debug][gc,phases] GC(54) Trigger cleanups 0.001ms
[2025-06-18T00:00:30.139+0300][12872][18160][debug][gc,phases] GC(54) Concurrent Classes Unlink 5.612ms
[2025-06-18T00:00:30.139+0300][12872][7200 ][debug][safepoint] ... found polling page loop exception at pc = 0x00000207273653e0, stub =0x0000020726d55280
[2025-06-18T00:00:30.139+0300][12872][17812][debug][safepoint] ... found polling page loop exception at pc = 0x00000207273653e0, stub =0x0000020726d55280
[2025-06-18T00:00:30.139+0300][12872][11344][debug][safepoint] ... found polling page loop exception at pc = 0x00000207273653e0, stub =0x0000020726d55280
[2025-06-18T00:00:30.139+0300][12872][4836 ][debug][safepoint] ... found polling page loop exception at pc = 0x000002072737074b, stub =0x0000020726d55b00
[2025-06-18T00:00:30.143+0300][12872][18160][debug][gc,phases] GC(54) Concurrent Classes Purge 0.033ms
[2025-06-18T00:00:30.143+0300][12872][18160][debug][gc,phases] GC(54) Concurrent References Enqueue 0.007ms
[2025-06-18T00:00:30.143+0300][12872][18160][info ][gc,phases] GC(54) Concurrent Process Non-Strong References 10.305ms
[2025-06-18T00:00:30.143+0300][12872][18160][info ][gc,phases] GC(54) Concurrent Reset Relocation Set 0.009ms
[2025-06-18T00:00:30.146+0300][12872][18160][info ][gc,phases] GC(54) Concurrent Select Relocation Set 2.714ms
[2025-06-18T00:00:30.146+0300][12872][20264][debug][safepoint] Safepoint synchronization initiated using striped semaphore wait barrier. (19 threads)
[2025-06-18T00:00:30.146+0300][12872][7240 ][debug][safepoint] ... found polling page loop exception at pc = 0x0000020727386205, stub =0x0000020726d55b00
[2025-06-18T00:00:30.146+0300][12872][20980][debug][safepoint] ... found polling page loop exception at pc = 0x0000020727356360, stub =0x0000020726d55b00
[2025-06-18T00:00:30.146+0300][12872][7200 ][debug][safepoint] ... found polling page loop exception at pc = 0x00000207273653e0, stub =0x0000020726d55280
[2025-06-18T00:00:30.146+0300][12872][11344][debug][safepoint] ... found polling page loop exception at pc = 0x00000207274e7f5b, stub =0x0000020726d55280
[2025-06-18T00:00:30.146+0300][12872][5460 ][debug][safepoint] ... found polling page loop exception at pc = 0x00000207273653e0, stub =0x0000020726d55280
[2025-06-18T00:00:30.146+0300][12872][17812][debug][safepoint] ... found polling page loop exception at pc = 0x00000207273d8d9f, stub =0x0000020726d55b00
[2025-06-18T00:00:30.148+0300][12872][15720][debug][safepoint] ... found polling page loop exception at pc = 0x00000207273653e0, stub =0x0000020726d55280
[2025-06-18T00:00:30.148+0300][12872][20264][info ][gc,phases] GC(54) Pause Relocate Start 0.009ms
[2025-06-18T00:00:30.148+0300][12872][20264][info ][safepoint] Safepoint "XRelocateStart", Time since last: 13219100 ns, Reaching safepoint: 371900 ns, Cleanup: 10800 ns, At safepoint: 66600 ns, Total: 449300 ns
[2025-06-18T00:00:30.148+0300][12872][18160][info ][gc,phases] GC(54) Concurrent Relocate 1.690ms
[2025-06-18T00:00:30.150+0300][12872][18160][debug][gc,heap  ] GC(54) Heap after GC invocations=55 (full 55):
[2025-06-18T00:00:30.150+0300][12872][18160][debug][gc,heap  ] GC(54)  ZHeap           used 176M, capacity 2048M, max capacity 2048M
[2025-06-18T00:00:30.150+0300][12872][18160][debug][gc,heap  ] GC(54)  Metaspace       used 8706K, committed 9664K, reserved 1114112K
[2025-06-18T00:00:30.150+0300][12872][18160][debug][gc,heap  ] GC(54)   class space    used 875K, committed 1280K, reserved 1048576K
[2025-06-18T00:00:30.150+0300][12872][18160][info ][gc,heap  ] GC(54) Min Capacity: 2048M(100%)
[2025-06-18T00:00:30.150+0300][12872][18160][info ][gc,heap  ] GC(54) Max Capacity: 2048M(100%)
[2025-06-18T00:00:30.150+0300][12872][18160][info ][gc,heap  ] GC(54) Soft Max Capacity: 2048M(100%)
[2025-06-18T00:00:30.150+0300][12872][18160][info ][gc,heap  ] GC(54)                Mark Start          Mark End        Relocate Start      Relocate End           High               Low         
[2025-06-18T00:00:30.150+0300][12872][18160][info ][gc,heap  ] GC(54)  Capacity:     2048M (100%)       2048M (100%)       2048M (100%)       2048M (100%)       2048M (100%)       2048M (100%)   
[2025-06-18T00:00:30.150+0300][12872][18160][info ][gc,heap  ] GC(54)      Free:      452M (22%)         358M (17%)        1572M (77%)        1872M (91%)        1872M (91%)         326M (16%)    
[2025-06-18T00:00:30.150+0300][12872][18160][info ][gc,heap  ] GC(54)      Used:     1596M (78%)        1690M (83%)         476M (23%)         176M (9%)         1722M (84%)         176M (9%)     
[2025-06-18T00:00:30.150+0300][12872][18160][info ][gc,heap  ] GC(54)      Live:         -                11M (1%)           11M (1%)           11M (1%)             -                  -          
[2025-06-18T00:00:30.150+0300][12872][18160][info ][gc,heap  ] GC(54) Allocated:         -                94M (5%)          138M (7%)          137M (7%)             -                  -          
[2025-06-18T00:00:30.150+0300][12872][18160][info ][gc,heap  ] GC(54)   Garbage:         -              1584M (77%)         326M (16%)          27M (1%)             -                  -          
[2025-06-18T00:00:30.150+0300][12872][18160][info ][gc,heap  ] GC(54) Reclaimed:         -                  -              1258M (61%)        1557M (76%)            -                  -          
[2025-06-18T00:00:30.150+0300][12872][18160][info ][gc       ] GC(54) Garbage Collection (Allocation Rate) 1596M(78%)->176M(9%)
[2025-06-18T00:00:30.605+0300][12872][18160][debug][gc,heap  ] GC(55) Heap before GC invocations=55 (full 55):
[2025-06-18T00:00:30.605+0300][12872][18160][debug][gc,heap  ] GC(55)  ZHeap           used 1578M, capacity 2048M, max capacity 2048M
[2025-06-18T00:00:30.605+0300][12872][18160][debug][gc,heap  ] GC(55)  Metaspace       used 8706K, committed 9664K, reserved 1114112K
[2025-06-18T00:00:30.605+0300][12872][18160][debug][gc,heap  ] GC(55)   class space    used 875K, committed 1280K, reserved 1048576K
[2025-06-18T00:00:30.605+0300][12872][20264][debug][safepoint] Safepoint synchronization initiated using striped semaphore wait barrier. (19 threads)
[2025-06-18T00:00:30.605+0300][12872][7240 ][debug][safepoint] ... found polling page loop exception at pc = 0x00000207273653e0, stub =0x0000020726d55280
[2025-06-18T00:00:30.605+0300][12872][17812][debug][safepoint] ... found polling page loop exception at pc = 0x00000207273653e0, stub =0x0000020726d55280
[2025-06-18T00:00:30.605+0300][12872][4836 ][debug][safepoint] ... found polling page loop exception at pc = 0x00000207273653e0, stub =0x0000020726d55280
[2025-06-18T00:00:30.605+0300][12872][11344][debug][safepoint] ... found polling page loop exception at pc = 0x00000207273653e0, stub =0x0000020726d55280
[2025-06-18T00:00:30.605+0300][12872][15720][debug][safepoint] ... found polling page loop exception at pc = 0x00000207273653e0, stub =0x0000020726d55280
[2025-06-18T00:00:30.605+0300][12872][20980][debug][safepoint] ... found polling page loop exception at pc = 0x00000207273653e0, stub =0x0000020726d55280
[2025-06-18T00:00:30.605+0300][12872][20264][info ][gc,phases] GC(55) Pause Mark Start 0.009ms
[2025-06-18T00:00:30.605+0300][12872][20264][info ][safepoint] Safepoint "XMarkStart", Time since last: 456854500 ns, Reaching safepoint: 330900 ns, Cleanup: 6000 ns, At safepoint: 71200 ns, Total: 408100 ns
[2025-06-18T00:00:30.619+0300][12872][4836 ][debug][safepoint] ... found polling page loop exception at pc = 0x00000207273653e0, stub =0x0000020726d55280
[2025-06-18T00:00:30.619+0300][12872][20980][debug][safepoint] ... found polling page loop exception at pc = 0x00000207273653e0, stub =0x0000020726d55280
[2025-06-18T00:00:30.619+0300][12872][7200 ][debug][safepoint] ... found polling page loop exception at pc = 0x00000207273653e0, stub =0x0000020726d55280
[2025-06-18T00:00:30.619+0300][12872][11344][debug][safepoint] ... found polling page loop exception at pc = 0x0000020727356360, stub =0x0000020726d55b00
[2025-06-18T00:00:30.619+0300][12872][7240 ][debug][safepoint] ... found polling page loop exception at pc = 0x00000207273653e0, stub =0x0000020726d55280
[2025-06-18T00:00:30.619+0300][12872][15720][debug][safepoint] ... found polling page loop exception at pc = 0x00000207273653e0, stub =0x0000020726d55280
[2025-06-18T00:00:30.621+0300][12872][20980][debug][safepoint] ... found polling page loop exception at pc = 0x00000207273653e0, stub =0x0000020726d55280
[2025-06-18T00:00:30.621+0300][12872][15720][debug][safepoint] ... found polling page loop exception at pc = 0x000002072736408e, stub =0x0000020726d55b00
[2025-06-18T00:00:30.621+0300][12872][17812][debug][safepoint] ... found polling page loop exception at pc = 0x00000207273653e0, stub =0x0000020726d55280
[2025-06-18T00:00:30.621+0300][12872][7200 ][debug][safepoint] ... found polling page loop exception at pc = 0x00000207273564c6, stub =0x0000020726d55b00
[2025-06-18T00:00:30.621+0300][12872][4836 ][debug][safepoint] ... found polling page loop exception at pc = 0x00000207273653e0, stub =0x0000020726d55280
[2025-06-18T00:00:30.621+0300][12872][7240 ][debug][safepoint] ... found polling page loop exception at pc = 0x00000207273653e0, stub =0x0000020726d55280
[2025-06-18T00:00:30.621+0300][12872][5460 ][debug][safepoint] ... found polling page loop exception at pc = 0x00000207274e7f5b, stub =0x0000020726d55280
[2025-06-18T00:00:30.627+0300][12872][20980][debug][safepoint] ... found polling page loop exception at pc = 0x00000207273e1cd9, stub =0x0000020726d55b00
[2025-06-18T00:00:30.627+0300][12872][4836 ][debug][safepoint] ... found polling page loop exception at pc = 0x00000207273ecfdf, stub =0x0000020726d55280
[2025-06-18T00:00:30.627+0300][12872][17812][debug][safepoint] ... found polling page loop exception at pc = 0x00000207273653e0, stub =0x0000020726d55280
[2025-06-18T00:00:30.627+0300][12872][11344][debug][safepoint] ... found polling page loop exception at pc = 0x00000207273564c6, stub =0x0000020726d55b00
[2025-06-18T00:00:30.627+0300][12872][18160][info ][gc,phases] GC(55) Concurrent Mark 21.439ms
[2025-06-18T00:00:30.627+0300][12872][20264][debug][safepoint] Safepoint synchronization initiated using striped semaphore wait barrier. (19 threads)
[2025-06-18T00:00:30.627+0300][12872][17812][debug][safepoint] ... found polling page loop exception at pc = 0x00000207273653e0, stub =0x0000020726d55280
[2025-06-18T00:00:30.627+0300][12872][5460 ][debug][safepoint] ... found polling page loop exception at pc = 0x00000207273653e0, stub =0x0000020726d55280
[2025-06-18T00:00:30.627+0300][12872][7240 ][debug][safepoint] ... found polling page loop exception at pc = 0x000002072735d04c, stub =0x0000020726d55b00
[2025-06-18T00:00:30.627+0300][12872][15720][debug][safepoint] ... found polling page loop exception at pc = 0x00000207273653e0, stub =0x0000020726d55280
[2025-06-18T00:00:30.627+0300][12872][4836 ][debug][safepoint] ... found polling page loop exception at pc = 0x00000207273653e0, stub =0x0000020726d55280
[2025-06-18T00:00:30.627+0300][12872][20264][info ][gc,phases] GC(55) Pause Mark End 0.016ms
[2025-06-18T00:00:30.627+0300][12872][20264][info ][safepoint] Safepoint "XMarkEnd", Time since last: 21534300 ns, Reaching safepoint: 264800 ns, Cleanup: 5700 ns, At safepoint: 70700 ns, Total: 341200 ns
[2025-06-18T00:00:30.627+0300][12872][18160][info ][gc,phases] GC(55) Concurrent Mark Free 0.001ms
[2025-06-18T00:00:30.627+0300][12872][18160][debug][gc,phases] GC(55) Concurrent References Process 0.196ms
[2025-06-18T00:00:30.627+0300][12872][18160][debug][gc,phases] GC(55) ClassLoaderData 0.017ms
[2025-06-18T00:00:30.627+0300][12872][18160][debug][gc,phases] GC(55) Trigger cleanups 0.001ms
[2025-06-18T00:00:30.633+0300][12872][18160][debug][gc,phases] GC(55) Concurrent Classes Unlink 5.430ms
[2025-06-18T00:00:30.633+0300][12872][15720][debug][safepoint] ... found polling page loop exception at pc = 0x00000207273653e0, stub =0x0000020726d55280
[2025-06-18T00:00:30.633+0300][12872][7240 ][debug][safepoint] ... found polling page loop exception at pc = 0x00000207273564c6, stub =0x0000020726d55b00
[2025-06-18T00:00:30.633+0300][12872][20980][debug][safepoint] ... found polling page loop exception at pc = 0x00000207273517fb, stub =0x0000020726d55280
[2025-06-18T00:00:30.633+0300][12872][5460 ][debug][safepoint] ... found polling page loop exception at pc = 0x000002072736408e, stub =0x0000020726d55b00
[2025-06-18T00:00:30.633+0300][12872][11344][debug][safepoint] ... found polling page loop exception at pc = 0x00000207273653e0, stub =0x0000020726d55280
[2025-06-18T00:00:30.633+0300][12872][4836 ][debug][safepoint] ... found polling page loop exception at pc = 0x00000207273653e0, stub =0x0000020726d55280
[2025-06-18T00:00:30.633+0300][12872][17812][debug][safepoint] ... found polling page loop exception at pc = 0x00000207274e762c, stub =0x0000020726d55280
[2025-06-18T00:00:30.633+0300][12872][7200 ][debug][safepoint] ... found polling page loop exception at pc = 0x00000207273653e0, stub =0x0000020726d55280
[2025-06-18T00:00:30.633+0300][12872][18160][debug][gc,phases] GC(55) Concurrent Classes Purge 0.038ms
[2025-06-18T00:00:30.633+0300][12872][18160][debug][gc,phases] GC(55) Concurrent References Enqueue 0.006ms
[2025-06-18T00:00:30.633+0300][12872][18160][info ][gc,phases] GC(55) Concurrent Process Non-Strong References 6.861ms
[2025-06-18T00:00:30.633+0300][12872][18160][info ][gc,phases] GC(55) Concurrent Reset Relocation Set 0.006ms
[2025-06-18T00:00:30.637+0300][12872][18160][info ][gc,phases] GC(55) Concurrent Select Relocation Set 2.687ms
[2025-06-18T00:00:30.637+0300][12872][20264][debug][safepoint] Safepoint synchronization initiated using striped semaphore wait barrier. (19 threads)
[2025-06-18T00:00:30.637+0300][12872][15720][debug][safepoint] ... found polling page loop exception at pc = 0x00000207273653e0, stub =0x0000020726d55280
[2025-06-18T00:00:30.637+0300][12872][7200 ][debug][safepoint] ... found polling page loop exception at pc = 0x000002072736581d, stub =0x0000020726d55280
[2025-06-18T00:00:30.637+0300][12872][4836 ][debug][safepoint] ... found polling page loop exception at pc = 0x00000207273653e0, stub =0x0000020726d55280
[2025-06-18T00:00:30.637+0300][12872][11344][debug][safepoint] ... found polling page loop exception at pc = 0x00000207273e40d6, stub =0x0000020726d55280
[2025-06-18T00:00:30.637+0300][12872][7240 ][debug][safepoint] ... found polling page loop exception at pc = 0x00000207273653e0, stub =0x0000020726d55280
[2025-06-18T00:00:30.637+0300][12872][20980][debug][safepoint] ... found polling page loop exception at pc = 0x00000207273b1586, stub =0x0000020726d55b00
[2025-06-18T00:00:30.637+0300][12872][20264][info ][gc,phases] GC(55) Pause Relocate Start 0.009ms
[2025-06-18T00:00:30.637+0300][12872][20264][info ][safepoint] Safepoint "XRelocateStart", Time since last: 9734800 ns, Reaching safepoint: 369400 ns, Cleanup: 5300 ns, At safepoint: 66000 ns, Total: 440700 ns
[2025-06-18T00:00:30.639+0300][12872][18160][info ][gc,phases] GC(55) Concurrent Relocate 2.059ms
[2025-06-18T00:00:30.639+0300][12872][18160][debug][gc,heap  ] GC(55) Heap after GC invocations=56 (full 56):
[2025-06-18T00:00:30.639+0300][12872][18160][debug][gc,heap  ] GC(55)  ZHeap           used 148M, capacity 2048M, max capacity 2048M
[2025-06-18T00:00:30.639+0300][12872][18160][debug][gc,heap  ] GC(55)  Metaspace       used 8706K, committed 9664K, reserved 1114112K
[2025-06-18T00:00:30.639+0300][12872][18160][debug][gc,heap  ] GC(55)   class space    used 875K, committed 1280K, reserved 1048576K
[2025-06-18T00:00:30.639+0300][12872][18160][info ][gc,heap  ] GC(55) Min Capacity: 2048M(100%)
[2025-06-18T00:00:30.639+0300][12872][18160][info ][gc,heap  ] GC(55) Max Capacity: 2048M(100%)
[2025-06-18T00:00:30.639+0300][12872][18160][info ][gc,heap  ] GC(55) Soft Max Capacity: 2048M(100%)
[2025-06-18T00:00:30.639+0300][12872][18160][info ][gc,heap  ] GC(55)                Mark Start          Mark End        Relocate Start      Relocate End           High               Low         
[2025-06-18T00:00:30.639+0300][12872][18160][info ][gc,heap  ] GC(55)  Capacity:     2048M (100%)       2048M (100%)       2048M (100%)       2048M (100%)       2048M (100%)       2048M (100%)   
[2025-06-18T00:00:30.639+0300][12872][18160][info ][gc,heap  ] GC(55)      Free:      470M (23%)         396M (19%)        1608M (79%)        1900M (93%)        1900M (93%)         374M (18%)    
[2025-06-18T00:00:30.639+0300][12872][18160][info ][gc,heap  ] GC(55)      Used:     1578M (77%)        1652M (81%)         440M (21%)         148M (7%)         1674M (82%)         148M (7%)     
[2025-06-18T00:00:30.639+0300][12872][18160][info ][gc,heap  ] GC(55)      Live:         -                11M (1%)           11M (1%)           11M (1%)             -                  -          
[2025-06-18T00:00:30.639+0300][12872][18160][info ][gc,heap  ] GC(55) Allocated:         -                74M (4%)          110M (5%)          109M (5%)             -                  -          
[2025-06-18T00:00:30.639+0300][12872][18160][info ][gc,heap  ] GC(55)   Garbage:         -              1566M (77%)         318M (16%)          26M (1%)             -                  -          
[2025-06-18T00:00:30.639+0300][12872][18160][info ][gc,heap  ] GC(55) Reclaimed:         -                  -              1248M (61%)        1539M (75%)            -                  -          
[2025-06-18T00:00:30.639+0300][12872][18160][info ][gc       ] GC(55) Garbage Collection (Allocation Rate) 1578M(77%)->148M(7%)
[2025-06-18T00:00:31.111+0300][12872][18160][debug][gc,heap  ] GC(56) Heap before GC invocations=56 (full 56):
[2025-06-18T00:00:31.111+0300][12872][18160][debug][gc,heap  ] GC(56)  ZHeap           used 1700M, capacity 2048M, max capacity 2048M
[2025-06-18T00:00:31.111+0300][12872][18160][debug][gc,heap  ] GC(56)  Metaspace       used 8706K, committed 9664K, reserved 1114112K
[2025-06-18T00:00:31.111+0300][12872][18160][debug][gc,heap  ] GC(56)   class space    used 875K, committed 1280K, reserved 1048576K
[2025-06-18T00:00:31.111+0300][12872][20264][debug][safepoint] Safepoint synchronization initiated using striped semaphore wait barrier. (19 threads)
[2025-06-18T00:00:31.111+0300][12872][17812][debug][safepoint] ... found polling page loop exception at pc = 0x00000207273653e0, stub =0x0000020726d55280
[2025-06-18T00:00:31.111+0300][12872][7240 ][debug][safepoint] ... found polling page loop exception at pc = 0x00000207273653e0, stub =0x0000020726d55280
[2025-06-18T00:00:31.111+0300][12872][7200 ][debug][safepoint] ... found polling page loop exception at pc = 0x00000207274e7f5b, stub =0x0000020726d55280
[2025-06-18T00:00:31.111+0300][12872][5460 ][debug][safepoint] ... found polling page loop exception at pc = 0x000002072736408e, stub =0x0000020726d55b00
[2025-06-18T00:00:31.111+0300][12872][20980][debug][safepoint] ... found polling page loop exception at pc = 0x000002072738c351, stub =0x0000020726d55b00
[2025-06-18T00:00:31.111+0300][12872][11344][debug][safepoint] ... found polling page loop exception at pc = 0x000002072740eb41, stub =0x0000020726d55b00
[2025-06-18T00:00:31.111+0300][12872][4836 ][debug][safepoint] ... found polling page loop exception at pc = 0x00000207273ecfdf, stub =0x0000020726d55280
[2025-06-18T00:00:31.111+0300][12872][20264][info ][gc,phases] GC(56) Pause Mark Start 0.011ms
[2025-06-18T00:00:31.111+0300][12872][20264][info ][safepoint] Safepoint "XMarkStart", Time since last: 473431400 ns, Reaching safepoint: 323000 ns, Cleanup: 7800 ns, At safepoint: 97200 ns, Total: 428000 ns
[2025-06-18T00:00:31.125+0300][12872][5460 ][debug][safepoint] ... found polling page loop exception at pc = 0x00000207273d3995, stub =0x0000020726d55b00
[2025-06-18T00:00:31.125+0300][12872][7240 ][debug][safepoint] ... found polling page loop exception at pc = 0x000002072740bb5e, stub =0x0000020726d55b00
[2025-06-18T00:00:31.125+0300][12872][15720][debug][safepoint] ... found polling page loop exception at pc = 0x00000207273653e0, stub =0x0000020726d55280
[2025-06-18T00:00:31.129+0300][12872][17812][debug][safepoint] ... found polling page loop exception at pc = 0x00000207273653e0, stub =0x0000020726d55280
[2025-06-18T00:00:31.159+0300][12872][5460 ][debug][safepoint] ... found polling page loop exception at pc = 0x00000207273653e0, stub =0x0000020726d55280
[2025-06-18T00:00:31.159+0300][12872][11344][debug][safepoint] ... found polling page loop exception at pc = 0x00000207273653e0, stub =0x0000020726d55280
[2025-06-18T00:00:31.159+0300][12872][7240 ][debug][safepoint] ... found polling page loop exception at pc = 0x00000207273653e0, stub =0x0000020726d55280
[2025-06-18T00:00:31.159+0300][12872][15720][debug][safepoint] ... found polling page loop exception at pc = 0x00000207273653e0, stub =0x0000020726d55280
[2025-06-18T00:00:31.159+0300][12872][4836 ][debug][safepoint] ... found polling page loop exception at pc = 0x00000207273653e0, stub =0x0000020726d55280
[2025-06-18T00:00:31.159+0300][12872][7200 ][debug][safepoint] ... found polling page loop exception at pc = 0x000002072737074b, stub =0x0000020726d55b00
[2025-06-18T00:00:31.159+0300][12872][4836 ][debug][safepoint] ... found polling page loop exception at pc = 0x00000207273653e0, stub =0x0000020726d55280
[2025-06-18T00:00:31.159+0300][12872][15720][debug][safepoint] ... found polling page loop exception at pc = 0x00000207273564c6, stub =0x0000020726d55b00
[2025-06-18T00:00:31.159+0300][12872][11344][debug][safepoint] ... found polling page loop exception at pc = 0x00000207273653e0, stub =0x0000020726d55280
[2025-06-18T00:00:31.159+0300][12872][7240 ][debug][safepoint] ... found polling page loop exception at pc = 0x0000020727356360, stub =0x0000020726d55b00
[2025-06-18T00:00:31.159+0300][12872][5460 ][debug][safepoint] ... found polling page loop exception at pc = 0x00000207273653e0, stub =0x0000020726d55280
[2025-06-18T00:00:31.159+0300][12872][17812][debug][safepoint] ... found polling page loop exception at pc = 0x00000207273564c6, stub =0x0000020726d55b00
[2025-06-18T00:00:31.174+0300][12872][18160][info ][gc,phases] GC(56) Concurrent Mark 62.866ms
[2025-06-18T00:00:31.174+0300][12872][20264][debug][safepoint] Safepoint synchronization initiated using striped semaphore wait barrier. (19 threads)
[2025-06-18T00:00:31.174+0300][12872][15720][debug][safepoint] ... found polling page loop exception at pc = 0x00000207273653e0, stub =0x0000020726d55280
[2025-06-18T00:00:31.174+0300][12872][11344][debug][safepoint] ... found polling page loop exception at pc = 0x00000207273653e0, stub =0x0000020726d55280
[2025-06-18T00:00:31.174+0300][12872][5460 ][debug][safepoint] ... found polling page loop exception at pc = 0x000002072736408e, stub =0x0000020726d55b00
[2025-06-18T00:00:31.174+0300][12872][7200 ][debug][safepoint] ... found polling page loop exception at pc = 0x00000207273653e0, stub =0x0000020726d55280
[2025-06-18T00:00:31.174+0300][12872][20980][debug][safepoint] ... found polling page loop exception at pc = 0x00000207273653e0, stub =0x0000020726d55280
[2025-06-18T00:00:31.174+0300][12872][20264][info ][gc,phases] GC(56) Pause Mark End 0.092ms
[2025-06-18T00:00:31.174+0300][12872][20264][info ][safepoint] Safepoint "XMarkEnd", Time since last: 63014600 ns, Reaching safepoint: 333400 ns, Cleanup: 12200 ns, At safepoint: 148500 ns, Total: 494100 ns
[2025-06-18T00:00:31.174+0300][12872][18160][info ][gc,phases] GC(56) Concurrent Mark Free 0.001ms
[2025-06-18T00:00:31.174+0300][12872][18160][debug][gc,phases] GC(56) Concurrent References Process 0.162ms
[2025-06-18T00:00:31.174+0300][12872][18160][debug][gc,phases] GC(56) ClassLoaderData 0.018ms
[2025-06-18T00:00:31.174+0300][12872][18160][debug][gc,phases] GC(56) Trigger cleanups 0.001ms
[2025-06-18T00:00:31.180+0300][12872][18160][debug][gc,phases] GC(56) Concurrent Classes Unlink 5.594ms
[2025-06-18T00:00:31.180+0300][12872][17812][debug][safepoint] ... found polling page loop exception at pc = 0x00000207273653e0, stub =0x0000020726d55280
[2025-06-18T00:00:31.180+0300][12872][15720][debug][safepoint] ... found polling page loop exception at pc = 0x000002072737074b, stub =0x0000020726d55b00
[2025-06-18T00:00:31.180+0300][12872][5460 ][debug][safepoint] ... found polling page loop exception at pc = 0x00000207273653e0, stub =0x0000020726d55280
[2025-06-18T00:00:31.180+0300][12872][20980][debug][safepoint] ... found polling page loop exception at pc = 0x00000207274e7f5b, stub =0x0000020726d55280
[2025-06-18T00:00:31.180+0300][12872][7200 ][debug][safepoint] ... found polling page loop exception at pc = 0x000002072738c351, stub =0x0000020726d55b00
[2025-06-18T00:00:31.180+0300][12872][4836 ][debug][safepoint] ... found polling page loop exception at pc = 0x00000207273653e0, stub =0x0000020726d55280
[2025-06-18T00:00:31.180+0300][12872][11344][debug][safepoint] ... found polling page loop exception at pc = 0x00000207273653e0, stub =0x0000020726d55280
[2025-06-18T00:00:31.190+0300][12872][18160][debug][gc,phases] GC(56) Concurrent Classes Purge 0.076ms
[2025-06-18T00:00:31.190+0300][12872][18160][debug][gc,phases] GC(56) Concurrent References Enqueue 0.007ms
[2025-06-18T00:00:31.190+0300][12872][18160][info ][gc,phases] GC(56) Concurrent Process Non-Strong References 15.281ms
[2025-06-18T00:00:31.190+0300][12872][18160][info ][gc,phases] GC(56) Concurrent Reset Relocation Set 0.009ms
[2025-06-18T00:00:31.192+0300][12872][18160][info ][gc,phases] GC(56) Concurrent Select Relocation Set 2.959ms
[2025-06-18T00:00:31.192+0300][12872][20264][debug][safepoint] Safepoint synchronization initiated using striped semaphore wait barrier. (19 threads)
[2025-06-18T00:00:31.192+0300][12872][20980][debug][safepoint] ... found polling page loop exception at pc = 0x0000020727376743, stub =0x0000020726d55b00
[2025-06-18T00:00:31.192+0300][12872][11344][debug][safepoint] ... found polling page loop exception at pc = 0x00000207273564c6, stub =0x0000020726d55b00
[2025-06-18T00:00:31.192+0300][12872][7200 ][debug][safepoint] ... found polling page loop exception at pc = 0x00000207273653e0, stub =0x0000020726d55280
[2025-06-18T00:00:31.192+0300][12872][20264][info ][gc,phases] GC(56) Pause Relocate Start 0.015ms
[2025-06-18T00:00:31.192+0300][12872][20264][info ][safepoint] Safepoint "XRelocateStart", Time since last: 18479800 ns, Reaching safepoint: 217100 ns, Cleanup: 8000 ns, At safepoint: 102700 ns, Total: 327800 ns
[2025-06-18T00:00:31.196+0300][12872][18160][info ][gc,phases] GC(56) Concurrent Relocate 1.781ms
[2025-06-18T00:00:31.196+0300][12872][18160][debug][gc,heap  ] GC(56) Heap after GC invocations=57 (full 57):
[2025-06-18T00:00:31.196+0300][12872][18160][debug][gc,heap  ] GC(56)  ZHeap           used 256M, capacity 2048M, max capacity 2048M
[2025-06-18T00:00:31.196+0300][12872][18160][debug][gc,heap  ] GC(56)  Metaspace       used 8706K, committed 9664K, reserved 1114112K
[2025-06-18T00:00:31.196+0300][12872][18160][debug][gc,heap  ] GC(56)   class space    used 875K, committed 1280K, reserved 1048576K
[2025-06-18T00:00:31.196+0300][12872][18160][info ][gc,heap  ] GC(56) Min Capacity: 2048M(100%)
[2025-06-18T00:00:31.196+0300][12872][18160][info ][gc,heap  ] GC(56) Max Capacity: 2048M(100%)
[2025-06-18T00:00:31.196+0300][12872][18160][info ][gc,heap  ] GC(56) Soft Max Capacity: 2048M(100%)
[2025-06-18T00:00:31.196+0300][12872][18160][info ][gc,heap  ] GC(56)                Mark Start          Mark End        Relocate Start      Relocate End           High               Low         
[2025-06-18T00:00:31.196+0300][12872][18160][info ][gc,heap  ] GC(56)  Capacity:     2048M (100%)       2048M (100%)       2048M (100%)       2048M (100%)       2048M (100%)       2048M (100%)   
[2025-06-18T00:00:31.196+0300][12872][18160][info ][gc,heap  ] GC(56)      Free:      348M (17%)         182M (9%)         1490M (73%)        1792M (88%)        1794M (88%)         136M (7%)     
[2025-06-18T00:00:31.196+0300][12872][18160][info ][gc,heap  ] GC(56)      Used:     1700M (83%)        1866M (91%)         558M (27%)         256M (12%)        1912M (93%)         254M (12%)    
[2025-06-18T00:00:31.196+0300][12872][18160][info ][gc,heap  ] GC(56)      Live:         -                11M (1%)           11M (1%)           11M (1%)             -                  -          
[2025-06-18T00:00:31.196+0300][12872][18160][info ][gc,heap  ] GC(56) Allocated:         -               166M (8%)          214M (10%)         217M (11%)            -                  -          
[2025-06-18T00:00:31.196+0300][12872][18160][info ][gc,heap  ] GC(56)   Garbage:         -              1688M (82%)         332M (16%)          26M (1%)             -                  -          
[2025-06-18T00:00:31.196+0300][12872][18160][info ][gc,heap  ] GC(56) Reclaimed:         -                  -              1356M (66%)        1661M (81%)            -                  -          
[2025-06-18T00:00:31.196+0300][12872][18160][info ][gc       ] GC(56) Garbage Collection (Allocation Rate) 1700M(83%)->256M(12%)
[2025-06-18T00:00:31.602+0300][12872][18160][debug][gc,heap  ] GC(57) Heap before GC invocations=57 (full 57):
[2025-06-18T00:00:31.602+0300][12872][18160][debug][gc,heap  ] GC(57)  ZHeap           used 1440M, capacity 2048M, max capacity 2048M
[2025-06-18T00:00:31.602+0300][12872][18160][debug][gc,heap  ] GC(57)  Metaspace       used 8706K, committed 9664K, reserved 1114112K
[2025-06-18T00:00:31.602+0300][12872][18160][debug][gc,heap  ] GC(57)   class space    used 875K, committed 1280K, reserved 1048576K
[2025-06-18T00:00:31.602+0300][12872][20264][debug][safepoint] Safepoint synchronization initiated using striped semaphore wait barrier. (19 threads)
[2025-06-18T00:00:31.602+0300][12872][15720][debug][safepoint] ... found polling page loop exception at pc = 0x00000207273653e0, stub =0x0000020726d55280
[2025-06-18T00:00:31.602+0300][12872][11344][debug][safepoint] ... found polling page loop exception at pc = 0x00000207273e40d6, stub =0x0000020726d55280
[2025-06-18T00:00:31.602+0300][12872][5460 ][debug][safepoint] ... found polling page loop exception at pc = 0x00000207273653e0, stub =0x0000020726d55280
[2025-06-18T00:00:31.602+0300][12872][7200 ][debug][safepoint] ... found polling page loop exception at pc = 0x00000207273653e0, stub =0x0000020726d55280
[2025-06-18T00:00:31.602+0300][12872][7240 ][debug][safepoint] ... found polling page loop exception at pc = 0x000002072735d04c, stub =0x0000020726d55b00
[2025-06-18T00:00:31.602+0300][12872][4836 ][debug][safepoint] ... found polling page loop exception at pc = 0x00000207273653e0, stub =0x0000020726d55280
[2025-06-18T00:00:31.602+0300][12872][17812][debug][safepoint] ... found polling page loop exception at pc = 0x00000207273653e0, stub =0x0000020726d55280
[2025-06-18T00:00:31.602+0300][12872][20264][info ][gc,phases] GC(57) Pause Mark Start 0.011ms
[2025-06-18T00:00:31.602+0300][12872][20264][info ][safepoint] Safepoint "XMarkStart", Time since last: 408215000 ns, Reaching safepoint: 361800 ns, Cleanup: 6400 ns, At safepoint: 95700 ns, Total: 463900 ns
[2025-06-18T00:00:31.616+0300][12872][7240 ][debug][safepoint] ... found polling page loop exception at pc = 0x00000207273653e0, stub =0x0000020726d55280
[2025-06-18T00:00:31.616+0300][12872][17812][debug][safepoint] ... found polling page loop exception at pc = 0x00000207273653e0, stub =0x0000020726d55280
[2025-06-18T00:00:31.616+0300][12872][11344][debug][safepoint] ... found polling page loop exception at pc = 0x000002072736408e, stub =0x0000020726d55b00
[2025-06-18T00:00:31.616+0300][12872][20980][debug][safepoint] ... found polling page loop exception at pc = 0x00000207273653e0, stub =0x0000020726d55280
[2025-06-18T00:00:31.616+0300][12872][7200 ][debug][safepoint] ... found polling page loop exception at pc = 0x00000207273653e0, stub =0x0000020726d55280
[2025-06-18T00:00:31.634+0300][12872][15720][debug][safepoint] ... found polling page loop exception at pc = 0x000002072735d04c, stub =0x0000020726d55b00
[2025-06-18T00:00:31.634+0300][12872][17812][debug][safepoint] ... found polling page loop exception at pc = 0x000002072737074b, stub =0x0000020726d55b00
[2025-06-18T00:00:31.634+0300][12872][5460 ][debug][safepoint] ... found polling page loop exception at pc = 0x0000020727356360, stub =0x0000020726d55b00
[2025-06-18T00:00:31.634+0300][12872][7200 ][debug][safepoint] ... found polling page loop exception at pc = 0x0000020727356360, stub =0x0000020726d55b00
[2025-06-18T00:00:31.638+0300][12872][4836 ][debug][safepoint] ... found polling page loop exception at pc = 0x00000207273653e0, stub =0x0000020726d55280
[2025-06-18T00:00:31.649+0300][12872][15720][debug][safepoint] ... found polling page loop exception at pc = 0x00000207273653e0, stub =0x0000020726d55280
[2025-06-18T00:00:31.649+0300][12872][7200 ][debug][safepoint] ... found polling page loop exception at pc = 0x00000207274e7f5b, stub =0x0000020726d55280
[2025-06-18T00:00:31.649+0300][12872][11344][debug][safepoint] ... found polling page loop exception at pc = 0x0000020727364360, stub =0x0000020726d55b00
[2025-06-18T00:00:31.649+0300][12872][17812][debug][safepoint] ... found polling page loop exception at pc = 0x00000207273653e0, stub =0x0000020726d55280
[2025-06-18T00:00:31.649+0300][12872][7240 ][debug][safepoint] ... found polling page loop exception at pc = 0x0000020727456699, stub =0x0000020726d55280
[2025-06-18T00:00:31.649+0300][12872][7200 ][debug][safepoint] ... found polling page loop exception at pc = 0x00000207273ecfdf, stub =0x0000020726d55280
[2025-06-18T00:00:31.649+0300][12872][17812][debug][safepoint] ... found polling page loop exception at pc = 0x00000207273564c6, stub =0x0000020726d55b00
[2025-06-18T00:00:31.649+0300][12872][11344][debug][safepoint] ... found polling page loop exception at pc = 0x00000207273653e0, stub =0x0000020726d55280
[2025-06-18T00:00:31.649+0300][12872][4836 ][debug][safepoint] ... found polling page loop exception at pc = 0x00000207273653e0, stub =0x0000020726d55280
[2025-06-18T00:00:31.653+0300][12872][15720][debug][safepoint] ... found polling page loop exception at pc = 0x00000207273653e0, stub =0x0000020726d55280
[2025-06-18T00:00:31.665+0300][12872][18160][info ][gc,phases] GC(57) Concurrent Mark 62.823ms
[2025-06-18T00:00:31.665+0300][12872][20264][debug][safepoint] Safepoint synchronization initiated using striped semaphore wait barrier. (19 threads)
[2025-06-18T00:00:31.665+0300][12872][11344][debug][safepoint] ... found polling page loop exception at pc = 0x00000207274e7f5b, stub =0x0000020726d55280
[2025-06-18T00:00:31.665+0300][12872][20980][debug][safepoint] ... found polling page loop exception at pc = 0x00000207273653e0, stub =0x0000020726d55280
[2025-06-18T00:00:31.665+0300][12872][7240 ][debug][safepoint] ... found polling page loop exception at pc = 0x00000207273653e0, stub =0x0000020726d55280
[2025-06-18T00:00:31.665+0300][12872][15720][debug][safepoint] ... found polling page loop exception at pc = 0x00000207273653e0, stub =0x0000020726d55280
[2025-06-18T00:00:31.665+0300][12872][17812][debug][safepoint] ... found polling page loop exception at pc = 0x00000207273653e0, stub =0x0000020726d55280
[2025-06-18T00:00:31.665+0300][12872][5460 ][debug][safepoint] ... found polling page loop exception at pc = 0x00000207273653e0, stub =0x0000020726d55280
[2025-06-18T00:00:31.665+0300][12872][20264][info ][gc,phases] GC(57) Pause Mark End 0.016ms
[2025-06-18T00:00:31.665+0300][12872][20264][info ][safepoint] Safepoint "XMarkEnd", Time since last: 62949700 ns, Reaching safepoint: 338000 ns, Cleanup: 6000 ns, At safepoint: 69100 ns, Total: 413100 ns
[2025-06-18T00:00:31.665+0300][12872][18160][info ][gc,phases] GC(57) Concurrent Mark Free 0.001ms
[2025-06-18T00:00:31.665+0300][12872][18160][debug][gc,phases] GC(57) Concurrent References Process 0.203ms
[2025-06-18T00:00:31.665+0300][12872][18160][debug][gc,phases] GC(57) ClassLoaderData 0.018ms
[2025-06-18T00:00:31.665+0300][12872][18160][debug][gc,phases] GC(57) Trigger cleanups 0.001ms
[2025-06-18T00:00:31.671+0300][12872][18160][debug][gc,phases] GC(57) Concurrent Classes Unlink 5.458ms
[2025-06-18T00:00:31.671+0300][12872][7240 ][debug][safepoint] ... found polling page loop exception at pc = 0x00000207273564c6, stub =0x0000020726d55b00
[2025-06-18T00:00:31.671+0300][12872][11344][debug][safepoint] ... found polling page loop exception at pc = 0x00000207273653e0, stub =0x0000020726d55280
[2025-06-18T00:00:31.671+0300][12872][5460 ][debug][safepoint] ... found polling page loop exception at pc = 0x00000207273653e0, stub =0x0000020726d55280
[2025-06-18T00:00:31.671+0300][12872][7200 ][debug][safepoint] ... found polling page loop exception at pc = 0x00000207273653e0, stub =0x0000020726d55280
[2025-06-18T00:00:31.671+0300][12872][15720][debug][safepoint] ... found polling page loop exception at pc = 0x00000207273653e0, stub =0x0000020726d55280
[2025-06-18T00:00:31.673+0300][12872][18160][debug][gc,phases] GC(57) Concurrent Classes Purge 0.056ms
[2025-06-18T00:00:31.673+0300][12872][18160][debug][gc,phases] GC(57) Concurrent References Enqueue 0.007ms
[2025-06-18T00:00:31.673+0300][12872][18160][info ][gc,phases] GC(57) Concurrent Process Non-Strong References 7.838ms
[2025-06-18T00:00:31.673+0300][12872][18160][info ][gc,phases] GC(57) Concurrent Reset Relocation Set 0.006ms
[2025-06-18T00:00:31.675+0300][12872][18160][info ][gc,phases] GC(57) Concurrent Select Relocation Set 2.716ms
[2025-06-18T00:00:31.675+0300][12872][20264][debug][safepoint] Safepoint synchronization initiated using striped semaphore wait barrier. (19 threads)
[2025-06-18T00:00:31.675+0300][12872][17812][debug][safepoint] ... found polling page loop exception at pc = 0x00000207273e1cd9, stub =0x0000020726d55b00
[2025-06-18T00:00:31.675+0300][12872][5460 ][debug][safepoint] ... found polling page loop exception at pc = 0x00000207273653e0, stub =0x0000020726d55280
[2025-06-18T00:00:31.675+0300][12872][11344][debug][safepoint] ... found polling page loop exception at pc = 0x00000207273653e0, stub =0x0000020726d55280
[2025-06-18T00:00:31.675+0300][12872][20980][debug][safepoint] ... found polling page loop exception at pc = 0x00000207273653e0, stub =0x0000020726d55280
[2025-06-18T00:00:31.675+0300][12872][20264][info ][gc,phases] GC(57) Pause Relocate Start 0.009ms
[2025-06-18T00:00:31.675+0300][12872][20264][info ][safepoint] Safepoint "XRelocateStart", Time since last: 10748500 ns, Reaching safepoint: 307900 ns, Cleanup: 5400 ns, At safepoint: 64100 ns, Total: 377400 ns
[2025-06-18T00:00:31.679+0300][12872][18160][info ][gc,phases] GC(57) Concurrent Relocate 1.712ms
[2025-06-18T00:00:31.679+0300][12872][18160][debug][gc,heap  ] GC(57) Heap after GC invocations=58 (full 58):
[2025-06-18T00:00:31.679+0300][12872][18160][debug][gc,heap  ] GC(57)  ZHeap           used 262M, capacity 2048M, max capacity 2048M
[2025-06-18T00:00:31.679+0300][12872][18160][debug][gc,heap  ] GC(57)  Metaspace       used 8706K, committed 9664K, reserved 1114112K
[2025-06-18T00:00:31.679+0300][12872][18160][debug][gc,heap  ] GC(57)   class space    used 875K, committed 1280K, reserved 1048576K
[2025-06-18T00:00:31.679+0300][12872][18160][info ][gc,heap  ] GC(57) Min Capacity: 2048M(100%)
[2025-06-18T00:00:31.679+0300][12872][18160][info ][gc,heap  ] GC(57) Max Capacity: 2048M(100%)
[2025-06-18T00:00:31.679+0300][12872][18160][info ][gc,heap  ] GC(57) Soft Max Capacity: 2048M(100%)
[2025-06-18T00:00:31.679+0300][12872][18160][info ][gc,heap  ] GC(57)                Mark Start          Mark End        Relocate Start      Relocate End           High               Low         
[2025-06-18T00:00:31.679+0300][12872][18160][info ][gc,heap  ] GC(57)  Capacity:     2048M (100%)       2048M (100%)       2048M (100%)       2048M (100%)       2048M (100%)       2048M (100%)   
[2025-06-18T00:00:31.679+0300][12872][18160][info ][gc,heap  ] GC(57)      Free:      608M (30%)         420M (21%)        1516M (74%)        1786M (87%)        1788M (87%)         400M (20%)    
[2025-06-18T00:00:31.679+0300][12872][18160][info ][gc,heap  ] GC(57)      Used:     1440M (70%)        1628M (79%)         532M (26%)         262M (13%)        1648M (80%)         260M (13%)    
[2025-06-18T00:00:31.679+0300][12872][18160][info ][gc,heap  ] GC(57)      Live:         -                11M (1%)           11M (1%)           11M (1%)             -                  -          
[2025-06-18T00:00:31.679+0300][12872][18160][info ][gc,heap  ] GC(57) Allocated:         -               188M (9%)          218M (11%)         223M (11%)            -                  -          
[2025-06-18T00:00:31.679+0300][12872][18160][info ][gc,heap  ] GC(57)   Garbage:         -              1428M (70%)         302M (15%)          26M (1%)             -                  -          
[2025-06-18T00:00:31.679+0300][12872][18160][info ][gc,heap  ] GC(57) Reclaimed:         -                  -              1126M (55%)        1401M (68%)            -                  -          
[2025-06-18T00:00:31.679+0300][12872][18160][info ][gc       ] GC(57) Garbage Collection (Allocation Rate) 1440M(70%)->262M(13%)
[2025-06-18T00:00:32.104+0300][12872][18160][debug][gc,heap  ] GC(58) Heap before GC invocations=58 (full 58):
[2025-06-18T00:00:32.104+0300][12872][18160][debug][gc,heap  ] GC(58)  ZHeap           used 1420M, capacity 2048M, max capacity 2048M
[2025-06-18T00:00:32.104+0300][12872][18160][debug][gc,heap  ] GC(58)  Metaspace       used 8706K, committed 9664K, reserved 1114112K
[2025-06-18T00:00:32.104+0300][12872][18160][debug][gc,heap  ] GC(58)   class space    used 875K, committed 1280K, reserved 1048576K
[2025-06-18T00:00:32.104+0300][12872][20264][debug][safepoint] Safepoint synchronization initiated using striped semaphore wait barrier. (19 threads)
[2025-06-18T00:00:32.104+0300][12872][7200 ][debug][safepoint] ... found polling page loop exception at pc = 0x00000207273653e0, stub =0x0000020726d55280
[2025-06-18T00:00:32.104+0300][12872][7240 ][debug][safepoint] ... found polling page loop exception at pc = 0x00000207273653e0, stub =0x0000020726d55280
[2025-06-18T00:00:32.104+0300][12872][5460 ][debug][safepoint] ... found polling page loop exception at pc = 0x00000207273653e0, stub =0x0000020726d55280
[2025-06-18T00:00:32.104+0300][12872][20980][debug][safepoint] ... found polling page loop exception at pc = 0x0000020727386205, stub =0x0000020726d55b00
[2025-06-18T00:00:32.104+0300][12872][15720][debug][safepoint] ... found polling page loop exception at pc = 0x00000207273653e0, stub =0x0000020726d55280
[2025-06-18T00:00:32.104+0300][12872][11344][debug][safepoint] ... found polling page loop exception at pc = 0x00000207273653e0, stub =0x0000020726d55280
[2025-06-18T00:00:32.104+0300][12872][20264][info ][gc,phases] GC(58) Pause Mark Start 0.012ms
[2025-06-18T00:00:32.104+0300][12872][20264][info ][safepoint] Safepoint "XMarkStart", Time since last: 427090100 ns, Reaching safepoint: 423500 ns, Cleanup: 18100 ns, At safepoint: 106800 ns, Total: 548400 ns
[2025-06-18T00:00:32.119+0300][12872][7240 ][debug][safepoint] ... found polling page loop exception at pc = 0x00000207273653e0, stub =0x0000020726d55280
[2025-06-18T00:00:32.119+0300][12872][15720][debug][safepoint] ... found polling page loop exception at pc = 0x00000207273fa0c2, stub =0x0000020726d55280
[2025-06-18T00:00:32.119+0300][12872][11344][debug][safepoint] ... found polling page loop exception at pc = 0x00000207273653e0, stub =0x0000020726d55280
[2025-06-18T00:00:32.119+0300][12872][17812][debug][safepoint] ... found polling page loop exception at pc = 0x00000207273653e0, stub =0x0000020726d55280
[2025-06-18T00:00:32.119+0300][12872][4836 ][debug][safepoint] ... found polling page loop exception at pc = 0x00000207273653e0, stub =0x0000020726d55280
[2025-06-18T00:00:32.119+0300][12872][5460 ][debug][safepoint] ... found polling page loop exception at pc = 0x00000207273653e0, stub =0x0000020726d55280
[2025-06-18T00:00:32.121+0300][12872][11344][debug][safepoint] ... found polling page loop exception at pc = 0x00000207273653e0, stub =0x0000020726d55280
[2025-06-18T00:00:32.121+0300][12872][5460 ][debug][safepoint] ... found polling page loop exception at pc = 0x00000207273653e0, stub =0x0000020726d55280
[2025-06-18T00:00:32.121+0300][12872][7200 ][debug][safepoint] ... found polling page loop exception at pc = 0x00000207273653e0, stub =0x0000020726d55280
[2025-06-18T00:00:32.121+0300][12872][15720][debug][safepoint] ... found polling page loop exception at pc = 0x00000207274e7f5b, stub =0x0000020726d55280
[2025-06-18T00:00:32.121+0300][12872][7240 ][debug][safepoint] ... found polling page loop exception at pc = 0x00000207273653e0, stub =0x0000020726d55280
[2025-06-18T00:00:32.121+0300][12872][5460 ][debug][safepoint] ... found polling page loop exception at pc = 0x00000207274e762c, stub =0x0000020726d55280
[2025-06-18T00:00:32.121+0300][12872][7200 ][debug][safepoint] ... found polling page loop exception at pc = 0x00000207273653e0, stub =0x0000020726d55280
[2025-06-18T00:00:32.121+0300][12872][11344][debug][safepoint] ... found polling page loop exception at pc = 0x00000207273653e0, stub =0x0000020726d55280
[2025-06-18T00:00:32.121+0300][12872][15720][debug][safepoint] ... found polling page loop exception at pc = 0x000002072736408e, stub =0x0000020726d55b00
[2025-06-18T00:00:32.121+0300][12872][20980][debug][safepoint] ... found polling page loop exception at pc = 0x00000207273f8903, stub =0x0000020726d55280
[2025-06-18T00:00:32.121+0300][12872][7240 ][debug][safepoint] ... found polling page loop exception at pc = 0x00000207273653e0, stub =0x0000020726d55280
[2025-06-18T00:00:32.121+0300][12872][4836 ][debug][safepoint] ... found polling page loop exception at pc = 0x00000207273653e0, stub =0x0000020726d55280
[2025-06-18T00:00:32.121+0300][12872][17812][debug][safepoint] ... found polling page loop exception at pc = 0x00000207273d3995, stub =0x0000020726d55b00
[2025-06-18T00:00:32.135+0300][12872][18160][info ][gc,phases] GC(58) Concurrent Mark 30.676ms
[2025-06-18T00:00:32.135+0300][12872][20264][debug][safepoint] Safepoint synchronization initiated using striped semaphore wait barrier. (19 threads)
[2025-06-18T00:00:32.135+0300][12872][5460 ][debug][safepoint] ... found polling page loop exception at pc = 0x00000207273653e0, stub =0x0000020726d55280
[2025-06-18T00:00:32.135+0300][12872][7200 ][debug][safepoint] ... found polling page loop exception at pc = 0x00000207273653e0, stub =0x0000020726d55280
[2025-06-18T00:00:32.135+0300][12872][4836 ][debug][safepoint] ... found polling page loop exception at pc = 0x00000207273653e0, stub =0x0000020726d55280
[2025-06-18T00:00:32.135+0300][12872][7240 ][debug][safepoint] ... found polling page loop exception at pc = 0x00000207273653e0, stub =0x0000020726d55280
[2025-06-18T00:00:32.135+0300][12872][20264][info ][gc,phases] GC(58) Pause Mark End 0.019ms
[2025-06-18T00:00:32.135+0300][12872][20264][info ][safepoint] Safepoint "XMarkEnd", Time since last: 30805900 ns, Reaching safepoint: 279700 ns, Cleanup: 7200 ns, At safepoint: 89700 ns, Total: 376600 ns
[2025-06-18T00:00:32.135+0300][12872][18160][info ][gc,phases] GC(58) Concurrent Mark Free 0.001ms
[2025-06-18T00:00:32.135+0300][12872][18160][debug][gc,phases] GC(58) Concurrent References Process 0.174ms
[2025-06-18T00:00:32.135+0300][12872][18160][debug][gc,phases] GC(58) ClassLoaderData 0.018ms
[2025-06-18T00:00:32.135+0300][12872][18160][debug][gc,phases] GC(58) Trigger cleanups 0.001ms
[2025-06-18T00:00:32.141+0300][12872][18160][debug][gc,phases] GC(58) Concurrent Classes Unlink 5.834ms
[2025-06-18T00:00:32.141+0300][12872][7200 ][debug][safepoint] ... found polling page loop exception at pc = 0x00000207273564c6, stub =0x0000020726d55b00
[2025-06-18T00:00:32.141+0300][12872][11344][debug][safepoint] ... found polling page loop exception at pc = 0x00000207273653e0, stub =0x0000020726d55280
[2025-06-18T00:00:32.141+0300][12872][17812][debug][safepoint] ... found polling page loop exception at pc = 0x00000207273653e0, stub =0x0000020726d55280
[2025-06-18T00:00:32.141+0300][12872][20980][debug][safepoint] ... found polling page loop exception at pc = 0x000002072744aa1e, stub =0x0000020726d55b00
[2025-06-18T00:00:32.141+0300][12872][4836 ][debug][safepoint] ... found polling page loop exception at pc = 0x00000207273653e0, stub =0x0000020726d55280
[2025-06-18T00:00:32.141+0300][12872][5460 ][debug][safepoint] ... found polling page loop exception at pc = 0x00000207273564c6, stub =0x0000020726d55b00
[2025-06-18T00:00:32.143+0300][12872][18160][debug][gc,phases] GC(58) Concurrent Classes Purge 0.053ms
[2025-06-18T00:00:32.143+0300][12872][18160][debug][gc,phases] GC(58) Concurrent References Enqueue 0.006ms
[2025-06-18T00:00:32.143+0300][12872][18160][info ][gc,phases] GC(58) Concurrent Process Non-Strong References 8.291ms
[2025-06-18T00:00:32.143+0300][12872][18160][info ][gc,phases] GC(58) Concurrent Reset Relocation Set 0.009ms
[2025-06-18T00:00:32.145+0300][12872][18160][info ][gc,phases] GC(58) Concurrent Select Relocation Set 2.816ms
[2025-06-18T00:00:32.145+0300][12872][20264][debug][safepoint] Safepoint synchronization initiated using striped semaphore wait barrier. (19 threads)
[2025-06-18T00:00:32.145+0300][12872][4836 ][debug][safepoint] ... found polling page loop exception at pc = 0x00000207273653e0, stub =0x0000020726d55280
[2025-06-18T00:00:32.145+0300][12872][5460 ][debug][safepoint] ... found polling page loop exception at pc = 0x00000207273653e0, stub =0x0000020726d55280
[2025-06-18T00:00:32.145+0300][12872][20980][debug][safepoint] ... found polling page loop exception at pc = 0x00000207273653e0, stub =0x0000020726d55280
[2025-06-18T00:00:32.145+0300][12872][11344][debug][safepoint] ... found polling page loop exception at pc = 0x00000207274e762c, stub =0x0000020726d55280
[2025-06-18T00:00:32.145+0300][12872][7200 ][debug][safepoint] ... found polling page loop exception at pc = 0x00000207273653e0, stub =0x0000020726d55280
[2025-06-18T00:00:32.145+0300][12872][15720][debug][safepoint] ... found polling page loop exception at pc = 0x00000207273653e0, stub =0x0000020726d55280
[2025-06-18T00:00:32.147+0300][12872][20264][info ][gc,phases] GC(58) Pause Relocate Start 0.009ms
[2025-06-18T00:00:32.147+0300][12872][20264][info ][safepoint] Safepoint "XRelocateStart", Time since last: 11339300 ns, Reaching safepoint: 375700 ns, Cleanup: 9700 ns, At safepoint: 61100 ns, Total: 446500 ns
[2025-06-18T00:00:32.149+0300][12872][18160][info ][gc,phases] GC(58) Concurrent Relocate 1.738ms
[2025-06-18T00:00:32.149+0300][12872][18160][debug][gc,heap  ] GC(58) Heap after GC invocations=59 (full 59):
[2025-06-18T00:00:32.149+0300][12872][18160][debug][gc,heap  ] GC(58)  ZHeap           used 154M, capacity 2048M, max capacity 2048M
[2025-06-18T00:00:32.149+0300][12872][18160][debug][gc,heap  ] GC(58)  Metaspace       used 8706K, committed 9664K, reserved 1114112K
[2025-06-18T00:00:32.149+0300][12872][18160][debug][gc,heap  ] GC(58)   class space    used 875K, committed 1280K, reserved 1048576K
[2025-06-18T00:00:32.149+0300][12872][18160][info ][gc,heap  ] GC(58) Min Capacity: 2048M(100%)
[2025-06-18T00:00:32.149+0300][12872][18160][info ][gc,heap  ] GC(58) Max Capacity: 2048M(100%)
[2025-06-18T00:00:32.149+0300][12872][18160][info ][gc,heap  ] GC(58) Soft Max Capacity: 2048M(100%)
[2025-06-18T00:00:32.149+0300][12872][18160][info ][gc,heap  ] GC(58)                Mark Start          Mark End        Relocate Start      Relocate End           High               Low         
[2025-06-18T00:00:32.149+0300][12872][18160][info ][gc,heap  ] GC(58)  Capacity:     2048M (100%)       2048M (100%)       2048M (100%)       2048M (100%)       2048M (100%)       2048M (100%)   
[2025-06-18T00:00:32.149+0300][12872][18160][info ][gc,heap  ] GC(58)      Free:      628M (31%)         550M (27%)        1618M (79%)        1894M (92%)        1894M (92%)         522M (25%)    
[2025-06-18T00:00:32.149+0300][12872][18160][info ][gc,heap  ] GC(58)      Used:     1420M (69%)        1498M (73%)         430M (21%)         154M (8%)         1526M (75%)         154M (8%)     
[2025-06-18T00:00:32.149+0300][12872][18160][info ][gc,heap  ] GC(58)      Live:         -                11M (1%)           11M (1%)           11M (1%)             -                  -          
[2025-06-18T00:00:32.149+0300][12872][18160][info ][gc,heap  ] GC(58) Allocated:         -                78M (4%)          116M (6%)          115M (6%)             -                  -          
[2025-06-18T00:00:32.149+0300][12872][18160][info ][gc,heap  ] GC(58)   Garbage:         -              1408M (69%)         302M (15%)          27M (1%)             -                  -          
[2025-06-18T00:00:32.149+0300][12872][18160][info ][gc,heap  ] GC(58) Reclaimed:         -                  -              1106M (54%)        1381M (67%)            -                  -          
[2025-06-18T00:00:32.149+0300][12872][18160][info ][gc       ] GC(58) Garbage Collection (Allocation Rate) 1420M(69%)->154M(8%)
[2025-06-18T00:00:32.515+0300][12872][18160][debug][gc,heap  ] GC(59) Heap before GC invocations=59 (full 59):
[2025-06-18T00:00:32.515+0300][12872][18160][debug][gc,heap  ] GC(59)  ZHeap           used 1344M, capacity 2048M, max capacity 2048M
[2025-06-18T00:00:32.515+0300][12872][18160][debug][gc,heap  ] GC(59)  Metaspace       used 8706K, committed 9664K, reserved 1114112K
[2025-06-18T00:00:32.515+0300][12872][18160][debug][gc,heap  ] GC(59)   class space    used 875K, committed 1280K, reserved 1048576K
[2025-06-18T00:00:32.515+0300][12872][20264][debug][safepoint] Safepoint synchronization initiated using striped semaphore wait barrier. (19 threads)
[2025-06-18T00:00:32.515+0300][12872][4836 ][debug][safepoint] ... found polling page loop exception at pc = 0x000002072737074b, stub =0x0000020726d55b00
[2025-06-18T00:00:32.515+0300][12872][7200 ][debug][safepoint] ... found polling page loop exception at pc = 0x00000207273653e0, stub =0x0000020726d55280
[2025-06-18T00:00:32.515+0300][12872][20980][debug][safepoint] ... found polling page loop exception at pc = 0x00000207274e7f5b, stub =0x0000020726d55280
[2025-06-18T00:00:32.515+0300][12872][17812][debug][safepoint] ... found polling page loop exception at pc = 0x00000207273653e0, stub =0x0000020726d55280
[2025-06-18T00:00:32.515+0300][12872][11344][debug][safepoint] ... found polling page loop exception at pc = 0x000002072735d04c, stub =0x0000020726d55b00
[2025-06-18T00:00:32.515+0300][12872][7240 ][debug][safepoint] ... found polling page loop exception at pc = 0x00000207273653e0, stub =0x0000020726d55280
[2025-06-18T00:00:32.515+0300][12872][15720][debug][safepoint] ... found polling page loop exception at pc = 0x000002072736408e, stub =0x0000020726d55b00
[2025-06-18T00:00:32.515+0300][12872][20264][info ][gc,phases] GC(59) Pause Mark Start 0.007ms
[2025-06-18T00:00:32.515+0300][12872][20264][info ][safepoint] Safepoint "XMarkStart", Time since last: 367475500 ns, Reaching safepoint: 470500 ns, Cleanup: 5300 ns, At safepoint: 59700 ns, Total: 535500 ns
[2025-06-18T00:00:32.529+0300][12872][4836 ][debug][safepoint] ... found polling page loop exception at pc = 0x00000207273653e0, stub =0x0000020726d55280
[2025-06-18T00:00:32.529+0300][12872][15720][debug][safepoint] ... found polling page loop exception at pc = 0x00000207273653e0, stub =0x0000020726d55280
[2025-06-18T00:00:32.529+0300][12872][11344][debug][safepoint] ... found polling page loop exception at pc = 0x00000207273653e0, stub =0x0000020726d55280
[2025-06-18T00:00:32.529+0300][12872][5460 ][debug][safepoint] ... found polling page loop exception at pc = 0x00000207273653e0, stub =0x0000020726d55280
[2025-06-18T00:00:32.529+0300][12872][17812][debug][safepoint] ... found polling page loop exception at pc = 0x00000207273ce6db, stub =0x0000020726d55b00
[2025-06-18T00:00:32.530+0300][12872][7200 ][debug][safepoint] ... found polling page loop exception at pc = 0x0000020727356360, stub =0x0000020726d55b00
[2025-06-18T00:00:32.530+0300][12872][20980][debug][safepoint] ... found polling page loop exception at pc = 0x00000207273653e0, stub =0x0000020726d55280
[2025-06-18T00:00:32.546+0300][12872][15720][debug][safepoint] ... found polling page loop exception at pc = 0x00000207273653e0, stub =0x0000020726d55280
[2025-06-18T00:00:32.546+0300][12872][7240 ][debug][safepoint] ... found polling page loop exception at pc = 0x00000207273653e0, stub =0x0000020726d55280
[2025-06-18T00:00:32.546+0300][12872][11344][debug][safepoint] ... found polling page loop exception at pc = 0x00000207273564c6, stub =0x0000020726d55b00
[2025-06-18T00:00:32.546+0300][12872][20980][debug][safepoint] ... found polling page loop exception at pc = 0x00000207273517fb, stub =0x0000020726d55280
[2025-06-18T00:00:32.546+0300][12872][17812][debug][safepoint] ... found polling page loop exception at pc = 0x00000207273653e0, stub =0x0000020726d55280
[2025-06-18T00:00:32.546+0300][12872][4836 ][debug][safepoint] ... found polling page loop exception at pc = 0x00000207273564c6, stub =0x0000020726d55b00
[2025-06-18T00:00:32.546+0300][12872][20980][debug][safepoint] ... found polling page loop exception at pc = 0x00000207273653e0, stub =0x0000020726d55280
[2025-06-18T00:00:32.546+0300][12872][11344][debug][safepoint] ... found polling page loop exception at pc = 0x00000207273653e0, stub =0x0000020726d55280
[2025-06-18T00:00:32.546+0300][12872][4836 ][debug][safepoint] ... found polling page loop exception at pc = 0x000002072735d04c, stub =0x0000020726d55b00
[2025-06-18T00:00:32.546+0300][12872][5460 ][debug][safepoint] ... found polling page loop exception at pc = 0x00000207274e7f5b, stub =0x0000020726d55280
[2025-06-18T00:00:32.546+0300][12872][7200 ][debug][safepoint] ... found polling page loop exception at pc = 0x000002072740bc2f, stub =0x0000020726d55b00
[2025-06-18T00:00:32.548+0300][12872][20980][debug][safepoint] ... found polling page loop exception at pc = 0x00000207273653e0, stub =0x0000020726d55280
[2025-06-18T00:00:32.548+0300][12872][15720][debug][safepoint] ... found polling page loop exception at pc = 0x00000207273653e0, stub =0x0000020726d55280
[2025-06-18T00:00:32.548+0300][12872][17812][debug][safepoint] ... found polling page loop exception at pc = 0x00000207273653e0, stub =0x0000020726d55280
[2025-06-18T00:00:32.548+0300][12872][4836 ][debug][safepoint] ... found polling page loop exception at pc = 0x00000207273653e0, stub =0x0000020726d55280
[2025-06-18T00:00:32.548+0300][12872][5460 ][debug][safepoint] ... found polling page loop exception at pc = 0x00000207273653e0, stub =0x0000020726d55280
[2025-06-18T00:00:32.548+0300][12872][7200 ][debug][safepoint] ... found polling page loop exception at pc = 0x000002072737074b, stub =0x0000020726d55b00
[2025-06-18T00:00:32.548+0300][12872][7240 ][debug][safepoint] ... found polling page loop exception at pc = 0x00000207273653e0, stub =0x0000020726d55280
[2025-06-18T00:00:32.555+0300][12872][18160][info ][gc,phases] GC(59) Concurrent Mark 40.739ms
[2025-06-18T00:00:32.555+0300][12872][20264][debug][safepoint] Safepoint synchronization initiated using striped semaphore wait barrier. (19 threads)
[2025-06-18T00:00:32.555+0300][12872][7240 ][debug][safepoint] ... found polling page loop exception at pc = 0x00000207273653e0, stub =0x0000020726d55280
[2025-06-18T00:00:32.555+0300][12872][20980][debug][safepoint] ... found polling page loop exception at pc = 0x00000207273653e0, stub =0x0000020726d55280
[2025-06-18T00:00:32.555+0300][12872][7200 ][debug][safepoint] ... found polling page loop exception at pc = 0x00000207273653e0, stub =0x0000020726d55280
[2025-06-18T00:00:32.555+0300][12872][4836 ][debug][safepoint] ... found polling page loop exception at pc = 0x00000207273653e0, stub =0x0000020726d55280
[2025-06-18T00:00:32.555+0300][12872][15720][debug][safepoint] ... found polling page loop exception at pc = 0x00000207273653e0, stub =0x0000020726d55280
[2025-06-18T00:00:32.555+0300][12872][20264][info ][gc,phases] GC(59) Pause Mark End 0.015ms
[2025-06-18T00:00:32.555+0300][12872][20264][info ][safepoint] Safepoint "XMarkEnd", Time since last: 40854800 ns, Reaching safepoint: 340400 ns, Cleanup: 5500 ns, At safepoint: 71500 ns, Total: 417400 ns
[2025-06-18T00:00:32.555+0300][12872][18160][info ][gc,phases] GC(59) Concurrent Mark Free 0.001ms
[2025-06-18T00:00:32.555+0300][12872][18160][debug][gc,phases] GC(59) Concurrent References Process 0.192ms
[2025-06-18T00:00:32.555+0300][12872][18160][debug][gc,phases] GC(59) ClassLoaderData 0.019ms
[2025-06-18T00:00:32.555+0300][12872][18160][debug][gc,phases] GC(59) Trigger cleanups 0.001ms
[2025-06-18T00:00:32.562+0300][12872][18160][debug][gc,phases] GC(59) Concurrent Classes Unlink 5.464ms
[2025-06-18T00:00:32.562+0300][12872][4836 ][debug][safepoint] ... found polling page loop exception at pc = 0x00000207274e7f5b, stub =0x0000020726d55280
[2025-06-18T00:00:32.562+0300][12872][15720][debug][safepoint] ... found polling page loop exception at pc = 0x00000207273653e0, stub =0x0000020726d55280
[2025-06-18T00:00:32.562+0300][12872][20980][debug][safepoint] ... found polling page loop exception at pc = 0x000002072735d04c, stub =0x0000020726d55b00
[2025-06-18T00:00:32.562+0300][12872][11344][debug][safepoint] ... found polling page loop exception at pc = 0x00000207273653e0, stub =0x0000020726d55280
[2025-06-18T00:00:32.562+0300][12872][18160][debug][gc,phases] GC(59) Concurrent Classes Purge 0.022ms
[2025-06-18T00:00:32.562+0300][12872][18160][debug][gc,phases] GC(59) Concurrent References Enqueue 0.006ms
[2025-06-18T00:00:32.562+0300][12872][18160][info ][gc,phases] GC(59) Concurrent Process Non-Strong References 6.746ms
[2025-06-18T00:00:32.562+0300][12872][18160][info ][gc,phases] GC(59) Concurrent Reset Relocation Set 0.008ms
[2025-06-18T00:00:32.566+0300][12872][18160][info ][gc,phases] GC(59) Concurrent Select Relocation Set 2.637ms
[2025-06-18T00:00:32.566+0300][12872][20264][debug][safepoint] Safepoint synchronization initiated using striped semaphore wait barrier. (19 threads)
[2025-06-18T00:00:32.566+0300][12872][7200 ][debug][safepoint] ... found polling page loop exception at pc = 0x00000207273653e0, stub =0x0000020726d55280
[2025-06-18T00:00:32.566+0300][12872][7240 ][debug][safepoint] ... found polling page loop exception at pc = 0x00000207273653e0, stub =0x0000020726d55280
[2025-06-18T00:00:32.566+0300][12872][11344][debug][safepoint] ... found polling page loop exception at pc = 0x00000207273653e0, stub =0x0000020726d55280
[2025-06-18T00:00:32.566+0300][12872][20980][debug][safepoint] ... found polling page loop exception at pc = 0x00000207273653e0, stub =0x0000020726d55280
[2025-06-18T00:00:32.566+0300][12872][4836 ][debug][safepoint] ... found polling page loop exception at pc = 0x00000207274e7f5b, stub =0x0000020726d55280
[2025-06-18T00:00:32.566+0300][12872][15720][debug][safepoint] ... found polling page loop exception at pc = 0x00000207273653e0, stub =0x0000020726d55280
[2025-06-18T00:00:32.566+0300][12872][20264][info ][gc,phases] GC(59) Pause Relocate Start 0.008ms
[2025-06-18T00:00:32.566+0300][12872][20264][info ][safepoint] Safepoint "XRelocateStart", Time since last: 9578400 ns, Reaching safepoint: 309500 ns, Cleanup: 4900 ns, At safepoint: 70200 ns, Total: 384600 ns
[2025-06-18T00:00:32.566+0300][12872][18160][info ][gc,phases] GC(59) Concurrent Relocate 1.665ms
[2025-06-18T00:00:32.569+0300][12872][18160][debug][gc,heap  ] GC(59) Heap after GC invocations=60 (full 60):
[2025-06-18T00:00:32.569+0300][12872][18160][debug][gc,heap  ] GC(59)  ZHeap           used 208M, capacity 2048M, max capacity 2048M
[2025-06-18T00:00:32.569+0300][12872][18160][debug][gc,heap  ] GC(59)  Metaspace       used 8706K, committed 9664K, reserved 1114112K
[2025-06-18T00:00:32.569+0300][12872][18160][debug][gc,heap  ] GC(59)   class space    used 875K, committed 1280K, reserved 1048576K
[2025-06-18T00:00:32.569+0300][12872][18160][info ][gc,heap  ] GC(59) Min Capacity: 2048M(100%)
[2025-06-18T00:00:32.569+0300][12872][18160][info ][gc,heap  ] GC(59) Max Capacity: 2048M(100%)
[2025-06-18T00:00:32.569+0300][12872][18160][info ][gc,heap  ] GC(59) Soft Max Capacity: 2048M(100%)
[2025-06-18T00:00:32.569+0300][12872][18160][info ][gc,heap  ] GC(59)                Mark Start          Mark End        Relocate Start      Relocate End           High               Low         
[2025-06-18T00:00:32.569+0300][12872][18160][info ][gc,heap  ] GC(59)  Capacity:     2048M (100%)       2048M (100%)       2048M (100%)       2048M (100%)       2048M (100%)       2048M (100%)   
[2025-06-18T00:00:32.569+0300][12872][18160][info ][gc,heap  ] GC(59)      Free:      704M (34%)         570M (28%)        1592M (78%)        1840M (90%)        1842M (90%)         544M (27%)    
[2025-06-18T00:00:32.569+0300][12872][18160][info ][gc,heap  ] GC(59)      Used:     1344M (66%)        1478M (72%)         456M (22%)         208M (10%)        1504M (73%)         206M (10%)    
[2025-06-18T00:00:32.569+0300][12872][18160][info ][gc,heap  ] GC(59)      Live:         -                11M (1%)           11M (1%)           11M (1%)             -                  -          
[2025-06-18T00:00:32.569+0300][12872][18160][info ][gc,heap  ] GC(59) Allocated:         -               134M (7%)          166M (8%)          169M (8%)             -                  -          
[2025-06-18T00:00:32.569+0300][12872][18160][info ][gc,heap  ] GC(59)   Garbage:         -              1332M (65%)         278M (14%)          27M (1%)             -                  -          
[2025-06-18T00:00:32.569+0300][12872][18160][info ][gc,heap  ] GC(59) Reclaimed:         -                  -              1054M (51%)        1305M (64%)            -                  -          
[2025-06-18T00:00:32.569+0300][12872][18160][info ][gc       ] GC(59) Garbage Collection (Allocation Rate) 1344M(66%)->208M(10%)
[2025-06-18T00:00:33.005+0300][12872][18160][debug][gc,heap  ] GC(60) Heap before GC invocations=60 (full 60):
[2025-06-18T00:00:33.005+0300][12872][18160][debug][gc,heap  ] GC(60)  ZHeap           used 1618M, capacity 2048M, max capacity 2048M
[2025-06-18T00:00:33.005+0300][12872][18160][debug][gc,heap  ] GC(60)  Metaspace       used 8706K, committed 9664K, reserved 1114112K
[2025-06-18T00:00:33.005+0300][12872][18160][debug][gc,heap  ] GC(60)   class space    used 875K, committed 1280K, reserved 1048576K
[2025-06-18T00:00:33.005+0300][12872][20264][debug][safepoint] Safepoint synchronization initiated using striped semaphore wait barrier. (19 threads)
[2025-06-18T00:00:33.005+0300][12872][7240 ][debug][safepoint] ... found polling page loop exception at pc = 0x00000207273564c6, stub =0x0000020726d55b00
[2025-06-18T00:00:33.005+0300][12872][15720][debug][safepoint] ... found polling page loop exception at pc = 0x00000207273653e0, stub =0x0000020726d55280
[2025-06-18T00:00:33.005+0300][12872][4836 ][debug][safepoint] ... found polling page loop exception at pc = 0x00000207273653e0, stub =0x0000020726d55280
[2025-06-18T00:00:33.005+0300][12872][5460 ][debug][safepoint] ... found polling page loop exception at pc = 0x00000207273653e0, stub =0x0000020726d55280
[2025-06-18T00:00:33.005+0300][12872][20980][debug][safepoint] ... found polling page loop exception at pc = 0x00000207273653e0, stub =0x0000020726d55280
[2025-06-18T00:00:33.005+0300][12872][20264][info ][gc,phases] GC(60) Pause Mark Start 0.009ms
[2025-06-18T00:00:33.005+0300][12872][20264][info ][safepoint] Safepoint "XMarkStart", Time since last: 438624000 ns, Reaching safepoint: 407900 ns, Cleanup: 6100 ns, At safepoint: 71100 ns, Total: 485100 ns
[2025-06-18T00:00:33.020+0300][12872][7200 ][debug][safepoint] ... found polling page loop exception at pc = 0x00000207273653e0, stub =0x0000020726d55280
[2025-06-18T00:00:33.020+0300][12872][11344][debug][safepoint] ... found polling page loop exception at pc = 0x00000207273653e0, stub =0x0000020726d55280
[2025-06-18T00:00:33.020+0300][12872][15720][debug][safepoint] ... found polling page loop exception at pc = 0x00000207273653e0, stub =0x0000020726d55280
[2025-06-18T00:00:33.020+0300][12872][5460 ][debug][safepoint] ... found polling page loop exception at pc = 0x00000207274e7f5b, stub =0x0000020726d55280
[2025-06-18T00:00:33.020+0300][12872][20980][debug][safepoint] ... found polling page loop exception at pc = 0x00000207273e9543, stub =0x0000020726d55280
[2025-06-18T00:00:33.020+0300][12872][17812][debug][safepoint] ... found polling page loop exception at pc = 0x00000207273d3995, stub =0x0000020726d55b00
[2025-06-18T00:00:33.020+0300][12872][7240 ][debug][safepoint] ... found polling page loop exception at pc = 0x00000207273653e0, stub =0x0000020726d55280
[2025-06-18T00:00:33.037+0300][12872][4836 ][debug][safepoint] ... found polling page loop exception at pc = 0x000002072737074b, stub =0x0000020726d55b00
[2025-06-18T00:00:33.037+0300][12872][5460 ][debug][safepoint] ... found polling page loop exception at pc = 0x00000207273653e0, stub =0x0000020726d55280
[2025-06-18T00:00:33.037+0300][12872][15720][debug][safepoint] ... found polling page loop exception at pc = 0x00000207274e7f5b, stub =0x0000020726d55280
[2025-06-18T00:00:33.037+0300][12872][7240 ][debug][safepoint] ... found polling page loop exception at pc = 0x00000207273564c6, stub =0x0000020726d55b00
[2025-06-18T00:00:33.038+0300][12872][20980][debug][safepoint] ... found polling page loop exception at pc = 0x00000207273653e0, stub =0x0000020726d55280
[2025-06-18T00:00:33.038+0300][12872][5460 ][debug][safepoint] ... found polling page loop exception at pc = 0x00000207273653e0, stub =0x0000020726d55280
[2025-06-18T00:00:33.038+0300][12872][17812][debug][safepoint] ... found polling page loop exception at pc = 0x00000207273fa223, stub =0x0000020726d55280
[2025-06-18T00:00:33.038+0300][12872][11344][debug][safepoint] ... found polling page loop exception at pc = 0x00000207273653e0, stub =0x0000020726d55280
[2025-06-18T00:00:33.038+0300][12872][7240 ][debug][safepoint] ... found polling page loop exception at pc = 0x00000207273564c6, stub =0x0000020726d55b00
[2025-06-18T00:00:33.038+0300][12872][11344][debug][safepoint] ... found polling page loop exception at pc = 0x00000207273653e0, stub =0x0000020726d55280
[2025-06-18T00:00:33.038+0300][12872][15720][debug][safepoint] ... found polling page loop exception at pc = 0x00000207273653e0, stub =0x0000020726d55280
[2025-06-18T00:00:33.038+0300][12872][5460 ][debug][safepoint] ... found polling page loop exception at pc = 0x00000207273653e0, stub =0x0000020726d55280
[2025-06-18T00:00:33.038+0300][12872][20980][debug][safepoint] ... found polling page loop exception at pc = 0x00000207273653e0, stub =0x0000020726d55280
[2025-06-18T00:00:33.038+0300][12872][17812][debug][safepoint] ... found polling page loop exception at pc = 0x00000207273653e0, stub =0x0000020726d55280
[2025-06-18T00:00:33.038+0300][12872][7240 ][debug][safepoint] ... found polling page loop exception at pc = 0x00000207273653e0, stub =0x0000020726d55280
[2025-06-18T00:00:33.040+0300][12872][18160][info ][gc,phases] GC(60) Concurrent Mark 34.651ms
[2025-06-18T00:00:33.040+0300][12872][20264][debug][safepoint] Safepoint synchronization initiated using striped semaphore wait barrier. (19 threads)
[2025-06-18T00:00:33.040+0300][12872][17812][debug][safepoint] ... found polling page loop exception at pc = 0x00000207273653e0, stub =0x0000020726d55280
[2025-06-18T00:00:33.040+0300][12872][11344][debug][safepoint] ... found polling page loop exception at pc = 0x0000020727386205, stub =0x0000020726d55b00
[2025-06-18T00:00:33.040+0300][12872][20980][debug][safepoint] ... found polling page loop exception at pc = 0x00000207273653e0, stub =0x0000020726d55280
[2025-06-18T00:00:33.040+0300][12872][15720][debug][safepoint] ... found polling page loop exception at pc = 0x00000207273653e0, stub =0x0000020726d55280
[2025-06-18T00:00:33.040+0300][12872][4836 ][debug][safepoint] ... found polling page loop exception at pc = 0x00000207273653e0, stub =0x0000020726d55280
[2025-06-18T00:00:33.040+0300][12872][7200 ][debug][safepoint] ... found polling page loop exception at pc = 0x00000207273653e0, stub =0x0000020726d55280
[2025-06-18T00:00:33.040+0300][12872][20264][info ][gc,phases] GC(60) Pause Mark End 0.017ms
[2025-06-18T00:00:33.040+0300][12872][20264][info ][safepoint] Safepoint "XMarkEnd", Time since last: 34752900 ns, Reaching safepoint: 349700 ns, Cleanup: 5700 ns, At safepoint: 76500 ns, Total: 431900 ns
[2025-06-18T00:00:33.040+0300][12872][18160][info ][gc,phases] GC(60) Concurrent Mark Free 0.001ms
[2025-06-18T00:00:33.040+0300][12872][18160][debug][gc,phases] GC(60) Concurrent References Process 0.174ms
[2025-06-18T00:00:33.040+0300][12872][18160][debug][gc,phases] GC(60) ClassLoaderData 0.018ms
[2025-06-18T00:00:33.040+0300][12872][18160][debug][gc,phases] GC(60) Trigger cleanups 0.001ms
[2025-06-18T00:00:33.047+0300][12872][18160][debug][gc,phases] GC(60) Concurrent Classes Unlink 5.519ms
[2025-06-18T00:00:33.047+0300][12872][20980][debug][safepoint] ... found polling page loop exception at pc = 0x00000207273653e0, stub =0x0000020726d55280
[2025-06-18T00:00:33.047+0300][12872][11344][debug][safepoint] ... found polling page loop exception at pc = 0x00000207273653e0, stub =0x0000020726d55280
[2025-06-18T00:00:33.047+0300][12872][5460 ][debug][safepoint] ... found polling page loop exception at pc = 0x00000207273e40d6, stub =0x0000020726d55280
[2025-06-18T00:00:33.047+0300][12872][7240 ][debug][safepoint] ... found polling page loop exception at pc = 0x000002072745bd75, stub =0x0000020726d55b00
[2025-06-18T00:00:33.047+0300][12872][15720][debug][safepoint] ... found polling page loop exception at pc = 0x00000207274e762c, stub =0x0000020726d55280
[2025-06-18T00:00:33.047+0300][12872][7200 ][debug][safepoint] ... found polling page loop exception at pc = 0x000002072737074b, stub =0x0000020726d55b00
[2025-06-18T00:00:33.047+0300][12872][18160][debug][gc,phases] GC(60) Concurrent Classes Purge 0.011ms
[2025-06-18T00:00:33.047+0300][12872][18160][debug][gc,phases] GC(60) Concurrent References Enqueue 0.005ms
[2025-06-18T00:00:33.047+0300][12872][18160][info ][gc,phases] GC(60) Concurrent Process Non-Strong References 7.972ms
[2025-06-18T00:00:33.047+0300][12872][18160][info ][gc,phases] GC(60) Concurrent Reset Relocation Set 0.007ms
[2025-06-18T00:00:33.051+0300][12872][18160][info ][gc,phases] GC(60) Concurrent Select Relocation Set 2.714ms
[2025-06-18T00:00:33.051+0300][12872][20264][debug][safepoint] Safepoint synchronization initiated using striped semaphore wait barrier. (19 threads)
[2025-06-18T00:00:33.051+0300][12872][20980][debug][safepoint] ... found polling page loop exception at pc = 0x00000207273653e0, stub =0x0000020726d55280
[2025-06-18T00:00:33.051+0300][12872][5460 ][debug][safepoint] ... found polling page loop exception at pc = 0x00000207273653e0, stub =0x0000020726d55280
[2025-06-18T00:00:33.051+0300][12872][11344][debug][safepoint] ... found polling page loop exception at pc = 0x00000207273653e0, stub =0x0000020726d55280
[2025-06-18T00:00:33.051+0300][12872][20264][info ][gc,phases] GC(60) Pause Relocate Start 0.008ms
[2025-06-18T00:00:33.051+0300][12872][20264][info ][safepoint] Safepoint "XRelocateStart", Time since last: 10870800 ns, Reaching safepoint: 238900 ns, Cleanup: 5900 ns, At safepoint: 69800 ns, Total: 314600 ns
[2025-06-18T00:00:33.053+0300][12872][18160][info ][gc,phases] GC(60) Concurrent Relocate 1.671ms
[2025-06-18T00:00:33.053+0300][12872][18160][debug][gc,heap  ] GC(60) Heap after GC invocations=61 (full 61):
[2025-06-18T00:00:33.053+0300][12872][18160][debug][gc,heap  ] GC(60)  ZHeap           used 182M, capacity 2048M, max capacity 2048M
[2025-06-18T00:00:33.053+0300][12872][18160][debug][gc,heap  ] GC(60)  Metaspace       used 8706K, committed 9664K, reserved 1114112K
[2025-06-18T00:00:33.053+0300][12872][18160][debug][gc,heap  ] GC(60)   class space    used 875K, committed 1280K, reserved 1048576K
[2025-06-18T00:00:33.053+0300][12872][18160][info ][gc,heap  ] GC(60) Min Capacity: 2048M(100%)
[2025-06-18T00:00:33.053+0300][12872][18160][info ][gc,heap  ] GC(60) Max Capacity: 2048M(100%)
[2025-06-18T00:00:33.053+0300][12872][18160][info ][gc,heap  ] GC(60) Soft Max Capacity: 2048M(100%)
[2025-06-18T00:00:33.053+0300][12872][18160][info ][gc,heap  ] GC(60)                Mark Start          Mark End        Relocate Start      Relocate End           High               Low         
[2025-06-18T00:00:33.053+0300][12872][18160][info ][gc,heap  ] GC(60)  Capacity:     2048M (100%)       2048M (100%)       2048M (100%)       2048M (100%)       2048M (100%)       2048M (100%)   
[2025-06-18T00:00:33.053+0300][12872][18160][info ][gc,heap  ] GC(60)      Free:      426M (21%)         322M (16%)        1574M (77%)        1866M (91%)        1872M (91%)         298M (15%)    
[2025-06-18T00:00:33.053+0300][12872][18160][info ][gc,heap  ] GC(60)      Used:     1622M (79%)        1726M (84%)         474M (23%)         182M (9%)         1750M (85%)         176M (9%)     
[2025-06-18T00:00:33.053+0300][12872][18160][info ][gc,heap  ] GC(60)      Live:         -                11M (1%)           11M (1%)           11M (1%)             -                  -          
[2025-06-18T00:00:33.053+0300][12872][18160][info ][gc,heap  ] GC(60) Allocated:         -               104M (5%)          136M (7%)          143M (7%)             -                  -          
[2025-06-18T00:00:33.053+0300][12872][18160][info ][gc,heap  ] GC(60)   Garbage:         -              1610M (79%)         326M (16%)          27M (1%)             -                  -          
[2025-06-18T00:00:33.053+0300][12872][18160][info ][gc,heap  ] GC(60) Reclaimed:         -                  -              1284M (63%)        1583M (77%)            -                  -          
[2025-06-18T00:00:33.053+0300][12872][18160][info ][gc       ] GC(60) Garbage Collection (Allocation Rate) 1622M(79%)->182M(9%)
[2025-06-18T00:00:33.401+0300][12872][18160][debug][gc,heap  ] GC(61) Heap before GC invocations=61 (full 61):
[2025-06-18T00:00:33.401+0300][12872][18160][debug][gc,heap  ] GC(61)  ZHeap           used 1384M, capacity 2048M, max capacity 2048M
[2025-06-18T00:00:33.401+0300][12872][18160][debug][gc,heap  ] GC(61)  Metaspace       used 8706K, committed 9664K, reserved 1114112K
[2025-06-18T00:00:33.401+0300][12872][18160][debug][gc,heap  ] GC(61)   class space    used 875K, committed 1280K, reserved 1048576K
[2025-06-18T00:00:33.401+0300][12872][20264][debug][safepoint] Safepoint synchronization initiated using striped semaphore wait barrier. (19 threads)
[2025-06-18T00:00:33.401+0300][12872][4836 ][debug][safepoint] ... found polling page loop exception at pc = 0x00000207273653e0, stub =0x0000020726d55280
[2025-06-18T00:00:33.401+0300][12872][7240 ][debug][safepoint] ... found polling page loop exception at pc = 0x00000207273653e0, stub =0x0000020726d55280
[2025-06-18T00:00:33.401+0300][12872][7200 ][debug][safepoint] ... found polling page loop exception at pc = 0x00000207273653e0, stub =0x0000020726d55280
[2025-06-18T00:00:33.401+0300][12872][17812][debug][safepoint] ... found polling page loop exception at pc = 0x00000207273653e0, stub =0x0000020726d55280
[2025-06-18T00:00:33.401+0300][12872][15720][debug][safepoint] ... found polling page loop exception at pc = 0x00000207273564c6, stub =0x0000020726d55b00
[2025-06-18T00:00:33.401+0300][12872][11344][debug][safepoint] ... found polling page loop exception at pc = 0x000002072736408e, stub =0x0000020726d55b00
[2025-06-18T00:00:33.401+0300][12872][20264][info ][gc,phases] GC(61) Pause Mark Start 0.008ms
[2025-06-18T00:00:33.401+0300][12872][20264][info ][safepoint] Safepoint "XMarkStart", Time since last: 348638600 ns, Reaching safepoint: 361600 ns, Cleanup: 6700 ns, At safepoint: 72700 ns, Total: 441000 ns
[2025-06-18T00:00:33.415+0300][12872][15720][debug][safepoint] ... found polling page loop exception at pc = 0x00000207273ecfdf, stub =0x0000020726d55280
[2025-06-18T00:00:33.415+0300][12872][4836 ][debug][safepoint] ... found polling page loop exception at pc = 0x00000207273653e0, stub =0x0000020726d55280
[2025-06-18T00:00:33.415+0300][12872][7240 ][debug][safepoint] ... found polling page loop exception at pc = 0x00000207273564c6, stub =0x0000020726d55b00
[2025-06-18T00:00:33.415+0300][12872][20980][debug][safepoint] ... found polling page loop exception at pc = 0x00000207273f8745, stub =0x0000020726d55280
[2025-06-18T00:00:33.415+0300][12872][11344][debug][safepoint] ... found polling page loop exception at pc = 0x00000207273653e0, stub =0x0000020726d55280
[2025-06-18T00:00:33.415+0300][12872][5460 ][debug][safepoint] ... found polling page loop exception at pc = 0x00000207273653e0, stub =0x0000020726d55280
[2025-06-18T00:00:33.415+0300][12872][15720][debug][safepoint] ... found polling page loop exception at pc = 0x00000207273653e0, stub =0x0000020726d55280
[2025-06-18T00:00:33.415+0300][12872][4836 ][debug][safepoint] ... found polling page loop exception at pc = 0x00000207273653e0, stub =0x0000020726d55280
[2025-06-18T00:00:33.415+0300][12872][5460 ][debug][safepoint] ... found polling page loop exception at pc = 0x00000207273653e0, stub =0x0000020726d55280
[2025-06-18T00:00:33.415+0300][12872][11344][debug][safepoint] ... found polling page loop exception at pc = 0x00000207273653e0, stub =0x0000020726d55280
[2025-06-18T00:00:33.415+0300][12872][7240 ][debug][safepoint] ... found polling page loop exception at pc = 0x00000207273564c6, stub =0x0000020726d55b00
[2025-06-18T00:00:33.415+0300][12872][7200 ][debug][safepoint] ... found polling page loop exception at pc = 0x0000020727356360, stub =0x0000020726d55b00
[2025-06-18T00:00:33.415+0300][12872][17812][debug][safepoint] ... found polling page loop exception at pc = 0x00000207273e1cd9, stub =0x0000020726d55b00
[2025-06-18T00:00:33.419+0300][12872][17812][debug][safepoint] ... found polling page loop exception at pc = 0x0000020727376aed, stub =0x0000020726d55b00
[2025-06-18T00:00:33.419+0300][12872][20980][debug][safepoint] ... found polling page loop exception at pc = 0x00000207273653e0, stub =0x0000020726d55280
[2025-06-18T00:00:33.419+0300][12872][5460 ][debug][safepoint] ... found polling page loop exception at pc = 0x00000207274e7f5b, stub =0x0000020726d55280
[2025-06-18T00:00:33.419+0300][12872][7200 ][debug][safepoint] ... found polling page loop exception at pc = 0x00000207273564c6, stub =0x0000020726d55b00
[2025-06-18T00:00:33.419+0300][12872][11344][debug][safepoint] ... found polling page loop exception at pc = 0x00000207273564c6, stub =0x0000020726d55b00
[2025-06-18T00:00:33.436+0300][12872][18160][info ][gc,phases] GC(61) Concurrent Mark 34.834ms
[2025-06-18T00:00:33.436+0300][12872][20264][debug][safepoint] Safepoint synchronization initiated using striped semaphore wait barrier. (19 threads)
[2025-06-18T00:00:33.436+0300][12872][15720][debug][safepoint] ... found polling page loop exception at pc = 0x0000020727356360, stub =0x0000020726d55b00
[2025-06-18T00:00:33.436+0300][12872][11344][debug][safepoint] ... found polling page loop exception at pc = 0x00000207273653e0, stub =0x0000020726d55280
[2025-06-18T00:00:33.436+0300][12872][4836 ][debug][safepoint] ... found polling page loop exception at pc = 0x000002072736408e, stub =0x0000020726d55b00
[2025-06-18T00:00:33.436+0300][12872][20980][debug][safepoint] ... found polling page loop exception at pc = 0x00000207273653e0, stub =0x0000020726d55280
[2025-06-18T00:00:33.436+0300][12872][7240 ][debug][safepoint] ... found polling page loop exception at pc = 0x00000207273653e0, stub =0x0000020726d55280
[2025-06-18T00:00:33.436+0300][12872][20264][info ][gc,phases] GC(61) Pause Mark End 0.018ms
[2025-06-18T00:00:33.436+0300][12872][20264][info ][safepoint] Safepoint "XMarkEnd", Time since last: 34968600 ns, Reaching safepoint: 355700 ns, Cleanup: 6800 ns, At safepoint: 83200 ns, Total: 445700 ns
[2025-06-18T00:00:33.436+0300][12872][18160][info ][gc,phases] GC(61) Concurrent Mark Free 0.001ms
[2025-06-18T00:00:33.436+0300][12872][18160][debug][gc,phases] GC(61) Concurrent References Process 0.195ms
[2025-06-18T00:00:33.436+0300][12872][18160][debug][gc,phases] GC(61) ClassLoaderData 0.020ms
[2025-06-18T00:00:33.436+0300][12872][18160][debug][gc,phases] GC(61) Trigger cleanups 0.001ms
[2025-06-18T00:00:33.443+0300][12872][18160][debug][gc,phases] GC(61) Concurrent Classes Unlink 5.491ms
[2025-06-18T00:00:33.443+0300][12872][7240 ][debug][safepoint] ... found polling page loop exception at pc = 0x00000207273653e0, stub =0x0000020726d55280
[2025-06-18T00:00:33.443+0300][12872][7200 ][debug][safepoint] ... found polling page loop exception at pc = 0x00000207273f8903, stub =0x0000020726d55280
[2025-06-18T00:00:33.447+0300][12872][18160][debug][gc,phases] GC(61) Concurrent Classes Purge 0.010ms
[2025-06-18T00:00:33.447+0300][12872][18160][debug][gc,phases] GC(61) Concurrent References Enqueue 0.008ms
[2025-06-18T00:00:33.447+0300][12872][18160][info ][gc,phases] GC(61) Concurrent Process Non-Strong References 9.884ms
[2025-06-18T00:00:33.447+0300][12872][18160][info ][gc,phases] GC(61) Concurrent Reset Relocation Set 0.008ms
[2025-06-18T00:00:33.449+0300][12872][18160][info ][gc,phases] GC(61) Concurrent Select Relocation Set 2.661ms
[2025-06-18T00:00:33.449+0300][12872][20264][debug][safepoint] Safepoint synchronization initiated using striped semaphore wait barrier. (19 threads)
[2025-06-18T00:00:33.449+0300][12872][7200 ][debug][safepoint] ... found polling page loop exception at pc = 0x00000207273653e0, stub =0x0000020726d55280
[2025-06-18T00:00:33.449+0300][12872][11344][debug][safepoint] ... found polling page loop exception at pc = 0x00000207273653e0, stub =0x0000020726d55280
[2025-06-18T00:00:33.449+0300][12872][5460 ][debug][safepoint] ... found polling page loop exception at pc = 0x00000207273653e0, stub =0x0000020726d55280
[2025-06-18T00:00:33.449+0300][12872][15720][debug][safepoint] ... found polling page loop exception at pc = 0x00000207273564c6, stub =0x0000020726d55b00
[2025-06-18T00:00:33.449+0300][12872][4836 ][debug][safepoint] ... found polling page loop exception at pc = 0x00000207273653e0, stub =0x0000020726d55280
[2025-06-18T00:00:33.449+0300][12872][20980][debug][safepoint] ... found polling page loop exception at pc = 0x000002072737074b, stub =0x0000020726d55b00
[2025-06-18T00:00:33.449+0300][12872][7240 ][debug][safepoint] ... found polling page loop exception at pc = 0x000002072745bd75, stub =0x0000020726d55b00
[2025-06-18T00:00:33.449+0300][12872][20264][info ][gc,phases] GC(61) Pause Relocate Start 0.008ms
[2025-06-18T00:00:33.449+0300][12872][20264][info ][safepoint] Safepoint "XRelocateStart", Time since last: 12746200 ns, Reaching safepoint: 469200 ns, Cleanup: 5600 ns, At safepoint: 63400 ns, Total: 538200 ns
[2025-06-18T00:00:33.449+0300][12872][18160][info ][gc,phases] GC(61) Concurrent Relocate 1.659ms
[2025-06-18T00:00:33.452+0300][12872][18160][debug][gc,heap  ] GC(61) Heap after GC invocations=62 (full 62):
[2025-06-18T00:00:33.452+0300][12872][18160][debug][gc,heap  ] GC(61)  ZHeap           used 206M, capacity 2048M, max capacity 2048M
[2025-06-18T00:00:33.452+0300][12872][18160][debug][gc,heap  ] GC(61)  Metaspace       used 8706K, committed 9664K, reserved 1114112K
[2025-06-18T00:00:33.452+0300][12872][18160][debug][gc,heap  ] GC(61)   class space    used 875K, committed 1280K, reserved 1048576K
[2025-06-18T00:00:33.452+0300][12872][18160][info ][gc,heap  ] GC(61) Min Capacity: 2048M(100%)
[2025-06-18T00:00:33.452+0300][12872][18160][info ][gc,heap  ] GC(61) Max Capacity: 2048M(100%)
[2025-06-18T00:00:33.452+0300][12872][18160][info ][gc,heap  ] GC(61) Soft Max Capacity: 2048M(100%)
[2025-06-18T00:00:33.452+0300][12872][18160][info ][gc,heap  ] GC(61)                Mark Start          Mark End        Relocate Start      Relocate End           High               Low         
[2025-06-18T00:00:33.452+0300][12872][18160][info ][gc,heap  ] GC(61)  Capacity:     2048M (100%)       2048M (100%)       2048M (100%)       2048M (100%)       2048M (100%)       2048M (100%)   
[2025-06-18T00:00:33.452+0300][12872][18160][info ][gc,heap  ] GC(61)      Free:      664M (32%)         540M (26%)        1588M (78%)        1842M (90%)        1842M (90%)         512M (25%)    
[2025-06-18T00:00:33.452+0300][12872][18160][info ][gc,heap  ] GC(61)      Used:     1384M (68%)        1508M (74%)         460M (22%)         206M (10%)        1536M (75%)         206M (10%)    
[2025-06-18T00:00:33.452+0300][12872][18160][info ][gc,heap  ] GC(61)      Live:         -                11M (1%)           11M (1%)           11M (1%)             -                  -          
[2025-06-18T00:00:33.452+0300][12872][18160][info ][gc,heap  ] GC(61) Allocated:         -               124M (6%)          162M (8%)          167M (8%)             -                  -          
[2025-06-18T00:00:33.452+0300][12872][18160][info ][gc,heap  ] GC(61)   Garbage:         -              1372M (67%)         286M (14%)          27M (1%)             -                  -          
[2025-06-18T00:00:33.452+0300][12872][18160][info ][gc,heap  ] GC(61) Reclaimed:         -                  -              1086M (53%)        1345M (66%)            -                  -          
[2025-06-18T00:00:33.452+0300][12872][18160][info ][gc       ] GC(61) Garbage Collection (Allocation Rate) 1384M(68%)->206M(10%)
[2025-06-18T00:00:33.800+0300][12872][18160][debug][gc,heap  ] GC(62) Heap before GC invocations=62 (full 62):
[2025-06-18T00:00:33.800+0300][12872][18160][debug][gc,heap  ] GC(62)  ZHeap           used 1444M, capacity 2048M, max capacity 2048M
[2025-06-18T00:00:33.800+0300][12872][18160][debug][gc,heap  ] GC(62)  Metaspace       used 8706K, committed 9664K, reserved 1114112K
[2025-06-18T00:00:33.800+0300][12872][18160][debug][gc,heap  ] GC(62)   class space    used 875K, committed 1280K, reserved 1048576K
[2025-06-18T00:00:33.800+0300][12872][20264][debug][safepoint] Safepoint synchronization initiated using striped semaphore wait barrier. (19 threads)
[2025-06-18T00:00:33.800+0300][12872][15720][debug][safepoint] ... found polling page loop exception at pc = 0x00000207273653e0, stub =0x0000020726d55280
[2025-06-18T00:00:33.800+0300][12872][7200 ][debug][safepoint] ... found polling page loop exception at pc = 0x0000020727386205, stub =0x0000020726d55b00
[2025-06-18T00:00:33.800+0300][12872][11344][debug][safepoint] ... found polling page loop exception at pc = 0x00000207273653e0, stub =0x0000020726d55280
[2025-06-18T00:00:33.800+0300][12872][7240 ][debug][safepoint] ... found polling page loop exception at pc = 0x00000207273653e0, stub =0x0000020726d55280
[2025-06-18T00:00:33.800+0300][12872][20980][debug][safepoint] ... found polling page loop exception at pc = 0x00000207273653e0, stub =0x0000020726d55280
[2025-06-18T00:00:33.800+0300][12872][20264][info ][gc,phases] GC(62) Pause Mark Start 0.008ms
[2025-06-18T00:00:33.800+0300][12872][20264][info ][safepoint] Safepoint "XMarkStart", Time since last: 349899400 ns, Reaching safepoint: 318100 ns, Cleanup: 5900 ns, At safepoint: 62500 ns, Total: 386500 ns
[2025-06-18T00:00:33.812+0300][12872][15720][debug][safepoint] ... found polling page loop exception at pc = 0x000002072736408e, stub =0x0000020726d55b00
[2025-06-18T00:00:33.812+0300][12872][11344][debug][safepoint] ... found polling page loop exception at pc = 0x000002072736408e, stub =0x0000020726d55b00
[2025-06-18T00:00:33.812+0300][12872][7200 ][debug][safepoint] ... found polling page loop exception at pc = 0x00000207273653e0, stub =0x0000020726d55280
[2025-06-18T00:00:33.812+0300][12872][20980][debug][safepoint] ... found polling page loop exception at pc = 0x00000207273e9543, stub =0x0000020726d55280
[2025-06-18T00:00:33.812+0300][12872][5460 ][debug][safepoint] ... found polling page loop exception at pc = 0x00000207274e7f5b, stub =0x0000020726d55280
[2025-06-18T00:00:33.814+0300][12872][17812][debug][safepoint] ... found polling page loop exception at pc = 0x00000207273653e0, stub =0x0000020726d55280
[2025-06-18T00:00:33.816+0300][12872][7200 ][debug][safepoint] ... found polling page loop exception at pc = 0x000002072737074b, stub =0x0000020726d55b00
[2025-06-18T00:00:33.816+0300][12872][17812][debug][safepoint] ... found polling page loop exception at pc = 0x00000207273653e0, stub =0x0000020726d55280
[2025-06-18T00:00:33.816+0300][12872][4836 ][debug][safepoint] ... found polling page loop exception at pc = 0x000002072735d04c, stub =0x0000020726d55b00
[2025-06-18T00:00:33.816+0300][12872][15720][debug][safepoint] ... found polling page loop exception at pc = 0x00000207273653e0, stub =0x0000020726d55280
[2025-06-18T00:00:33.816+0300][12872][7240 ][debug][safepoint] ... found polling page loop exception at pc = 0x00000207273653e0, stub =0x0000020726d55280
[2025-06-18T00:00:33.822+0300][12872][11344][debug][safepoint] ... found polling page loop exception at pc = 0x00000207273653e0, stub =0x0000020726d55280
[2025-06-18T00:00:33.822+0300][12872][20980][debug][safepoint] ... found polling page loop exception at pc = 0x0000020727356360, stub =0x0000020726d55b00
[2025-06-18T00:00:33.822+0300][12872][4836 ][debug][safepoint] ... found polling page loop exception at pc = 0x00000207273653e0, stub =0x0000020726d55280
[2025-06-18T00:00:33.822+0300][12872][7200 ][debug][safepoint] ... found polling page loop exception at pc = 0x00000207273653e0, stub =0x0000020726d55280
[2025-06-18T00:00:33.822+0300][12872][18160][info ][gc,phases] GC(62) Concurrent Mark 21.950ms
[2025-06-18T00:00:33.822+0300][12872][20264][debug][safepoint] Safepoint synchronization initiated using striped semaphore wait barrier. (19 threads)
[2025-06-18T00:00:33.822+0300][12872][7200 ][debug][safepoint] ... found polling page loop exception at pc = 0x00000207273b127c, stub =0x0000020726d55b00
[2025-06-18T00:00:33.822+0300][12872][4836 ][debug][safepoint] ... found polling page loop exception at pc = 0x00000207273653e0, stub =0x0000020726d55280
[2025-06-18T00:00:33.822+0300][12872][17812][debug][safepoint] ... found polling page loop exception at pc = 0x00000207273653e0, stub =0x0000020726d55280
[2025-06-18T00:00:33.822+0300][12872][5460 ][debug][safepoint] ... found polling page loop exception at pc = 0x000002072736408e, stub =0x0000020726d55b00
[2025-06-18T00:00:33.822+0300][12872][11344][debug][safepoint] ... found polling page loop exception at pc = 0x00000207273653e0, stub =0x0000020726d55280
[2025-06-18T00:00:33.822+0300][12872][20264][info ][gc,phases] GC(62) Pause Mark End 0.015ms
[2025-06-18T00:00:33.822+0300][12872][20264][info ][safepoint] Safepoint "XMarkEnd", Time since last: 22040200 ns, Reaching safepoint: 253800 ns, Cleanup: 5800 ns, At safepoint: 72100 ns, Total: 331700 ns
[2025-06-18T00:00:33.822+0300][12872][18160][info ][gc,phases] GC(62) Concurrent Mark Free 0.001ms
[2025-06-18T00:00:33.822+0300][12872][18160][debug][gc,phases] GC(62) Concurrent References Process 0.157ms
[2025-06-18T00:00:33.822+0300][12872][18160][debug][gc,phases] GC(62) ClassLoaderData 0.017ms
[2025-06-18T00:00:33.822+0300][12872][18160][debug][gc,phases] GC(62) Trigger cleanups 0.001ms
[2025-06-18T00:00:33.829+0300][12872][18160][debug][gc,phases] GC(62) Concurrent Classes Unlink 5.456ms
[2025-06-18T00:00:33.829+0300][12872][4836 ][debug][safepoint] ... found polling page loop exception at pc = 0x0000020727356360, stub =0x0000020726d55b00
[2025-06-18T00:00:33.829+0300][12872][17812][debug][safepoint] ... found polling page loop exception at pc = 0x00000207273564c6, stub =0x0000020726d55b00
[2025-06-18T00:00:33.829+0300][12872][5460 ][debug][safepoint] ... found polling page loop exception at pc = 0x00000207273564c6, stub =0x0000020726d55b00
[2025-06-18T00:00:33.829+0300][12872][11344][debug][safepoint] ... found polling page loop exception at pc = 0x00000207273653e0, stub =0x0000020726d55280
[2025-06-18T00:00:33.829+0300][12872][7240 ][debug][safepoint] ... found polling page loop exception at pc = 0x00000207273653e0, stub =0x0000020726d55280
[2025-06-18T00:00:33.829+0300][12872][15720][debug][safepoint] ... found polling page loop exception at pc = 0x00000207273653e0, stub =0x0000020726d55280
[2025-06-18T00:00:33.829+0300][12872][20980][debug][safepoint] ... found polling page loop exception at pc = 0x00000207273653e0, stub =0x0000020726d55280
[2025-06-18T00:00:33.829+0300][12872][18160][debug][gc,phases] GC(62) Concurrent Classes Purge 0.007ms
[2025-06-18T00:00:33.829+0300][12872][18160][debug][gc,phases] GC(62) Concurrent References Enqueue 0.007ms
[2025-06-18T00:00:33.829+0300][12872][18160][info ][gc,phases] GC(62) Concurrent Process Non-Strong References 6.991ms
[2025-06-18T00:00:33.829+0300][12872][18160][info ][gc,phases] GC(62) Concurrent Reset Relocation Set 0.008ms
[2025-06-18T00:00:33.831+0300][12872][18160][info ][gc,phases] GC(62) Concurrent Select Relocation Set 2.690ms
[2025-06-18T00:00:33.831+0300][12872][20264][debug][safepoint] Safepoint synchronization initiated using striped semaphore wait barrier. (19 threads)
[2025-06-18T00:00:33.831+0300][12872][5460 ][debug][safepoint] ... found polling page loop exception at pc = 0x00000207274e762c, stub =0x0000020726d55280
[2025-06-18T00:00:33.831+0300][12872][4836 ][debug][safepoint] ... found polling page loop exception at pc = 0x00000207273653e0, stub =0x0000020726d55280
[2025-06-18T00:00:33.831+0300][12872][20980][debug][safepoint] ... found polling page loop exception at pc = 0x00000207273653e0, stub =0x0000020726d55280
[2025-06-18T00:00:33.831+0300][12872][17812][debug][safepoint] ... found polling page loop exception at pc = 0x000002072736408e, stub =0x0000020726d55b00
[2025-06-18T00:00:33.831+0300][12872][7200 ][debug][safepoint] ... found polling page loop exception at pc = 0x00000207273653e0, stub =0x0000020726d55280
[2025-06-18T00:00:33.831+0300][12872][20264][info ][gc,phases] GC(62) Pause Relocate Start 0.007ms
[2025-06-18T00:00:33.831+0300][12872][20264][info ][safepoint] Safepoint "XRelocateStart", Time since last: 9884600 ns, Reaching safepoint: 279500 ns, Cleanup: 4600 ns, At safepoint: 65500 ns, Total: 349600 ns
[2025-06-18T00:00:33.831+0300][12872][18160][info ][gc,phases] GC(62) Concurrent Relocate 1.683ms
[2025-06-18T00:00:33.835+0300][12872][18160][debug][gc,heap  ] GC(62) Heap after GC invocations=63 (full 63):
[2025-06-18T00:00:33.835+0300][12872][18160][debug][gc,heap  ] GC(62)  ZHeap           used 150M, capacity 2048M, max capacity 2048M
[2025-06-18T00:00:33.835+0300][12872][18160][debug][gc,heap  ] GC(62)  Metaspace       used 8706K, committed 9664K, reserved 1114112K
[2025-06-18T00:00:33.835+0300][12872][18160][debug][gc,heap  ] GC(62)   class space    used 875K, committed 1280K, reserved 1048576K
[2025-06-18T00:00:33.835+0300][12872][18160][info ][gc,heap  ] GC(62) Min Capacity: 2048M(100%)
[2025-06-18T00:00:33.835+0300][12872][18160][info ][gc,heap  ] GC(62) Max Capacity: 2048M(100%)
[2025-06-18T00:00:33.835+0300][12872][18160][info ][gc,heap  ] GC(62) Soft Max Capacity: 2048M(100%)
[2025-06-18T00:00:33.835+0300][12872][18160][info ][gc,heap  ] GC(62)                Mark Start          Mark End        Relocate Start      Relocate End           High               Low         
[2025-06-18T00:00:33.835+0300][12872][18160][info ][gc,heap  ] GC(62)  Capacity:     2048M (100%)       2048M (100%)       2048M (100%)       2048M (100%)       2048M (100%)       2048M (100%)   
[2025-06-18T00:00:33.835+0300][12872][18160][info ][gc,heap  ] GC(62)      Free:      602M (29%)         524M (26%)        1624M (79%)        1898M (93%)        1898M (93%)         504M (25%)    
[2025-06-18T00:00:33.835+0300][12872][18160][info ][gc,heap  ] GC(62)      Used:     1446M (71%)        1524M (74%)         424M (21%)         150M (7%)         1544M (75%)         150M (7%)     
[2025-06-18T00:00:33.835+0300][12872][18160][info ][gc,heap  ] GC(62)      Live:         -                11M (1%)           11M (1%)           11M (1%)             -                  -          
[2025-06-18T00:00:33.835+0300][12872][18160][info ][gc,heap  ] GC(62) Allocated:         -                78M (4%)          110M (5%)          111M (5%)             -                  -          
[2025-06-18T00:00:33.835+0300][12872][18160][info ][gc,heap  ] GC(62)   Garbage:         -              1434M (70%)         302M (15%)          27M (1%)             -                  -          
[2025-06-18T00:00:33.835+0300][12872][18160][info ][gc,heap  ] GC(62) Reclaimed:         -                  -              1132M (55%)        1407M (69%)            -                  -          
[2025-06-18T00:00:33.835+0300][12872][18160][info ][gc       ] GC(62) Garbage Collection (Allocation Rate) 1446M(71%)->150M(7%)
[2025-06-18T00:00:34.352+0300][12872][20264][debug][safepoint] Safepoint synchronization initiated using striped semaphore wait barrier. (11 threads)
