[2025-05-18T20:57:00.730+0300][12388][18732][info][gc,init] Initializing The Z Garbage Collector
[2025-05-18T20:57:00.730+0300][12388][18732][info][gc,init] Version: 21.0.6+8-LTS-188 (release)
[2025-05-18T20:57:00.730+0300][12388][18732][info][gc,init] Using legacy single-generation mode
[2025-05-18T20:57:00.730+0300][12388][18732][info][gc,init] NUMA Support: Disabled
[2025-05-18T20:57:00.730+0300][12388][18732][info][gc,init] CPUs: 8 total, 8 available
[2025-05-18T20:57:00.731+0300][12388][18732][info][gc,init] Memory: 16183M
[2025-05-18T20:57:00.731+0300][12388][18732][info][gc,init] Large Page Support: Disabled
[2025-05-18T20:57:00.731+0300][12388][18732][info][gc,init] GC Workers: 2 (dynamic)
[2025-05-18T20:57:00.732+0300][12388][18732][info][gc,init] Address Space Type: Contiguous/Unrestricted/Complete
[2025-05-18T20:57:00.732+0300][12388][18732][info][gc,init] Address Space Size: 196608M x 3 = 589824M
[2025-05-18T20:57:00.733+0300][12388][18732][info][gc,init] Min Capacity: 12288M
[2025-05-18T20:57:00.733+0300][12388][18732][info][gc,init] Initial Capacity: 12288M
[2025-05-18T20:57:00.733+0300][12388][18732][info][gc,init] Max Capacity: 12288M
[2025-05-18T20:57:00.733+0300][12388][18732][info][gc,init] Medium Page Size: 32M
[2025-05-18T20:57:00.733+0300][12388][18732][info][gc,init] Pre-touch: Disabled
[2025-05-18T20:57:00.733+0300][12388][18732][info][gc,init] Uncommit: Implicitly Disabled (-Xms equals -Xmx)
[2025-05-18T20:57:01.011+0300][12388][18732][info][gc,init] Runtime Workers: 5
[2025-05-18T20:57:01.012+0300][12388][18732][info][gc     ] Using The Z Garbage Collector
[2025-05-18T20:57:01.020+0300][12388][18732][info][gc,metaspace] CDS archive(s) mapped at: [0x000001ac80000000-0x000001ac80c90000-0x000001ac80c90000), size 13172736, SharedBaseAddress: 0x000001ac80000000, ArchiveRelocationMode: 1.
[2025-05-18T20:57:01.020+0300][12388][18732][info][gc,metaspace] Compressed class space mapped at: 0x000001ac81000000-0x000001acc1000000, reserved size: 1073741824
[2025-05-18T20:57:01.020+0300][12388][18732][info][gc,metaspace] Narrow klass base: 0x000001ac80000000, Narrow klass shift: 0, Narrow klass range: 0x100000000
[2025-05-18T20:57:01.354+0300][12388][24448][info][gc,start    ] GC(0) Garbage Collection (System.gc())
[2025-05-18T20:57:01.354+0300][12388][24448][info][gc,task     ] GC(0) Using 2 workers
[2025-05-18T20:57:01.354+0300][12388][980  ][info][gc,phases   ] GC(0) Pause Mark Start 0.005ms
[2025-05-18T20:57:01.374+0300][12388][24448][info][gc,phases   ] GC(0) Concurrent Mark 19.194ms
[2025-05-18T20:57:01.374+0300][12388][980  ][info][gc,phases   ] GC(0) Pause Mark End 0.035ms
[2025-05-18T20:57:01.374+0300][12388][24448][info][gc,phases   ] GC(0) Concurrent Mark Free 0.001ms
[2025-05-18T20:57:01.375+0300][12388][24448][info][gc,phases   ] GC(0) Concurrent Process Non-Strong References 1.236ms
[2025-05-18T20:57:01.375+0300][12388][24448][info][gc,phases   ] GC(0) Concurrent Reset Relocation Set 0.000ms
[2025-05-18T20:57:01.379+0300][12388][24448][info][gc,phases   ] GC(0) Concurrent Select Relocation Set 3.302ms
[2025-05-18T20:57:01.379+0300][12388][980  ][info][gc,phases   ] GC(0) Pause Relocate Start 0.006ms
[2025-05-18T20:57:01.380+0300][12388][24448][info][gc,phases   ] GC(0) Concurrent Relocate 1.275ms
[2025-05-18T20:57:01.380+0300][12388][24448][info][gc,load     ] GC(0) Load: 0.00/0.00/0.00
[2025-05-18T20:57:01.380+0300][12388][24448][info][gc,mmu      ] GC(0) MMU: 2ms/98.2%, 5ms/99.2%, 10ms/99.6%, 20ms/99.8%, 50ms/99.9%, 100ms/100.0%
[2025-05-18T20:57:01.380+0300][12388][24448][info][gc,marking  ] GC(0) Mark: 2 stripe(s), 1 proactive flush(es), 1 terminate flush(es), 0 completion(s), 0 continuation(s) 
[2025-05-18T20:57:01.380+0300][12388][24448][info][gc,marking  ] GC(0) Mark Stack Usage: 32M
[2025-05-18T20:57:01.380+0300][12388][24448][info][gc,nmethod  ] GC(0) NMethods: 743 registered, 77 unregistered
[2025-05-18T20:57:01.380+0300][12388][24448][info][gc,metaspace] GC(0) Metaspace: 2M used, 2M committed, 1088M reserved
[2025-05-18T20:57:01.380+0300][12388][24448][info][gc,ref      ] GC(0) Soft: 81 encountered, 0 discovered, 0 enqueued
[2025-05-18T20:57:01.380+0300][12388][24448][info][gc,ref      ] GC(0) Weak: 320 encountered, 183 discovered, 75 enqueued
[2025-05-18T20:57:01.380+0300][12388][24448][info][gc,ref      ] GC(0) Final: 3 encountered, 0 discovered, 0 enqueued
[2025-05-18T20:57:01.380+0300][12388][24448][info][gc,ref      ] GC(0) Phantom: 52 encountered, 48 discovered, 34 enqueued
[2025-05-18T20:57:01.380+0300][12388][24448][info][gc,reloc    ] GC(0) Small Pages: 29 / 58M, Empty: 0M, Relocated: 2M, In-Place: 0
[2025-05-18T20:57:01.380+0300][12388][24448][info][gc,reloc    ] GC(0) Medium Pages: 0 / 0M, Empty: 0M, Relocated: 0M, In-Place: 0
[2025-05-18T20:57:01.380+0300][12388][24448][info][gc,reloc    ] GC(0) Large Pages: 0 / 0M, Empty: 0M, Relocated: 0M, In-Place: 0
[2025-05-18T20:57:01.380+0300][12388][24448][info][gc,reloc    ] GC(0) Forwarding Usage: 0M
[2025-05-18T20:57:01.380+0300][12388][24448][info][gc,heap     ] GC(0) Min Capacity: 12288M(100%)
[2025-05-18T20:57:01.380+0300][12388][24448][info][gc,heap     ] GC(0) Max Capacity: 12288M(100%)
[2025-05-18T20:57:01.380+0300][12388][24448][info][gc,heap     ] GC(0) Soft Max Capacity: 12288M(100%)
[2025-05-18T20:57:01.380+0300][12388][24448][info][gc,heap     ] GC(0)                Mark Start          Mark End        Relocate Start      Relocate End           High               Low         
[2025-05-18T20:57:01.380+0300][12388][24448][info][gc,heap     ] GC(0)  Capacity:    12288M (100%)      12288M (100%)      12288M (100%)      12288M (100%)      12288M (100%)      12288M (100%)   
[2025-05-18T20:57:01.380+0300][12388][24448][info][gc,heap     ] GC(0)      Free:    12230M (100%)      12230M (100%)      12228M (100%)      12282M (100%)      12282M (100%)      12226M (99%)    
[2025-05-18T20:57:01.380+0300][12388][24448][info][gc,heap     ] GC(0)      Used:       58M (0%)           58M (0%)           60M (0%)            6M (0%)           62M (1%)            6M (0%)     
[2025-05-18T20:57:01.380+0300][12388][24448][info][gc,heap     ] GC(0)      Live:         -                 2M (0%)            2M (0%)            2M (0%)             -                  -          
[2025-05-18T20:57:01.380+0300][12388][24448][info][gc,heap     ] GC(0) Allocated:         -                 0M (0%)            2M (0%)            2M (0%)             -                  -          
[2025-05-18T20:57:01.380+0300][12388][24448][info][gc,heap     ] GC(0)   Garbage:         -                55M (0%)           55M (0%)            1M (0%)             -                  -          
[2025-05-18T20:57:01.380+0300][12388][24448][info][gc,heap     ] GC(0) Reclaimed:         -                  -                 0M (0%)           54M (0%)             -                  -          
[2025-05-18T20:57:01.380+0300][12388][24448][info][gc          ] GC(0) Garbage Collection (System.gc()) 58M(0%)->6M(0%)
[2025-05-18T20:57:07.868+0300][12388][24448][info][gc,start    ] GC(1) Garbage Collection (System.gc())
[2025-05-18T20:57:07.868+0300][12388][24448][info][gc,task     ] GC(1) Using 2 workers
[2025-05-18T20:57:07.868+0300][12388][980  ][info][gc,phases   ] GC(1) Pause Mark Start 0.005ms
[2025-05-18T20:57:07.875+0300][12388][24448][info][gc,phases   ] GC(1) Concurrent Mark 6.411ms
[2025-05-18T20:57:07.875+0300][12388][980  ][info][gc,phases   ] GC(1) Pause Mark End 0.010ms
[2025-05-18T20:57:07.875+0300][12388][24448][info][gc,phases   ] GC(1) Concurrent Mark Free 0.001ms
[2025-05-18T20:57:07.876+0300][12388][24448][info][gc,phases   ] GC(1) Concurrent Process Non-Strong References 1.616ms
[2025-05-18T20:57:07.876+0300][12388][24448][info][gc,phases   ] GC(1) Concurrent Reset Relocation Set 0.001ms
[2025-05-18T20:57:07.878+0300][12388][24448][info][gc,phases   ] GC(1) Concurrent Select Relocation Set 1.245ms
[2025-05-18T20:57:07.878+0300][12388][980  ][info][gc,phases   ] GC(1) Pause Relocate Start 0.005ms
[2025-05-18T20:57:07.879+0300][12388][24448][info][gc,phases   ] GC(1) Concurrent Relocate 1.276ms
[2025-05-18T20:57:07.879+0300][12388][24448][info][gc,load     ] GC(1) Load: 0.00/0.00/0.00
[2025-05-18T20:57:07.879+0300][12388][24448][info][gc,mmu      ] GC(1) MMU: 2ms/98.2%, 5ms/99.2%, 10ms/99.6%, 20ms/99.8%, 50ms/99.9%, 100ms/100.0%
[2025-05-18T20:57:07.879+0300][12388][24448][info][gc,marking  ] GC(1) Mark: 2 stripe(s), 2 proactive flush(es), 1 terminate flush(es), 0 completion(s), 0 continuation(s) 
[2025-05-18T20:57:07.879+0300][12388][24448][info][gc,marking  ] GC(1) Mark Stack Usage: 32M
[2025-05-18T20:57:07.879+0300][12388][24448][info][gc,nmethod  ] GC(1) NMethods: 1497 registered, 404 unregistered
[2025-05-18T20:57:07.879+0300][12388][24448][info][gc,metaspace] GC(1) Metaspace: 5M used, 5M committed, 1088M reserved
[2025-05-18T20:57:07.879+0300][12388][24448][info][gc,ref      ] GC(1) Soft: 89 encountered, 0 discovered, 0 enqueued
[2025-05-18T20:57:07.879+0300][12388][24448][info][gc,ref      ] GC(1) Weak: 263 encountered, 74 discovered, 10 enqueued
[2025-05-18T20:57:07.879+0300][12388][24448][info][gc,ref      ] GC(1) Final: 3 encountered, 2 discovered, 0 enqueued
[2025-05-18T20:57:07.879+0300][12388][24448][info][gc,ref      ] GC(1) Phantom: 18 encountered, 15 discovered, 4 enqueued
[2025-05-18T20:57:07.879+0300][12388][24448][info][gc,reloc    ] GC(1) Small Pages: 56 / 112M, Empty: 78M, Relocated: 1M, In-Place: 0
[2025-05-18T20:57:07.879+0300][12388][24448][info][gc,reloc    ] GC(1) Medium Pages: 0 / 0M, Empty: 0M, Relocated: 0M, In-Place: 0
[2025-05-18T20:57:07.879+0300][12388][24448][info][gc,reloc    ] GC(1) Large Pages: 0 / 0M, Empty: 0M, Relocated: 0M, In-Place: 0
[2025-05-18T20:57:07.879+0300][12388][24448][info][gc,reloc    ] GC(1) Forwarding Usage: 0M
[2025-05-18T20:57:07.879+0300][12388][24448][info][gc,heap     ] GC(1) Min Capacity: 12288M(100%)
[2025-05-18T20:57:07.879+0300][12388][24448][info][gc,heap     ] GC(1) Max Capacity: 12288M(100%)
[2025-05-18T20:57:07.879+0300][12388][24448][info][gc,heap     ] GC(1) Soft Max Capacity: 12288M(100%)
[2025-05-18T20:57:07.879+0300][12388][24448][info][gc,heap     ] GC(1)                Mark Start          Mark End        Relocate Start      Relocate End           High               Low         
[2025-05-18T20:57:07.879+0300][12388][24448][info][gc,heap     ] GC(1)  Capacity:    12288M (100%)      12288M (100%)      12288M (100%)      12288M (100%)      12288M (100%)      12288M (100%)   
[2025-05-18T20:57:07.879+0300][12388][24448][info][gc,heap     ] GC(1)      Free:    12176M (99%)       12176M (99%)       12252M (100%)      12278M (100%)      12278M (100%)      12174M (99%)    
[2025-05-18T20:57:07.879+0300][12388][24448][info][gc,heap     ] GC(1)      Used:      112M (1%)          112M (1%)           36M (0%)           10M (0%)          114M (1%)           10M (0%)     
[2025-05-18T20:57:07.879+0300][12388][24448][info][gc,heap     ] GC(1)      Live:         -                 3M (0%)            3M (0%)            3M (0%)             -                  -          
[2025-05-18T20:57:07.879+0300][12388][24448][info][gc,heap     ] GC(1) Allocated:         -                 0M (0%)            2M (0%)            3M (0%)             -                  -          
[2025-05-18T20:57:07.879+0300][12388][24448][info][gc,heap     ] GC(1)   Garbage:         -               108M (1%)           30M (0%)            2M (0%)             -                  -          
[2025-05-18T20:57:07.879+0300][12388][24448][info][gc,heap     ] GC(1) Reclaimed:         -                  -                78M (1%)          105M (1%)             -                  -          
[2025-05-18T20:57:07.879+0300][12388][24448][info][gc          ] GC(1) Garbage Collection (System.gc()) 112M(1%)->10M(0%)
[2025-05-18T20:57:11.035+0300][12388][13580][info][gc,stats    ] === Garbage Collection Statistics =======================================================================================================================
[2025-05-18T20:57:11.035+0300][12388][13580][info][gc,stats    ]                                                              Last 10s              Last 10m              Last 10h                Total
[2025-05-18T20:57:11.035+0300][12388][13580][info][gc,stats    ]                                                              Avg / Max             Avg / Max             Avg / Max             Avg / Max
[2025-05-18T20:57:11.035+0300][12388][13580][info][gc,stats    ]   Collector: Garbage Collection Cycle                     18.436 / 25.858       18.436 / 25.858       18.436 / 25.858       18.436 / 25.858      ms
[2025-05-18T20:57:11.035+0300][12388][13580][info][gc,stats    ]  Contention: Mark Segment Reset Contention                     0 / 1                 0 / 1                 0 / 1                 0 / 1           ops/s
[2025-05-18T20:57:11.035+0300][12388][13580][info][gc,stats    ]  Contention: Mark SeqNum Reset Contention                      0 / 0                 0 / 0                 0 / 0                 0 / 0           ops/s
[2025-05-18T20:57:11.035+0300][12388][13580][info][gc,stats    ]    Critical: Allocation Stall                                  0 / 0                 0 / 0                 0 / 0                 0 / 0           ops/s
[2025-05-18T20:57:11.035+0300][12388][13580][info][gc,stats    ]    Critical: Allocation Stall                              0.000 / 0.000         0.000 / 0.000         0.000 / 0.000         0.000 / 0.000       ms
[2025-05-18T20:57:11.035+0300][12388][13580][info][gc,stats    ]    Critical: GC Locker Stall                                   0 / 0                 0 / 0                 0 / 0                 0 / 0           ops/s
[2025-05-18T20:57:11.035+0300][12388][13580][info][gc,stats    ]    Critical: GC Locker Stall                               0.000 / 0.000         0.000 / 0.000         0.000 / 0.000         0.000 / 0.000       ms
[2025-05-18T20:57:11.035+0300][12388][13580][info][gc,stats    ]    Critical: Relocation Stall                                  0 / 0                 0 / 0                 0 / 0                 0 / 0           ops/s
[2025-05-18T20:57:11.035+0300][12388][13580][info][gc,stats    ]    Critical: Relocation Stall                              0.000 / 0.000         0.000 / 0.000         0.000 / 0.000         0.000 / 0.000       ms
[2025-05-18T20:57:11.035+0300][12388][13580][info][gc,stats    ]      Memory: Allocation Rate                                  22 / 78               22 / 78               22 / 78               22 / 78          MB/s
[2025-05-18T20:57:11.035+0300][12388][13580][info][gc,stats    ]      Memory: Defragment                                        0 / 0                 0 / 0                 0 / 0                 0 / 0           ops/s
[2025-05-18T20:57:11.035+0300][12388][13580][info][gc,stats    ]      Memory: Out Of Memory                                     0 / 0                 0 / 0                 0 / 0                 0 / 0           ops/s
[2025-05-18T20:57:11.035+0300][12388][13580][info][gc,stats    ]      Memory: Page Cache Flush                                  0 / 0                 0 / 0                 0 / 0                 0 / 0           MB/s
[2025-05-18T20:57:11.035+0300][12388][13580][info][gc,stats    ]      Memory: Page Cache Hit L1                                 5 / 11                5 / 11                5 / 11                5 / 11          ops/s
[2025-05-18T20:57:11.035+0300][12388][13580][info][gc,stats    ]      Memory: Page Cache Hit L2                                 0 / 0                 0 / 0                 0 / 0                 0 / 0           ops/s
[2025-05-18T20:57:11.035+0300][12388][13580][info][gc,stats    ]      Memory: Page Cache Hit L3                                 5 / 31                5 / 31                5 / 31                5 / 31          ops/s
[2025-05-18T20:57:11.035+0300][12388][13580][info][gc,stats    ]      Memory: Page Cache Miss                                   0 / 1                 0 / 1                 0 / 1                 0 / 1           ops/s
[2025-05-18T20:57:11.035+0300][12388][13580][info][gc,stats    ]      Memory: Uncommit                                          0 / 0                 0 / 0                 0 / 0                 0 / 0           MB/s
[2025-05-18T20:57:11.035+0300][12388][13580][info][gc,stats    ]      Memory: Undo Object Allocation Failed                     0 / 0                 0 / 0                 0 / 0                 0 / 0           ops/s
[2025-05-18T20:57:11.035+0300][12388][13580][info][gc,stats    ]      Memory: Undo Object Allocation Succeeded                  0 / 0                 0 / 0                 0 / 0                 0 / 0           ops/s
[2025-05-18T20:57:11.035+0300][12388][13580][info][gc,stats    ]      Memory: Undo Page Allocation                              0 / 0                 0 / 0                 0 / 0                 0 / 0           ops/s
[2025-05-18T20:57:11.035+0300][12388][13580][info][gc,stats    ]       Phase: Concurrent Mark                              12.803 / 19.194       12.803 / 19.194       12.803 / 19.194       12.803 / 19.194      ms
[2025-05-18T20:57:11.035+0300][12388][13580][info][gc,stats    ]       Phase: Concurrent Mark Continue                      0.000 / 0.000         0.000 / 0.000         0.000 / 0.000         0.000 / 0.000       ms
[2025-05-18T20:57:11.035+0300][12388][13580][info][gc,stats    ]       Phase: Concurrent Mark Free                          0.001 / 0.001         0.001 / 0.001         0.001 / 0.001         0.001 / 0.001       ms
[2025-05-18T20:57:11.035+0300][12388][13580][info][gc,stats    ]       Phase: Concurrent Process Non-Strong References      1.426 / 1.616         1.426 / 1.616         1.426 / 1.616         1.426 / 1.616       ms
[2025-05-18T20:57:11.035+0300][12388][13580][info][gc,stats    ]       Phase: Concurrent Relocate                           1.275 / 1.276         1.275 / 1.276         1.275 / 1.276         1.275 / 1.276       ms
[2025-05-18T20:57:11.035+0300][12388][13580][info][gc,stats    ]       Phase: Concurrent Reset Relocation Set               0.001 / 0.001         0.001 / 0.001         0.001 / 0.001         0.001 / 0.001       ms
[2025-05-18T20:57:11.035+0300][12388][13580][info][gc,stats    ]       Phase: Concurrent Select Relocation Set              2.273 / 3.302         2.273 / 3.302         2.273 / 3.302         2.273 / 3.302       ms
[2025-05-18T20:57:11.035+0300][12388][13580][info][gc,stats    ]       Phase: Pause Mark End                                0.023 / 0.035         0.023 / 0.035         0.023 / 0.035         0.023 / 0.035       ms
[2025-05-18T20:57:11.035+0300][12388][13580][info][gc,stats    ]       Phase: Pause Mark Start                              0.005 / 0.005         0.005 / 0.005         0.005 / 0.005         0.005 / 0.005       ms
[2025-05-18T20:57:11.035+0300][12388][13580][info][gc,stats    ]       Phase: Pause Relocate Start                          0.006 / 0.006         0.006 / 0.006         0.006 / 0.006         0.006 / 0.006       ms
[2025-05-18T20:57:11.035+0300][12388][13580][info][gc,stats    ]    Subphase: Concurrent Classes Purge                      0.210 / 0.344         0.210 / 0.344         0.210 / 0.344         0.210 / 0.344       ms
[2025-05-18T20:57:11.035+0300][12388][13580][info][gc,stats    ]    Subphase: Concurrent Classes Unlink                     0.820 / 0.992         0.820 / 0.992         0.820 / 0.992         0.820 / 0.992       ms
[2025-05-18T20:57:11.035+0300][12388][13580][info][gc,stats    ]    Subphase: Concurrent Mark                               8.131 / 18.840        8.131 / 18.840        8.131 / 18.840        8.131 / 18.840      ms
[2025-05-18T20:57:11.035+0300][12388][13580][info][gc,stats    ]    Subphase: Concurrent Mark Try Flush                     0.074 / 0.149         0.074 / 0.149         0.074 / 0.149         0.074 / 0.149       ms
[2025-05-18T20:57:11.035+0300][12388][13580][info][gc,stats    ]    Subphase: Concurrent Mark Try Terminate                 3.186 / 15.861        3.186 / 15.861        3.186 / 15.861        3.186 / 15.861      ms
[2025-05-18T20:57:11.035+0300][12388][13580][info][gc,stats    ]    Subphase: Concurrent References Enqueue                 0.004 / 0.004         0.004 / 0.004         0.004 / 0.004         0.004 / 0.004       ms
[2025-05-18T20:57:11.035+0300][12388][13580][info][gc,stats    ]    Subphase: Concurrent References Process                 0.095 / 0.167         0.095 / 0.167         0.095 / 0.167         0.095 / 0.167       ms
[2025-05-18T20:57:11.035+0300][12388][13580][info][gc,stats    ]    Subphase: Concurrent Roots ClassLoaderDataGraph         0.064 / 0.166         0.064 / 0.166         0.064 / 0.166         0.064 / 0.166       ms
[2025-05-18T20:57:11.035+0300][12388][13580][info][gc,stats    ]    Subphase: Concurrent Roots CodeCache                    0.000 / 0.000         0.000 / 0.000         0.000 / 0.000         0.000 / 0.000       ms
[2025-05-18T20:57:11.035+0300][12388][13580][info][gc,stats    ]    Subphase: Concurrent Roots JavaThreads                  0.159 / 0.203         0.159 / 0.203         0.159 / 0.203         0.159 / 0.203       ms
[2025-05-18T20:57:11.035+0300][12388][13580][info][gc,stats    ]    Subphase: Concurrent Roots OopStorageSet                0.030 / 0.040         0.030 / 0.040         0.030 / 0.040         0.030 / 0.040       ms
[2025-05-18T20:57:11.035+0300][12388][13580][info][gc,stats    ]    Subphase: Concurrent Weak Roots OopStorageSet           0.139 / 0.192         0.139 / 0.192         0.139 / 0.192         0.139 / 0.192       ms
[2025-05-18T20:57:11.035+0300][12388][13580][info][gc,stats    ]    Subphase: Pause Mark Try Complete                       0.000 / 0.000         0.000 / 0.000         0.000 / 0.000         0.000 / 0.000       ms
[2025-05-18T20:57:11.035+0300][12388][13580][info][gc,stats    ]      System: Java Threads                                     11 / 12               11 / 12               11 / 12               11 / 12          threads
[2025-05-18T20:57:11.035+0300][12388][13580][info][gc,stats    ] =========================================================================================================================================================
[2025-05-18T20:57:14.077+0300][12388][24448][info][gc,start    ] GC(2) Garbage Collection (System.gc())
[2025-05-18T20:57:14.077+0300][12388][24448][info][gc,task     ] GC(2) Using 2 workers
[2025-05-18T20:57:14.077+0300][12388][980  ][info][gc,phases   ] GC(2) Pause Mark Start 0.006ms
[2025-05-18T20:57:14.084+0300][12388][24448][info][gc,phases   ] GC(2) Concurrent Mark 6.795ms
[2025-05-18T20:57:14.084+0300][12388][980  ][info][gc,phases   ] GC(2) Pause Mark End 0.007ms
[2025-05-18T20:57:14.084+0300][12388][24448][info][gc,phases   ] GC(2) Concurrent Mark Free 0.001ms
[2025-05-18T20:57:14.085+0300][12388][24448][info][gc,phases   ] GC(2) Concurrent Process Non-Strong References 1.106ms
[2025-05-18T20:57:14.085+0300][12388][24448][info][gc,phases   ] GC(2) Concurrent Reset Relocation Set 0.001ms
[2025-05-18T20:57:14.086+0300][12388][24448][info][gc,phases   ] GC(2) Concurrent Select Relocation Set 1.127ms
[2025-05-18T20:57:14.086+0300][12388][980  ][info][gc,phases   ] GC(2) Pause Relocate Start 0.005ms
[2025-05-18T20:57:14.087+0300][12388][24448][info][gc,phases   ] GC(2) Concurrent Relocate 0.752ms
[2025-05-18T20:57:14.087+0300][12388][24448][info][gc,load     ] GC(2) Load: 0.00/0.00/0.00
[2025-05-18T20:57:14.087+0300][12388][24448][info][gc,mmu      ] GC(2) MMU: 2ms/98.2%, 5ms/99.2%, 10ms/99.6%, 20ms/99.8%, 50ms/99.9%, 100ms/100.0%
[2025-05-18T20:57:14.087+0300][12388][24448][info][gc,marking  ] GC(2) Mark: 2 stripe(s), 1 proactive flush(es), 1 terminate flush(es), 0 completion(s), 0 continuation(s) 
[2025-05-18T20:57:14.087+0300][12388][24448][info][gc,marking  ] GC(2) Mark Stack Usage: 32M
[2025-05-18T20:57:14.087+0300][12388][24448][info][gc,nmethod  ] GC(2) NMethods: 1574 registered, 453 unregistered
[2025-05-18T20:57:14.087+0300][12388][24448][info][gc,metaspace] GC(2) Metaspace: 5M used, 5M committed, 1088M reserved
[2025-05-18T20:57:14.087+0300][12388][24448][info][gc,ref      ] GC(2) Soft: 89 encountered, 0 discovered, 0 enqueued
[2025-05-18T20:57:14.087+0300][12388][24448][info][gc,ref      ] GC(2) Weak: 253 encountered, 71 discovered, 0 enqueued
[2025-05-18T20:57:14.087+0300][12388][24448][info][gc,ref      ] GC(2) Final: 3 encountered, 2 discovered, 0 enqueued
[2025-05-18T20:57:14.087+0300][12388][24448][info][gc,ref      ] GC(2) Phantom: 16 encountered, 11 discovered, 2 enqueued
[2025-05-18T20:57:14.087+0300][12388][24448][info][gc,reloc    ] GC(2) Small Pages: 55 / 110M, Empty: 96M, Relocated: 1M, In-Place: 0
[2025-05-18T20:57:14.087+0300][12388][24448][info][gc,reloc    ] GC(2) Medium Pages: 0 / 0M, Empty: 0M, Relocated: 0M, In-Place: 0
[2025-05-18T20:57:14.087+0300][12388][24448][info][gc,reloc    ] GC(2) Large Pages: 0 / 0M, Empty: 0M, Relocated: 0M, In-Place: 0
[2025-05-18T20:57:14.087+0300][12388][24448][info][gc,reloc    ] GC(2) Forwarding Usage: 0M
[2025-05-18T20:57:14.087+0300][12388][24448][info][gc,heap     ] GC(2) Min Capacity: 12288M(100%)
[2025-05-18T20:57:14.087+0300][12388][24448][info][gc,heap     ] GC(2) Max Capacity: 12288M(100%)
[2025-05-18T20:57:14.087+0300][12388][24448][info][gc,heap     ] GC(2) Soft Max Capacity: 12288M(100%)
[2025-05-18T20:57:14.087+0300][12388][24448][info][gc,heap     ] GC(2)                Mark Start          Mark End        Relocate Start      Relocate End           High               Low         
[2025-05-18T20:57:14.087+0300][12388][24448][info][gc,heap     ] GC(2)  Capacity:    12288M (100%)      12288M (100%)      12288M (100%)      12288M (100%)      12288M (100%)      12288M (100%)   
[2025-05-18T20:57:14.087+0300][12388][24448][info][gc,heap     ] GC(2)      Free:    12178M (99%)       12178M (99%)       12272M (100%)      12280M (100%)      12280M (100%)      12176M (99%)    
[2025-05-18T20:57:14.087+0300][12388][24448][info][gc,heap     ] GC(2)      Used:      110M (1%)          110M (1%)           16M (0%)            8M (0%)          112M (1%)            8M (0%)     
[2025-05-18T20:57:14.087+0300][12388][24448][info][gc,heap     ] GC(2)      Live:         -                 3M (0%)            3M (0%)            3M (0%)             -                  -          
[2025-05-18T20:57:14.087+0300][12388][24448][info][gc,heap     ] GC(2) Allocated:         -                 0M (0%)            2M (0%)            2M (0%)             -                  -          
[2025-05-18T20:57:14.087+0300][12388][24448][info][gc,heap     ] GC(2)   Garbage:         -               106M (1%)           10M (0%)            2M (0%)             -                  -          
[2025-05-18T20:57:14.087+0300][12388][24448][info][gc,heap     ] GC(2) Reclaimed:         -                  -                96M (1%)          104M (1%)             -                  -          
[2025-05-18T20:57:14.087+0300][12388][24448][info][gc          ] GC(2) Garbage Collection (System.gc()) 110M(1%)->8M(0%)
[2025-05-18T20:57:20.255+0300][12388][18732][info][gc,heap,exit] Heap
[2025-05-18T20:57:20.255+0300][12388][18732][info][gc,heap,exit]  ZHeap           used 112M, capacity 12288M, max capacity 12288M
[2025-05-18T20:57:20.255+0300][12388][18732][info][gc,heap,exit]  Metaspace       used 5490K, committed 5760K, reserved 1114112K
[2025-05-18T20:57:20.255+0300][12388][18732][info][gc,heap,exit]   class space    used 589K, committed 704K, reserved 1048576K
