[2025-05-18T20:57:20.534+0300][5948][20580][info][gc,init] Initializing The Z Garbage Collector
[2025-05-18T20:57:20.534+0300][5948][20580][info][gc,init] Version: 21.0.6+8-LTS-188 (release)
[2025-05-18T20:57:20.534+0300][5948][20580][info][gc,init] Using legacy single-generation mode
[2025-05-18T20:57:20.534+0300][5948][20580][info][gc,init] NUMA Support: Disabled
[2025-05-18T20:57:20.534+0300][5948][20580][info][gc,init] CPUs: 8 total, 8 available
[2025-05-18T20:57:20.535+0300][5948][20580][info][gc,init] Memory: 16183M
[2025-05-18T20:57:20.535+0300][5948][20580][info][gc,init] Large Page Support: Disabled
[2025-05-18T20:57:20.537+0300][5948][20580][info][gc,init] GC Workers: 2 (dynamic)
[2025-05-18T20:57:20.537+0300][5948][20580][info][gc,init] Address Space Type: Contiguous/Unrestricted/Complete
[2025-05-18T20:57:20.537+0300][5948][20580][info][gc,init] Address Space Size: 196608M x 3 = 589824M
[2025-05-18T20:57:20.537+0300][5948][20580][info][gc,init] Min Capacity: 12288M
[2025-05-18T20:57:20.537+0300][5948][20580][info][gc,init] Initial Capacity: 12288M
[2025-05-18T20:57:20.537+0300][5948][20580][info][gc,init] Max Capacity: 12288M
[2025-05-18T20:57:20.537+0300][5948][20580][info][gc,init] Medium Page Size: 32M
[2025-05-18T20:57:20.537+0300][5948][20580][info][gc,init] Pre-touch: Disabled
[2025-05-18T20:57:20.537+0300][5948][20580][info][gc,init] Uncommit: Implicitly Disabled (-Xms equals -Xmx)
[2025-05-18T20:57:20.820+0300][5948][20580][info][gc,init] Runtime Workers: 5
[2025-05-18T20:57:20.821+0300][5948][20580][info][gc     ] Using The Z Garbage Collector
[2025-05-18T20:57:20.827+0300][5948][20580][info][gc,metaspace] CDS archive(s) mapped at: [0x0000020e80000000-0x0000020e80c90000-0x0000020e80c90000), size 13172736, SharedBaseAddress: 0x0000020e80000000, ArchiveRelocationMode: 1.
[2025-05-18T20:57:20.827+0300][5948][20580][info][gc,metaspace] Compressed class space mapped at: 0x0000020e81000000-0x0000020ec1000000, reserved size: 1073741824
[2025-05-18T20:57:20.827+0300][5948][20580][info][gc,metaspace] Narrow klass base: 0x0000020e80000000, Narrow klass shift: 0, Narrow klass range: 0x100000000
[2025-05-18T20:57:22.696+0300][5948][24712][info][gc,start    ] GC(0) Garbage Collection (System.gc())
[2025-05-18T20:57:22.696+0300][5948][24712][info][gc,task     ] GC(0) Using 2 workers
[2025-05-18T20:57:22.696+0300][5948][17492][info][gc,phases   ] GC(0) Pause Mark Start 0.005ms
[2025-05-18T20:57:22.718+0300][5948][24712][info][gc,phases   ] GC(0) Concurrent Mark 21.130ms
[2025-05-18T20:57:22.718+0300][5948][17492][info][gc,phases   ] GC(0) Pause Mark End 0.023ms
[2025-05-18T20:57:22.718+0300][5948][24712][info][gc,phases   ] GC(0) Concurrent Mark Free 0.001ms
[2025-05-18T20:57:22.719+0300][5948][24712][info][gc,phases   ] GC(0) Concurrent Process Non-Strong References 1.199ms
[2025-05-18T20:57:22.719+0300][5948][24712][info][gc,phases   ] GC(0) Concurrent Reset Relocation Set 0.000ms
[2025-05-18T20:57:22.722+0300][5948][24712][info][gc,phases   ] GC(0) Concurrent Select Relocation Set 3.270ms
[2025-05-18T20:57:22.722+0300][5948][17492][info][gc,phases   ] GC(0) Pause Relocate Start 0.005ms
[2025-05-18T20:57:22.723+0300][5948][24712][info][gc,phases   ] GC(0) Concurrent Relocate 0.983ms
[2025-05-18T20:57:22.723+0300][5948][24712][info][gc,load     ] GC(0) Load: 0.00/0.00/0.00
[2025-05-18T20:57:22.723+0300][5948][24712][info][gc,mmu      ] GC(0) MMU: 2ms/98.8%, 5ms/99.4%, 10ms/99.7%, 20ms/99.9%, 50ms/99.9%, 100ms/100.0%
[2025-05-18T20:57:22.723+0300][5948][24712][info][gc,marking  ] GC(0) Mark: 2 stripe(s), 1 proactive flush(es), 1 terminate flush(es), 0 completion(s), 0 continuation(s) 
[2025-05-18T20:57:22.723+0300][5948][24712][info][gc,marking  ] GC(0) Mark Stack Usage: 32M
[2025-05-18T20:57:22.723+0300][5948][24712][info][gc,nmethod  ] GC(0) NMethods: 829 registered, 126 unregistered
[2025-05-18T20:57:22.723+0300][5948][24712][info][gc,metaspace] GC(0) Metaspace: 2M used, 3M committed, 1088M reserved
[2025-05-18T20:57:22.723+0300][5948][24712][info][gc,ref      ] GC(0) Soft: 82 encountered, 0 discovered, 0 enqueued
[2025-05-18T20:57:22.723+0300][5948][24712][info][gc,ref      ] GC(0) Weak: 321 encountered, 141 discovered, 76 enqueued
[2025-05-18T20:57:22.723+0300][5948][24712][info][gc,ref      ] GC(0) Final: 3 encountered, 0 discovered, 0 enqueued
[2025-05-18T20:57:22.723+0300][5948][24712][info][gc,ref      ] GC(0) Phantom: 64 encountered, 61 discovered, 34 enqueued
[2025-05-18T20:57:22.723+0300][5948][24712][info][gc,reloc    ] GC(0) Small Pages: 82 / 164M, Empty: 0M, Relocated: 1M, In-Place: 0
[2025-05-18T20:57:22.723+0300][5948][24712][info][gc,reloc    ] GC(0) Medium Pages: 0 / 0M, Empty: 0M, Relocated: 0M, In-Place: 0
[2025-05-18T20:57:22.723+0300][5948][24712][info][gc,reloc    ] GC(0) Large Pages: 0 / 0M, Empty: 0M, Relocated: 0M, In-Place: 0
[2025-05-18T20:57:22.723+0300][5948][24712][info][gc,reloc    ] GC(0) Forwarding Usage: 0M
[2025-05-18T20:57:22.723+0300][5948][24712][info][gc,heap     ] GC(0) Min Capacity: 12288M(100%)
[2025-05-18T20:57:22.723+0300][5948][24712][info][gc,heap     ] GC(0) Max Capacity: 12288M(100%)
[2025-05-18T20:57:22.723+0300][5948][24712][info][gc,heap     ] GC(0) Soft Max Capacity: 12288M(100%)
[2025-05-18T20:57:22.723+0300][5948][24712][info][gc,heap     ] GC(0)                Mark Start          Mark End        Relocate Start      Relocate End           High               Low         
[2025-05-18T20:57:22.723+0300][5948][24712][info][gc,heap     ] GC(0)  Capacity:    12288M (100%)      12288M (100%)      12288M (100%)      12288M (100%)      12288M (100%)      12288M (100%)   
[2025-05-18T20:57:22.723+0300][5948][24712][info][gc,heap     ] GC(0)      Free:    12124M (99%)       12124M (99%)       12122M (99%)       12278M (100%)      12278M (100%)      12120M (99%)    
[2025-05-18T20:57:22.723+0300][5948][24712][info][gc,heap     ] GC(0)      Used:      164M (1%)          164M (1%)          166M (1%)           10M (0%)          168M (1%)           10M (0%)     
[2025-05-18T20:57:22.723+0300][5948][24712][info][gc,heap     ] GC(0)      Live:         -                 3M (0%)            3M (0%)            3M (0%)             -                  -          
[2025-05-18T20:57:22.723+0300][5948][24712][info][gc,heap     ] GC(0) Allocated:         -                 0M (0%)            2M (0%)            2M (0%)             -                  -          
[2025-05-18T20:57:22.723+0300][5948][24712][info][gc,heap     ] GC(0)   Garbage:         -               160M (1%)          160M (1%)            4M (0%)             -                  -          
[2025-05-18T20:57:22.723+0300][5948][24712][info][gc,heap     ] GC(0) Reclaimed:         -                  -                 0M (0%)          156M (1%)             -                  -          
[2025-05-18T20:57:22.723+0300][5948][24712][info][gc          ] GC(0) Garbage Collection (System.gc()) 164M(1%)->10M(0%)
[2025-05-18T20:57:24.044+0300][5948][24712][info][gc,start    ] GC(1) Garbage Collection (Warmup)
[2025-05-18T20:57:24.044+0300][5948][24712][info][gc,task     ] GC(1) Using 2 workers
[2025-05-18T20:57:24.044+0300][5948][17492][info][gc,phases   ] GC(1) Pause Mark Start 0.008ms
[2025-05-18T20:57:24.090+0300][5948][24712][info][gc,phases   ] GC(1) Concurrent Mark 45.273ms
[2025-05-18T20:57:24.090+0300][5948][17492][info][gc,phases   ] GC(1) Pause Mark End 0.020ms
[2025-05-18T20:57:24.091+0300][5948][24712][info][gc,phases   ] GC(1) Concurrent Mark Free 0.002ms
[2025-05-18T20:57:24.107+0300][5948][24712][info][gc,phases   ] GC(1) Concurrent Process Non-Strong References 16.108ms
[2025-05-18T20:57:24.107+0300][5948][24712][info][gc,phases   ] GC(1) Concurrent Reset Relocation Set 0.010ms
[2025-05-18T20:57:24.110+0300][5948][24712][info][gc,phases   ] GC(1) Concurrent Select Relocation Set 2.381ms
[2025-05-18T20:57:24.128+0300][5948][17492][info][gc,phases   ] GC(1) Pause Relocate Start 0.010ms
[2025-05-18T20:57:24.141+0300][5948][24712][info][gc,phases   ] GC(1) Concurrent Relocate 3.318ms
[2025-05-18T20:57:24.141+0300][5948][24712][info][gc,load     ] GC(1) Load: 0.00/0.00/0.00
[2025-05-18T20:57:24.141+0300][5948][24712][info][gc,mmu      ] GC(1) MMU: 2ms/98.8%, 5ms/99.4%, 10ms/99.7%, 20ms/99.9%, 50ms/99.9%, 100ms/100.0%
[2025-05-18T20:57:24.141+0300][5948][24712][info][gc,marking  ] GC(1) Mark: 2 stripe(s), 3 proactive flush(es), 1 terminate flush(es), 0 completion(s), 0 continuation(s) 
[2025-05-18T20:57:24.141+0300][5948][24712][info][gc,marking  ] GC(1) Mark Stack Usage: 32M
[2025-05-18T20:57:24.141+0300][5948][24712][info][gc,nmethod  ] GC(1) NMethods: 2232 registered, 446 unregistered
[2025-05-18T20:57:24.141+0300][5948][24712][info][gc,metaspace] GC(1) Metaspace: 8M used, 9M committed, 1088M reserved
[2025-05-18T20:57:24.141+0300][5948][24712][info][gc,ref      ] GC(1) Soft: 324 encountered, 0 discovered, 0 enqueued
[2025-05-18T20:57:24.141+0300][5948][24712][info][gc,ref      ] GC(1) Weak: 1066 encountered, 525 discovered, 378 enqueued
[2025-05-18T20:57:24.141+0300][5948][24712][info][gc,ref      ] GC(1) Final: 3 encountered, 3 discovered, 0 enqueued
[2025-05-18T20:57:24.141+0300][5948][24712][info][gc,ref      ] GC(1) Phantom: 192 encountered, 178 discovered, 144 enqueued
[2025-05-18T20:57:24.141+0300][5948][24712][info][gc,reloc    ] GC(1) Small Pages: 650 / 1300M, Empty: 946M, Relocated: 3M, In-Place: 0
[2025-05-18T20:57:24.141+0300][5948][24712][info][gc,reloc    ] GC(1) Medium Pages: 1 / 32M, Empty: 0M, Relocated: 0M, In-Place: 0
[2025-05-18T20:57:24.141+0300][5948][24712][info][gc,reloc    ] GC(1) Large Pages: 0 / 0M, Empty: 0M, Relocated: 0M, In-Place: 0
[2025-05-18T20:57:24.141+0300][5948][24712][info][gc,reloc    ] GC(1) Forwarding Usage: 0M
[2025-05-18T20:57:24.141+0300][5948][24712][info][gc,heap     ] GC(1) Min Capacity: 12288M(100%)
[2025-05-18T20:57:24.141+0300][5948][24712][info][gc,heap     ] GC(1) Max Capacity: 12288M(100%)
[2025-05-18T20:57:24.141+0300][5948][24712][info][gc,heap     ] GC(1) Soft Max Capacity: 12288M(100%)
[2025-05-18T20:57:24.141+0300][5948][24712][info][gc,heap     ] GC(1)                Mark Start          Mark End        Relocate Start      Relocate End           High               Low         
[2025-05-18T20:57:24.141+0300][5948][24712][info][gc,heap     ] GC(1)  Capacity:    12288M (100%)      12288M (100%)      12288M (100%)      12288M (100%)      12288M (100%)      12288M (100%)   
[2025-05-18T20:57:24.141+0300][5948][24712][info][gc,heap     ] GC(1)      Free:    10956M (89%)       10878M (89%)       11774M (96%)       12100M (98%)       12100M (98%)       10862M (88%)    
[2025-05-18T20:57:24.142+0300][5948][24712][info][gc,heap     ] GC(1)      Used:     1332M (11%)        1410M (11%)         514M (4%)          188M (2%)         1426M (12%)         188M (2%)     
[2025-05-18T20:57:24.142+0300][5948][24712][info][gc,heap     ] GC(1)      Live:         -                11M (0%)           11M (0%)           11M (0%)             -                  -          
[2025-05-18T20:57:24.142+0300][5948][24712][info][gc,heap     ] GC(1) Allocated:         -                78M (1%)          128M (1%)          147M (1%)             -                  -          
[2025-05-18T20:57:24.142+0300][5948][24712][info][gc,heap     ] GC(1)   Garbage:         -              1320M (11%)         374M (3%)           29M (0%)             -                  -          
[2025-05-18T20:57:24.142+0300][5948][24712][info][gc,heap     ] GC(1) Reclaimed:         -                  -               946M (8%)         1291M (11%)            -                  -          
[2025-05-18T20:57:24.142+0300][5948][24712][info][gc          ] GC(1) Garbage Collection (Warmup) 1332M(11%)->188M(2%)
[2025-05-18T20:57:25.048+0300][5948][24712][info][gc,start    ] GC(2) Garbage Collection (Warmup)
[2025-05-18T20:57:25.048+0300][5948][24712][info][gc,task     ] GC(2) Using 2 workers
[2025-05-18T20:57:25.048+0300][5948][17492][info][gc,phases   ] GC(2) Pause Mark Start 0.011ms
[2025-05-18T20:57:25.096+0300][5948][24712][info][gc,phases   ] GC(2) Concurrent Mark 46.820ms
[2025-05-18T20:57:25.096+0300][5948][17492][info][gc,phases   ] GC(2) Pause Mark End 0.020ms
[2025-05-18T20:57:25.097+0300][5948][24712][info][gc,phases   ] GC(2) Concurrent Mark Free 0.001ms
[2025-05-18T20:57:25.112+0300][5948][24712][info][gc,phases   ] GC(2) Concurrent Process Non-Strong References 14.512ms
[2025-05-18T20:57:25.112+0300][5948][24712][info][gc,phases   ] GC(2) Concurrent Reset Relocation Set 0.006ms
[2025-05-18T20:57:25.114+0300][5948][24712][info][gc,phases   ] GC(2) Concurrent Select Relocation Set 2.109ms
[2025-05-18T20:57:25.114+0300][5948][17492][info][gc,phases   ] GC(2) Pause Relocate Start 0.010ms
[2025-05-18T20:57:25.127+0300][5948][24712][info][gc,phases   ] GC(2) Concurrent Relocate 1.207ms
[2025-05-18T20:57:25.127+0300][5948][24712][info][gc,load     ] GC(2) Load: 0.00/0.00/0.00
[2025-05-18T20:57:25.127+0300][5948][24712][info][gc,mmu      ] GC(2) MMU: 2ms/98.8%, 5ms/99.4%, 10ms/99.7%, 20ms/99.9%, 50ms/99.9%, 100ms/100.0%
[2025-05-18T20:57:25.127+0300][5948][24712][info][gc,marking  ] GC(2) Mark: 2 stripe(s), 3 proactive flush(es), 1 terminate flush(es), 0 completion(s), 0 continuation(s) 
[2025-05-18T20:57:25.127+0300][5948][24712][info][gc,marking  ] GC(2) Mark Stack Usage: 32M
[2025-05-18T20:57:25.127+0300][5948][24712][info][gc,nmethod  ] GC(2) NMethods: 2321 registered, 145 unregistered
[2025-05-18T20:57:25.127+0300][5948][24712][info][gc,metaspace] GC(2) Metaspace: 8M used, 9M committed, 1088M reserved
[2025-05-18T20:57:25.127+0300][5948][24712][info][gc,ref      ] GC(2) Soft: 324 encountered, 0 discovered, 0 enqueued
[2025-05-18T20:57:25.127+0300][5948][24712][info][gc,ref      ] GC(2) Weak: 1093 encountered, 759 discovered, 405 enqueued
[2025-05-18T20:57:25.127+0300][5948][24712][info][gc,ref      ] GC(2) Final: 3 encountered, 3 discovered, 0 enqueued
[2025-05-18T20:57:25.127+0300][5948][24712][info][gc,ref      ] GC(2) Phantom: 51 encountered, 32 discovered, 0 enqueued
[2025-05-18T20:57:25.127+0300][5948][24712][info][gc,reloc    ] GC(2) Small Pages: 1239 / 2478M, Empty: 2004M, Relocated: 1M, In-Place: 0
[2025-05-18T20:57:25.127+0300][5948][24712][info][gc,reloc    ] GC(2) Medium Pages: 1 / 32M, Empty: 0M, Relocated: 0M, In-Place: 0
[2025-05-18T20:57:25.127+0300][5948][24712][info][gc,reloc    ] GC(2) Large Pages: 0 / 0M, Empty: 0M, Relocated: 0M, In-Place: 0
[2025-05-18T20:57:25.128+0300][5948][24712][info][gc,reloc    ] GC(2) Forwarding Usage: 0M
[2025-05-18T20:57:25.128+0300][5948][24712][info][gc,heap     ] GC(2) Min Capacity: 12288M(100%)
[2025-05-18T20:57:25.128+0300][5948][24712][info][gc,heap     ] GC(2) Max Capacity: 12288M(100%)
[2025-05-18T20:57:25.128+0300][5948][24712][info][gc,heap     ] GC(2) Soft Max Capacity: 12288M(100%)
[2025-05-18T20:57:25.128+0300][5948][24712][info][gc,heap     ] GC(2)                Mark Start          Mark End        Relocate Start      Relocate End           High               Low         
[2025-05-18T20:57:25.128+0300][5948][24712][info][gc,heap     ] GC(2)  Capacity:    12288M (100%)      12288M (100%)      12288M (100%)      12288M (100%)      12288M (100%)      12288M (100%)   
[2025-05-18T20:57:25.128+0300][5948][24712][info][gc,heap     ] GC(2)      Free:     9778M (80%)        9656M (79%)       11616M (95%)       12034M (98%)       12034M (98%)        9618M (78%)    
[2025-05-18T20:57:25.128+0300][5948][24712][info][gc,heap     ] GC(2)      Used:     2510M (20%)        2632M (21%)         672M (5%)          254M (2%)         2670M (22%)         254M (2%)     
[2025-05-18T20:57:25.128+0300][5948][24712][info][gc,heap     ] GC(2)      Live:         -                11M (0%)           11M (0%)           11M (0%)             -                  -          
[2025-05-18T20:57:25.128+0300][5948][24712][info][gc,heap     ] GC(2) Allocated:         -               122M (1%)          166M (1%)          211M (2%)             -                  -          
[2025-05-18T20:57:25.128+0300][5948][24712][info][gc,heap     ] GC(2)   Garbage:         -              2498M (20%)         494M (4%)           31M (0%)             -                  -          
[2025-05-18T20:57:25.128+0300][5948][24712][info][gc,heap     ] GC(2) Reclaimed:         -                  -              2004M (16%)        2467M (20%)            -                  -          
[2025-05-18T20:57:25.128+0300][5948][24712][info][gc          ] GC(2) Garbage Collection (Warmup) 2510M(20%)->254M(2%)
[2025-05-18T20:57:26.041+0300][5948][24712][info][gc,start    ] GC(3) Garbage Collection (Warmup)
[2025-05-18T20:57:26.041+0300][5948][24712][info][gc,task     ] GC(3) Using 2 workers
[2025-05-18T20:57:26.041+0300][5948][17492][info][gc,phases   ] GC(3) Pause Mark Start 0.013ms
[2025-05-18T20:57:26.072+0300][5948][24712][info][gc,phases   ] GC(3) Concurrent Mark 30.212ms
[2025-05-18T20:57:26.072+0300][5948][17492][info][gc,phases   ] GC(3) Pause Mark End 0.062ms
[2025-05-18T20:57:26.072+0300][5948][24712][info][gc,phases   ] GC(3) Concurrent Mark Free 0.001ms
[2025-05-18T20:57:26.076+0300][5948][24712][info][gc,phases   ] GC(3) Concurrent Process Non-Strong References 3.682ms
[2025-05-18T20:57:26.076+0300][5948][24712][info][gc,phases   ] GC(3) Concurrent Reset Relocation Set 0.010ms
[2025-05-18T20:57:26.080+0300][5948][24712][info][gc,phases   ] GC(3) Concurrent Select Relocation Set 4.082ms
[2025-05-18T20:57:26.080+0300][5948][17492][info][gc,phases   ] GC(3) Pause Relocate Start 0.018ms
[2025-05-18T20:57:26.083+0300][5948][24712][info][gc,phases   ] GC(3) Concurrent Relocate 1.556ms
[2025-05-18T20:57:26.083+0300][5948][24712][info][gc,load     ] GC(3) Load: 0.00/0.00/0.00
[2025-05-18T20:57:26.083+0300][5948][24712][info][gc,mmu      ] GC(3) MMU: 2ms/96.9%, 5ms/98.8%, 10ms/99.2%, 20ms/99.6%, 50ms/99.8%, 100ms/99.9%
[2025-05-18T20:57:26.084+0300][5948][24712][info][gc,marking  ] GC(3) Mark: 2 stripe(s), 3 proactive flush(es), 1 terminate flush(es), 1 completion(s), 0 continuation(s) 
[2025-05-18T20:57:26.084+0300][5948][24712][info][gc,marking  ] GC(3) Mark Stack Usage: 32M
[2025-05-18T20:57:26.084+0300][5948][24712][info][gc,nmethod  ] GC(3) NMethods: 2362 registered, 190 unregistered
[2025-05-18T20:57:26.084+0300][5948][24712][info][gc,metaspace] GC(3) Metaspace: 8M used, 9M committed, 1088M reserved
[2025-05-18T20:57:26.084+0300][5948][24712][info][gc,ref      ] GC(3) Soft: 324 encountered, 0 discovered, 0 enqueued
[2025-05-18T20:57:26.084+0300][5948][24712][info][gc,ref      ] GC(3) Weak: 1290 encountered, 1009 discovered, 485 enqueued
[2025-05-18T20:57:26.084+0300][5948][24712][info][gc,ref      ] GC(3) Final: 3 encountered, 2 discovered, 0 enqueued
[2025-05-18T20:57:26.084+0300][5948][24712][info][gc,ref      ] GC(3) Phantom: 49 encountered, 39 discovered, 1 enqueued
[2025-05-18T20:57:26.084+0300][5948][24712][info][gc,reloc    ] GC(3) Small Pages: 1876 / 3752M, Empty: 3070M, Relocated: 2M, In-Place: 0
[2025-05-18T20:57:26.084+0300][5948][24712][info][gc,reloc    ] GC(3) Medium Pages: 1 / 32M, Empty: 0M, Relocated: 0M, In-Place: 0
[2025-05-18T20:57:26.084+0300][5948][24712][info][gc,reloc    ] GC(3) Large Pages: 0 / 0M, Empty: 0M, Relocated: 0M, In-Place: 0
[2025-05-18T20:57:26.084+0300][5948][24712][info][gc,reloc    ] GC(3) Forwarding Usage: 0M
[2025-05-18T20:57:26.084+0300][5948][24712][info][gc,heap     ] GC(3) Min Capacity: 12288M(100%)
[2025-05-18T20:57:26.084+0300][5948][24712][info][gc,heap     ] GC(3) Max Capacity: 12288M(100%)
[2025-05-18T20:57:26.084+0300][5948][24712][info][gc,heap     ] GC(3) Soft Max Capacity: 12288M(100%)
[2025-05-18T20:57:26.084+0300][5948][24712][info][gc,heap     ] GC(3)                Mark Start          Mark End        Relocate Start      Relocate End           High               Low         
[2025-05-18T20:57:26.084+0300][5948][24712][info][gc,heap     ] GC(3)  Capacity:    12288M (100%)      12288M (100%)      12288M (100%)      12288M (100%)      12288M (100%)      12288M (100%)   
[2025-05-18T20:57:26.084+0300][5948][24712][info][gc,heap     ] GC(3)      Free:     8504M (69%)        8400M (68%)       11446M (93%)       12108M (99%)       12108M (99%)        8388M (68%)    
[2025-05-18T20:57:26.084+0300][5948][24712][info][gc,heap     ] GC(3)      Used:     3784M (31%)        3888M (32%)         842M (7%)          180M (1%)         3900M (32%)         180M (1%)     
[2025-05-18T20:57:26.084+0300][5948][24712][info][gc,heap     ] GC(3)      Live:         -                11M (0%)           11M (0%)           11M (0%)             -                  -          
[2025-05-18T20:57:26.084+0300][5948][24712][info][gc,heap     ] GC(3) Allocated:         -               104M (1%)          128M (1%)          139M (1%)             -                  -          
[2025-05-18T20:57:26.084+0300][5948][24712][info][gc,heap     ] GC(3)   Garbage:         -              3772M (31%)         702M (6%)           29M (0%)             -                  -          
[2025-05-18T20:57:26.084+0300][5948][24712][info][gc,heap     ] GC(3) Reclaimed:         -                  -              3070M (25%)        3743M (30%)            -                  -          
[2025-05-18T20:57:26.084+0300][5948][24712][info][gc          ] GC(3) Garbage Collection (Warmup) 3784M(31%)->180M(1%)
[2025-05-18T20:57:30.849+0300][5948][13452][info][gc,stats    ] === Garbage Collection Statistics =======================================================================================================================
[2025-05-18T20:57:30.850+0300][5948][13452][info][gc,stats    ]                                                              Last 10s              Last 10m              Last 10h                Total
[2025-05-18T20:57:30.850+0300][5948][13452][info][gc,stats    ]                                                              Avg / Max             Avg / Max             Avg / Max             Avg / Max
[2025-05-18T20:57:30.850+0300][5948][13452][info][gc,stats    ]   Collector: Garbage Collection Cycle                     61.746 / 97.439       61.746 / 97.439       61.746 / 97.439       61.746 / 97.439      ms
[2025-05-18T20:57:30.850+0300][5948][13452][info][gc,stats    ]  Contention: Mark Segment Reset Contention                     0 / 0                 0 / 0                 0 / 0                 0 / 0           ops/s
[2025-05-18T20:57:30.850+0300][5948][13452][info][gc,stats    ]  Contention: Mark SeqNum Reset Contention                      0 / 0                 0 / 0                 0 / 0                 0 / 0           ops/s
[2025-05-18T20:57:30.850+0300][5948][13452][info][gc,stats    ]    Critical: Allocation Stall                                  0 / 0                 0 / 0                 0 / 0                 0 / 0           ops/s
[2025-05-18T20:57:30.850+0300][5948][13452][info][gc,stats    ]    Critical: Allocation Stall                              0.000 / 0.000         0.000 / 0.000         0.000 / 0.000         0.000 / 0.000       ms
[2025-05-18T20:57:30.850+0300][5948][13452][info][gc,stats    ]    Critical: GC Locker Stall                                   0 / 0                 0 / 0                 0 / 0                 0 / 0           ops/s
[2025-05-18T20:57:30.850+0300][5948][13452][info][gc,stats    ]    Critical: GC Locker Stall                               0.000 / 0.000         0.000 / 0.000         0.000 / 0.000         0.000 / 0.000       ms
[2025-05-18T20:57:30.850+0300][5948][13452][info][gc,stats    ]    Critical: Relocation Stall                                  0 / 0                 0 / 0                 0 / 0                 0 / 0           ops/s
[2025-05-18T20:57:30.850+0300][5948][13452][info][gc,stats    ]    Critical: Relocation Stall                              0.000 / 0.000         0.000 / 0.000         0.000 / 0.000         0.000 / 0.000       ms
[2025-05-18T20:57:30.850+0300][5948][13452][info][gc,stats    ]      Memory: Allocation Rate                                1822 / 4158           1822 / 4158           1822 / 4158           1822 / 4158        MB/s
[2025-05-18T20:57:30.850+0300][5948][13452][info][gc,stats    ]      Memory: Defragment                                        0 / 0                 0 / 0                 0 / 0                 0 / 0           ops/s
[2025-05-18T20:57:30.850+0300][5948][13452][info][gc,stats    ]      Memory: Out Of Memory                                     0 / 0                 0 / 0                 0 / 0                 0 / 0           ops/s
[2025-05-18T20:57:30.850+0300][5948][13452][info][gc,stats    ]      Memory: Page Cache Flush                                  0 / 0                 0 / 0                 0 / 0                 0 / 0           MB/s
[2025-05-18T20:57:30.850+0300][5948][13452][info][gc,stats    ]      Memory: Page Cache Hit L1                               384 / 1718            384 / 1718            384 / 1718            384 / 1718        ops/s
[2025-05-18T20:57:30.850+0300][5948][13452][info][gc,stats    ]      Memory: Page Cache Hit L2                                 0 / 0                 0 / 0                 0 / 0                 0 / 0           ops/s
[2025-05-18T20:57:30.850+0300][5948][13452][info][gc,stats    ]      Memory: Page Cache Hit L3                               526 / 1320            526 / 1320            526 / 1320            526 / 1320        ops/s
[2025-05-18T20:57:30.850+0300][5948][13452][info][gc,stats    ]      Memory: Page Cache Miss                                   0 / 1                 0 / 1                 0 / 1                 0 / 1           ops/s
[2025-05-18T20:57:30.850+0300][5948][13452][info][gc,stats    ]      Memory: Uncommit                                          0 / 0                 0 / 0                 0 / 0                 0 / 0           MB/s
[2025-05-18T20:57:30.850+0300][5948][13452][info][gc,stats    ]      Memory: Undo Object Allocation Failed                     0 / 0                 0 / 0                 0 / 0                 0 / 0           ops/s
[2025-05-18T20:57:30.850+0300][5948][13452][info][gc,stats    ]      Memory: Undo Object Allocation Succeeded                 10 / 53               10 / 53               10 / 53               10 / 53          ops/s
[2025-05-18T20:57:30.850+0300][5948][13452][info][gc,stats    ]      Memory: Undo Page Allocation                              0 / 1                 0 / 1                 0 / 1                 0 / 1           ops/s
[2025-05-18T20:57:30.850+0300][5948][13452][info][gc,stats    ]       Phase: Concurrent Mark                              35.858 / 46.820       35.858 / 46.820       35.858 / 46.820       35.858 / 46.820      ms
[2025-05-18T20:57:30.850+0300][5948][13452][info][gc,stats    ]       Phase: Concurrent Mark Continue                      0.000 / 0.000         0.000 / 0.000         0.000 / 0.000         0.000 / 0.000       ms
[2025-05-18T20:57:30.850+0300][5948][13452][info][gc,stats    ]       Phase: Concurrent Mark Free                          0.001 / 0.002         0.001 / 0.002         0.001 / 0.002         0.001 / 0.002       ms
[2025-05-18T20:57:30.850+0300][5948][13452][info][gc,stats    ]       Phase: Concurrent Process Non-Strong References      8.875 / 16.108        8.875 / 16.108        8.875 / 16.108        8.875 / 16.108      ms
[2025-05-18T20:57:30.850+0300][5948][13452][info][gc,stats    ]       Phase: Concurrent Relocate                           1.766 / 3.318         1.766 / 3.318         1.766 / 3.318         1.766 / 3.318       ms
[2025-05-18T20:57:30.850+0300][5948][13452][info][gc,stats    ]       Phase: Concurrent Reset Relocation Set               0.007 / 0.010         0.007 / 0.010         0.007 / 0.010         0.007 / 0.010       ms
[2025-05-18T20:57:30.850+0300][5948][13452][info][gc,stats    ]       Phase: Concurrent Select Relocation Set              2.961 / 4.082         2.961 / 4.082         2.961 / 4.082         2.961 / 4.082       ms
[2025-05-18T20:57:30.850+0300][5948][13452][info][gc,stats    ]       Phase: Pause Mark End                                0.031 / 0.062         0.031 / 0.062         0.031 / 0.062         0.031 / 0.062       ms
[2025-05-18T20:57:30.850+0300][5948][13452][info][gc,stats    ]       Phase: Pause Mark Start                              0.009 / 0.013         0.009 / 0.013         0.009 / 0.013         0.009 / 0.013       ms
[2025-05-18T20:57:30.851+0300][5948][13452][info][gc,stats    ]       Phase: Pause Relocate Start                          0.011 / 0.018         0.011 / 0.018         0.011 / 0.018         0.011 / 0.018       ms
[2025-05-18T20:57:30.851+0300][5948][13452][info][gc,stats    ]    Subphase: Concurrent Classes Purge                      0.477 / 1.371         0.477 / 1.371         0.477 / 1.371         0.477 / 1.371       ms
[2025-05-18T20:57:30.851+0300][5948][13452][info][gc,stats    ]    Subphase: Concurrent Classes Unlink                     2.470 / 5.037         2.470 / 5.037         2.470 / 5.037         2.470 / 5.037       ms
[2025-05-18T20:57:30.851+0300][5948][13452][info][gc,stats    ]    Subphase: Concurrent Mark                              26.495 / 43.903       26.495 / 43.903       26.495 / 43.903       26.495 / 43.903      ms
[2025-05-18T20:57:30.851+0300][5948][13452][info][gc,stats    ]    Subphase: Concurrent Mark Try Flush                     3.602 / 20.132        3.602 / 20.132        3.602 / 20.132        3.602 / 20.132      ms
[2025-05-18T20:57:30.851+0300][5948][13452][info][gc,stats    ]    Subphase: Concurrent Mark Try Terminate                 6.188 / 15.845        6.188 / 15.845        6.188 / 15.845        6.188 / 15.845      ms
[2025-05-18T20:57:30.851+0300][5948][13452][info][gc,stats    ]    Subphase: Concurrent References Enqueue                 0.004 / 0.005         0.004 / 0.005         0.004 / 0.005         0.004 / 0.005       ms
[2025-05-18T20:57:30.851+0300][5948][13452][info][gc,stats    ]    Subphase: Concurrent References Process                 0.178 / 0.210         0.178 / 0.210         0.178 / 0.210         0.178 / 0.210       ms
[2025-05-18T20:57:30.851+0300][5948][13452][info][gc,stats    ]    Subphase: Concurrent Roots ClassLoaderDataGraph         0.082 / 0.200         0.082 / 0.200         0.082 / 0.200         0.082 / 0.200       ms
[2025-05-18T20:57:30.851+0300][5948][13452][info][gc,stats    ]    Subphase: Concurrent Roots CodeCache                    0.000 / 0.000         0.000 / 0.000         0.000 / 0.000         0.000 / 0.000       ms
[2025-05-18T20:57:30.851+0300][5948][13452][info][gc,stats    ]    Subphase: Concurrent Roots JavaThreads                  2.696 / 9.331         2.696 / 9.331         2.696 / 9.331         2.696 / 9.331       ms
[2025-05-18T20:57:30.851+0300][5948][13452][info][gc,stats    ]    Subphase: Concurrent Roots OopStorageSet                0.034 / 0.064         0.034 / 0.064         0.034 / 0.064         0.034 / 0.064       ms
[2025-05-18T20:57:30.851+0300][5948][13452][info][gc,stats    ]    Subphase: Concurrent Weak Roots OopStorageSet           0.230 / 0.343         0.230 / 0.343         0.230 / 0.343         0.230 / 0.343       ms
[2025-05-18T20:57:30.851+0300][5948][13452][info][gc,stats    ]    Subphase: Pause Mark Try Complete                       0.016 / 0.017         0.016 / 0.017         0.016 / 0.017         0.016 / 0.017       ms
[2025-05-18T20:57:30.851+0300][5948][13452][info][gc,stats    ]      System: Java Threads                                     17 / 21               17 / 21               17 / 21               17 / 21          threads
[2025-05-18T20:57:30.851+0300][5948][13452][info][gc,stats    ] =========================================================================================================================================================
[2025-05-18T20:57:31.845+0300][5948][24712][info][gc,start    ] GC(4) Garbage Collection (Proactive)
[2025-05-18T20:57:31.845+0300][5948][24712][info][gc,task     ] GC(4) Using 2 workers
[2025-05-18T20:57:31.861+0300][5948][17492][info][gc,phases   ] GC(4) Pause Mark Start 0.014ms
[2025-05-18T20:57:32.049+0300][5948][24712][info][gc,phases   ] GC(4) Concurrent Mark 188.151ms
[2025-05-18T20:57:32.065+0300][5948][17492][info][gc,phases   ] GC(4) Pause Mark End 0.023ms
[2025-05-18T20:57:32.074+0300][5948][24712][info][gc,phases   ] GC(4) Concurrent Mark Free 0.002ms
[2025-05-18T20:57:32.081+0300][5948][24712][info][gc,phases   ] GC(4) Concurrent Process Non-Strong References 7.402ms
[2025-05-18T20:57:32.081+0300][5948][24712][info][gc,phases   ] GC(4) Concurrent Reset Relocation Set 0.007ms
[2025-05-18T20:57:32.090+0300][5948][24712][info][gc,phases   ] GC(4) Concurrent Select Relocation Set 8.830ms
[2025-05-18T20:57:32.097+0300][5948][17492][info][gc,phases   ] GC(4) Pause Relocate Start 0.014ms
[2025-05-18T20:57:32.100+0300][5948][24712][info][gc,phases   ] GC(4) Concurrent Relocate 2.468ms
[2025-05-18T20:57:32.100+0300][5948][24712][info][gc,load     ] GC(4) Load: 0.00/0.00/0.00
[2025-05-18T20:57:32.100+0300][5948][24712][info][gc,mmu      ] GC(4) MMU: 2ms/96.9%, 5ms/98.8%, 10ms/99.2%, 20ms/99.6%, 50ms/99.8%, 100ms/99.9%
[2025-05-18T20:57:32.100+0300][5948][24712][info][gc,marking  ] GC(4) Mark: 2 stripe(s), 4 proactive flush(es), 1 terminate flush(es), 0 completion(s), 0 continuation(s) 
[2025-05-18T20:57:32.100+0300][5948][24712][info][gc,marking  ] GC(4) Mark Stack Usage: 32M
[2025-05-18T20:57:32.100+0300][5948][24712][info][gc,nmethod  ] GC(4) NMethods: 2374 registered, 239 unregistered
[2025-05-18T20:57:32.100+0300][5948][24712][info][gc,metaspace] GC(4) Metaspace: 8M used, 9M committed, 1088M reserved
[2025-05-18T20:57:32.100+0300][5948][24712][info][gc,ref      ] GC(4) Soft: 324 encountered, 0 discovered, 0 enqueued
[2025-05-18T20:57:32.100+0300][5948][24712][info][gc,ref      ] GC(4) Weak: 2542 encountered, 2233 discovered, 1857 enqueued
[2025-05-18T20:57:32.100+0300][5948][24712][info][gc,ref      ] GC(4) Final: 3 encountered, 3 discovered, 0 enqueued
[2025-05-18T20:57:32.100+0300][5948][24712][info][gc,ref      ] GC(4) Phantom: 49 encountered, 32 discovered, 0 enqueued
[2025-05-18T20:57:32.100+0300][5948][24712][info][gc,reloc    ] GC(4) Small Pages: 5372 / 10744M, Empty: 8958M, Relocated: 2M, In-Place: 0
[2025-05-18T20:57:32.100+0300][5948][24712][info][gc,reloc    ] GC(4) Medium Pages: 1 / 32M, Empty: 0M, Relocated: 0M, In-Place: 0
[2025-05-18T20:57:32.100+0300][5948][24712][info][gc,reloc    ] GC(4) Large Pages: 0 / 0M, Empty: 0M, Relocated: 0M, In-Place: 0
[2025-05-18T20:57:32.100+0300][5948][24712][info][gc,reloc    ] GC(4) Forwarding Usage: 0M
[2025-05-18T20:57:32.100+0300][5948][24712][info][gc,heap     ] GC(4) Min Capacity: 12288M(100%)
[2025-05-18T20:57:32.100+0300][5948][24712][info][gc,heap     ] GC(4) Max Capacity: 12288M(100%)
[2025-05-18T20:57:32.100+0300][5948][24712][info][gc,heap     ] GC(4) Soft Max Capacity: 12288M(100%)
[2025-05-18T20:57:32.100+0300][5948][24712][info][gc,heap     ] GC(4)                Mark Start          Mark End        Relocate Start      Relocate End           High               Low         
[2025-05-18T20:57:32.100+0300][5948][24712][info][gc,heap     ] GC(4)  Capacity:    12288M (100%)      12288M (100%)      12288M (100%)      12288M (100%)      12288M (100%)      12288M (100%)   
[2025-05-18T20:57:32.100+0300][5948][24712][info][gc,heap     ] GC(4)      Free:     1512M (12%)        1478M (12%)       10424M (85%)       12200M (99%)       12200M (99%)        1466M (12%)    
[2025-05-18T20:57:32.100+0300][5948][24712][info][gc,heap     ] GC(4)      Used:    10776M (88%)       10810M (88%)        1864M (15%)          88M (1%)        10822M (88%)          88M (1%)     
[2025-05-18T20:57:32.100+0300][5948][24712][info][gc,heap     ] GC(4)      Live:         -                11M (0%)           11M (0%)           11M (0%)             -                  -          
[2025-05-18T20:57:32.100+0300][5948][24712][info][gc,heap     ] GC(4) Allocated:         -                34M (0%)           46M (0%)           47M (0%)             -                  -          
[2025-05-18T20:57:32.100+0300][5948][24712][info][gc,heap     ] GC(4)   Garbage:         -             10764M (88%)        1806M (15%)          29M (0%)             -                  -          
[2025-05-18T20:57:32.100+0300][5948][24712][info][gc,heap     ] GC(4) Reclaimed:         -                  -              8958M (73%)       10735M (87%)            -                  -          
[2025-05-18T20:57:32.100+0300][5948][24712][info][gc          ] GC(4) Garbage Collection (Proactive) 10776M(88%)->88M(1%)
[2025-05-18T20:57:37.185+0300][5948][24712][info][gc,start    ] GC(5) Garbage Collection (System.gc())
[2025-05-18T20:57:37.186+0300][5948][24712][info][gc,task     ] GC(5) Using 2 workers
[2025-05-18T20:57:37.186+0300][5948][17492][info][gc,phases   ] GC(5) Pause Mark Start 0.017ms
[2025-05-18T20:57:37.196+0300][5948][24712][info][gc,phases   ] GC(5) Concurrent Mark 9.970ms
[2025-05-18T20:57:37.196+0300][5948][17492][info][gc,phases   ] GC(5) Pause Mark End 0.017ms
[2025-05-18T20:57:37.196+0300][5948][24712][info][gc,phases   ] GC(5) Concurrent Mark Free 0.002ms
[2025-05-18T20:57:37.200+0300][5948][24712][info][gc,phases   ] GC(5) Concurrent Process Non-Strong References 3.347ms
[2025-05-18T20:57:37.200+0300][5948][24712][info][gc,phases   ] GC(5) Concurrent Reset Relocation Set 0.042ms
[2025-05-18T20:57:37.203+0300][5948][24712][info][gc,phases   ] GC(5) Concurrent Select Relocation Set 3.685ms
[2025-05-18T20:57:37.203+0300][5948][17492][info][gc,phases   ] GC(5) Pause Relocate Start 0.008ms
[2025-05-18T20:57:37.207+0300][5948][24712][info][gc,phases   ] GC(5) Concurrent Relocate 3.330ms
[2025-05-18T20:57:37.207+0300][5948][24712][info][gc,load     ] GC(5) Load: 0.00/0.00/0.00
[2025-05-18T20:57:37.207+0300][5948][24712][info][gc,mmu      ] GC(5) MMU: 2ms/96.9%, 5ms/98.8%, 10ms/99.2%, 20ms/99.6%, 50ms/99.8%, 100ms/99.9%
[2025-05-18T20:57:37.207+0300][5948][24712][info][gc,marking  ] GC(5) Mark: 2 stripe(s), 1 proactive flush(es), 1 terminate flush(es), 0 completion(s), 0 continuation(s) 
[2025-05-18T20:57:37.207+0300][5948][24712][info][gc,marking  ] GC(5) Mark Stack Usage: 32M
[2025-05-18T20:57:37.207+0300][5948][24712][info][gc,nmethod  ] GC(5) NMethods: 2411 registered, 303 unregistered
[2025-05-18T20:57:37.207+0300][5948][24712][info][gc,metaspace] GC(5) Metaspace: 8M used, 9M committed, 1088M reserved
[2025-05-18T20:57:37.207+0300][5948][24712][info][gc,ref      ] GC(5) Soft: 327 encountered, 0 discovered, 0 enqueued
[2025-05-18T20:57:37.207+0300][5948][24712][info][gc,ref      ] GC(5) Weak: 694 encountered, 460 discovered, 19 enqueued
[2025-05-18T20:57:37.207+0300][5948][24712][info][gc,ref      ] GC(5) Final: 3 encountered, 3 discovered, 0 enqueued
[2025-05-18T20:57:37.207+0300][5948][24712][info][gc,ref      ] GC(5) Phantom: 41 encountered, 28 discovered, 15 enqueued
[2025-05-18T20:57:37.207+0300][5948][24712][info][gc,reloc    ] GC(5) Small Pages: 3577 / 7154M, Empty: 7124M, Relocated: 3M, In-Place: 0
[2025-05-18T20:57:37.207+0300][5948][24712][info][gc,reloc    ] GC(5) Medium Pages: 2 / 64M, Empty: 32M, Relocated: 0M, In-Place: 0
[2025-05-18T20:57:37.207+0300][5948][24712][info][gc,reloc    ] GC(5) Large Pages: 0 / 0M, Empty: 0M, Relocated: 0M, In-Place: 0
[2025-05-18T20:57:37.207+0300][5948][24712][info][gc,reloc    ] GC(5) Forwarding Usage: 0M
[2025-05-18T20:57:37.207+0300][5948][24712][info][gc,heap     ] GC(5) Min Capacity: 12288M(100%)
[2025-05-18T20:57:37.207+0300][5948][24712][info][gc,heap     ] GC(5) Max Capacity: 12288M(100%)
[2025-05-18T20:57:37.207+0300][5948][24712][info][gc,heap     ] GC(5) Soft Max Capacity: 12288M(100%)
[2025-05-18T20:57:37.207+0300][5948][24712][info][gc,heap     ] GC(5)                Mark Start          Mark End        Relocate Start      Relocate End           High               Low         
[2025-05-18T20:57:37.207+0300][5948][24712][info][gc,heap     ] GC(5)  Capacity:    12288M (100%)      12288M (100%)      12288M (100%)      12288M (100%)      12288M (100%)      12288M (100%)   
[2025-05-18T20:57:37.207+0300][5948][24712][info][gc,heap     ] GC(5)      Free:     5070M (41%)        5070M (41%)       12224M (99%)       12246M (100%)      12246M (100%)       5070M (41%)    
[2025-05-18T20:57:37.207+0300][5948][24712][info][gc,heap     ] GC(5)      Used:     7218M (59%)        7218M (59%)          64M (1%)           42M (0%)         7218M (59%)          42M (0%)     
[2025-05-18T20:57:37.207+0300][5948][24712][info][gc,heap     ] GC(5)      Live:         -                10M (0%)           10M (0%)           10M (0%)             -                  -          
[2025-05-18T20:57:37.207+0300][5948][24712][info][gc,heap     ] GC(5) Allocated:         -                 0M (0%)            2M (0%)            2M (0%)             -                  -          
[2025-05-18T20:57:37.207+0300][5948][24712][info][gc,heap     ] GC(5)   Garbage:         -              7207M (59%)          51M (0%)           29M (0%)             -                  -          
[2025-05-18T20:57:37.207+0300][5948][24712][info][gc,heap     ] GC(5) Reclaimed:         -                  -              7156M (58%)        7178M (58%)            -                  -          
[2025-05-18T20:57:37.207+0300][5948][24712][info][gc          ] GC(5) Garbage Collection (System.gc()) 7218M(59%)->42M(0%)
[2025-05-18T20:57:40.846+0300][5948][13452][info][gc,stats    ] === Garbage Collection Statistics =======================================================================================================================
[2025-05-18T20:57:40.846+0300][5948][13452][info][gc,stats    ]                                                              Last 10s              Last 10m              Last 10h                Total
[2025-05-18T20:57:40.846+0300][5948][13452][info][gc,stats    ]                                                              Avg / Max             Avg / Max             Avg / Max             Avg / Max
[2025-05-18T20:57:40.846+0300][5948][13452][info][gc,stats    ]   Collector: Garbage Collection Cycle                    138.644 / 255.818      87.379 / 255.818      87.379 / 255.818      87.379 / 255.818     ms
[2025-05-18T20:57:40.846+0300][5948][13452][info][gc,stats    ]  Contention: Mark Segment Reset Contention                     0 / 0                 0 / 0                 0 / 0                 0 / 0           ops/s
[2025-05-18T20:57:40.846+0300][5948][13452][info][gc,stats    ]  Contention: Mark SeqNum Reset Contention                      0 / 0                 0 / 0                 0 / 0                 0 / 0           ops/s
[2025-05-18T20:57:40.846+0300][5948][13452][info][gc,stats    ]    Critical: Allocation Stall                                  0 / 0                 0 / 0                 0 / 0                 0 / 0           ops/s
[2025-05-18T20:57:40.846+0300][5948][13452][info][gc,stats    ]    Critical: Allocation Stall                              0.000 / 0.000         0.000 / 0.000         0.000 / 0.000         0.000 / 0.000       ms
[2025-05-18T20:57:40.846+0300][5948][13452][info][gc,stats    ]    Critical: GC Locker Stall                                   0 / 0                 0 / 0                 0 / 0                 0 / 0           ops/s
[2025-05-18T20:57:40.846+0300][5948][13452][info][gc,stats    ]    Critical: GC Locker Stall                               0.000 / 0.000         0.000 / 0.000         0.000 / 0.000         0.000 / 0.000       ms
[2025-05-18T20:57:40.846+0300][5948][13452][info][gc,stats    ]    Critical: Relocation Stall                                  0 / 0                 0 / 0                 0 / 0                 0 / 0           ops/s
[2025-05-18T20:57:40.846+0300][5948][13452][info][gc,stats    ]    Critical: Relocation Stall                              0.000 / 0.000         0.000 / 0.000         0.000 / 0.000         0.000 / 0.000       ms
[2025-05-18T20:57:40.846+0300][5948][13452][info][gc,stats    ]      Memory: Allocation Rate                                1641 / 2728           1732 / 4158           1732 / 4158           1732 / 4158        MB/s
[2025-05-18T20:57:40.846+0300][5948][13452][info][gc,stats    ]      Memory: Defragment                                        0 / 0                 0 / 0                 0 / 0                 0 / 0           ops/s
[2025-05-18T20:57:40.846+0300][5948][13452][info][gc,stats    ]      Memory: Out Of Memory                                     0 / 0                 0 / 0                 0 / 0                 0 / 0           ops/s
[2025-05-18T20:57:40.846+0300][5948][13452][info][gc,stats    ]      Memory: Page Cache Flush                                  0 / 0                 0 / 0                 0 / 0                 0 / 0           MB/s
[2025-05-18T20:57:40.846+0300][5948][13452][info][gc,stats    ]      Memory: Page Cache Hit L1                               805 / 1364            594 / 1718            594 / 1718            594 / 1718        ops/s
[2025-05-18T20:57:40.846+0300][5948][13452][info][gc,stats    ]      Memory: Page Cache Hit L2                                 0 / 0                 0 / 0                 0 / 0                 0 / 0           ops/s
[2025-05-18T20:57:40.846+0300][5948][13452][info][gc,stats    ]      Memory: Page Cache Hit L3                                12 / 105             269 / 1320            269 / 1320            269 / 1320        ops/s
[2025-05-18T20:57:40.846+0300][5948][13452][info][gc,stats    ]      Memory: Page Cache Miss                                   0 / 0                 0 / 1                 0 / 1                 0 / 1           ops/s
[2025-05-18T20:57:40.846+0300][5948][13452][info][gc,stats    ]      Memory: Uncommit                                          0 / 0                 0 / 0                 0 / 0                 0 / 0           MB/s
[2025-05-18T20:57:40.846+0300][5948][13452][info][gc,stats    ]      Memory: Undo Object Allocation Failed                     0 / 0                 0 / 0                 0 / 0                 0 / 0           ops/s
[2025-05-18T20:57:40.846+0300][5948][13452][info][gc,stats    ]      Memory: Undo Object Allocation Succeeded                  1 / 11                5 / 53                5 / 53                5 / 53          ops/s
[2025-05-18T20:57:40.846+0300][5948][13452][info][gc,stats    ]      Memory: Undo Page Allocation                              0 / 2                 0 / 2                 0 / 2                 0 / 2           ops/s
[2025-05-18T20:57:40.846+0300][5948][13452][info][gc,stats    ]       Phase: Concurrent Mark                              99.060 / 188.151      56.926 / 188.151      56.926 / 188.151      56.926 / 188.151     ms
[2025-05-18T20:57:40.846+0300][5948][13452][info][gc,stats    ]       Phase: Concurrent Mark Continue                      0.000 / 0.000         0.000 / 0.000         0.000 / 0.000         0.000 / 0.000       ms
[2025-05-18T20:57:40.846+0300][5948][13452][info][gc,stats    ]       Phase: Concurrent Mark Free                          0.002 / 0.002         0.001 / 0.002         0.001 / 0.002         0.001 / 0.002       ms
[2025-05-18T20:57:40.846+0300][5948][13452][info][gc,stats    ]       Phase: Concurrent Process Non-Strong References      5.374 / 7.402         7.708 / 16.108        7.708 / 16.108        7.708 / 16.108      ms
[2025-05-18T20:57:40.846+0300][5948][13452][info][gc,stats    ]       Phase: Concurrent Relocate                           2.899 / 3.330         2.144 / 3.330         2.144 / 3.330         2.144 / 3.330       ms
[2025-05-18T20:57:40.846+0300][5948][13452][info][gc,stats    ]       Phase: Concurrent Reset Relocation Set               0.024 / 0.042         0.013 / 0.042         0.013 / 0.042         0.013 / 0.042       ms
[2025-05-18T20:57:40.847+0300][5948][13452][info][gc,stats    ]       Phase: Concurrent Select Relocation Set              6.258 / 8.830         4.059 / 8.830         4.059 / 8.830         4.059 / 8.830       ms
[2025-05-18T20:57:40.847+0300][5948][13452][info][gc,stats    ]       Phase: Pause Mark End                                0.020 / 0.023         0.027 / 0.062         0.027 / 0.062         0.027 / 0.062       ms
[2025-05-18T20:57:40.847+0300][5948][13452][info][gc,stats    ]       Phase: Pause Mark Start                              0.016 / 0.017         0.011 / 0.017         0.011 / 0.017         0.011 / 0.017       ms
[2025-05-18T20:57:40.847+0300][5948][13452][info][gc,stats    ]       Phase: Pause Relocate Start                          0.011 / 0.014         0.011 / 0.018         0.011 / 0.018         0.011 / 0.018       ms
[2025-05-18T20:57:40.847+0300][5948][13452][info][gc,stats    ]    Subphase: Concurrent Classes Purge                      0.165 / 0.182         0.373 / 1.371         0.373 / 1.371         0.373 / 1.371       ms
[2025-05-18T20:57:40.847+0300][5948][13452][info][gc,stats    ]    Subphase: Concurrent Classes Unlink                     2.399 / 2.467         2.446 / 5.037         2.446 / 5.037         2.446 / 5.037       ms
[2025-05-18T20:57:40.847+0300][5948][13452][info][gc,stats    ]    Subphase: Concurrent Mark                              93.469 / 187.349      48.820 / 187.349      48.820 / 187.349      48.820 / 187.349     ms
[2025-05-18T20:57:40.847+0300][5948][13452][info][gc,stats    ]    Subphase: Concurrent Mark Try Flush                     8.449 / 32.469        5.218 / 32.469        5.218 / 32.469        5.218 / 32.469      ms
[2025-05-18T20:57:40.847+0300][5948][13452][info][gc,stats    ]    Subphase: Concurrent Mark Try Terminate                 7.485 / 16.410        6.567 / 16.410        6.567 / 16.410        6.567 / 16.410      ms
[2025-05-18T20:57:40.847+0300][5948][13452][info][gc,stats    ]    Subphase: Concurrent References Enqueue                 0.005 / 0.005         0.005 / 0.005         0.005 / 0.005         0.005 / 0.005       ms
[2025-05-18T20:57:40.847+0300][5948][13452][info][gc,stats    ]    Subphase: Concurrent References Process                 0.332 / 0.555         0.230 / 0.555         0.230 / 0.555         0.230 / 0.555       ms
[2025-05-18T20:57:40.847+0300][5948][13452][info][gc,stats    ]    Subphase: Concurrent Roots ClassLoaderDataGraph         0.130 / 0.263         0.098 / 0.263         0.098 / 0.263         0.098 / 0.263       ms
[2025-05-18T20:57:40.847+0300][5948][13452][info][gc,stats    ]    Subphase: Concurrent Roots CodeCache                    0.000 / 0.000         0.000 / 0.000         0.000 / 0.000         0.000 / 0.000       ms
[2025-05-18T20:57:40.847+0300][5948][13452][info][gc,stats    ]    Subphase: Concurrent Roots JavaThreads                  0.352 / 0.598         1.914 / 9.331         1.914 / 9.331         1.914 / 9.331       ms
[2025-05-18T20:57:40.847+0300][5948][13452][info][gc,stats    ]    Subphase: Concurrent Roots OopStorageSet                0.041 / 0.054         0.036 / 0.064         0.036 / 0.064         0.036 / 0.064       ms
[2025-05-18T20:57:40.847+0300][5948][13452][info][gc,stats    ]    Subphase: Concurrent Weak Roots OopStorageSet           0.346 / 0.449         0.269 / 0.449         0.269 / 0.449         0.269 / 0.449       ms
[2025-05-18T20:57:40.847+0300][5948][13452][info][gc,stats    ]    Subphase: Pause Mark Try Complete                       0.000 / 0.000         0.016 / 0.017         0.016 / 0.017         0.016 / 0.017       ms
[2025-05-18T20:57:40.847+0300][5948][13452][info][gc,stats    ]      System: Java Threads                                     16 / 19               17 / 21               17 / 21               17 / 21          threads
[2025-05-18T20:57:40.847+0300][5948][13452][info][gc,stats    ] =========================================================================================================================================================
[2025-05-18T20:57:41.348+0300][5948][24712][info][gc,start    ] GC(6) Garbage Collection (Allocation Rate)
[2025-05-18T20:57:41.348+0300][5948][24712][info][gc,task     ] GC(6) Using 1 workers
[2025-05-18T20:57:41.348+0300][5948][17492][info][gc,phases   ] GC(6) Pause Mark Start 0.015ms
[2025-05-18T20:57:41.506+0300][5948][24712][info][gc,phases   ] GC(6) Concurrent Mark 142.543ms
[2025-05-18T20:57:41.506+0300][5948][17492][info][gc,phases   ] GC(6) Pause Mark End 0.020ms
[2025-05-18T20:57:41.506+0300][5948][24712][info][gc,phases   ] GC(6) Concurrent Mark Free 0.001ms
[2025-05-18T20:57:41.522+0300][5948][24712][info][gc,phases   ] GC(6) Concurrent Process Non-Strong References 15.679ms
[2025-05-18T20:57:41.522+0300][5948][24712][info][gc,phases   ] GC(6) Concurrent Reset Relocation Set 0.003ms
[2025-05-18T20:57:41.527+0300][5948][24712][info][gc,phases   ] GC(6) Concurrent Select Relocation Set 5.455ms
[2025-05-18T20:57:41.528+0300][5948][17492][info][gc,phases   ] GC(6) Pause Relocate Start 0.012ms
[2025-05-18T20:57:41.552+0300][5948][24712][info][gc,phases   ] GC(6) Concurrent Relocate 22.788ms
[2025-05-18T20:57:41.552+0300][5948][24712][info][gc,load     ] GC(6) Load: 0.00/0.00/0.00
[2025-05-18T20:57:41.552+0300][5948][24712][info][gc,mmu      ] GC(6) MMU: 2ms/96.9%, 5ms/98.8%, 10ms/99.2%, 20ms/99.6%, 50ms/99.8%, 100ms/99.9%
[2025-05-18T20:57:41.552+0300][5948][24712][info][gc,marking  ] GC(6) Mark: 1 stripe(s), 3 proactive flush(es), 1 terminate flush(es), 0 completion(s), 0 continuation(s) 
[2025-05-18T20:57:41.552+0300][5948][24712][info][gc,marking  ] GC(6) Mark Stack Usage: 32M
[2025-05-18T20:57:41.552+0300][5948][24712][info][gc,nmethod  ] GC(6) NMethods: 2417 registered, 332 unregistered
[2025-05-18T20:57:41.552+0300][5948][24712][info][gc,metaspace] GC(6) Metaspace: 8M used, 9M committed, 1088M reserved
[2025-05-18T20:57:41.552+0300][5948][24712][info][gc,ref      ] GC(6) Soft: 327 encountered, 0 discovered, 0 enqueued
[2025-05-18T20:57:41.552+0300][5948][24712][info][gc,ref      ] GC(6) Weak: 2330 encountered, 1967 discovered, 1606 enqueued
[2025-05-18T20:57:41.553+0300][5948][24712][info][gc,ref      ] GC(6) Final: 3 encountered, 1 discovered, 0 enqueued
[2025-05-18T20:57:41.553+0300][5948][24712][info][gc,ref      ] GC(6) Phantom: 46 encountered, 32 discovered, 0 enqueued
[2025-05-18T20:57:41.553+0300][5948][24712][info][gc,reloc    ] GC(6) Small Pages: 4987 / 9974M, Empty: 8318M, Relocated: 3M, In-Place: 0
[2025-05-18T20:57:41.553+0300][5948][24712][info][gc,reloc    ] GC(6) Medium Pages: 2 / 64M, Empty: 32M, Relocated: 0M, In-Place: 0
[2025-05-18T20:57:41.553+0300][5948][24712][info][gc,reloc    ] GC(6) Large Pages: 0 / 0M, Empty: 0M, Relocated: 0M, In-Place: 0
[2025-05-18T20:57:41.553+0300][5948][24712][info][gc,reloc    ] GC(6) Forwarding Usage: 0M
[2025-05-18T20:57:41.553+0300][5948][24712][info][gc,heap     ] GC(6) Min Capacity: 12288M(100%)
[2025-05-18T20:57:41.553+0300][5948][24712][info][gc,heap     ] GC(6) Max Capacity: 12288M(100%)
[2025-05-18T20:57:41.553+0300][5948][24712][info][gc,heap     ] GC(6) Soft Max Capacity: 12288M(100%)
[2025-05-18T20:57:41.553+0300][5948][24712][info][gc,heap     ] GC(6)                Mark Start          Mark End        Relocate Start      Relocate End           High               Low         
[2025-05-18T20:57:41.553+0300][5948][24712][info][gc,heap     ] GC(6)  Capacity:    12288M (100%)      12288M (100%)      12288M (100%)      12288M (100%)      12288M (100%)      12288M (100%)   
[2025-05-18T20:57:41.553+0300][5948][24712][info][gc,heap     ] GC(6)      Free:     2250M (18%)        2110M (17%)       10438M (85%)       12046M (98%)       12082M (98%)        2092M (17%)    
[2025-05-18T20:57:41.553+0300][5948][24712][info][gc,heap     ] GC(6)      Used:    10038M (82%)       10178M (83%)        1850M (15%)         242M (2%)        10196M (83%)         206M (2%)     
[2025-05-18T20:57:41.553+0300][5948][24712][info][gc,heap     ] GC(6)      Live:         -                11M (0%)           11M (0%)           11M (0%)             -                  -          
[2025-05-18T20:57:41.553+0300][5948][24712][info][gc,heap     ] GC(6) Allocated:         -               140M (1%)          162M (1%)          203M (2%)             -                  -          
[2025-05-18T20:57:41.553+0300][5948][24712][info][gc,heap     ] GC(6)   Garbage:         -             10026M (82%)        1676M (14%)          27M (0%)             -                  -          
[2025-05-18T20:57:41.553+0300][5948][24712][info][gc,heap     ] GC(6) Reclaimed:         -                  -              8350M (68%)        9999M (81%)            -                  -          
[2025-05-18T20:57:41.553+0300][5948][24712][info][gc          ] GC(6) Garbage Collection (Allocation Rate) 10038M(82%)->242M(2%)
[2025-05-18T20:57:46.341+0300][5948][24712][info][gc,start    ] GC(7) Garbage Collection (Allocation Rate)
[2025-05-18T20:57:46.341+0300][5948][24712][info][gc,task     ] GC(7) Using 1 workers
[2025-05-18T20:57:46.341+0300][5948][17492][info][gc,phases   ] GC(7) Pause Mark Start 0.019ms
[2025-05-18T20:57:46.439+0300][5948][24712][info][gc,phases   ] GC(7) Concurrent Mark 86.333ms
[2025-05-18T20:57:46.439+0300][5948][17492][info][gc,phases   ] GC(7) Pause Mark End 0.033ms
[2025-05-18T20:57:46.441+0300][5948][24712][info][gc,phases   ] GC(7) Concurrent Mark Free 0.001ms
[2025-05-18T20:57:46.533+0300][5948][24712][info][gc,phases   ] GC(7) Concurrent Process Non-Strong References 92.051ms
[2025-05-18T20:57:46.533+0300][5948][24712][info][gc,phases   ] GC(7) Concurrent Reset Relocation Set 0.052ms
[2025-05-18T20:57:46.562+0300][5948][24712][info][gc,phases   ] GC(7) Concurrent Select Relocation Set 29.264ms
[2025-05-18T20:57:46.563+0300][5948][17492][info][gc,phases   ] GC(7) Pause Relocate Start 0.010ms
[2025-05-18T20:57:46.571+0300][5948][24712][info][gc,phases   ] GC(7) Concurrent Relocate 7.924ms
[2025-05-18T20:57:46.571+0300][5948][24712][info][gc,load     ] GC(7) Load: 0.00/0.00/0.00
[2025-05-18T20:57:46.571+0300][5948][24712][info][gc,mmu      ] GC(7) MMU: 2ms/96.9%, 5ms/98.8%, 10ms/99.2%, 20ms/99.6%, 50ms/99.8%, 100ms/99.9%
[2025-05-18T20:57:46.571+0300][5948][24712][info][gc,marking  ] GC(7) Mark: 1 stripe(s), 2 proactive flush(es), 1 terminate flush(es), 0 completion(s), 0 continuation(s) 
[2025-05-18T20:57:46.571+0300][5948][24712][info][gc,marking  ] GC(7) Mark Stack Usage: 32M
[2025-05-18T20:57:46.571+0300][5948][24712][info][gc,nmethod  ] GC(7) NMethods: 2418 registered, 346 unregistered
[2025-05-18T20:57:46.571+0300][5948][24712][info][gc,metaspace] GC(7) Metaspace: 8M used, 9M committed, 1088M reserved
[2025-05-18T20:57:46.571+0300][5948][24712][info][gc,ref      ] GC(7) Soft: 327 encountered, 0 discovered, 0 enqueued
[2025-05-18T20:57:46.571+0300][5948][24712][info][gc,ref      ] GC(7) Weak: 2414 encountered, 2051 discovered, 1690 enqueued
[2025-05-18T20:57:46.571+0300][5948][24712][info][gc,ref      ] GC(7) Final: 3 encountered, 1 discovered, 0 enqueued
[2025-05-18T20:57:46.571+0300][5948][24712][info][gc,ref      ] GC(7) Phantom: 48 encountered, 34 discovered, 0 enqueued
[2025-05-18T20:57:46.571+0300][5948][24712][info][gc,reloc    ] GC(7) Small Pages: 5231 / 10462M, Empty: 8714M, Relocated: 3M, In-Place: 0
[2025-05-18T20:57:46.571+0300][5948][24712][info][gc,reloc    ] GC(7) Medium Pages: 1 / 32M, Empty: 0M, Relocated: 0M, In-Place: 0
[2025-05-18T20:57:46.571+0300][5948][24712][info][gc,reloc    ] GC(7) Large Pages: 0 / 0M, Empty: 0M, Relocated: 0M, In-Place: 0
[2025-05-18T20:57:46.571+0300][5948][24712][info][gc,reloc    ] GC(7) Forwarding Usage: 0M
[2025-05-18T20:57:46.571+0300][5948][24712][info][gc,heap     ] GC(7) Min Capacity: 12288M(100%)
[2025-05-18T20:57:46.571+0300][5948][24712][info][gc,heap     ] GC(7) Max Capacity: 12288M(100%)
[2025-05-18T20:57:46.571+0300][5948][24712][info][gc,heap     ] GC(7) Soft Max Capacity: 12288M(100%)
[2025-05-18T20:57:46.571+0300][5948][24712][info][gc,heap     ] GC(7)                Mark Start          Mark End        Relocate Start      Relocate End           High               Low         
[2025-05-18T20:57:46.571+0300][5948][24712][info][gc,heap     ] GC(7)  Capacity:    12288M (100%)      12288M (100%)      12288M (100%)      12288M (100%)      12288M (100%)      12288M (100%)   
[2025-05-18T20:57:46.572+0300][5948][24712][info][gc,heap     ] GC(7)      Free:     1794M (15%)        1714M (14%)       10352M (84%)       12072M (98%)       12088M (98%)        1676M (14%)    
[2025-05-18T20:57:46.572+0300][5948][24712][info][gc,heap     ] GC(7)      Used:    10494M (85%)       10574M (86%)        1936M (16%)         216M (2%)        10612M (86%)         200M (2%)     
[2025-05-18T20:57:46.572+0300][5948][24712][info][gc,heap     ] GC(7)      Live:         -                11M (0%)           11M (0%)           11M (0%)             -                  -          
[2025-05-18T20:57:46.572+0300][5948][24712][info][gc,heap     ] GC(7) Allocated:         -                80M (1%)          156M (1%)          177M (1%)             -                  -          
[2025-05-18T20:57:46.572+0300][5948][24712][info][gc,heap     ] GC(7)   Garbage:         -             10482M (85%)        1768M (14%)          26M (0%)             -                  -          
[2025-05-18T20:57:46.572+0300][5948][24712][info][gc,heap     ] GC(7) Reclaimed:         -                  -              8714M (71%)       10455M (85%)            -                  -          
[2025-05-18T20:57:46.572+0300][5948][24712][info][gc          ] GC(7) Garbage Collection (Allocation Rate) 10494M(85%)->216M(2%)
[2025-05-18T20:57:48.927+0300][5948][24712][info][gc,start    ] GC(8) Garbage Collection (System.gc())
[2025-05-18T20:57:48.927+0300][5948][24712][info][gc,task     ] GC(8) Using 2 workers
[2025-05-18T20:57:48.927+0300][5948][17492][info][gc,phases   ] GC(8) Pause Mark Start 0.013ms
[2025-05-18T20:57:48.943+0300][5948][24712][info][gc,phases   ] GC(8) Concurrent Mark 15.243ms
[2025-05-18T20:57:48.943+0300][5948][17492][info][gc,phases   ] GC(8) Pause Mark End 0.024ms
[2025-05-18T20:57:48.943+0300][5948][24712][info][gc,phases   ] GC(8) Concurrent Mark Free 0.001ms
[2025-05-18T20:57:48.949+0300][5948][24712][info][gc,phases   ] GC(8) Concurrent Process Non-Strong References 5.743ms
[2025-05-18T20:57:48.949+0300][5948][24712][info][gc,phases   ] GC(8) Concurrent Reset Relocation Set 0.079ms
[2025-05-18T20:57:48.955+0300][5948][24712][info][gc,phases   ] GC(8) Concurrent Select Relocation Set 5.753ms
[2025-05-18T20:57:48.955+0300][5948][17492][info][gc,phases   ] GC(8) Pause Relocate Start 0.014ms
[2025-05-18T20:57:48.957+0300][5948][24712][info][gc,phases   ] GC(8) Concurrent Relocate 2.057ms
[2025-05-18T20:57:48.957+0300][5948][24712][info][gc,load     ] GC(8) Load: 0.00/0.00/0.00
[2025-05-18T20:57:48.957+0300][5948][24712][info][gc,mmu      ] GC(8) MMU: 2ms/96.9%, 5ms/98.8%, 10ms/99.2%, 20ms/99.6%, 50ms/99.8%, 100ms/99.9%
[2025-05-18T20:57:48.957+0300][5948][24712][info][gc,marking  ] GC(8) Mark: 2 stripe(s), 2 proactive flush(es), 1 terminate flush(es), 0 completion(s), 0 continuation(s) 
[2025-05-18T20:57:48.957+0300][5948][24712][info][gc,marking  ] GC(8) Mark Stack Usage: 32M
[2025-05-18T20:57:48.957+0300][5948][24712][info][gc,nmethod  ] GC(8) NMethods: 2422 registered, 353 unregistered
[2025-05-18T20:57:48.957+0300][5948][24712][info][gc,metaspace] GC(8) Metaspace: 8M used, 9M committed, 1088M reserved
[2025-05-18T20:57:48.957+0300][5948][24712][info][gc,ref      ] GC(8) Soft: 327 encountered, 0 discovered, 0 enqueued
[2025-05-18T20:57:48.957+0300][5948][24712][info][gc,ref      ] GC(8) Weak: 675 encountered, 313 discovered, 0 enqueued
[2025-05-18T20:57:48.957+0300][5948][24712][info][gc,ref      ] GC(8) Final: 3 encountered, 0 discovered, 0 enqueued
[2025-05-18T20:57:48.957+0300][5948][24712][info][gc,ref      ] GC(8) Phantom: 26 encountered, 23 discovered, 0 enqueued
[2025-05-18T20:57:48.957+0300][5948][24712][info][gc,reloc    ] GC(8) Small Pages: 2460 / 4920M, Empty: 4898M, Relocated: 1M, In-Place: 0
[2025-05-18T20:57:48.957+0300][5948][24712][info][gc,reloc    ] GC(8) Medium Pages: 2 / 64M, Empty: 32M, Relocated: 0M, In-Place: 0
[2025-05-18T20:57:48.957+0300][5948][24712][info][gc,reloc    ] GC(8) Large Pages: 0 / 0M, Empty: 0M, Relocated: 0M, In-Place: 0
[2025-05-18T20:57:48.957+0300][5948][24712][info][gc,reloc    ] GC(8) Forwarding Usage: 0M
[2025-05-18T20:57:48.957+0300][5948][24712][info][gc,heap     ] GC(8) Min Capacity: 12288M(100%)
[2025-05-18T20:57:48.957+0300][5948][24712][info][gc,heap     ] GC(8) Max Capacity: 12288M(100%)
[2025-05-18T20:57:48.957+0300][5948][24712][info][gc,heap     ] GC(8) Soft Max Capacity: 12288M(100%)
[2025-05-18T20:57:48.957+0300][5948][24712][info][gc,heap     ] GC(8)                Mark Start          Mark End        Relocate Start      Relocate End           High               Low         
[2025-05-18T20:57:48.957+0300][5948][24712][info][gc,heap     ] GC(8)  Capacity:    12288M (100%)      12288M (100%)      12288M (100%)      12288M (100%)      12288M (100%)      12288M (100%)   
[2025-05-18T20:57:48.957+0300][5948][24712][info][gc,heap     ] GC(8)      Free:     7304M (59%)        7304M (59%)       12234M (100%)      12248M (100%)      12248M (100%)       7304M (59%)    
[2025-05-18T20:57:48.957+0300][5948][24712][info][gc,heap     ] GC(8)      Used:     4984M (41%)        4984M (41%)          54M (0%)           40M (0%)         4984M (41%)          40M (0%)     
[2025-05-18T20:57:48.958+0300][5948][24712][info][gc,heap     ] GC(8)      Live:         -                10M (0%)           10M (0%)           10M (0%)             -                  -          
[2025-05-18T20:57:48.958+0300][5948][24712][info][gc,heap     ] GC(8) Allocated:         -                 0M (0%)            0M (0%)            0M (0%)             -                  -          
[2025-05-18T20:57:48.958+0300][5948][24712][info][gc,heap     ] GC(8)   Garbage:         -              4973M (40%)          43M (0%)           29M (0%)             -                  -          
[2025-05-18T20:57:48.958+0300][5948][24712][info][gc,heap     ] GC(8) Reclaimed:         -                  -              4930M (40%)        4944M (40%)            -                  -          
[2025-05-18T20:57:48.958+0300][5948][24712][info][gc          ] GC(8) Garbage Collection (System.gc()) 4984M(41%)->40M(0%)
[2025-05-18T20:57:50.851+0300][5948][13452][info][gc,stats    ] === Garbage Collection Statistics =======================================================================================================================
[2025-05-18T20:57:50.851+0300][5948][13452][info][gc,stats    ]                                                              Last 10s              Last 10m              Last 10h                Total
[2025-05-18T20:57:50.851+0300][5948][13452][info][gc,stats    ]                                                              Avg / Max             Avg / Max             Avg / Max             Avg / Max
[2025-05-18T20:57:50.851+0300][5948][13452][info][gc,stats    ]   Collector: Garbage Collection Cycle                    155.031 / 230.205     109.930 / 255.818     109.930 / 255.818     109.930 / 255.818     ms
[2025-05-18T20:57:50.851+0300][5948][13452][info][gc,stats    ]  Contention: Mark Segment Reset Contention                     0 / 0                 0 / 0                 0 / 0                 0 / 0           ops/s
[2025-05-18T20:57:50.851+0300][5948][13452][info][gc,stats    ]  Contention: Mark SeqNum Reset Contention                      0 / 1                 0 / 1                 0 / 1                 0 / 1           ops/s
[2025-05-18T20:57:50.851+0300][5948][13452][info][gc,stats    ]    Critical: Allocation Stall                                  0 / 0                 0 / 0                 0 / 0                 0 / 0           ops/s
[2025-05-18T20:57:50.851+0300][5948][13452][info][gc,stats    ]    Critical: Allocation Stall                              0.000 / 0.000         0.000 / 0.000         0.000 / 0.000         0.000 / 0.000       ms
[2025-05-18T20:57:50.851+0300][5948][13452][info][gc,stats    ]    Critical: GC Locker Stall                                   0 / 0                 0 / 0                 0 / 0                 0 / 0           ops/s
[2025-05-18T20:57:50.851+0300][5948][13452][info][gc,stats    ]    Critical: GC Locker Stall                               0.000 / 0.000         0.000 / 0.000         0.000 / 0.000         0.000 / 0.000       ms
[2025-05-18T20:57:50.851+0300][5948][13452][info][gc,stats    ]    Critical: Relocation Stall                                  0 / 0                 0 / 0                 0 / 0                 0 / 0           ops/s
[2025-05-18T20:57:50.851+0300][5948][13452][info][gc,stats    ]    Critical: Relocation Stall                              0.000 / 0.000         0.000 / 0.000         0.000 / 0.000         0.000 / 0.000       ms
[2025-05-18T20:57:50.851+0300][5948][13452][info][gc,stats    ]      Memory: Allocation Rate                                2096 / 2968           1853 / 4158           1853 / 4158           1853 / 4158        MB/s
[2025-05-18T20:57:50.851+0300][5948][13452][info][gc,stats    ]      Memory: Defragment                                        0 / 0                 0 / 0                 0 / 0                 0 / 0           ops/s
[2025-05-18T20:57:50.851+0300][5948][13452][info][gc,stats    ]      Memory: Out Of Memory                                     0 / 0                 0 / 0                 0 / 0                 0 / 0           ops/s
[2025-05-18T20:57:50.851+0300][5948][13452][info][gc,stats    ]      Memory: Page Cache Flush                                  0 / 0                 0 / 0                 0 / 0                 0 / 0           MB/s
[2025-05-18T20:57:50.851+0300][5948][13452][info][gc,stats    ]      Memory: Page Cache Hit L1                              1045 / 1484            745 / 1718            745 / 1718            745 / 1718        ops/s
[2025-05-18T20:57:50.851+0300][5948][13452][info][gc,stats    ]      Memory: Page Cache Hit L2                                 0 / 0                 0 / 0                 0 / 0                 0 / 0           ops/s
[2025-05-18T20:57:50.851+0300][5948][13452][info][gc,stats    ]      Memory: Page Cache Hit L3                                 0 / 0               179 / 1320            179 / 1320            179 / 1320        ops/s
[2025-05-18T20:57:50.851+0300][5948][13452][info][gc,stats    ]      Memory: Page Cache Miss                                   0 / 0                 0 / 1                 0 / 1                 0 / 1           ops/s
[2025-05-18T20:57:50.851+0300][5948][13452][info][gc,stats    ]      Memory: Uncommit                                          0 / 0                 0 / 0                 0 / 0                 0 / 0           MB/s
[2025-05-18T20:57:50.851+0300][5948][13452][info][gc,stats    ]      Memory: Undo Object Allocation Failed                     0 / 1                 0 / 1                 0 / 1                 0 / 1           ops/s
[2025-05-18T20:57:50.851+0300][5948][13452][info][gc,stats    ]      Memory: Undo Object Allocation Succeeded                  2 / 20                4 / 53                4 / 53                4 / 53          ops/s
[2025-05-18T20:57:50.851+0300][5948][13452][info][gc,stats    ]      Memory: Undo Page Allocation                              0 / 0                 0 / 2                 0 / 2                 0 / 2           ops/s
[2025-05-18T20:57:50.852+0300][5948][13452][info][gc,stats    ]       Phase: Concurrent Mark                              81.373 / 142.543      65.075 / 188.151      65.075 / 188.151      65.075 / 188.151     ms
[2025-05-18T20:57:50.852+0300][5948][13452][info][gc,stats    ]       Phase: Concurrent Mark Continue                      0.000 / 0.000         0.000 / 0.000         0.000 / 0.000         0.000 / 0.000       ms
[2025-05-18T20:57:50.852+0300][5948][13452][info][gc,stats    ]       Phase: Concurrent Mark Free                          0.001 / 0.001         0.001 / 0.002         0.001 / 0.002         0.001 / 0.002       ms
[2025-05-18T20:57:50.852+0300][5948][13452][info][gc,stats    ]       Phase: Concurrent Process Non-Strong References     37.824 / 92.051       17.747 / 92.051       17.747 / 92.051       17.747 / 92.051      ms
[2025-05-18T20:57:50.852+0300][5948][13452][info][gc,stats    ]       Phase: Concurrent Relocate                          10.923 / 22.788        5.070 / 22.788        5.070 / 22.788        5.070 / 22.788      ms
[2025-05-18T20:57:50.852+0300][5948][13452][info][gc,stats    ]       Phase: Concurrent Reset Relocation Set               0.045 / 0.079         0.023 / 0.079         0.023 / 0.079         0.023 / 0.079       ms
[2025-05-18T20:57:50.852+0300][5948][13452][info][gc,stats    ]       Phase: Concurrent Select Relocation Set             13.491 / 29.264        7.203 / 29.264        7.203 / 29.264        7.203 / 29.264      ms
[2025-05-18T20:57:50.852+0300][5948][13452][info][gc,stats    ]       Phase: Pause Mark End                                0.025 / 0.033         0.027 / 0.062         0.027 / 0.062         0.027 / 0.062       ms
[2025-05-18T20:57:50.852+0300][5948][13452][info][gc,stats    ]       Phase: Pause Mark Start                              0.015 / 0.019         0.013 / 0.019         0.013 / 0.019         0.013 / 0.019       ms
[2025-05-18T20:57:50.852+0300][5948][13452][info][gc,stats    ]       Phase: Pause Relocate Start                          0.012 / 0.014         0.011 / 0.018         0.011 / 0.018         0.011 / 0.018       ms
[2025-05-18T20:57:50.852+0300][5948][13452][info][gc,stats    ]    Subphase: Concurrent Classes Purge                      0.278 / 0.371         0.342 / 1.371         0.342 / 1.371         0.342 / 1.371       ms
[2025-05-18T20:57:50.852+0300][5948][13452][info][gc,stats    ]    Subphase: Concurrent Classes Unlink                    30.433 / 80.216       11.775 / 80.216       11.775 / 80.216       11.775 / 80.216      ms
[2025-05-18T20:57:50.852+0300][5948][13452][info][gc,stats    ]    Subphase: Concurrent Mark                              62.516 / 140.963      52.244 / 187.349      52.244 / 187.349      52.244 / 187.349     ms
[2025-05-18T20:57:50.852+0300][5948][13452][info][gc,stats    ]    Subphase: Concurrent Mark Try Flush                     6.802 / 17.797        5.729 / 32.469        5.729 / 32.469        5.729 / 32.469      ms
[2025-05-18T20:57:50.852+0300][5948][13452][info][gc,stats    ]    Subphase: Concurrent Mark Try Terminate                 3.164 / 15.829        5.798 / 16.410        5.798 / 16.410        5.798 / 16.410      ms
[2025-05-18T20:57:50.852+0300][5948][13452][info][gc,stats    ]    Subphase: Concurrent References Enqueue                 0.005 / 0.007         0.005 / 0.007         0.005 / 0.007         0.005 / 0.007       ms
[2025-05-18T20:57:50.852+0300][5948][13452][info][gc,stats    ]    Subphase: Concurrent References Process                 0.554 / 0.805         0.338 / 0.805         0.338 / 0.805         0.338 / 0.805       ms
[2025-05-18T20:57:50.852+0300][5948][13452][info][gc,stats    ]    Subphase: Concurrent Roots ClassLoaderDataGraph         0.363 / 0.565         0.164 / 0.565         0.164 / 0.565         0.164 / 0.565       ms
[2025-05-18T20:57:50.852+0300][5948][13452][info][gc,stats    ]    Subphase: Concurrent Roots CodeCache                    0.000 / 0.000         0.000 / 0.000         0.000 / 0.000         0.000 / 0.000       ms
[2025-05-18T20:57:50.852+0300][5948][13452][info][gc,stats    ]    Subphase: Concurrent Roots JavaThreads                  0.523 / 0.797         1.567 / 9.331         1.567 / 9.331         1.567 / 9.331       ms
[2025-05-18T20:57:50.852+0300][5948][13452][info][gc,stats    ]    Subphase: Concurrent Roots OopStorageSet                0.172 / 0.426         0.070 / 0.426         0.070 / 0.426         0.070 / 0.426       ms
[2025-05-18T20:57:50.852+0300][5948][13452][info][gc,stats    ]    Subphase: Concurrent Weak Roots OopStorageSet           0.896 / 1.407         0.426 / 1.407         0.426 / 1.407         0.426 / 1.407       ms
[2025-05-18T20:57:50.852+0300][5948][13452][info][gc,stats    ]    Subphase: Pause Mark Try Complete                       0.000 / 0.000         0.016 / 0.017         0.016 / 0.017         0.016 / 0.017       ms
[2025-05-18T20:57:50.852+0300][5948][13452][info][gc,stats    ]      System: Java Threads                                     16 / 19               16 / 21               16 / 21               16 / 21          threads
[2025-05-18T20:57:50.852+0300][5948][13452][info][gc,stats    ] =========================================================================================================================================================
[2025-05-18T20:57:53.441+0300][5948][24712][info][gc,start    ] GC(9) Garbage Collection (Allocation Rate)
[2025-05-18T20:57:53.441+0300][5948][24712][info][gc,task     ] GC(9) Using 1 workers
[2025-05-18T20:57:53.441+0300][5948][17492][info][gc,phases   ] GC(9) Pause Mark Start 0.016ms
[2025-05-18T20:57:53.551+0300][5948][24712][info][gc,phases   ] GC(9) Concurrent Mark 110.070ms
[2025-05-18T20:57:53.566+0300][5948][17492][info][gc,phases   ] GC(9) Pause Mark End 0.039ms
[2025-05-18T20:57:53.574+0300][5948][24712][info][gc,phases   ] GC(9) Concurrent Mark Free 0.002ms
[2025-05-18T20:57:53.724+0300][5948][24712][info][gc,phases   ] GC(9) Concurrent Process Non-Strong References 148.677ms
[2025-05-18T20:57:53.724+0300][5948][24712][info][gc,phases   ] GC(9) Concurrent Reset Relocation Set 0.005ms
[2025-05-18T20:57:53.734+0300][5948][24712][info][gc,phases   ] GC(9) Concurrent Select Relocation Set 10.227ms
[2025-05-18T20:57:53.734+0300][5948][17492][info][gc,phases   ] GC(9) Pause Relocate Start 0.011ms
[2025-05-18T20:57:53.740+0300][5948][24712][info][gc,phases   ] GC(9) Concurrent Relocate 5.878ms
[2025-05-18T20:57:53.741+0300][5948][24712][info][gc,load     ] GC(9) Load: 0.00/0.00/0.00
[2025-05-18T20:57:53.741+0300][5948][24712][info][gc,mmu      ] GC(9) MMU: 2ms/96.9%, 5ms/98.8%, 10ms/99.2%, 20ms/99.6%, 50ms/99.8%, 100ms/99.9%
[2025-05-18T20:57:53.741+0300][5948][24712][info][gc,marking  ] GC(9) Mark: 1 stripe(s), 3 proactive flush(es), 1 terminate flush(es), 0 completion(s), 0 continuation(s) 
[2025-05-18T20:57:53.741+0300][5948][24712][info][gc,marking  ] GC(9) Mark Stack Usage: 32M
[2025-05-18T20:57:53.741+0300][5948][24712][info][gc,nmethod  ] GC(9) NMethods: 2426 registered, 362 unregistered
[2025-05-18T20:57:53.741+0300][5948][24712][info][gc,metaspace] GC(9) Metaspace: 8M used, 9M committed, 1088M reserved
[2025-05-18T20:57:53.741+0300][5948][24712][info][gc,ref      ] GC(9) Soft: 327 encountered, 0 discovered, 0 enqueued
[2025-05-18T20:57:53.741+0300][5948][24712][info][gc,ref      ] GC(9) Weak: 2476 encountered, 2129 discovered, 1752 enqueued
[2025-05-18T20:57:53.741+0300][5948][24712][info][gc,ref      ] GC(9) Final: 3 encountered, 1 discovered, 0 enqueued
[2025-05-18T20:57:53.741+0300][5948][24712][info][gc,ref      ] GC(9) Phantom: 48 encountered, 34 discovered, 0 enqueued
[2025-05-18T20:57:53.741+0300][5948][24712][info][gc,reloc    ] GC(9) Small Pages: 5451 / 10902M, Empty: 9082M, Relocated: 3M, In-Place: 0
[2025-05-18T20:57:53.741+0300][5948][24712][info][gc,reloc    ] GC(9) Medium Pages: 2 / 64M, Empty: 32M, Relocated: 0M, In-Place: 0
[2025-05-18T20:57:53.741+0300][5948][24712][info][gc,reloc    ] GC(9) Large Pages: 0 / 0M, Empty: 0M, Relocated: 0M, In-Place: 0
[2025-05-18T20:57:53.741+0300][5948][24712][info][gc,reloc    ] GC(9) Forwarding Usage: 0M
[2025-05-18T20:57:53.741+0300][5948][24712][info][gc,heap     ] GC(9) Min Capacity: 12288M(100%)
[2025-05-18T20:57:53.741+0300][5948][24712][info][gc,heap     ] GC(9) Max Capacity: 12288M(100%)
[2025-05-18T20:57:53.741+0300][5948][24712][info][gc,heap     ] GC(9) Soft Max Capacity: 12288M(100%)
[2025-05-18T20:57:53.741+0300][5948][24712][info][gc,heap     ] GC(9)                Mark Start          Mark End        Relocate Start      Relocate End           High               Low         
[2025-05-18T20:57:53.741+0300][5948][24712][info][gc,heap     ] GC(9)  Capacity:    12288M (100%)      12288M (100%)      12288M (100%)      12288M (100%)      12288M (100%)      12288M (100%)   
[2025-05-18T20:57:53.741+0300][5948][24712][info][gc,heap     ] GC(9)      Free:     1322M (11%)        1162M (9%)        10224M (83%)       12028M (98%)       12032M (98%)        1128M (9%)     
[2025-05-18T20:57:53.741+0300][5948][24712][info][gc,heap     ] GC(9)      Used:    10966M (89%)       11126M (91%)        2064M (17%)         260M (2%)        11160M (91%)         256M (2%)     
[2025-05-18T20:57:53.741+0300][5948][24712][info][gc,heap     ] GC(9)      Live:         -                11M (0%)           11M (0%)           11M (0%)             -                  -          
[2025-05-18T20:57:53.741+0300][5948][24712][info][gc,heap     ] GC(9) Allocated:         -               160M (1%)          212M (2%)          221M (2%)             -                  -          
[2025-05-18T20:57:53.741+0300][5948][24712][info][gc,heap     ] GC(9)   Garbage:         -             10954M (89%)        1840M (15%)          26M (0%)             -                  -          
[2025-05-18T20:57:53.741+0300][5948][24712][info][gc,heap     ] GC(9) Reclaimed:         -                  -              9114M (74%)       10927M (89%)            -                  -          
[2025-05-18T20:57:53.741+0300][5948][24712][info][gc          ] GC(9) Garbage Collection (Allocation Rate) 10966M(89%)->260M(2%)
[2025-05-18T20:57:58.848+0300][5948][24712][info][gc,start    ] GC(10) Garbage Collection (Allocation Rate)
[2025-05-18T20:57:58.848+0300][5948][24712][info][gc,task     ] GC(10) Using 1 workers
[2025-05-18T20:57:58.848+0300][5948][17492][info][gc,phases   ] GC(10) Pause Mark Start 0.023ms
[2025-05-18T20:57:58.912+0300][5948][24712][info][gc,phases   ] GC(10) Concurrent Mark 62.884ms
[2025-05-18T20:57:58.912+0300][5948][17492][info][gc,phases   ] GC(10) Pause Mark End 0.031ms
[2025-05-18T20:57:58.912+0300][5948][24712][info][gc,phases   ] GC(10) Concurrent Mark Free 0.001ms
[2025-05-18T20:57:58.921+0300][5948][24712][info][gc,phases   ] GC(10) Concurrent Process Non-Strong References 9.171ms
[2025-05-18T20:57:58.921+0300][5948][24712][info][gc,phases   ] GC(10) Concurrent Reset Relocation Set 0.066ms
[2025-05-18T20:57:58.927+0300][5948][24712][info][gc,phases   ] GC(10) Concurrent Select Relocation Set 5.622ms
[2025-05-18T20:57:58.927+0300][5948][17492][info][gc,phases   ] GC(10) Pause Relocate Start 0.015ms
[2025-05-18T20:57:58.935+0300][5948][24712][info][gc,phases   ] GC(10) Concurrent Relocate 7.062ms
[2025-05-18T20:57:58.935+0300][5948][24712][info][gc,load     ] GC(10) Load: 0.00/0.00/0.00
[2025-05-18T20:57:58.935+0300][5948][24712][info][gc,mmu      ] GC(10) MMU: 2ms/96.9%, 5ms/98.8%, 10ms/99.2%, 20ms/99.6%, 50ms/99.8%, 100ms/99.9%
[2025-05-18T20:57:58.935+0300][5948][24712][info][gc,marking  ] GC(10) Mark: 1 stripe(s), 2 proactive flush(es), 1 terminate flush(es), 0 completion(s), 0 continuation(s) 
[2025-05-18T20:57:58.935+0300][5948][24712][info][gc,marking  ] GC(10) Mark Stack Usage: 32M
[2025-05-18T20:57:58.935+0300][5948][24712][info][gc,nmethod  ] GC(10) NMethods: 2425 registered, 391 unregistered
[2025-05-18T20:57:58.935+0300][5948][24712][info][gc,metaspace] GC(10) Metaspace: 8M used, 9M committed, 1088M reserved
[2025-05-18T20:57:58.935+0300][5948][24712][info][gc,ref      ] GC(10) Soft: 327 encountered, 0 discovered, 0 enqueued
[2025-05-18T20:57:58.935+0300][5948][24712][info][gc,ref      ] GC(10) Weak: 2429 encountered, 2083 discovered, 1708 enqueued
[2025-05-18T20:57:58.935+0300][5948][24712][info][gc,ref      ] GC(10) Final: 3 encountered, 1 discovered, 0 enqueued
[2025-05-18T20:57:58.935+0300][5948][24712][info][gc,ref      ] GC(10) Phantom: 46 encountered, 32 discovered, 0 enqueued
[2025-05-18T20:57:58.935+0300][5948][24712][info][gc,reloc    ] GC(10) Small Pages: 5280 / 10560M, Empty: 8800M, Relocated: 3M, In-Place: 0
[2025-05-18T20:57:58.935+0300][5948][24712][info][gc,reloc    ] GC(10) Medium Pages: 1 / 32M, Empty: 0M, Relocated: 0M, In-Place: 0
[2025-05-18T20:57:58.935+0300][5948][24712][info][gc,reloc    ] GC(10) Large Pages: 0 / 0M, Empty: 0M, Relocated: 0M, In-Place: 0
[2025-05-18T20:57:58.935+0300][5948][24712][info][gc,reloc    ] GC(10) Forwarding Usage: 0M
[2025-05-18T20:57:58.935+0300][5948][24712][info][gc,heap     ] GC(10) Min Capacity: 12288M(100%)
[2025-05-18T20:57:58.935+0300][5948][24712][info][gc,heap     ] GC(10) Max Capacity: 12288M(100%)
[2025-05-18T20:57:58.935+0300][5948][24712][info][gc,heap     ] GC(10) Soft Max Capacity: 12288M(100%)
[2025-05-18T20:57:58.935+0300][5948][24712][info][gc,heap     ] GC(10)                Mark Start          Mark End        Relocate Start      Relocate End           High               Low         
[2025-05-18T20:57:58.935+0300][5948][24712][info][gc,heap     ] GC(10)  Capacity:    12288M (100%)      12288M (100%)      12288M (100%)      12288M (100%)      12288M (100%)      12288M (100%)   
[2025-05-18T20:57:58.935+0300][5948][24712][info][gc,heap     ] GC(10)      Free:     1696M (14%)        1576M (13%)       10346M (84%)       12080M (98%)       12092M (98%)        1556M (13%)    
[2025-05-18T20:57:58.935+0300][5948][24712][info][gc,heap     ] GC(10)      Used:    10592M (86%)       10712M (87%)        1942M (16%)         208M (2%)        10732M (87%)         196M (2%)     
[2025-05-18T20:57:58.935+0300][5948][24712][info][gc,heap     ] GC(10)      Live:         -                11M (0%)           11M (0%)           11M (0%)             -                  -          
[2025-05-18T20:57:58.935+0300][5948][24712][info][gc,heap     ] GC(10) Allocated:         -               120M (1%)          150M (1%)          169M (1%)             -                  -          
[2025-05-18T20:57:58.935+0300][5948][24712][info][gc,heap     ] GC(10)   Garbage:         -             10580M (86%)        1780M (14%)          27M (0%)             -                  -          
[2025-05-18T20:57:58.935+0300][5948][24712][info][gc,heap     ] GC(10) Reclaimed:         -                  -              8800M (72%)       10553M (86%)            -                  -          
[2025-05-18T20:57:58.935+0300][5948][24712][info][gc          ] GC(10) Garbage Collection (Allocation Rate) 10592M(86%)->208M(2%)
[2025-05-18T20:58:00.848+0300][5948][13452][info][gc,stats    ] === Garbage Collection Statistics =======================================================================================================================
[2025-05-18T20:58:00.848+0300][5948][13452][info][gc,stats    ]                                                              Last 10s              Last 10m              Last 10h                Total
[2025-05-18T20:58:00.848+0300][5948][13452][info][gc,stats    ]                                                              Avg / Max             Avg / Max             Avg / Max             Avg / Max
[2025-05-18T20:58:00.848+0300][5948][13452][info][gc,stats    ]   Collector: Garbage Collection Cycle                    193.180 / 299.859     125.066 / 299.859     125.066 / 299.859     125.066 / 299.859     ms
[2025-05-18T20:58:00.848+0300][5948][13452][info][gc,stats    ]  Contention: Mark Segment Reset Contention                     0 / 0                 0 / 0                 0 / 0                 0 / 0           ops/s
[2025-05-18T20:58:00.848+0300][5948][13452][info][gc,stats    ]  Contention: Mark SeqNum Reset Contention                      0 / 0                 0 / 1                 0 / 1                 0 / 1           ops/s
[2025-05-18T20:58:00.848+0300][5948][13452][info][gc,stats    ]    Critical: Allocation Stall                                  0 / 0                 0 / 0                 0 / 0                 0 / 0           ops/s
[2025-05-18T20:58:00.848+0300][5948][13452][info][gc,stats    ]    Critical: Allocation Stall                              0.000 / 0.000         0.000 / 0.000         0.000 / 0.000         0.000 / 0.000       ms
[2025-05-18T20:58:00.848+0300][5948][13452][info][gc,stats    ]    Critical: GC Locker Stall                                   0 / 0                 0 / 0                 0 / 0                 0 / 0           ops/s
[2025-05-18T20:58:00.848+0300][5948][13452][info][gc,stats    ]    Critical: GC Locker Stall                               0.000 / 0.000         0.000 / 0.000         0.000 / 0.000         0.000 / 0.000       ms
[2025-05-18T20:58:00.848+0300][5948][13452][info][gc,stats    ]    Critical: Relocation Stall                                  0 / 0                 0 / 0                 0 / 0                 0 / 0           ops/s
[2025-05-18T20:58:00.848+0300][5948][13452][info][gc,stats    ]    Critical: Relocation Stall                              0.000 / 0.000         0.000 / 0.000         0.000 / 0.000         0.000 / 0.000       ms
[2025-05-18T20:58:00.848+0300][5948][13452][info][gc,stats    ]      Memory: Allocation Rate                                2069 / 2504           1907 / 4158           1907 / 4158           1907 / 4158        MB/s
[2025-05-18T20:58:00.848+0300][5948][13452][info][gc,stats    ]      Memory: Defragment                                        0 / 0                 0 / 0                 0 / 0                 0 / 0           ops/s
[2025-05-18T20:58:00.848+0300][5948][13452][info][gc,stats    ]      Memory: Out Of Memory                                     0 / 0                 0 / 0                 0 / 0                 0 / 0           ops/s
[2025-05-18T20:58:00.848+0300][5948][13452][info][gc,stats    ]      Memory: Page Cache Flush                                  0 / 0                 0 / 0                 0 / 0                 0 / 0           MB/s
[2025-05-18T20:58:00.848+0300][5948][13452][info][gc,stats    ]      Memory: Page Cache Hit L1                              1019 / 1252            813 / 1718            813 / 1718            813 / 1718        ops/s
[2025-05-18T20:58:00.848+0300][5948][13452][info][gc,stats    ]      Memory: Page Cache Hit L2                                 0 / 0                 0 / 0                 0 / 0                 0 / 0           ops/s
[2025-05-18T20:58:00.848+0300][5948][13452][info][gc,stats    ]      Memory: Page Cache Hit L3                                15 / 153             138 / 1320            138 / 1320            138 / 1320        ops/s
[2025-05-18T20:58:00.848+0300][5948][13452][info][gc,stats    ]      Memory: Page Cache Miss                                   0 / 0                 0 / 1                 0 / 1                 0 / 1           ops/s
[2025-05-18T20:58:00.848+0300][5948][13452][info][gc,stats    ]      Memory: Uncommit                                          0 / 0                 0 / 0                 0 / 0                 0 / 0           MB/s
[2025-05-18T20:58:00.848+0300][5948][13452][info][gc,stats    ]      Memory: Undo Object Allocation Failed                     0 / 0                 0 / 1                 0 / 1                 0 / 1           ops/s
[2025-05-18T20:58:00.848+0300][5948][13452][info][gc,stats    ]      Memory: Undo Object Allocation Succeeded                  3 / 21                4 / 53                4 / 53                4 / 53          ops/s
[2025-05-18T20:58:00.848+0300][5948][13452][info][gc,stats    ]      Memory: Undo Page Allocation                              0 / 1                 0 / 2                 0 / 2                 0 / 2           ops/s
[2025-05-18T20:58:00.848+0300][5948][13452][info][gc,stats    ]       Phase: Concurrent Mark                              86.477 / 110.070      68.966 / 188.151      68.966 / 188.151      68.966 / 188.151     ms
[2025-05-18T20:58:00.848+0300][5948][13452][info][gc,stats    ]       Phase: Concurrent Mark Continue                      0.000 / 0.000         0.000 / 0.000         0.000 / 0.000         0.000 / 0.000       ms
[2025-05-18T20:58:00.848+0300][5948][13452][info][gc,stats    ]       Phase: Concurrent Mark Free                          0.002 / 0.002         0.001 / 0.002         0.001 / 0.002         0.001 / 0.002       ms
[2025-05-18T20:58:00.848+0300][5948][13452][info][gc,stats    ]       Phase: Concurrent Process Non-Strong References     78.924 / 148.677      28.870 / 148.677      28.870 / 148.677      28.870 / 148.677     ms
[2025-05-18T20:58:00.848+0300][5948][13452][info][gc,stats    ]       Phase: Concurrent Relocate                           6.470 / 7.062         5.325 / 22.788        5.325 / 22.788        5.325 / 22.788      ms
[2025-05-18T20:58:00.848+0300][5948][13452][info][gc,stats    ]       Phase: Concurrent Reset Relocation Set               0.035 / 0.066         0.025 / 0.079         0.025 / 0.079         0.025 / 0.079       ms
[2025-05-18T20:58:00.848+0300][5948][13452][info][gc,stats    ]       Phase: Concurrent Select Relocation Set              7.925 / 10.227        7.334 / 29.264        7.334 / 29.264        7.334 / 29.264      ms
[2025-05-18T20:58:00.848+0300][5948][13452][info][gc,stats    ]       Phase: Pause Mark End                                0.035 / 0.039         0.028 / 0.062         0.028 / 0.062         0.028 / 0.062       ms
[2025-05-18T20:58:00.848+0300][5948][13452][info][gc,stats    ]       Phase: Pause Mark Start                              0.019 / 0.023         0.014 / 0.023         0.014 / 0.023         0.014 / 0.023       ms
[2025-05-18T20:58:00.848+0300][5948][13452][info][gc,stats    ]       Phase: Pause Relocate Start                          0.013 / 0.015         0.011 / 0.018         0.011 / 0.018         0.011 / 0.018       ms
[2025-05-18T20:58:00.848+0300][5948][13452][info][gc,stats    ]    Subphase: Concurrent Classes Purge                      0.306 / 0.430         0.335 / 1.371         0.335 / 1.371         0.335 / 1.371       ms
[2025-05-18T20:58:00.848+0300][5948][13452][info][gc,stats    ]    Subphase: Concurrent Classes Unlink                     6.487 / 6.995        10.814 / 80.216       10.814 / 80.216       10.814 / 80.216      ms
[2025-05-18T20:58:00.848+0300][5948][13452][info][gc,stats    ]    Subphase: Concurrent Mark                              84.891 / 108.433      55.871 / 187.349      55.871 / 187.349      55.871 / 187.349     ms
[2025-05-18T20:58:00.848+0300][5948][13452][info][gc,stats    ]    Subphase: Concurrent Mark Try Flush                    12.388 / 20.138        6.956 / 32.469        6.956 / 32.469        6.956 / 32.469      ms
[2025-05-18T20:58:00.848+0300][5948][13452][info][gc,stats    ]    Subphase: Concurrent Mark Try Terminate                 7.300 / 16.031        5.970 / 16.410        5.970 / 16.410        5.970 / 16.410      ms
[2025-05-18T20:58:00.848+0300][5948][13452][info][gc,stats    ]    Subphase: Concurrent References Enqueue                 0.009 / 0.009         0.005 / 0.009         0.005 / 0.009         0.005 / 0.009       ms
[2025-05-18T20:58:00.848+0300][5948][13452][info][gc,stats    ]    Subphase: Concurrent References Process                 0.808 / 0.867         0.423 / 0.867         0.423 / 0.867         0.423 / 0.867       ms
[2025-05-18T20:58:00.848+0300][5948][13452][info][gc,stats    ]    Subphase: Concurrent Roots ClassLoaderDataGraph         0.361 / 0.424         0.186 / 0.565         0.186 / 0.565         0.186 / 0.565       ms
[2025-05-18T20:58:00.848+0300][5948][13452][info][gc,stats    ]    Subphase: Concurrent Roots CodeCache                    0.000 / 0.000         0.000 / 0.000         0.000 / 0.000         0.000 / 0.000       ms
[2025-05-18T20:58:00.848+0300][5948][13452][info][gc,stats    ]    Subphase: Concurrent Roots JavaThreads                  0.914 / 0.962         1.494 / 9.331         1.494 / 9.331         1.494 / 9.331       ms
[2025-05-18T20:58:00.848+0300][5948][13452][info][gc,stats    ]    Subphase: Concurrent Roots OopStorageSet                0.093 / 0.114         0.073 / 0.426         0.073 / 0.426         0.073 / 0.426       ms
[2025-05-18T20:58:00.848+0300][5948][13452][info][gc,stats    ]    Subphase: Concurrent Weak Roots OopStorageSet           0.668 / 0.796         0.453 / 1.407         0.453 / 1.407         0.453 / 1.407       ms
[2025-05-18T20:58:00.848+0300][5948][13452][info][gc,stats    ]    Subphase: Pause Mark Try Complete                       0.000 / 0.000         0.016 / 0.017         0.016 / 0.017         0.016 / 0.017       ms
[2025-05-18T20:58:00.848+0300][5948][13452][info][gc,stats    ]      System: Java Threads                                     19 / 19               17 / 21               17 / 21               17 / 21          threads
[2025-05-18T20:58:00.848+0300][5948][13452][info][gc,stats    ] =========================================================================================================================================================
[2025-05-18T20:58:01.126+0300][5948][20580][info][gc,heap,exit] Heap
[2025-05-18T20:58:01.126+0300][5948][20580][info][gc,heap,exit]  ZHeap           used 3960M, capacity 12288M, max capacity 12288M
[2025-05-18T20:58:01.126+0300][5948][20580][info][gc,heap,exit]  Metaspace       used 8684K, committed 9600K, reserved 1114112K
[2025-05-18T20:58:01.126+0300][5948][20580][info][gc,heap,exit]   class space    used 873K, committed 1280K, reserved 1048576K
