[2025-05-18T20:47:21.152+0300][12664][13528][info][gc,init] Initializing The Z Garbage Collector
[2025-05-18T20:47:21.152+0300][12664][13528][info][gc,init] Version: 21.0.6+8-LTS-188 (release)
[2025-05-18T20:47:21.152+0300][12664][13528][info][gc,init] Using legacy single-generation mode
[2025-05-18T20:47:21.152+0300][12664][13528][info][gc,init] NUMA Support: Disabled
[2025-05-18T20:47:21.152+0300][12664][13528][info][gc,init] CPUs: 8 total, 8 available
[2025-05-18T20:47:21.153+0300][12664][13528][info][gc,init] Memory: 16183M
[2025-05-18T20:47:21.153+0300][12664][13528][info][gc,init] Large Page Support: Disabled
[2025-05-18T20:47:21.155+0300][12664][13528][info][gc,init] GC Workers: 2 (dynamic)
[2025-05-18T20:47:21.156+0300][12664][13528][info][gc,init] Address Space Type: Contiguous/Unrestricted/Complete
[2025-05-18T20:47:21.156+0300][12664][13528][info][gc,init] Address Space Size: 65536M x 3 = 196608M
[2025-05-18T20:47:21.156+0300][12664][13528][info][gc,init] Min Capacity: 4096M
[2025-05-18T20:47:21.156+0300][12664][13528][info][gc,init] Initial Capacity: 4096M
[2025-05-18T20:47:21.156+0300][12664][13528][info][gc,init] Max Capacity: 4096M
[2025-05-18T20:47:21.156+0300][12664][13528][info][gc,init] Medium Page Size: 32M
[2025-05-18T20:47:21.156+0300][12664][13528][info][gc,init] Pre-touch: Disabled
[2025-05-18T20:47:21.156+0300][12664][13528][info][gc,init] Uncommit: Implicitly Disabled (-Xms equals -Xmx)
[2025-05-18T20:47:21.279+0300][12664][13528][info][gc,init] Runtime Workers: 5
[2025-05-18T20:47:21.279+0300][12664][13528][info][gc     ] Using The Z Garbage Collector
[2025-05-18T20:47:21.303+0300][12664][13528][info][gc,metaspace] CDS archive(s) mapped at: [0x0000024a00000000-0x0000024a00c90000-0x0000024a00c90000), size 13172736, SharedBaseAddress: 0x0000024a00000000, ArchiveRelocationMode: 1.
[2025-05-18T20:47:21.303+0300][12664][13528][info][gc,metaspace] Compressed class space mapped at: 0x0000024a01000000-0x0000024a41000000, reserved size: 1073741824
[2025-05-18T20:47:21.303+0300][12664][13528][info][gc,metaspace] Narrow klass base: 0x0000024a00000000, Narrow klass shift: 0, Narrow klass range: 0x100000000
[2025-05-18T20:47:21.726+0300][12664][11912][info][gc,start    ] GC(0) Garbage Collection (System.gc())
[2025-05-18T20:47:21.726+0300][12664][11912][info][gc,task     ] GC(0) Using 2 workers
[2025-05-18T20:47:21.726+0300][12664][23504][info][gc,phases   ] GC(0) Pause Mark Start 0.006ms
[2025-05-18T20:47:21.746+0300][12664][11912][info][gc,phases   ] GC(0) Concurrent Mark 19.688ms
[2025-05-18T20:47:21.746+0300][12664][23504][info][gc,phases   ] GC(0) Pause Mark End 0.031ms
[2025-05-18T20:47:21.746+0300][12664][11912][info][gc,phases   ] GC(0) Concurrent Mark Free 0.001ms
[2025-05-18T20:47:21.747+0300][12664][11912][info][gc,phases   ] GC(0) Concurrent Process Non-Strong References 0.771ms
[2025-05-18T20:47:21.747+0300][12664][11912][info][gc,phases   ] GC(0) Concurrent Reset Relocation Set 0.000ms
[2025-05-18T20:47:21.750+0300][12664][11912][info][gc,phases   ] GC(0) Concurrent Select Relocation Set 3.274ms
[2025-05-18T20:47:21.750+0300][12664][23504][info][gc,phases   ] GC(0) Pause Relocate Start 0.006ms
[2025-05-18T20:47:21.752+0300][12664][11912][info][gc,phases   ] GC(0) Concurrent Relocate 2.080ms
[2025-05-18T20:47:21.752+0300][12664][11912][info][gc,load     ] GC(0) Load: 0.00/0.00/0.00
[2025-05-18T20:47:21.752+0300][12664][11912][info][gc,mmu      ] GC(0) MMU: 2ms/98.5%, 5ms/99.3%, 10ms/99.6%, 20ms/99.8%, 50ms/99.9%, 100ms/100.0%
[2025-05-18T20:47:21.752+0300][12664][11912][info][gc,marking  ] GC(0) Mark: 2 stripe(s), 1 proactive flush(es), 1 terminate flush(es), 0 completion(s), 0 continuation(s) 
[2025-05-18T20:47:21.752+0300][12664][11912][info][gc,marking  ] GC(0) Mark Stack Usage: 32M
[2025-05-18T20:47:21.752+0300][12664][11912][info][gc,nmethod  ] GC(0) NMethods: 722 registered, 80 unregistered
[2025-05-18T20:47:21.752+0300][12664][11912][info][gc,metaspace] GC(0) Metaspace: 2M used, 2M committed, 1088M reserved
[2025-05-18T20:47:21.752+0300][12664][11912][info][gc,ref      ] GC(0) Soft: 81 encountered, 0 discovered, 0 enqueued
[2025-05-18T20:47:21.752+0300][12664][11912][info][gc,ref      ] GC(0) Weak: 320 encountered, 114 discovered, 75 enqueued
[2025-05-18T20:47:21.752+0300][12664][11912][info][gc,ref      ] GC(0) Final: 3 encountered, 1 discovered, 0 enqueued
[2025-05-18T20:47:21.752+0300][12664][11912][info][gc,ref      ] GC(0) Phantom: 52 encountered, 49 discovered, 14 enqueued
[2025-05-18T20:47:21.752+0300][12664][11912][info][gc,reloc    ] GC(0) Small Pages: 28 / 56M, Empty: 0M, Relocated: 2M, In-Place: 0
[2025-05-18T20:47:21.752+0300][12664][11912][info][gc,reloc    ] GC(0) Medium Pages: 0 / 0M, Empty: 0M, Relocated: 0M, In-Place: 0
[2025-05-18T20:47:21.752+0300][12664][11912][info][gc,reloc    ] GC(0) Large Pages: 0 / 0M, Empty: 0M, Relocated: 0M, In-Place: 0
[2025-05-18T20:47:21.752+0300][12664][11912][info][gc,reloc    ] GC(0) Forwarding Usage: 0M
[2025-05-18T20:47:21.752+0300][12664][11912][info][gc,heap     ] GC(0) Min Capacity: 4096M(100%)
[2025-05-18T20:47:21.752+0300][12664][11912][info][gc,heap     ] GC(0) Max Capacity: 4096M(100%)
[2025-05-18T20:47:21.752+0300][12664][11912][info][gc,heap     ] GC(0) Soft Max Capacity: 4096M(100%)
[2025-05-18T20:47:21.752+0300][12664][11912][info][gc,heap     ] GC(0)                Mark Start          Mark End        Relocate Start      Relocate End           High               Low         
[2025-05-18T20:47:21.752+0300][12664][11912][info][gc,heap     ] GC(0)  Capacity:     4096M (100%)       4096M (100%)       4096M (100%)       4096M (100%)       4096M (100%)       4096M (100%)   
[2025-05-18T20:47:21.752+0300][12664][11912][info][gc,heap     ] GC(0)      Free:     4040M (99%)        4040M (99%)        4038M (99%)        4090M (100%)       4090M (100%)       4034M (98%)    
[2025-05-18T20:47:21.752+0300][12664][11912][info][gc,heap     ] GC(0)      Used:       56M (1%)           56M (1%)           58M (1%)            6M (0%)           62M (2%)            6M (0%)     
[2025-05-18T20:47:21.752+0300][12664][11912][info][gc,heap     ] GC(0)      Live:         -                 2M (0%)            2M (0%)            2M (0%)             -                  -          
[2025-05-18T20:47:21.752+0300][12664][11912][info][gc,heap     ] GC(0) Allocated:         -                 0M (0%)            2M (0%)            2M (0%)             -                  -          
[2025-05-18T20:47:21.752+0300][12664][11912][info][gc,heap     ] GC(0)   Garbage:         -                53M (1%)           53M (1%)            1M (0%)             -                  -          
[2025-05-18T20:47:21.752+0300][12664][11912][info][gc,heap     ] GC(0) Reclaimed:         -                  -                 0M (0%)           52M (1%)             -                  -          
[2025-05-18T20:47:21.752+0300][12664][11912][info][gc          ] GC(0) Garbage Collection (System.gc()) 56M(1%)->6M(0%)
[2025-05-18T20:47:29.478+0300][12664][11912][info][gc,start    ] GC(1) Garbage Collection (System.gc())
[2025-05-18T20:47:29.478+0300][12664][11912][info][gc,task     ] GC(1) Using 2 workers
[2025-05-18T20:47:29.478+0300][12664][23504][info][gc,phases   ] GC(1) Pause Mark Start 0.008ms
[2025-05-18T20:47:29.494+0300][12664][11912][info][gc,phases   ] GC(1) Concurrent Mark 16.060ms
[2025-05-18T20:47:29.494+0300][12664][23504][info][gc,phases   ] GC(1) Pause Mark End 0.016ms
[2025-05-18T20:47:29.494+0300][12664][11912][info][gc,phases   ] GC(1) Concurrent Mark Free 0.002ms
[2025-05-18T20:47:29.497+0300][12664][11912][info][gc,phases   ] GC(1) Concurrent Process Non-Strong References 2.562ms
[2025-05-18T20:47:29.497+0300][12664][11912][info][gc,phases   ] GC(1) Concurrent Reset Relocation Set 0.001ms
[2025-05-18T20:47:29.498+0300][12664][11912][info][gc,phases   ] GC(1) Concurrent Select Relocation Set 1.192ms
[2025-05-18T20:47:29.498+0300][12664][23504][info][gc,phases   ] GC(1) Pause Relocate Start 0.007ms
[2025-05-18T20:47:29.499+0300][12664][11912][info][gc,phases   ] GC(1) Concurrent Relocate 0.957ms
[2025-05-18T20:47:29.499+0300][12664][11912][info][gc,load     ] GC(1) Load: 0.00/0.00/0.00
[2025-05-18T20:47:29.499+0300][12664][11912][info][gc,mmu      ] GC(1) MMU: 2ms/98.5%, 5ms/99.3%, 10ms/99.6%, 20ms/99.8%, 50ms/99.9%, 100ms/100.0%
[2025-05-18T20:47:29.499+0300][12664][11912][info][gc,marking  ] GC(1) Mark: 2 stripe(s), 1 proactive flush(es), 1 terminate flush(es), 0 completion(s), 0 continuation(s) 
[2025-05-18T20:47:29.499+0300][12664][11912][info][gc,marking  ] GC(1) Mark Stack Usage: 32M
[2025-05-18T20:47:29.499+0300][12664][11912][info][gc,nmethod  ] GC(1) NMethods: 1480 registered, 397 unregistered
[2025-05-18T20:47:29.499+0300][12664][11912][info][gc,metaspace] GC(1) Metaspace: 5M used, 5M committed, 1088M reserved
[2025-05-18T20:47:29.499+0300][12664][11912][info][gc,ref      ] GC(1) Soft: 89 encountered, 0 discovered, 0 enqueued
[2025-05-18T20:47:29.499+0300][12664][11912][info][gc,ref      ] GC(1) Weak: 263 encountered, 77 discovered, 10 enqueued
[2025-05-18T20:47:29.499+0300][12664][11912][info][gc,ref      ] GC(1) Final: 3 encountered, 3 discovered, 0 enqueued
[2025-05-18T20:47:29.499+0300][12664][11912][info][gc,ref      ] GC(1) Phantom: 40 encountered, 37 discovered, 24 enqueued
[2025-05-18T20:47:29.499+0300][12664][11912][info][gc,reloc    ] GC(1) Small Pages: 60 / 120M, Empty: 86M, Relocated: 1M, In-Place: 0
[2025-05-18T20:47:29.499+0300][12664][11912][info][gc,reloc    ] GC(1) Medium Pages: 0 / 0M, Empty: 0M, Relocated: 0M, In-Place: 0
[2025-05-18T20:47:29.499+0300][12664][11912][info][gc,reloc    ] GC(1) Large Pages: 0 / 0M, Empty: 0M, Relocated: 0M, In-Place: 0
[2025-05-18T20:47:29.499+0300][12664][11912][info][gc,reloc    ] GC(1) Forwarding Usage: 0M
[2025-05-18T20:47:29.499+0300][12664][11912][info][gc,heap     ] GC(1) Min Capacity: 4096M(100%)
[2025-05-18T20:47:29.499+0300][12664][11912][info][gc,heap     ] GC(1) Max Capacity: 4096M(100%)
[2025-05-18T20:47:29.499+0300][12664][11912][info][gc,heap     ] GC(1) Soft Max Capacity: 4096M(100%)
[2025-05-18T20:47:29.499+0300][12664][11912][info][gc,heap     ] GC(1)                Mark Start          Mark End        Relocate Start      Relocate End           High               Low         
[2025-05-18T20:47:29.499+0300][12664][11912][info][gc,heap     ] GC(1)  Capacity:     4096M (100%)       4096M (100%)       4096M (100%)       4096M (100%)       4096M (100%)       4096M (100%)   
[2025-05-18T20:47:29.499+0300][12664][11912][info][gc,heap     ] GC(1)      Free:     3976M (97%)        3976M (97%)        4060M (99%)        4088M (100%)       4088M (100%)       3974M (97%)    
[2025-05-18T20:47:29.500+0300][12664][11912][info][gc,heap     ] GC(1)      Used:      120M (3%)          120M (3%)           36M (1%)            8M (0%)          122M (3%)            8M (0%)     
[2025-05-18T20:47:29.500+0300][12664][11912][info][gc,heap     ] GC(1)      Live:         -                 3M (0%)            3M (0%)            3M (0%)             -                  -          
[2025-05-18T20:47:29.500+0300][12664][11912][info][gc,heap     ] GC(1) Allocated:         -                 0M (0%)            2M (0%)            2M (0%)             -                  -          
[2025-05-18T20:47:29.500+0300][12664][11912][info][gc,heap     ] GC(1)   Garbage:         -               116M (3%)           30M (1%)            2M (0%)             -                  -          
[2025-05-18T20:47:29.500+0300][12664][11912][info][gc,heap     ] GC(1) Reclaimed:         -                  -                86M (2%)          114M (3%)             -                  -          
[2025-05-18T20:47:29.500+0300][12664][11912][info][gc          ] GC(1) Garbage Collection (System.gc()) 120M(3%)->8M(0%)
[2025-05-18T20:47:31.334+0300][12664][22380][info][gc,stats    ] === Garbage Collection Statistics =======================================================================================================================
[2025-05-18T20:47:31.334+0300][12664][22380][info][gc,stats    ]                                                              Last 10s              Last 10m              Last 10h                Total
[2025-05-18T20:47:31.334+0300][12664][22380][info][gc,stats    ]                                                              Avg / Max             Avg / Max             Avg / Max             Avg / Max
[2025-05-18T20:47:31.334+0300][12664][22380][info][gc,stats    ]   Collector: Garbage Collection Cycle                     23.962 / 26.424       23.962 / 26.424       23.962 / 26.424       23.962 / 26.424      ms
[2025-05-18T20:47:31.334+0300][12664][22380][info][gc,stats    ]  Contention: Mark Segment Reset Contention                     0 / 0                 0 / 0                 0 / 0                 0 / 0           ops/s
[2025-05-18T20:47:31.334+0300][12664][22380][info][gc,stats    ]  Contention: Mark SeqNum Reset Contention                      0 / 0                 0 / 0                 0 / 0                 0 / 0           ops/s
[2025-05-18T20:47:31.334+0300][12664][22380][info][gc,stats    ]    Critical: Allocation Stall                                  0 / 0                 0 / 0                 0 / 0                 0 / 0           ops/s
[2025-05-18T20:47:31.334+0300][12664][22380][info][gc,stats    ]    Critical: Allocation Stall                              0.000 / 0.000         0.000 / 0.000         0.000 / 0.000         0.000 / 0.000       ms
[2025-05-18T20:47:31.334+0300][12664][22380][info][gc,stats    ]    Critical: GC Locker Stall                                   0 / 0                 0 / 0                 0 / 0                 0 / 0           ops/s
[2025-05-18T20:47:31.334+0300][12664][22380][info][gc,stats    ]    Critical: GC Locker Stall                               0.000 / 0.000         0.000 / 0.000         0.000 / 0.000         0.000 / 0.000       ms
[2025-05-18T20:47:31.334+0300][12664][22380][info][gc,stats    ]    Critical: Relocation Stall                                  0 / 0                 0 / 0                 0 / 0                 0 / 0           ops/s
[2025-05-18T20:47:31.334+0300][12664][22380][info][gc,stats    ]    Critical: Relocation Stall                              0.000 / 0.000         0.000 / 0.000         0.000 / 0.000         0.000 / 0.000       ms
[2025-05-18T20:47:31.334+0300][12664][22380][info][gc,stats    ]      Memory: Allocation Rate                                  20 / 72               20 / 72               20 / 72               20 / 72          MB/s
[2025-05-18T20:47:31.334+0300][12664][22380][info][gc,stats    ]      Memory: Defragment                                        0 / 0                 0 / 0                 0 / 0                 0 / 0           ops/s
[2025-05-18T20:47:31.334+0300][12664][22380][info][gc,stats    ]      Memory: Out Of Memory                                     0 / 0                 0 / 0                 0 / 0                 0 / 0           ops/s
[2025-05-18T20:47:31.334+0300][12664][22380][info][gc,stats    ]      Memory: Page Cache Flush                                  0 / 0                 0 / 0                 0 / 0                 0 / 0           MB/s
[2025-05-18T20:47:31.334+0300][12664][22380][info][gc,stats    ]      Memory: Page Cache Hit L1                                 4 / 11                4 / 11                4 / 11                4 / 11          ops/s
[2025-05-18T20:47:31.334+0300][12664][22380][info][gc,stats    ]      Memory: Page Cache Hit L2                                 0 / 0                 0 / 0                 0 / 0                 0 / 0           ops/s
[2025-05-18T20:47:31.334+0300][12664][22380][info][gc,stats    ]      Memory: Page Cache Hit L3                                 6 / 31                6 / 31                6 / 31                6 / 31          ops/s
[2025-05-18T20:47:31.334+0300][12664][22380][info][gc,stats    ]      Memory: Page Cache Miss                                   0 / 1                 0 / 1                 0 / 1                 0 / 1           ops/s
[2025-05-18T20:47:31.334+0300][12664][22380][info][gc,stats    ]      Memory: Uncommit                                          0 / 0                 0 / 0                 0 / 0                 0 / 0           MB/s
[2025-05-18T20:47:31.334+0300][12664][22380][info][gc,stats    ]      Memory: Undo Object Allocation Failed                     0 / 0                 0 / 0                 0 / 0                 0 / 0           ops/s
[2025-05-18T20:47:31.334+0300][12664][22380][info][gc,stats    ]      Memory: Undo Object Allocation Succeeded                  0 / 0                 0 / 0                 0 / 0                 0 / 0           ops/s
[2025-05-18T20:47:31.334+0300][12664][22380][info][gc,stats    ]      Memory: Undo Page Allocation                              0 / 0                 0 / 0                 0 / 0                 0 / 0           ops/s
[2025-05-18T20:47:31.334+0300][12664][22380][info][gc,stats    ]       Phase: Concurrent Mark                              17.874 / 19.688       17.874 / 19.688       17.874 / 19.688       17.874 / 19.688      ms
[2025-05-18T20:47:31.334+0300][12664][22380][info][gc,stats    ]       Phase: Concurrent Mark Continue                      0.000 / 0.000         0.000 / 0.000         0.000 / 0.000         0.000 / 0.000       ms
[2025-05-18T20:47:31.334+0300][12664][22380][info][gc,stats    ]       Phase: Concurrent Mark Free                          0.002 / 0.002         0.002 / 0.002         0.002 / 0.002         0.002 / 0.002       ms
[2025-05-18T20:47:31.334+0300][12664][22380][info][gc,stats    ]       Phase: Concurrent Process Non-Strong References      1.666 / 2.562         1.666 / 2.562         1.666 / 2.562         1.666 / 2.562       ms
[2025-05-18T20:47:31.334+0300][12664][22380][info][gc,stats    ]       Phase: Concurrent Relocate                           1.518 / 2.080         1.518 / 2.080         1.518 / 2.080         1.518 / 2.080       ms
[2025-05-18T20:47:31.334+0300][12664][22380][info][gc,stats    ]       Phase: Concurrent Reset Relocation Set               0.001 / 0.001         0.001 / 0.001         0.001 / 0.001         0.001 / 0.001       ms
[2025-05-18T20:47:31.334+0300][12664][22380][info][gc,stats    ]       Phase: Concurrent Select Relocation Set              2.233 / 3.274         2.233 / 3.274         2.233 / 3.274         2.233 / 3.274       ms
[2025-05-18T20:47:31.334+0300][12664][22380][info][gc,stats    ]       Phase: Pause Mark End                                0.023 / 0.031         0.023 / 0.031         0.023 / 0.031         0.023 / 0.031       ms
[2025-05-18T20:47:31.334+0300][12664][22380][info][gc,stats    ]       Phase: Pause Mark Start                              0.007 / 0.008         0.007 / 0.008         0.007 / 0.008         0.007 / 0.008       ms
[2025-05-18T20:47:31.334+0300][12664][22380][info][gc,stats    ]       Phase: Pause Relocate Start                          0.006 / 0.007         0.006 / 0.007         0.006 / 0.007         0.006 / 0.007       ms
[2025-05-18T20:47:31.334+0300][12664][22380][info][gc,stats    ]    Subphase: Concurrent Classes Purge                      0.213 / 0.326         0.213 / 0.326         0.213 / 0.326         0.213 / 0.326       ms
[2025-05-18T20:47:31.334+0300][12664][22380][info][gc,stats    ]    Subphase: Concurrent Classes Unlink                     1.065 / 1.687         1.065 / 1.687         1.065 / 1.687         1.065 / 1.687       ms
[2025-05-18T20:47:31.334+0300][12664][22380][info][gc,stats    ]    Subphase: Concurrent Mark                              11.257 / 19.357       11.257 / 19.357       11.257 / 19.357       11.257 / 19.357      ms
[2025-05-18T20:47:31.334+0300][12664][22380][info][gc,stats    ]    Subphase: Concurrent Mark Try Flush                     0.060 / 0.090         0.060 / 0.090         0.060 / 0.090         0.060 / 0.090       ms
[2025-05-18T20:47:31.334+0300][12664][22380][info][gc,stats    ]    Subphase: Concurrent Mark Try Terminate                 3.875 / 15.456        3.875 / 15.456        3.875 / 15.456        3.875 / 15.456      ms
[2025-05-18T20:47:31.334+0300][12664][22380][info][gc,stats    ]    Subphase: Concurrent References Enqueue                 0.004 / 0.004         0.004 / 0.004         0.004 / 0.004         0.004 / 0.004       ms
[2025-05-18T20:47:31.334+0300][12664][22380][info][gc,stats    ]    Subphase: Concurrent References Process                 0.078 / 0.100         0.078 / 0.100         0.078 / 0.100         0.078 / 0.100       ms
[2025-05-18T20:47:31.334+0300][12664][22380][info][gc,stats    ]    Subphase: Concurrent Roots ClassLoaderDataGraph         0.086 / 0.252         0.086 / 0.252         0.086 / 0.252         0.086 / 0.252       ms
[2025-05-18T20:47:31.334+0300][12664][22380][info][gc,stats    ]    Subphase: Concurrent Roots CodeCache                    0.000 / 0.000         0.000 / 0.000         0.000 / 0.000         0.000 / 0.000       ms
[2025-05-18T20:47:31.334+0300][12664][22380][info][gc,stats    ]    Subphase: Concurrent Roots JavaThreads                  0.185 / 0.373         0.185 / 0.373         0.185 / 0.373         0.185 / 0.373       ms
[2025-05-18T20:47:31.334+0300][12664][22380][info][gc,stats    ]    Subphase: Concurrent Roots OopStorageSet                0.016 / 0.034         0.016 / 0.034         0.016 / 0.034         0.016 / 0.034       ms
[2025-05-18T20:47:31.334+0300][12664][22380][info][gc,stats    ]    Subphase: Concurrent Weak Roots OopStorageSet           0.174 / 0.302         0.174 / 0.302         0.174 / 0.302         0.174 / 0.302       ms
[2025-05-18T20:47:31.334+0300][12664][22380][info][gc,stats    ]    Subphase: Pause Mark Try Complete                       0.000 / 0.000         0.000 / 0.000         0.000 / 0.000         0.000 / 0.000       ms
[2025-05-18T20:47:31.334+0300][12664][22380][info][gc,stats    ]      System: Java Threads                                     11 / 12               11 / 12               11 / 12               11 / 12          threads
[2025-05-18T20:47:31.334+0300][12664][22380][info][gc,stats    ] =========================================================================================================================================================
[2025-05-18T20:47:36.512+0300][12664][11912][info][gc,start    ] GC(2) Garbage Collection (System.gc())
[2025-05-18T20:47:36.512+0300][12664][11912][info][gc,task     ] GC(2) Using 2 workers
[2025-05-18T20:47:36.512+0300][12664][23504][info][gc,phases   ] GC(2) Pause Mark Start 0.006ms
[2025-05-18T20:47:36.530+0300][12664][11912][info][gc,phases   ] GC(2) Concurrent Mark 17.245ms
[2025-05-18T20:47:36.530+0300][12664][23504][info][gc,phases   ] GC(2) Pause Mark End 0.020ms
[2025-05-18T20:47:36.530+0300][12664][11912][info][gc,phases   ] GC(2) Concurrent Mark Free 0.001ms
[2025-05-18T20:47:36.531+0300][12664][11912][info][gc,phases   ] GC(2) Concurrent Process Non-Strong References 1.276ms
[2025-05-18T20:47:36.531+0300][12664][11912][info][gc,phases   ] GC(2) Concurrent Reset Relocation Set 0.001ms
[2025-05-18T20:47:36.532+0300][12664][11912][info][gc,phases   ] GC(2) Concurrent Select Relocation Set 1.012ms
[2025-05-18T20:47:36.532+0300][12664][23504][info][gc,phases   ] GC(2) Pause Relocate Start 0.005ms
[2025-05-18T20:47:36.533+0300][12664][11912][info][gc,phases   ] GC(2) Concurrent Relocate 0.627ms
[2025-05-18T20:47:36.533+0300][12664][11912][info][gc,load     ] GC(2) Load: 0.00/0.00/0.00
[2025-05-18T20:47:36.533+0300][12664][11912][info][gc,mmu      ] GC(2) MMU: 2ms/98.5%, 5ms/99.3%, 10ms/99.6%, 20ms/99.8%, 50ms/99.9%, 100ms/100.0%
[2025-05-18T20:47:36.533+0300][12664][11912][info][gc,marking  ] GC(2) Mark: 2 stripe(s), 1 proactive flush(es), 1 terminate flush(es), 0 completion(s), 0 continuation(s) 
[2025-05-18T20:47:36.533+0300][12664][11912][info][gc,marking  ] GC(2) Mark Stack Usage: 32M
[2025-05-18T20:47:36.533+0300][12664][11912][info][gc,nmethod  ] GC(2) NMethods: 1561 registered, 447 unregistered
[2025-05-18T20:47:36.533+0300][12664][11912][info][gc,metaspace] GC(2) Metaspace: 5M used, 5M committed, 1088M reserved
[2025-05-18T20:47:36.533+0300][12664][11912][info][gc,ref      ] GC(2) Soft: 89 encountered, 0 discovered, 0 enqueued
[2025-05-18T20:47:36.533+0300][12664][11912][info][gc,ref      ] GC(2) Weak: 253 encountered, 72 discovered, 0 enqueued
[2025-05-18T20:47:36.533+0300][12664][11912][info][gc,ref      ] GC(2) Final: 3 encountered, 3 discovered, 0 enqueued
[2025-05-18T20:47:36.533+0300][12664][11912][info][gc,ref      ] GC(2) Phantom: 16 encountered, 11 discovered, 2 enqueued
[2025-05-18T20:47:36.533+0300][12664][11912][info][gc,reloc    ] GC(2) Small Pages: 58 / 116M, Empty: 100M, Relocated: 1M, In-Place: 0
[2025-05-18T20:47:36.533+0300][12664][11912][info][gc,reloc    ] GC(2) Medium Pages: 0 / 0M, Empty: 0M, Relocated: 0M, In-Place: 0
[2025-05-18T20:47:36.533+0300][12664][11912][info][gc,reloc    ] GC(2) Large Pages: 0 / 0M, Empty: 0M, Relocated: 0M, In-Place: 0
[2025-05-18T20:47:36.533+0300][12664][11912][info][gc,reloc    ] GC(2) Forwarding Usage: 0M
[2025-05-18T20:47:36.533+0300][12664][11912][info][gc,heap     ] GC(2) Min Capacity: 4096M(100%)
[2025-05-18T20:47:36.533+0300][12664][11912][info][gc,heap     ] GC(2) Max Capacity: 4096M(100%)
[2025-05-18T20:47:36.533+0300][12664][11912][info][gc,heap     ] GC(2) Soft Max Capacity: 4096M(100%)
[2025-05-18T20:47:36.533+0300][12664][11912][info][gc,heap     ] GC(2)                Mark Start          Mark End        Relocate Start      Relocate End           High               Low         
[2025-05-18T20:47:36.533+0300][12664][11912][info][gc,heap     ] GC(2)  Capacity:     4096M (100%)       4096M (100%)       4096M (100%)       4096M (100%)       4096M (100%)       4096M (100%)   
[2025-05-18T20:47:36.533+0300][12664][11912][info][gc,heap     ] GC(2)      Free:     3980M (97%)        3980M (97%)        4078M (100%)       4088M (100%)       4088M (100%)       3978M (97%)    
[2025-05-18T20:47:36.533+0300][12664][11912][info][gc,heap     ] GC(2)      Used:      116M (3%)          116M (3%)           18M (0%)            8M (0%)          118M (3%)            8M (0%)     
[2025-05-18T20:47:36.533+0300][12664][11912][info][gc,heap     ] GC(2)      Live:         -                 3M (0%)            3M (0%)            3M (0%)             -                  -          
[2025-05-18T20:47:36.533+0300][12664][11912][info][gc,heap     ] GC(2) Allocated:         -                 0M (0%)            2M (0%)            2M (0%)             -                  -          
[2025-05-18T20:47:36.533+0300][12664][11912][info][gc,heap     ] GC(2)   Garbage:         -               112M (3%)           12M (0%)            2M (0%)             -                  -          
[2025-05-18T20:47:36.533+0300][12664][11912][info][gc,heap     ] GC(2) Reclaimed:         -                  -               100M (2%)          110M (3%)             -                  -          
[2025-05-18T20:47:36.533+0300][12664][11912][info][gc          ] GC(2) Garbage Collection (System.gc()) 116M(3%)->8M(0%)
[2025-05-18T20:47:41.326+0300][12664][22380][info][gc,stats    ] === Garbage Collection Statistics =======================================================================================================================
[2025-05-18T20:47:41.326+0300][12664][22380][info][gc,stats    ]                                                              Last 10s              Last 10m              Last 10h                Total
[2025-05-18T20:47:41.326+0300][12664][22380][info][gc,stats    ]                                                              Avg / Max             Avg / Max             Avg / Max             Avg / Max
[2025-05-18T20:47:41.326+0300][12664][22380][info][gc,stats    ]   Collector: Garbage Collection Cycle                     20.649 / 20.649       22.857 / 26.424       22.857 / 26.424       22.857 / 26.424      ms
[2025-05-18T20:47:41.326+0300][12664][22380][info][gc,stats    ]  Contention: Mark Segment Reset Contention                     0 / 0                 0 / 0                 0 / 0                 0 / 0           ops/s
[2025-05-18T20:47:41.326+0300][12664][22380][info][gc,stats    ]  Contention: Mark SeqNum Reset Contention                      0 / 1                 0 / 1                 0 / 1                 0 / 1           ops/s
[2025-05-18T20:47:41.326+0300][12664][22380][info][gc,stats    ]    Critical: Allocation Stall                                  0 / 0                 0 / 0                 0 / 0                 0 / 0           ops/s
[2025-05-18T20:47:41.326+0300][12664][22380][info][gc,stats    ]    Critical: Allocation Stall                              0.000 / 0.000         0.000 / 0.000         0.000 / 0.000         0.000 / 0.000       ms
[2025-05-18T20:47:41.326+0300][12664][22380][info][gc,stats    ]    Critical: GC Locker Stall                                   0 / 0                 0 / 0                 0 / 0                 0 / 0           ops/s
[2025-05-18T20:47:41.326+0300][12664][22380][info][gc,stats    ]    Critical: GC Locker Stall                               0.000 / 0.000         0.000 / 0.000         0.000 / 0.000         0.000 / 0.000       ms
[2025-05-18T20:47:41.326+0300][12664][22380][info][gc,stats    ]    Critical: Relocation Stall                                  0 / 0                 0 / 0                 0 / 0                 0 / 0           ops/s
[2025-05-18T20:47:41.326+0300][12664][22380][info][gc,stats    ]    Critical: Relocation Stall                              0.000 / 0.000         0.000 / 0.000         0.000 / 0.000         0.000 / 0.000       ms
[2025-05-18T20:47:41.326+0300][12664][22380][info][gc,stats    ]      Memory: Allocation Rate                                  15 / 18               17 / 72               17 / 72               17 / 72          MB/s
[2025-05-18T20:47:41.326+0300][12664][22380][info][gc,stats    ]      Memory: Defragment                                        0 / 0                 0 / 0                 0 / 0                 0 / 0           ops/s
[2025-05-18T20:47:41.326+0300][12664][22380][info][gc,stats    ]      Memory: Out Of Memory                                     0 / 0                 0 / 0                 0 / 0                 0 / 0           ops/s
[2025-05-18T20:47:41.326+0300][12664][22380][info][gc,stats    ]      Memory: Page Cache Flush                                  0 / 0                 0 / 0                 0 / 0                 0 / 0           MB/s
[2025-05-18T20:47:41.326+0300][12664][22380][info][gc,stats    ]      Memory: Page Cache Hit L1                                 7 / 11                6 / 11                6 / 11                6 / 11          ops/s
[2025-05-18T20:47:41.326+0300][12664][22380][info][gc,stats    ]      Memory: Page Cache Hit L2                                 0 / 0                 0 / 0                 0 / 0                 0 / 0           ops/s
[2025-05-18T20:47:41.326+0300][12664][22380][info][gc,stats    ]      Memory: Page Cache Hit L3                                 0 / 0                 3 / 31                3 / 31                3 / 31          ops/s
[2025-05-18T20:47:41.326+0300][12664][22380][info][gc,stats    ]      Memory: Page Cache Miss                                   0 / 0                 0 / 1                 0 / 1                 0 / 1           ops/s
[2025-05-18T20:47:41.326+0300][12664][22380][info][gc,stats    ]      Memory: Uncommit                                          0 / 0                 0 / 0                 0 / 0                 0 / 0           MB/s
[2025-05-18T20:47:41.326+0300][12664][22380][info][gc,stats    ]      Memory: Undo Object Allocation Failed                     0 / 0                 0 / 0                 0 / 0                 0 / 0           ops/s
[2025-05-18T20:47:41.326+0300][12664][22380][info][gc,stats    ]      Memory: Undo Object Allocation Succeeded                  0 / 0                 0 / 0                 0 / 0                 0 / 0           ops/s
[2025-05-18T20:47:41.326+0300][12664][22380][info][gc,stats    ]      Memory: Undo Page Allocation                              0 / 0                 0 / 0                 0 / 0                 0 / 0           ops/s
[2025-05-18T20:47:41.326+0300][12664][22380][info][gc,stats    ]       Phase: Concurrent Mark                              17.245 / 17.245       17.665 / 19.688       17.665 / 19.688       17.665 / 19.688      ms
[2025-05-18T20:47:41.326+0300][12664][22380][info][gc,stats    ]       Phase: Concurrent Mark Continue                      0.000 / 0.000         0.000 / 0.000         0.000 / 0.000         0.000 / 0.000       ms
[2025-05-18T20:47:41.326+0300][12664][22380][info][gc,stats    ]       Phase: Concurrent Mark Free                          0.001 / 0.001         0.001 / 0.002         0.001 / 0.002         0.001 / 0.002       ms
[2025-05-18T20:47:41.326+0300][12664][22380][info][gc,stats    ]       Phase: Concurrent Process Non-Strong References      1.276 / 1.276         1.536 / 2.562         1.536 / 2.562         1.536 / 2.562       ms
[2025-05-18T20:47:41.326+0300][12664][22380][info][gc,stats    ]       Phase: Concurrent Relocate                           0.627 / 0.627         1.221 / 2.080         1.221 / 2.080         1.221 / 2.080       ms
[2025-05-18T20:47:41.326+0300][12664][22380][info][gc,stats    ]       Phase: Concurrent Reset Relocation Set               0.001 / 0.001         0.001 / 0.001         0.001 / 0.001         0.001 / 0.001       ms
[2025-05-18T20:47:41.326+0300][12664][22380][info][gc,stats    ]       Phase: Concurrent Select Relocation Set              1.012 / 1.012         1.826 / 3.274         1.826 / 3.274         1.826 / 3.274       ms
[2025-05-18T20:47:41.326+0300][12664][22380][info][gc,stats    ]       Phase: Pause Mark End                                0.020 / 0.020         0.022 / 0.031         0.022 / 0.031         0.022 / 0.031       ms
[2025-05-18T20:47:41.326+0300][12664][22380][info][gc,stats    ]       Phase: Pause Mark Start                              0.006 / 0.006         0.006 / 0.008         0.006 / 0.008         0.006 / 0.008       ms
[2025-05-18T20:47:41.326+0300][12664][22380][info][gc,stats    ]       Phase: Pause Relocate Start                          0.005 / 0.005         0.006 / 0.007         0.006 / 0.007         0.006 / 0.007       ms
[2025-05-18T20:47:41.326+0300][12664][22380][info][gc,stats    ]    Subphase: Concurrent Classes Purge                      0.090 / 0.090         0.172 / 0.326         0.172 / 0.326         0.172 / 0.326       ms
[2025-05-18T20:47:41.326+0300][12664][22380][info][gc,stats    ]    Subphase: Concurrent Classes Unlink                     0.889 / 0.889         1.006 / 1.687         1.006 / 1.687         1.006 / 1.687       ms
[2025-05-18T20:47:41.327+0300][12664][22380][info][gc,stats    ]    Subphase: Concurrent Mark                              10.843 / 16.940       11.119 / 19.357       11.119 / 19.357       11.119 / 19.357      ms
[2025-05-18T20:47:41.327+0300][12664][22380][info][gc,stats    ]    Subphase: Concurrent Mark Try Flush                     0.051 / 0.084         0.057 / 0.090         0.057 / 0.090         0.057 / 0.090       ms
[2025-05-18T20:47:41.327+0300][12664][22380][info][gc,stats    ]    Subphase: Concurrent Mark Try Terminate                 4.200 / 12.584        3.973 / 15.456        3.973 / 15.456        3.973 / 15.456      ms
[2025-05-18T20:47:41.327+0300][12664][22380][info][gc,stats    ]    Subphase: Concurrent References Enqueue                 0.004 / 0.004         0.004 / 0.004         0.004 / 0.004         0.004 / 0.004       ms
[2025-05-18T20:47:41.327+0300][12664][22380][info][gc,stats    ]    Subphase: Concurrent References Process                 0.043 / 0.043         0.066 / 0.100         0.066 / 0.100         0.066 / 0.100       ms
[2025-05-18T20:47:41.327+0300][12664][22380][info][gc,stats    ]    Subphase: Concurrent Roots ClassLoaderDataGraph         0.053 / 0.104         0.075 / 0.252         0.075 / 0.252         0.075 / 0.252       ms
[2025-05-18T20:47:41.327+0300][12664][22380][info][gc,stats    ]    Subphase: Concurrent Roots CodeCache                    0.000 / 0.000         0.000 / 0.000         0.000 / 0.000         0.000 / 0.000       ms
[2025-05-18T20:47:41.327+0300][12664][22380][info][gc,stats    ]    Subphase: Concurrent Roots JavaThreads                  0.150 / 0.173         0.174 / 0.373         0.174 / 0.373         0.174 / 0.373       ms
[2025-05-18T20:47:41.327+0300][12664][22380][info][gc,stats    ]    Subphase: Concurrent Roots OopStorageSet                0.009 / 0.012         0.014 / 0.034         0.014 / 0.034         0.014 / 0.034       ms
[2025-05-18T20:47:41.327+0300][12664][22380][info][gc,stats    ]    Subphase: Concurrent Weak Roots OopStorageSet           0.185 / 0.188         0.178 / 0.302         0.178 / 0.302         0.178 / 0.302       ms
[2025-05-18T20:47:41.327+0300][12664][22380][info][gc,stats    ]    Subphase: Pause Mark Try Complete                       0.000 / 0.000         0.000 / 0.000         0.000 / 0.000         0.000 / 0.000       ms
[2025-05-18T20:47:41.327+0300][12664][22380][info][gc,stats    ]      System: Java Threads                                     11 / 11               11 / 12               11 / 12               11 / 12          threads
[2025-05-18T20:47:41.327+0300][12664][22380][info][gc,stats    ] =========================================================================================================================================================
[2025-05-18T20:47:43.445+0300][12664][13528][info][gc,heap,exit] Heap
[2025-05-18T20:47:43.446+0300][12664][13528][info][gc,heap,exit]  ZHeap           used 120M, capacity 4096M, max capacity 4096M
[2025-05-18T20:47:43.446+0300][12664][13528][info][gc,heap,exit]  Metaspace       used 5481K, committed 5696K, reserved 1114112K
[2025-05-18T20:47:43.446+0300][12664][13528][info][gc,heap,exit]   class space    used 589K, committed 704K, reserved 1048576K
